08-03 15:29:35.368  1374  1374 W StatusBarWindowManager: Apply window Height MATCH_PARENT
08-03 15:29:35.370  1374  1374 I PanelBar: panelExpansionChanged 0.16666667, true
08-03 15:29:35.373   430  1907 I gralloc : alloc_device_alloc:564: Alloc handle(0x7eb44ba400): interfmt=1, stride=192, size=184320, usage=0x333
08-03 15:29:35.373   430   444 I gralloc : alloc_device_free:586: Free handle(0x7eb44ba400)
08-03 15:29:35.398   430  1262 I gralloc : alloc_device_free:586: Free handle(0x7eb4568200)
08-03 15:29:35.398   430  1262 I gralloc : alloc_device_free:586: Free handle(0x7eb9856600)
08-03 15:29:35.412  1374  1374 W NotificationContentView: getMinContentHeightHint::mContractedChild is null
08-03 15:29:35.412  1374  1374 W NotificationContentView: getMinContentHeightHint::mContractedChild is null
08-03 15:29:35.412  1374  1374 W NotificationContentView: getMinContentHeightHint::mContractedChild is null
08-03 15:29:35.412  1374  1374 W NotificationContentView: getMinContentHeightHint::mContractedChild is null
08-03 15:29:35.412  1374  1374 W NotificationContentView: getMinContentHeightHint::mContractedChild is null
08-03 15:29:35.412  1374  1374 W NotificationContentView: getMinContentHeightHint::mContractedChild is null
08-03 15:29:35.413  1374  1374 W NotificationContentView: getMinContentHeightHint::mContractedChild is null
08-03 15:29:35.413  1374  1374 W NotificationContentView: getMinContentHeightHint::mContractedChild is null
08-03 15:29:35.413  1374  1374 I PanelView: onDraw first called finish
08-03 15:29:35.429   430  5973 I gralloc : alloc_device_alloc:564: Alloc handle(0x7eb9856700): interfmt=200000001, stride=1088, size=8486912, usage=0xb00
08-03 15:29:35.437   430   444 I gralloc : alloc_device_alloc:564: Alloc handle(0x7eb9856a00): interfmt=200000001, stride=1088, size=8486912, usage=0xb00
08-03 15:29:35.442   430   430 I gralloc : alloc_device_free:586: Free handle(0x7eb9841400)
08-03 15:29:35.446  1374  1374 I PanelBar: panelExpansionChanged 0.16666667, true
08-03 15:29:35.446  1374  1374 I PanelBar: panelExpansionChanged 0.019373024, true
08-03 15:29:35.446  1374  1374 I PanelView: onTouchEvent MotionEvent { action=ACTION_UP, actionButton=0, id[0]=0, x[0]=997.8444, y[0]=57.68827, toolType[0]=TOOL_TYPE_UNKNOWN, buttonState=0, metaState=0, flags=0x0, edgeFlags=0x0, pointerCount=1, historySize=0, eventTime=7996999, downTime=7996966, deviceId=0, source=0x1002 }, mInstantExpanding=false, mTouchDisabled=false, mMotionAborted=false
08-03 15:29:35.446  1374  1374 I PanelBar: panelExpansionChanged 0.019373024, true
08-03 15:29:35.446  1374  1374 I PanelBar: panelExpansionChanged 0.019373024, true
08-03 15:29:35.448  1374  1374 I PanelBar: panelExpansionChanged 0.019373024, true
08-03 15:29:35.454   430  1262 I gralloc : alloc_device_alloc:564: Alloc handle(0x7eb9856c00): interfmt=200000001, stride=1088, size=8486912, usage=0xb00
08-03 15:29:35.460  1374  1374 I PanelBar: panelExpansionChanged 0.017672542, true
08-03 15:29:35.477  1374  1374 I PanelBar: panelExpansionChanged 0.013985388, true
08-03 15:29:35.494  1374  1374 I PanelBar: panelExpansionChanged 0.0090550585, true
08-03 15:29:35.510  1374  1374 I PanelBar: panelExpansionChanged 0.0031382442, true
08-03 15:29:35.527  1374  1374 W StatusBarWindowManager: Apply window Height MATCH_PARENT
08-03 15:29:35.528  1374  1374 I PanelBar: panelExpansionChanged 0.0, true
08-03 15:29:35.528  1374  1374 I PanelBar: panelExpansionChanged 0.0, false
08-03 15:29:35.530  1374  1411 I SendBroadcastPermission: action:com.android.systemui.statusbar.visible.change, mPermissionType:0
08-03 15:29:35.546  1374  1374 I PanelBar: panelExpansionChanged 0.0, false
08-03 15:29:35.547  1374  1374 I PanelBar: panelExpansionChanged 0.0, false
08-03 15:29:35.547  1374  1374 W StatusBarWindowManager: Apply window Height 72
08-03 15:29:35.547  1374  1374 W StatusBarWindowManager: Apply window Height 72
08-03 15:29:35.548 10446 19258 E HwIntelligent3_ActionBarPullDownAction: doAction not pull down return
08-03 15:29:35.587   430   445 I gralloc : alloc_device_free:586: Free handle(0x7eb9856700)
08-03 15:29:35.587   430   445 I gralloc : alloc_device_free:586: Free handle(0x7eb9856c00)
08-03 15:29:35.602  1374  1374 W NotificationContentView: getMinContentHeightHint::mContractedChild is null
08-03 15:29:35.602  1374  1374 W NotificationContentView: getMinContentHeightHint::mContractedChild is null
08-03 15:29:35.602  1374  1374 W NotificationContentView: getMinContentHeightHint::mContractedChild is null
08-03 15:29:35.602  1374  1374 W NotificationContentView: getMinContentHeightHint::mContractedChild is null
08-03 15:29:35.602  1374  1374 W NotificationContentView: getMinContentHeightHint::mContractedChild is null
08-03 15:29:35.602  1374  1374 W NotificationContentView: getMinContentHeightHint::mContractedChild is null
08-03 15:29:35.602  1374  1374 W NotificationContentView: getMinContentHeightHint::mContractedChild is null
08-03 15:29:35.602  1374  1374 W NotificationContentView: getMinContentHeightHint::mContractedChild is null
08-03 15:29:35.610   430  5973 I gralloc : alloc_device_alloc:564: Alloc handle(0x7eb44bae00): interfmt=1, stride=1088, size=315392, usage=0xb00
08-03 15:29:35.612   430   430 I gralloc : alloc_device_free:586: Free handle(0x7eb9856a00)
08-03 15:29:35.612   430  1262 I gralloc : alloc_device_alloc:564: Alloc handle(0x7eb44bad00): interfmt=1, stride=1088, size=315392, usage=0xb00
08-03 15:29:35.614   430   445 I gralloc : alloc_device_alloc:564: Alloc handle(0x7eb9856c00): interfmt=1, stride=1088, size=315392, usage=0xb00
08-03 15:29:35.881 13285 13285 I HwPointEventFilter: ACTION_DOWN has not handle
08-03 15:29:36.018  1374  1374 I NetworkSpeedManagerEx: mIsStop = false
08-03 15:29:36.019  1374  1374 I NetworkSpeedManagerEx:  value = 772.0
08-03 15:29:36.020  1374  1374 I NetworkSpeedManagerEx: speed = 772B/s
08-03 15:29:36.020  1374  1374 I NetworkSpeedView: /update(), speed=772B/s parent class:class com.android.systemui.statusbar.HwSystemIcons
08-03 15:29:36.058  1374  1374 I NetworkSpeedManagerEx: mIsStop = false
08-03 15:29:36.059  1374  1374 I NetworkSpeedManagerEx:  value = 772.0
08-03 15:29:36.060  1374  1374 I NetworkSpeedManagerEx: speed = 772B/s
08-03 15:29:36.060  1374  1374 I NetworkSpeedView: /update(), speed=772B/s parent class:class com.android.systemui.statusbar.HwSystemIcons
08-03 15:29:36.394  1535  1634 I ScenarioAction: new ScenarioAction sPoolSize: 0
08-03 15:29:36.396 13285 13285 I HwPointEventFilter: ACTION_DOWN has not handle
08-03 15:29:37.954 13285 13285 I HwPointEventFilter: ACTION_DOWN has not handle
08-03 15:29:37.966  1058  1237 I chatty  : uid=1000(system) WiFiArpStateMac expire 18 lines
08-03 15:29:39.021  1374  1374 I NetworkSpeedManagerEx: mIsStop = false
08-03 15:29:39.023  1374  1374 I NetworkSpeedManagerEx:  value = 420.33334
08-03 15:29:39.025  1374  1374 I NetworkSpeedManagerEx: speed = 420B/s
08-03 15:29:39.025  1374  1374 I NetworkSpeedView: /update(), speed=420B/s parent class:class com.android.systemui.statusbar.HwSystemIcons
08-03 15:29:39.061  1374  1374 I NetworkSpeedManagerEx: mIsStop = false
08-03 15:29:39.062  1374  1374 I NetworkSpeedManagerEx:  value = 420.33334
08-03 15:29:39.064  1374  1374 I NetworkSpeedManagerEx: speed = 420B/s
08-03 15:29:39.064  1374  1374 I NetworkSpeedView: /update(), speed=420B/s parent class:class com.android.systemui.statusbar.HwSystemIcons
08-03 15:29:39.318 13285 13384 I awcn.TnetSpdySession: |[seq:23302625.AWCN2_1] ping receive Host:https://acs4public.m.taobao.com id:9
08-03 15:29:39.559  2171  2261 I amsnl   : ar
08-03 15:29:39.560  2171  2261 I amsnl   : t:false, fl: false, p: 20000, ce: true, we: true
08-03 15:29:39.564  2171  2261 I amsnl   : m1: false
08-03 15:29:39.570  2171  2261 I amsnl   : m2: false, m3: false
08-03 15:29:39.570  2171  2261 I amsnl   : c: false, w: false, t: true, l: false
08-03 15:29:39.571  2171  2261 I amsnl   : crs
08-03 15:29:39.571  2171  2261 I amsnl   : wrs
08-03 15:29:39.579  1491  1728 W PhoneInterfaceManager: shouldBlockLocation running ...
08-03 15:29:39.580  1491  1728 I PhoneInterfaceManager: shouldBlockLocation  ret:false
08-03 15:29:39.581  1058  1196 I chatty  : uid=1000(system) WifiScanningSer expire 1 line
08-03 15:29:39.591  1491  8390 W PhoneInterfaceManager: shouldBlockLocation running ...
08-03 15:29:39.591  1491  8390 I PhoneInterfaceManager: shouldBlockLocation  ret:false
08-03 15:29:39.597  1491  8384 W PhoneInterfaceManager: shouldBlockLocation running ...
08-03 15:29:39.597  1491  8384 I PhoneInterfaceManager: shouldBlockLocation  ret:false
08-03 15:29:39.601  2171  2261 I amsnl   : csr
08-03 15:29:39.601  2171  2261 I amsnl   : t:false, fl: false, p: 20000, ce: true, we: true
08-03 15:29:39.603  2171  2261 I amsnl   : m1: false
08-03 15:29:39.606  2171  2261 I amsnl   : m2: false, m3: false
08-03 15:29:39.606  2171  2261 I amsnl   : c: false, w: false, t: false, l: false
08-03 15:29:40.631  1058  1058 I chatty  : uid=1000 system_server expire 30 lines
08-03 15:29:41.016 13285 13285 I HwPointEventFilter: ACTION_DOWN has not handle
08-03 15:29:41.032  1058  1186 I chatty  : uid=1000(system) WifiStateMachin expire 10 lines
08-03 15:29:41.707 13120 13138 I AppLogManager: PrintWoker poll timeout , shutdown
08-03 15:29:41.892  1058  1244 I chatty  : uid=1000(system) HwIntelligenceS expire 1 line
08-03 15:29:41.910  1058  1323 I chatty  : uid=1000(system) Binder:1058_5 expire 2 lines
08-03 15:29:41.911  1058  2489 I chatty  : uid=1000(system) Binder:1058_F expire 1 line
08-03 15:29:41.919  2171  2261 I amsnl   : wsr
08-03 15:29:41.923  2171  2261 I amsnl   : t:false, fl: false, p: 20000, ce: true, we: true
08-03 15:29:41.929  1058  1330 I chatty  : uid=1000(system) Binder:1058_6 expire 2 lines
08-03 15:29:41.931  2171  2261 I amsnl   : m1: false
08-03 15:29:41.933  2171  2261 I amsnl   : m2: false, m3: false
08-03 15:29:41.933  2171  2261 I amsnl   : rl
08-03 15:29:41.933  2171  2261 I amsnl   : c: false, w: true, t: false, l: false
08-03 15:29:41.934  2171  2261 I amsnl   : qg
08-03 15:29:41.938  1058  1803 I chatty  : uid=1000(system) Binder:1058_A expire 1 line
08-03 15:29:41.941  2171  2261 I amsc    : same acc
08-03 15:29:41.941  2171  2261 I amsc    : gt2
08-03 15:29:41.942  2171  2261 I amsc    : found: wx4gd2z, 1501743981255
08-03 15:29:41.948  1058  1804 I chatty  : uid=1000(system) Binder:1058_B expire 1 line
08-03 15:29:41.957  1058  1314 I chatty  : uid=1000(system) Binder:1058_4 expire 1 line
08-03 15:29:41.964  1058  1806 I chatty  : uid=1000(system) Binder:1058_C expire 1 line
08-03 15:29:41.964  1058  7416 I chatty  : uid=1000(system) Binder:1058_11 expire 1 line
08-03 15:29:41.983  2171  2261 I amsnlp  : isConnected, isIdle: false isIgnoreBatOpt: true
08-03 15:29:41.992  2171  2261 I amsnl   : aq
08-03 15:29:41.993  2171  2261 I amsglsc : aq
08-03 15:29:41.993  2171  2261 I amsmsm  : sbrqst
08-03 15:29:42.003  1374  1374 W KeyguardUpdateMonitor: ACTION_BATTERY_CHANGED AMP: 0; Volt: 0
08-03 15:29:42.003  1374  1374 W KeyguardUpdateMonitor: ChargingSpeed  Wattage: -1 ST: 5000000 --> 7500000
08-03 15:29:42.003  1374  1374 I KgBattery: BatteryInfo updated:  5lPC-1
08-03 15:29:42.003  1374  1374 W AppHandler: sendMessage with obj100
08-03 15:29:42.005 13120 13120 I CloudAlbum[5.3.0.303]: [CGCommonStatusReceiver] CGCommonStatusReceiver, action: android.intent.action.BATTERY_CHANGED
08-03 15:29:42.007  2171  2250 I amsmsm  : sdmrrst
08-03 15:29:42.007  1813  1813 I Ptm.AbnormalObserver: current battery level value: 100
08-03 15:29:42.008  1374  1374 W HwLockScreenPanel: refreshBatteryInfo: null
08-03 15:29:42.008  1374  1374 W HwLockScreenPanel: Handle message: 100
08-03 15:29:42.008  2171  2254 I amsshri : run
08-03 15:29:42.011 13120 17041 I CloudAlbum[5.3.0.303]: [ReceiverManager] ReceiverManager action: android.intent.action.BATTERY_CHANGED
08-03 15:29:42.011 13120 17041 E CloudAlbum[5.3.0.303]: [ReceiverManager] not log on ignore
08-03 15:29:42.015  1813  1813 W Ptm.AbnormalObserver: ljs, in checkIsAbnormalHot, Ap_temp = 32
08-03 15:29:42.025  1374  1374 I NetworkSpeedManagerEx: mIsStop = false
08-03 15:29:42.026  1374  1374 I NetworkSpeedManagerEx:  value = 679.0
08-03 15:29:42.027  1374  1374 I NetworkSpeedManagerEx: speed = 679B/s
08-03 15:29:42.028  1374  1374 I NetworkSpeedView: /update(), speed=679B/s parent class:class com.android.systemui.statusbar.HwSystemIcons
08-03 15:29:42.063  2171  2250 I amsmsm  : cmplt
08-03 15:29:42.064  2171  2250 I amsglsc : aql cmplt
08-03 15:29:42.064  2171  2261 I amsnl   : aqr
08-03 15:29:42.065  1374  1374 I NetworkSpeedManagerEx: mIsStop = false
08-03 15:29:42.066  1374  1374 I NetworkSpeedManagerEx:  value = 1066.6666
08-03 15:29:42.066  2171  2261 I amsc    : same acc
08-03 15:29:42.066  2171  2261 I amsc    : gt2
08-03 15:29:42.067  2171  2261 I amsc    : found: wx4gd2z, 1501743981255
08-03 15:29:42.067  2171  2261 I amsnl   : dist: 4
08-03 15:29:42.067  1374  1374 I NetworkSpeedManagerEx: speed = 1K/s
08-03 15:29:42.067  1374  1374 I NetworkSpeedView: /update(), speed=1K/s parent class:class com.android.systemui.statusbar.HwSystemIcons
08-03 15:29:42.077  2171  2261 I amsnl   : t:true, fl: false, p: 20000, ce: true, we: true
08-03 15:29:42.079  2171  2261 I amsnl   : m1: false
08-03 15:29:42.080  2171  2261 I amsnl   : m2: false, m3: false
08-03 15:29:42.081  2171  2261 I amsnl   : rl
08-03 15:29:42.081  2171  2261 I amsnl   : c: false, w: true, t: false, l: true
08-03 15:29:42.081  2171  2261 I amsst   : report
08-03 15:29:42.082  2171  2261 I amsl    : now: 11038274 lastReportTime: 11015727 periodSecs: 20
08-03 15:29:42.082  2171  2261 I amsmgrnlp: [V1.9.2.3-1-2-l4a1g0p4f4v0ofalse(r)]org-n size:1 key:amsnlp
08-03 15:29:42.082  2171  2171 I amsnlp  : REPORT-LOCATION
08-03 15:29:42.082  2171  2261 I amsst   : period: 20 enabled: true
08-03 15:29:42.084  1058  1488 I chatty  : uid=1000(system) LocationThread expire 2 lines
08-03 15:29:42.592  1058  1172 I chatty  : uid=1000(system) InputDispatcher expire 1 line
08-03 15:29:44.431  1058  1247 I chatty  : uid=1000(system) HuaweiWifiWatch expire 12 lines
08-03 15:29:44.431  1058  1245 I chatty  : uid=1000(system) Thread-11 expire 12 lines
08-03 15:29:44.434  1058  3170 I chatty  : uid=1000(system) MobileQosDetect expire 5 lines
08-03 15:29:45.030  1374  1374 I NetworkSpeedManagerEx: mIsStop = false
08-03 15:29:45.032  1374  1374 I NetworkSpeedManagerEx:  value = 3230.0
08-03 15:29:45.034  1374  1374 I NetworkSpeedManagerEx: speed = 3.2K/s
08-03 15:29:45.034  1374  1374 I NetworkSpeedView: /update(), speed=3.2K/s parent class:class com.android.systemui.statusbar.HwSystemIcons
08-03 15:29:45.067  1374  1374 I NetworkSpeedManagerEx: mIsStop = false
08-03 15:29:45.069  1374  1374 I NetworkSpeedManagerEx:  value = 2842.3333
08-03 15:29:45.071  1374  1374 I NetworkSpeedManagerEx: speed = 2.8K/s
08-03 15:29:45.071  1374  1374 I NetworkSpeedView: /update(), speed=2.8K/s parent class:class com.android.systemui.statusbar.HwSystemIcons
08-03 15:29:46.191 13285 13285 I HwPointEventFilter: ACTION_DOWN has not handle
08-03 15:29:47.766 13285 13285 I HwPointEventFilter: ACTION_DOWN has not handle
08-03 15:29:48.035  1374  1374 I NetworkSpeedManagerEx: mIsStop = false
08-03 15:29:48.037  1374  1374 I NetworkSpeedManagerEx:  value = 773.6667
08-03 15:29:48.038  1374  1374 I NetworkSpeedManagerEx: speed = 774B/s
08-03 15:29:48.038  1374  1374 I NetworkSpeedView: /update(), speed=774B/s parent class:class com.android.systemui.statusbar.HwSystemIcons
08-03 15:29:48.071  1374  1374 I NetworkSpeedManagerEx: mIsStop = false
08-03 15:29:48.072  1374  1374 I NetworkSpeedManagerEx:  value = 773.6667
08-03 15:29:48.073  1374  1374 I NetworkSpeedManagerEx: speed = 774B/s
08-03 15:29:48.073  1374  1374 I NetworkSpeedView: /update(), speed=774B/s parent class:class com.android.systemui.statusbar.HwSystemIcons
08-03 15:29:49.817  1374  1413 I EventCenter: ContentChange for slot: 1
08-03 15:29:49.824  1374  1413 I EventCenter: ContentChange for slot: 1
08-03 15:29:49.843 17347 17347 I art     : System.exit called, status: 0
08-03 15:29:49.844 17347 17347 I AndroidRuntime: VM exiting with result code 0.
08-03 15:29:51.040  1374  1374 I NetworkSpeedManagerEx: mIsStop = false
08-03 15:29:51.043  1374  1374 I NetworkSpeedManagerEx:  value = 388.66666
08-03 15:29:51.046  1374  1374 I NetworkSpeedManagerEx: speed = 389B/s
08-03 15:29:51.047  1374  1374 I NetworkSpeedView: /update(), speed=389B/s parent class:class com.android.systemui.statusbar.HwSystemIcons
08-03 15:29:51.075  1374  1374 I NetworkSpeedManagerEx: mIsStop = false
08-03 15:29:51.079  1374  1374 I NetworkSpeedManagerEx:  value = 388.66666
08-03 15:29:51.082  1374  1374 I NetworkSpeedManagerEx: speed = 389B/s
08-03 15:29:51.082  1374  1374 I NetworkSpeedView: /update(), speed=389B/s parent class:class com.android.systemui.statusbar.HwSystemIcons
08-03 15:29:51.941   568   568 E Thermal-daemon: [flash_led] temp_new :31  temp_old :32
08-03 15:29:51.942   568   568 E Thermal-daemon: Report temperature: [flash_led] temp :31  report_threshold:1
08-03 15:29:51.942   568   568 E Thermal-daemon: [ap] temp_new :31  temp_old :32
08-03 15:29:51.942   568   568 E Thermal-daemon: Report temperature: [ap] temp :31  report_threshold:1
08-03 15:29:52.446  1058  1058 I chatty  : uid=1000 system_server expire 27 lines
08-03 15:29:53.030  1058  1237 I chatty  : uid=1000(system) WiFiArpStateMac expire 9 lines
08-03 15:29:53.476   576   610 I WVCdm   : CdmEngine::OpenSession
08-03 15:29:53.476   576   610 I WVCdm   : Level3 Library 4445 Mar 30 2016 13:23:54
08-03 15:29:53.480   576   610 W WVCdm   : Could not load liboemcrypto.so. Falling back to L3.  dlopen failed: library "liboemcrypto.so" not found
08-03 15:29:53.484   576   610 I WVCdm   : CdmEngine::QueryKeyControlInfo
08-03 15:29:53.486   576  6524 I WVCdm   : CdmEngine::GenerateKeyRequest
08-03 15:29:53.595   576   610 I WVCdm   : CdmEngine::CloseSession
08-03 15:29:53.931   430   430 I gralloc : alloc_device_free:586: Free handle(0x7eb9856f00)
08-03 15:29:54.048  1374  1374 I NetworkSpeedManagerEx: mIsStop = false
08-03 15:29:54.051  1374  1374 I NetworkSpeedManagerEx:  value = 475.0
08-03 15:29:54.054  1374  1374 I NetworkSpeedManagerEx: speed = 475B/s
08-03 15:29:54.054  1374  1374 I NetworkSpeedView: /update(), speed=475B/s parent class:class com.android.systemui.statusbar.HwSystemIcons
08-03 15:29:54.083  1374  1374 I NetworkSpeedManagerEx: mIsStop = false
08-03 15:29:54.086  1374  1374 I NetworkSpeedManagerEx:  value = 475.0
08-03 15:29:54.089  1374  1374 I NetworkSpeedManagerEx: speed = 475B/s
08-03 15:29:54.089  1374  1374 I NetworkSpeedView: /update(), speed=475B/s parent class:class com.android.systemui.statusbar.HwSystemIcons
08-03 15:29:57.056  1374  1374 I NetworkSpeedManagerEx: mIsStop = false
08-03 15:29:57.059  1374  1374 I NetworkSpeedManagerEx:  value = 184.66667
08-03 15:29:57.062  1374  1374 I NetworkSpeedManagerEx: speed = 185B/s
08-03 15:29:57.062  1374  1374 I NetworkSpeedView: /update(), speed=185B/s parent class:class com.android.systemui.statusbar.HwSystemIcons
08-03 15:29:57.091  1374  1374 I NetworkSpeedManagerEx: mIsStop = false
08-03 15:29:57.097  1374  1374 I NetworkSpeedManagerEx:  value = 184.66667
08-03 15:29:57.102  1374  1374 I NetworkSpeedManagerEx: speed = 185B/s
08-03 15:29:57.103  1374  1374 I NetworkSpeedView: /update(), speed=185B/s parent class:class com.android.systemui.statusbar.HwSystemIcons
08-03 15:30:00.031  1374  1374 I EventCenter: EventCenter Get :android.intent.action.TIME_TICK
08-03 15:30:00.047  1374  1374 W ResourceType: Failure getting entry for 0xffffffff (t=254 e=65535) (error -2147483647)
08-03 15:30:00.047  1374  1374 E DateLunarView: mDateString is: 8月3日星期四
08-03 15:30:00.048  1374  1374 W ResourceType: Failure getting entry for 0xffffffff (t=254 e=65535) (error -2147483647)
08-03 15:30:00.048  1374  1374 E DateLunarView: mDateString is: 8月3日星期四
08-03 15:30:00.060  2201  2201 I HwLauncher: Model  onReceive intent=Intent { act=android.intent.action.TIME_TICK flg=0x50000014 (has extras) }
08-03 15:30:00.060  2201  2201 I HwLauncher: Model  onReceive user=UserHandle{0}
08-03 15:30:00.062  1374  1374 I NetworkSpeedManagerEx: mIsStop = false
08-03 15:30:00.064  1374  1374 I NetworkSpeedManagerEx:  value = 876.3333
08-03 15:30:00.067  1374  1374 I NetworkSpeedManagerEx: speed = 876B/s
08-03 15:30:00.067  1374  1374 I NetworkSpeedView: /update(), speed=876B/s parent class:class com.android.systemui.statusbar.HwSystemIcons
08-03 15:30:00.072  2201  2201 I TotemWeather: WeatherDataObserver info:receive action = #Intent;action=android.intent.action.TIME_TICK;launchFlags=0x50000014;i.android.intent.extra.ALARM_COUNT=1;end
08-03 15:30:00.104  1374  1374 I NetworkSpeedManagerEx: mIsStop = false
08-03 15:30:00.105  1374  1374 I NetworkSpeedManagerEx:  value = 876.3333
08-03 15:30:00.107  1374  1374 I NetworkSpeedManagerEx: speed = 876B/s
08-03 15:30:00.107  1374  1374 I NetworkSpeedView: /update(), speed=876B/s parent class:class com.android.systemui.statusbar.HwSystemIcons
08-03 15:30:00.128  2201  2201 I TotemWeather: DateTimeView info:,Time =3:30,[:] timezone=中国标准时间
08-03 15:30:00.136  2201  2201 I TotemWeather: DateTimeView info:updateNextData nextTime: 60865
08-03 15:30:00.136  2201  2201 I TotemWeather: DateTimeView info:onTimeChanged
08-03 15:30:00.137  2201  2201 I TotemWeather: DateTimeView info:updateNextData nextTime: 0
08-03 15:30:00.137  2201  2201 I TotemWeather: DateTimeView info:onTimeChanged
08-03 15:30:00.138  2201  2201 I TotemWeather: DateTimeView info:updateNextData nextTime: 0
08-03 15:30:00.143  2201  2201 I TotemWeather: DateTimeView info:,Time =3:30,[:] timezone=中国标准时间
08-03 15:30:00.148  2201  2201 I TotemWeather: DateTimeView info:updateNextData nextTime: 60853
08-03 15:30:00.442  1058  1186 I chatty  : uid=1000(system) WifiStateMachin expire 1 line
08-03 15:30:00.446  1058  1247 I chatty  : uid=1000(system) HuaweiWifiWatch expire 12 lines
08-03 15:30:00.486  2171  2261 I amsnl   : ar
08-03 15:30:00.487  2171  2261 I amsnl   : t:false, fl: false, p: 20000, ce: true, we: true
08-03 15:30:00.489  1535  1634 I ScenarioAction: new ScenarioAction sPoolSize: 0
08-03 15:30:00.491  2171  2261 I amsnl   : m1: false
08-03 15:30:00.495  2171  2261 I amsnl   : m2: false, m3: false
08-03 15:30:00.496  2171  2261 I amsnl   : c: false, w: true, t: true, l: false
08-03 15:30:00.496  2171  2261 I amsnl   : crs
08-03 15:30:00.497  2171  2261 I amsnl   : qg
08-03 15:30:00.498  2567  2567 I BDLog   : BD.Scheduler:Hour task coming
08-03 15:30:00.511  2171  2261 I amsc    : same acc
08-03 15:30:00.512  2171  2261 I amsc    : gt2
08-03 15:30:00.512  2171  2261 I amsc    : found: wx4gd2z, 1501743981255
08-03 15:30:00.521  2171  2261 I amsnl   : uc
08-03 15:30:00.524  2171  2261 I amsnl   : report_loc:ODtbr4MKkiipA2NUkIEujewHzLh9n3AmT62Cke51vh8skjeXUwh0JmzjdYpmA7KUV+DyntBR7XVO
08-03 15:30:00.524  2171  2261 I amsnl   : dzA9j435+BIa4Ea6VL43bmoFo89bjJsLzFdb0gvAjMbsgUy4FMH6eYMpQjwlGvX8agSHToy2bBpp
08-03 15:30:00.524  2171  2261 I amsnl   : SmaR8HvwWTRlPqFR3q8TXGzq35K4u2HKNQSsA5iK03dLGIuW4PtOQwcHd4GDDIT9TkSewR+W086i
08-03 15:30:00.524  2171  2261 I amsnl   : tdhj2/xmfo/o6rlLW64kguDaizSXd5Y5WOYiwUuYAFXYp4yEbw
08-03 15:30:00.525  2171  2261 I amsst   : report
08-03 15:30:00.530  2171  2261 I amsl    : now: 11056723 lastReportTime: 11038274 periodSecs: 20
08-03 15:30:00.530  2171  2261 I amsl    : igore too fast report!
08-03 15:30:00.531  2171  2261 I amsst   : period: 20 enabled: true
08-03 15:30:00.535  1491  8385 W PhoneInterfaceManager: shouldBlockLocation running ...
08-03 15:30:00.535  1491  8385 I PhoneInterfaceManager: shouldBlockLocation  ret:false
08-03 15:30:00.544  1491  1504 W PhoneInterfaceManager: shouldBlockLocation running ...
08-03 15:30:00.544  1491  1504 I PhoneInterfaceManager: shouldBlockLocation  ret:false
08-03 15:30:00.550  1491  3318 W PhoneInterfaceManager: shouldBlockLocation running ...
08-03 15:30:00.551  1491  3318 I PhoneInterfaceManager: shouldBlockLocation  ret:false
08-03 15:30:00.553  2171  2261 I amsnl   : csr
08-03 15:30:00.554  2171  2261 I amsnl   : t:false, fl: false, p: 20000, ce: true, we: true
08-03 15:30:00.557  2171  2261 I amsnl   : m1: false
08-03 15:30:00.559  2171  2261 I amsnl   : m2: false, m3: false
08-03 15:30:00.560  2171  2261 I amsnl   : rl
08-03 15:30:00.560  2171  2261 I amsnl   : c: false, w: true, t: false, l: false
08-03 15:30:00.664  1058  1058 I chatty  : uid=1000 system_server expire 28 lines
08-03 15:30:02.127  1058  1186 I chatty  : uid=1000(system) WifiStateMachin expire 10 lines
08-03 15:30:03.054  1058  1237 I chatty  : uid=1000(system) WiFiArpStateMac expire 16 lines
08-03 15:30:03.068  1374  1374 I NetworkSpeedManagerEx: mIsStop = false
08-03 15:30:03.071  1374  1374 I NetworkSpeedManagerEx:  value = 322.0
08-03 15:30:03.073  1374  1374 I NetworkSpeedManagerEx: speed = 322B/s
08-03 15:30:03.074  1374  1374 I NetworkSpeedView: /update(), speed=322B/s parent class:class com.android.systemui.statusbar.HwSystemIcons
08-03 15:30:03.108  1374  1374 I NetworkSpeedManagerEx: mIsStop = false
08-03 15:30:03.111  1374  1374 I NetworkSpeedManagerEx:  value = 322.0
08-03 15:30:03.114  1374  1374 I NetworkSpeedManagerEx: speed = 322B/s
08-03 15:30:03.114  1374  1374 I NetworkSpeedView: /update(), speed=322B/s parent class:class com.android.systemui.statusbar.HwSystemIcons
08-03 15:30:05.281  1058  1078 I chatty  : uid=1000(system) android.fg expire 1 line
08-03 15:30:06.079  1374  1374 I NetworkSpeedManagerEx: mIsStop = false
08-03 15:30:06.084  1374  1374 I NetworkSpeedManagerEx:  value = 2697.3333
08-03 15:30:06.089  1374  1374 I NetworkSpeedManagerEx: speed = 2.6K/s
08-03 15:30:06.090  1374  1374 I NetworkSpeedView: /update(), speed=2.6K/s parent class:class com.android.systemui.statusbar.HwSystemIcons
08-03 15:30:06.114  1374  1374 I NetworkSpeedManagerEx: mIsStop = false
08-03 15:30:06.118  1374  1374 I NetworkSpeedManagerEx:  value = 2697.3333
08-03 15:30:06.120  1374  1374 I NetworkSpeedManagerEx: speed = 2.6K/s
08-03 15:30:06.121  1374  1374 I NetworkSpeedView: /update(), speed=2.6K/s parent class:class com.android.systemui.statusbar.HwSystemIcons
08-03 15:30:08.464  1058  1245 I chatty  : uid=1000(system) Thread-11 expire 10 lines
08-03 15:30:08.482  1058  3170 I chatty  : uid=1000(system) MobileQosDetect expire 2 lines
08-03 15:30:09.092  1374  1374 I NetworkSpeedManagerEx: mIsStop = false
08-03 15:30:09.097  1374  1374 I NetworkSpeedManagerEx:  value = 1169.6666
08-03 15:30:09.103  1374  1374 I NetworkSpeedManagerEx: speed = 1.1K/s
08-03 15:30:09.104  1374  1374 I NetworkSpeedView: /update(), speed=1.1K/s parent class:class com.android.systemui.statusbar.HwSystemIcons
08-03 15:30:09.133  1374  1374 I NetworkSpeedManagerEx: mIsStop = false
08-03 15:30:09.138  1374  1374 I NetworkSpeedManagerEx:  value = 1270.6666
08-03 15:30:09.145  1374  1374 I NetworkSpeedManagerEx: speed = 1.2K/s
08-03 15:30:09.146  1374  1374 I NetworkSpeedView: /update(), speed=1.2K/s parent class:class com.android.systemui.statusbar.HwSystemIcons
08-03 15:30:12.106  1374  1374 I NetworkSpeedManagerEx: mIsStop = false
08-03 15:30:12.110  1374  1374 I NetworkSpeedManagerEx:  value = 1415.0
08-03 15:30:12.116  1374  1374 I NetworkSpeedManagerEx: speed = 1.4K/s
08-03 15:30:12.116  1374  1374 I NetworkSpeedView: /update(), speed=1.4K/s parent class:class com.android.systemui.statusbar.HwSystemIcons
08-03 15:30:12.147  1374  1374 I NetworkSpeedManagerEx: mIsStop = false
08-03 15:30:12.152  1374  1374 I NetworkSpeedManagerEx:  value = 1314.0
08-03 15:30:12.158  1374  1374 I NetworkSpeedManagerEx: speed = 1.3K/s
08-03 15:30:12.158  1374  1374 I NetworkSpeedView: /update(), speed=1.3K/s parent class:class com.android.systemui.statusbar.HwSystemIcons
08-03 15:30:12.696  1058  1058 I chatty  : uid=1000 system_server expire 30 lines
08-03 15:30:15.119  1374  1374 I NetworkSpeedManagerEx: mIsStop = false
08-03 15:30:15.123  1374  1374 I NetworkSpeedManagerEx:  value = 211.33333
08-03 15:30:15.128  1374  1374 I NetworkSpeedManagerEx: speed = 211B/s
08-03 15:30:15.128  1374  1374 I NetworkSpeedView: /update(), speed=211B/s parent class:class com.android.systemui.statusbar.HwSystemIcons
08-03 15:30:15.159  1374  1374 I NetworkSpeedManagerEx: mIsStop = false
08-03 15:30:15.163  1374  1374 I NetworkSpeedManagerEx:  value = 211.33333
08-03 15:30:15.168  1374  1374 I NetworkSpeedManagerEx: speed = 211B/s
08-03 15:30:15.169  1374  1374 I NetworkSpeedView: /update(), speed=211B/s parent class:class com.android.systemui.statusbar.HwSystemIcons
08-03 15:30:16.480  1058  1247 I chatty  : uid=1000(system) HuaweiWifiWatch expire 12 lines
08-03 15:30:17.192 13464 13564 I tnet-jni: 292 - [spdyPingRecvCallback] - 
08-03 15:30:17.192 13464 13564 I tnet-jni: 292 - [SpdySessionCallBack.spdyPingRecvCallback] - org.android.spdy.SpdySession@24a25c8
08-03 15:30:18.130  1374  1374 I NetworkSpeedManagerEx: mIsStop = false
08-03 15:30:18.133  1374  1374 I NetworkSpeedManagerEx:  value = 280.0
08-03 15:30:18.136  1374  1374 I NetworkSpeedManagerEx: speed = 280B/s
08-03 15:30:18.136  1374  1374 I NetworkSpeedView: /update(), speed=280B/s parent class:class com.android.systemui.statusbar.HwSystemIcons
08-03 15:30:18.171  1374  1374 I NetworkSpeedManagerEx: mIsStop = false
08-03 15:30:18.175  1374  1374 I NetworkSpeedManagerEx:  value = 280.0
08-03 15:30:18.181  1374  1374 I NetworkSpeedManagerEx: speed = 280B/s
08-03 15:30:18.181  1374  1374 I NetworkSpeedView: /update(), speed=280B/s parent class:class com.android.systemui.statusbar.HwSystemIcons
08-03 15:30:19.174  1058  1237 I chatty  : uid=1000(system) WiFiArpStateMac expire 12 lines
08-03 15:30:21.138  1374  1374 I NetworkSpeedManagerEx: mIsStop = false
08-03 15:30:21.139  1374  1374 I NetworkSpeedManagerEx:  value = 1374.6666
08-03 15:30:21.141  1374  1374 I NetworkSpeedManagerEx: speed = 1.3K/s
08-03 15:30:21.141  1374  1374 I NetworkSpeedView: /update(), speed=1.3K/s parent class:class com.android.systemui.statusbar.HwSystemIcons
08-03 15:30:21.182  1374  1374 I NetworkSpeedManagerEx: mIsStop = false
08-03 15:30:21.184  1374  1374 I NetworkSpeedManagerEx:  value = 1374.6666
08-03 15:30:21.187  1374  1374 I NetworkSpeedManagerEx: speed = 1.3K/s
08-03 15:30:21.187  1374  1374 I NetworkSpeedView: /update(), speed=1.3K/s parent class:class com.android.systemui.statusbar.HwSystemIcons
08-03 15:30:23.336  7964  8125 W InstanceID/Rpc: No response android.os.ConditionVariable@6761221
08-03 15:30:23.340  7964  8125 W GLSUser : [AppCertManager] Failed to get security token.
08-03 15:30:23.340  7964  8125 W GLSUser : java.io.IOException: TIMEOUT
08-03 15:30:23.340  7964  8125 W GLSUser : 	at uov.b(:com.google.android.gms:41)
08-03 15:30:23.340  7964  8125 W GLSUser : 	at uov.a(:com.google.android.gms:44)
08-03 15:30:23.340  7964  8125 W GLSUser : 	at uos.b(:com.google.android.gms:10)
08-03 15:30:23.340  7964  8125 W GLSUser : 	at uos.a(:com.google.android.gms:28)
08-03 15:30:23.340  7964  8125 W GLSUser : 	at etz.b(:com.google.android.gms:3)
08-03 15:30:23.340  7964  8125 W GLSUser : 	at etz.a(:com.google.android.gms:52)
08-03 15:30:23.340  7964  8125 W GLSUser : 	at etx.a(:com.google.android.gms:7)
08-03 15:30:23.340  7964  8125 W GLSUser : 	at ett.a(:com.google.android.gms:0)
08-03 15:30:23.340  7964  8125 W GLSUser : 	at ets.a(:com.google.android.gms:9)
08-03 15:30:23.340  7964  8125 W GLSUser : 	at com.google.android.gms.auth.account.be.legacy.AuthCronChimeraService.b(:com.google.android.gms:6)
08-03 15:30:23.340  7964  8125 W GLSUser : 	at eal.call(:com.google.android.gms:2)
08-03 15:30:23.340  7964  8125 W GLSUser : 	at java.util.concurrent.FutureTask.run(FutureTask.java:237)
08-03 15:30:23.340  7964  8125 W GLSUser : 	at mge.run(:com.google.android.gms:24)
08-03 15:30:23.340  7964  8125 W GLSUser : 	at java.util.concurrent.ThreadPoolExecutor.runWorker(ThreadPoolExecutor.java:1133)
08-03 15:30:23.340  7964  8125 W GLSUser : 	at java.util.concurrent.ThreadPoolExecutor$Worker.run(ThreadPoolExecutor.java:607)
08-03 15:30:23.340  7964  8125 W GLSUser : 	at mlf.run(:com.google.android.gms:0)
08-03 15:30:23.340  7964  8125 W GLSUser : 	at java.lang.Thread.run(Thread.java:776)
08-03 15:30:24.145  1374  1374 I NetworkSpeedManagerEx: mIsStop = false
08-03 15:30:24.150  1374  1374 I NetworkSpeedManagerEx:  value = 173.66667
08-03 15:30:24.154  1374  1374 I NetworkSpeedManagerEx: speed = 174B/s
08-03 15:30:24.155  1374  1374 I NetworkSpeedView: /update(), speed=174B/s parent class:class com.android.systemui.statusbar.HwSystemIcons
08-03 15:30:24.188  1374  1374 I NetworkSpeedManagerEx: mIsStop = false
08-03 15:30:24.194  1374  1374 I NetworkSpeedManagerEx:  value = 173.66667
08-03 15:30:24.202  1374  1374 I NetworkSpeedManagerEx: speed = 174B/s
08-03 15:30:24.202  1374  1374 I NetworkSpeedView: /update(), speed=174B/s parent class:class com.android.systemui.statusbar.HwSystemIcons
08-03 15:30:24.372 13285 13384 I awcn.TnetSpdySession: |[seq:23302625.AWCN2_1] ping receive Host:https://acs4public.m.taobao.com id:11
08-03 15:30:24.472  1058  1186 I chatty  : uid=1000(system) WifiStateMachin expire 1 line
08-03 15:30:24.477  1058  1058 I chatty  : uid=1000 system_server expire 36 lines
08-03 15:30:24.479  1058  1245 I chatty  : uid=1000(system) Thread-11 expire 10 lines
08-03 15:30:24.481  1058  1247 I chatty  : uid=1000(system) HuaweiWifiWatch expire 15 lines
08-03 15:30:24.488  1058  3170 I chatty  : uid=1000(system) MobileQosDetect expire 4 lines
08-03 15:30:26.273  1058  1186 I chatty  : uid=1000(system) WifiStateMachin expire 9 lines
08-03 15:30:27.157  1374  1374 I NetworkSpeedManagerEx: mIsStop = false
08-03 15:30:27.160  1374  1374 I NetworkSpeedManagerEx:  value = 2580.3333
08-03 15:30:27.162  1374  1374 I NetworkSpeedManagerEx: speed = 2.5K/s
08-03 15:30:27.162  1374  1374 I NetworkSpeedView: /update(), speed=2.5K/s parent class:class com.android.systemui.statusbar.HwSystemIcons
08-03 15:30:27.203  1374  1374 I NetworkSpeedManagerEx: mIsStop = false
08-03 15:30:27.206  1374  1374 I NetworkSpeedManagerEx:  value = 2580.3333
08-03 15:30:27.209  1374  1374 I NetworkSpeedManagerEx: speed = 2.5K/s
08-03 15:30:27.209  1374  1374 I NetworkSpeedView: /update(), speed=2.5K/s parent class:class com.android.systemui.statusbar.HwSystemIcons
08-03 15:30:29.202  1058  1237 I chatty  : uid=1000(system) WiFiArpStateMac expire 11 lines
08-03 15:30:30.164  1374  1374 I NetworkSpeedManagerEx: mIsStop = false
08-03 15:30:30.168  1374  1374 I NetworkSpeedManagerEx:  value = 101.0
08-03 15:30:30.172  1374  1374 I NetworkSpeedManagerEx: speed = 101B/s
08-03 15:30:30.172  1374  1374 I NetworkSpeedView: /update(), speed=101B/s parent class:class com.android.systemui.statusbar.HwSystemIcons
08-03 15:30:30.210  1374  1374 I NetworkSpeedManagerEx: mIsStop = false
08-03 15:30:30.215  1374  1374 I NetworkSpeedManagerEx:  value = 101.0
08-03 15:30:30.220  1374  1374 I NetworkSpeedManagerEx: speed = 101B/s
08-03 15:30:30.221  1374  1374 I NetworkSpeedView: /update(), speed=101B/s parent class:class com.android.systemui.statusbar.HwSystemIcons
08-03 15:30:32.411  2171  2261 I amsnl   : ar
08-03 15:30:32.413  2171  2261 I amsnl   : t:false, fl: false, p: 20000, ce: true, we: true
08-03 15:30:32.423  2171  2261 I amsnl   : m1: false
08-03 15:30:32.431  2171  2261 I amsnl   : m2: false, m3: false
08-03 15:30:32.432  2171  2261 I amsnl   : c: false, w: false, t: true, l: false
08-03 15:30:32.432  2171  2261 I amsnl   : crs
08-03 15:30:32.432  2171  2261 I amsnl   : wrs
08-03 15:30:32.443  1058  1196 I chatty  : uid=1000(system) WifiScanningSer expire 3 lines
08-03 15:30:32.453  1491  1964 W PhoneInterfaceManager: shouldBlockLocation running ...
08-03 15:30:32.454  1491  1964 I PhoneInterfaceManager: shouldBlockLocation  ret:false
08-03 15:30:32.462  1491  1502 W PhoneInterfaceManager: shouldBlockLocation running ...
08-03 15:30:32.462  1491  1502 I PhoneInterfaceManager: shouldBlockLocation  ret:false
08-03 15:30:32.467  1491  8390 W PhoneInterfaceManager: shouldBlockLocation running ...
08-03 15:30:32.468  1491  8390 I PhoneInterfaceManager: shouldBlockLocation  ret:false
08-03 15:30:32.471  2171  2261 I amsnl   : csr
08-03 15:30:32.472  2171  2261 I amsnl   : t:false, fl: false, p: 20000, ce: true, we: true
08-03 15:30:32.474  2171  2261 I amsnl   : m1: false
08-03 15:30:32.476  2171  2261 I amsnl   : m2: false, m3: false
08-03 15:30:32.476  2171  2261 I amsnl   : c: false, w: false, t: false, l: false
08-03 15:30:33.175  1374  1374 I NetworkSpeedManagerEx: mIsStop = false
08-03 15:30:33.178  1374  1374 I NetworkSpeedManagerEx:  value = 40.0
08-03 15:30:33.181  1374  1374 I NetworkSpeedManagerEx: speed = 40B/s
08-03 15:30:33.181  1374  1374 I NetworkSpeedView: /update(), speed=40B/s parent class:class com.android.systemui.statusbar.HwSystemIcons
08-03 15:30:33.222  1374  1374 I NetworkSpeedManagerEx: mIsStop = false
08-03 15:30:33.227  1374  1374 I NetworkSpeedManagerEx:  value = 40.0
08-03 15:30:33.231  1374  1374 I NetworkSpeedManagerEx: speed = 40B/s
08-03 15:30:33.231  1374  1374 I NetworkSpeedView: /update(), speed=40B/s parent class:class com.android.systemui.statusbar.HwSystemIcons
08-03 15:30:34.784  1058  1244 I chatty  : uid=1000(system) HwIntelligenceS expire 1 line
08-03 15:30:34.803  1058  1295 I chatty  : uid=1000(system) Binder:1058_3 expire 1 line
08-03 15:30:34.808  1058  2489 I chatty  : uid=1000(system) Binder:1058_F expire 1 line
08-03 15:30:34.812  2171  2261 I amsnl   : wsr
08-03 15:30:34.815  2171  2261 I amsnl   : t:false, fl: false, p: 20000, ce: true, we: true
08-03 15:30:34.817  2171  2261 I amsnl   : m1: false
08-03 15:30:34.820  2171  2261 I amsnl   : m2: false, m3: false
08-03 15:30:34.820  2171  2261 I amsnl   : rl
08-03 15:30:34.821  2171  2261 I amsnl   : c: false, w: true, t: false, l: false
08-03 15:30:34.821  2171  2261 I amsnl   : qg
08-03 15:30:34.846  2171  2261 I amsc    : same acc
08-03 15:30:34.846  2171  2261 I amsc    : gt2
08-03 15:30:34.847  2171  2261 I amsc    : found: wx4gd2z, 1501743981255
08-03 15:30:34.868  2171  2261 I amsnlp  : isConnected, isIdle: false isIgnoreBatOpt: true
08-03 15:30:34.885  2171  2261 I amsnl   : aq
08-03 15:30:34.886  2171  2261 I amsglsc : aq
08-03 15:30:34.886  2171  2261 I amsmsm  : sbrqst
08-03 15:30:34.897  2171  2250 I amsmsm  : sdmrrst
08-03 15:30:34.897  2171  2255 I amsshri : run
08-03 15:30:35.020  2171  2250 I amsmsm  : cmplt
08-03 15:30:35.021  2171  2250 I amsglsc : aql cmplt
08-03 15:30:35.021  2171  2261 I amsnl   : aqr
08-03 15:30:35.024  2171  2261 I amsc    : same acc
08-03 15:30:35.025  2171  2261 I amsc    : gt2
08-03 15:30:35.025  2171  2261 I amsc    : found: wx4gd2z, 1501743981255
08-03 15:30:35.026  2171  2261 I amsnl   : dist: 5
08-03 15:30:35.037  2171  2261 I amsnl   : t:true, fl: false, p: 20000, ce: true, we: true
08-03 15:30:35.039  2171  2261 I amsnl   : m1: false
08-03 15:30:35.041  2171  2261 I amsnl   : m2: false, m3: false
08-03 15:30:35.042  2171  2261 I amsnl   : rl
08-03 15:30:35.042  2171  2261 I amsnl   : c: false, w: true, t: false, l: true
08-03 15:30:35.043  2171  2261 I amsst   : report
08-03 15:30:35.044  2171  2261 I amsl    : now: 11091237 lastReportTime: 11038274 periodSecs: 20
08-03 15:30:35.044  2171  2261 I amsmgrnlp: [V1.9.2.3-1-2-l4a1g0p4f4v0ofalse(r)]org-n size:1 key:amsnlp
08-03 15:30:35.045  2171  2261 I amsst   : period: 20 enabled: true
08-03 15:30:35.045  2171  2171 I amsnlp  : REPORT-LOCATION
08-03 15:30:35.049  1058  1488 I chatty  : uid=1000(system) LocationThread expire 2 lines
08-03 15:30:35.281  1058  1078 I chatty  : uid=1000(system) android.fg expire 1 line
08-03 15:30:36.183  1374  1374 I NetworkSpeedManagerEx: mIsStop = false
08-03 15:30:36.187  1374  1374 I NetworkSpeedManagerEx:  value = 1066.0
08-03 15:30:36.192  1374  1374 I NetworkSpeedManagerEx: speed = 1K/s
08-03 15:30:36.192  1374  1374 I NetworkSpeedView: /update(), speed=1K/s parent class:class com.android.systemui.statusbar.HwSystemIcons
08-03 15:30:36.232  1374  1374 I NetworkSpeedManagerEx: mIsStop = false
08-03 15:30:36.234  1374  1374 I NetworkSpeedManagerEx:  value = 1066.0
08-03 15:30:36.237  1374  1374 I NetworkSpeedManagerEx: speed = 1K/s
08-03 15:30:36.237  1374  1374 I NetworkSpeedView: /update(), speed=1K/s parent class:class com.android.systemui.statusbar.HwSystemIcons
08-03 15:30:36.769  1058  1058 I chatty  : uid=1000 system_server expire 20 lines
08-03 15:30:39.194  1374  1374 I NetworkSpeedManagerEx: mIsStop = false
08-03 15:30:39.197  1374  1374 I NetworkSpeedManagerEx:  value = 280.0
08-03 15:30:39.200  1374  1374 I NetworkSpeedManagerEx: speed = 280B/s
08-03 15:30:39.200  1374  1374 I NetworkSpeedView: /update(), speed=280B/s parent class:class com.android.systemui.statusbar.HwSystemIcons
08-03 15:30:39.238  1374  1374 I NetworkSpeedManagerEx: mIsStop = false
08-03 15:30:39.242  1374  1374 I NetworkSpeedManagerEx:  value = 280.0
08-03 15:30:39.246  1374  1374 I NetworkSpeedManagerEx: speed = 280B/s
08-03 15:30:39.246  1374  1374 I NetworkSpeedView: /update(), speed=280B/s parent class:class com.android.systemui.statusbar.HwSystemIcons
08-03 15:30:40.180  1058  1237 I chatty  : uid=1000(system) WiFiArpStateMac expire 15 lines
08-03 15:30:42.016 13120 13138 I AppLogManager: PrintWoker poll timeout , shutdown
08-03 15:30:42.202  1374  1374 I NetworkSpeedManagerEx: mIsStop = false
08-03 15:30:42.204  1374  1374 I NetworkSpeedManagerEx:  value = 139.66667
08-03 15:30:42.206  1374  1374 I NetworkSpeedManagerEx: speed = 140B/s
08-03 15:30:42.206  1374  1374 I NetworkSpeedView: /update(), speed=140B/s parent class:class com.android.systemui.statusbar.HwSystemIcons
08-03 15:30:42.246  1374  1374 I NetworkSpeedManagerEx: mIsStop = false
08-03 15:30:42.248  1374  1374 I NetworkSpeedManagerEx:  value = 139.66667
08-03 15:30:42.250  1374  1374 I NetworkSpeedManagerEx: speed = 140B/s
08-03 15:30:42.250  1374  1374 I NetworkSpeedView: /update(), speed=140B/s parent class:class com.android.systemui.statusbar.HwSystemIcons
08-03 15:30:42.337  1374  1374 W KeyguardUpdateMonitor: ACTION_BATTERY_CHANGED AMP: 0; Volt: 0
08-03 15:30:42.340 13120 13120 I CloudAlbum[5.3.0.303]: [CGCommonStatusReceiver] CGCommonStatusReceiver, action: android.intent.action.BATTERY_CHANGED
08-03 15:30:42.344 13120 17041 I CloudAlbum[5.3.0.303]: [ReceiverManager] ReceiverManager action: android.intent.action.BATTERY_CHANGED
08-03 15:30:42.345 13120 17041 E CloudAlbum[5.3.0.303]: [ReceiverManager] not log on ignore
08-03 15:30:42.370  1374  1374 W KeyguardUpdateMonitor: ChargingSpeed  Wattage: -1 ST: 5000000 --> 7500000
08-03 15:30:42.370  1374  1374 I KgBattery: BatteryInfo updated:  5lPC-1
08-03 15:30:42.370  1374  1374 W AppHandler: sendMessage with obj100
08-03 15:30:42.373  1813  1813 I Ptm.AbnormalObserver: current battery level value: 100
08-03 15:30:42.375  1813  1813 W Ptm.AbnormalObserver: ljs, in checkIsAbnormalHot, Ap_temp = 31
08-03 15:30:42.376  1374  1374 W HwLockScreenPanel: refreshBatteryInfo: null
08-03 15:30:42.376  1374  1374 W HwLockScreenPanel: Handle message: 100
08-03 15:30:42.784  1058  1058 I chatty  : uid=1000 system_server expire 26 lines
08-03 15:30:43.974  1813  1813 W PTM.PeriodCheckManager: getPeriodCheckStatsInfo
08-03 15:30:43.979  1813  1813 W PTM.PeriodCheckManager: getPeriodCheckStatsInfo:powergenie_mode=2; backlight=2109; discharging=0; system_h=31; pa_0=30; soc_thermal=35; gpu=33; CpuFreqBig=480000; CpuFreqlittle=807000; DDRFreq=120000000; GpuFreq=360000000; 
08-03 15:30:43.979  1813  1813 W PTM.PeriodCheckManager: mPeriodHanlder start
08-03 15:30:44.007  1813  1813 W PTM.PeriodCheckManager: enter the sendData func.
08-03 15:30:44.007  1813  1813 W PTM.PeriodCheckManager: sendData ready!
08-03 15:30:44.008  1813  1813 I iMonitor: create: 903001011
08-03 15:30:44.012  1813  1813 I iMonitor: send: 903001011
08-03 15:30:44.012   584  1053 I logserver: handle_exception_events enter
08-03 15:30:44.013  1813  1813 W PTM.PeriodCheckManager: mSendService start
08-03 15:30:44.030  1813  1838 E LogCollectService: illegal eventid
08-03 15:30:44.395  1058  1186 I chatty  : uid=1000(system) WifiStateMachin expire 10 lines
08-03 15:30:45.207  1374  1374 I NetworkSpeedManagerEx: mIsStop = false
08-03 15:30:45.210  1374  1374 I NetworkSpeedManagerEx:  value = 2525.0
08-03 15:30:45.213  1374  1374 I NetworkSpeedManagerEx: speed = 2.5K/s
08-03 15:30:45.213  1374  1374 I NetworkSpeedView: /update(), speed=2.5K/s parent class:class com.android.systemui.statusbar.HwSystemIcons
08-03 15:30:45.251  1374  1374 I NetworkSpeedManagerEx: mIsStop = false
08-03 15:30:45.257  1374  1374 I NetworkSpeedManagerEx:  value = 2525.0
08-03 15:30:45.260  1374  1374 I NetworkSpeedManagerEx: speed = 2.5K/s
08-03 15:30:45.260  1374  1374 I NetworkSpeedView: /update(), speed=2.5K/s parent class:class com.android.systemui.statusbar.HwSystemIcons
08-03 15:30:48.214  1374  1374 I NetworkSpeedManagerEx: mIsStop = false
08-03 15:30:48.217  1374  1374 I NetworkSpeedManagerEx:  value = 124.666664
08-03 15:30:48.220  1374  1374 I NetworkSpeedManagerEx: speed = 125B/s
08-03 15:30:48.221  1374  1374 I NetworkSpeedView: /update(), speed=125B/s parent class:class com.android.systemui.statusbar.HwSystemIcons
08-03 15:30:48.261  1374  1374 I NetworkSpeedManagerEx: mIsStop = false
08-03 15:30:48.266  1374  1374 I NetworkSpeedManagerEx:  value = 124.666664
08-03 15:30:48.270  1374  1374 I NetworkSpeedManagerEx: speed = 125B/s
08-03 15:30:48.270  1374  1374 I NetworkSpeedView: /update(), speed=125B/s parent class:class com.android.systemui.statusbar.HwSystemIcons
08-03 15:30:48.517  1058  1247 I chatty  : uid=1000(system) HuaweiWifiWatch expire 12 lines
08-03 15:30:48.517  1058  1245 I chatty  : uid=1000(system) Thread-11 expire 12 lines
08-03 15:30:48.533  1058  3170 I chatty  : uid=1000(system) MobileQosDetect expire 3 lines
08-03 15:30:51.222  1374  1374 I NetworkSpeedManagerEx: mIsStop = false
08-03 15:30:51.225  1374  1374 I NetworkSpeedManagerEx:  value = 1395.6666
08-03 15:30:51.228  1374  1374 I NetworkSpeedManagerEx: speed = 1.4K/s
08-03 15:30:51.228  1374  1374 I NetworkSpeedView: /update(), speed=1.4K/s parent class:class com.android.systemui.statusbar.HwSystemIcons
08-03 15:30:51.271  1374  1374 I NetworkSpeedManagerEx: mIsStop = false
08-03 15:30:51.274  1374  1374 I NetworkSpeedManagerEx:  value = 1395.6666
08-03 15:30:51.277  1374  1374 I NetworkSpeedManagerEx: speed = 1.4K/s
08-03 15:30:51.278  1374  1374 I NetworkSpeedView: /update(), speed=1.4K/s parent class:class com.android.systemui.statusbar.HwSystemIcons
08-03 15:30:53.794  7964 18896 I GoogleURLConnFactory: Using platform SSLCertificateSocketFactory
08-03 15:30:53.843  1058  1806 I chatty  : uid=1000(system) Binder:1058_C expire 1 line
08-03 15:30:54.229  1374  1374 I NetworkSpeedManagerEx: mIsStop = false
08-03 15:30:54.232  1374  1374 I NetworkSpeedManagerEx:  value = 374.66666
08-03 15:30:54.235  1374  1374 I NetworkSpeedManagerEx: speed = 375B/s
08-03 15:30:54.235  1374  1374 I NetworkSpeedView: /update(), speed=375B/s parent class:class com.android.systemui.statusbar.HwSystemIcons
08-03 15:30:54.279  1374  1374 I NetworkSpeedManagerEx: mIsStop = false
08-03 15:30:54.282  1374  1374 I NetworkSpeedManagerEx:  value = 400.66666
08-03 15:30:54.284  1374  1374 I NetworkSpeedManagerEx: speed = 401B/s
08-03 15:30:54.285  1374  1374 I NetworkSpeedView: /update(), speed=401B/s parent class:class com.android.systemui.statusbar.HwSystemIcons
08-03 15:30:54.816  1058  1058 I chatty  : uid=1000 system_server expire 36 lines
08-03 15:30:55.237  1058  1237 I chatty  : uid=1000(system) WiFiArpStateMac expire 15 lines
08-03 15:30:57.237  1374  1374 I NetworkSpeedManagerEx: mIsStop = false
08-03 15:30:57.240  1374  1374 I NetworkSpeedManagerEx:  value = 250.0
08-03 15:30:57.243  1374  1374 I NetworkSpeedManagerEx: speed = 250B/s
08-03 15:30:57.243  1374  1374 I NetworkSpeedView: /update(), speed=250B/s parent class:class com.android.systemui.statusbar.HwSystemIcons
08-03 15:30:57.286  1374  1374 I NetworkSpeedManagerEx: mIsStop = false
08-03 15:30:57.288  1374  1374 I NetworkSpeedManagerEx:  value = 224.0
08-03 15:30:57.291  1374  1374 I NetworkSpeedManagerEx: speed = 224B/s
08-03 15:30:57.291  1374  1374 I NetworkSpeedView: /update(), speed=224B/s parent class:class com.android.systemui.statusbar.HwSystemIcons
08-03 15:31:00.056  1374  1374 I EventCenter: EventCenter Get :android.intent.action.TIME_TICK
08-03 15:31:00.081  1374  1374 W ResourceType: Failure getting entry for 0xffffffff (t=254 e=65535) (error -2147483647)
08-03 15:31:00.082  1374  1374 E DateLunarView: mDateString is: 8月3日星期四
08-03 15:31:00.085  1374  1374 W ResourceType: Failure getting entry for 0xffffffff (t=254 e=65535) (error -2147483647)
08-03 15:31:00.086  1374  1374 E DateLunarView: mDateString is: 8月3日星期四
08-03 15:31:00.097  2201  2201 I HwLauncher: Model  onReceive intent=Intent { act=android.intent.action.TIME_TICK flg=0x50000014 (has extras) }
08-03 15:31:00.098  2201  2201 I HwLauncher: Model  onReceive user=UserHandle{0}
08-03 15:31:00.109  2201  2201 I TotemWeather: WeatherDataObserver info:receive action = #Intent;action=android.intent.action.TIME_TICK;launchFlags=0x50000014;i.android.intent.extra.ALARM_COUNT=1;end
08-03 15:31:00.152  2201  2201 I TotemWeather: DateTimeView info:,Time =3:31,[:] timezone=中国标准时间
08-03 15:31:00.158  2201  2201 I TotemWeather: DateTimeView info:updateNextData nextTime: 60843
08-03 15:31:00.159  2201  2201 I TotemWeather: DateTimeView info:onTimeChanged
08-03 15:31:00.160  2201  2201 I TotemWeather: DateTimeView info:updateNextData nextTime: 0
08-03 15:31:00.160  2201  2201 I TotemWeather: DateTimeView info:onTimeChanged
08-03 15:31:00.160  2201  2201 I TotemWeather: DateTimeView info:updateNextData nextTime: 0
08-03 15:31:00.164  2201  2201 I TotemWeather: DateTimeView info:,Time =3:31,[:] timezone=中国标准时间
