08-03 15:23:25.358  2171  2250 I amsmsm  : cmplt
08-03 15:23:25.359  2171  2250 I amsglsc : aql cmplt
08-03 15:23:25.360  2171  2261 I amsnl   : aqr
08-03 15:23:25.366  2171  2261 I amsc    : same acc
08-03 15:23:25.366  2171  2261 I amsc    : gt2
08-03 15:23:25.366  2171  2261 I amsc    : found: wx4gd2z, 1501743981255
08-03 15:23:25.367  2171  2261 I amsnl   : dist: 6
08-03 15:23:25.378  2171  2261 I amsnl   : t:true, fl: false, p: 20000, ce: true, we: true
08-03 15:23:25.380  2171  2261 I amsnl   : m1: false
08-03 15:23:25.382  2171  2261 I amsnl   : m2: false, m3: false
08-03 15:23:25.382  2171  2261 I amsnl   : rl
08-03 15:23:25.382  2171  2261 I amsnl   : c: false, w: true, t: false, l: true
08-03 15:23:25.383  2171  2261 I amsst   : report
08-03 15:23:25.383  2171  2261 I amsl    : now: 10661576 lastReportTime: 10639176 periodSecs: 20
08-03 15:23:25.384  2171  2261 I amsmgrnlp: [V1.9.2.3-1-2-l4a1g0p4f4v0ofalse(r)]org-n size:1 key:amsnlp
08-03 15:23:25.384  2171  2171 I amsnlp  : REPORT-LOCATION
08-03 15:23:25.384  2171  2261 I amsst   : period: 20 enabled: true
08-03 15:23:25.386  1058  1488 I chatty  : uid=1000(system) LocationThread expire 6 lines
08-03 15:23:28.122  1058  1247 I chatty  : uid=1000(system) HuaweiWifiWatch expire 15 lines
08-03 15:23:29.885  1058  1237 I chatty  : uid=1000(system) WiFiArpStateMac expire 16 lines
08-03 15:23:31.554   568   568 E Thermal-daemon: [ap] temp_new :31  temp_old :30
08-03 15:23:31.554   568   568 E Thermal-daemon: Report temperature: [ap] temp :31  report_threshold:1
08-03 15:23:31.985  1374  1374 I chatty  : uid=10029(com.huawei.HwMultiScreenShot) com.android.systemui expire 38 lines
08-03 15:23:35.275  1058  1078 I chatty  : uid=1000(system) android.fg expire 3 lines
08-03 15:23:36.126  1058  1186 I chatty  : uid=1000(system) WifiStateMachin expire 10 lines
08-03 15:23:36.136  1058  1058 I chatty  : uid=1000 system_server expire 60 lines
08-03 15:23:36.809 13464 13564 I tnet-jni: 292 - [spdyPingRecvCallback] - 
08-03 15:23:36.810 13464 13564 I tnet-jni: 292 - [SpdySessionCallBack.spdyPingRecvCallback] - org.android.spdy.SpdySession@24a25c8
08-03 15:23:39.811 13120 13138 I AppLogManager: PrintWoker poll timeout , shutdown
08-03 15:23:40.109 13120 13120 I CloudAlbum[5.3.0.303]: [CGCommonStatusReceiver] CGCommonStatusReceiver, action: android.intent.action.BATTERY_CHANGED
08-03 15:23:40.112 13120 17041 I CloudAlbum[5.3.0.303]: [ReceiverManager] ReceiverManager action: android.intent.action.BATTERY_CHANGED
08-03 15:23:40.113 13120 17041 E CloudAlbum[5.3.0.303]: [ReceiverManager] not log on ignore
08-03 15:23:40.121  1813  1813 I Ptm.AbnormalObserver: current battery level value: 100
08-03 15:23:40.126  1813  1813 W Ptm.AbnormalObserver: ljs, in checkIsAbnormalHot, Ap_temp = 30
08-03 15:23:42.824  2171  2261 I amsnl   : ar
08-03 15:23:42.826  2171  2261 I amsnl   : t:false, fl: false, p: 20000, ce: true, we: true
08-03 15:23:42.837  2171  2261 I amsnl   : m1: false
08-03 15:23:42.857  2171  2261 I amsnl   : m2: false, m3: false
08-03 15:23:42.859  2171  2261 I amsnl   : c: false, w: true, t: true, l: false
08-03 15:23:42.860  2171  2261 I amsnl   : crs
08-03 15:23:42.860  2171  2261 I amsnl   : qg
08-03 15:23:42.873  2171  2261 I amsc    : same acc
08-03 15:23:42.873  2171  2261 I amsc    : gt2
08-03 15:23:42.873  2171  2261 I amsc    : found: wx4gd2z, 1501743981255
08-03 15:23:42.890  2171  2261 I amsnl   : uc
08-03 15:23:42.892  2171  2261 I amsnl   : report_loc:ODtbr4MKkiipA2NUkIEujewHzLh9n3AmT62Cke51vh8skjeXUwh0JmzjdYpmA7KUV+DyntBR7XVO
08-03 15:23:42.892  2171  2261 I amsnl   : dzA9j435+BIa4Ea6VL43bmoFo89bjJsLzFdb0gvAjMbsgUy4FMH6KDSo3k8xJmCVqpfK+JV55TGc
08-03 15:23:42.892  2171  2261 I amsnl   : xUYri6xzS0gVf9WO5MSDBd/c/jfW/1ptWH/kja5zPfzq8uqOCU+kXmP/IsNT+UdqLhQgXjJRHR6l
08-03 15:23:42.892  2171  2261 I amsnl   : dJ+/pt2siyLYwC2Nf5KGrEmOhLhPmU/pEByimnZkUJdiRZgytA
08-03 15:23:42.893  2171  2261 I amsst   : report
08-03 15:23:42.894  2171  2261 I amsl    : now: 10679087 lastReportTime: 10661576 periodSecs: 20
08-03 15:23:42.894  2171  2261 I amsl    : igore too fast report!
08-03 15:23:42.895  2171  2261 I amsst   : period: 20 enabled: true
08-03 15:23:42.900  1491  1504 W PhoneInterfaceManager: shouldBlockLocation running ...
08-03 15:23:42.900  1491  1504 I PhoneInterfaceManager: shouldBlockLocation  ret:false
08-03 15:23:42.911  1491  1502 W PhoneInterfaceManager: shouldBlockLocation running ...
08-03 15:23:42.911  1491  1502 I PhoneInterfaceManager: shouldBlockLocation  ret:false
08-03 15:23:42.929  1491  1728 W PhoneInterfaceManager: shouldBlockLocation running ...
08-03 15:23:42.929  1491  1728 I PhoneInterfaceManager: shouldBlockLocation  ret:false
08-03 15:23:42.932  2171  2261 I amsnl   : csr
08-03 15:23:42.932  2171  2261 I amsnl   : t:false, fl: false, p: 20000, ce: true, we: true
08-03 15:23:42.934  2171  2261 I amsnl   : m1: false
08-03 15:23:42.937  2171  2261 I amsnl   : m2: false, m3: false
08-03 15:23:42.937  2171  2261 I amsnl   : rl
08-03 15:23:42.937  2171  2261 I amsnl   : c: false, w: true, t: false, l: false
08-03 15:23:44.018  1374  1374 I chatty  : uid=10029(com.huawei.HwMultiScreenShot) com.android.systemui expire 40 lines
08-03 15:23:44.127  1058  1245 I chatty  : uid=1000(system) Thread-11 expire 20 lines
08-03 15:23:44.912  1058  1237 I chatty  : uid=1000(system) WiFiArpStateMac expire 16 lines
08-03 15:23:52.148  1058  1247 I chatty  : uid=1000(system) HuaweiWifiWatch expire 18 lines
08-03 15:23:56.590   568   568 E Thermal-daemon: [ap] temp_new :30  temp_old :31
08-03 15:23:56.590   568   568 E Thermal-daemon: Report temperature: [ap] temp :30  report_threshold:1
08-03 15:23:57.313  1058  1186 I chatty  : uid=1000(system) WifiStateMachin expire 10 lines
08-03 15:23:59.074  1374  1374 I chatty  : uid=10029(com.huawei.HwMultiScreenShot) com.android.systemui expire 41 lines
08-03 15:24:00.048  2201  2201 I HwLauncher: Model  onReceive intent=Intent { act=android.intent.action.TIME_TICK flg=0x50000014 (has extras) }
08-03 15:24:00.049  2201  2201 I HwLauncher: Model  onReceive user=UserHandle{0}
08-03 15:24:00.057  2201  2201 I TotemWeather: WeatherDataObserver info:receive action = #Intent;action=android.intent.action.TIME_TICK;launchFlags=0x50000014;i.android.intent.extra.ALARM_COUNT=1;end
08-03 15:24:00.065  2201  2201 I HwLauncher: ClockDynamicUpdater date changed begin
08-03 15:24:00.065  2201  2201 I HwLauncher: ClockDynamicUpdater date changed end
08-03 15:24:00.066  2201  2358 E HwLauncher: SettingsEx , no such field.
08-03 15:24:00.066  2201  2358 W HwLauncher: Clock getDataFormat the getSystemString failed.
08-03 15:24:00.068  2201  2358 I HwLauncher: ClockDynamicUpdater clock update folder at ClockDynamicUpdater
08-03 15:24:00.068  2201  2358 I HwLauncher: DynamicUpdater updateBitmap end and send update message
08-03 15:24:00.068  2201  2201 I HwLauncher: DynamicUpdater call updateFolder
08-03 15:24:00.084  2201  2201 I HwLauncher: CalenderDynamicUpdater date changed begin
08-03 15:24:00.084  2201  2201 I HwLauncher: CalenderDynamicUpdater date changed end
08-03 15:24:00.108  2201  2201 I TotemWeather: DateTimeView info:onTimeChanged
08-03 15:24:00.108  2201  2201 I TotemWeather: DateTimeView info:updateNextData nextTime: 0
08-03 15:24:00.108  2201  2201 I TotemWeather: DateTimeView info:onTimeChanged
08-03 15:24:00.108  2201  2201 I TotemWeather: DateTimeView info:updateNextData nextTime: 0
08-03 15:24:00.113  2201  2201 I TotemWeather: DateTimeView info:,Time =3:24,[:] timezone=中国标准时间
08-03 15:24:00.117  2201  2201 I TotemWeather: DateTimeView info:updateNextData nextTime: 60884
08-03 15:24:00.144  1058  1058 I chatty  : uid=1000 system_server expire 34 lines
08-03 15:24:00.147  1058  3170 I chatty  : uid=1000(system) MobileQosDetect expire 7 lines
08-03 15:24:00.988  1058  1237 I chatty  : uid=1000(system) WiFiArpStateMac expire 15 lines
08-03 15:24:01.598   568   568 E Thermal-daemon: [flash_led] temp_new :31  temp_old :30
08-03 15:24:01.599   568   568 E Thermal-daemon: Report temperature: [flash_led] temp :31  report_threshold:1
08-03 15:24:02.209 13285 13384 I awcn.TnetSpdySession: |[seq:23302625.AWCN1_1] ping receive Host:https://acs4public.m.taobao.com id:47
08-03 15:24:02.835  2171  2261 I amsnl   : ar
08-03 15:24:02.837  2171  2261 I amsnl   : t:false, fl: false, p: 20000, ce: true, we: true
08-03 15:24:02.847  2171  2261 I amsnl   : m1: false
08-03 15:24:02.863  2171  2261 I amsnl   : m2: false, m3: false
08-03 15:24:02.865  2171  2261 I amsnl   : c: false, w: true, t: true, l: false
08-03 15:24:02.866  2171  2261 I amsnl   : crs
08-03 15:24:02.867  2171  2261 I amsnl   : qg
08-03 15:24:02.891  2171  2261 I amsc    : same acc
08-03 15:24:02.893  2171  2261 I amsc    : gt2
08-03 15:24:02.893  2171  2261 I amsc    : found: wx4gd2z, 1501743981255
08-03 15:24:02.925  2171  2261 I amsnlp  : isConnected, isIdle: false isIgnoreBatOpt: true
08-03 15:24:02.963  2171  2261 I amsnl   : aq
08-03 15:24:02.965  2171  2261 I amsglsc : aq
08-03 15:24:02.966  2171  2261 I amsmsm  : sbrqst
08-03 15:24:02.978  2171  2250 I amsmsm  : sdmrrst
08-03 15:24:02.981  2171  2255 I amsshri : run
08-03 15:24:02.984  1491  8390 W PhoneInterfaceManager: shouldBlockLocation running ...
08-03 15:24:02.986  1491  8390 I PhoneInterfaceManager: shouldBlockLocation  ret:false
08-03 15:24:03.014  1491  3318 W PhoneInterfaceManager: shouldBlockLocation running ...
08-03 15:24:03.016  1491  3318 I PhoneInterfaceManager: shouldBlockLocation  ret:false
08-03 15:24:03.052  1491  1964 W PhoneInterfaceManager: shouldBlockLocation running ...
08-03 15:24:03.053  1491  1964 I PhoneInterfaceManager: shouldBlockLocation  ret:false
08-03 15:24:03.056  2171  2250 I amsmsm  : cmplt
08-03 15:24:03.059  2171  2250 I amsglsc : aql cmplt
08-03 15:24:03.060  2171  2261 I amsnl   : csr
08-03 15:24:03.060  2171  2261 I amsnl   : t:false, fl: false, p: 20000, ce: true, we: true
08-03 15:24:03.067  2171  2261 I amsnl   : m1: false
08-03 15:24:03.072  2171  2261 I amsnl   : m2: false, m3: false
08-03 15:24:03.073  2171  2261 I amsnl   : rl
08-03 15:24:03.073  2171  2261 I amsnl   : c: false, w: true, t: false, l: false
08-03 15:24:03.076  2171  2261 I amsnl   : aqr
08-03 15:24:03.079  2171  2261 I amsc    : same acc
08-03 15:24:03.081  2171  2261 I amsc    : gt2
08-03 15:24:03.082  2171  2261 I amsc    : found: wx4gd2z, 1501743981255
08-03 15:24:03.082  2171  2261 I amsnl   : dist: 6
08-03 15:24:03.095  2171  2261 I amsnl   : t:true, fl: false, p: 20000, ce: true, we: true
08-03 15:24:03.098  2171  2261 I amsnl   : m1: false
08-03 15:24:03.100  2171  2261 I amsnl   : m2: false, m3: false
08-03 15:24:03.101  2171  2261 I amsnl   : rl
08-03 15:24:03.101  2171  2261 I amsnl   : c: false, w: true, t: false, l: true
08-03 15:24:03.101  2171  2261 I amsst   : report
08-03 15:24:03.103  2171  2261 I amsl    : now: 10699295 lastReportTime: 10661576 periodSecs: 20
08-03 15:24:03.103  2171  2261 I amsmgrnlp: [V1.9.2.3-1-2-l4a1g0p4f4v0ofalse(r)]org-n size:1 key:amsnlp
08-03 15:24:03.104  2171  2171 I amsnlp  : REPORT-LOCATION
08-03 15:24:03.106  2171  2261 I amsst   : period: 20 enabled: true
08-03 15:24:05.149  1813  1825 W Ptm.AbnormalObserver: unhandled mesg: 4008
08-03 15:24:06.608   568   568 E Thermal-daemon: [flash_led] temp_new :30  temp_old :31
08-03 15:24:06.609   568   568 E Thermal-daemon: Report temperature: [flash_led] temp :30  report_threshold:1
08-03 15:24:10.272 13120 13120 I CloudAlbum[5.3.0.303]: [CGCommonStatusReceiver] CGCommonStatusReceiver, action: android.intent.action.BATTERY_CHANGED
08-03 15:24:10.276  1374  1374 I chatty  : uid=10029(com.huawei.HwMultiScreenShot) com.android.systemui expire 34 lines
08-03 15:24:10.276 13120 17041 I CloudAlbum[5.3.0.303]: [ReceiverManager] ReceiverManager action: android.intent.action.BATTERY_CHANGED
08-03 15:24:10.277 13120 17041 E CloudAlbum[5.3.0.303]: [ReceiverManager] not log on ignore
08-03 15:24:10.301  1813  1813 I Ptm.AbnormalObserver: current battery level value: 100
08-03 15:24:10.302  1813  1813 W Ptm.AbnormalObserver: ljs, in checkIsAbnormalHot, Ap_temp = 30
08-03 15:24:11.614   568   568 E Thermal-daemon: [flash_led] temp_new :31  temp_old :30
08-03 15:24:11.614   568   568 E Thermal-daemon: Report temperature: [flash_led] temp :31  report_threshold:1
08-03 15:24:12.218  1058  1058 I chatty  : uid=1000 system_server expire 28 lines
08-03 15:24:15.416  1058  1186 I chatty  : uid=1000(system) WifiStateMachin expire 14 lines
08-03 15:24:16.020  1058  1237 I chatty  : uid=1000(system) WiFiArpStateMac expire 24 lines
08-03 15:24:16.178  1058  1247 I chatty  : uid=1000(system) HuaweiWifiWatch expire 15 lines
08-03 15:24:21.633   568   568 E Thermal-daemon: [flash_led] temp_new :30  temp_old :31
08-03 15:24:21.633   568   568 E Thermal-daemon: Report temperature: [flash_led] temp :30  report_threshold:1
08-03 15:24:21.845  1058  2199 I chatty  : uid=1000(system) Binder:1058_E expire 2 lines
08-03 15:24:21.848  1058  2489 I chatty  : uid=1000(system) Binder:1058_F expire 3 lines
08-03 15:24:22.848  2171  2261 I amsnl   : ar
08-03 15:24:22.850  2171  2261 I amsnl   : t:false, fl: false, p: 20000, ce: true, we: true
08-03 15:24:22.860  2171  2261 I amsnl   : m1: false
08-03 15:24:22.876  2171  2261 I amsnl   : m2: false, m3: false
08-03 15:24:22.878  2171  2261 I amsnl   : c: false, w: false, t: true, l: false
08-03 15:24:22.878  2171  2261 I amsnl   : crs
08-03 15:24:22.879  2171  2261 I amsnl   : wrs
08-03 15:24:22.900  1491  1504 W PhoneInterfaceManager: shouldBlockLocation running ...
08-03 15:24:22.901  1491  1504 I PhoneInterfaceManager: shouldBlockLocation  ret:false
08-03 15:24:22.930  1491  1502 W PhoneInterfaceManager: shouldBlockLocation running ...
08-03 15:24:22.931  1491  1502 I PhoneInterfaceManager: shouldBlockLocation  ret:false
08-03 15:24:22.951  1491  1728 W PhoneInterfaceManager: shouldBlockLocation running ...
08-03 15:24:22.952  1491  1728 I PhoneInterfaceManager: shouldBlockLocation  ret:false
08-03 15:24:22.963  2171  2261 I amsnl   : csr
08-03 15:24:22.965  2171  2261 I amsnl   : t:false, fl: false, p: 20000, ce: true, we: true
08-03 15:24:22.972  2171  2261 I amsnl   : m1: false
08-03 15:24:22.980  2171  2261 I amsnl   : m2: false, m3: false
08-03 15:24:22.981  2171  2261 I amsnl   : c: false, w: false, t: false, l: false
08-03 15:24:23.156  1374  1374 I chatty  : uid=10029(com.huawei.HwMultiScreenShot) com.android.systemui expire 52 lines
08-03 15:24:24.187  1058  1058 I chatty  : uid=1000 system_server expire 66 lines
08-03 15:24:24.188  1058  1245 I chatty  : uid=1000(system) Thread-11 expire 10 lines
08-03 15:24:25.232  2171  2261 I amsnl   : wsr
08-03 15:24:25.235  1058  1323 I chatty  : uid=1000(system) Binder:1058_5 expire 5 lines
08-03 15:24:25.237  1058  1776 I chatty  : uid=1000(system) Binder:1058_8 expire 4 lines
08-03 15:24:25.245  2171  2261 I amsnl   : t:false, fl: false, p: 20000, ce: true, we: true
08-03 15:24:25.249  2171  2261 I amsnl   : m1: false
08-03 15:24:25.257  1058  1804 I chatty  : uid=1000(system) Binder:1058_B expire 5 lines
08-03 15:24:25.259  2171  2261 I amsnl   : m2: false, m3: false
08-03 15:24:25.259  2171  2261 I amsnl   : rl
08-03 15:24:25.259  2171  2261 I amsnl   : c: false, w: true, t: false, l: false
08-03 15:24:25.260  2171  2261 I amsnl   : qg
08-03 15:24:25.268  2171  2261 I amsc    : same acc
08-03 15:24:25.269  2171  2261 I amsc    : gt2
08-03 15:24:25.269  2171  2261 I amsc    : found: wx4gd2z, 1501743981255
08-03 15:24:25.272  1058  7416 I chatty  : uid=1000(system) Binder:1058_11 expire 5 lines
08-03 15:24:25.283  1058  1563 I chatty  : uid=1000(system) Binder:1058_7 expire 2 lines
08-03 15:24:25.297  1058  1802 I chatty  : uid=1000(system) Binder:1058_9 expire 2 lines
08-03 15:24:25.298  1058  1069 I chatty  : uid=1000(system) Binder:1058_2 expire 3 lines
08-03 15:24:25.303  1058  1803 I chatty  : uid=1000(system) Binder:1058_A expire 4 lines
08-03 15:24:25.304  1058  1068 I chatty  : uid=1000(system) Binder:1058_1 expire 4 lines
08-03 15:24:25.307  2171  2261 I amsnlp  : isConnected, isIdle: false isIgnoreBatOpt: true
08-03 15:24:25.317  2171  2261 I amsnl   : aq
08-03 15:24:25.318  2171  2261 I amsglsc : aq
08-03 15:24:25.318  2171  2261 I amsmsm  : sbrqst
08-03 15:24:25.329  2171  2250 I amsmsm  : sdmrrst
08-03 15:24:25.329  2171  2254 I amsshri : run
08-03 15:24:25.383  1058  1330 I chatty  : uid=1000(system) Binder:1058_6 expire 1 line
08-03 15:24:25.389  2171  2250 I amsmsm  : cmplt
08-03 15:24:25.390  2171  2250 I amsglsc : aql cmplt
08-03 15:24:25.391  2171  2261 I amsnl   : aqr
08-03 15:24:25.393  2171  2261 I amsc    : same acc
08-03 15:24:25.393  2171  2261 I amsc    : gt2
08-03 15:24:25.393  2171  2261 I amsc    : found: wx4gd2z, 1501743981255
08-03 15:24:25.393  2171  2261 I amsnl   : dist: 5
08-03 15:24:25.424  2171  2261 I amsnl   : t:true, fl: false, p: 20000, ce: true, we: true
08-03 15:24:25.426  2171  2261 I amsnl   : m1: false
08-03 15:24:25.427  2171  2261 I amsnl   : m2: false, m3: false
08-03 15:24:25.427  2171  2261 I amsnl   : rl
08-03 15:24:25.428  2171  2261 I amsnl   : c: false, w: true, t: false, l: true
08-03 15:24:25.428  2171  2261 I amsst   : report
08-03 15:24:25.429  2171  2261 I amsl    : now: 10721621 lastReportTime: 10699295 periodSecs: 20
08-03 15:24:25.429  2171  2261 I amsmgrnlp: [V1.9.2.3-1-2-l4a1g0p4f4v0ofalse(r)]org-n size:1 key:amsnlp
08-03 15:24:25.430  2171  2261 I amsst   : period: 20 enabled: true
08-03 15:24:25.430  2171  2171 I amsnlp  : REPORT-LOCATION
08-03 15:24:26.641   568   568 E Thermal-daemon: [flash_led] temp_new :31  temp_old :30
08-03 15:24:26.642   568   568 E Thermal-daemon: Report temperature: [flash_led] temp :31  report_threshold:1
08-03 15:24:26.643   568   568 E Thermal-daemon: [ap] temp_new :31  temp_old :30
08-03 15:24:26.643   568   568 E Thermal-daemon: Report temperature: [ap] temp :31  report_threshold:1
08-03 15:24:32.176  1058  1247 I chatty  : uid=1000(system) HuaweiWifiWatch expire 9 lines
08-03 15:24:40.436 13120 13120 I CloudAlbum[5.3.0.303]: [CGCommonStatusReceiver] CGCommonStatusReceiver, action: android.intent.action.BATTERY_CHANGED
08-03 15:24:40.443 13120 17041 I CloudAlbum[5.3.0.303]: [ReceiverManager] ReceiverManager action: android.intent.action.BATTERY_CHANGED
08-03 15:24:40.445 13120 17041 E CloudAlbum[5.3.0.303]: [ReceiverManager] not log on ignore
08-03 15:24:40.446  1813  1813 I Ptm.AbnormalObserver: current battery level value: 100
08-03 15:24:40.451  1813  1813 W Ptm.AbnormalObserver: ljs, in checkIsAbnormalHot, Ap_temp = 30
08-03 15:24:40.462  1374  1374 I chatty  : uid=10029(com.huawei.HwMultiScreenShot) com.android.systemui expire 45 lines
08-03 15:24:42.127  1058  1237 I chatty  : uid=1000(system) WiFiArpStateMac expire 12 lines
08-03 15:24:42.622  1058  1186 I chatty  : uid=1000(system) WifiStateMachin expire 11 lines
08-03 15:24:42.862  2171  2261 I amsnl   : ar
08-03 15:24:42.864  2171  2261 I amsnl   : t:false, fl: false, p: 20000, ce: true, we: true
08-03 15:24:42.874  2171  2261 I amsnl   : m1: false
08-03 15:24:42.893  2171  2261 I amsnl   : m2: false, m3: false
08-03 15:24:42.893  2171  2261 I amsnl   : c: false, w: true, t: true, l: false
08-03 15:24:42.894  2171  2261 I amsnl   : crs
08-03 15:24:42.894  2171  2261 I amsnl   : qg
08-03 15:24:42.903  2171  2261 I amsc    : same acc
08-03 15:24:42.904  2171  2261 I amsc    : gt2
08-03 15:24:42.904  2171  2261 I amsc    : found: wx4gd2z, 1501743981255
08-03 15:24:42.918  2171  2261 I amsnl   : uc
08-03 15:24:42.920  2171  2261 I amsnl   : report_loc:ODtbr4MKkiipA2NUkIEujewHzLh9n3AmT62Cke51vh8skjeXUwh0JmzjdYpmA7KUc1n3Tp0DS0fR
08-03 15:24:42.920  2171  2261 I amsnl   : qiFbMtuYPHiRQ5snan1j91kJm2nZ9ik+FkfQBe1bPgBQ8OsZXYu34N7Lruv/oTkfRZJgao4nlIFG
08-03 15:24:42.920  2171  2261 I amsnl   : tw8zvZrkETaQSxks0lJa5EtWe1YAOAB6BX+Z/rmH7ViQRhtW+lZ8PG/yIK3k+OVnEowrHJBu8RVW
08-03 15:24:42.920  2171  2261 I amsnl   : 87Y828HB3xRcsyKTBVtxOqBU2eokJKACJUmdDjyrrmlOo+y43g
08-03 15:24:42.920  2171  2261 I amsst   : report
08-03 15:24:42.921  2171  2261 I amsl    : now: 10739114 lastReportTime: 10721621 periodSecs: 20
08-03 15:24:42.922  2171  2261 I amsl    : igore too fast report!
08-03 15:24:42.922  2171  2261 I amsst   : period: 20 enabled: true
08-03 15:24:42.927  1491  1504 W PhoneInterfaceManager: shouldBlockLocation running ...
08-03 15:24:42.927  1491  1504 I PhoneInterfaceManager: shouldBlockLocation  ret:false
08-03 15:24:42.933  1491  1502 W PhoneInterfaceManager: shouldBlockLocation running ...
08-03 15:24:42.934  1491  1502 I PhoneInterfaceManager: shouldBlockLocation  ret:false
08-03 15:24:42.939  1491  1728 W PhoneInterfaceManager: shouldBlockLocation running ...
08-03 15:24:42.939  1491  1728 I PhoneInterfaceManager: shouldBlockLocation  ret:false
08-03 15:24:42.941  2171  2261 I amsnl   : csr
08-03 15:24:42.941  2171  2261 I amsnl   : t:false, fl: false, p: 20000, ce: true, we: true
08-03 15:24:42.943  2171  2261 I amsnl   : m1: false
08-03 15:24:42.944  2171  2261 I amsnl   : m2: false, m3: false
08-03 15:24:42.944  2171  2261 I amsnl   : rl
08-03 15:24:42.945  2171  2261 I amsnl   : c: false, w: true, t: false, l: false
08-03 15:24:43.859  1813  1813 W PTM.PeriodCheckManager: getPeriodCheckStatsInfo
08-03 15:24:43.862  1813  1813 W PTM.PeriodCheckManager: getPeriodCheckStatsInfo:powergenie_mode=2; backlight=2109; discharging=0; system_h=30; pa_0=29; soc_thermal=33; gpu=32; CpuFreqBig=1306000; CpuFreqlittle=807000; DDRFreq=360000000; GpuFreq=360000000; 
08-03 15:24:43.862  1813  1813 W PTM.PeriodCheckManager: mPeriodHanlder start
08-03 15:24:43.890  1813  1813 W PTM.PeriodCheckManager: enter the sendData func.
08-03 15:24:43.890  1813  1813 W PTM.PeriodCheckManager: sendData ready!
08-03 15:24:43.893  1813  1813 I iMonitor: create: 903001011
08-03 15:24:43.904  1813  1813 I iMonitor: send: 903001011
08-03 15:24:43.905   584  1053 I logserver: handle_exception_events enter
08-03 15:24:43.906  1813  1813 W PTM.PeriodCheckManager: mSendService start
08-03 15:24:43.931  1813  1838 E LogCollectService: illegal eventid
08-03 15:24:44.900   430   445 I chatty  : uid=1000(system) Binder:430_2 expire 2 lines
08-03 15:24:44.900   430  1262 I chatty  : uid=1000(system) Binder:430_3 expire 11 lines
08-03 15:24:44.914  1813  2608 W Ptm.AbnormalObserver: unhandled mesg: 4005
08-03 15:24:44.919  2201  2201 I TotemWeather: DateTimeView info:updateNextData nextTime: 0
08-03 15:24:44.921  2201  2416 I TotemWeather: WeatherDataManager info:queryCityTaskImpl: my location is enable locateCity = Chaoyang District
08-03 15:24:44.922  1584 17112 I TotemWeather: WeatherService info:processIntent action =com.huawei.android.action.NOTIFY_STATE
08-03 15:24:44.922  1584 17112 I TotemWeather: DeviceStateListener info:onTaskStateChanged->taskType:1, taskState:1
08-03 15:24:44.923  1584 17112 I TotemWeather: DeviceStateListener info:checkWeatherInfoTimeOut: weather update in half an hour,return
08-03 15:24:44.936  2201  2201 I HwLauncher: Launcher  onNewIntent mIsToUninstallApp = false,mIsLoading = false
08-03 15:24:44.937   430  1907 I chatty  : uid=1000(system) Binder:430_4 expire 3 lines
08-03 15:24:44.942   430  5973 I chatty  : uid=1000(system) Binder:430_5 expire 3 lines
08-03 15:24:44.950  2201  2201 I HwLauncher: Launcher  onNewIntent alreadyOnHome = false, touchActive = false
08-03 15:24:44.950  2201  2201 I HwLauncher: Workspace  changeState() fromState = NORMAL_MODE, toState = NORMAL_MODE, animated = false, delay = 40
08-03 15:24:44.950  2201  2201 W HwLauncher: Workspace  changeState() state no change.
08-03 15:24:44.950  2201  2201 I HwLauncher: Launcher  onNewIntent end
08-03 15:24:44.950  2201  2201 I HwLauncher: Launcher onResume()
08-03 15:24:44.951  2201  2201 I HwLauncher: Launcher doResumeWork()
08-03 15:24:44.952  2201  2201 I HwLauncher: Launcher  onResume mIsToUninstallApp = false
08-03 15:24:44.952  2201  2201 I HwLauncher: Launcher  Launcher hot start cost 2 ms
08-03 15:24:44.954  2201  2201 I TotemWeather: DateTimeView info:,Time =3:24,[:] timezone=中国标准时间
08-03 15:24:44.957  2201  2201 I TotemWeather: DateTimeView info:updateNextData nextTime: 16043
08-03 15:24:44.977  2201  2201 I TotemWeather: WidgetDataManager info:getLightColorType : 3
08-03 15:24:44.978  2201  2201 I TotemWeather: DateTimeView info:updateNextData nextTime: 0
08-03 15:24:44.979  2201  2201 I TotemWeather: DateTimeView info:updateNextData nextTime: 0
08-03 15:24:44.988  2201  2201 I TotemWeather: DateTimeView info:,Time =3:24,[:] timezone=中国标准时间
08-03 15:24:44.990  2201  2201 I TotemWeather: DateTimeView info:updateNextData nextTime: 16011
08-03 15:24:45.030  1058  1067 I chatty  : uid=1000(system) HeapTaskDaemon expire 2 lines
08-03 15:24:45.192 13285 13285 I awcn.ComponentCallbacks2:  onTrimMemory level:20
08-03 15:24:45.192 13285 13285 I awcn.SessionCenter: |[seq:[default]] [background]
08-03 15:24:45.193 13285 13285 I awcn.StrategyCenter:  saveData
08-03 15:24:45.193 13285 13285 I awcn.ThreadPoolExecutorFactory:  thread created! name:AWCN Dispatcher2
08-03 15:24:45.193 13285 13285 I awcn.SessionCenter: |[seq:23302625] [background]
08-03 15:24:45.193 13285 13285 I awcn.StrategyCenter:  saveData
08-03 15:24:45.202 13285 17114 I awcn.ThreadPoolExecutorFactory:  thread created! name:AWCN Worker(L)1
08-03 15:24:45.222 13285 17115 I awcn.SerializeHelper:  persist end. file:/storage/emulated/0/Android/data/com.ccvideo/files/awcn_strategy/0236a8c2bc921df3ceebeb17d7959016 cost:19
08-03 15:24:45.224 13285 17115 I awcn.SerializeHelper:  persist end. file:/storage/emulated/0/Android/data/com.ccvideo/files/awcn_strategy/b3d550581bcaa1fc3afcc6468a728934 cost:2
08-03 15:24:45.234 13285 17115 I awcn.SerializeHelper:  persist end. file:/storage/emulated/0/Android/data/com.ccvideo/files/awcn_strategy/config cost:9
08-03 15:24:45.237   430   430 I chatty  : uid=1000(system) /system/bin/surfaceflinger expire 6 lines
08-03 15:24:45.494  2201  2389 W OpenGLRenderer: Incorrectly called buildLayer on View: ShortcutAndWidgetContainer, destroying layer...
08-03 15:24:45.494  2201  2389 W OpenGLRenderer: Incorrectly called buildLayer on View: ShortcutAndWidgetContainer, destroying layer...
08-03 15:24:45.499  1535  1546 I PGServer: checkPkgType. calling pkg: android
08-03 15:24:45.645  2201  2201 I HwLauncher: FPSMonitor  [Launcher , dispatchTouchEvent begin, false, true] down event  x = 681 y = 1363
08-03 15:24:45.645  2201  2201 I HwLauncher: Launcher workspaceTranslationX = 0.0
08-03 15:24:45.645  2201  2201 I HwLauncher: FPSMonitor  [PagedView , onIntercept] down event  x = 681 y = 1363
08-03 15:24:45.647  2201  2201 I HwLauncher: FPSMonitor  [Launcher , dispatchTouchEvent end, false, true] down event  x = 681 y = 1363
08-03 15:24:45.665  2201  2201 I HwLauncher:  FPSMonitor startScroll xMoved = true  xPaged = false xDiff =  28
08-03 15:24:45.677  2201  2201 I HwLauncher: Launcher.Utilities  unread scaledHeight = 51;sBigIconSize = 161
08-03 15:24:45.716  2201  2201 I HwLauncher: FPSMonitor  [Launcher , dispatchTouchEvent begin, false, true] up event  x = 961 y = 1419
08-03 15:24:45.716  2201  2201 I HwLauncher: FPSMonitor  [PagedView , onTouchEvent] up event  x = 961 y = 1419
08-03 15:24:45.716  2201  2201 I HwLauncher:  FPSMonitor snapToPage whichPage = 1 delta = -833 duration = 320
08-03 15:24:45.716  2201  2201 I HwLauncher: FPSMonitor  [Launcher , dispatchTouchEvent end, false, true] up event  x = 961 y = 1419
08-03 15:24:46.038  2201  2201 I HwLauncher:  FPSMonitor endScroll
08-03 15:24:46.342  2201  2201 I HwLauncher: FPSMonitor  [Launcher , dispatchTouchEvent begin, false, true] down event  x = 756 y = 1343
08-03 15:24:46.342  2201  2201 I HwLauncher: Launcher workspaceTranslationX = 0.0
08-03 15:24:46.343  2201  2201 I HwLauncher: FPSMonitor  [PagedView , onIntercept] down event  x = 756 y = 1343
08-03 15:24:46.344  2201  2201 I HwLauncher: FPSMonitor  [Launcher , dispatchTouchEvent end, false, true] down event  x = 756 y = 1343
08-03 15:24:46.381  2201  2201 I HwLauncher:  FPSMonitor startScroll xMoved = true  xPaged = true xDiff =  35
08-03 15:24:46.386  2201  2201 I HwLauncher: Launcher.Utilities  unread scaledHeight = 51;sBigIconSize = 161
08-03 15:24:46.439  2201  2201 I HwLauncher: FPSMonitor  [Launcher , dispatchTouchEvent begin, false, true] up event  x = 1033 y = 1341
08-03 15:24:46.439  2201  2201 I HwLauncher: FPSMonitor  [PagedView , onTouchEvent] up event  x = 1033 y = 1341
08-03 15:24:46.439  2201  2201 I HwLauncher:  FPSMonitor snapToPage whichPage = 0 delta = -774 duration = 372
08-03 15:24:46.440  2201  2201 I HwLauncher: FPSMonitor  [Launcher , dispatchTouchEvent end, false, true] up event  x = 1033 y = 1341
08-03 15:24:46.771  2201  2201 I HwLauncher:  FPSMonitor endScroll
08-03 15:24:47.222 13285 13395 E awcn.DefaultHeartbeatImpl:  close session in background session:Session@[23302625.AWCN1_1|http2_0rtt_acs]
08-03 15:24:47.222 13285 13395 I awcn.DefaultHeartbeatImpl:  heartbeat stop session:Session@[23302625.AWCN1_1|http2_0rtt_acs]
08-03 15:24:47.222 13285 13395 E awcn.TnetSpdySession: |[seq:23302625.AWCN1_1] force close! session:Session@[23302625.AWCN1_1|http2_0rtt_acs]
08-03 15:24:47.222 13285 13395 E awcn.Session: |[seq:23302625.AWCN1_1] notifyStatus status:DISCONNECTING
08-03 15:24:47.224 13285 13384 E awcn.TnetSpdySession: |[seq:23302625.AWCN1_1] spdySessionCloseCallback  errorCode::-2002
08-03 15:24:47.224 13285 13384 E awcn.Session: |[seq:23302625.AWCN1_1] notifyStatus status:DISCONNECTED
08-03 15:24:47.228 13285 13285 I accs.MsgDistributeService:  onStartCommand action:com.taobao.accs.intent.action.RECEIVE
08-03 15:24:47.229 13285 13381 I accs.MsgDistribute:  distribute command::103  serviceId::  dataId:: appkey:
08-03 15:24:47.230 13285 13381 I SendBroadcastPermission: action:com.taobao.accs.intent.action.CONNECTINFO, mPermissionType:0
08-03 15:24:47.247  2201  2201 I HwLauncher: FPSMonitor  [Launcher , dispatchTouchEvent begin, false, true] down event  x = 789 y = 1288
08-03 15:24:47.247  2201  2201 I HwLauncher: Launcher workspaceTranslationX = 0.0
08-03 15:24:47.247  2201  2201 I HwLauncher: FPSMonitor  [PagedView , onIntercept] down event  x = 789 y = 1288
08-03 15:24:47.249  2201  2201 I HwLauncher: FPSMonitor  [Launcher , dispatchTouchEvent end, false, true] down event  x = 789 y = 1288
08-03 15:24:47.275  2201  2201 I HwLauncher: FPSMonitor  [Launcher , dispatchTouchEvent begin, false, true] up event  x = 786 y = 1288
08-03 15:24:47.275  2201  2201 I HwLauncher: FPSMonitor  [PagedView , onIntercept] up event  x = 786 y = 1288
08-03 15:24:47.276  2201  2201 I HwLauncher: FPSMonitor  [Launcher , dispatchTouchEvent end, false, true] up event  x = 786 y = 1288
08-03 15:24:47.278  2201  2201 I HwLauncher: Launcher onclick begin com.huawei.android.launcher.BubbleTextView{59ea24c VFED..CL. ...P..ID 633,1264-844,1550 #9c000304}
08-03 15:24:47.278  2201  2201 I HwLauncher: Launcher.Utilities  startActivitySafely useLaunchAnimation = true
08-03 15:24:47.279  2201  2201 I HwLauncher: Launcher.Utilities  startActivitySafely begin startActivity() for current user
08-03 15:24:47.301  2201  2201 I HwLauncher: Launcher.Utilities  startActivitySafely end startActivity() for current user
08-03 15:24:47.301  2201  2201 I HwLauncher: Launcher this view's parent is not SearchGridView , so no need to reportRecentApp.
08-03 15:24:47.301  2201  2201 I HwLauncher: Launcher onclick end
08-03 15:24:47.307  1058  1080 I chatty  : uid=1000(system) android.display expire 7 lines
08-03 15:24:47.310  2201  2201 I HwLauncher: Launcher.Utilities  unread scaledHeight = 51;sBigIconSize = 161
08-03 15:24:47.317  2201  2201 I HwLauncher: Launcher onPause()
08-03 15:24:47.318  2201 17120 I HwLauncher: Launcher.MotionManager stopMotionAppsReco begin,mFlg = 403
08-03 15:24:47.318  2201 17120 W HwLauncher: Launcher.MotionManager stopMotionAppsReco service flg 403 is unavailable
08-03 15:24:47.344  1813  2608 W Ptm.AbnormalObserver: unhandled mesg: 4005
08-03 15:24:47.353  1584 17122 I TotemWeather: WeatherService info:processIntent action =com.huawei.android.action.NOTIFY_STATE
08-03 15:24:47.353  1584 17122 I TotemWeather: DeviceStateListener info:onTaskStateChanged->taskType:1, taskState:0
08-03 15:24:47.436 14040 14040 I HwCust  : Constructor found for class android.app.HwCustActivityImpl
08-03 15:24:47.443  1058  1069 I chatty  : uid=1000(system) Binder:1058_2 expire 2 lines
08-03 15:24:47.463 14040 14040 I HwCust  : Constructor found for class android.app.HwCustHwWallpaperManagerImpl
08-03 15:24:47.464  2201  2201 I HwLauncher: WidgetCustomizeContainer all widgets =[AppWidgetProviderInfo(UserHandle{0}/ComponentInfo{com.cleanmaster.security_cn/ks.cm.antivirus.widget.AppWidgetProviderControl}), AppWidgetProviderInfo(UserHandle{0}/ComponentInfo{cn.wps.moffice_eng/cn.wps.widget.MofficeAppWidgetProvider_4x2}), AppWidgetProviderInfo(UserHandle{0}/ComponentInfo{com.android.calendar/com.android.calendar.widget.CalendarAppWidgetProvider}), AppWidgetProviderInfo(UserHandle{0}/ComponentInfo{com.android.calendar/com.android.calendar.simpleui.CalendarSimpleUiPRovider}), AppWidgetProviderInfo(UserHandle{0}/ComponentInfo{com.android.calendar/com.android.calendar.mycalendar.CalendarAppWidgetProvider}), AppWidgetProviderInfo(UserHandle{0}/ComponentInfo{com.android.deskclock/com.android.alarmclock.DigitalClockAppWidgetProvider}), AppWidgetProviderInfo(UserHandle{0}/ComponentInfo{com.android.deskclock/com.android.alarmclock.AnalogAppWidgetProvider}), AppWidgetProviderInfo(UserHandle{0}/ComponentInfo{com.android.deskclock/com.android.alarmclock.WorldClockAppWidgetProvider}), AppWidgetProviderInfo(UserHandle{0}/ComponentInfo{com.android.email/com.android.email.provider.WidgetProvider}), AppWidgetProviderInfo(UserHandle{0}/ComponentInfo{com.android.gallery3d/com.android.gallery3d.gadget.PhotoAppWidgetProvider}), AppWidgetProviderInfo(UserHandle{0}/ComponentInfo{com.android.mediacenter/com.android.mediacenter.localmusic.MediaAppWidgetProvider}), AppWidgetProviderInfo(UserHandle{0}/ComponentInfo{com.android.settings/com.android.settings.widget.SettingsAppWidgetProvider}), AppWidgetProviderInfo(UserHandle{0}/ComponentInfo{com.baidu.searchbox/com.baidu.searchbox.widget.SearchWidgetProvider}), AppWidgetProviderInfo(UserHandle{0}/ComponentInfo{com.baidu.searchbox/com.baidu.searchbox.widget.TransSearchWidgetProvider}), AppWidgetProviderInfo(UserHandle{0}/ComponentInfo{com.baidu.searchbox/com.baidu.searchbox.widget.ClockWidgetProvider}), AppWidgetProviderInfo(UserHandle{0}/ComponentInfo{com.example.android.notepad/com.example.android.notepad.widget.NotesWidgetProvider}), AppWidgetProviderInfo(UserHandle{0}/ComponentInfo{com.huawei.android.FMRadio/com.huawei.android.FMRadio.FMRadioWidget}), AppWidgetProviderInfo(UserHandle{0}/ComponentInfo{com.huawei.android.launcher/com.huawei.android.launcher.widget.OneKeyCleanWidget}), AppWidgetProviderInfo(UserHandle{0}/ComponentInfo{com.huawei.android.totemweather/com.huawei.android.totemweather.widget.WeatherSmallWidgetProvider}), AppWidgetProviderInfo(UserHandle{0}/ComponentInfo{com.huawei.android.totemweather/com.huawei.android.totemweather.widget.WeatherSimpleWidgetProvider}), AppWidgetProviderInfo(UserHandle{0}/ComponentInfo{com.huawei.android.totemweather/com.huawei.android.totemweather.widget.doublecity.DualWidgetWeatherProvider}), AppWidgetProviderInfo(UserHandle{0}/ComponentInfo{com.huawei.android.totemweather/com.huawei.android.totemweather.widget.mulan.MulanWidgetWeatherProvider}), AppWidgetProviderInfo(UserHandle{0}/ComponentInfo{com.android.chrome/com.google.android.apps.chrome.appwidget.bookmarks.BookmarkThumbnailWidgetProvider}), AppWidgetProviderInfo(UserHandle{0}/ComponentInfo{com.cleanmaster.mguard_cn/com.cleanmaster.appwidget.MainAppWidgetWhiteProvider}), AppWidgetProviderInfo(UserHandle{0}/ComponentInfo{com.cleanmaster.mguard_cn/com.cleanmaster.appwidget.MainAppWidgetBlackProvider}), AppWidgetProviderInfo(UserHandle{0}/ComponentInfo{com.cleanmaster.security_cn/ks.cm.antivirus.applock.widget.AppLockWidgetProviderControl}), AppWidgetProviderInfo(UserHandle{0}/ComponentInfo{com.sina.weibo/com.sina.weibo.gowidget.GoWidgetProvider}), AppWidgetProviderInfo(UserHandle{0}/ComponentInfo{com.tencent.qqmusic/com.tencent.qqmusiccommon.WidgetProviderSmall}), AppWidgetProviderInfo(UserHandle{0}/ComponentInfo{com.tencent.qqmusic/com.tencent.qqmusiccommon.WidgetProviderMiddle}), AppWidgetProviderInfo(UserHandle{0}/ComponentInfo{com.tencent.qqmusic/com.tencent.qqmusiccommon.WidgetProviderLarge}), AppWidgetProviderInfo(UserHandle{0}/ComponentInfo{la.droid.qr.priva/la.droid.qr.priva.wid.FrameWid
08-03 15:24:47.466 14040 14040 I HwCust  : Constructor found for class com.android.settings.HwCustSplitUtilsImpl
08-03 15:24:47.468 14040 14040 I HwCust  : Constructor found for class com.android.settings.HwCustSettingUtilsImpl
08-03 15:24:47.527 14040 14040 W WindowDecorActionBar: should not do the transition or the transition anim is null or it is running or the mContainer view is null or mContainer view hasn't been drawn to screen 
08-03 15:24:47.527 14040 14040 I HwResourcesImpl: load icon id : 7f030000, pkgName : com.android.settings
08-03 15:24:47.529 14040 14040 W CfgFilePolicy: No config file found for:/themes/diff/icons
08-03 15:24:47.529 14040 14040 W CfgFilePolicy: CFG_DIRS length : 9
08-03 15:24:47.531 14040 14040 I HwResourcesImpl: icon : com.android.settings found in theme
08-03 15:24:47.531 14040 14040 I HwCust  : Constructor found for class android.content.res.HwCustHwResourcesImpl
08-03 15:24:47.625 14040 14040 I HwCust  : Constructor found for class com.android.settings.HwCustSettingsActivityImpl
08-03 15:24:47.643 14040 17125 W System  : ClassLoader referenced unknown path: 
08-03 15:24:47.643 14040 17125 W System  : ClassLoader referenced unknown path: /system/priv-app/Settings/lib/arm64
08-03 15:24:47.644  1535  1552 I PGServer: checkPkgType. calling pkg: android
08-03 15:24:47.645 14040 14040 W WindowDecorActionBar: should not do the transition or the transition anim is null or it is running or the mContainer view is null or mContainer view hasn't been drawn to screen 
08-03 15:24:47.652  1058  1079 I chatty  : uid=1000(system) android.io expire 10 lines
08-03 15:24:47.675 17130 17130 I         : power log dlsym ok
08-03 15:24:47.677 14040 17126 I Bluetooth_stlib: LocalBluetoothProfileManager:Adding local MAP profile
08-03 15:24:47.677 17130 17130 I art     : Reinit property: dalvik.vm.checkjni= false
08-03 15:24:47.682 14040 17126 I Bluetooth_stlib: LocalBluetoothProfileManager:LocalBluetoothProfileManager construction complete
08-03 15:24:47.683 14040 17126 I HwCust  : Constructor found for class com.android.settings.HwCustLauncherModeSettingsActivityImpl
08-03 15:24:47.684 14040 17126 I HwCust  : Constructor found for class com.android.settings.search.HwCustSearchIndexProviderImpl
08-03 15:24:47.685   606   877 I audio_custom: dev_get_parameters: query audio capability:dual_smartpa_support and set dual_smartpa_support = false
08-03 15:24:47.685   606   877 I hash_map_utils: key: 'audio_capability' value: 'dual_smartpa_support'
08-03 15:24:47.686 14040 17126 I HwCust  : Constructor found for class com.android.settings.HwCustSoundSettingsHwBaseImpl
08-03 15:24:47.701 17130 17130 I art     : Starting a blocking GC AddRemoveAppImageSpace
08-03 15:24:47.704 17130 17130 W art     : JIT profile information will not be recorded: profile file does not exits.
08-03 15:24:47.720 14040 14040 I HwPointEventFilter: support AFT
08-03 15:24:47.723 17130 17130 I HwOUC   : [main-1]HwOUCSearchIndexablesProvider onCreate(/HwOUCSearchIndexablesProvider.java:136)
08-03 15:24:47.733 17130 17130 I HwOUC   : [main-1]HwOucApplication--onCreate, start(/HwOucApplication.java:52)
08-03 15:24:47.733 17130 17142 I HwOUC   : [Binder:17130_2-310]HwOUCSearchIndexablesProvider queryXmlResources(/HwOUCSearchIndexablesProvider.java:105)
08-03 15:24:47.733 17130 17130 I HwOUC   : [main-1]HwOucApplication--getProcessName, pid is 17130(/HwOucApplication.java:98)
08-03 15:24:47.734 17130 17130 I HwOUC   : [main-1]HwOucApplication--onCreate, processName is com.huawei.android.hwouc; android.os.Process.myUid() is 10054(/HwOucApplication.java:54)
08-03 15:24:47.734 17130 17130 I HwOUC   : [main-1]HwOucApplication--onCreate, isDefaultProcess true, init(/HwOucApplication.java:58)
08-03 15:24:47.735 17130 17130 I HwOUC   : [main-1]----load default presets...(/HwOucConfig.java:2414)
08-03 15:24:47.737 17130 17142 I HwOUC   : [Binder:17130_2-310]BaseSearchIndexProvider()(/BaseSearchIndexProvider.java:15)
08-03 15:24:47.737 17130 17142 I HwOUC   : [Binder:17130_2-310]SettingsActivity BaseSearchIndexProvider() getXmlResourcesToIndex(/SettingsActivity.java:472)
08-03 15:24:47.738 17130 17142 I HwOUC   : [Binder:17130_2-310]HwOUCSearchIndexablesProvider queryXmlResources value size is 1(/HwOUCSearchIndexablesProvider.java:117)
08-03 15:24:47.738 17130 17142 I HwOUC   : [Binder:17130_2-310]HwOUCSearchIndexablesProvider queryXmlResources addRow(/HwOUCSearchIndexablesProvider.java:128)
08-03 15:24:47.742 17130 17130 I HwOUC   : [main-1]----loadOucConfig by HwCfgFilePolicy.getCfgFileList filepath is /product/etc/xml/hwouc_presets.xml ; AbsolutePath is /product/etc/xml/hwouc_presets.xml(/HwOucConfig.java:2429)
08-03 15:24:47.742 17130 17141 I HwOUC   : [Binder:17130_1-309]HwOUCSearchIndexablesProvider queryRawData(/HwOUCSearchIndexablesProvider.java:67)
08-03 15:24:47.742 17130 17141 I HwOUC   : [Binder:17130_1-309]SettingsActivity BaseSearchIndexProvider() getRawDataToIndex(/SettingsActivity.java:484)
08-03 15:24:47.743 17130 17141 I HwOUC   : [Binder:17130_1-309]HwOUCSearchIndexablesProvider queryRawData values size is 0(/HwOUCSearchIndexablesProvider.java:80)
08-03 15:24:47.744 17130 17141 I HwOUC   : [Binder:17130_1-309]HwOUCSearchIndexablesProvider queryNonIndexableKeys(/HwOUCSearchIndexablesProvider.java:43)
08-03 15:24:47.744 17130 17130 I HwOUC   : [main-1]loadOucConfig by HwCfgFilePolicy.getCfgFileList no exception(/HwOucConfig.java:2517)
08-03 15:24:47.745 17130 17141 I HwOUC   : [Binder:17130_1-309]SettingsActivity BaseSearchIndexProvider() getNonIndexableKeys(/SettingsActivity.java:491)
08-03 15:24:47.745 17130 17141 I HwOUC   : [Binder:17130_1-309]SettingsActivity BaseSearchIndexProvider() getNonIndexableKeys hide auto check when search(/SettingsActivity.java:495)
08-03 15:24:47.748 17130 17141 I HwCust  : Constructor found for class com.huawei.android.cust.cota.util.HwCustHwOucUtilityImpl, args = [Ljava.lang.Object;@ce146eb
08-03 15:24:47.749 17130 17141 I HwOUC   : [Binder:17130_1-309]isSupportsMultipleUsers is true(/HwOucUtility.java:5019)
08-03 15:24:47.749 17130 17141 I HwOUC   : [Binder:17130_1-309]isMainUser myUserId is 0;isMainUser is true(/HwOucUtility.java:5031)
08-03 15:24:47.749 17130 17141 I HwOUC   : [Binder:17130_1-309]SettingsActivity BaseSearchIndexProvider() getNonIndexableKeys main user(/SettingsActivity.java:504)
08-03 15:24:47.750 17130 17130 I HwOUC   : [main-1]enter detectStorage!!!(/HwOucUtility.java:476)
08-03 15:24:47.750 17130 17141 E HwOUC   : [Binder:17130_1-309]method invoke failed(/HwOucUtility.java:689)
08-03 15:24:47.750 17130 17141 I HwOUC   : [Binder:17130_1-309]isTablet() = false(/HwOucUtility.java:692)
08-03 15:24:47.750 17130 17141 I HwOUC   : [Binder:17130_1-309]SettingsActivity BaseSearchIndexProvider() getNonIndexableKeys BETA_AND_STABLE_VERSION_FLAG is false,so hide CHECK_UPDATE_SETTING when search(/SettingsActivity.java:514)
08-03 15:24:47.750 17130 17141 I HwOUC   : [Binder:17130_1-309]HwOUCSearchIndexablesProvider queryNonIndexableKeys values size is 2(/HwOUCSearchIndexablesProvider.java:55)
08-03 15:24:47.750 17130 17141 I HwOUC   : [Binder:17130_1-309]HwOUCSearchIndexablesProvider queryNonIndexableKeys addRow(/HwOUCSearchIndexablesProvider.java:60)
08-03 15:24:47.750 17130 17141 I HwOUC   : [Binder:17130_1-309]HwOUCSearchIndexablesProvider queryNonIndexableKeys addRow(/HwOUCSearchIndexablesProvider.java:60)
08-03 15:24:47.753 17130 17130 I HwOUC   : [main-1]getCryptToUncryptDir dir is /data/update(/HwOucUtility.java:6762)
08-03 15:24:47.753 17130 17130 I HwOUC   : [main-1]getCryptToUncryptDir return /data/update(/HwOucUtility.java:6767)
08-03 15:24:47.753 17130 17130 I HwOUC   : [main-1]enter detectStorage path is /storage/emulated/0(/HwOucUtility.java:493)
08-03 15:24:47.753 17130 17130 I HwOUC   : [main-1]enter detectStorage isEmulated is true;isRemovable is false;isPrimary is true;uUid is null(/HwOucUtility.java:494)
08-03 15:24:47.753 17130 17130 I HwOUC   : [main-1]enter detectStorage isPrimary or isEmulated true, set internal path: /storage/emulated/0(/HwOucUtility.java:496)
08-03 15:24:47.754 17130 17130 E HwOUC   : [main-1]method invoke failed(/HwOucUtility.java:689)
08-03 15:24:47.754 17130 17130 I HwOUC   : [main-1]isTablet() = false(/HwOucUtility.java:692)
08-03 15:24:47.754 17130 17130 I HwOUC   : [main-1]getAutoDownloadValueOfStartupGuide(/HwOucUtility.java:4879)
08-03 15:24:47.756 17130 17146 I HwOUC   : [Thread-4-314]CheckPhoneEncrypted(/CheckPhoneEncrypted.java:27)
08-03 15:24:47.757 17130 17130 I HwOUC   : [main-1]getAutoDownloadValueOfStartupGuide autoDownloadValue is 1(/HwOucUtility.java:4887)
08-03 15:24:47.757 17130 17130 I HwOUC   : [main-1]getRealFirmwareVersion(),send ro.build.product.real.id = (/HwOucUtility.java:3159)
08-03 15:24:47.758 17130 17130 I HwOUC   : [main-1]getFirmwareVersion(), getDisplayFirmwareVersion NXT-TL00C01B575(/HwOucUtility.java:3162)
08-03 15:24:47.758 17130 17130 I HwOUC   : [main-1]isInstallingStatus(/HwOucUtility.java:3207)
08-03 15:24:47.758 17130 17130 I HwOUC   : [main-1]isAllFirmwareInstallingStatus(/HwOucUtility.java:3222)
08-03 15:24:47.769 14040 17125 W Index   : Cannot add index data for Uri: content://com.huawei.android.launcher/settings/indexables_raw
08-03 15:24:47.773 17130 17130 I HwOUC   : [main-1]DBManager--getCacheContents data size is 3; tableType is 4(/CacheDBManager.java:141)
08-03 15:24:47.773 17130 17130 E HwOUC   : [main-1]DBManager--parseId uri error:content://hwouc_download/firmware(/CacheDBManager.java:148)
08-03 15:24:47.773 17130 17130 I HwOUC   : [main-1]isAllFirmwareInSameStatus firmwareStatus is 7; statusNum is 0; recordNum is 3(/HwOucUtility.java:4785)
08-03 15:24:47.773 17130 17130 I HwOUC   : [main-1]isAllFirmwareInstallingStatus is false(/HwOucUtility.java:3224)
08-03 15:24:47.773 17130 17130 I HwOUC   : [main-1]DBManager--getCacheContents data size is 3; tableType is 4(/CacheDBManager.java:141)
08-03 15:24:47.774 17130 17130 E HwOUC   : [main-1]DBManager--parseId uri error:content://hwouc_download/firmware(/CacheDBManager.java:148)
08-03 15:24:47.774 17130 17130 I HwOUC   : [main-1]isAllFirmwareInSameStatus firmwareStatus is 22; statusNum is 0; recordNum is 3(/HwOucUtility.java:4785)
08-03 15:24:47.774 17130 17130 I HwOUC   : [main-1]isAllFirmwareSwitchBeginUnderAB is false(/HwOucUtility.java:4744)
08-03 15:24:47.774 17130 17130 I HwOUC   : [main-1]isInstallingStatus is false(/HwOucUtility.java:3211)
08-03 15:24:47.774 17130 17130 I HwOUC   : [main-1]baseVersionOfNewVersion is NXT-TL00C01B575;isInstallingStatus is false(/HwOucUtility.java:3115)
08-03 15:24:47.774 17130 17130 I HwOUC   : [main-1]initSystemVersionInOmeInfo(/OemInfoUtil.java:130)
08-03 15:24:47.775 17130 17130 I HwOUC   : [main-1]getRealFirmwareVersion(),send ro.build.product.real.id = (/HwOucUtility.java:3159)
08-03 15:24:47.775 17130 17130 I HwOUC   : [main-1]getFirmwareVersion(), getDisplayFirmwareVersion NXT-TL00C01B575(/HwOucUtility.java:3162)
08-03 15:24:47.775 17130 17130 I HwOUC   : [main-1]DBManager--getCacheContents data size is 3; tableType is 4(/CacheDBManager.java:141)
08-03 15:24:47.775 17130 17130 E HwOUC   : [main-1]DBManager--parseId uri error:content://hwouc_download/firmware(/CacheDBManager.java:148)
08-03 15:24:47.775 17130 17130 I HwOUC   : [main-1]isMicroPatchOnly patchOnlyNum is 0; totalNum is 3(/HwOucUtility.java:4854)
08-03 15:24:47.775 17130 17130 I HwOUC   : [main-1]isMicroPatchOnly is false(/HwOucUtility.java:4861)
08-03 15:24:47.776 17130 17130 I HwOUC   : [main-1]isABsystemSupport local swtich is closed, return false(/HwOucUtility.java:7048)
08-03 15:24:47.776 17130 17130 I HwOUC   : [main-1]initSystemVersionInOmeInfo nextCheckNewVersionTime is 1501754386590; isABsystemSupport is false(/OemInfoUtil.java:133)
08-03 15:24:47.776 17130 17130 I HwOUC   : [main-1]initSystemVersionInOmeInfo nextCheckNewVersionTime is not -1 and ABsystem not Support ,do not init system version in omeInfo : 1501754386590(/OemInfoUtil.java:159)
08-03 15:24:47.776 17130 17130 I HwOUC   : [main-1]initTopActivityList.(/HwOucConfig.java:2876)
08-03 15:24:47.776 17130 17130 I HwOUC   : [main-1]DBManager--getCacheContents data size is 3; tableType is 4(hwouc/CacheDBManager.java:141)
08-03 15:24:47.776 17130 17130 E HwOUC   : [main-1]DBManager--parseId uri error:content://hwouc_download/firmware(hwouc/CacheDBManager.java:148)
08-03 15:24:47.777 17130 17130 I HwOUC   : [main-1]HwOucApplication--onCreate, cacheCpuInfo is 8_2.3GHz(hwouc/HwOucApplication.java:69)
08-03 15:24:47.777 17130 17130 I HwOUC   : [main-1]HwOucApplication--onCreate, end(hwouc/HwOucApplication.java:82)
08-03 15:24:47.786 14040 17144 I OpenGLRenderer: Initialized EGL, version 1.4
08-03 15:24:47.793 14040 17144 W linker  : /vendor/lib64/libhwuibp.so: unused DT entry: type 0xf arg 0xe3a
08-03 15:24:47.820  1547  1561 E HwMotionRecognition: DsSearchIndexablesProvider error:add raw data:翻转
08-03 15:24:47.820  1547  1561 E HwMotionRecognition: DsSearchIndexablesProvider error:add raw data:拿起手机
08-03 15:24:47.820  1547  1561 E HwMotionRecognition: DsSearchIndexablesProvider error:add raw data:拿到耳边
08-03 15:24:47.820  1547  1561 E HwMotionRecognition: DsSearchIndexablesProvider error:add raw data:来电静音
08-03 15:24:47.820  1547  1561 E HwMotionRecognition: DsSearchIndexablesProvider error:add raw data:计时器和闹钟静音
08-03 15:24:47.820  1547  1561 E HwMotionRecognition: DsSearchIndexablesProvider error:add raw data:减弱来电铃声音量
