08-03 15:31:00.168  2201  2201 I TotemWeather: DateTimeView info:updateNextData nextTime: 60833
08-03 15:31:00.244  1374  1374 I NetworkSpeedManagerEx: mIsStop = false
08-03 15:31:00.245  1374  1374 I NetworkSpeedManagerEx:  value = 351.33334
08-03 15:31:00.246  1374  1374 I NetworkSpeedManagerEx: speed = 351B/s
08-03 15:31:00.246  1374  1374 I NetworkSpeedView: /update(), speed=351B/s parent class:class com.android.systemui.statusbar.HwSystemIcons
08-03 15:31:00.291  1374  1374 I NetworkSpeedManagerEx: mIsStop = false
08-03 15:31:00.293  1374  1374 I NetworkSpeedManagerEx:  value = 351.33334
08-03 15:31:00.295  1374  1374 I NetworkSpeedManagerEx: speed = 351B/s
08-03 15:31:00.295  1374  1374 I NetworkSpeedView: /update(), speed=351B/s parent class:class com.android.systemui.statusbar.HwSystemIcons
08-03 15:31:02.468 13285 19419 W InstanceID/Rpc: No response android.os.ConditionVariable@24cbf0f
08-03 15:31:03.039  1058  1167 I chatty  : uid=1000(system) AlarmManager expire 1 line
08-03 15:31:03.044  1813  1826 W Ptm.AbnormalObserver: unhandled mesg: 4008
08-03 15:31:03.057  2171  2261 I amsnl   : ar
08-03 15:31:03.059  2171  2261 I amsnl   : t:false, fl: false, p: 20000, ce: true, we: true
08-03 15:31:03.068  2171  2261 I amsnl   : m1: false
08-03 15:31:03.073 14378 14378 I SendBroadcastPermission: action:null, mPermissionType:0
08-03 15:31:03.075  2171  2261 I amsnl   : m2: false, m3: false
08-03 15:31:03.076  2171  2261 I amsnl   : c: false, w: true, t: true, l: false
08-03 15:31:03.076  2171  2261 I amsnl   : crs
08-03 15:31:03.076  2171  2261 I amsnl   : qg
08-03 15:31:03.085  2171  2261 I amsc    : same acc
08-03 15:31:03.086  2171  2261 I amsc    : gt2
08-03 15:31:03.086  2171  2261 I amsc    : found: wx4gd2z, 1501743981255
08-03 15:31:03.104  2171  2261 I amsnlp  : isConnected, isIdle: false isIgnoreBatOpt: true
08-03 15:31:03.132  2171  2261 I amsnl   : aq
08-03 15:31:03.132  2171  2261 I amsglsc : aq
08-03 15:31:03.133  2171  2261 I amsmsm  : sbrqst
08-03 15:31:03.138  1491  1728 W PhoneInterfaceManager: shouldBlockLocation running ...
08-03 15:31:03.138  1491  1728 I PhoneInterfaceManager: shouldBlockLocation  ret:false
08-03 15:31:03.144  2171  2250 I amsmsm  : sdmrrst
08-03 15:31:03.144  2171  2254 I amsshri : run
08-03 15:31:03.146  1491  8390 W PhoneInterfaceManager: shouldBlockLocation running ...
08-03 15:31:03.146  1491  8390 I PhoneInterfaceManager: shouldBlockLocation  ret:false
08-03 15:31:03.154  1491  8384 W PhoneInterfaceManager: shouldBlockLocation running ...
08-03 15:31:03.154  1491  8384 I PhoneInterfaceManager: shouldBlockLocation  ret:false
08-03 15:31:03.158  2171  2261 I amsnl   : csr
08-03 15:31:03.159  2171  2261 I amsnl   : t:false, fl: false, p: 20000, ce: true, we: true
08-03 15:31:03.161  2171  2261 I amsnl   : m1: false
08-03 15:31:03.163  2171  2261 I amsnl   : m2: false, m3: false
08-03 15:31:03.164  2171  2261 I amsnl   : rl
08-03 15:31:03.164  2171  2261 I amsnl   : c: false, w: true, t: false, l: false
08-03 15:31:03.207  2171  2250 I amsmsm  : cmplt
08-03 15:31:03.208  2171  2250 I amsglsc : aql cmplt
08-03 15:31:03.209  2171  2261 I amsnl   : aqr
08-03 15:31:03.211  2171  2261 I amsc    : same acc
08-03 15:31:03.212  2171  2261 I amsc    : gt2
08-03 15:31:03.212  2171  2261 I amsc    : found: wx4gd2z, 1501743981255
08-03 15:31:03.212  2171  2261 I amsnl   : dist: 5
08-03 15:31:03.223  2171  2261 I amsnl   : t:true, fl: false, p: 20000, ce: true, we: true
08-03 15:31:03.226  2171  2261 I amsnl   : m1: false
08-03 15:31:03.228  2171  2261 I amsnl   : m2: false, m3: false
08-03 15:31:03.228  2171  2261 I amsnl   : rl
08-03 15:31:03.229  2171  2261 I amsnl   : c: false, w: true, t: false, l: true
08-03 15:31:03.229  2171  2261 I amsst   : report
08-03 15:31:03.230  2171  2261 I amsl    : now: 11119423 lastReportTime: 11091237 periodSecs: 20
08-03 15:31:03.230  2171  2261 I amsmgrnlp: [V1.9.2.3-1-2-l4a1g0p4f4v0ofalse(r)]org-n size:1 key:amsnlp
08-03 15:31:03.231  2171  2171 I amsnlp  : REPORT-LOCATION
08-03 15:31:03.231  2171  2261 I amsst   : period: 20 enabled: true
08-03 15:31:03.233  1058  1488 I chatty  : uid=1000(system) LocationThread expire 2 lines
08-03 15:31:03.246  1374  1374 I NetworkSpeedManagerEx: mIsStop = false
08-03 15:31:03.248  1374  1374 I NetworkSpeedManagerEx:  value = 1083.6666
08-03 15:31:03.250  1374  1374 I NetworkSpeedManagerEx: speed = 1.1K/s
08-03 15:31:03.250  1374  1374 I NetworkSpeedView: /update(), speed=1.1K/s parent class:class com.android.systemui.statusbar.HwSystemIcons
08-03 15:31:03.296  1374  1374 I NetworkSpeedManagerEx: mIsStop = false
08-03 15:31:03.297  1374  1374 I NetworkSpeedManagerEx:  value = 1083.6666
08-03 15:31:03.299  1374  1374 I NetworkSpeedManagerEx: speed = 1.1K/s
08-03 15:31:03.299  1374  1374 I NetworkSpeedView: /update(), speed=1.1K/s parent class:class com.android.systemui.statusbar.HwSystemIcons
08-03 15:31:03.950 13145 13145 I SendBroadcastPermission: action:com.qihoo.appstore.ACTION_NOTIFICATION_POSTED, mPermissionType:0
08-03 15:31:03.975  1374  1374 W NotificationContentView: getMinContentHeightHint::mContractedChild is null
08-03 15:31:03.976  1374  1374 W NotificationContentView: getMinContentHeightHint::mContractedChild is null
08-03 15:31:03.979 16859 16859 I SendBroadcastPermission: action:com.qihoo.appstore.ACTION_NOTIFICATION_POSTED, mPermissionType:0
08-03 15:31:03.994 13145 13145 I SendBroadcastPermission: action:com.qihoo.appstore.ACTION_NOTIFICATION_POSTED, mPermissionType:0
08-03 15:31:03.998  1374  1374 W NotificationContentView: getMinContentHeightHint::mContractedChild is null
08-03 15:31:03.999  1374  1374 W NotificationContentView: getMinContentHeightHint::mContractedChild is null
08-03 15:31:04.018 16859 16859 I SendBroadcastPermission: action:com.qihoo.appstore.ACTION_NOTIFICATION_POSTED, mPermissionType:0
08-03 15:31:04.539  1058  1247 I chatty  : uid=1000(system) HuaweiWifiWatch expire 15 lines
08-03 15:31:05.282  1058  1078 I chatty  : uid=1000(system) android.fg expire 1 line
08-03 15:31:05.512  1058  1186 I chatty  : uid=1000(system) WifiStateMachin expire 10 lines
08-03 15:31:06.251  1374  1374 I NetworkSpeedManagerEx: mIsStop = false
08-03 15:31:06.255  1374  1374 I NetworkSpeedManagerEx:  value = 2569.6667
08-03 15:31:06.258  1374  1374 I NetworkSpeedManagerEx: speed = 2.5K/s
08-03 15:31:06.258  1374  1374 I NetworkSpeedView: /update(), speed=2.5K/s parent class:class com.android.systemui.statusbar.HwSystemIcons
08-03 15:31:06.300  1374  1374 I NetworkSpeedManagerEx: mIsStop = false
08-03 15:31:06.303  1374  1374 I NetworkSpeedManagerEx:  value = 2569.6667
08-03 15:31:06.307  1374  1374 I NetworkSpeedManagerEx: speed = 2.5K/s
08-03 15:31:06.307  1374  1374 I NetworkSpeedView: /update(), speed=2.5K/s parent class:class com.android.systemui.statusbar.HwSystemIcons
08-03 15:31:06.850  1058  1058 I chatty  : uid=1000 system_server expire 30 lines
08-03 15:31:09.218  1535  1634 I AppManager: no high cpu load
08-03 15:31:09.259  1374  1374 I NetworkSpeedManagerEx: mIsStop = false
08-03 15:31:09.262  1374  1374 I NetworkSpeedManagerEx:  value = 566.0
08-03 15:31:09.265  1374  1374 I NetworkSpeedManagerEx: speed = 566B/s
08-03 15:31:09.266  1374  1374 I NetworkSpeedView: /update(), speed=566B/s parent class:class com.android.systemui.statusbar.HwSystemIcons
08-03 15:31:09.309  1374  1374 I NetworkSpeedManagerEx: mIsStop = false
08-03 15:31:09.314  1374  1374 I NetworkSpeedManagerEx:  value = 618.3333
08-03 15:31:09.319  1374  1374 I NetworkSpeedManagerEx: speed = 618B/s
08-03 15:31:09.320  1374  1374 I NetworkSpeedView: /update(), speed=618B/s parent class:class com.android.systemui.statusbar.HwSystemIcons
08-03 15:31:09.419 13285 13384 I awcn.TnetSpdySession: |[seq:23302625.AWCN2_1] ping receive Host:https://acs4public.m.taobao.com id:13
08-03 15:31:11.291  1058  1237 I chatty  : uid=1000(system) WiFiArpStateMac expire 12 lines
08-03 15:31:12.267  1374  1374 I NetworkSpeedManagerEx: mIsStop = false
08-03 15:31:12.269  1374  1374 I NetworkSpeedManagerEx:  value = 627.3333
08-03 15:31:12.272  1374  1374 I NetworkSpeedManagerEx: speed = 627B/s
08-03 15:31:12.272  1374  1374 I NetworkSpeedView: /update(), speed=627B/s parent class:class com.android.systemui.statusbar.HwSystemIcons
08-03 15:31:12.321  1374  1374 I NetworkSpeedManagerEx: mIsStop = false
08-03 15:31:12.324  1374  1374 I NetworkSpeedManagerEx:  value = 598.6667
08-03 15:31:12.327  1374  1374 I NetworkSpeedManagerEx: speed = 599B/s
08-03 15:31:12.327  1374  1374 I NetworkSpeedView: /update(), speed=599B/s parent class:class com.android.systemui.statusbar.HwSystemIcons
08-03 15:31:12.494  1374  1374 W KeyguardUpdateMonitor: ACTION_BATTERY_CHANGED AMP: 0; Volt: 0
08-03 15:31:12.495  1374  1374 W KeyguardUpdateMonitor: ChargingSpeed  Wattage: -1 ST: 5000000 --> 7500000
08-03 15:31:12.495  1374  1374 I KgBattery: BatteryInfo updated:  5lPC-1
08-03 15:31:12.495  1374  1374 W AppHandler: sendMessage with obj100
08-03 15:31:12.505 13120 13120 I CloudAlbum[5.3.0.303]: [CGCommonStatusReceiver] CGCommonStatusReceiver, action: android.intent.action.BATTERY_CHANGED
08-03 15:31:12.509 13120 17041 I CloudAlbum[5.3.0.303]: [ReceiverManager] ReceiverManager action: android.intent.action.BATTERY_CHANGED
08-03 15:31:12.510 13120 17041 E CloudAlbum[5.3.0.303]: [ReceiverManager] not log on ignore
08-03 15:31:12.512  1374  1374 W HwLockScreenPanel: refreshBatteryInfo: null
08-03 15:31:12.512  1374  1374 W HwLockScreenPanel: Handle message: 100
08-03 15:31:12.528  1813  1813 I Ptm.AbnormalObserver: current battery level value: 100
08-03 15:31:12.533  1058  1245 I chatty  : uid=1000(system) Thread-11 expire 12 lines
08-03 15:31:12.535  1813  1813 W Ptm.AbnormalObserver: ljs, in checkIsAbnormalHot, Ap_temp = 31
08-03 15:31:12.540  1058  3170 I chatty  : uid=1000(system) MobileQosDetect expire 4 lines
08-03 15:31:15.274  1374  1374 I NetworkSpeedManagerEx: mIsStop = false
08-03 15:31:15.277  1374  1374 I NetworkSpeedManagerEx:  value = 179.66667
08-03 15:31:15.280  1374  1374 I NetworkSpeedManagerEx: speed = 180B/s
08-03 15:31:15.280  1374  1374 I NetworkSpeedView: /update(), speed=180B/s parent class:class com.android.systemui.statusbar.HwSystemIcons
08-03 15:31:15.327  1374  1374 I NetworkSpeedManagerEx: mIsStop = false
08-03 15:31:15.330  1374  1374 I NetworkSpeedManagerEx:  value = 156.0
08-03 15:31:15.333  1374  1374 I NetworkSpeedManagerEx: speed = 156B/s
08-03 15:31:15.333  1374  1374 I NetworkSpeedView: /update(), speed=156B/s parent class:class com.android.systemui.statusbar.HwSystemIcons
08-03 15:31:18.284  1374  1374 I NetworkSpeedManagerEx: mIsStop = false
08-03 15:31:18.288  1374  1374 I NetworkSpeedManagerEx:  value = 78.666664
08-03 15:31:18.292  1374  1374 I NetworkSpeedManagerEx: speed = 79B/s
08-03 15:31:18.293  1374  1374 I NetworkSpeedView: /update(), speed=79B/s parent class:class com.android.systemui.statusbar.HwSystemIcons
08-03 15:31:18.335  1374  1374 I NetworkSpeedManagerEx: mIsStop = false
08-03 15:31:18.340  1374  1374 I NetworkSpeedManagerEx:  value = 78.666664
08-03 15:31:18.343  1374  1374 I NetworkSpeedManagerEx: speed = 79B/s
08-03 15:31:18.343  1374  1374 I NetworkSpeedView: /update(), speed=79B/s parent class:class com.android.systemui.statusbar.HwSystemIcons
08-03 15:31:18.878  1058  1058 I chatty  : uid=1000 system_server expire 34 lines
08-03 15:31:20.534  1058  1247 I chatty  : uid=1000(system) HuaweiWifiWatch expire 12 lines
08-03 15:31:20.868 17631 17631 E XmlParser: open file:/vendor/etc/HwFrameworkNormalization.xml filed in parseXml
08-03 15:31:20.868 17631 17631 E XmlParser: parse File:/vendor/etc/HwFrameworkNormalization.xml failed
08-03 15:31:20.868 17631 17631 I libEGL  : egl_cache_t() !XML_VALUE_GETCORRECT NAME_MAXKEYSIZE
08-03 15:31:20.868 17631 17631 E XmlParser: open file:/vendor/etc/HwFrameworkNormalization.xml filed in parseXml
08-03 15:31:20.868 17631 17631 E XmlParser: parse File:/vendor/etc/HwFrameworkNormalization.xml failed
08-03 15:31:20.868 17631 17631 I libEGL  : egl_cache_t() !XML_VALUE_GETCORRECT NAME_MAXTOTLESIZE
08-03 15:31:20.868 17631 17631 I libEGL  : egl_cache_t() maxKeySize:1024  maxTotalSize:65536
08-03 15:31:20.872 17631 17631 I appproc : CLASSPATH=/system/framework/am.jar
08-03 15:31:20.872 17631 17631 I appproc : Command=app_process /system/bin com.android.commands.am.Am startservice --user 0 -n com.ccvideo/com.easemob.chat.EMChatService 
08-03 15:31:20.874 17631 17631 I AndroidRuntime: readDownloadBoosterConfig: 'false'
08-03 15:31:20.941 17631 17631 I art     : Reinit property: dalvik.vm.checkjni= false
08-03 15:31:20.949 17631 17631 I HWSERVICES: hwnative_get_component_register:libdrmbitmap,JNI
08-03 15:31:20.952 17631 17631 I Radio-JNI: register_android_hardware_Radio DONE
08-03 15:31:20.954 17631 17631 I android_hardware_fm.cpp: register_android_hardware_fm_fmradio
08-03 15:31:20.954 17631 17631 I android_hardware_fm.cpp: ========64bit long size = 8
08-03 15:31:20.954 17631 17631 I android_hardware_fm.cpp: FM: get chip type = bcm43xx
08-03 15:31:20.955 17631 17631 E fm_if.c : find the id:fm and begins to open the devices
08-03 15:31:20.955 17631 17631 I android_hardware_fm.cpp: register_android_hardware_fm_fmradio, ret is 0
08-03 15:31:21.297  1374  1374 I NetworkSpeedManagerEx: mIsStop = false
08-03 15:31:21.301  1374  1374 I NetworkSpeedManagerEx:  value = 886.3333
08-03 15:31:21.306  1374  1374 I NetworkSpeedManagerEx: speed = 886B/s
08-03 15:31:21.307  1374  1374 I NetworkSpeedView: /update(), speed=886B/s parent class:class com.android.systemui.statusbar.HwSystemIcons
08-03 15:31:21.344  1374  1374 I NetworkSpeedManagerEx: mIsStop = false
08-03 15:31:21.350  1374  1374 I NetworkSpeedManagerEx:  value = 886.3333
08-03 15:31:21.356  1374  1374 I NetworkSpeedManagerEx: speed = 886B/s
08-03 15:31:21.357  1374  1374 I NetworkSpeedView: /update(), speed=886B/s parent class:class com.android.systemui.statusbar.HwSystemIcons
08-03 15:31:21.379  1058  1237 I chatty  : uid=1000(system) WiFiArpStateMac expire 14 lines
08-03 15:31:23.071  2171  2261 I amsnl   : ar
08-03 15:31:23.073  2171  2261 I amsnl   : t:false, fl: false, p: 20000, ce: true, we: true
08-03 15:31:23.088  2171  2261 I amsnl   : m1: false
08-03 15:31:23.093  2171  2261 I amsnl   : m2: false, m3: false
08-03 15:31:23.093  2171  2261 I amsnl   : c: false, w: false, t: true, l: false
08-03 15:31:23.094  2171  2261 I amsnl   : crs
08-03 15:31:23.094  2171  2261 I amsnl   : wrs
08-03 15:31:23.100  1491  1504 W PhoneInterfaceManager: shouldBlockLocation running ...
08-03 15:31:23.100  1491  1504 I PhoneInterfaceManager: shouldBlockLocation  ret:false
08-03 15:31:23.101  1058  1196 I chatty  : uid=1000(system) WifiScanningSer expire 3 lines
08-03 15:31:23.110  1491  8384 W PhoneInterfaceManager: shouldBlockLocation running ...
08-03 15:31:23.110  1491  8384 I PhoneInterfaceManager: shouldBlockLocation  ret:false
08-03 15:31:23.116  1491  8385 W PhoneInterfaceManager: shouldBlockLocation running ...
08-03 15:31:23.116  1491  8385 I PhoneInterfaceManager: shouldBlockLocation  ret:false
08-03 15:31:23.119  2171  2261 I amsnl   : csr
08-03 15:31:23.119  2171  2261 I amsnl   : t:false, fl: false, p: 20000, ce: true, we: true
08-03 15:31:23.121  2171  2261 I amsnl   : m1: false
08-03 15:31:23.124  2171  2261 I amsnl   : m2: false, m3: false
08-03 15:31:23.124  2171  2261 I amsnl   : c: false, w: false, t: false, l: false
08-03 15:31:24.312  1374  1374 I NetworkSpeedManagerEx: mIsStop = false
08-03 15:31:24.317  1374  1374 I NetworkSpeedManagerEx:  value = 629.0
08-03 15:31:24.321  1374  1374 I NetworkSpeedManagerEx: speed = 629B/s
08-03 15:31:24.322  1374  1374 I NetworkSpeedView: /update(), speed=629B/s parent class:class com.android.systemui.statusbar.HwSystemIcons
08-03 15:31:24.359  1374  1374 I NetworkSpeedManagerEx: mIsStop = false
08-03 15:31:24.363  1374  1374 I NetworkSpeedManagerEx:  value = 735.6667
08-03 15:31:24.368  1374  1374 I NetworkSpeedManagerEx: speed = 736B/s
08-03 15:31:24.369  1374  1374 I NetworkSpeedView: /update(), speed=736B/s parent class:class com.android.systemui.statusbar.HwSystemIcons
08-03 15:31:25.425  1058  1244 I chatty  : uid=1000(system) HwIntelligenceS expire 1 line
08-03 15:31:25.449  1058  1806 I chatty  : uid=1000(system) Binder:1058_C expire 1 line
08-03 15:31:25.450  1058  2490 I chatty  : uid=1000(system) Binder:1058_10 expire 1 line
08-03 15:31:25.465  2171  2261 I amsnl   : wsr
08-03 15:31:25.469  2171  2261 I amsnl   : t:false, fl: false, p: 20000, ce: true, we: true
08-03 15:31:25.474  2171  2261 I amsnl   : m1: false
08-03 15:31:25.476  2171  2261 I amsnl   : m2: false, m3: false
08-03 15:31:25.476  2171  2261 I amsnl   : rl
08-03 15:31:25.476  2171  2261 I amsnl   : c: false, w: true, t: false, l: false
08-03 15:31:25.477  2171  2261 I amsnl   : qg
08-03 15:31:25.484  2171  2261 I amsc    : same acc
08-03 15:31:25.485  2171  2261 I amsc    : gt2
08-03 15:31:25.485  2171  2261 I amsc    : found: wx4gd2z, 1501743981255
08-03 15:31:25.491  2171  2261 I amsnlp  : isConnected, isIdle: false isIgnoreBatOpt: true
08-03 15:31:25.500  2171  2261 I amsnl   : aq
08-03 15:31:25.501  2171  2261 I amsglsc : aq
08-03 15:31:25.501  2171  2261 I amsmsm  : sbrqst
08-03 15:31:25.512  2171  2250 I amsmsm  : sdmrrst
08-03 15:31:25.512  2171  2254 I amsshri : run
08-03 15:31:25.574  2171  2250 I amsmsm  : cmplt
08-03 15:31:25.575  2171  2250 I amsglsc : aql cmplt
08-03 15:31:25.576  2171  2261 I amsnl   : aqr
08-03 15:31:25.577  2171  2261 I amsc    : same acc
08-03 15:31:25.578  2171  2261 I amsc    : gt2
08-03 15:31:25.578  2171  2261 I amsc    : found: wx4gd2z, 1501743981255
08-03 15:31:25.578  2171  2261 I amsnl   : dist: 6
08-03 15:31:25.589  2171  2261 I amsnl   : t:true, fl: false, p: 20000, ce: true, we: true
08-03 15:31:25.591  2171  2261 I amsnl   : m1: false
08-03 15:31:25.592  2171  2261 I amsnl   : m2: false, m3: false
08-03 15:31:25.593  2171  2261 I amsnl   : rl
08-03 15:31:25.593  2171  2261 I amsnl   : c: false, w: true, t: false, l: true
08-03 15:31:25.593  2171  2261 I amsst   : report
08-03 15:31:25.594  2171  2261 I amsl    : now: 11141786 lastReportTime: 11119423 periodSecs: 20
08-03 15:31:25.594  2171  2261 I amsmgrnlp: [V1.9.2.3-1-2-l4a1g0p4f4v0ofalse(r)]org-n size:1 key:amsnlp
08-03 15:31:25.594  2171  2171 I amsnlp  : REPORT-LOCATION
08-03 15:31:25.594  2171  2261 I amsst   : period: 20 enabled: true
08-03 15:31:25.596  1058  1488 I chatty  : uid=1000(system) LocationThread expire 2 lines
08-03 15:31:26.626  1058  1186 I chatty  : uid=1000(system) WifiStateMachin expire 3 lines
08-03 15:31:27.328  1374  1374 I NetworkSpeedManagerEx: mIsStop = false
08-03 15:31:27.333  1374  1374 I NetworkSpeedManagerEx:  value = 2164.0
08-03 15:31:27.338  1374  1374 I NetworkSpeedManagerEx: speed = 2.1K/s
08-03 15:31:27.338  1374  1374 I NetworkSpeedView: /update(), speed=2.1K/s parent class:class com.android.systemui.statusbar.HwSystemIcons
08-03 15:31:27.369  1374  1374 I NetworkSpeedManagerEx: mIsStop = false
08-03 15:31:27.375  1374  1374 I NetworkSpeedManagerEx:  value = 2057.3333
08-03 15:31:27.381  1374  1374 I NetworkSpeedManagerEx: speed = 2K/s
08-03 15:31:27.382  1374  1374 I NetworkSpeedView: /update(), speed=2K/s parent class:class com.android.systemui.statusbar.HwSystemIcons
08-03 15:31:30.341  1374  1374 I NetworkSpeedManagerEx: mIsStop = false
08-03 15:31:30.344  1374  1374 I NetworkSpeedManagerEx:  value = 374.0
08-03 15:31:30.347  1374  1374 I NetworkSpeedManagerEx: speed = 374B/s
08-03 15:31:30.347  1374  1374 I NetworkSpeedView: /update(), speed=374B/s parent class:class com.android.systemui.statusbar.HwSystemIcons
08-03 15:31:30.383  1374  1374 I NetworkSpeedManagerEx: mIsStop = false
08-03 15:31:30.385  1374  1374 I NetworkSpeedManagerEx:  value = 374.0
08-03 15:31:30.388  1374  1374 I NetworkSpeedManagerEx: speed = 374B/s
08-03 15:31:30.388  1374  1374 I NetworkSpeedView: /update(), speed=374B/s parent class:class com.android.systemui.statusbar.HwSystemIcons
08-03 15:31:30.907  1058  1058 I chatty  : uid=1000 system_server expire 30 lines
08-03 15:31:31.425  1058  1237 I chatty  : uid=1000(system) WiFiArpStateMac expire 10 lines
08-03 15:31:32.655  1058  1186 I chatty  : uid=1000(system) WifiStateMachin expire 11 lines
08-03 15:31:33.350  1374  1374 I NetworkSpeedManagerEx: mIsStop = false
08-03 15:31:33.353  1374  1374 I NetworkSpeedManagerEx:  value = 1264.6666
08-03 15:31:33.356  1374  1374 I NetworkSpeedManagerEx: speed = 1.2K/s
08-03 15:31:33.356  1374  1374 I NetworkSpeedView: /update(), speed=1.2K/s parent class:class com.android.systemui.statusbar.HwSystemIcons
08-03 15:31:33.388  1374  1374 I NetworkSpeedManagerEx: mIsStop = false
08-03 15:31:33.392  1374  1374 I NetworkSpeedManagerEx:  value = 1290.6666
08-03 15:31:33.395  1374  1374 I NetworkSpeedManagerEx: speed = 1.3K/s
08-03 15:31:33.395  1374  1374 I NetworkSpeedView: /update(), speed=1.3K/s parent class:class com.android.systemui.statusbar.HwSystemIcons
08-03 15:31:35.284  1058  1078 I chatty  : uid=1000(system) android.fg expire 1 line
08-03 15:31:36.361  1374  1374 I NetworkSpeedManagerEx: mIsStop = false
08-03 15:31:36.366  1374  1374 I NetworkSpeedManagerEx:  value = 1655.6666
08-03 15:31:36.371  1374  1374 I NetworkSpeedManagerEx: speed = 1.6K/s
08-03 15:31:36.371  1374  1374 I NetworkSpeedView: /update(), speed=1.6K/s parent class:class com.android.systemui.statusbar.HwSystemIcons
08-03 15:31:36.400  1374  1374 I NetworkSpeedManagerEx: mIsStop = false
08-03 15:31:36.406  1374  1374 I NetworkSpeedManagerEx:  value = 1629.6666
08-03 15:31:36.412  1374  1374 I NetworkSpeedManagerEx: speed = 1.6K/s
08-03 15:31:36.412  1374  1374 I NetworkSpeedView: /update(), speed=1.6K/s parent class:class com.android.systemui.statusbar.HwSystemIcons
08-03 15:31:36.552  1058  1247 I chatty  : uid=1000(system) HuaweiWifiWatch expire 12 lines
08-03 15:31:36.552  1058  1245 I chatty  : uid=1000(system) Thread-11 expire 12 lines
08-03 15:31:36.562  1058  3170 I chatty  : uid=1000(system) MobileQosDetect expire 5 lines
08-03 15:31:37.270 13464 13564 I tnet-jni: 292 - [spdyPingRecvCallback] - 
08-03 15:31:37.270 13464 13564 I tnet-jni: 292 - [SpdySessionCallBack.spdyPingRecvCallback] - org.android.spdy.SpdySession@24a25c8
08-03 15:31:39.377  1374  1374 I NetworkSpeedManagerEx: mIsStop = false
08-03 15:31:39.382  1374  1374 I NetworkSpeedManagerEx:  value = 1802.0
08-03 15:31:39.388  1374  1374 I NetworkSpeedManagerEx: speed = 1.8K/s
08-03 15:31:39.388  1374  1374 I NetworkSpeedView: /update(), speed=1.8K/s parent class:class com.android.systemui.statusbar.HwSystemIcons
08-03 15:31:39.413  1374  1374 I NetworkSpeedManagerEx: mIsStop = false
08-03 15:31:39.419  1374  1374 I NetworkSpeedManagerEx:  value = 1828.0
08-03 15:31:39.425  1374  1374 I NetworkSpeedManagerEx: speed = 1.8K/s
08-03 15:31:39.425  1374  1374 I NetworkSpeedView: /update(), speed=1.8K/s parent class:class com.android.systemui.statusbar.HwSystemIcons
08-03 15:31:42.390  1374  1374 I NetworkSpeedManagerEx: mIsStop = false
08-03 15:31:42.393  1374  1374 I NetworkSpeedManagerEx:  value = 1436.3334
08-03 15:31:42.396  1374  1374 I NetworkSpeedManagerEx: speed = 1.4K/s
08-03 15:31:42.396  1374  1374 I NetworkSpeedView: /update(), speed=1.4K/s parent class:class com.android.systemui.statusbar.HwSystemIcons
08-03 15:31:42.426  1374  1374 I NetworkSpeedManagerEx: mIsStop = false
08-03 15:31:42.429  1374  1374 I NetworkSpeedManagerEx:  value = 1410.3334
08-03 15:31:42.431  1058  1237 I chatty  : uid=1000(system) WiFiArpStateMac expire 13 lines
08-03 15:31:42.432  1374  1374 I NetworkSpeedManagerEx: speed = 1.4K/s
08-03 15:31:42.432  1374  1374 I NetworkSpeedView: /update(), speed=1.4K/s parent class:class com.android.systemui.statusbar.HwSystemIcons
08-03 15:31:42.933  1058  1058 I chatty  : uid=1000 system_server expire 36 lines
08-03 15:31:43.090  2171  2261 I amsnl   : ar
08-03 15:31:43.091  2171  2261 I amsnl   : t:false, fl: false, p: 20000, ce: true, we: true
08-03 15:31:43.107  2171  2261 I amsnl   : m1: false
08-03 15:31:43.122  2171  2261 I amsnl   : m2: false, m3: false
08-03 15:31:43.123  2171  2261 I amsnl   : c: false, w: true, t: true, l: false
08-03 15:31:43.123  2171  2261 I amsnl   : crs
08-03 15:31:43.123  2171  2261 I amsnl   : qg
08-03 15:31:43.132  2171  2261 I amsc    : same acc
08-03 15:31:43.133  2171  2261 I amsc    : gt2
08-03 15:31:43.133  2171  2261 I amsc    : found: wx4gd2z, 1501743981255
08-03 15:31:43.144  2171  2261 I amsnl   : uc
08-03 15:31:43.146  2171  2261 I amsnl   : report_loc:ODtbr4MKkiipA2NUkIEujewHzLh9n3AmT62Cke51vh8skjeXUwh0JmzjdYpmA7KUV+DyntBR7XVO
08-03 15:31:43.146  2171  2261 I amsnl   : dzA9j435+BIa4Ea6VL43bmoFo89bjJsRA5EuNofHmIaVhd6MWf4HnlDWr4B5Qq9aTUEGKgHXln5r
08-03 15:31:43.146  2171  2261 I amsnl   : xMra3Lbf5oo57cUAN7JdL4RVfB68TEThOgR2GPUHwVbxm/YaQ8UjpgAzguupWV6/yZbKyOV439zk
08-03 15:31:43.146  2171  2261 I amsnl   : Mat0G+SMOk/0BRqc48qUxFZUaZIPI8PEBQLMDKtn2T/5c3MyKw
08-03 15:31:43.147  2171  2261 I amsst   : report
08-03 15:31:43.148  2171  2261 I amsl    : now: 11159340 lastReportTime: 11141786 periodSecs: 20
08-03 15:31:43.148  2171  2261 I amsl    : igore too fast report!
08-03 15:31:43.148  2171  2261 I amsst   : period: 20 enabled: true
08-03 15:31:43.152  1491  1504 W PhoneInterfaceManager: shouldBlockLocation running ...
08-03 15:31:43.153  1491  1504 I PhoneInterfaceManager: shouldBlockLocation  ret:false
08-03 15:31:43.159  1491  8384 W PhoneInterfaceManager: shouldBlockLocation running ...
08-03 15:31:43.160  1491  8384 I PhoneInterfaceManager: shouldBlockLocation  ret:false
08-03 15:31:43.164  1491  8385 W PhoneInterfaceManager: shouldBlockLocation running ...
08-03 15:31:43.164  1491  8385 I PhoneInterfaceManager: shouldBlockLocation  ret:false
08-03 15:31:43.166  2171  2261 I amsnl   : csr
08-03 15:31:43.166  2171  2261 I amsnl   : t:false, fl: false, p: 20000, ce: true, we: true
08-03 15:31:43.168  2171  2261 I amsnl   : m1: false
08-03 15:31:43.169  2171  2261 I amsnl   : m2: false, m3: false
08-03 15:31:43.169  2171  2261 I amsnl   : rl
08-03 15:31:43.169  2171  2261 I amsnl   : c: false, w: true, t: false, l: false
08-03 15:31:45.401  1374  1374 I NetworkSpeedManagerEx: mIsStop = false
08-03 15:31:45.406  1374  1374 I NetworkSpeedManagerEx:  value = 3467.6667
08-03 15:31:45.410  1374  1374 I NetworkSpeedManagerEx: speed = 3.4K/s
08-03 15:31:45.411  1374  1374 I NetworkSpeedView: /update(), speed=3.4K/s parent class:class com.android.systemui.statusbar.HwSystemIcons
08-03 15:31:45.434  1374  1374 I NetworkSpeedManagerEx: mIsStop = false
08-03 15:31:45.440  1374  1374 I NetworkSpeedManagerEx:  value = 3467.6667
08-03 15:31:45.446  1374  1374 I NetworkSpeedManagerEx: speed = 3.4K/s
08-03 15:31:45.447  1374  1374 I NetworkSpeedView: /update(), speed=3.4K/s parent class:class com.android.systemui.statusbar.HwSystemIcons
08-03 15:31:48.413  1374  1374 I NetworkSpeedManagerEx: mIsStop = false
08-03 15:31:48.415  1374  1374 I NetworkSpeedManagerEx:  value = 2802.0
08-03 15:31:48.419  1374  1374 I NetworkSpeedManagerEx: speed = 2.7K/s
08-03 15:31:48.419  1374  1374 I NetworkSpeedView: /update(), speed=2.7K/s parent class:class com.android.systemui.statusbar.HwSystemIcons
08-03 15:31:48.448  1374  1374 I NetworkSpeedManagerEx: mIsStop = false
08-03 15:31:48.451  1374  1374 I NetworkSpeedManagerEx:  value = 3014.6667
08-03 15:31:48.454  1374  1374 I NetworkSpeedManagerEx: speed = 2.9K/s
08-03 15:31:48.454  1374  1374 I NetworkSpeedView: /update(), speed=2.9K/s parent class:class com.android.systemui.statusbar.HwSystemIcons
08-03 15:31:51.424  1374  1374 I NetworkSpeedManagerEx: mIsStop = false
08-03 15:31:51.429  1374  1374 I NetworkSpeedManagerEx:  value = 1861.3334
08-03 15:31:51.434  1374  1374 I NetworkSpeedManagerEx: speed = 1.8K/s
08-03 15:31:51.434  1374  1374 I NetworkSpeedView: /update(), speed=1.8K/s parent class:class com.android.systemui.statusbar.HwSystemIcons
08-03 15:31:51.466  1374  1374 I NetworkSpeedManagerEx: mIsStop = false
08-03 15:31:51.471  1374  1374 I NetworkSpeedManagerEx:  value = 1648.6666
08-03 15:31:51.477  1374  1374 I NetworkSpeedManagerEx: speed = 1.6K/s
08-03 15:31:51.478  1374  1374 I NetworkSpeedView: /update(), speed=1.6K/s parent class:class com.android.systemui.statusbar.HwSystemIcons
08-03 15:31:52.566  1058  1247 I chatty  : uid=1000(system) HuaweiWifiWatch expire 6 lines
08-03 15:31:54.438  1374  1374 I NetworkSpeedManagerEx: mIsStop = false
08-03 15:31:54.443  1374  1374 I NetworkSpeedManagerEx:  value = 883.0
08-03 15:31:54.448  1374  1374 I NetworkSpeedManagerEx: speed = 883B/s
08-03 15:31:54.448  1374  1374 I NetworkSpeedView: /update(), speed=883B/s parent class:class com.android.systemui.statusbar.HwSystemIcons
08-03 15:31:54.479  1374  1374 I NetworkSpeedManagerEx: mIsStop = false
08-03 15:31:54.483 13285 13384 I awcn.TnetSpdySession: |[seq:23302625.AWCN2_1] ping receive Host:https://acs4public.m.taobao.com id:15
08-03 15:31:54.485  1374  1374 I NetworkSpeedManagerEx:  value = 923.0
08-03 15:31:54.491  1374  1374 I NetworkSpeedManagerEx: speed = 0.9K/s
08-03 15:31:54.492  1374  1374 I NetworkSpeedView: /update(), speed=0.9K/s parent class:class com.android.systemui.statusbar.HwSystemIcons
08-03 15:31:54.966  1058  1058 I chatty  : uid=1000 system_server expire 30 lines
08-03 15:31:56.805  1058  1186 I chatty  : uid=1000(system) WifiStateMachin expire 10 lines
08-03 15:31:57.451  1374  1374 I NetworkSpeedManagerEx: mIsStop = false
08-03 15:31:57.454  1374  1374 I NetworkSpeedManagerEx:  value = 1188.3334
08-03 15:31:57.457  1374  1374 I NetworkSpeedManagerEx: speed = 1.2K/s
08-03 15:31:57.458  1374  1374 I NetworkSpeedView: /update(), speed=1.2K/s parent class:class com.android.systemui.statusbar.HwSystemIcons
08-03 15:31:57.464  1058  1237 I chatty  : uid=1000(system) WiFiArpStateMac expire 16 lines
08-03 15:31:57.493  1374  1374 I NetworkSpeedManagerEx: mIsStop = false
08-03 15:31:57.496  1374  1374 I NetworkSpeedManagerEx:  value = 1148.3334
08-03 15:31:57.499  1374  1374 I NetworkSpeedManagerEx: speed = 1.1K/s
08-03 15:31:57.499  1374  1374 I NetworkSpeedView: /update(), speed=1.1K/s parent class:class com.android.systemui.statusbar.HwSystemIcons
08-03 15:32:00.055  1374  1374 I EventCenter: EventCenter Get :android.intent.action.TIME_TICK
08-03 15:32:00.079  1374  1374 W ResourceType: Failure getting entry for 0xffffffff (t=254 e=65535) (error -2147483647)
08-03 15:32:00.080  1374  1374 E DateLunarView: mDateString is: 8月3日星期四
08-03 15:32:00.081  1374  1374 W ResourceType: Failure getting entry for 0xffffffff (t=254 e=65535) (error -2147483647)
08-03 15:32:00.082  1374  1374 E DateLunarView: mDateString is: 8月3日星期四
08-03 15:32:00.098  2201  2201 I HwLauncher: Model  onReceive intent=Intent { act=android.intent.action.TIME_TICK flg=0x50000014 (has extras) }
08-03 15:32:00.098  2201  2201 I HwLauncher: Model  onReceive user=UserHandle{0}
08-03 15:32:00.110  2201  2201 I TotemWeather: WeatherDataObserver info:receive action = #Intent;action=android.intent.action.TIME_TICK;launchFlags=0x50000014;i.android.intent.extra.ALARM_COUNT=1;end
08-03 15:32:00.159  2201  2201 I TotemWeather: DateTimeView info:onTimeChanged
08-03 15:32:00.160  2201  2201 I TotemWeather: DateTimeView info:updateNextData nextTime: 0
08-03 15:32:00.160  2201  2201 I TotemWeather: DateTimeView info:onTimeChanged
08-03 15:32:00.160  2201  2201 I TotemWeather: DateTimeView info:updateNextData nextTime: 0
08-03 15:32:00.164  2201  2201 I TotemWeather: DateTimeView info:,Time =3:32,[:] timezone=中国标准时间
08-03 15:32:00.168  2201  2201 I TotemWeather: DateTimeView info:updateNextData nextTime: 60832
08-03 15:32:00.460  1374  1374 I NetworkSpeedManagerEx: mIsStop = false
08-03 15:32:00.464  1374  1374 I NetworkSpeedManagerEx:  value = 456.33334
08-03 15:32:00.469  1374  1374 I NetworkSpeedManagerEx: speed = 456B/s
08-03 15:32:00.469  1374  1374 I NetworkSpeedView: /update(), speed=456B/s parent class:class com.android.systemui.statusbar.HwSystemIcons
08-03 15:32:00.500  1374  1374 I NetworkSpeedManagerEx: mIsStop = false
08-03 15:32:00.505  1374  1374 I NetworkSpeedManagerEx:  value = 456.33334
08-03 15:32:00.510  1374  1374 I NetworkSpeedManagerEx: speed = 456B/s
08-03 15:32:00.510  1374  1374 I NetworkSpeedView: /update(), speed=456B/s parent class:class com.android.systemui.statusbar.HwSystemIcons
08-03 15:32:00.570  1058  1247 I chatty  : uid=1000(system) HuaweiWifiWatch expire 12 lines
08-03 15:32:00.570  1058  1245 I chatty  : uid=1000(system) Thread-11 expire 12 lines
08-03 15:32:00.579  1058  3170 I chatty  : uid=1000(system) MobileQosDetect expire 3 lines
08-03 15:32:03.105  2171  2261 I amsnl   : ar
08-03 15:32:03.107  2171  2261 I amsnl   : t:false, fl: false, p: 20000, ce: true, we: true
08-03 15:32:03.118  2171  2261 I amsnl   : m1: false
08-03 15:32:03.129  2171  2261 I amsnl   : m2: false, m3: false
08-03 15:32:03.130  2171  2261 I amsnl   : c: false, w: true, t: true, l: false
08-03 15:32:03.130  2171  2261 I amsnl   : crs
08-03 15:32:03.131  2171  2261 I amsnl   : qg
08-03 15:32:03.141  2171  2261 I amsc    : same acc
08-03 15:32:03.141  2171  2261 I amsc    : gt2
08-03 15:32:03.141  2171  2261 I amsc    : found: wx4gd2z, 1501743981255
08-03 15:32:03.156  2171  2261 I amsnlp  : isConnected, isIdle: false isIgnoreBatOpt: true
08-03 15:32:03.169  2171  2261 I amsnl   : aq
08-03 15:32:03.169  2171  2261 I amsglsc : aq
08-03 15:32:03.170  2171  2261 I amsmsm  : sbrqst
08-03 15:32:03.174  1491  1502 W PhoneInterfaceManager: shouldBlockLocation running ...
08-03 15:32:03.175  1491  1502 I PhoneInterfaceManager: shouldBlockLocation  ret:false
08-03 15:32:03.181  2171  2250 I amsmsm  : sdmrrst
08-03 15:32:03.181  2171  2255 I amsshri : run
08-03 15:32:03.182  1491  8389 W PhoneInterfaceManager: shouldBlockLocation running ...
08-03 15:32:03.183  1491  8389 I PhoneInterfaceManager: shouldBlockLocation  ret:false
08-03 15:32:03.194  1491  1964 W PhoneInterfaceManager: shouldBlockLocation running ...
08-03 15:32:03.194  1491  1964 I PhoneInterfaceManager: shouldBlockLocation  ret:false
08-03 15:32:03.199  2171  2261 I amsnl   : csr
08-03 15:32:03.200  2171  2261 I amsnl   : t:false, fl: false, p: 20000, ce: true, we: true
08-03 15:32:03.203  2171  2261 I amsnl   : m1: false
08-03 15:32:03.206  2171  2261 I amsnl   : m2: false, m3: false
08-03 15:32:03.206  2171  2261 I amsnl   : rl
08-03 15:32:03.206  2171  2261 I amsnl   : c: false, w: true, t: false, l: false
08-03 15:32:03.247  2171  2250 I amsmsm  : cmplt
08-03 15:32:03.249  2171  2250 I amsglsc : aql cmplt
08-03 15:32:03.249  2171  2261 I amsnl   : aqr
08-03 15:32:03.251  2171  2261 I amsc    : same acc
08-03 15:32:03.251  2171  2261 I amsc    : gt2
08-03 15:32:03.252  2171  2261 I amsc    : found: wx4gd2z, 1501743981255
08-03 15:32:03.252  2171  2261 I amsnl   : dist: 6
08-03 15:32:03.261  2171  2261 I amsnl   : t:true, fl: false, p: 20000, ce: true, we: true
08-03 15:32:03.263  2171  2261 I amsnl   : m1: false
08-03 15:32:03.265  2171  2261 I amsnl   : m2: false, m3: false
08-03 15:32:03.265  2171  2261 I amsnl   : rl
08-03 15:32:03.266  2171  2261 I amsnl   : c: false, w: true, t: false, l: true
08-03 15:32:03.266  2171  2261 I amsst   : report
08-03 15:32:03.266  2171  2261 I amsl    : now: 11179459 lastReportTime: 11141786 periodSecs: 20
08-03 15:32:03.267  2171  2261 I amsmgrnlp: [V1.9.2.3-1-2-l4a1g0p4f4v0ofalse(r)]org-n size:1 key:amsnlp
08-03 15:32:03.267  2171  2171 I amsnlp  : REPORT-LOCATION
08-03 15:32:03.267  2171  2261 I amsst   : period: 20 enabled: true
08-03 15:32:03.269  1058  1488 I chatty  : uid=1000(system) LocationThread expire 2 lines
08-03 15:32:03.472  1374  1374 I NetworkSpeedManagerEx: mIsStop = false
08-03 15:32:03.476  1374  1374 I NetworkSpeedManagerEx:  value = 1172.6666
08-03 15:32:03.480  1374  1374 I NetworkSpeedManagerEx: speed = 1.1K/s
08-03 15:32:03.480  1374  1374 I NetworkSpeedView: /update(), speed=1.1K/s parent class:class com.android.systemui.statusbar.HwSystemIcons
08-03 15:32:03.511  1374  1374 I NetworkSpeedManagerEx: mIsStop = false
08-03 15:32:03.517  1374  1374 I NetworkSpeedManagerEx:  value = 1172.6666
08-03 15:32:03.524  1374  1374 I NetworkSpeedManagerEx: speed = 1.1K/s
08-03 15:32:03.525  1374  1374 I NetworkSpeedView: /update(), speed=1.1K/s parent class:class com.android.systemui.statusbar.HwSystemIcons
08-03 15:32:05.159  1058  1167 I chatty  : uid=1000(system) AlarmManager expire 1 line
08-03 15:32:05.161  1813  2914 W Ptm.AbnormalObserver: unhandled mesg: 4008
08-03 15:32:05.167  1058  1196 I chatty  : uid=1000(system) WifiScanningSer expire 3 lines
08-03 15:32:05.283  1058  1078 I chatty  : uid=1000(system) android.fg expire 1 line
08-03 15:32:06.482  1374  1374 I NetworkSpeedManagerEx: mIsStop = false
08-03 15:32:06.486  1374  1374 I NetworkSpeedManagerEx:  value = 2370.3333
08-03 15:32:06.491  1374  1374 I NetworkSpeedManagerEx: speed = 2.3K/s
08-03 15:32:06.492  1374  1374 I NetworkSpeedView: /update(), speed=2.3K/s parent class:class com.android.systemui.statusbar.HwSystemIcons
08-03 15:32:06.526  1374  1374 I NetworkSpeedManagerEx: mIsStop = false
08-03 15:32:06.530  1374  1374 I NetworkSpeedManagerEx:  value = 2370.3333
08-03 15:32:06.537  1374  1374 I NetworkSpeedManagerEx: speed = 2.3K/s
08-03 15:32:06.537  1374  1374 I NetworkSpeedView: /update(), speed=2.3K/s parent class:class com.android.systemui.statusbar.HwSystemIcons
08-03 15:32:06.997  1058  1058 I chatty  : uid=1000 system_server expire 34 lines
08-03 15:32:09.494  1374  1374 I NetworkSpeedManagerEx: mIsStop = false
08-03 15:32:09.497  1374  1374 I NetworkSpeedManagerEx:  value = 161.0
08-03 15:32:09.500  1374  1374 I NetworkSpeedManagerEx: speed = 161B/s
08-03 15:32:09.500  1374  1374 I NetworkSpeedView: /update(), speed=161B/s parent class:class com.android.systemui.statusbar.HwSystemIcons
08-03 15:32:09.538  1374  1374 I NetworkSpeedManagerEx: mIsStop = false
08-03 15:32:09.543  1374  1374 I NetworkSpeedManagerEx:  value = 216.0
08-03 15:32:09.548  1374  1374 I NetworkSpeedManagerEx: speed = 216B/s
08-03 15:32:09.548  1374  1374 I NetworkSpeedView: /update(), speed=216B/s parent class:class com.android.systemui.statusbar.HwSystemIcons
08-03 15:32:12.502  1374  1374 I NetworkSpeedManagerEx: mIsStop = false
08-03 15:32:12.507  1374  1374 I NetworkSpeedManagerEx:  value = 110.0
08-03 15:32:12.511  1374  1374 I NetworkSpeedManagerEx: speed = 110B/s
08-03 15:32:12.512  1374  1374 I NetworkSpeedView: /update(), speed=110B/s parent class:class com.android.systemui.statusbar.HwSystemIcons
08-03 15:32:12.535 13120 13138 I AppLogManager: PrintWoker poll timeout , shutdown
08-03 15:32:12.549  1374  1374 I NetworkSpeedManagerEx: mIsStop = false
08-03 15:32:12.553  1374  1374 I NetworkSpeedManagerEx:  value = 55.0
08-03 15:32:12.558  1374  1374 I NetworkSpeedManagerEx: speed = 55B/s
08-03 15:32:12.558  1374  1374 I NetworkSpeedView: /update(), speed=55B/s parent class:class com.android.systemui.statusbar.HwSystemIcons
08-03 15:32:12.816  1374  1374 W KeyguardUpdateMonitor: ACTION_BATTERY_CHANGED AMP: 0; Volt: 0
08-03 15:32:12.842 13120 13120 I CloudAlbum[5.3.0.303]: [CGCommonStatusReceiver] CGCommonStatusReceiver, action: android.intent.action.BATTERY_CHANGED
08-03 15:32:12.848  1813  1813 I Ptm.AbnormalObserver: current battery level value: 100
08-03 15:32:12.853  1813  1813 W Ptm.AbnormalObserver: ljs, in checkIsAbnormalHot, Ap_temp = 31
08-03 15:32:12.858 13120 17041 I CloudAlbum[5.3.0.303]: [ReceiverManager] ReceiverManager action: android.intent.action.BATTERY_CHANGED
08-03 15:32:12.858 13120 17041 E CloudAlbum[5.3.0.303]: [ReceiverManager] not log on ignore
08-03 15:32:12.861  1374  1374 W KeyguardUpdateMonitor: ChargingSpeed  Wattage: -1 ST: 5000000 --> 7500000
08-03 15:32:12.861  1374  1374 I KgBattery: BatteryInfo updated:  5lPC-1
08-03 15:32:12.861  1374  1374 W AppHandler: sendMessage with obj100
08-03 15:32:12.867  1374  1374 W HwLockScreenPanel: refreshBatteryInfo: null
08-03 15:32:12.867  1374  1374 W HwLockScreenPanel: Handle message: 100
08-03 15:32:13.498  1058  1237 I chatty  : uid=1000(system) WiFiArpStateMac expire 9 lines
08-03 15:32:14.920  1058  1186 I chatty  : uid=1000(system) WifiStateMachin expire 3 lines
08-03 15:32:15.513  1374  1374 I NetworkSpeedManagerEx: mIsStop = false
08-03 15:32:15.515  1374  1374 I NetworkSpeedManagerEx:  value = 312.33334
08-03 15:32:15.517  1374  1374 I NetworkSpeedManagerEx: speed = 312B/s
08-03 15:32:15.517  1374  1374 I NetworkSpeedView: /update(), speed=312B/s parent class:class com.android.systemui.statusbar.HwSystemIcons
08-03 15:32:15.558  1374  1374 I NetworkSpeedManagerEx: mIsStop = false
08-03 15:32:15.561  1374  1374 I NetworkSpeedManagerEx:  value = 312.33334
08-03 15:32:15.564  1374  1374 I NetworkSpeedManagerEx: speed = 312B/s
08-03 15:32:15.564  1374  1374 I NetworkSpeedView: /update(), speed=312B/s parent class:class com.android.systemui.statusbar.HwSystemIcons
08-03 15:32:16.594  1058  1247 I chatty  : uid=1000(system) HuaweiWifiWatch expire 6 lines
08-03 15:32:18.520  1374  1374 I NetworkSpeedManagerEx: mIsStop = false
08-03 15:32:18.522  1374  1374 I NetworkSpeedManagerEx:  value = 55.0
08-03 15:32:18.524  1374  1374 I NetworkSpeedManagerEx: speed = 55B/s
08-03 15:32:18.524  1374  1374 I NetworkSpeedView: /update(), speed=55B/s parent class:class com.android.systemui.statusbar.HwSystemIcons
08-03 15:32:18.565  1374  1374 I NetworkSpeedManagerEx: mIsStop = false
08-03 15:32:18.568  1374  1374 I NetworkSpeedManagerEx:  value = 110.0
08-03 15:32:18.570  1374  1374 I NetworkSpeedManagerEx: speed = 110B/s
08-03 15:32:18.570  1374  1374 I NetworkSpeedView: /update(), speed=110B/s parent class:class com.android.systemui.statusbar.HwSystemIcons
08-03 15:32:18.572  1058  1237 E HwCHRWebMonitor: running processName=com.ccvideo
08-03 15:32:19.027  1058  1058 I TrafficMonitor: update:rxPkts:3,txPkts:2,rxBytes:1093,txBytes:363
08-03 15:32:19.027  1058  1058 I TrafficMonitor: start expired. level:-1
08-03 15:32:19.027  1058  1058 I TrafficMonitor: gettimer:interval=2000
08-03 15:32:19.553  1058  1167 W AlarmManager: mIsScreenOn is: true, WAKEUP alarm trigger action = easemob.chat.heatbeat.cloudfocus#yizhibo package name is: com.ccvideo
08-03 15:32:19.557  1813  4071 W Ptm.AbnormalObserver: unhandled mesg: 4008
08-03 15:32:20.016  1058  1058 I TrafficMonitor: expired arrive. level:-1
08-03 15:32:20.016  1058  1058 I TrafficMonitor: during_ms:2008,period_ms:2000
08-03 15:32:20.017  1058  1058 I TrafficMonitor: count:783,rx_sum:3,tx_sum:2,rxBytes:1093,during_ms:2008,rx_speed:544.3227091633466,tx_speed:180.77689243027888,rto:1.5
08-03 15:32:20.958  1058  1186 E WifiConfigManager: updateConfiguration freq=5180 BSSID=48:fd:8e:4d:81:30 RSSI=-37 "yizhibo"WPA_PSK
08-03 15:32:21.031  1058  1058 I TrafficMonitor: update:rxPkts:2,txPkts:1,rxBytes:343,txBytes:47
08-03 15:32:21.032  1058  1058 I TrafficMonitor: start expired. level:-1
08-03 15:32:21.032  1058  1058 I TrafficMonitor: gettimer:interval=2000
08-03 15:32:21.525  1374  1374 I NetworkSpeedManagerEx: mIsStop = false
08-03 15:32:21.528  1374  1374 I NetworkSpeedManagerEx:  value = 615.3333
08-03 15:32:21.531  1374  1374 I NetworkSpeedManagerEx: speed = 615B/s
08-03 15:32:21.531  1374  1374 I NetworkSpeedView: /update(), speed=615B/s parent class:class com.android.systemui.statusbar.HwSystemIcons
08-03 15:32:21.571  1374  1374 I NetworkSpeedManagerEx: mIsStop = false
08-03 15:32:21.574  1374  1374 I NetworkSpeedManagerEx:  value = 560.3333
08-03 15:32:21.577  1374  1374 I NetworkSpeedManagerEx: speed = 560B/s
08-03 15:32:21.577  1374  1374 I NetworkSpeedView: /update(), speed=560B/s parent class:class com.android.systemui.statusbar.HwSystemIcons
08-03 15:32:22.151  1058  1804 I LocationManagerService: getProviders()=[passive, gps, network, local_database]
08-03 15:32:22.154  1058  2199 I LocationManagerService: getLastLocation: Request[POWER_LOW network requested=0 fastest=0 num=1]
08-03 15:32:23.039  1058  1058 I TrafficMonitor: update:rxPkts:6,txPkts:6,rxBytes:768,txBytes:2130
08-03 15:32:23.039  1058  1058 I TrafficMonitor: start expired. level:-1
08-03 15:32:23.039  1058  1058 I TrafficMonitor: gettimer:interval=2000
08-03 15:32:23.126  2171  2261 I amsnl   : ar
08-03 15:32:23.128  2171  2261 I amsnl   : t:false, fl: false, p: 20000, ce: true, we: true
08-03 15:32:23.140  2171  2261 I amsnl   : m1: false
08-03 15:32:23.148  2171  2261 I amsnl   : m2: false, m3: false
08-03 15:32:23.149  2171  2261 I amsnl   : c: false, w: false, t: true, l: false
08-03 15:32:23.150  2171  2261 I amsnl   : crs
08-03 15:32:23.151  2171  2261 I amsnl   : wrs
08-03 15:32:23.166  1058  1196 I WifiHAL : Got channel list with 13 channels
08-03 15:32:23.167  1058  1196 I WifiHAL : Got channel list with 9 channels
08-03 15:32:23.169  1058  1196 I WifiHAL : Got channel list with 4 channels
08-03 15:32:23.170  1491  1504 W PhoneInterfaceManager: shouldBlockLocation running ...
08-03 15:32:23.171  1491  1504 I PhoneInterfaceManager: shouldBlockLocation  ret:false
08-03 15:32:23.180  1491  8384 W PhoneInterfaceManager: shouldBlockLocation running ...
08-03 15:32:23.181  1491  8384 I PhoneInterfaceManager: shouldBlockLocation  ret:false
08-03 15:32:23.186  1491  8385 W PhoneInterfaceManager: shouldBlockLocation running ...
08-03 15:32:23.186  1491  8385 I PhoneInterfaceManager: shouldBlockLocation  ret:false
08-03 15:32:23.189  2171  2261 I amsnl   : csr
08-03 15:32:23.189  2171  2261 I amsnl   : t:false, fl: false, p: 20000, ce: true, we: true
08-03 15:32:23.191  2171  2261 I amsnl   : m1: false
08-03 15:32:23.193  2171  2261 I amsnl   : m2: false, m3: false
08-03 15:32:23.194  2171  2261 I amsnl   : c: false, w: false, t: false, l: false
08-03 15:32:23.572  1058  1237 E HwCHRWebMonitor: WebMonitor [mNetWorkIsSuck=0 mUIDIsSuck=]  WebSpeed [WEBSENDSEGS=6  WEBRESENDSEGS=0  WEBRECVSEGS=7  WEBERRSEGS=0  WEBOUTRSTS=0  WEBESTABLISRST=0  WEBRTTDURATION=45  WEBRTTSEGS=5  WEBSRTT=90  WEBSNDDUPACKS=0  SENDSEGS=0  RESENDSEGS=0  RECVSEGS=0  ERRSEGS=0  OUTRSTS=0  ESTABLISRST=0  RTTDURATION=0  RTTSEGS=0  SNDDUPACKS=0  suckTimes=0 recovage_times=0]
08-03 15:32:23.573  1058  1237 E HwCHRWifiRSSIGroupSummery: updateTcpSummery mRSSI:-37  HwCHRWifiRSSIGroup [rssi_index=4, rtt_tcp_packets=1791, rtt_tcp_duration=43979, rtt_lan_duration=502, rtt_lan_failures=0, rtt_lan_succ=52, rtt_lan_max=56, rtt_lan_min=2,same_area_frequency=0,adjacent_area_frequency=0]
08-03 15:32:23.575  1058  1237 E HwCHRWebMonitor: HwCHRWifiPacketCnt [mTXGood=44, mTXbad=0, mRXGood=11] rssi=-37
08-03 15:32:23.575  1058  1237 E HwCHRWebMonitor: Good NetWork Traffic , so mOnAppSuckTime, mUnModifyCount reset 0
08-03 15:32:23.973  1058  1186 E WifiConfigManager: updateConfiguration freq=5180 BSSID=48:fd:8e:4d:81:30 RSSI=-37 "yizhibo"WPA_PSK
08-03 15:32:24.533  1374  1374 I NetworkSpeedManagerEx: mIsStop = false
08-03 15:32:24.536  1374  1374 I NetworkSpeedManagerEx:  value = 1145.0
08-03 15:32:24.539  1374  1374 I NetworkSpeedManagerEx: speed = 1.1K/s
08-03 15:32:24.539  1374  1374 I NetworkSpeedView: /update(), speed=1.1K/s parent class:class com.android.systemui.statusbar.HwSystemIcons
08-03 15:32:24.577  1374  1374 I NetworkSpeedManagerEx: mIsStop = false
08-03 15:32:24.580  1374  1374 I NetworkSpeedManagerEx:  value = 1200.0
08-03 15:32:24.582  1058  1186 E WifiConfigManager: updateConfiguration freq=5180 BSSID=48:fd:8e:4d:81:30 RSSI=-37 "yizhibo"WPA_PSK
08-03 15:32:24.583  1374  1374 I NetworkSpeedManagerEx: speed = 1.2K/s
08-03 15:32:24.584  1374  1374 I NetworkSpeedView: /update(), speed=1.2K/s parent class:class com.android.systemui.statusbar.HwSystemIcons
08-03 15:32:24.587  1058  1058 I QosMonitor: queryRtt: rtt_type = 3
08-03 15:32:24.588  1058  1058 I WifiProJNI: ######### GET RTT:3 ########
08-03 15:32:24.588  1058  1247 I HuaweiWifiWatchdogStateMachine: spd good count:0, add sc:0.0, rate:1.0
08-03 15:32:24.588  1058  1247 I HuaweiWifiWatchdogStateMachine: current mHighDataFlowRate = 1.0
08-03 15:32:24.588  1058  1247 I HuaweiWifiWatchdogStateMachine: POta txb txg rxg:0, 104, 0. Lr =0% Totpkt=104
08-03 15:32:24.588  1058  1245 I QosMonitor: postEventFromNative: msg=100,arg1=4,arg2=9
08-03 15:32:24.588  1058  1245 W WifiProJNI: poll before: g_monitor_fd =237
08-03 15:32:24.588  1058  1058 I WifiProJNI: ######### CMD_QUERY_PKTS ########
08-03 15:32:24.589  1058  1058 I QosMonitor: resetRtt: rtt_type = 3
08-03 15:32:24.589  1058  1058 I WifiProJNI: ######### RESET RTT:3 ########
08-03 15:32:24.589  1058  1245 I QosMonitor: postEventFromNative: msg=100,arg1=0,arg2=9
08-03 15:32:24.589  1058  1245 W WifiProJNI: poll before: g_monitor_fd =237
08-03 15:32:24.589  1058  1058 I MQoS    : rtt=90,tcp_tx_pkts=98055,tcp_rx_pkts=115582
08-03 15:32:24.591  1058  1247 I HuaweiWifiWatchdogStateMachine: PTcp RTT:90, rtt pkt=5, tcp_rx=7, tcp_tx=9, tcp_reTran=0, rtRate=0
08-03 15:32:24.591  1058  1247 I HuaweiWifiWatchdogStateMachine: rs ota tcp lr rttvb bad: false, false, false, false, false; rsth:-75
08-03 15:32:24.592  1058  1247 I HuaweiWifiWatchdogStateMachine:  pkt chk not bad, reset sc to 0.
08-03 15:32:24.597  1058  3170 I MQoS    : QOS_level:0(0),wifi-link;SIM error;use level-0
08-03 15:32:24.597  1058  3170 I MQoS    : skip-low-Level:0(0),wifi-link;SIM error;use level-0
08-03 15:32:25.044  1058  1058 I TrafficMonitor: update:rxPkts:4,txPkts:4,rxBytes:642,txBytes:240
08-03 15:32:25.044  1058  1058 I TrafficMonitor: start expired. level:-1
08-03 15:32:25.044  1058  1058 I TrafficMonitor: gettimer:interval=2000
08-03 15:32:25.511  1058  1186 I SendBroadcastPermission: action:android.net.wifi.SCAN_RESULTS, mPermissionType:0
08-03 15:32:25.519  1058  1244 E hwintelligencewifi:  DefaultState message.what = 7
08-03 15:32:25.556  1058  1803 I LocationManagerService: getProviders()=[passive, gps, network, local_database]
08-03 15:32:25.559  1058  1806 I LocationManagerService: getLastLocation: Request[POWER_LOW network requested=0 fastest=0 num=1]
08-03 15:32:25.571  2171  2261 I amsnl   : wsr
