08-03 15:24:47.820  1547  1561 E HwMotionRecognition: DsSearchIndexablesProvider error:add raw data:减弱计时器和闹钟铃声音量
08-03 15:24:47.820  1547  1561 E HwMotionRecognition: DsSearchIndexablesProvider error:add raw data:接听来电
08-03 15:24:47.820  1547  1561 E HwMotionRecognition: DsSearchIndexablesProvider error:add raw data:拨打电话
08-03 15:24:47.820  1547  1561 E HwMotionRecognition: DsSearchIndexablesProvider error:add raw data:免提切换为听筒
08-03 15:24:47.820  1547  1561 E HwMotionRecognition: DsSearchIndexablesProvider error:add raw data:蓝牙耳机切换为听筒
08-03 15:24:47.820  1547  1561 E HwMotionRecognition: DsSearchIndexablesProvider error:add raw data:智能截屏
08-03 15:24:47.820  1547  1561 E HwMotionRecognition: DsSearchIndexablesProvider error:add raw data:字母手势
08-03 15:24:47.820  1547  1561 E HwMotionRecognition: DsSearchIndexablesProvider error:add raw data:画字母 c
08-03 15:24:47.820  1547  1561 E HwMotionRecognition: DsSearchIndexablesProvider error:add raw data:画字母 e
08-03 15:24:47.820  1547  1561 E HwMotionRecognition: DsSearchIndexablesProvider error:add raw data:画字母 m
08-03 15:24:47.820  1547  1561 E HwMotionRecognition: DsSearchIndexablesProvider error:add raw data:画字母 w
08-03 15:24:47.820  1547  1561 E HwMotionRecognition: DsSearchIndexablesProvider error:add raw data:分屏手势
08-03 15:24:47.856 12830 12865 I HwVAssistant_VASearchIndexablesProvider: queryXmlResources
08-03 15:24:47.858 12830 12842 I HwVAssistant_VASearchIndexablesProvider: queryRawData
08-03 15:24:47.859 12830 12842 I HwVAssistant_VASearchIndexablesProvider: queryRawData: 语音唤醒
08-03 15:24:47.859 12830 12842 I HwVAssistant_VASearchIndexablesProvider: queryRawData: 熄屏快呼
08-03 15:24:47.859 12830 12842 I HwVAssistant_VASearchIndexablesProvider: queryRawData: 语音控制
08-03 15:24:47.862 12830 12842 I HwVAssistant_VASearchIndexablesProvider: queryNonIndexableKeys
08-03 15:24:47.932 14040 17164 I IndexDatabaseHelper: Using schema version: 115
08-03 15:24:47.932 14040 17164 I IndexDatabaseHelper: Index is fine
08-03 15:24:47.993 14040 17164 I HwCust  : Constructor found for class com.android.settings.HwCustNotificationAndStatusSettingsImpl
08-03 15:24:48.009 14040 17164 E terigele: try loading the notification and status setting.
08-03 15:24:48.036  2201  2201 I HwLauncher: Launcher onStop()
08-03 15:24:48.140 14040 17164 I HwResourcesImpl: load icon id : 7f0200a1, pkgName : com.android.browser
08-03 15:24:48.140 14040 17164 W CfgFilePolicy: No config file found for:/themes/diff/icons
08-03 15:24:48.141 14040 17164 W CfgFilePolicy: CFG_DIRS length : 9
08-03 15:24:48.143 14040 17164 I HwResourcesImpl: icon : com.android.browser found in theme
08-03 15:24:48.149 14040 17164 I HwResourcesImpl: load icon id : 7f02050a, pkgName : com.baidu.searchbox
08-03 15:24:48.149 14040 17164 W CfgFilePolicy: No config file found for:/themes/diff/icons
08-03 15:24:48.149 14040 17164 W CfgFilePolicy: CFG_DIRS length : 9
08-03 15:24:48.151 14040 17164 I HwResourcesImpl: icon : com.baidu.searchbox found in theme
08-03 15:24:48.159 14040 17164 I HwResourcesImpl: load icon id : 7f0203ed, pkgName : com.ss.android.article.news
08-03 15:24:48.159 14040 17164 W CfgFilePolicy: No config file found for:/themes/diff/icons
08-03 15:24:48.159 14040 17164 W CfgFilePolicy: CFG_DIRS length : 9
08-03 15:24:48.161 14040 17164 I HwResourcesImpl: icon : com.ss.android.article.news found in theme
08-03 15:24:48.168 14040 17164 I HwResourcesImpl: load icon id : 7f030000, pkgName : com.android.chrome
08-03 15:24:48.168 14040 17164 W CfgFilePolicy: No config file found for:/themes/diff/icons
08-03 15:24:48.168 14040 17164 W CfgFilePolicy: CFG_DIRS length : 9
08-03 15:24:48.171 14040 17164 I HwResourcesImpl: icon : com.android.chrome found in app
08-03 15:24:48.182  1058  1247 I chatty  : uid=1000(system) HuaweiWifiWatch expire 12 lines
08-03 15:24:48.182  1058  1245 I chatty  : uid=1000(system) Thread-11 expire 6 lines
08-03 15:24:48.184 14040 17164 I HwResourcesImpl: load icon id : 7f02034e, pkgName : com.cleanmaster.security_cn
08-03 15:24:48.184 14040 17164 W CfgFilePolicy: No config file found for:/themes/diff/icons
08-03 15:24:48.184 14040 17164 W CfgFilePolicy: CFG_DIRS length : 9
08-03 15:24:48.184 14040 17164 I HwResourcesImpl: icon : com.cleanmaster.security_cn found in app
08-03 15:24:48.186  1058  3170 I chatty  : uid=1000(system) MobileQosDetect expire 1 line
08-03 15:24:48.196 14040 17164 I HwResourcesImpl: load icon id : 7f020229, pkgName : com.ijinshan.browser_fast
08-03 15:24:48.196 14040 17164 W CfgFilePolicy: No config file found for:/themes/diff/icons
08-03 15:24:48.196 14040 17164 W CfgFilePolicy: CFG_DIRS length : 9
08-03 15:24:48.196 14040 17164 I HwResourcesImpl: icon : com.ijinshan.browser_fast found in app
08-03 15:24:48.216 14040 17164 I HwResourcesImpl: load icon id : 7f030000, pkgName : com.android.contacts
08-03 15:24:48.216 14040 17164 W CfgFilePolicy: No config file found for:/themes/diff/icons
08-03 15:24:48.216 14040 17164 W CfgFilePolicy: CFG_DIRS length : 9
08-03 15:24:48.218 14040 17164 I HwResourcesImpl: icon : com.android.contacts found in theme
08-03 15:24:48.225 14040 17164 E AppCloneSettings: AppCloneSettingsSearchIndexProvider
08-03 15:24:48.225 14040 17164 E AppCloneSettings: AppCloneSettingsSearchIndexProvider
08-03 15:24:48.505 14040 17164 I HwCust  : Constructor found for class com.android.settings.HwCustDisplaySettingsHwBaseImpl
08-03 15:24:48.546 14040 17164 E TAG     : can't find packeage com.ctc.epush!
08-03 15:24:48.546 14040 17164 E TAG     : android.content.pm.PackageManager$NameNotFoundException: com.ctc.epush
08-03 15:24:48.546 14040 17164 E TAG     : 	at android.app.ApplicationPackageManager.getPackageInfoAsUser(ApplicationPackageManager.java:165)
08-03 15:24:48.546 14040 17164 E TAG     : 	at android.app.ApplicationPackageManager.getPackageInfo(ApplicationPackageManager.java:148)
08-03 15:24:48.546 14040 17164 E TAG     : 	at com.android.settings.Utils.isCheckAppExist(Utils.java:1706)
08-03 15:24:48.546 14040 17164 E TAG     : 	at com.android.settings.DeviceInfoSettings$1.getNonIndexableKeys(DeviceInfoSettings.java:521)
08-03 15:24:48.546 14040 17164 E TAG     : 	at com.android.settings.search.Index.indexOneResource(Index.java:928)
08-03 15:24:48.546 14040 17164 E TAG     : 	at com.android.settings.search.Index.indexOneSearchIndexableData(Index.java:845)
08-03 15:24:48.546 14040 17164 E TAG     : 	at com.android.settings.search.Index.-wrap4(Index.java)
08-03 15:24:48.546 14040 17164 E TAG     : 	at com.android.settings.search.Index$UpdateIndexTask.processDataToUpdate(Index.java:1447)
08-03 15:24:48.546 14040 17164 E TAG     : 	at com.android.settings.search.Index$UpdateIndexTask.doInBackground(Index.java:1389)
08-03 15:24:48.546 14040 17164 E TAG     : 	at com.android.settings.search.Index$UpdateIndexTask.doInBackground(Index.java:1362)
08-03 15:24:48.546 14040 17164 E TAG     : 	at android.os.AsyncTask$2.call(AsyncTask.java:316)
08-03 15:24:48.546 14040 17164 E TAG     : 	at java.util.concurrent.FutureTask.run(FutureTask.java:237)
08-03 15:24:48.546 14040 17164 E TAG     : 	at android.os.AsyncTask$SerialExecutor$1.run(AsyncTask.java:255)
08-03 15:24:48.546 14040 17164 E TAG     : 	at java.util.concurrent.ThreadPoolExecutor.runWorker(ThreadPoolExecutor.java:1133)
08-03 15:24:48.546 14040 17164 E TAG     : 	at java.util.concurrent.ThreadPoolExecutor$Worker.run(ThreadPoolExecutor.java:607)
08-03 15:24:48.546 14040 17164 E TAG     : 	at java.lang.Thread.run(Thread.java:776)
08-03 15:24:48.547 14040 17164 I HwCust  : Constructor found for class com.android.settings.deviceinfo.HwCustTelecInfoImpl
08-03 15:24:50.199  1535  1634 I ScenarioAction: new ScenarioAction sPoolSize: 0
08-03 15:24:50.719 14040 14040 I BD.Reporter: com.huawei.bd.IBDService$Stub$Proxy@fe7ac5
08-03 15:24:50.737 14040 14040 I HwCust  : Constructor found for class com.android.settings.HwCustSplitUtilsImpl
08-03 15:24:50.745 14040 14040 W WindowDecorActionBar: should not do the transition or the transition anim is null or it is running or the mContainer view is null or mContainer view hasn't been drawn to screen 
08-03 15:24:50.746 14040 14040 I HwCust  : Constructor found for class com.android.settings.HwCustSettingsActivityImpl
08-03 15:24:50.754 14040 14040 I HwCust  : Constructor found for class com.android.settings.HwCustDevelopmentSettingsImpl
08-03 15:24:50.771 14040 14040 W WindowDecorActionBar: should not do the transition or the transition anim is null or it is running or the mContainer view is null or mContainer view hasn't been drawn to screen 
08-03 15:24:50.823 14040 14040 W WindowDecorActionBar: should not do the transition or the transition anim is null or it is running or the mContainer view is null or mContainer view hasn't been drawn to screen 
08-03 15:24:50.836  1058  2490 I chatty  : uid=1000(system) Binder:1058_10 expire 4 lines
08-03 15:24:50.843 14040 14040 I HwPointEventFilter: support AFT
08-03 15:24:51.290  1058  1058 I chatty  : uid=1000 system_server expire 20 lines
08-03 15:24:51.667   568   568 E Thermal-daemon: [charger_ic] temp_new :31  temp_old :30
08-03 15:24:51.667   568   568 E Thermal-daemon: Report temperature: [charger_ic] temp :31  report_threshold:1
08-03 15:24:53.250  1374  1374 I chatty  : uid=10029(com.huawei.HwMultiScreenShot) com.android.systemui expire 63 lines
08-03 15:24:53.777  1535  1634 I ScenarioAction: new ScenarioAction sPoolSize: 0
08-03 15:24:54.764  1535  1634 I ScenarioAction: new ScenarioAction sPoolSize: 0
08-03 15:24:54.784   430  5973 I chatty  : uid=1000(system) Binder:430_5 expire 4 lines
08-03 15:24:54.784   430   445 I chatty  : uid=1000(system) Binder:430_2 expire 2 lines
08-03 15:24:54.792  2201  2201 I HwLauncher: Launcher  onNewIntent mIsToUninstallApp = false,mIsLoading = false
08-03 15:24:54.793  2201  2201 I HwLauncher: Launcher  onNewIntent alreadyOnHome = false, touchActive = false
08-03 15:24:54.793  2201  2201 I HwLauncher: Workspace  changeState() fromState = NORMAL_MODE, toState = NORMAL_MODE, animated = false, delay = 40
08-03 15:24:54.793  2201  2201 W HwLauncher: Workspace  changeState() state no change.
08-03 15:24:54.793  2201  2201 I HwLauncher: Launcher  onNewIntent end
08-03 15:24:54.794  1813  2608 W Ptm.AbnormalObserver: unhandled mesg: 4005
08-03 15:24:54.797  2201  2201 I HwLauncher: Launcher onStart()
08-03 15:24:54.797  2201  2201 I HwLauncher: Launcher dynamicIconsRegister
08-03 15:24:54.797  2201  2201 I HwLauncher: DynamicUpdater registerReceiver
08-03 15:24:54.798  2201  2201 I HwLauncher: DynamicUpdater call updateFolder
08-03 15:24:54.798  2201  2201 I HwLauncher: DynamicIcon onResume  isvisible = false   mAttachedToWindow:true    mWindowVisible:falsecom.android.deskclock
08-03 15:24:54.798  2201  2201 I HwLauncher: DynamicUpdater registerReceiver
08-03 15:24:54.798  2201  2358 E HwLauncher: SettingsEx , no such field.
08-03 15:24:54.799  2201  2358 W HwLauncher: Clock getDataFormat the getSystemString failed.
08-03 15:24:54.799  2201  2201 I HwLauncher: DynamicUpdater call updateFolder
08-03 15:24:54.799  2201  2201 I HwLauncher: DynamicIcon onResume  isvisible = true   mAttachedToWindow:false    mWindowVisible:falsecom.huawei.android.totemweather
08-03 15:24:54.799  2201  2201 I HwLauncher: DynamicUpdater registerReceiver
08-03 15:24:54.800  2201  2358 I HwLauncher: WeatherDynamicUpdater positiveUpdate at WeatherDynamicUpdater
08-03 15:24:54.800  2201  2201 I HwLauncher: DynamicUpdater call updateFolder
08-03 15:24:54.800  2201  2201 I HwLauncher: DynamicIcon onResume  isvisible = false   mAttachedToWindow:true    mWindowVisible:falsecom.android.calendar
08-03 15:24:54.800  2201  2201 I HwLauncher: Launcher  Launcher.onStart() cost 3 ms
08-03 15:24:54.800  2201  2201 I HwLauncher: Launcher onResume()
08-03 15:24:54.800  2201  2201 I HwLauncher: Launcher doResumeWork()
08-03 15:24:54.803  2201  2201 I HwLauncher: Launcher  onResume mIsToUninstallApp = false
08-03 15:24:54.803  2201  2201 I HwLauncher: Launcher  Launcher hot start cost 6 ms
08-03 15:24:54.803  1584  1595 I TotemWeather: Utils info:launcherIntent for weather DynamicIcon
08-03 15:24:54.803  1584  1595 I TotemWeather: Utils info:getWidgetShowCityInfo return myLocation
08-03 15:24:54.806  1584  1595 I SendBroadcastPermission: action:com.huawei.android.action.launcher_weather_icon_change, mPermissionType:0
08-03 15:24:54.807  2201  2201 I TotemWeather: DateTimeView info:updateNextData nextTime: 0
08-03 15:24:54.808  2201  2416 I TotemWeather: WeatherDataManager info:queryCityTaskImpl: my location is enable locateCity = Chaoyang District
08-03 15:24:54.812  2201  2389 I OpenGLRenderer: Initialized EGL, version 1.4
08-03 15:24:54.813  2201  2201 I HwLauncher: WeatherDynamicUpdater receive action = com.huawei.android.action.launcher_weather_icon_change
08-03 15:24:54.814  2201  2358 I HwLauncher: WeatherDynamicUpdater receiver data is int[] = [0, 0, 4, 0, 2, 0, 0, 0] ; stringArray[] = [sunny, num3, num6, tempc] ; dynamic_gravity = center
08-03 15:24:54.814  2201  2358 I HwLauncher: WeatherDynamicUpdater update before : mDrawingData[0] = sunny:0, 0, 0
08-03 15:24:54.814  2201  2358 I HwLauncher: WeatherDynamicUpdater update before : mDrawingData[1] = num3:4, 0, 0
08-03 15:24:54.814  2201  2358 I HwLauncher: WeatherDynamicUpdater update before : mDrawingData[2] = num6:2, 0, 0
08-03 15:24:54.814  2201  2358 I HwLauncher: WeatherDynamicUpdater update before : mDrawingData[3] = tempc:0, 0, 0
08-03 15:24:54.814  2201  2358 I HwLauncher: WeatherDynamicUpdater  picNames.length not equal tmpMapList.size(), so no need to updatePreData... ; picNames.length = 4 , tmpMapList.size() = 0
08-03 15:24:54.815  2201  2201 I TotemWeather: DateTimeView info:,Time =3:24,[:] timezone=中国标准时间
08-03 15:24:54.818   430   444 I chatty  : uid=1000(system) Binder:430_1 expire 3 lines
08-03 15:24:54.825  1584 17170 I TotemWeather: WeatherService info:processIntent action =com.huawei.android.action.NOTIFY_STATE
08-03 15:24:54.825  1584 17170 I TotemWeather: DeviceStateListener info:onTaskStateChanged->taskType:1, taskState:1
08-03 15:24:54.825  1584 17170 I TotemWeather: DeviceStateListener info:checkWeatherInfoTimeOut: weather update in half an hour,return
08-03 15:24:54.829  2201  2201 I TotemWeather: DateTimeView info:updateNextData nextTime: 6173
08-03 15:24:54.862  2201  2201 I TotemWeather: WidgetDataManager info:getLightColorType : 3
08-03 15:24:54.863  2201  2201 I TotemWeather: DateTimeView info:updateNextData nextTime: 0
08-03 15:24:54.864  2201  2201 I TotemWeather: DateTimeView info:updateNextData nextTime: 0
08-03 15:24:54.870   430  1907 I chatty  : uid=1000(system) Binder:430_4 expire 3 lines
08-03 15:24:54.874  2201  2201 I TotemWeather: DateTimeView info:,Time =3:24,[:] timezone=中国标准时间
08-03 15:24:54.877  2201  2201 I TotemWeather: DateTimeView info:updateNextData nextTime: 6124
08-03 15:24:55.172   430   430 I chatty  : uid=1000(system) /system/bin/surfaceflinger expire 3 lines
08-03 15:24:55.349  2201  2201 I HwLauncher: Launcher.Utilities  unread scaledHeight = 51;sBigIconSize = 161
08-03 15:24:55.359  2201  2389 W OpenGLRenderer: Incorrectly called buildLayer on View: ShortcutAndWidgetContainer, destroying layer...
08-03 15:24:55.359  2201  2389 W OpenGLRenderer: Incorrectly called buildLayer on View: ShortcutAndWidgetContainer, destroying layer...
08-03 15:24:55.434  1535  1552 I PGServer: checkPkgType. calling pkg: android
08-03 15:24:55.511  2201  2201 I HwLauncher: FPSMonitor  [Launcher , dispatchTouchEvent begin, false, true] down event  x = 818 y = 1397
08-03 15:24:55.511  2201  2201 I HwLauncher: Launcher workspaceTranslationX = 0.0
08-03 15:24:55.511  2201  2201 I HwLauncher: FPSMonitor  [PagedView , onIntercept] down event  x = 818 y = 1397
08-03 15:24:55.512  2201  2201 I HwLauncher: FPSMonitor  [Launcher , dispatchTouchEvent end, false, true] down event  x = 818 y = 1397
08-03 15:24:55.531  2201  2201 I HwLauncher:  FPSMonitor startScroll xMoved = true  xPaged = true xDiff =  54
08-03 15:24:55.574  2201  2201 I HwLauncher: FPSMonitor  [Launcher , dispatchTouchEvent begin, false, true] up event  x = 642 y = 1366
08-03 15:24:55.574  2201  2201 I HwLauncher: FPSMonitor  [PagedView , onTouchEvent] up event  x = 642 y = 1366
08-03 15:24:55.574  2201  2201 I HwLauncher:  FPSMonitor snapToPage whichPage = 1 delta = 899 duration = 912
08-03 15:24:55.575  2201  2201 I HwLauncher: FPSMonitor  [Launcher , dispatchTouchEvent end, false, true] up event  x = 642 y = 1366
08-03 15:24:55.888  2201  2201 I HwLauncher:  FPSMonitor endScroll
08-03 15:24:55.947  2201  2201 I HwLauncher: FPSMonitor  [Launcher , dispatchTouchEvent begin, false, true] down event  x = 930 y = 1383
08-03 15:24:55.947  2201  2201 I HwLauncher: Launcher workspaceTranslationX = 0.0
08-03 15:24:55.947  1535  1634 I ScenarioAction: new ScenarioAction sPoolSize: 0
08-03 15:24:55.947  2201  2201 I HwLauncher: FPSMonitor  [PagedView , onIntercept] down event  x = 930 y = 1383
08-03 15:24:55.948  2201  2201 I HwLauncher: FPSMonitor  [Launcher , dispatchTouchEvent end, false, true] down event  x = 930 y = 1383
08-03 15:24:55.957  2201  2201 I HwLauncher:  FPSMonitor startScroll xMoved = true  xPaged = false xDiff =  21
08-03 15:24:55.961  2201  2201 I HwLauncher: Launcher.Utilities  unread scaledHeight = 51;sBigIconSize = 161
08-03 15:24:56.016  2201  2201 I HwLauncher: FPSMonitor  [Launcher , dispatchTouchEvent begin, false, true] up event  x = 658 y = 1386
08-03 15:24:56.016  2201  2201 I HwLauncher: FPSMonitor  [PagedView , onTouchEvent] up event  x = 658 y = 1386
08-03 15:24:56.017  2201  2201 I HwLauncher:  FPSMonitor snapToPage whichPage = 2 delta = 753 duration = 528
08-03 15:24:56.017  2201  2201 I HwLauncher: FPSMonitor  [Launcher , dispatchTouchEvent end, false, true] up event  x = 658 y = 1386
08-03 15:24:56.075  1535  1634 I ScenarioAction: new ScenarioAction sPoolSize: 0
08-03 15:24:56.348  2201  2201 I HwLauncher:  FPSMonitor endScroll
08-03 15:24:56.454  1535  1634 I ScenarioAction: new ScenarioAction sPoolSize: 0
08-03 15:24:56.482  1058  1072 I chatty  : uid=1000(system) android.ui expire 2 lines
08-03 15:24:56.523  1058 12199 I chatty  : uid=1000(system) RenderThread expire 1 line
08-03 15:24:56.528  1535  1774 I ash     : view remove pid:1058 uid:1000
08-03 15:24:56.537   430  1262 I chatty  : uid=1000(system) Binder:430_3 expire 3 lines
08-03 15:24:56.671   568   568 E Thermal-daemon: [flash_led] temp_new :32  temp_old :31
08-03 15:24:56.671   568   568 E Thermal-daemon: Report temperature: [flash_led] temp :32  report_threshold:1
08-03 15:24:56.881 13464 13564 I tnet-jni: 292 - [spdyPingRecvCallback] - 
08-03 15:24:56.882 13464 13564 I tnet-jni: 292 - [SpdySessionCallBack.spdyPingRecvCallback] - org.android.spdy.SpdySession@24a25c8
08-03 15:24:58.139  1058  1237 I chatty  : uid=1000(system) WiFiArpStateMac expire 24 lines
08-03 15:25:00.048  2201  2201 I HwLauncher: Model  onReceive intent=Intent { act=android.intent.action.TIME_TICK flg=0x50000014 (has extras) }
08-03 15:25:00.048  2201  2201 I HwLauncher: Model  onReceive user=UserHandle{0}
08-03 15:25:00.056  2201  2201 I TotemWeather: WeatherDataObserver info:receive action = #Intent;action=android.intent.action.TIME_TICK;launchFlags=0x50000014;i.android.intent.extra.ALARM_COUNT=1;end
08-03 15:25:00.064  2201  2201 I HwLauncher: ClockDynamicUpdater date changed begin
08-03 15:25:00.064  2201  2201 I HwLauncher: ClockDynamicUpdater date changed end
08-03 15:25:00.064  2201  2358 E HwLauncher: SettingsEx , no such field.
08-03 15:25:00.065  2201  2358 W HwLauncher: Clock getDataFormat the getSystemString failed.
08-03 15:25:00.067  2201  2358 I HwLauncher: ClockDynamicUpdater clock update folder at ClockDynamicUpdater
08-03 15:25:00.067  2201  2358 I HwLauncher: DynamicUpdater updateBitmap end and send update message
08-03 15:25:00.067  2201  2201 I HwLauncher: DynamicUpdater call updateFolder
08-03 15:25:00.068  2201  2201 I HwLauncher: CalenderDynamicUpdater date changed begin
08-03 15:25:00.068  2201  2201 I HwLauncher: CalenderDynamicUpdater date changed end
08-03 15:25:00.107  2201  2201 I TotemWeather: DateTimeView info:onTimeChanged
08-03 15:25:00.108  2201  2201 I TotemWeather: DateTimeView info:updateNextData nextTime: 0
08-03 15:25:00.108  2201  2201 I TotemWeather: DateTimeView info:onTimeChanged
08-03 15:25:00.108  2201  2201 I TotemWeather: DateTimeView info:updateNextData nextTime: 0
08-03 15:25:00.113  2201  2201 I TotemWeather: DateTimeView info:,Time =3:25,[:] timezone=中国标准时间
08-03 15:25:00.118  2201  2201 I TotemWeather: DateTimeView info:updateNextData nextTime: 60882
08-03 15:25:01.678   568   568 E Thermal-daemon: [flash_led] temp_new :31  temp_old :32
08-03 15:25:01.678   568   568 E Thermal-daemon: Report temperature: [flash_led] temp :31  report_threshold:1
08-03 15:25:02.873  2171  2261 I amsnl   : ar
08-03 15:25:02.876  2171  2261 I amsnl   : t:false, fl: false, p: 20000, ce: true, we: true
08-03 15:25:02.886  2171  2261 I amsnl   : m1: false
08-03 15:25:02.902  2171  2261 I amsnl   : m2: false, m3: false
08-03 15:25:02.903  2171  2261 I amsnl   : c: false, w: true, t: true, l: false
08-03 15:25:02.903  2171  2261 I amsnl   : crs
08-03 15:25:02.904  2171  2261 I amsnl   : qg
08-03 15:25:02.918  2171  2261 I amsc    : same acc
08-03 15:25:02.918  2171  2261 I amsc    : gt2
08-03 15:25:02.918  2171  2261 I amsc    : found: wx4gd2z, 1501743981255
08-03 15:25:02.933  2171  2261 I amsnlp  : isConnected, isIdle: false isIgnoreBatOpt: true
08-03 15:25:02.945  2171  2261 I amsnl   : aq
08-03 15:25:02.946  2171  2261 I amsglsc : aq
08-03 15:25:02.946  2171  2261 I amsmsm  : sbrqst
08-03 15:25:02.951  1491  1728 W PhoneInterfaceManager: shouldBlockLocation running ...
08-03 15:25:02.951  1491  1728 I PhoneInterfaceManager: shouldBlockLocation  ret:false
08-03 15:25:02.957  2171  2250 I amsmsm  : sdmrrst
08-03 15:25:02.958  2171  2253 I amsshri : run
08-03 15:25:02.959  1491  1504 W PhoneInterfaceManager: shouldBlockLocation running ...
08-03 15:25:02.960  1491  1504 I PhoneInterfaceManager: shouldBlockLocation  ret:false
08-03 15:25:02.966  1491  8390 W PhoneInterfaceManager: shouldBlockLocation running ...
08-03 15:25:02.967  1491  8390 I PhoneInterfaceManager: shouldBlockLocation  ret:false
08-03 15:25:02.969  2171  2261 I amsnl   : csr
08-03 15:25:02.970  2171  2261 I amsnl   : t:false, fl: false, p: 20000, ce: true, we: true
08-03 15:25:02.972  2171  2261 I amsnl   : m1: false
08-03 15:25:02.974  2171  2261 I amsnl   : m2: false, m3: false
08-03 15:25:02.974  2171  2261 I amsnl   : rl
08-03 15:25:02.975  2171  2261 I amsnl   : c: false, w: true, t: false, l: false
08-03 15:25:03.023  2171  2250 I amsmsm  : cmplt
08-03 15:25:03.025  2171  2250 I amsglsc : aql cmplt
08-03 15:25:03.026  2171  2261 I amsnl   : aqr
08-03 15:25:03.028  2171  2261 I amsc    : same acc
08-03 15:25:03.029  2171  2261 I amsc    : gt2
08-03 15:25:03.029  2171  2261 I amsc    : found: wx4gd2z, 1501743981255
08-03 15:25:03.029  2171  2261 I amsnl   : dist: 5
08-03 15:25:03.042  2171  2261 I amsnl   : t:true, fl: false, p: 20000, ce: true, we: true
08-03 15:25:03.045  2171  2261 I amsnl   : m1: false
08-03 15:25:03.047  2171  2261 I amsnl   : m2: false, m3: false
08-03 15:25:03.048  2171  2261 I amsnl   : rl
08-03 15:25:03.048  2171  2261 I amsnl   : c: false, w: true, t: false, l: true
08-03 15:25:03.048  2171  2261 I amsst   : report
08-03 15:25:03.049  2171  2261 I amsl    : now: 10759242 lastReportTime: 10721621 periodSecs: 20
08-03 15:25:03.049  2171  2261 I amsmgrnlp: [V1.9.2.3-1-2-l4a1g0p4f4v0ofalse(r)]org-n size:1 key:amsnlp
08-03 15:25:03.050  2171  2171 I amsnlp  : REPORT-LOCATION
08-03 15:25:03.050  2171  2261 I amsst   : period: 20 enabled: true
08-03 15:25:03.053  1058  1488 I chatty  : uid=1000(system) LocationThread expire 4 lines
08-03 15:25:03.296  1058  1058 I chatty  : uid=1000 system_server expire 36 lines
08-03 15:25:04.202  1058  1245 I chatty  : uid=1000(system) Thread-11 expire 10 lines
08-03 15:25:04.205  1058  1247 I chatty  : uid=1000(system) HuaweiWifiWatch expire 12 lines
08-03 15:25:04.207  1058  3170 I chatty  : uid=1000(system) MobileQosDetect expire 6 lines
08-03 15:25:05.276  1058  1078 I chatty  : uid=1000(system) android.fg expire 2 lines
08-03 15:25:06.774  1058  1186 I chatty  : uid=1000(system) WifiStateMachin expire 10 lines
08-03 15:25:10.574 13120 13120 I CloudAlbum[5.3.0.303]: [CGCommonStatusReceiver] CGCommonStatusReceiver, action: android.intent.action.BATTERY_CHANGED
08-03 15:25:10.575  1374  1374 I chatty  : uid=10029(com.huawei.HwMultiScreenShot) com.android.systemui expire 37 lines
08-03 15:25:10.578 13120 17041 I CloudAlbum[5.3.0.303]: [ReceiverManager] ReceiverManager action: android.intent.action.BATTERY_CHANGED
08-03 15:25:10.578 13120 17041 E CloudAlbum[5.3.0.303]: [ReceiverManager] not log on ignore
08-03 15:25:10.582  1813  1813 I Ptm.AbnormalObserver: current battery level value: 100
08-03 15:25:10.594  1813  1813 W Ptm.AbnormalObserver: ljs, in checkIsAbnormalHot, Ap_temp = 31
08-03 15:25:15.324  1058  1058 I chatty  : uid=1000 system_server expire 23 lines
08-03 15:25:21.705   568   568 E Thermal-daemon: [charger_ic] temp_new :30  temp_old :31
08-03 15:25:21.706   568   568 E Thermal-daemon: Report temperature: [charger_ic] temp :30  report_threshold:1
08-03 15:25:22.890  2171  2261 I amsnl   : ar
08-03 15:25:22.892  2171  2261 I amsnl   : t:false, fl: false, p: 20000, ce: true, we: true
08-03 15:25:22.906  2171  2261 I amsnl   : m1: false
08-03 15:25:22.915  2171  2261 I amsnl   : m2: false, m3: false
08-03 15:25:22.915  2171  2261 I amsnl   : c: false, w: false, t: true, l: false
08-03 15:25:22.915  2171  2261 I amsnl   : crs
08-03 15:25:22.916  2171  2261 I amsnl   : wrs
08-03 15:25:22.922  1491  1502 W PhoneInterfaceManager: shouldBlockLocation running ...
08-03 15:25:22.923  1491  1502 I PhoneInterfaceManager: shouldBlockLocation  ret:false
08-03 15:25:22.924  1058  1196 I chatty  : uid=1000(system) WifiScanningSer expire 3 lines
08-03 15:25:22.938  1491  8389 W PhoneInterfaceManager: shouldBlockLocation running ...
08-03 15:25:22.938  1491  8389 I PhoneInterfaceManager: shouldBlockLocation  ret:false
08-03 15:25:22.958  1491  1504 W PhoneInterfaceManager: shouldBlockLocation running ...
08-03 15:25:22.958  1491  1504 I PhoneInterfaceManager: shouldBlockLocation  ret:false
08-03 15:25:22.960  2171  2261 I amsnl   : csr
08-03 15:25:22.961  2171  2261 I amsnl   : t:false, fl: false, p: 20000, ce: true, we: true
08-03 15:25:22.962  2171  2261 I amsnl   : m1: false
08-03 15:25:22.964  2171  2261 I amsnl   : m2: false, m3: false
08-03 15:25:22.964  2171  2261 I amsnl   : c: false, w: false, t: false, l: false
08-03 15:25:23.240  1058  1237 I chatty  : uid=1000(system) WiFiArpStateMac expire 21 lines
08-03 15:25:23.356  1374  1374 I chatty  : uid=10029(com.huawei.HwMultiScreenShot) com.android.systemui expire 49 lines
08-03 15:25:25.238  1058  1244 I chatty  : uid=1000(system) HwIntelligenceS expire 1 line
08-03 15:25:25.256  2171  2261 I amsnl   : wsr
08-03 15:25:25.260  1058  1323 I chatty  : uid=1000(system) Binder:1058_5 expire 3 lines
08-03 15:25:25.262  1058  1069 I chatty  : uid=1000(system) Binder:1058_2 expire 1 line
08-03 15:25:25.265  2171  2261 I amsnl   : t:false, fl: false, p: 20000, ce: true, we: true
08-03 15:25:25.269  2171  2261 I amsnl   : m1: false
08-03 15:25:25.272  2171  2261 I amsnl   : m2: false, m3: false
08-03 15:25:25.272  2171  2261 I amsnl   : rl
08-03 15:25:25.273  2171  2261 I amsnl   : c: false, w: true, t: false, l: false
08-03 15:25:25.273  2171  2261 I amsnl   : qg
08-03 15:25:25.274  1058  2169 I chatty  : uid=1000(system) Binder:1058_D expire 2 lines
08-03 15:25:25.275  1058  2199 I chatty  : uid=1000(system) Binder:1058_E expire 3 lines
08-03 15:25:25.283  2171  2261 I amsc    : same acc
08-03 15:25:25.283  2171  2261 I amsc    : gt2
08-03 15:25:25.284  2171  2261 I amsc    : found: wx4gd2z, 1501743981255
08-03 15:25:25.284  1058  7416 I chatty  : uid=1000(system) Binder:1058_11 expire 2 lines
08-03 15:25:25.295  1058  1776 I chatty  : uid=1000(system) Binder:1058_8 expire 1 line
08-03 15:25:25.296  1058  1563 I chatty  : uid=1000(system) Binder:1058_7 expire 1 line
08-03 15:25:25.303  1058  1330 I chatty  : uid=1000(system) Binder:1058_6 expire 2 lines
08-03 15:25:25.309  1058  1314 I chatty  : uid=1000(system) Binder:1058_4 expire 1 line
08-03 15:25:25.316  2171  2261 I amsnlp  : isConnected, isIdle: false isIgnoreBatOpt: true
08-03 15:25:25.316  1058  1068 I chatty  : uid=1000(system) Binder:1058_1 expire 2 lines
08-03 15:25:25.323  1058  1802 I chatty  : uid=1000(system) Binder:1058_9 expire 1 line
08-03 15:25:25.326  2171  2261 I amsnl   : aq
08-03 15:25:25.326  2171  2261 I amsglsc : aq
08-03 15:25:25.326  2171  2261 I amsmsm  : sbrqst
08-03 15:25:25.330  1058  1295 I chatty  : uid=1000(system) Binder:1058_3 expire 1 line
08-03 15:25:25.336  2171  2250 I amsmsm  : sdmrrst
08-03 15:25:25.337  2171  2255 I amsshri : run
08-03 15:25:25.338  1058  1058 I chatty  : uid=1000 system_server expire 56 lines
08-03 15:25:25.396  2171  2250 I amsmsm  : cmplt
08-03 15:25:25.397  2171  2250 I amsglsc : aql cmplt
08-03 15:25:25.398  2171  2261 I amsnl   : aqr
08-03 15:25:25.399  2171  2261 I amsc    : same acc
08-03 15:25:25.400  2171  2261 I amsc    : gt2
08-03 15:25:25.400  2171  2261 I amsc    : found: wx4gd2z, 1501743981255
08-03 15:25:25.400  2171  2261 I amsnl   : dist: 6
08-03 15:25:25.405  2171  2261 I amsnl   : t:true, fl: false, p: 20000, ce: true, we: true
08-03 15:25:25.407  2171  2261 I amsnl   : m1: false
08-03 15:25:25.409  2171  2261 I amsnl   : m2: false, m3: false
08-03 15:25:25.409  2171  2261 I amsnl   : rl
08-03 15:25:25.409  2171  2261 I amsnl   : c: false, w: true, t: false, l: true
08-03 15:25:25.409  2171  2261 I amsst   : report
08-03 15:25:25.410  2171  2261 I amsl    : now: 10781603 lastReportTime: 10759242 periodSecs: 20
08-03 15:25:25.410  2171  2261 I amsmgrnlp: [V1.9.2.3-1-2-l4a1g0p4f4v0ofalse(r)]org-n size:1 key:amsnlp
08-03 15:25:25.410  2171  2171 I amsnlp  : REPORT-LOCATION
08-03 15:25:25.410  2171  2261 I amsst   : period: 20 enabled: true
08-03 15:25:27.918  1058  1186 I chatty  : uid=1000(system) WifiStateMachin expire 10 lines
08-03 15:25:28.239  1058  1247 I chatty  : uid=1000(system) HuaweiWifiWatch expire 12 lines
08-03 15:25:28.239  1058  1245 I chatty  : uid=1000(system) Thread-11 expire 12 lines
08-03 15:25:40.758 13120 13120 I CloudAlbum[5.3.0.303]: [CGCommonStatusReceiver] CGCommonStatusReceiver, action: android.intent.action.BATTERY_CHANGED
08-03 15:25:40.760  1374  1374 I chatty  : uid=10029(com.huawei.HwMultiScreenShot) com.android.systemui expire 37 lines
08-03 15:25:40.765 13120 17041 I CloudAlbum[5.3.0.303]: [ReceiverManager] ReceiverManager action: android.intent.action.BATTERY_CHANGED
08-03 15:25:40.766 13120 17041 E CloudAlbum[5.3.0.303]: [ReceiverManager] not log on ignore
08-03 15:25:40.778  1813  1813 I Ptm.AbnormalObserver: current battery level value: 100
08-03 15:25:40.781  1813  1813 W Ptm.AbnormalObserver: ljs, in checkIsAbnormalHot, Ap_temp = 30
08-03 15:25:41.734   568   568 E Thermal-daemon: [flash_led] temp_new :30  temp_old :31
08-03 15:25:41.734   568   568 E Thermal-daemon: Report temperature: [flash_led] temp :30  report_threshold:1
08-03 15:25:43.812  1058  1167 I chatty  : uid=1000(system) AlarmManager expire 1 line
08-03 15:25:43.818  1813  1825 W Ptm.AbnormalObserver: unhandled mesg: 4008
08-03 15:25:43.842 10446 10446 I PlaceRecognitionService: onCreate
08-03 15:25:43.848 10446 17298 I CalendarSync: init mIsReceiverRegistered : false
08-03 15:25:43.853  2171  2261 I amsnl   : ar
08-03 15:25:43.853  2171  2261 I amsnl   : t:false, fl: false, p: 20000, ce: true, we: true
08-03 15:25:43.857  2171  2261 I amsnl   : m1: false
08-03 15:25:43.864  2171  2261 I amsnl   : m2: false, m3: false
08-03 15:25:43.865  2171  2261 I amsnl   : c: false, w: true, t: true, l: false
08-03 15:25:43.865  2171  2261 I amsnl   : crs
08-03 15:25:43.866  2171  2261 I amsnl   : qg
08-03 15:25:43.866  1535  1634 I ScenarioAction: new ScenarioAction sPoolSize: 0
08-03 15:25:43.884  2171  2261 I amsc    : same acc
08-03 15:25:43.884  2171  2261 I amsc    : gt2
08-03 15:25:43.885  2171  2261 I amsc    : found: wx4gd2z, 1501743981255
08-03 15:25:43.894 10446 17298 I CalendarSync: recessInfoKey : null
08-03 15:25:43.895  2171  2261 I amsnl   : uc
08-03 15:25:43.897  2171  2261 I amsnl   : report_loc:ODtbr4MKkiipA2NUkIEujewHzLh9n3AmT62Cke51vh8skjeXUwh0JmzjdYpmA7KUc1n3Tp0DS0fR
08-03 15:25:43.897  2171  2261 I amsnl   : qiFbMtuYPBIhUortlLzZYllVzTlyPqwJFslHz6AixQP5atO7UCB7xWc1MAUZLz79ma3gVQRLP8vO
08-03 15:25:43.897  2171  2261 I amsnl   : j1fAPZ9JPs94oDTPb4UmCHIRPb8TER7zsfsnV4x5IB8qMb77kylZnyrhyBGnSmncQGiEXD51mvXf
08-03 15:25:43.897  2171  2261 I amsnl   : W2pk+bjQ5C61rqpKOYLPwSABNv4CJf5bcc4QYzd2nFvIVgO80A
08-03 15:25:43.897  2171  2261 I amsst   : report
08-03 15:25:43.898  2171  2261 I amsl    : now: 10800091 lastReportTime: 10781603 periodSecs: 20
08-03 15:25:43.899  2171  2261 I amsl    : igore too fast report!
08-03 15:25:43.899  2171  2261 I amsst   : period: 20 enabled: true
08-03 15:25:43.937 10446 17298 I PlaceRecognitionService: work start startId : 1
08-03 15:25:43.937 10446 17298 I PRController: POSITION_COLLECTOR doWork
08-03 15:25:43.937 10446 17298 I HwIntelligent3_BaseAlarmModule: POSITION_COLLECTOR schedule
08-03 15:25:43.941 10446 17298 I HwIntelligent3_BaseAlarmModule: module POSITION_COLLECTOR alarm type : 1 repeating : false interval : -1 trigger : 2017-08-03 15:45:30 isMissed : false
08-03 15:25:43.945  1491  1964 W PhoneInterfaceManager: shouldBlockLocation running ...
08-03 15:25:43.946  1491  1964 I PhoneInterfaceManager: shouldBlockLocation  ret:false
08-03 15:25:43.953  1491  8390 W PhoneInterfaceManager: shouldBlockLocation running ...
08-03 15:25:43.954  1491  8390 I PhoneInterfaceManager: shouldBlockLocation  ret:false
08-03 15:25:43.959  1491  8385 W PhoneInterfaceManager: shouldBlockLocation running ...
08-03 15:25:43.959  1491  8385 I PhoneInterfaceManager: shouldBlockLocation  ret:false
08-03 15:25:43.960 10446 17298 I PositionCollector: wifi id not changed ,use the same position as before!
08-03 15:25:43.963  2171  2261 I amsnl   : csr
08-03 15:25:43.963  2171  2261 I amsnl   : t:false, fl: false, p: 20000, ce: true, we: true
08-03 15:25:43.965  2171  2261 I amsnl   : m1: false
08-03 15:25:43.967 10446 17298 I PositionDao: save position time : 2017-08-03 15:25:43 uri : content://com.huawei.provider.PlaceRecognition/position/3169
08-03 15:25:43.967  2171  2261 I amsnl   : m2: false, m3: false
08-03 15:25:43.967 10446 17298 I PositionCollector: same with last gps info
08-03 15:25:43.967 10446 17298 I PlaceRecognitionService: work done startId : 1
08-03 15:25:43.967  2171  2261 I amsnl   : rl
08-03 15:25:43.967  2171  2261 I amsnl   : c: false, w: true, t: false, l: false
08-03 15:25:43.968 10446 10446 I PlaceRecognitionService: onDestroy
08-03 15:25:43.968 10446 17298 I CalendarSync: deInit mIsReceiverRegistered : true
08-03 15:25:44.247  1058  1247 I chatty  : uid=1000(system) HuaweiWifiWatch expire 18 lines
08-03 15:25:44.322  1058  1237 I chatty  : uid=1000(system) WiFiArpStateMac expire 17 lines
08-03 15:25:46.738   568   568 E Thermal-daemon: [flash_led] temp_new :31  temp_old :30
08-03 15:25:46.738   568   568 E Thermal-daemon: Report temperature: [flash_led] temp :31  report_threshold:1
08-03 15:25:47.383  1058  1058 I chatty  : uid=1000 system_server expire 25 lines
08-03 15:25:49.083  1058  1186 I chatty  : uid=1000(system) WifiStateMachin expire 10 lines
08-03 15:25:52.269  1058  1245 I chatty  : uid=1000(system) Thread-11 expire 10 lines
08-03 15:25:53.090 17325 17325 E XmlParser: open file:/vendor/etc/HwFrameworkNormalization.xml filed in parseXml
08-03 15:25:53.090 17325 17325 E XmlParser: parse File:/vendor/etc/HwFrameworkNormalization.xml failed
08-03 15:25:53.090 17325 17325 I libEGL  : egl_cache_t() !XML_VALUE_GETCORRECT NAME_MAXKEYSIZE
08-03 15:25:53.090 17325 17325 E XmlParser: open file:/vendor/etc/HwFrameworkNormalization.xml filed in parseXml
08-03 15:25:53.090 17325 17325 E XmlParser: parse File:/vendor/etc/HwFrameworkNormalization.xml failed
08-03 15:25:53.090 17325 17325 I libEGL  : egl_cache_t() !XML_VALUE_GETCORRECT NAME_MAXTOTLESIZE
08-03 15:25:53.090 17325 17325 I libEGL  : egl_cache_t() maxKeySize:1024  maxTotalSize:65536
08-03 15:25:53.102 17325 17325 I appproc : CLASSPATH=/system/framework/wm.jar
08-03 15:25:53.102 17325 17325 I appproc : Command=app_process /system/bin com.android.commands.wm.Wm size 
08-03 15:25:53.106 17325 17325 I AndroidRuntime: readDownloadBoosterConfig: 'false'
08-03 15:25:53.171 17325 17325 I art     : Reinit property: dalvik.vm.checkjni= false
08-03 15:25:53.179 17325 17325 I HWSERVICES: hwnative_get_component_register:libdrmbitmap,JNI
08-03 15:25:53.182 17325 17325 I Radio-JNI: register_android_hardware_Radio DONE
08-03 15:25:53.184 17325 17325 I android_hardware_fm.cpp: register_android_hardware_fm_fmradio
08-03 15:25:53.184 17325 17325 I android_hardware_fm.cpp: ========64bit long size = 8
08-03 15:25:53.184 17325 17325 I android_hardware_fm.cpp: FM: get chip type = bcm43xx
08-03 15:25:53.187 17325 17325 E fm_if.c : find the id:fm and begins to open the devices
08-03 15:25:53.188 17325 17325 I android_hardware_fm.cpp: register_android_hardware_fm_fmradio, ret is 0
08-03 15:25:53.461  1374  1374 I chatty  : uid=10029(com.huawei.HwMultiScreenShot) com.android.systemui expire 39 lines
08-03 15:25:53.753 17347 17347 E XmlParser: open file:/vendor/etc/HwFrameworkNormalization.xml filed in parseXml
08-03 15:25:53.753 17347 17347 E XmlParser: parse File:/vendor/etc/HwFrameworkNormalization.xml failed
08-03 15:25:53.754 17347 17347 I libEGL  : egl_cache_t() !XML_VALUE_GETCORRECT NAME_MAXKEYSIZE
08-03 15:25:53.754 17347 17347 E XmlParser: open file:/vendor/etc/HwFrameworkNormalization.xml filed in parseXml
08-03 15:25:53.754 17347 17347 E XmlParser: parse File:/vendor/etc/HwFrameworkNormalization.xml failed
08-03 15:25:53.754 17347 17347 I libEGL  : egl_cache_t() !XML_VALUE_GETCORRECT NAME_MAXTOTLESIZE
08-03 15:25:53.754 17347 17347 I libEGL  : egl_cache_t() maxKeySize:1024  maxTotalSize:65536
08-03 15:25:53.758 17347 17347 I appproc : CLASSPATH=/system/framework/monkey.jar
08-03 15:25:53.758 17347 17347 I appproc : Command=app_process /system/bin com.android.commands.monkey.Monkey -p com.ccvideo --throttle 500 --ignore-timeouts --ignore-crashes --monitor-native-crashes -v -v -v 2000 
08-03 15:25:53.760 17347 17347 I AndroidRuntime: readDownloadBoosterConfig: 'false'
08-03 15:25:53.811 17347 17347 I art     : Reinit property: dalvik.vm.checkjni= false
08-03 15:25:53.820 17347 17347 I HWSERVICES: hwnative_get_component_register:libdrmbitmap,JNI
08-03 15:25:53.823 17347 17347 I Radio-JNI: register_android_hardware_Radio DONE
08-03 15:25:53.825 17347 17347 I android_hardware_fm.cpp: register_android_hardware_fm_fmradio
08-03 15:25:53.825 17347 17347 I android_hardware_fm.cpp: ========64bit long size = 8
08-03 15:25:53.825 17347 17347 I android_hardware_fm.cpp: FM: get chip type = bcm43xx
08-03 15:25:53.825 17347 17347 E fm_if.c : find the id:fm and begins to open the devices
08-03 15:25:53.826 17347 17347 I android_hardware_fm.cpp: register_android_hardware_fm_fmradio, ret is 0
08-03 15:25:53.918  2201  2201 I HwLauncher: Launcher onPause()
08-03 15:25:53.919  2201 17360 I HwLauncher: Launcher.MotionManager stopMotionAppsReco begin,mFlg = 403
08-03 15:25:53.919  2201 17360 W HwLauncher: Launcher.MotionManager stopMotionAppsReco service flg 403 is unavailable
08-03 15:25:53.938  1813  2608 W Ptm.AbnormalObserver: unhandled mesg: 4005
08-03 15:25:53.941 13285 13285 I awcn.SessionCenter: |[seq:[default]] [forground]
08-03 15:25:53.941 13285 13285 I awcn.SessionCenter: |[seq:23302625] [forground]
08-03 15:25:53.942 13285 13395 I awcn.HttpDispatcher:  sendAmdcRequest hosts:[upload.m.taobao.com, acs.m.taobao.com, acs4public.m.taobao.com, g.tbcdn.cn, mobilegw.alipay.com, wwc.alicdn.com, img.alicdn.com, api.m.taobao.com, h5.m.taobao.com, amdc.m.taobao.com, g.alicdn.com, dorangesource.alicdn.com, ynuf.alipay.com, gw.alicdn.com]
08-03 15:25:53.944 13285 13395 E awcn.AccsSession: |[seq:23302625.AWCN2_1] setFrameCb AccsFrameCb:com.taobao.accs.net.j@b183f1c
08-03 15:25:53.944 13285 13395 I awcn.SessionRequest: |[seq:23302625.AWCN2_1] create connection... Host:https://acs4public.m.taobao.com Type:http2_0rtt_acs IP:140.205.166.94 Port:443 heartbeat:45000 session:Session@[23302625.AWCN2_1|http2_0rtt_acs]
08-03 15:25:53.944 13285 13395 E awcn.TnetSpdySession: |[seq:23302625.AWCN2_1] [connect] host:https://acs4public.m.taobao.com connect :140.205.166.94:443 sessionId:1501745153944 SpdyProtocol,:http2_0rtt_acs proxyIp,: proxyPort,:0
08-03 15:25:53.945 13285 13395 E awcn.Session: |[seq:23302625.AWCN2_1] notifyStatus status:CONNECTING
08-03 15:25:53.946  2201  2214 I HwLauncher: Launcher.LauncherProvider  launcher call - method:change_badge arg:null extras:[package=com.ccvideo][badgenumber=0][class=com.yizhibo.video.activity.SplashActivity] uid =10383 pid =13285
08-03 15:25:53.946  2201  2214 I HwLauncher: Launcher.Settings  isChangeBadgeEnable = true
08-03 15:25:53.946  2201  2214 I HwLauncher: Launcher.Settings  isOpenModeChangeBadgeEnable = true
08-03 15:25:53.946  2201  2214 I HwLauncher: ProviderCallUtils rperm===com.huawei.android.launcher.permission.CHANGE_BADGE
08-03 15:25:53.946  2201  2214 I HwLauncher: ProviderCallUtils begin check permission at checkPathPermissionForChangeBadge()
08-03 15:25:53.948  2201  2214 I HwLauncher: ProviderCallUtils callBadge isCloned = false className = com.yizhibo.video.activity.SplashActivity,unreadcount=0
08-03 15:25:53.950  2201  2214 I HwLauncher: ProviderCallUtils badge table already has item ,execut update operation
08-03 15:25:53.963  2201  2358 I HwLauncher: BadgeContentObserver onChange() : mComponentName = ComponentInfo{com.ccvideo/com.yizhibo.video.activity.SplashActivity} com.huawei.android.launcher.BadgeContentObserver@ca1bdd6
08-03 15:25:53.973   430  1907 I chatty  : uid=1000(system) Binder:430_4 expire 3 lines
08-03 15:25:53.977 13285 13384 E awcn.Session: |[seq:23302625.AWCN2_1] notifyStatus status:CONNECTED
08-03 15:25:53.977 13285 13384 I awcn.HMacUtil:  hmacSha1Hex result:c966a701674e5fe8ba3dbc2d594354bbdc16773859809179a9dc1407ef5bb773
08-03 15:25:53.983 13285 13384 E awcn.AccsSession: |[seq:23302625.AWCN2_1] auth auth url:https://140.205.166.94:443/accs/auth?1=WHWFdGN4isYDAKC2PL12M9h%2B&2=c966a701674e5fe8ba3dbc2d594354bbdc16773859809179a9dc1407ef5bb773&3=23302625&4=WHWFdGN4isYDAKC2PL12M9h%2B233026251501758364&5=1&6=wifi&7=null&8=1.1.2&9=1501745153981&10=1&11=24&12=com.ccvideo&13=4.6.4.0715&14=null&15=HUAWEI NXT-TL00&16=HUAWEI&17=220&19=0
08-03 15:25:53.984 13285 13384 E awcn.TnetSpdySession: |[seq:23302625.AWCN2_1] spdySessionConnectCB connect connectTime:31 sslTime::1
08-03 15:25:54.008 13285 13285 I SendBroadcastPermission: action:action_hide_new_message_icon, mPermissionType:0
08-03 15:25:54.017  1584 17370 I TotemWeather: WeatherService info:processIntent action =com.huawei.android.action.NOTIFY_STATE
08-03 15:25:54.017  1584 17370 I TotemWeather: DeviceStateListener info:onTaskStateChanged->taskType:1, taskState:0
08-03 15:25:54.018   430  1262 I chatty  : uid=1000(system) Binder:430_3 expire 4 lines
08-03 15:25:54.021 13285 13384 E awcn.AccsSession: |[seq:23302625.AWCN2_1] AUTH httpStatusCode: 200
08-03 15:25:54.021 13285 13384 E awcn.Session: |[seq:23302625.AWCN2_1] notifyStatus status:AUTH_SUCC
08-03 15:25:54.021 13285 13384 I awcn.DefaultHeartbeatImpl:  heartbeat start session:Session@[23302625.AWCN2_1|http2_0rtt_acs]
08-03 15:25:54.022 13285 13395 E awcn.AccsSession: |[seq:23302625.AWCN2_1] setFrameCb AccsFrameCb:com.taobao.accs.net.j@b183f1c
08-03 15:25:54.024 13285 13285 I accs.MsgDistributeService:  onStartCommand action:com.taobao.accs.intent.action.RECEIVE
08-03 15:25:54.024 13285 13381 I accs.MsgDistribute:  distribute command::103  serviceId::  dataId:: appkey:
08-03 15:25:54.025 13285 13381 I SendBroadcastPermission: action:com.taobao.accs.intent.action.CONNECTINFO, mPermissionType:0
08-03 15:25:54.027   430   430 I chatty  : uid=1000(system) /system/bin/surfaceflinger expire 4 lines
08-03 15:25:54.036  1058  1803 I chatty  : uid=1000(system) Binder:1058_A expire 2 lines
08-03 15:25:54.047   569   600 I AwareLog: HibSTrategy::HibStrategySwapCandidateProcessAdd packagename com.android.inputmethod.latin
08-03 15:25:54.048   569  2304 I AwareLog: HibStrategy::HibStrategySwapCandidateProcessRemove packagename is com.android.inputmethod.latin
08-03 15:25:54.048   569  2304 I AwareLog: HiberManagerService::sendMessagetoHiberTask successful
08-03 15:25:54.048   569   600 I AwareLog: HibSTrategy::HibStrategySwapCandidateProcessAdd packagename com.huawei.android.totemweather
08-03 15:25:54.048   569  2304 I AwareLog: HiberManagerService::do_reclaim ok, pid=1584
08-03 15:25:54.086   569  2304 I AwareLog: HiberManagerService::getReclaimResult:reclaim_kb=5752, swap_kb=4360, swap_us=37796
08-03 15:25:54.086   569  2304 I AwareLog: HibStrategy::HibStrategySwapCandidateProcessRemove packagename is com.huawei.android.totemweather
08-03 15:25:54.086   569  2304 I AwareLog: HiberManagerService::sendMessagetoHiberTask successful
08-03 15:25:54.087   569   600 I AwareLog: HibSTrategy::HibStrategySwapCandidateProcessAdd packagename com.tencent.mm
08-03 15:25:54.087   569  2304 I AwareLog: HiberManagerService::do_reclaim ok, pid=14378
08-03 15:25:54.116   569  2304 I AwareLog: HiberManagerService::getReclaimResult:reclaim_kb=8708, swap_kb=3904, swap_us=28872
08-03 15:25:54.116   569  2304 I AwareLog: HibStrategy::HibStrategySwapCandidateProcessRemove packagename is com.tencent.mm
08-03 15:25:54.116   569  2304 I AwareLog: HiberManagerService::sendMessagetoHiberTask successful
08-03 15:25:54.237  1535  2365 I PGServer: checkPkgType. calling pkg: android
08-03 15:25:54.308  2201  2201 I HwLauncher: Launcher onStop()
08-03 15:25:54.443 13285 13395 I awcn.ThreadPoolExecutorFactory:  thread created! name:AWCN Dispatcher3
08-03 15:25:54.444 13285 17380 I awcn.ThreadPoolExecutorFactory:  thread created! name:AWCN Worker(H)2
08-03 15:25:54.445 13285 17381 I awcn.HMacUtil:  hmacSha1Hex result:aed2cc3a50a916b0d8bc78f36025cc5f73ba53ca407b97d8967c29c9efe14588
08-03 15:25:54.446 13285 17380 I awcn.ThreadPoolExecutorFactory:  thread created! name:AWCN Worker(H)3
08-03 15:25:54.466  2201  2358 I HwLauncher: Launcher.LauncherProvider  queried count: 1
08-03 15:25:54.467  2201  2358 I HwLauncher: BadgeContentObserver  getBadgeNumber: 0 mComponentName :ComponentInfo{com.ccvideo/com.yizhibo.video.activity.SplashActivity}
08-03 15:25:54.467  2201  2358 I HwLauncher: BadgeContentObserver newBadgeNumber:0,oldBadgeNumber:0 mComponentName : ComponentInfo{com.ccvideo/com.yizhibo.video.activity.SplashActivity}
08-03 15:25:54.468 13285 17381 I awcn.HttpConnector: |[seq:AMDC1]  request URL:https://amdc.m.taobao.com/amdc/mobileDispatch?platform=android&v=3.1&deviceId=&appkey=23302625
08-03 15:25:54.468 13285 17381 I awcn.HttpConnector: |[seq:AMDC1]  request headers:{Content-Type=application/x-www-form-urlencoded; charset=UTF-8, Connection=close, Accept-Encoding=gzip}
08-03 15:25:54.621 13285 17381 I awcn.HttpConnector: |[seq:AMDC1]  response code:200
08-03 15:25:54.621 13285 17381 I awcn.HttpConnector: |[seq:AMDC1]  response headers:{null=[HTTP/1.1 200 OK], Cache-Control=[no-cache], x-am-id=[amdc011130162152.center.eu13_1501745157744_1836674], Vary=[Accept-Encoding], pragma=[no-cache], X-Android-Selected-Protocol=[http/1.1], X-Android-Response-Source=[NETWORK 200], Connection=[close], X-Android-Sent-Millis=[1501745154551], Content-Type=[application/json;charset=UTF-8], Date=[Thu, 03 Aug 2017 07:25:57 GMT], x-am-sign=[d42a95ca6e15aeef6a3ffc9b947022ccd2c08678b26a149305fb4e2a827ad6cd], Server=[Tengine], Transfer-Encoding=[chunked], x-am-code=[1000], Content-Encoding=[gzip], X-Android-Received-Millis=[1501745154620]}
08-03 15:25:54.625 13285 17381 E DefaultNetworkAnalysis:  no NWNetworkAnalysisSDK sdk
08-03 15:25:54.632 13285 17381 I awcn.HMacUtil:  hmacSha1Hex result:d42a95ca6e15aeef6a3ffc9b947022ccd2c08678b26a149305fb4e2a827ad6cd
08-03 15:25:54.637 13285 17381 I awcn.StrategyTable:  update strategyTable with httpDns response
08-03 15:25:54.655 13285 17381 I awcn.StrategyCenter:  saveData
08-03 15:25:55.967  1058  1172 I chatty  : uid=1000(system) InputDispatcher expire 3 lines
08-03 15:25:55.972 13285 13285 I SendBroadcastPermission: action:action_show_home_title_bar, mPermissionType:0
08-03 15:25:56.633  1535 12883 I DownloadState: @@@@@@@@@@@@ uid :10383 download :true
08-03 15:25:56.633  1535 12883 I PGServer: report state:5 event type:1 pid:0 uid:10383 pkg:null to pid: 1058
08-03 15:25:56.747   568   568 E Thermal-daemon: [charger_ic] temp_new :31  temp_old :30
08-03 15:25:56.747   568   568 E Thermal-daemon: Report temperature: [charger_ic] temp :31  report_threshold:1
08-03 15:25:59.237 13285 13285 I SendBroadcastPermission: action:action_show_home_title_bar, mPermissionType:0
08-03 15:25:59.245 13285 13285 I SendBroadcastPermission: action:action_show_home_title_bar, mPermissionType:0
08-03 15:26:00.032  2201  2201 I HwLauncher: Model  onReceive intent=Intent { act=android.intent.action.TIME_TICK flg=0x50000014 (has extras) }
08-03 15:26:00.032  2201  2201 I HwLauncher: Model  onReceive user=UserHandle{0}
08-03 15:26:00.039  2201  2201 I TotemWeather: WeatherDataObserver info:receive action = #Intent;action=android.intent.action.TIME_TICK;launchFlags=0x50000014;i.android.intent.extra.ALARM_COUNT=1;end
08-03 15:26:00.090  2201  2201 I TotemWeather: DateTimeView info:onTimeChanged
08-03 15:26:00.091  2201  2201 I TotemWeather: DateTimeView info:updateNextData nextTime: 0
08-03 15:26:00.091  2201  2201 I TotemWeather: DateTimeView info:onTimeChanged
