V/ActivityManager(  795): Broadcast: Intent { act=android.intent.action.HOME_MODE_CHANGE flg=0x10 (has extras) } ordered=false userid=-2 callerApp=ProcessRecord{42ae4570 795:system/1000}
V/ActivityManager(  795): ACT-Activity idle: Token{432a2148 ActivityRecord{432a2448 u0 com.oppo.launcher/.Launcher t1}}
V/ActivityManager(  795): ensureActivitiesVisibleLocked: consider front
V/ActivityManager(  795): ensureActivitiesVisibleLocked: consider back
V/ActivityManager(  795): Broadcast sticky: Intent { act=android.intent.action.ADDITIONAL_BATTERY_CHANGED flg=0x60000010 (has extras) } ordered=false userid=-1 callerApp=null
V/ActivityManager(  795): Broadcast sticky: Intent { act=android.intent.action.BATTERY_CHANGED flg=0x60000010 (has extras) } ordered=false userid=-1 callerApp=null
V/ActivityManager(  795): Broadcast sticky: Intent { act=android.intent.action.ADDITIONAL_BATTERY_CHANGED flg=0x60000010 (has extras) } ordered=false userid=-1 callerApp=null
D/WifiService(  795): onReceive, action:android.intent.action.BATTERY_CHANGED
D/UsbDeviceManager(  795): onReceive - BATTERY_CHANGED - mPlugType: 2, mSettingUsbCharging: false, mConnected: true, mSettingUsbBicr: false
V/ActivityManager(  795): Broadcast sticky: Intent { act=android.intent.action.ADDITIONAL_BATTERY_CHANGED flg=0x60000010 (has extras) } ordered=false userid=-1 callerApp=null
D/WifiController(  795): DeviceActiveState{ when=-2ms what=155652 arg1=2 target=com.android.internal.util.StateMachine$SmHandler target=Handler (com.android.internal.util.StateMachine$SmHandler) {427cef60} }
D/WifiController(  795): StaEnabledState{ when=-3ms what=155652 arg1=2 target=com.android.internal.util.StateMachine$SmHandler target=Handler (com.android.internal.util.StateMachine$SmHandler) {427cef60} }
D/WifiController(  795): DefaultState{ when=-3ms what=155652 arg1=2 target=com.android.internal.util.StateMachine$SmHandler target=Handler (com.android.internal.util.StateMachine$SmHandler) {427cef60} }
D/WifiController(  795): battery changed pluggedType: 2
D/ActivityManager(  795): ACT-IDLE_NOW_MSG from windowsVisible() for idle: ActivityRecord{432a2448 u0 com.oppo.launcher/.Launcher t1}
V/ActivityManager(  795): ACT-Activity idle: null
V/ActivityManager(  795): ensureActivitiesVisibleLocked: consider front
V/ActivityManager(  795): ensureActivitiesVisibleLocked: consider back
I/WindowManager(  795): setHoldScreenLocked: hold=false
D/ConnectivityService(  795): getActiveNetworkInfo:NetworkInfo: type: WIFI[], state: CONNECTED/CONNECTED, reason: (unspecified), extra: "yizhibo", roaming: false, failover: false, isAvailable: true, isConnectedToProvisioningNetwork: false, simId: 0/10532
V/ActivityThread( 4328): Finishing stop of ActivityRecord{43580820 token=android.os.BinderProxy@43015b20 {com.ccvideo/com.yizhibo.video.activity.PlayerActivity}}: show=false win=com.android.internal.policy.impl.PhoneWindow@42f67a18
D/ActivityThread( 4328): ACT-STOP_ACTIVITY_HIDE handled : 0 / android.os.BinderProxy@43015b20
V/ActivityManager(  795): Broadcast: Intent { act=android.intent.action.TIME_TICK flg=0x50000094 (has extras) } ordered=true userid=-1 callerApp=null
D/ActivityThread(  795): BDC-Calling onReceive: intent=Intent { act=android.intent.action.TIME_TICK flg=0x50000094 (has extras) }, ordered=true, receiver=com.android.server.AlarmManagerService$ClockReceiver@42b919e0, IIntentReceiver=42e68d68
V/AlarmManager(  795): isAlarmNeedAlign : charging
D/ActivityThread(  795): BDC-Calling finishReceiver: IIntentReceiver=42e68d68
D/ActivityThread( 1137): BDC-Calling onReceive: intent=Intent { act=android.intent.action.TIME_TICK flg=0x50000094 (has extras) }, ordered=true, receiver=com.oppo.lockutils.OppoLockUtils$1@427be820, IIntentReceiver=427c01b8
D/ActivityThread( 1137): BDC-Calling finishReceiver: IIntentReceiver=427c01b8
D/ActivityThread( 1137): BDC-Calling onReceive: intent=Intent { act=android.intent.action.TIME_TICK flg=0x50000094 (has extras) }, ordered=true, receiver=com.android.keyguard.base.KeyguardUpdateMonitor$3@427cf2a0, IIntentReceiver=427d0b28
D/ActivityThread( 1137): BDC-Calling finishReceiver: IIntentReceiver=427d0b28
D/ActivityThread(  912): BDC-Calling onReceive: intent=Intent { act=android.intent.action.TIME_TICK flg=0x50000094 (has extras) }, ordered=true, receiver=com.android.systemui.statusbar.policy.Clock$2@42842760, IIntentReceiver=42e12910
D/ActivityThread(  912): BDC-Calling finishReceiver: IIntentReceiver=42e12910
V/NetworkStats(  795): setKernelCounterSet uid=10532 set=0
D/ConnectivityService(  795): onUidRulesChanged(uid=10532, uidRules=0)
D/ActivityThread(  912): BDC-Calling onReceive: intent=Intent { act=android.intent.action.TIME_TICK flg=0x50000094 (has extras) }, ordered=true, receiver=com.android.systemui.statusbar.policy.Clock$2@42860250, IIntentReceiver=42e13770
D/ActivityThread(  912): BDC-Calling finishReceiver: IIntentReceiver=42e13770
D/ActivityThread(  912): BDC-Calling onReceive: intent=Intent { act=android.intent.action.TIME_TICK flg=0x50000094 (has extras) }, ordered=true, receiver=com.android.systemui.statusbar.policy.DateView$2@42860a90, IIntentReceiver=42e14158
D/ActivityThread(  912): BDC-Calling finishReceiver: IIntentReceiver=42e14158
D/ActivityThread(  912): BDC-Calling onReceive: intent=Intent { act=android.intent.action.TIME_TICK flg=0x50000094 (has extras) }, ordered=true, receiver=android.widget.DateTimeView$1@42d7ab50, IIntentReceiver=42e4dae8
D/ActivityThread(  912): BDC-Calling finishReceiver: IIntentReceiver=42e4dae8
D/ActivityThread( 1163): BDC-Calling onReceive: intent=Intent { act=android.intent.action.TIME_TICK flg=0x50000094 (has extras) }, ordered=true, receiver=com.oppo.widget.smallweather.NormalWidgetUtil$1@42cace70, IIntentReceiver=42ac3e30
D/ActivityThread( 1163): BDC-Calling finishReceiver: IIntentReceiver=42ac3e30
D/ActivityThread( 2872): BDC-Calling onReceive: intent=Intent { act=android.intent.action.TIME_TICK flg=0x50000094 (has extras) }, ordered=true, receiver=com.oppo.activation.ActivationService$ServiceBroadcastReceiver@427dc5b8, IIntentReceiver=427dc600
D/ActivityThread( 2872): BDC-Calling finishReceiver: IIntentReceiver=427dc600
D/ActivityThread( 2260): BDC-Calling onReceive: intent=Intent { act=android.intent.action.TIME_TICK flg=0x50000094 (has extras) }, ordered=true, receiver=com.oppo.alarmclock.alarmclock.AlarmClockFragment$3@428ce850, IIntentReceiver=42a54d20
D/ActivityThread( 2260): BDC-Calling finishReceiver: IIntentReceiver=42a54d20
V/ActivityManager(  795): Broadcast sticky: Intent { act=android.intent.action.SIG_STR flg=0x10 (has extras) } ordered=false userid=-1 callerApp=ProcessRecord{42ae4570 795:system/1000}
D/ConnectivityService(  795): getMobileDataEnabled returning false
D/ActivityThread( 3029): SVC-SERVICE_ARGS handled : 0 / ServiceArgsData{token=android.os.BinderProxy@4279f878 startId=20 args=Intent { cmp=com.qihoo.appstore/com.morgoo.droidplugin.stub.ServiceStub$StubP01$P00 (has extras) }}
V/ActivityManager(  795): Broadcast: Intent { act=action_speed_change flg=0x10 pkg=com.qihoo.appstore (has extras) } ordered=false userid=0 callerApp=ProcessRecord{42dced10 2214:com.qihoo.appstore:PluginP00/u0a92}
D/ActivityThread( 2214): SVC-SERVICE_ARGS handled : 0 / ServiceArgsData{token=android.os.BinderProxy@427a1fe0 startId=7 args=Intent { cmp=com.qihoo.appstore/com.morgoo.droidplugin.stub.ServiceStub$StubP00$P00 (has extras) }}
D/ConnectivityService(  795): getActiveNetworkInfo:NetworkInfo: type: WIFI[], state: CONNECTED/CONNECTED, reason: (unspecified), extra: "yizhibo", roaming: false, failover: false, isAvailable: true, isConnectedToProvisioningNetwork: false, simId: 0/1000
D/ActivityThread( 4328): SVC-Creating service: CreateServiceData{token=android.os.BinderProxy@4308f8b0 className=com.google.android.gms.measurement.AppMeasurementService packageName=com.ccvideo intent=null}
D/ActivityThread( 4328): SVC-CREATE_SERVICE handled : 0 / CreateServiceData{token=android.os.BinderProxy@4308f8b0 className=com.google.android.gms.measurement.AppMeasurementService packageName=com.ccvideo intent=null}
D/ActivityThread( 4328): SVC-BIND_SERVICE handled : 0 / BindServiceData{token=android.os.BinderProxy@4308f8b0 intent=Intent { act=com.google.android.gms.measurement.START cmp=com.ccvideo/com.google.android.gms.measurement.AppMeasurementService }}
D/ConnectivityService(  795): getActiveNetworkInfo:NetworkInfo: type: WIFI[], state: CONNECTED/CONNECTED, reason: (unspecified), extra: "yizhibo", roaming: false, failover: false, isAvailable: true, isConnectedToProvisioningNetwork: false, simId: 0/10532
V/AlarmManager(  795): isAlarmNeedAlign : charging
D/ConnectivityService(  795): getActiveNetworkInfo:NetworkInfo: type: WIFI[], state: CONNECTED/CONNECTED, reason: (unspecified), extra: "yizhibo", roaming: false, failover: false, isAvailable: true, isConnectedToProvisioningNetwork: false, simId: 0/1000
D/ANRManager(  795): getUserConfirmTime() userId: 0 anrTime: 20000 extendTime: 0
I/ActivityManager(  795): START u0 {act=android.intent.action.MAIN cat=[android.intent.category.LAUNCHER] flg=0x10200000 cmp=com.android.settings/com.oppo.settings.SettingsActivity bnds=[792,1171][1045,1442]} from pid 1163
E/ActivityManager(  795): START {act=android.intent.action.MAIN cat=[android.intent.category.LAUNCHER] flg=0x10200000 cmp=com.android.settings/com.oppo.settings.SettingsActivity bnds=[792,1171][1045,1442] u=0} from pid 1163
D/ActivityManager(  795): ACT-moveHomeTask toFront : false homeInFront = true
D/ActivityManager(  795): ACT-BMW, insertTaskAtTop fromHome = true lastStack = ActivityStack{428157d0 stackId=0, 1 tasks} this = ActivityStack{4378b1f0 stackId=2, 2 tasks} topTask() = TaskRecord{431ca4c8 #6 A=com.ccvideo U=0 sz=2}
D/ActivityManager(  795): ACT-BMW, insertTaskAtTop fromHome = true lastStack = ActivityStack{428157d0 stackId=0, 1 tasks} this = ActivityStack{4378b1f0 stackId=2, 3 tasks} topTask() = TaskRecord{4362d940 #7 A=com.android.settings U=0 sz=0}
V/WindowManager(  795): Changing focus from Window{430985f8 u0 com.oppo.launcher/com.oppo.launcher.Launcher} to null Callers=com.android.server.wm.WindowManagerService.setFocusedApp:4747 com.android.server.am.ActivityManagerService.setFocusedActivityLocked:2635 com.android.server.am.ActivityStackSupervisor.startActivityUncheckedLocked:3315 com.android.server.am.ActivityStackSupervisor.startActivityLocked:2100 
D/ActivityThread( 1163): ACT-AM_ON_PAUSE_CALLED ActivityRecord{427a86e0 token=android.os.BinderProxy@427a7e88 {com.oppo.launcher/com.oppo.launcher.Launcher}}
W/ContextImpl(  795): Calling a method in the system process without a qualified user: android.app.ContextImpl.sendBroadcast:1345 com.android.server.am.OppoProtectEyeManagerService.sendProtectEyeBroadcast:167 com.android.server.am.OppoProtectEyeManagerService.handleProtectEyeMode:140 com.android.server.am.ActivityStack.resumeTopActivityLocked:2177 com.android.server.am.ActivityStackSupervisor.resumeTopActivitiesLocked:3644 
V/ActivityManager(  795): Broadcast: Intent { act=android.intent.action.OPPO_ROM_APP_CHANGE flg=0x10 (has extras) } ordered=false userid=0 callerApp=ProcessRecord{42ae4570 795:system/1000}
V/ActivityManager(  795): ensureActivitiesVisibleLocked: consider front
I/WindowManager(  795): Losing focus: Window{430985f8 u0 com.oppo.launcher/com.oppo.launcher.Launcher}
V/ActivityManager(  795): ensureActivitiesVisibleLocked: consider back
V/ActivityManager(  795): ensureActivitiesVisibleLocked: consider front
V/ActivityManager(  795): ensureActivitiesVisibleLocked: consider back
V/ActivityThread( 1468): ActivityRecord{42924950 token=android.os.BinderProxy@42924110 {com.android.settings/com.oppo.settings.SettingsActivity}}: app=com.android.settings.SettingsApplication@427b0488, appName=com.android.settings, pkg=com.android.settings, comp={com.android.settings/com.oppo.settings.SettingsActivity}, dir=/system/priv-app/Settings.apk
D/ActivityThread( 1163): ACT-PAUSE_ACTIVITY handled : 1 / android.os.BinderProxy@427a7e88
V/ActivityManager(  795): ACT-Activity idle: null
V/ActivityManager(  795): ACT-Activity idle: null
D/ActivityThread( 1192): BDC-Calling onReceive: intent=Intent { act=android.intent.action.OPPO_ROM_APP_CHANGE flg=0x10 cmp=com.nearme.statistics.rom/.receiver.Receiver (has extras) }, ordered=true, receiver=com.nearme.statistics.rom.receiver.Receiver@42ab2000
D/ActivityThread( 1099): BDC-Calling onReceive: intent=Intent { act=android.intent.action.OPPO_ROM_APP_CHANGE flg=0x10 cmp=com.color.safecenter/com.color.datamonitor.networkcontrol.PackageReceiver (has extras) }, ordered=true, receiver=com.color.datamonitor.networkcontrol.PackageReceiver@42a0e938
D/ConnectivityService(  795): getActiveNetworkInfo:NetworkInfo: type: WIFI[], state: CONNECTED/CONNECTED, reason: (unspecified), extra: "yizhibo", roaming: false, failover: false, isAvailable: true, isConnectedToProvisioningNetwork: false, simId: 0/1000
V/ActivityManager(  795): Broadcast: Intent { act=android.intent.action.HOME_MODE_CHANGE flg=0x10 (has extras) } ordered=false userid=-2 callerApp=ProcessRecord{42ae4570 795:system/1000}
D/ActivityThread( 1192): BDC-RECEIVER handled : 0 / ReceiverData{intent=Intent { act=android.intent.action.OPPO_ROM_APP_CHANGE flg=0x10 cmp=com.nearme.statistics.rom/.receiver.Receiver (has extras) } packageName=com.nearme.statistics.rom resultCode=-1 resultData=null resultExtras=null}
D/ActivityThread( 1099): BDC-RECEIVER handled : 0 / ReceiverData{intent=Intent { act=android.intent.action.OPPO_ROM_APP_CHANGE flg=0x10 cmp=com.color.safecenter/com.color.datamonitor.networkcontrol.PackageReceiver (has extras) } packageName=com.color.safecenter resultCode=0 resultData=null resultExtras=null}
V/ActivityThread( 1468): Performing resume of ActivityRecord{42924950 token=android.os.BinderProxy@42924110 {com.android.settings/com.oppo.settings.SettingsActivity}} finished=false
D/ActivityThread( 1468): ACT-AM_ON_RESUME_CALLED ActivityRecord{42924950 token=android.os.BinderProxy@42924110 {com.android.settings/com.oppo.settings.SettingsActivity}}
V/ActivityThread( 1468): Resume ActivityRecord{42924950 token=android.os.BinderProxy@42924110 {com.android.settings/com.oppo.settings.SettingsActivity}} started activity: false, hideForNow: false, finished: false
W/ContextImpl( 1468): Calling a method in the system process without a qualified user: android.app.ContextImpl.startService:1701 android.content.ContextWrapper.startService:494 com.oppo.statistics.c.a.a:-1 com.oppo.statistics.a.c.a:-1 com.oppo.statistics.a.c.a:-1 
V/ActivityThread( 1468): Resuming ActivityRecord{42924950 token=android.os.BinderProxy@42924110 {com.android.settings/com.oppo.settings.SettingsActivity}} with isForward=true
V/ActivityThread( 1468): Scheduling idle handler for ActivityRecord{42924950 token=android.os.BinderProxy@42924110 {com.android.settings/com.oppo.settings.SettingsActivity}}
D/ActivityThread( 1468): ACT-LAUNCH_ACTIVITY handled : 0 / ActivityRecord{42924950 token=android.os.BinderProxy@42924110 {com.android.settings/com.oppo.settings.SettingsActivity}}
D/ActivityThread( 1192): SVC-SERVICE_ARGS handled : 0 / ServiceArgsData{token=android.os.BinderProxy@427a88e8 startId=11 args=Intent { cmp=com.nearme.statistics.rom/.service.ReceiverService (has extras) }}
W/ContextImpl( 1468): Calling a method in the system process without a qualified user: android.app.ContextImpl.startService:1701 android.content.ContextWrapper.startService:494 com.oppo.statistics.c.a.a:-1 com.oppo.statistics.a.a.a:-1 com.oppo.statistics.a.d.d:-1 
D/ActivityThread( 1192): SVC-SERVICE_ARGS handled : 0 / ServiceArgsData{token=android.os.BinderProxy@427a88e8 startId=12 args=Intent { cmp=com.nearme.statistics.rom/.service.ReceiverService (has extras) }}
W/ContextImpl( 1468): Calling a method in the system process without a qualified user: android.app.ContextImpl.startService:1701 android.content.ContextWrapper.startService:494 com.oppo.statistics.c.a.a:-1 com.oppo.statistics.a.d.a:-1 com.oppo.statistics.a.d.d:-1 
D/ActivityThread( 1192): SVC-SERVICE_ARGS handled : 0 / ServiceArgsData{token=android.os.BinderProxy@427a88e8 startId=13 args=Intent { cmp=com.nearme.statistics.rom/.service.ReceiverService (has extras) }}
D/WifiService(  795): getWifiServiceMessenger, pid:1468, uid:1000
D/WifiService(  795): New client listening to asynchronous messages
D/SocketClient(  243): SocketClient msg = Iface linkstate wlan0 up
D/SocketClient(  243): SocketClient sendDatalocked done: 600 Iface linkstate wlan0 up
D/SocketClient(  243): SocketClient msg = Iface linkstate wlan0 up
D/SocketClient(  243): SocketClient sendDatalocked done: 600 Iface linkstate wlan0 up
D/NetdConnector(  795): RCV <- {600 Iface linkstate wlan0 up}
D/NetdConnector(  795): RCV <- {600 Iface linkstate wlan0 up}
D/NetworkManagementService(  795): onEvent:600 Iface linkstate wlan0 up:5
D/NetworkManagementService(  795): onEvent:600 Iface linkstate wlan0 up:5
D/ActivityManager(  795): getContentProviderImpl: from caller=android.app.ApplicationThreadProxy@42df5e18 (pid=1468, userId=0) to get content provider telephony cpr=ContentProviderRecord{42c32ee0 u0 com.android.providers.telephony/.TelephonyProvider}
D/ActivityManager(  795): getContentProviderImpl: updateLruProcessLocked cpr.proc=ProcessRecord{42c67478 1076:com.android.phone/1001}
D/ActivityThread( 1468): hoder:android.app.IActivityManager$ContentProviderHolder@42ac8688,provider,holder.Provider:android.content.ContentProviderProxy@42ac8d40
V/ActivityManager(  795): Broadcast: Intent { act=android.net.wifi.SCAN_RESULTS flg=0x4000010 (has extras) } ordered=false userid=-1 callerApp=ProcessRecord{42ae4570 795:system/1000}
I/WifiNotificationController(  795): checkAndSetNotification, state:CONNECTED
D/ActivityManager(  795): getContentProviderImpl: from caller=android.app.ApplicationThreadProxy@42e754d8 (pid=1434, userId=0) to get content provider com.qihoo360.apm.apmdatamanager.ApmDataProvider cpr=null
E/ActivityThread( 1434): Failed to find provider info for com.qihoo360.apm.apmdatamanager.ApmDataProvider
D/ActivityManager(  795): getContentProviderImpl: from caller=android.app.ApplicationThreadProxy@4285d610 (pid=1434, userId=0) to get content provider com.qihoo360.apm.apmdatamanager.ApmDataProvider cpr=null
E/ActivityThread( 1434): Failed to find provider info for com.qihoo360.apm.apmdatamanager.ApmDataProvider
D/ActivityManager(  795): getContentProviderImpl: from caller=android.app.ApplicationThreadProxy@42baf030 (pid=1468, userId=0) to get content provider com.dolby.ds1appUI cpr=null
E/ActivityThread( 1468): Failed to find provider info for com.dolby.ds1appUI
D/ActivityManager(  795): getContentProviderImpl: from caller=android.app.ApplicationThreadProxy@4297d5c0 (pid=1434, userId=0) to get content provider com.qihoo360.apm.apmdatamanager.ApmDataProvider cpr=null
E/ActivityThread( 1434): Failed to find provider info for com.qihoo360.apm.apmdatamanager.ApmDataProvider
D/ActivityManager(  795): getContentProviderImpl: from caller=android.app.ApplicationThreadProxy@431dcdf8 (pid=1468, userId=0) to get content provider media cpr=ContentProviderRecord{439bc650 u0 com.android.providers.media/.MediaProvider}
D/ActivityManager(  795): getContentProviderImpl: updateLruProcessLocked cpr.proc=ProcessRecord{43984468 2401:android.process.media/u0a5}
D/ActivityThread( 1468): hoder:android.app.IActivityManager$ContentProviderHolder@42b00ce8,provider,holder.Provider:android.content.ContentProviderProxy@42b01748
V/WindowManager(  795): Changing focus from null to Window{42abdae0 u0 com.android.settings/com.oppo.settings.SettingsActivity} Callers=com.android.server.wm.WindowManagerService.relayoutWindow:3728 com.android.server.wm.Session.relayout:191 android.view.IWindowSession$Stub.onTransact:235 com.android.server.wm.Session.onTransact:126 
I/WindowManager(  795): Gaining focus: Window{42abdae0 u0 com.android.settings/com.oppo.settings.SettingsActivity}
V/InputMethodManagerService(  795): windowGainedFocus: android.os.BinderProxy@431517a8 controlFlags=#105 softInputMode=#110 windowFlags=#1810100
V/ActivityManager(  795): ACT-Activity idle: Token{42d95520 ActivityRecord{429af6f0 u0 com.android.settings/com.oppo.settings.SettingsActivity t7}}
V/ActivityManager(  795): ensureActivitiesVisibleLocked: consider front
V/ActivityManager(  795): ensureActivitiesVisibleLocked: consider back
V/ActivityThread( 1163): Finishing stop of ActivityRecord{427a86e0 token=android.os.BinderProxy@427a7e88 {com.oppo.launcher/com.oppo.launcher.Launcher}}: show=false win=com.android.internal.policy.impl.OppoPhoneWindow@428d78f8
D/ActivityThread( 1163): ACT-STOP_ACTIVITY_HIDE handled : 0 / android.os.BinderProxy@427a7e88
V/NetworkStats(  795): setKernelCounterSet uid=10041 set=0
D/ConnectivityService(  795): onUidRulesChanged(uid=10041, uidRules=0)
V/ActivityManager(  795): Broadcast sticky: Intent { act=android.intent.action.ADDITIONAL_BATTERY_CHANGED flg=0x60000010 (has extras) } ordered=false userid=-1 callerApp=null
V/ActivityManager(  795): Broadcast sticky: Intent { act=android.intent.action.BATTERY_CHANGED flg=0x60000010 (has extras) } ordered=false userid=-1 callerApp=null
V/ActivityManager(  795): Broadcast sticky: Intent { act=android.intent.action.ADDITIONAL_BATTERY_CHANGED flg=0x60000010 (has extras) } ordered=false userid=-1 callerApp=null
D/WifiService(  795): onReceive, action:android.intent.action.BATTERY_CHANGED
D/UsbDeviceManager(  795): onReceive - BATTERY_CHANGED - mPlugType: 2, mSettingUsbCharging: false, mConnected: true, mSettingUsbBicr: false
D/WifiController(  795): DeviceActiveState{ when=0 what=155652 arg1=2 target=com.android.internal.util.StateMachine$SmHandler target=Handler (com.android.internal.util.StateMachine$SmHandler) {427cef60} }
D/WifiController(  795): StaEnabledState{ when=0 what=155652 arg1=2 target=com.android.internal.util.StateMachine$SmHandler target=Handler (com.android.internal.util.StateMachine$SmHandler) {427cef60} }
D/WifiController(  795): DefaultState{ when=0 what=155652 arg1=2 target=com.android.internal.util.StateMachine$SmHandler target=Handler (com.android.internal.util.StateMachine$SmHandler) {427cef60} }
D/WifiController(  795): battery changed pluggedType: 2
V/ActivityManager(  795): Broadcast sticky: Intent { act=android.intent.action.ADDITIONAL_BATTERY_CHANGED flg=0x60000010 (has extras) } ordered=false userid=-1 callerApp=null
D/ActivityThread( 3029): SVC-SERVICE_ARGS handled : 0 / ServiceArgsData{token=android.os.BinderProxy@4279f878 startId=21 args=Intent { cmp=com.qihoo.appstore/com.morgoo.droidplugin.stub.ServiceStub$StubP01$P00 (has extras) }}
V/ActivityManager(  795): Broadcast: Intent { act=action_speed_change flg=0x10 pkg=com.qihoo.appstore (has extras) } ordered=false userid=0 callerApp=ProcessRecord{42dced10 2214:com.qihoo.appstore:PluginP00/u0a92}
D/ActivityThread( 2214): SVC-SERVICE_ARGS handled : 0 / ServiceArgsData{token=android.os.BinderProxy@427a1fe0 startId=8 args=Intent { cmp=com.qihoo.appstore/com.morgoo.droidplugin.stub.ServiceStub$StubP00$P00 (has extras) }}
D/ConnectivityService(  795): getActiveNetworkInfo:NetworkInfo: type: WIFI[], state: CONNECTED/CONNECTED, reason: (unspecified), extra: "yizhibo", roaming: false, failover: false, isAvailable: true, isConnectedToProvisioningNetwork: false, simId: 0/1000
D/SocketClient(  243): SocketClient msg = limit alert globalAlert wlan0
D/SocketClient(  243): SocketClient sendDatalocked done: 601 limit alert globalAlert wlan0
D/NetdConnector(  795): RCV <- {601 limit alert globalAlert wlan0}
D/NetworkManagementService(  795): onEvent:601 limit alert globalAlert wlan0:5
V/NetworkStats(  795): performPollLocked(flags=0x3)
D/NetdConnector(  795): SND -> {55 bandwidth gettetherstats}
I/FrameworkListener(  243): onDataAvailable get 28 bytes 
D/SocketClient(  243): SocketClient msg = Tethering stats list completed
D/SocketClient(  243): SocketClient sendDatalocked done: 200 55 Tethering stats list completed
D/NetdConnector(  795): RCV <- {200 55 Tethering stats list completed}
D/NetdConnector(  795): RMV <- {200 55 Tethering stats list completed}
D/NetworkStatsRecorder(  795): recordSnapshotLocked.dev:snapshot size:3
W/NetworkStatsRecorder(  795): unknown interfaces [lo, p2p0], ignoring those stats
D/NetworkStatsRecorder(  795): recordSnapshotLocked.xt:snapshot size:3
W/NetworkStatsRecorder(  795): unknown interfaces [lo, p2p0], ignoring those stats
D/NetworkStatsRecorder(  795): recordSnapshotLocked.uid:snapshot size:36
W/NetworkStatsRecorder(  795): unknown interfaces [lo, p2p0], ignoring those stats
D/NetworkStatsRecorder(  795): recordSnapshotLocked.uid_tag:snapshot size:36
W/NetworkStatsRecorder(  795): unknown interfaces [lo, p2p0], ignoring those stats
D/NetworkStatsRecorder(  795): forcePersistLocked() writing for dev
D/NetworkStatsRecorder(  795): forcePersistLocked() writing for xt
D/NetworkStatsRecorder(  795): forcePersistLocked() writing for uid
V/NetworkStats(  795): performPollLocked() took 55ms
V/ActivityManager(  795): Broadcast: Intent { act=com.android.server.action.NETWORK_STATS_UPDATED flg=0x40000010 } ordered=false userid=-1 callerApp=ProcessRecord{42ae4570 795:system/1000}
V/NetworkPolicy(  795): ensureActiveMobilePolicyLocked()
D/NetdConnector(  795): SND -> {56 bandwidth setglobalalert 2097152}
I/FrameworkListener(  243): onDataAvailable get 36 bytes 
D/SocketClient(  243): SocketClient msg = Bandwidth command succeeeded
D/SocketClient(  243): SocketClient sendDatalocked done: 200 56 Bandwidth command succeeeded
D/NetdConnector(  795): RCV <- {200 56 Bandwidth command succeeeded}
V/NetworkPolicy(  795): updateNetworkEnabledLocked()
V/NetworkPolicy(  795):  checking policy:NetworkPolicy[NetworkTemplate: matchRule=WIFI, networkId="菅猛的小米手机"]: cycleDay=-1, cycleTimezone=UTC, warningBytes=-1, limitBytes=-1, lastWarningSnooze=-1, lastLimitSnooze=-1, metered=true, inferred=true, active=true
D/NetdConnector(  795): RMV <- {200 56 Bandwidth command succeeeded}
V/NetworkPolicy(  795):  checking policy:NetworkPolicy[NetworkTemplate: matchRule=MOBILE_ALL, subscriberId=460110...]: cycleDay=1, cycleTimezone=Asia/Shanghai, warningBytes=-1, limitBytes=-1, lastWarningSnooze=-1, lastLimitSnooze=-1, metered=true, inferred=false, active=false
V/NetworkPolicy(  795):  ignore this policy
V/NetworkPolicy(  795):  checking policy:NetworkPolicy[NetworkTemplate: matchRule=MOBILE_ALL]: cycleDay=1, cycleTimezone=Asia/Shanghai, warningBytes=-1, limitBytes=-1, lastWarningSnooze=-1, lastLimitSnooze=-1, metered=true, inferred=false, active=false
V/NetworkPolicy(  795):  ignore this policy
V/NetworkPolicy(  795):  checking policy:NetworkPolicy[NetworkTemplate: matchRule=MOBILE_ALL, subscriberId=460110...]: cycleDay=18, cycleTimezone=Asia/Shanghai, warningBytes=2147483648, limitBytes=-1, lastWarningSnooze=-1, lastLimitSnooze=-1, metered=true, inferred=true, active=false
V/NetworkPolicy(  795):  ignore this policy
V/NetworkPolicy(  795): updateNotificationsLocked()
D/ActivityThread( 4328): SVC-UNBIND_SERVICE handled : 0 / BindServiceData{token=android.os.BinderProxy@4308f8b0 intent=Intent { act=com.google.android.gms.measurement.START cmp=com.ccvideo/com.google.android.gms.measurement.AppMeasurementService }}
D/ActivityThread( 4328): SVC-Destroying service: com.google.android.gms.measurement.AppMeasurementService@42fd6788
D/ActivityThread( 4328): SVC-STOP_SERVICE handled : 0 / android.os.BinderProxy@4308f8b0
D/ActivityManager(  795): getContentProviderImpl: from caller=android.app.ApplicationThreadProxy@4368d360 (pid=1468, userId=0) to get content provider com.oppo.ota cpr=ContentProviderRecord{42a130c8 u0 com.oppo.ota/.db.OTAProvider}
D/ActivityManager(  795): getContentProviderImpl: updateLruProcessLocked cpr.proc=ProcessRecord{4372d4f8 3538:com.oppo.ota/u0a67}
D/ActivityThread( 1468): hoder:android.app.IActivityManager$ContentProviderHolder@42d0d240,provider,holder.Provider:android.content.ContentProviderProxy@42d0d970
V/ActivityManager(  795): Broadcast: Intent { act=BROADCAST_ACTION_OPEN_APP_DATA flg=0x10 pkg=com.qihoo.appstore (has extras) } ordered=false userid=0 callerApp=ProcessRecord{42afb518 1434:com.qihoo.daemon/u0a92}
V/ActivityManager(  795): Broadcast: Intent { act=BROADCAST_ACTION_OPEN_APP_CHANGED flg=0x10 pkg=com.qihoo.appstore (has extras) } ordered=false userid=0 callerApp=ProcessRecord{42afb518 1434:com.qihoo.daemon/u0a92}
I/ActivityManager(  795): START u0 {act=android.intent.action.MAIN cmp=com.android.settings/.SubSettings (has extras)} from pid 1468
E/ActivityManager(  795): START {act=android.intent.action.MAIN cmp=com.android.settings/.SubSettings (has extras) u=0} from pid 1468
D/ActivityManager(  795): ACT-moveHomeTask toFront : false homeInFront = false
V/WindowManager(  795): Changing focus from Window{42abdae0 u0 com.android.settings/com.oppo.settings.SettingsActivity} to null Callers=com.android.server.wm.WindowManagerService.setFocusedApp:4747 com.android.server.am.ActivityManagerService.setFocusedActivityLocked:2635 com.android.server.am.ActivityStackSupervisor.startActivityUncheckedLocked:3315 com.android.server.am.ActivityStackSupervisor.startActivityLocked:2100 
I/WindowManager(  795): Losing focus: Window{42abdae0 u0 com.android.settings/com.oppo.settings.SettingsActivity}
D/ActivityThread( 1468): ACT-AM_ON_PAUSE_CALLED ActivityRecord{42924950 token=android.os.BinderProxy@42924110 {com.android.settings/com.oppo.settings.SettingsActivity}}
V/ActivityManager(  795): ensureActivitiesVisibleLocked: consider front
V/ActivityManager(  795): ensureActivitiesVisibleLocked: consider back
V/ActivityManager(  795): ensureActivitiesVisibleLocked: consider front
V/ActivityManager(  795): ensureActivitiesVisibleLocked: consider back
W/ContextImpl( 1468): Calling a method in the system process without a qualified user: android.app.ContextImpl.startService:1701 android.content.ContextWrapper.startService:494 com.oppo.statistics.c.a.a:-1 com.oppo.statistics.a.c.a:-1 com.oppo.statistics.a.c.a:-1 
V/ActivityManager(  795): ACT-Activity idle: null
D/ActivityThread( 1468): ACT-PAUSE_ACTIVITY handled : 1 / android.os.BinderProxy@42924110
D/ActivityThread( 1192): SVC-SERVICE_ARGS handled : 0 / ServiceArgsData{token=android.os.BinderProxy@427a88e8 startId=14 args=Intent { cmp=com.nearme.statistics.rom/.service.ReceiverService (has extras) }}
V/ActivityThread( 1468): ActivityRecord{42d34d28 token=android.os.BinderProxy@42d33ee0 {com.android.settings/com.android.settings.SubSettings}}: app=com.android.settings.SettingsApplication@427b0488, appName=com.android.settings, pkg=com.android.settings, comp={com.android.settings/com.android.settings.SubSettings}, dir=/system/priv-app/Settings.apk
D/ActivityManager(  795): getContentProviderImpl: from caller=android.app.ApplicationThreadProxy@42f28ec8 (pid=1468, userId=0) to get content provider telephony cpr=ContentProviderRecord{42c32ee0 u0 com.android.providers.telephony/.TelephonyProvider}
D/ActivityManager(  795): getContentProviderImpl: updateLruProcessLocked cpr.proc=ProcessRecord{42c67478 1076:com.android.phone/1001}
D/ActivityThread( 1468): hoder:android.app.IActivityManager$ContentProviderHolder@42d90cb0,provider,holder.Provider:android.content.ContentProviderProxy@42d91308
V/ActivityThread( 1468): Performing resume of ActivityRecord{42d34d28 token=android.os.BinderProxy@42d33ee0 {com.android.settings/com.android.settings.SubSettings}} finished=false
D/ActivityThread( 1468): ACT-AM_ON_RESUME_CALLED ActivityRecord{42d34d28 token=android.os.BinderProxy@42d33ee0 {com.android.settings/com.android.settings.SubSettings}}
V/ActivityThread( 1468): Resume ActivityRecord{42d34d28 token=android.os.BinderProxy@42d33ee0 {com.android.settings/com.android.settings.SubSettings}} started activity: false, hideForNow: false, finished: false
V/ActivityThread( 1468): Resuming ActivityRecord{42d34d28 token=android.os.BinderProxy@42d33ee0 {com.android.settings/com.android.settings.SubSettings}} with isForward=true
V/ActivityThread( 1468): Scheduling idle handler for ActivityRecord{42d34d28 token=android.os.BinderProxy@42d33ee0 {com.android.settings/com.android.settings.SubSettings}}
D/ActivityThread( 1468): ACT-LAUNCH_ACTIVITY handled : 0 / ActivityRecord{42d34d28 token=android.os.BinderProxy@42d33ee0 {com.android.settings/com.android.settings.SubSettings}}
V/WindowManager(  795): Changing focus from null to Window{42af5200 u0 com.android.settings/com.android.settings.SubSettings} Callers=com.android.server.wm.WindowManagerService.relayoutWindow:3728 com.android.server.wm.Session.relayout:191 android.view.IWindowSession$Stub.onTransact:235 com.android.server.wm.Session.onTransact:126 
I/WindowManager(  795): Gaining focus: Window{42af5200 u0 com.android.settings/com.android.settings.SubSettings}
V/InputMethodManagerService(  795): windowGainedFocus: android.os.BinderProxy@431517a8 controlFlags=#105 softInputMode=#120 windowFlags=#1810100
V/ActivityManager(  795): ACT-Activity idle: Token{4387f178 ActivityRecord{42c957c8 u0 com.android.settings/.SubSettings t7}}
V/ActivityManager(  795): ensureActivitiesVisibleLocked: consider front
V/ActivityManager(  795): ensureActivitiesVisibleLocked: consider back
D/ActivityThread( 5296): SVC-Destroying service: com.oppo.gesture.receiver.AsynTaskService@427e1fb8
D/ActivityThread( 5296): SVC-STOP_SERVICE handled : 0 / android.os.BinderProxy@427cf9c0
W/ContextImpl( 5296): Calling a method in the system process without a qualified user: android.app.ContextImpl.stopService:1707 android.content.ContextWrapper.stopService:499 com.oppo.gesture.receiver.AsynTaskService.checkKillProcess:81 com.oppo.gesture.receiver.AsynTaskService.access$000:28 com.oppo.gesture.receiver.AsynTaskService$ServiceHandler.handleMessage:52 
D/ActivityThread( 5296): SVC-Destroying service: com.oppo.gesture.server.ScreenOffGestureService@427d6de8
I/ActivityManager(  795): Process com.oppo.gesture (pid 5296) has died.
D/DisplayManagerService(  795): Display listener for pid 5296 died.
W/ContextImpl(  795): Calling a method in the system process without a qualified user: android.app.ContextImpl.sendBroadcast:1345 com.android.server.am.OppoExtraActivityManagerService.setKeyLockModeNormal:47 com.android.server.am.ActivityManagerService.appDiedLocked:4501 com.android.server.am.ActivityManagerService$AppDeathRecipient.binderDied:1118 android.os.BinderProxy.sendDeathNotice:496 
V/ActivityManager(  795): Broadcast: Intent { act=com.oppo.intent.action.KEY_LOCK_MODE flg=0x10 (has extras) } ordered=false userid=0 callerApp=ProcessRecord{42ae4570 795:system/1000}
D/ActivityManager(  795): cleanUpApplicationRecordLocked app:ProcessRecord{43ab5218 5296:com.oppo.gesture/1000}, restarting:false, allowRestart:true, index:-1
D/ActivityManager(  795): cleanUpApplicationRecordLocked from:com.android.server.am.ActivityManagerService.handleAppDiedLocked:4289 com.android.server.am.ActivityManagerService.appDiedLocked:4513 com.android.server.am.ActivityManagerService$AppDeathRecipient.binderDied:1118 android.os.BinderProxy.sendDeathNotice:496 
D/DisplayManagerService(  795): Display listener for pid 5280 died.
I/ActivityManager(  795): Process com.mediatek.mtklogger (pid 5280) has died.
W/ContextImpl(  795): Calling a method in the system process without a qualified user: android.app.ContextImpl.sendBroadcast:1345 com.android.server.am.OppoExtraActivityManagerService.setKeyLockModeNormal:47 com.android.server.am.ActivityManagerService.appDiedLocked:4501 com.android.server.am.ActivityManagerService$AppDeathRecipient.binderDied:1118 android.os.BinderProxy.sendDeathNotice:496 
V/ActivityManager(  795): Broadcast: Intent { act=com.oppo.intent.action.KEY_LOCK_MODE flg=0x10 (has extras) } ordered=false userid=0 callerApp=ProcessRecord{42ae4570 795:system/1000}
D/ActivityManager(  795): cleanUpApplicationRecordLocked app:ProcessRecord{427ed100 5280:com.mediatek.mtklogger/u0a47}, restarting:false, allowRestart:true, index:-1
D/ActivityManager(  795): cleanUpApplicationRecordLocked from:com.android.server.am.ActivityManagerService.handleAppDiedLocked:4289 com.android.server.am.ActivityManagerService.appDiedLocked:4513 com.android.server.am.ActivityManagerService$AppDeathRecipient.binderDied:1118 android.os.BinderProxy.sendDeathNotice:496 
D/ActivityManager(  795): ACT-IDLE_NOW_MSG from windowsVisible() for idle: ActivityRecord{42c957c8 u0 com.android.settings/.SubSettings t7}
V/ActivityManager(  795): ACT-Activity idle: null
V/ActivityManager(  795): ensureActivitiesVisibleLocked: consider front
V/ActivityManager(  795): ensureActivitiesVisibleLocked: consider back
V/ActivityThread( 1468): Finishing stop of ActivityRecord{42924950 token=android.os.BinderProxy@42924110 {com.android.settings/com.oppo.settings.SettingsActivity}}: show=false win=com.android.internal.policy.impl.OppoPhoneWindow@42927fb0
D/ActivityThread( 1468): ACT-STOP_ACTIVITY_HIDE handled : 0 / android.os.BinderProxy@42924110
D/ConnectivityService(  795): getActiveNetworkInfo:NetworkInfo: type: WIFI[], state: CONNECTED/CONNECTED, reason: (unspecified), extra: "yizhibo", roaming: false, failover: false, isAvailable: true, isConnectedToProvisioningNetwork: false, simId: 0/1000
I/ActivityManager(  795): START u0 {act=android.intent.action.MAIN cmp=com.android.settings/.SubSettings (has extras)} from pid 1468
E/ActivityManager(  795): START {act=android.intent.action.MAIN cmp=com.android.settings/.SubSettings (has extras) u=0} from pid 1468
D/ActivityManager(  795): ACT-moveHomeTask toFront : false homeInFront = false
V/WindowManager(  795): Changing focus from Window{42af5200 u0 com.android.settings/com.android.settings.SubSettings} to null Callers=com.android.server.wm.WindowManagerService.setFocusedApp:4747 com.android.server.am.ActivityManagerService.setFocusedActivityLocked:2635 com.android.server.am.ActivityStackSupervisor.startActivityUncheckedLocked:3315 com.android.server.am.ActivityStackSupervisor.startActivityLocked:2100 
I/WindowManager(  795): Losing focus: Window{42af5200 u0 com.android.settings/com.android.settings.SubSettings}
D/ActivityThread( 1468): ACT-AM_ON_PAUSE_CALLED ActivityRecord{42d34d28 token=android.os.BinderProxy@42d33ee0 {com.android.settings/com.android.settings.SubSettings}}
V/ActivityManager(  795): ensureActivitiesVisibleLocked: consider front
V/ActivityManager(  795): ensureActivitiesVisibleLocked: consider back
V/ActivityManager(  795): ensureActivitiesVisibleLocked: consider front
V/ActivityManager(  795): ensureActivitiesVisibleLocked: consider back
V/ActivityManager(  795): ACT-Activity idle: null
D/ActivityThread( 1468): ACT-PAUSE_ACTIVITY handled : 1 / android.os.BinderProxy@42d33ee0
V/ActivityThread( 1468): ActivityRecord{42e02c08 token=android.os.BinderProxy@42e023c8 {com.android.settings/com.android.settings.SubSettings}}: app=com.android.settings.SettingsApplication@427b0488, appName=com.android.settings, pkg=com.android.settings, comp={com.android.settings/com.android.settings.SubSettings}, dir=/system/priv-app/Settings.apk
V/ActivityThread( 1468): Performing resume of ActivityRecord{42e02c08 token=android.os.BinderProxy@42e023c8 {com.android.settings/com.android.settings.SubSettings}} finished=false
D/VoldConnector(  795): SND -> {16 cryptfs cryptocomplete}
I/FrameworkListener(  233): onDataAvailable get 26 bytes 
D/VoldCmdListener(  233): cryptfs cryptocomplete
E/Cryptfs (  233): not running with encryption, aborting
D/SocketClient(  233): SocketClient msg = 1
D/SocketClient(  233): SocketClient sendDatalocked done: 200 16 1
D/VoldConnector(  795): RCV <- {200 16 1}
D/VoldConnector(  795): RMV <- {200 16 1}
D/ActivityThread( 1468): ACT-AM_ON_RESUME_CALLED ActivityRecord{42e02c08 token=android.os.BinderProxy@42e023c8 {com.android.settings/com.android.settings.SubSettings}}
V/ActivityThread( 1468): Resume ActivityRecord{42e02c08 token=android.os.BinderProxy@42e023c8 {com.android.settings/com.android.settings.SubSettings}} started activity: false, hideForNow: false, finished: false
V/ActivityThread( 1468): Resuming ActivityRecord{42e02c08 token=android.os.BinderProxy@42e023c8 {com.android.settings/com.android.settings.SubSettings}} with isForward=true
V/ActivityThread( 1468): Scheduling idle handler for ActivityRecord{42e02c08 token=android.os.BinderProxy@42e023c8 {com.android.settings/com.android.settings.SubSettings}}
D/ActivityThread( 1468): ACT-LAUNCH_ACTIVITY handled : 0 / ActivityRecord{42e02c08 token=android.os.BinderProxy@42e023c8 {com.android.settings/com.android.settings.SubSettings}}
V/WindowManager(  795): Changing focus from null to Window{42b16d68 u0 com.android.settings/com.android.settings.SubSettings} Callers=com.android.server.wm.WindowManagerService.relayoutWindow:3728 com.android.server.wm.Session.relayout:191 android.view.IWindowSession$Stub.onTransact:235 com.android.server.wm.Session.onTransact:126 
I/WindowManager(  795): Gaining focus: Window{42b16d68 u0 com.android.settings/com.android.settings.SubSettings}
V/InputMethodManagerService(  795): windowGainedFocus: android.os.BinderProxy@431517a8 controlFlags=#105 softInputMode=#120 windowFlags=#1810100
V/ActivityManager(  795): ACT-Activity idle: Token{42a246f8 ActivityRecord{42ccabf0 u0 com.android.settings/.SubSettings t7}}
V/ActivityManager(  795): ensureActivitiesVisibleLocked: consider front
V/ActivityManager(  795): ensureActivitiesVisibleLocked: consider back
V/ActivityManager(  795): Broadcast sticky: Intent { act=android.intent.action.ADDITIONAL_BATTERY_CHANGED flg=0x60000010 (has extras) } ordered=false userid=-1 callerApp=null
V/ActivityManager(  795): Broadcast sticky: Intent { act=android.intent.action.BATTERY_CHANGED flg=0x60000010 (has extras) } ordered=false userid=-1 callerApp=null
V/ActivityManager(  795): Broadcast sticky: Intent { act=android.intent.action.ADDITIONAL_BATTERY_CHANGED flg=0x60000010 (has extras) } ordered=false userid=-1 callerApp=null
D/WifiService(  795): onReceive, action:android.intent.action.BATTERY_CHANGED
D/UsbDeviceManager(  795): onReceive - BATTERY_CHANGED - mPlugType: 2, mSettingUsbCharging: false, mConnected: true, mSettingUsbBicr: false
D/WifiController(  795): DeviceActiveState{ when=0 what=155652 arg1=2 target=com.android.internal.util.StateMachine$SmHandler target=Handler (com.android.internal.util.StateMachine$SmHandler) {427cef60} }
D/WifiController(  795): StaEnabledState{ when=-1ms what=155652 arg1=2 target=com.android.internal.util.StateMachine$SmHandler target=Handler (com.android.internal.util.StateMachine$SmHandler) {427cef60} }
D/WifiController(  795): DefaultState{ when=-1ms what=155652 arg1=2 target=com.android.internal.util.StateMachine$SmHandler target=Handler (com.android.internal.util.StateMachine$SmHandler) {427cef60} }
D/WifiController(  795): battery changed pluggedType: 2
V/ActivityManager(  795): Broadcast sticky: Intent { act=android.intent.action.ADDITIONAL_BATTERY_CHANGED flg=0x60000010 (has extras) } ordered=false userid=-1 callerApp=null
D/ActivityManager(  795): ACT-IDLE_NOW_MSG from windowsVisible() for idle: ActivityRecord{42ccabf0 u0 com.android.settings/.SubSettings t7}
V/ActivityManager(  795): ACT-Activity idle: null
V/ActivityManager(  795): ensureActivitiesVisibleLocked: consider front
V/ActivityManager(  795): ensureActivitiesVisibleLocked: consider back
V/ActivityThread( 1468): Finishing stop of ActivityRecord{42d34d28 token=android.os.BinderProxy@42d33ee0 {com.android.settings/com.android.settings.SubSettings}}: show=false win=com.android.internal.policy.impl.OppoPhoneWindow@42d61b78
D/ActivityThread( 1468): ACT-STOP_ACTIVITY_HIDE handled : 0 / android.os.BinderProxy@42d33ee0
D/ConnectivityService(  795): getActiveNetworkInfo:NetworkInfo: type: WIFI[], state: CONNECTED/CONNECTED, reason: (unspecified), extra: "yizhibo", roaming: false, failover: false, isAvailable: true, isConnectedToProvisioningNetwork: false, simId: 0/10532
V/WindowManager(  795): Changing focus from Window{42b16d68 u0 com.android.settings/com.android.settings.SubSettings} to Window{42b235a0 u0 com.android.settings/com.android.settings.SubSettings} Callers=com.android.server.wm.WindowManagerService.addWindow:2968 com.android.server.wm.Session.addToDisplay:163 android.view.IWindowSession$Stub.onTransact:111 com.android.server.wm.Session.onTransact:126 
I/WindowManager(  795): Gaining focus: Window{42b235a0 u0 com.android.settings/com.android.settings.SubSettings}
D/VoldConnector(  795): SND -> {17 cryptfs cryptocomplete}
V/NotificationService(  795): enqueueNotificationInternal: pkg=com.android.systemui id=2 notification=Notification(pri=0 contentView=com.android.systemui/0xc09041a vibrate=null sound=null defaults=0x0 flags=0x22 kind=[null])
V/NotificationService(  795): Initial score is 0.
V/NotificationService(  795): Final score is 0.
V/MoMS.NotificationController(  795): notifications are enabled for com.android.systemui
V/NotificationService(  795): Assigned score=0 to Notification(pri=0 contentView=com.android.systemui/0xc09041a vibrate=null sound=null defaults=0x0 flags=0x22 kind=[null])
I/FrameworkListener(  233): onDataAvailable get 26 bytes 
D/VoldCmdListener(  233): cryptfs cryptocomplete
E/Cryptfs (  233): not running with encryption, aborting
D/SocketClient(  233): SocketClient msg = 1
D/SocketClient(  233): SocketClient sendDatalocked done: 200 17 1
D/VoldConnector(  795): RCV <- {200 17 1}
D/VoldConnector(  795): RMV <- {200 17 1}
D/ActivityThread( 1434): SVC-SERVICE_ARGS handled : 0 / ServiceArgsData{token=android.os.BinderProxy@42e607f8 startId=49 args=Intent { pkg=com.qihoo.appstore cmp=com.qihoo.appstore/com.qihoo.core.CoreService (has extras) }}
D/ActivityThread( 1434): SVC-SERVICE_ARGS handled : 0 / ServiceArgsData{token=android.os.BinderProxy@42e607f8 startId=50 args=Intent { pkg=com.qihoo.appstore cmp=com.qihoo.appstore/com.qihoo.core.CoreService (has extras) }}
V/ActivityManager(  795): Broadcast: Intent { act=com.qihoo.appstore.ACTION_NOTIFICATION_POSTED flg=0x10 (has extras) } ordered=false userid=0 callerApp=ProcessRecord{42afb518 1434:com.qihoo.daemon/u0a92}
V/WindowManager(  795): Changing focus from Window{42b235a0 u0 com.android.settings/com.android.settings.SubSettings EXITING} to Window{42b16d68 u0 com.android.settings/com.android.settings.SubSettings} Callers=com.android.server.wm.WindowManagerService.removeWindowLocked:3090 com.android.server.wm.WindowManagerService.removeWindowLocked:3017 com.android.server.wm.WindowManagerService.removeWindow:3012 com.android.server.wm.Session.remove:182 
D/ActivityThread( 1434): SVC-SERVICE_ARGS handled : 0 / ServiceArgsData{token=android.os.BinderProxy@42e607f8 startId=51 args=Intent { pkg=com.qihoo.appstore cmp=com.qihoo.appstore/com.qihoo.core.CoreService (has extras) }}
D/ActivityThread( 3029): SVC-SERVICE_ARGS handled : 0 / ServiceArgsData{token=android.os.BinderProxy@4279f878 startId=22 args=Intent { cmp=com.qihoo.appstore/com.morgoo.droidplugin.stub.ServiceStub$StubP01$P00 (has extras) }}
I/WindowManager(  795): Gaining focus: Window{42b16d68 u0 com.android.settings/com.android.settings.SubSettings}
I/WindowManager(  795): Losing focus: Window{42b235a0 u0 com.android.settings/com.android.settings.SubSettings EXITING}
V/ActivityManager(  795): Broadcast: Intent { act=com.qihoo.appstore.ACTION_NOTIFICATION_POSTED flg=0x10 (has extras) } ordered=false userid=0 callerApp=ProcessRecord{42918c98 3029:com.qihoo.appstore:PluginP01/u0a92}
D/ActivityThread( 3029): SVC-SERVICE_ARGS handled : 0 / ServiceArgsData{token=android.os.BinderProxy@4279f878 startId=23 args=Intent { cmp=com.qihoo.appstore/com.morgoo.droidplugin.stub.ServiceStub$StubP01$P00 (has extras) }}
V/InputMethodManagerService(  795): windowGainedFocus: android.os.BinderProxy@431517a8 controlFlags=#1 softInputMode=#20 windowFlags=#1810100
W/InputMethodManagerService(  795): Window already focused, ignoring focus gain of: com.android.internal.view.IInputMethodClient$Stub$Proxy@4312c198 attribute=null, token = android.os.BinderProxy@42c5d078
D/ConnectivityService(  795): getActiveNetworkInfo:NetworkInfo: type: WIFI[], state: CONNECTED/CONNECTED, reason: (unspecified), extra: "yizhibo", roaming: false, failover: false, isAvailable: true, isConnectedToProvisioningNetwork: false, simId: 0/1000
D/SocketClient(  243): SocketClient msg = Iface linkstate wlan0 up
D/SocketClient(  243): SocketClient sendDatalocked done: 600 Iface linkstate wlan0 up
D/NetdConnector(  795): RCV <- {600 Iface linkstate wlan0 up}
D/SocketClient(  243): SocketClient msg = Iface linkstate wlan0 up
D/SocketClient(  243): SocketClient sendDatalocked done: 600 Iface linkstate wlan0 up
D/NetdConnector(  795): RCV <- {600 Iface linkstate wlan0 up}
D/NetworkManagementService(  795): onEvent:600 Iface linkstate wlan0 up:5
D/NetworkManagementService(  795): onEvent:600 Iface linkstate wlan0 up:5
V/ActivityManager(  795): Broadcast: Intent { act=android.net.wifi.SCAN_RESULTS flg=0x4000010 (has extras) } ordered=false userid=-1 callerApp=ProcessRecord{42ae4570 795:system/1000}
I/WifiNotificationController(  795): checkAndSetNotification, state:CONNECTED
D/ActivityManager(  795): getContentProviderImpl: from caller=android.app.ApplicationThreadProxy@42e0b2f0 (pid=1434, userId=0) to get content provider com.qihoo360.apm.apmdatamanager.ApmDataProvider cpr=null
E/ActivityThread( 1434): Failed to find provider info for com.qihoo360.apm.apmdatamanager.ApmDataProvider
D/ActivityManager(  795): getContentProviderImpl: from caller=android.app.ApplicationThreadProxy@42ee9828 (pid=1434, userId=0) to get content provider com.qihoo360.apm.apmdatamanager.ApmDataProvider cpr=null
E/ActivityThread( 1434): Failed to find provider info for com.qihoo360.apm.apmdatamanager.ApmDataProvider
