D/wpa_ctrl(  795): reply_len=4095
D/WifiHW  (  795): leave --> reply=RSSI=-53
D/WifiHW  (  795): LINKSPEED=65
D/WifiHW  (  795): NOISE=9999
D/WifiHW  (  795): FREQUENCY=2432
D/WifiHW  (  795): 
D/wifi    (  795): doStringCommand, buf IFNAME=wlan0 SIGNAL_POLL
I/WifiStateMachine(  795): fetchRssiAndLinkSpeedNative, newRssi:-53, newLinkSpeed:65, SSID:"yizhibo"
D/WifiStateMachine(  795): mRssiArray[0] = -57
D/WifiStateMachine(  795): mRssiArray[1] = -52
D/WifiStateMachine(  795): mRssiArray[2] = -52
D/WifiStateMachine(  795): mRssiArray[3] = -53
D/WifiStateMachine(  795): mRssiArray[4] = -57
D/WifiStateMachine(  795): GetFilterRssi is : -53
D/WifiStateMachine(  795): mLastSignalLevel:4, newSignalLevel:4
D/WifiStateMachine(  795): fetchRssiAndLinkSpeedNative, ipAddr:1829349568
I/SurfaceView( 4328): updateWindow -- OnPreDrawListener, mHaveFrame = false, this = android.opengl.GLSurfaceView{431616b0 V.E..... ......I. 0,0-0,0}
I/SurfaceView( 4328): updateWindow -- OnPreDrawListener, mHaveFrame = true, this = tv.danmaku.ijk.media.sample.widget.media.SurfaceRenderView{431c0d40 V.E..... ........ 0,-97-1080,1823}
I/        (  245): [BWC INFO](245): get_bwc_mm_property success
I/SurfaceView( 4328): updateWindow -- OnPreDrawListener, mHaveFrame = false, this = android.opengl.GLSurfaceView{431616b0 V.E..... ......I. 0,0-0,0}
I/SurfaceView( 4328): updateWindow -- OnPreDrawListener, mHaveFrame = true, this = tv.danmaku.ijk.media.sample.widget.media.SurfaceRenderView{431c0d40 V.E..... ........ 0,-97-1080,1823}
V/AudioTrackShared(  251): mAvailToClient=0 stepCount=1024 minimum=1024
I/BufferQueue(  245): [com.ccvideo/com.yizhibo.video.activity.PlayerActivity](this:0xb76d08b0,id:48,api:1,p:4328,c:245) queueBuffer: fps=59.56 dur=1007.41 max=19.86 min=14.21
I/        (  245): [BWC INFO](245): get_bwc_mm_property success
I/SurfaceView( 4328): updateWindow -- OnPreDrawListener, mHaveFrame = false, this = android.opengl.GLSurfaceView{431616b0 V.E..... ......I. 0,0-0,0}
I/SurfaceView( 4328): updateWindow -- OnPreDrawListener, mHaveFrame = true, this = tv.danmaku.ijk.media.sample.widget.media.SurfaceRenderView{431c0d40 V.E..... ........ 0,-97-1080,1823}
V/AudioTrackShared(  251): mAvailToClient=128 stepCount=896 minimum=1024
I/        (  245): [BWC INFO](245): get_bwc_mm_property success
I/SurfaceView( 4328): updateWindow -- OnPreDrawListener, mHaveFrame = false, this = android.opengl.GLSurfaceView{431616b0 V.E..... ......I. 0,0-0,0}
I/SurfaceView( 4328): updateWindow -- OnPreDrawListener, mHaveFrame = true, this = tv.danmaku.ijk.media.sample.widget.media.SurfaceRenderView{431c0d40 V.E..... ........ 0,-97-1080,1823}
I/        (  245): [BWC INFO](245): get_bwc_mm_property success
V/AudioTrackShared(  251): mAvailToClient=0 stepCount=1024 minimum=1024
I/SurfaceView( 4328): updateWindow -- OnPreDrawListener, mHaveFrame = false, this = android.opengl.GLSurfaceView{431616b0 V.E..... ......I. 0,0-0,0}
I/SurfaceView( 4328): updateWindow -- OnPreDrawListener, mHaveFrame = true, this = tv.danmaku.ijk.media.sample.widget.media.SurfaceRenderView{431c0d40 V.E..... ........ 0,-97-1080,1823}
I/        (  245): [BWC INFO](245): get_bwc_mm_property success
I/BufferQueue(  245): [FrameBufferSurface_0](this:0xb756dd40,id:0,api:1,p:245,c:245) queueBuffer: fps=59.51 dur=1008.25 max=26.78 min=7.01
I/SurfaceView( 4328): updateWindow -- OnPreDrawListener, mHaveFrame = false, this = android.opengl.GLSurfaceView{431616b0 V.E..... ......I. 0,0-0,0}
I/SurfaceView( 4328): updateWindow -- OnPreDrawListener, mHaveFrame = true, this = tv.danmaku.ijk.media.sample.widget.media.SurfaceRenderView{431c0d40 V.E..... ........ 0,-97-1080,1823}
V/AudioTrackShared(  251): mAvailToClient=128 stepCount=896 minimum=1024
I/        (  245): [BWC INFO](245): get_bwc_mm_property success
I/SurfaceView( 4328): updateWindow -- OnPreDrawListener, mHaveFrame = false, this = android.opengl.GLSurfaceView{431616b0 V.E..... ......I. 0,0-0,0}
I/SurfaceView( 4328): updateWindow -- OnPreDrawListener, mHaveFrame = true, this = tv.danmaku.ijk.media.sample.widget.media.SurfaceRenderView{431c0d40 V.E..... ........ 0,-97-1080,1823}
V/AudioTrackShared(  251): mAvailToClient=0 stepCount=1024 minimum=1024
I/        (  245): [BWC INFO](245): get_bwc_mm_property success
I/SurfaceView( 4328): updateWindow -- OnPreDrawListener, mHaveFrame = false, this = android.opengl.GLSurfaceView{431616b0 V.E..... ......I. 0,0-0,0}
I/SurfaceView( 4328): updateWindow -- OnPreDrawListener, mHaveFrame = true, this = tv.danmaku.ijk.media.sample.widget.media.SurfaceRenderView{431c0d40 V.E..... ........ 0,-97-1080,1823}
I/        (  245): [BWC INFO](245): get_bwc_mm_property success
I/SurfaceView( 4328): updateWindow -- OnPreDrawListener, mHaveFrame = false, this = android.opengl.GLSurfaceView{431616b0 V.E..... ......I. 0,0-0,0}
I/SurfaceView( 4328): updateWindow -- OnPreDrawListener, mHaveFrame = true, this = tv.danmaku.ijk.media.sample.widget.media.SurfaceRenderView{431c0d40 V.E..... ........ 0,-97-1080,1823}
V/AudioTrackShared(  251): mAvailToClient=128 stepCount=896 minimum=1024
I/        (  245): [BWC INFO](245): get_bwc_mm_property success
I/SurfaceView( 4328): updateWindow -- OnPreDrawListener, mHaveFrame = false, this = android.opengl.GLSurfaceView{431616b0 V.E..... ......I. 0,0-0,0}
I/SurfaceView( 4328): updateWindow -- OnPreDrawListener, mHaveFrame = true, this = tv.danmaku.ijk.media.sample.widget.media.SurfaceRenderView{431c0d40 V.E..... ........ 0,-97-1080,1823}
V/AudioTrackShared(  251): mAvailToClient=0 stepCount=1024 minimum=1024
I/        (  245): [BWC INFO](245): get_bwc_mm_property success
I/SurfaceView( 4328): updateWindow -- OnPreDrawListener, mHaveFrame = false, this = android.opengl.GLSurfaceView{431616b0 V.E..... ......I. 0,0-0,0}
I/SurfaceView( 4328): updateWindow -- OnPreDrawListener, mHaveFrame = true, this = tv.danmaku.ijk.media.sample.widget.media.SurfaceRenderView{431c0d40 V.E..... ........ 0,-97-1080,1823}
I/        (  245): [BWC INFO](245): get_bwc_mm_property success
V/AudioTrackShared(  251): mAvailToClient=128 stepCount=896 minimum=1024
I/SurfaceView( 4328): updateWindow -- OnPreDrawListener, mHaveFrame = false, this = android.opengl.GLSurfaceView{431616b0 V.E..... ......I. 0,0-0,0}
I/SurfaceView( 4328): updateWindow -- OnPreDrawListener, mHaveFrame = true, this = tv.danmaku.ijk.media.sample.widget.media.SurfaceRenderView{431c0d40 V.E..... ........ 0,-97-1080,1823}
I/        (  245): [BWC INFO](245): get_bwc_mm_property success
I/SurfaceView( 4328): updateWindow -- OnPreDrawListener, mHaveFrame = false, this = android.opengl.GLSurfaceView{431616b0 V.E..... ......I. 0,0-0,0}
I/SurfaceView( 4328): updateWindow -- OnPreDrawListener, mHaveFrame = true, this = tv.danmaku.ijk.media.sample.widget.media.SurfaceRenderView{431c0d40 V.E..... ........ 0,-97-1080,1823}
I/ANRManager(  795): updateProcessStats
I/ANRManager(  795): CPU update time < 2.5sec
V/AudioTrackShared(  251): mAvailToClient=0 stepCount=1024 minimum=1024
I/        (  245): [BWC INFO](245): get_bwc_mm_property success
I/SurfaceView( 4328): updateWindow -- OnPreDrawListener, mHaveFrame = false, this = android.opengl.GLSurfaceView{431616b0 V.E..... ......I. 0,0-0,0}
I/SurfaceView( 4328): updateWindow -- OnPreDrawListener, mHaveFrame = true, this = tv.danmaku.ijk.media.sample.widget.media.SurfaceRenderView{431c0d40 V.E..... ........ 0,-97-1080,1823}
V/AudioTrackShared(  251): mAvailToClient=128 stepCount=896 minimum=1024
I/        (  245): [BWC INFO](245): get_bwc_mm_property success
I/SurfaceView( 4328): updateWindow -- OnPreDrawListener, mHaveFrame = false, this = android.opengl.GLSurfaceView{431616b0 V.E..... ......I. 0,0-0,0}
I/SurfaceView( 4328): updateWindow -- OnPreDrawListener, mHaveFrame = true, this = tv.danmaku.ijk.media.sample.widget.media.SurfaceRenderView{431c0d40 V.E..... ........ 0,-97-1080,1823}
I/        (  245): [BWC INFO](245): get_bwc_mm_property success
V/AudioTrackShared(  251): mAvailToClient=0 stepCount=1024 minimum=1024
I/SurfaceView( 4328): updateWindow -- OnPreDrawListener, mHaveFrame = false, this = android.opengl.GLSurfaceView{431616b0 V.E..... ......I. 0,0-0,0}
I/SurfaceView( 4328): updateWindow -- OnPreDrawListener, mHaveFrame = true, this = tv.danmaku.ijk.media.sample.widget.media.SurfaceRenderView{431c0d40 V.E..... ........ 0,-97-1080,1823}
I/        (  245): [BWC INFO](245): get_bwc_mm_property success
I/SurfaceView( 4328): updateWindow -- OnPreDrawListener, mHaveFrame = false, this = android.opengl.GLSurfaceView{431616b0 V.E..... ......I. 0,0-0,0}
I/SurfaceView( 4328): updateWindow -- OnPreDrawListener, mHaveFrame = true, this = tv.danmaku.ijk.media.sample.widget.media.SurfaceRenderView{431c0d40 V.E..... ........ 0,-97-1080,1823}
D/AudioTrack( 4328): mPausedNs is 1000000000
V/AudioTrackShared(  251): mAvailToClient=128 stepCount=896 minimum=1024
I/        (  245): [BWC INFO](245): get_bwc_mm_property success
I/SurfaceView( 4328): updateWindow -- OnPreDrawListener, mHaveFrame = false, this = android.opengl.GLSurfaceView{431616b0 V.E..... ......I. 0,0-0,0}
I/SurfaceView( 4328): updateWindow -- OnPreDrawListener, mHaveFrame = true, this = tv.danmaku.ijk.media.sample.widget.media.SurfaceRenderView{431c0d40 V.E..... ........ 0,-97-1080,1823}
V/AudioTrackShared(  251): mAvailToClient=0 stepCount=1024 minimum=1024
I/        (  245): [BWC INFO](245): get_bwc_mm_property success
I/SurfaceView( 4328): updateWindow -- OnPreDrawListener, mHaveFrame = false, this = android.opengl.GLSurfaceView{431616b0 V.E..... ......I. 0,0-0,0}
I/SurfaceView( 4328): updateWindow -- OnPreDrawListener, mHaveFrame = true, this = tv.danmaku.ijk.media.sample.widget.media.SurfaceRenderView{431c0d40 V.E..... ........ 0,-97-1080,1823}
I/        (  245): [BWC INFO](245): get_bwc_mm_property success
I/SurfaceView( 4328): updateWindow -- OnPreDrawListener, mHaveFrame = false, this = android.opengl.GLSurfaceView{431616b0 V.E..... ......I. 0,0-0,0}
I/SurfaceView( 4328): updateWindow -- OnPreDrawListener, mHaveFrame = true, this = tv.danmaku.ijk.media.sample.widget.media.SurfaceRenderView{431c0d40 V.E..... ........ 0,-97-1080,1823}
V/AudioTrackShared(  251): mAvailToClient=128 stepCount=896 minimum=1024
I/        (  245): [BWC INFO](245): get_bwc_mm_property success
I/SurfaceView( 4328): updateWindow -- OnPreDrawListener, mHaveFrame = false, this = android.opengl.GLSurfaceView{431616b0 V.E..... ......I. 0,0-0,0}
I/SurfaceView( 4328): updateWindow -- OnPreDrawListener, mHaveFrame = true, this = tv.danmaku.ijk.media.sample.widget.media.SurfaceRenderView{431c0d40 V.E..... ........ 0,-97-1080,1823}
V/AudioTrackShared(  251): mAvailToClient=0 stepCount=1024 minimum=1024
I/        (  245): [BWC INFO](245): get_bwc_mm_property success
I/SurfaceView( 4328): updateWindow -- OnPreDrawListener, mHaveFrame = false, this = android.opengl.GLSurfaceView{431616b0 V.E..... ......I. 0,0-0,0}
I/SurfaceView( 4328): updateWindow -- OnPreDrawListener, mHaveFrame = true, this = tv.danmaku.ijk.media.sample.widget.media.SurfaceRenderView{431c0d40 V.E..... ........ 0,-97-1080,1823}
I/        (  245): [BWC INFO](245): get_bwc_mm_property success
V/AudioTrackShared(  251): mAvailToClient=128 stepCount=896 minimum=1024
I/SurfaceView( 4328): updateWindow -- OnPreDrawListener, mHaveFrame = false, this = android.opengl.GLSurfaceView{431616b0 V.E..... ......I. 0,0-0,0}
I/SurfaceView( 4328): updateWindow -- OnPreDrawListener, mHaveFrame = true, this = tv.danmaku.ijk.media.sample.widget.media.SurfaceRenderView{431c0d40 V.E..... ........ 0,-97-1080,1823}
I/        (  245): [BWC INFO](245): get_bwc_mm_property success
I/SurfaceView( 4328): updateWindow -- OnPreDrawListener, mHaveFrame = false, this = android.opengl.GLSurfaceView{431616b0 V.E..... ......I. 0,0-0,0}
I/SurfaceView( 4328): updateWindow -- OnPreDrawListener, mHaveFrame = true, this = tv.danmaku.ijk.media.sample.widget.media.SurfaceRenderView{431c0d40 V.E..... ........ 0,-97-1080,1823}
V/AudioTrackShared(  251): mAvailToClient=0 stepCount=1024 minimum=1024
I/        (  245): [BWC INFO](245): get_bwc_mm_property success
I/SurfaceView( 4328): updateWindow -- OnPreDrawListener, mHaveFrame = false, this = android.opengl.GLSurfaceView{431616b0 V.E..... ......I. 0,0-0,0}
I/SurfaceView( 4328): updateWindow -- OnPreDrawListener, mHaveFrame = true, this = tv.danmaku.ijk.media.sample.widget.media.SurfaceRenderView{431c0d40 V.E..... ........ 0,-97-1080,1823}
V/AudioTrackShared(  251): mAvailToClient=128 stepCount=896 minimum=1024
I/        (  245): [BWC INFO](245): get_bwc_mm_property success
I/SurfaceFlinger(  245): [Built-in Screen (type:0)] fps:59.411118,dur:1009.91,max:26.78,min:7.01
I/SurfaceView( 4328): updateWindow -- OnPreDrawListener, mHaveFrame = false, this = android.opengl.GLSurfaceView{431616b0 V.E..... ......I. 0,0-0,0}
I/SurfaceView( 4328): updateWindow -- OnPreDrawListener, mHaveFrame = true, this = tv.danmaku.ijk.media.sample.widget.media.SurfaceRenderView{431c0d40 V.E..... ........ 0,-97-1080,1823}
I/        (  245): [BWC INFO](245): get_bwc_mm_property success
I/SurfaceView( 4328): updateWindow -- OnPreDrawListener, mHaveFrame = false, this = android.opengl.GLSurfaceView{431616b0 V.E..... ......I. 0,0-0,0}
I/SurfaceView( 4328): updateWindow -- OnPreDrawListener, mHaveFrame = true, this = tv.danmaku.ijk.media.sample.widget.media.SurfaceRenderView{431c0d40 V.E..... ........ 0,-97-1080,1823}
V/AudioTrackShared(  251): mAvailToClient=0 stepCount=1024 minimum=1024
I/        (  245): [BWC INFO](245): get_bwc_mm_property success
I/SurfaceView( 4328): updateWindow -- OnPreDrawListener, mHaveFrame = false, this = android.opengl.GLSurfaceView{431616b0 V.E..... ......I. 0,0-0,0}
I/SurfaceView( 4328): updateWindow -- OnPreDrawListener, mHaveFrame = true, this = tv.danmaku.ijk.media.sample.widget.media.SurfaceRenderView{431c0d40 V.E..... ........ 0,-97-1080,1823}
V/AudioTrackShared(  251): mAvailToClient=128 stepCount=896 minimum=1024
I/        (  245): [BWC INFO](245): get_bwc_mm_property success
I/SurfaceView( 4328): updateWindow -- OnPreDrawListener, mHaveFrame = false, this = android.opengl.GLSurfaceView{431616b0 V.E..... ......I. 0,0-0,0}
I/SurfaceView( 4328): updateWindow -- OnPreDrawListener, mHaveFrame = true, this = tv.danmaku.ijk.media.sample.widget.media.SurfaceRenderView{431c0d40 V.E..... ........ 0,-97-1080,1823}
V/AudioTrackShared(  251): mAvailToClient=0 stepCount=1024 minimum=1024
I/        (  245): [BWC INFO](245): get_bwc_mm_property success
I/SurfaceView( 4328): updateWindow -- OnPreDrawListener, mHaveFrame = false, this = android.opengl.GLSurfaceView{431616b0 V.E..... ......I. 0,0-0,0}
I/SurfaceView( 4328): updateWindow -- OnPreDrawListener, mHaveFrame = true, this = tv.danmaku.ijk.media.sample.widget.media.SurfaceRenderView{431c0d40 V.E..... ........ 0,-97-1080,1823}
I/        (  245): [BWC INFO](245): get_bwc_mm_property success
I/SurfaceView( 4328): updateWindow -- OnPreDrawListener, mHaveFrame = false, this = android.opengl.GLSurfaceView{431616b0 V.E..... ......I. 0,0-0,0}
I/SurfaceView( 4328): updateWindow -- OnPreDrawListener, mHaveFrame = true, this = tv.danmaku.ijk.media.sample.widget.media.SurfaceRenderView{431c0d40 V.E..... ........ 0,-97-1080,1823}
V/AudioTrackShared(  251): mAvailToClient=128 stepCount=896 minimum=1024
I/        (  245): [BWC INFO](245): get_bwc_mm_property success
I/SurfaceView( 4328): updateWindow -- OnPreDrawListener, mHaveFrame = false, this = android.opengl.GLSurfaceView{431616b0 V.E..... ......I. 0,0-0,0}
I/SurfaceView( 4328): updateWindow -- OnPreDrawListener, mHaveFrame = true, this = tv.danmaku.ijk.media.sample.widget.media.SurfaceRenderView{431c0d40 V.E..... ........ 0,-97-1080,1823}
V/AudioTrackShared(  251): mAvailToClient=0 stepCount=1024 minimum=1024
I/        (  245): [BWC INFO](245): get_bwc_mm_property success
I/SurfaceView( 4328): updateWindow -- OnPreDrawListener, mHaveFrame = false, this = android.opengl.GLSurfaceView{431616b0 V.E..... ......I. 0,0-0,0}
I/SurfaceView( 4328): updateWindow -- OnPreDrawListener, mHaveFrame = true, this = tv.danmaku.ijk.media.sample.widget.media.SurfaceRenderView{431c0d40 V.E..... ........ 0,-97-1080,1823}
I/        (  245): [BWC INFO](245): get_bwc_mm_property success
V/AudioTrackShared(  251): mAvailToClient=128 stepCount=896 minimum=1024
I/SurfaceView( 4328): updateWindow -- OnPreDrawListener, mHaveFrame = false, this = android.opengl.GLSurfaceView{431616b0 V.E..... ......I. 0,0-0,0}
I/SurfaceView( 4328): updateWindow -- OnPreDrawListener, mHaveFrame = true, this = tv.danmaku.ijk.media.sample.widget.media.SurfaceRenderView{431c0d40 V.E..... ........ 0,-97-1080,1823}
I/        (  245): [BWC INFO](245): get_bwc_mm_property success
I/SurfaceView( 4328): updateWindow -- OnPreDrawListener, mHaveFrame = false, this = android.opengl.GLSurfaceView{431616b0 V.E..... ......I. 0,0-0,0}
I/SurfaceView( 4328): updateWindow -- OnPreDrawListener, mHaveFrame = true, this = tv.danmaku.ijk.media.sample.widget.media.SurfaceRenderView{431c0d40 V.E..... ........ 0,-97-1080,1823}
V/AudioTrackShared(  251): mAvailToClient=0 stepCount=1024 minimum=1024
I/        (  245): [BWC INFO](245): get_bwc_mm_property success
I/SurfaceView( 4328): updateWindow -- OnPreDrawListener, mHaveFrame = false, this = android.opengl.GLSurfaceView{431616b0 V.E..... ......I. 0,0-0,0}
I/SurfaceView( 4328): updateWindow -- OnPreDrawListener, mHaveFrame = true, this = tv.danmaku.ijk.media.sample.widget.media.SurfaceRenderView{431c0d40 V.E..... ........ 0,-97-1080,1823}
V/AudioTrackShared(  251): mAvailToClient=128 stepCount=896 minimum=1024
I/        (  245): [BWC INFO](245): get_bwc_mm_property success
I/SurfaceView( 4328): updateWindow -- OnPreDrawListener, mHaveFrame = false, this = android.opengl.GLSurfaceView{431616b0 V.E..... ......I. 0,0-0,0}
I/SurfaceView( 4328): updateWindow -- OnPreDrawListener, mHaveFrame = true, this = tv.danmaku.ijk.media.sample.widget.media.SurfaceRenderView{431c0d40 V.E..... ........ 0,-97-1080,1823}
I/        (  245): [BWC INFO](245): get_bwc_mm_property success
V/AudioTrackShared(  251): mAvailToClient=0 stepCount=1024 minimum=1024
I/SurfaceView( 4328): updateWindow -- OnPreDrawListener, mHaveFrame = false, this = android.opengl.GLSurfaceView{431616b0 V.E..... ......I. 0,0-0,0}
I/SurfaceView( 4328): updateWindow -- OnPreDrawListener, mHaveFrame = true, this = tv.danmaku.ijk.media.sample.widget.media.SurfaceRenderView{431c0d40 V.E..... ........ 0,-97-1080,1823}
I/Process (  795): get_ion_cache_memory totalNum:51879936
I/Process (  795): mm_heap_freelist total_size=0x0
I/Process (  795): ----------------------------------------------------
I/Process (  795):   
I/Process (  795): get_ion_cache_memory ionCacheTotalInByte:51879936
I/        (  245): [BWC INFO](245): get_bwc_mm_property success
I/SurfaceView( 4328): updateWindow -- OnPreDrawListener, mHaveFrame = false, this = android.opengl.GLSurfaceView{431616b0 V.E..... ......I. 0,0-0,0}
I/SurfaceView( 4328): updateWindow -- OnPreDrawListener, mHaveFrame = true, this = tv.danmaku.ijk.media.sample.widget.media.SurfaceRenderView{431c0d40 V.E..... ........ 0,-97-1080,1823}
V/AudioTrackShared(  251): mAvailToClient=128 stepCount=896 minimum=1024
I/        (  245): [BWC INFO](245): get_bwc_mm_property success
I/SurfaceView( 4328): updateWindow -- OnPreDrawListener, mHaveFrame = false, this = android.opengl.GLSurfaceView{431616b0 V.E..... ......I. 0,0-0,0}
I/SurfaceView( 4328): updateWindow -- OnPreDrawListener, mHaveFrame = true, this = tv.danmaku.ijk.media.sample.widget.media.SurfaceRenderView{431c0d40 V.E..... ........ 0,-97-1080,1823}
V/AudioTrackShared(  251): mAvailToClient=0 stepCount=1024 minimum=1024
I/        (  245): [BWC INFO](245): get_bwc_mm_property success
I/SurfaceView( 4328): updateWindow -- OnPreDrawListener, mHaveFrame = false, this = android.opengl.GLSurfaceView{431616b0 V.E..... ......I. 0,0-0,0}
I/SurfaceView( 4328): updateWindow -- OnPreDrawListener, mHaveFrame = true, this = tv.danmaku.ijk.media.sample.widget.media.SurfaceRenderView{431c0d40 V.E..... ........ 0,-97-1080,1823}
I/        (  245): [BWC INFO](245): get_bwc_mm_property success
I/SurfaceView( 4328): updateWindow -- OnPreDrawListener, mHaveFrame = false, this = android.opengl.GLSurfaceView{431616b0 V.E..... ......I. 0,0-0,0}
I/SurfaceView( 4328): updateWindow -- OnPreDrawListener, mHaveFrame = true, this = tv.danmaku.ijk.media.sample.widget.media.SurfaceRenderView{431c0d40 V.E..... ........ 0,-97-1080,1823}
V/AudioTrackShared(  251): mAvailToClient=128 stepCount=896 minimum=1024
I/        (  245): [BWC INFO](245): get_bwc_mm_property success
I/SurfaceView( 4328): updateWindow -- OnPreDrawListener, mHaveFrame = false, this = android.opengl.GLSurfaceView{431616b0 V.E..... ......I. 0,0-0,0}
I/SurfaceView( 4328): updateWindow -- OnPreDrawListener, mHaveFrame = true, this = tv.danmaku.ijk.media.sample.widget.media.SurfaceRenderView{431c0d40 V.E..... ........ 0,-97-1080,1823}
V/AudioTrackShared(  251): mAvailToClient=0 stepCount=1024 minimum=1024
I/        (  245): [BWC INFO](245): get_bwc_mm_property success
I/SurfaceView( 4328): updateWindow -- OnPreDrawListener, mHaveFrame = false, this = android.opengl.GLSurfaceView{431616b0 V.E..... ......I. 0,0-0,0}
I/SurfaceView( 4328): updateWindow -- OnPreDrawListener, mHaveFrame = true, this = tv.danmaku.ijk.media.sample.widget.media.SurfaceRenderView{431c0d40 V.E..... ........ 0,-97-1080,1823}
I/        (  245): [BWC INFO](245): get_bwc_mm_property success
V/AudioTrackShared(  251): mAvailToClient=128 stepCount=896 minimum=1024
I/SurfaceView( 4328): updateWindow -- OnPreDrawListener, mHaveFrame = false, this = android.opengl.GLSurfaceView{431616b0 V.E..... ......I. 0,0-0,0}
I/SurfaceView( 4328): updateWindow -- OnPreDrawListener, mHaveFrame = true, this = tv.danmaku.ijk.media.sample.widget.media.SurfaceRenderView{431c0d40 V.E..... ........ 0,-97-1080,1823}
I/        (  245): [BWC INFO](245): get_bwc_mm_property success
I/SurfaceView( 4328): updateWindow -- OnPreDrawListener, mHaveFrame = false, this = android.opengl.GLSurfaceView{431616b0 V.E..... ......I. 0,0-0,0}
I/SurfaceView( 4328): updateWindow -- OnPreDrawListener, mHaveFrame = true, this = tv.danmaku.ijk.media.sample.widget.media.SurfaceRenderView{431c0d40 V.E..... ........ 0,-97-1080,1823}
V/AudioTrackShared(  251): mAvailToClient=0 stepCount=1024 minimum=1024
I/        (  245): [BWC INFO](245): get_bwc_mm_property success
I/SurfaceView( 4328): updateWindow -- OnPreDrawListener, mHaveFrame = false, this = android.opengl.GLSurfaceView{431616b0 V.E..... ......I. 0,0-0,0}
I/SurfaceView( 4328): updateWindow -- OnPreDrawListener, mHaveFrame = true, this = tv.danmaku.ijk.media.sample.widget.media.SurfaceRenderView{431c0d40 V.E..... ........ 0,-97-1080,1823}
V/AudioTrackShared(  251): mAvailToClient=128 stepCount=896 minimum=1024
I/        (  245): [BWC INFO](245): get_bwc_mm_property success
I/SurfaceView( 4328): updateWindow -- OnPreDrawListener, mHaveFrame = false, this = android.opengl.GLSurfaceView{431616b0 V.E..... ......I. 0,0-0,0}
I/SurfaceView( 4328): updateWindow -- OnPreDrawListener, mHaveFrame = true, this = tv.danmaku.ijk.media.sample.widget.media.SurfaceRenderView{431c0d40 V.E..... ........ 0,-97-1080,1823}
I/        (  245): [BWC INFO](245): get_bwc_mm_property success
I/SurfaceView( 4328): updateWindow -- OnPreDrawListener, mHaveFrame = false, this = android.opengl.GLSurfaceView{431616b0 V.E..... ......I. 0,0-0,0}
I/SurfaceView( 4328): updateWindow -- OnPreDrawListener, mHaveFrame = true, this = tv.danmaku.ijk.media.sample.widget.media.SurfaceRenderView{431c0d40 V.E..... ........ 0,-97-1080,1823}
V/AudioTrackShared(  251): mAvailToClient=0 stepCount=1024 minimum=1024
I/        (  245): [BWC INFO](245): get_bwc_mm_property success
I/SurfaceView( 4328): updateWindow -- OnPreDrawListener, mHaveFrame = false, this = android.opengl.GLSurfaceView{431616b0 V.E..... ......I. 0,0-0,0}
I/SurfaceView( 4328): updateWindow -- OnPreDrawListener, mHaveFrame = true, this = tv.danmaku.ijk.media.sample.widget.media.SurfaceRenderView{431c0d40 V.E..... ........ 0,-97-1080,1823}
I/BufferQueue(  245): [StatusBar](this:0xb75dd060,id:6,api:1,p:912,c:245) queueBuffer: fps=3.60 dur=1110.69 max=504.95 min=201.05
D/ConnectivityService(  795): getActiveNetworkInfo:NetworkInfo: type: WIFI[], state: CONNECTED/CONNECTED, reason: (unspecified), extra: "yizhibo", roaming: false, failover: false, isAvailable: true, isConnectedToProvisioningNetwork: false, simId: 0/10532
I/System.out( 4328): [CDS]rx timeout:4000
V/AudioTrackShared(  251): mAvailToClient=128 stepCount=896 minimum=1024
I/        (  245): [BWC INFO](245): get_bwc_mm_property success
I/SurfaceView( 4328): updateWindow -- OnPreDrawListener, mHaveFrame = false, this = android.opengl.GLSurfaceView{431616b0 V.E..... ......I. 0,0-0,0}
I/SurfaceView( 4328): updateWindow -- OnPreDrawListener, mHaveFrame = true, this = tv.danmaku.ijk.media.sample.widget.media.SurfaceRenderView{431c0d40 V.E..... ........ 0,-97-1080,1823}
I/        (  245): [BWC INFO](245): get_bwc_mm_property success
V/AudioTrackShared(  251): mAvailToClient=0 stepCount=1024 minimum=1024
I/SurfaceView( 4328): updateWindow -- OnPreDrawListener, mHaveFrame = false, this = android.opengl.GLSurfaceView{431616b0 V.E..... ......I. 0,0-0,0}
I/SurfaceView( 4328): updateWindow -- OnPreDrawListener, mHaveFrame = true, this = tv.danmaku.ijk.media.sample.widget.media.SurfaceRenderView{431c0d40 V.E..... ........ 0,-97-1080,1823}
I/BufferQueue(  245): [SurfaceView](this:0xb768d140,id:47,api:2,p:4328,c:245) queueBuffer: fps=15.08 dur=1061.20 max=73.75 min=57.99
I/        (  245): [BWC INFO](245): get_bwc_mm_property success
I/SurfaceView( 4328): updateWindow -- OnPreDrawListener, mHaveFrame = false, this = android.opengl.GLSurfaceView{431616b0 V.E..... ......I. 0,0-0,0}
I/SurfaceView( 4328): updateWindow -- OnPreDrawListener, mHaveFrame = true, this = tv.danmaku.ijk.media.sample.widget.media.SurfaceRenderView{431c0d40 V.E..... ........ 0,-97-1080,1823}
V/AudioTrackShared(  251): mAvailToClient=128 stepCount=896 minimum=1024
I/        (  245): [BWC INFO](245): get_bwc_mm_property success
I/SurfaceView( 4328): updateWindow -- OnPreDrawListener, mHaveFrame = false, this = android.opengl.GLSurfaceView{431616b0 V.E..... ......I. 0,0-0,0}
I/SurfaceView( 4328): updateWindow -- OnPreDrawListener, mHaveFrame = true, this = tv.danmaku.ijk.media.sample.widget.media.SurfaceRenderView{431c0d40 V.E..... ........ 0,-97-1080,1823}
V/AudioTrackShared(  251): mAvailToClient=0 stepCount=1024 minimum=1024
I/        (  245): [BWC INFO](245): get_bwc_mm_property success
I/SurfaceView( 4328): updateWindow -- OnPreDrawListener, mHaveFrame = false, this = android.opengl.GLSurfaceView{431616b0 V.E..... ......I. 0,0-0,0}
I/SurfaceView( 4328): updateWindow -- OnPreDrawListener, mHaveFrame = true, this = tv.danmaku.ijk.media.sample.widget.media.SurfaceRenderView{431c0d40 V.E..... ........ 0,-97-1080,1823}
I/        (  245): [BWC INFO](245): get_bwc_mm_property success
V/AudioTrackShared(  251): mAvailToClient=128 stepCount=896 minimum=1024
D/dalvikvm( 4328): create interp thread : stack size=128KB
D/dalvikvm( 4328): create new thread
D/dalvikvm( 4328): new thread created
D/dalvikvm( 4328): update thread list
D/dalvikvm( 4328): threadid=24: interp stack at 0x8800b000
D/dalvikvm( 4328): threadid=24: created from interp
D/dalvikvm( 4328): start new thread
D/KPSRootLayoutHandler( 4328): onMeasure, width: 1080 height: 1725
D/KPSRootLayoutHandler( 4328): 0 == 0 break;
D/KPSRootLayoutHandler( 4328): onMeasure, width: 1080 height: 1725
D/KPSRootLayoutHandler( 4328): 0 == 0 break;
I/        (  245): [BWC INFO](245): get_bwc_mm_property success
D/dalvikvm( 4328): threadid=24: notify debugger
D/dalvikvm( 4328): threadid=24 (Thread-649): calling run()
V/AudioTrackShared(  251): mAvailToClient=0 stepCount=1024 minimum=1024
I/SurfaceView( 4328): updateWindow -- OnPreDrawListener, mHaveFrame = false, this = android.opengl.GLSurfaceView{431616b0 V.E..... ......I. 0,0-0,0}
I/SurfaceView( 4328): updateWindow -- OnPreDrawListener, mHaveFrame = true, this = tv.danmaku.ijk.media.sample.widget.media.SurfaceRenderView{431c0d40 V.E..... ........ 0,-97-1080,1823}
I/SurfaceView( 4328): updateWindow -- OnPreDrawListener, mHaveFrame = false, this = android.opengl.GLSurfaceView{431616b0 V.E..... ......I. 0,0-0,0}
I/SurfaceView( 4328): updateWindow -- OnPreDrawListener, mHaveFrame = true, this = tv.danmaku.ijk.media.sample.widget.media.SurfaceRenderView{431c0d40 V.E..... ........ 0,-97-1080,1823}
V/AudioTrackShared(  251): mAvailToClient=128 stepCount=896 minimum=1024
I/        (  245): [BWC INFO](245): get_bwc_mm_property success
I/SurfaceView( 4328): updateWindow -- OnPreDrawListener, mHaveFrame = false, this = android.opengl.GLSurfaceView{431616b0 V.E..... ......I. 0,0-0,0}
I/SurfaceView( 4328): updateWindow -- OnPreDrawListener, mHaveFrame = true, this = tv.danmaku.ijk.media.sample.widget.media.SurfaceRenderView{431c0d40 V.E..... ........ 0,-97-1080,1823}
I/        (  245): [BWC INFO](245): get_bwc_mm_property success
I/SurfaceView( 4328): updateWindow -- OnPreDrawListener, mHaveFrame = false, this = android.opengl.GLSurfaceView{431616b0 V.E..... ......I. 0,0-0,0}
I/SurfaceView( 4328): updateWindow -- OnPreDrawListener, mHaveFrame = true, this = tv.danmaku.ijk.media.sample.widget.media.SurfaceRenderView{431c0d40 V.E..... ........ 0,-97-1080,1823}
V/AudioTrackShared(  251): mAvailToClient=0 stepCount=1024 minimum=1024
I/        (  245): [BWC INFO](245): get_bwc_mm_property success
I/SurfaceView( 4328): updateWindow -- OnPreDrawListener, mHaveFrame = false, this = android.opengl.GLSurfaceView{431616b0 V.E..... ......I. 0,0-0,0}
I/SurfaceView( 4328): updateWindow -- OnPreDrawListener, mHaveFrame = true, this = tv.danmaku.ijk.media.sample.widget.media.SurfaceRenderView{431c0d40 V.E..... ........ 0,-97-1080,1823}
V/AudioTrackShared(  251): mAvailToClient=128 stepCount=896 minimum=1024
I/        (  245): [BWC INFO](245): get_bwc_mm_property success
W/System.err( 4328): java.lang.InterruptedException
W/System.err( 4328): 	at java.lang.VMThread.sleep(Native Method)
W/System.err( 4328): 	at java.lang.Thread.sleep(Thread.java:1020)
W/System.err( 4328): 	at java.lang.Thread.sleep(Thread.java:1002)
W/System.err( 4328): 	at com.yizhibo.video.view.bubble.BubbleView$b.run(SourceFile)
W/System.err( 4328): 	at java.lang.Thread.run(Thread.java:848)
D/dalvikvm( 4328): threadid=24: exiting
D/dalvikvm( 4328): threadid=24: bye!
I/SurfaceView( 4328): updateWindow -- OnPreDrawListener, mHaveFrame = false, this = android.opengl.GLSurfaceView{431616b0 V.E..... ......I. 0,0-0,0}
I/SurfaceView( 4328): updateWindow -- OnPreDrawListener, mHaveFrame = true, this = tv.danmaku.ijk.media.sample.widget.media.SurfaceRenderView{431c0d40 V.E..... ........ 0,-97-1080,1823}
I/BufferQueue(  245): [com.ccvideo/com.yizhibo.video.activity.PlayerActivity](this:0xb76d08b0,id:48,api:1,p:4328,c:245) queueBuffer: fps=58.45 dur=1009.44 max=46.60 min=2.87
I/        (  245): [BWC INFO](245): get_bwc_mm_property success
V/AudioTrackShared(  251): mAvailToClient=0 stepCount=1024 minimum=1024
I/SurfaceView( 4328): updateWindow -- OnPreDrawListener, mHaveFrame = false, this = android.opengl.GLSurfaceView{431616b0 V.E..... ......I. 0,0-0,0}
I/SurfaceView( 4328): updateWindow -- OnPreDrawListener, mHaveFrame = true, this = tv.danmaku.ijk.media.sample.widget.media.SurfaceRenderView{431c0d40 V.E..... ........ 0,-97-1080,1823}
I/        (  245): [BWC INFO](245): get_bwc_mm_property success
I/SurfaceView( 4328): updateWindow -- OnPreDrawListener, mHaveFrame = false, this = android.opengl.GLSurfaceView{431616b0 V.E..... ......I. 0,0-0,0}
I/SurfaceView( 4328): updateWindow -- OnPreDrawListener, mHaveFrame = true, this = tv.danmaku.ijk.media.sample.widget.media.SurfaceRenderView{431c0d40 V.E..... ........ 0,-97-1080,1823}
V/AudioTrackShared(  251): mAvailToClient=128 stepCount=896 minimum=1024
I/        (  245): [BWC INFO](245): get_bwc_mm_property success
I/SurfaceView( 4328): updateWindow -- OnPreDrawListener, mHaveFrame = false, this = android.opengl.GLSurfaceView{431616b0 V.E..... ......I. 0,0-0,0}
I/SurfaceView( 4328): updateWindow -- OnPreDrawListener, mHaveFrame = true, this = tv.danmaku.ijk.media.sample.widget.media.SurfaceRenderView{431c0d40 V.E..... ........ 0,-97-1080,1823}
V/AudioTrackShared(  251): mAvailToClient=0 stepCount=1024 minimum=1024
I/        (  245): [BWC INFO](245): get_bwc_mm_property success
I/BufferQueue(  245): [FrameBufferSurface_0](this:0xb756dd40,id:0,api:1,p:245,c:245) queueBuffer: fps=58.49 dur=1008.68 max=33.33 min=12.88
I/SurfaceView( 4328): updateWindow -- OnPreDrawListener, mHaveFrame = false, this = android.opengl.GLSurfaceView{431616b0 V.E..... ......I. 0,0-0,0}
I/SurfaceView( 4328): updateWindow -- OnPreDrawListener, mHaveFrame = true, this = tv.danmaku.ijk.media.sample.widget.media.SurfaceRenderView{431c0d40 V.E..... ........ 0,-97-1080,1823}
I/        (  245): [BWC INFO](245): get_bwc_mm_property success
I/SurfaceView( 4328): updateWindow -- OnPreDrawListener, mHaveFrame = false, this = android.opengl.GLSurfaceView{431616b0 V.E..... ......I. 0,0-0,0}
I/SurfaceView( 4328): updateWindow -- OnPreDrawListener, mHaveFrame = true, this = tv.danmaku.ijk.media.sample.widget.media.SurfaceRenderView{431c0d40 V.E..... ........ 0,-97-1080,1823}
V/AudioTrackShared(  251): mAvailToClient=128 stepCount=896 minimum=1024
I/        (  245): [BWC INFO](245): get_bwc_mm_property success
I/SurfaceView( 4328): updateWindow -- OnPreDrawListener, mHaveFrame = false, this = android.opengl.GLSurfaceView{431616b0 V.E..... ......I. 0,0-0,0}
I/SurfaceView( 4328): updateWindow -- OnPreDrawListener, mHaveFrame = true, this = tv.danmaku.ijk.media.sample.widget.media.SurfaceRenderView{431c0d40 V.E..... ........ 0,-97-1080,1823}
V/AudioTrackShared(  251): mAvailToClient=0 stepCount=1024 minimum=1024
I/        (  245): [BWC INFO](245): get_bwc_mm_property success
I/SurfaceView( 4328): updateWindow -- OnPreDrawListener, mHaveFrame = false, this = android.opengl.GLSurfaceView{431616b0 V.E..... ......I. 0,0-0,0}
I/SurfaceView( 4328): updateWindow -- OnPreDrawListener, mHaveFrame = true, this = tv.danmaku.ijk.media.sample.widget.media.SurfaceRenderView{431c0d40 V.E..... ........ 0,-97-1080,1823}
V/AudioTrackShared(  251): mAvailToClient=128 stepCount=896 minimum=1024
I/        (  245): [BWC INFO](245): get_bwc_mm_property success
I/SurfaceView( 4328): updateWindow -- OnPreDrawListener, mHaveFrame = false, this = android.opengl.GLSurfaceView{431616b0 V.E..... ......I. 0,0-0,0}
I/SurfaceView( 4328): updateWindow -- OnPreDrawListener, mHaveFrame = true, this = tv.danmaku.ijk.media.sample.widget.media.SurfaceRenderView{431c0d40 V.E..... ........ 0,-97-1080,1823}
I/        (  245): [BWC INFO](245): get_bwc_mm_property success
I/SurfaceView( 4328): updateWindow -- OnPreDrawListener, mHaveFrame = false, this = android.opengl.GLSurfaceView{431616b0 V.E..... ......I. 0,0-0,0}
I/SurfaceView( 4328): updateWindow -- OnPreDrawListener, mHaveFrame = true, this = tv.danmaku.ijk.media.sample.widget.media.SurfaceRenderView{431c0d40 V.E..... ........ 0,-97-1080,1823}
V/AudioTrackShared(  251): mAvailToClient=0 stepCount=1024 minimum=1024
I/        (  245): [BWC INFO](245): get_bwc_mm_property success
I/SurfaceView( 4328): updateWindow -- OnPreDrawListener, mHaveFrame = false, this = android.opengl.GLSurfaceView{431616b0 V.E..... ......I. 0,0-0,0}
I/SurfaceView( 4328): updateWindow -- OnPreDrawListener, mHaveFrame = true, this = tv.danmaku.ijk.media.sample.widget.media.SurfaceRenderView{431c0d40 V.E..... ........ 0,-97-1080,1823}
V/AudioTrackShared(  251): mAvailToClient=128 stepCount=896 minimum=1024
I/        (  245): [BWC INFO](245): get_bwc_mm_property success
I/SurfaceView( 4328): updateWindow -- OnPreDrawListener, mHaveFrame = false, this = android.opengl.GLSurfaceView{431616b0 V.E..... ......I. 0,0-0,0}
I/SurfaceView( 4328): updateWindow -- OnPreDrawListener, mHaveFrame = true, this = tv.danmaku.ijk.media.sample.widget.media.SurfaceRenderView{431c0d40 V.E..... ........ 0,-97-1080,1823}
I/        (  245): [BWC INFO](245): get_bwc_mm_property success
V/AudioTrackShared(  251): mAvailToClient=0 stepCount=1024 minimum=1024
I/SurfaceView( 4328): updateWindow -- OnPreDrawListener, mHaveFrame = false, this = android.opengl.GLSurfaceView{431616b0 V.E..... ......I. 0,0-0,0}
I/SurfaceView( 4328): updateWindow -- OnPreDrawListener, mHaveFrame = true, this = tv.danmaku.ijk.media.sample.widget.media.SurfaceRenderView{431c0d40 V.E..... ........ 0,-97-1080,1823}
I/        (  245): [BWC INFO](245): get_bwc_mm_property success
I/SurfaceView( 4328): updateWindow -- OnPreDrawListener, mHaveFrame = false, this = android.opengl.GLSurfaceView{431616b0 V.E..... ......I. 0,0-0,0}
I/SurfaceView( 4328): updateWindow -- OnPreDrawListener, mHaveFrame = true, this = tv.danmaku.ijk.media.sample.widget.media.SurfaceRenderView{431c0d40 V.E..... ........ 0,-97-1080,1823}
V/AudioTrackShared(  251): mAvailToClient=128 stepCount=896 minimum=1024
I/        (  245): [BWC INFO](245): get_bwc_mm_property success
I/SurfaceView( 4328): updateWindow -- OnPreDrawListener, mHaveFrame = false, this = android.opengl.GLSurfaceView{431616b0 V.E..... ......I. 0,0-0,0}
I/SurfaceView( 4328): updateWindow -- OnPreDrawListener, mHaveFrame = true, this = tv.danmaku.ijk.media.sample.widget.media.SurfaceRenderView{431c0d40 V.E..... ........ 0,-97-1080,1823}
D/AudioTrack( 4328): mPausedNs is 1000000000
V/AudioTrackShared(  251): mAvailToClient=0 stepCount=1024 minimum=1024
I/        (  245): [BWC INFO](245): get_bwc_mm_property success
I/SurfaceView( 4328): updateWindow -- OnPreDrawListener, mHaveFrame = false, this = android.opengl.GLSurfaceView{431616b0 V.E..... ......I. 0,0-0,0}
I/SurfaceView( 4328): updateWindow -- OnPreDrawListener, mHaveFrame = true, this = tv.danmaku.ijk.media.sample.widget.media.SurfaceRenderView{431c0d40 V.E..... ........ 0,-97-1080,1823}
I/        (  245): [BWC INFO](245): get_bwc_mm_property success
I/SurfaceView( 4328): updateWindow -- OnPreDrawListener, mHaveFrame = false, this = android.opengl.GLSurfaceView{431616b0 V.E..... ......I. 0,0-0,0}
I/SurfaceView( 4328): updateWindow -- OnPreDrawListener, mHaveFrame = true, this = tv.danmaku.ijk.media.sample.widget.media.SurfaceRenderView{431c0d40 V.E..... ........ 0,-97-1080,1823}
V/AudioTrackShared(  251): mAvailToClient=128 stepCount=896 minimum=1024
I/        (  245): [BWC INFO](245): get_bwc_mm_property success
I/SurfaceView( 4328): updateWindow -- OnPreDrawListener, mHaveFrame = false, this = android.opengl.GLSurfaceView{431616b0 V.E..... ......I. 0,0-0,0}
I/SurfaceView( 4328): updateWindow -- OnPreDrawListener, mHaveFrame = true, this = tv.danmaku.ijk.media.sample.widget.media.SurfaceRenderView{431c0d40 V.E..... ........ 0,-97-1080,1823}
V/AudioTrackShared(  251): mAvailToClient=0 stepCount=1024 minimum=1024
I/        (  245): [BWC INFO](245): get_bwc_mm_property success
I/SurfaceView( 4328): updateWindow -- OnPreDrawListener, mHaveFrame = false, this = android.opengl.GLSurfaceView{431616b0 V.E..... ......I. 0,0-0,0}
I/SurfaceView( 4328): updateWindow -- OnPreDrawListener, mHaveFrame = true, this = tv.danmaku.ijk.media.sample.widget.media.SurfaceRenderView{431c0d40 V.E..... ........ 0,-97-1080,1823}
I/        (  245): [BWC INFO](245): get_bwc_mm_property success
V/AudioTrackShared(  251): mAvailToClient=128 stepCount=896 minimum=1024
I/SurfaceView( 4328): updateWindow -- OnPreDrawListener, mHaveFrame = false, this = android.opengl.GLSurfaceView{431616b0 V.E..... ......I. 0,0-0,0}
I/SurfaceView( 4328): updateWindow -- OnPreDrawListener, mHaveFrame = true, this = tv.danmaku.ijk.media.sample.widget.media.SurfaceRenderView{431c0d40 V.E..... ........ 0,-97-1080,1823}
I/        (  245): [BWC INFO](245): get_bwc_mm_property success
I/SurfaceView( 4328): updateWindow -- OnPreDrawListener, mHaveFrame = false, this = android.opengl.GLSurfaceView{431616b0 V.E..... ......I. 0,0-0,0}
I/SurfaceView( 4328): updateWindow -- OnPreDrawListener, mHaveFrame = true, this = tv.danmaku.ijk.media.sample.widget.media.SurfaceRenderView{431c0d40 V.E..... ........ 0,-97-1080,1823}
V/AudioTrackShared(  251): mAvailToClient=0 stepCount=1024 minimum=1024
I/        (  245): [BWC INFO](245): get_bwc_mm_property success
I/SurfaceView( 4328): updateWindow -- OnPreDrawListener, mHaveFrame = false, this = android.opengl.GLSurfaceView{431616b0 V.E..... ......I. 0,0-0,0}
I/SurfaceView( 4328): updateWindow -- OnPreDrawListener, mHaveFrame = true, this = tv.danmaku.ijk.media.sample.widget.media.SurfaceRenderView{431c0d40 V.E..... ........ 0,-97-1080,1823}
V/AudioTrackShared(  251): mAvailToClient=128 stepCount=896 minimum=1024
I/        (  245): [BWC INFO](245): get_bwc_mm_property success
I/SurfaceView( 4328): updateWindow -- OnPreDrawListener, mHaveFrame = false, this = android.opengl.GLSurfaceView{431616b0 V.E..... ......I. 0,0-0,0}
I/SurfaceView( 4328): updateWindow -- OnPreDrawListener, mHaveFrame = true, this = tv.danmaku.ijk.media.sample.widget.media.SurfaceRenderView{431c0d40 V.E..... ........ 0,-97-1080,1823}
I/        (  245): [BWC INFO](245): get_bwc_mm_property success
I/SurfaceView( 4328): updateWindow -- OnPreDrawListener, mHaveFrame = false, this = android.opengl.GLSurfaceView{431616b0 V.E..... ......I. 0,0-0,0}
I/SurfaceView( 4328): updateWindow -- OnPreDrawListener, mHaveFrame = true, this = tv.danmaku.ijk.media.sample.widget.media.SurfaceRenderView{431c0d40 V.E..... ........ 0,-97-1080,1823}
V/AudioTrackShared(  251): mAvailToClient=0 stepCount=1024 minimum=1024
I/        (  245): [BWC INFO](245): get_bwc_mm_property success
I/SurfaceFlinger(  245): [Built-in Screen (type:0)] fps:58.578224,dur:1007.20,max:33.32,min:12.89
I/SurfaceView( 4328): updateWindow -- OnPreDrawListener, mHaveFrame = false, this = android.opengl.GLSurfaceView{431616b0 V.E..... ......I. 0,0-0,0}
I/SurfaceView( 4328): updateWindow -- OnPreDrawListener, mHaveFrame = true, this = tv.danmaku.ijk.media.sample.widget.media.SurfaceRenderView{431c0d40 V.E..... ........ 0,-97-1080,1823}
V/AudioTrackShared(  251): mAvailToClient=128 stepCount=896 minimum=1024
I/        (  245): [BWC INFO](245): get_bwc_mm_property success
I/SurfaceView( 4328): updateWindow -- OnPreDrawListener, mHaveFrame = false, this = android.opengl.GLSurfaceView{431616b0 V.E..... ......I. 0,0-0,0}
I/SurfaceView( 4328): updateWindow -- OnPreDrawListener, mHaveFrame = true, this = tv.danmaku.ijk.media.sample.widget.media.SurfaceRenderView{431c0d40 V.E..... ........ 0,-97-1080,1823}
V/AudioTrackShared(  251): mAvailToClient=0 stepCount=1024 minimum=1024
I/        (  245): [BWC INFO](245): get_bwc_mm_property success
I/SurfaceView( 4328): updateWindow -- OnPreDrawListener, mHaveFrame = false, this = android.opengl.GLSurfaceView{431616b0 V.E..... ......I. 0,0-0,0}
I/SurfaceView( 4328): updateWindow -- OnPreDrawListener, mHaveFrame = true, this = tv.danmaku.ijk.media.sample.widget.media.SurfaceRenderView{431c0d40 V.E..... ........ 0,-97-1080,1823}
I/        (  245): [BWC INFO](245): get_bwc_mm_property success
I/SurfaceView( 4328): updateWindow -- OnPreDrawListener, mHaveFrame = false, this = android.opengl.GLSurfaceView{431616b0 V.E..... ......I. 0,0-0,0}
I/SurfaceView( 4328): updateWindow -- OnPreDrawListener, mHaveFrame = true, this = tv.danmaku.ijk.media.sample.widget.media.SurfaceRenderView{431c0d40 V.E..... ........ 0,-97-1080,1823}
V/AudioTrackShared(  251): mAvailToClient=128 stepCount=896 minimum=1024
I/        (  245): [BWC INFO](245): get_bwc_mm_property success
I/SurfaceView( 4328): updateWindow -- OnPreDrawListener, mHaveFrame = false, this = android.opengl.GLSurfaceView{431616b0 V.E..... ......I. 0,0-0,0}
I/SurfaceView( 4328): updateWindow -- OnPreDrawListener, mHaveFrame = true, this = tv.danmaku.ijk.media.sample.widget.media.SurfaceRenderView{431c0d40 V.E..... ........ 0,-97-1080,1823}
V/AudioTrackShared(  251): mAvailToClient=0 stepCount=1024 minimum=1024
I/        (  245): [BWC INFO](245): get_bwc_mm_property success
I/SurfaceView( 4328): updateWindow -- OnPreDrawListener, mHaveFrame = false, this = android.opengl.GLSurfaceView{431616b0 V.E..... ......I. 0,0-0,0}
I/SurfaceView( 4328): updateWindow -- OnPreDrawListener, mHaveFrame = true, this = tv.danmaku.ijk.media.sample.widget.media.SurfaceRenderView{431c0d40 V.E..... ........ 0,-97-1080,1823}
I/        (  245): [BWC INFO](245): get_bwc_mm_property success
V/AudioTrackShared(  251): mAvailToClient=128 stepCount=896 minimum=1024
I/SurfaceView( 4328): updateWindow -- OnPreDrawListener, mHaveFrame = false, this = android.opengl.GLSurfaceView{431616b0 V.E..... ......I. 0,0-0,0}
I/SurfaceView( 4328): updateWindow -- OnPreDrawListener, mHaveFrame = true, this = tv.danmaku.ijk.media.sample.widget.media.SurfaceRenderView{431c0d40 V.E..... ........ 0,-97-1080,1823}
I/        (  245): [BWC INFO](245): get_bwc_mm_property success
I/SurfaceView( 4328): updateWindow -- OnPreDrawListener, mHaveFrame = false, this = android.opengl.GLSurfaceView{431616b0 V.E..... ......I. 0,0-0,0}
I/SurfaceView( 4328): updateWindow -- OnPreDrawListener, mHaveFrame = true, this = tv.danmaku.ijk.media.sample.widget.media.SurfaceRenderView{431c0d40 V.E..... ........ 0,-97-1080,1823}
V/AudioTrackShared(  251): mAvailToClient=0 stepCount=1024 minimum=1024
I/        (  245): [BWC INFO](245): get_bwc_mm_property success
I/SurfaceView( 4328): updateWindow -- OnPreDrawListener, mHaveFrame = false, this = android.opengl.GLSurfaceView{431616b0 V.E..... ......I. 0,0-0,0}
I/SurfaceView( 4328): updateWindow -- OnPreDrawListener, mHaveFrame = true, this = tv.danmaku.ijk.media.sample.widget.media.SurfaceRenderView{431c0d40 V.E..... ........ 0,-97-1080,1823}
V/AudioTrackShared(  251): mAvailToClient=128 stepCount=896 minimum=1024
I/        (  245): [BWC INFO](245): get_bwc_mm_property success
I/SurfaceView( 4328): updateWindow -- OnPreDrawListener, mHaveFrame = false, this = android.opengl.GLSurfaceView{431616b0 V.E..... ......I. 0,0-0,0}
I/SurfaceView( 4328): updateWindow -- OnPreDrawListener, mHaveFrame = true, this = tv.danmaku.ijk.media.sample.widget.media.SurfaceRenderView{431c0d40 V.E..... ........ 0,-97-1080,1823}
I/        (  245): [BWC INFO](245): get_bwc_mm_property success
I/SurfaceView( 4328): updateWindow -- OnPreDrawListener, mHaveFrame = false, this = android.opengl.GLSurfaceView{431616b0 V.E..... ......I. 0,0-0,0}
I/SurfaceView( 4328): updateWindow -- OnPreDrawListener, mHaveFrame = true, this = tv.danmaku.ijk.media.sample.widget.media.SurfaceRenderView{431c0d40 V.E..... ........ 0,-97-1080,1823}
V/AudioTrackShared(  251): mAvailToClient=0 stepCount=1024 minimum=1024
I/        (  245): [BWC INFO](245): get_bwc_mm_property success
I/SurfaceView( 4328): updateWindow -- OnPreDrawListener, mHaveFrame = false, this = android.opengl.GLSurfaceView{431616b0 V.E..... ......I. 0,0-0,0}
I/SurfaceView( 4328): updateWindow -- OnPreDrawListener, mHaveFrame = true, this = tv.danmaku.ijk.media.sample.widget.media.SurfaceRenderView{431c0d40 V.E..... ........ 0,-97-1080,1823}
V/AudioTrackShared(  251): mAvailToClient=128 stepCount=896 minimum=1024
I/        (  245): [BWC INFO](245): get_bwc_mm_property success
I/SurfaceView( 4328): updateWindow -- OnPreDrawListener, mHaveFrame = false, this = android.opengl.GLSurfaceView{431616b0 V.E..... ......I. 0,0-0,0}
I/SurfaceView( 4328): updateWindow -- OnPreDrawListener, mHaveFrame = true, this = tv.danmaku.ijk.media.sample.widget.media.SurfaceRenderView{431c0d40 V.E..... ........ 0,-97-1080,1823}
I/Process (  795): get_ion_cache_memory totalNum:51879936
I/Process (  795): mm_heap_freelist total_size=0x0
I/Process (  795): ----------------------------------------------------
I/Process (  795):   
I/Process (  795): get_ion_cache_memory ionCacheTotalInByte:51879936
I/        (  245): [BWC INFO](245): get_bwc_mm_property success
V/AudioTrackShared(  251): mAvailToClient=0 stepCount=1024 minimum=1024
I/SurfaceView( 4328): updateWindow -- OnPreDrawListener, mHaveFrame = false, this = android.opengl.GLSurfaceView{431616b0 V.E..... ......I. 0,0-0,0}
I/SurfaceView( 4328): updateWindow -- OnPreDrawListener, mHaveFrame = true, this = tv.danmaku.ijk.media.sample.widget.media.SurfaceRenderView{431c0d40 V.E..... ........ 0,-97-1080,1823}
I/        (  245): [BWC INFO](245): get_bwc_mm_property success
I/SurfaceView( 4328): updateWindow -- OnPreDrawListener, mHaveFrame = false, this = android.opengl.GLSurfaceView{431616b0 V.E..... ......I. 0,0-0,0}
I/SurfaceView( 4328): updateWindow -- OnPreDrawListener, mHaveFrame = true, this = tv.danmaku.ijk.media.sample.widget.media.SurfaceRenderView{431c0d40 V.E..... ........ 0,-97-1080,1823}
V/AudioTrackShared(  251): mAvailToClient=128 stepCount=896 minimum=1024
I/        (  245): [BWC INFO](245): get_bwc_mm_property success
I/SurfaceView( 4328): updateWindow -- OnPreDrawListener, mHaveFrame = false, this = android.opengl.GLSurfaceView{431616b0 V.E..... ......I. 0,0-0,0}
I/SurfaceView( 4328): updateWindow -- OnPreDrawListener, mHaveFrame = true, this = tv.danmaku.ijk.media.sample.widget.media.SurfaceRenderView{431c0d40 V.E..... ........ 0,-97-1080,1823}
V/AudioTrackShared(  251): mAvailToClient=0 stepCount=1024 minimum=1024
I/        (  245): [BWC INFO](245): get_bwc_mm_property success
I/SurfaceView( 4328): updateWindow -- OnPreDrawListener, mHaveFrame = false, this = android.opengl.GLSurfaceView{431616b0 V.E..... ......I. 0,0-0,0}
I/SurfaceView( 4328): updateWindow -- OnPreDrawListener, mHaveFrame = true, this = tv.danmaku.ijk.media.sample.widget.media.SurfaceRenderView{431c0d40 V.E..... ........ 0,-97-1080,1823}
