D/ActivityThread( 4328): ACT-AM_ON_RESUME_CALLED ActivityRecord{43580820 token=android.os.BinderProxy@43015b20 {com.ccvideo/com.yizhibo.video.activity.PlayerActivity}}
V/ActivityThread( 4328): Resume ActivityRecord{43580820 token=android.os.BinderProxy@43015b20 {com.ccvideo/com.yizhibo.video.activity.PlayerActivity}} started activity: false, hideForNow: false, finished: false
V/ActivityThread( 4328): Resuming ActivityRecord{43580820 token=android.os.BinderProxy@43015b20 {com.ccvideo/com.yizhibo.video.activity.PlayerActivity}} with isForward=true
D/ActivityThread( 1099): BDC-RECEIVER handled : 0 / ReceiverData{intent=Intent { act=android.intent.action.OPPO_ROM_APP_CHANGE flg=0x10 cmp=com.color.safecenter/com.color.datamonitor.networkcontrol.PackageReceiver (has extras) } packageName=com.color.safecenter resultCode=0 resultData=null resultExtras=null}
V/ActivityThread( 4328): Scheduling idle handler for ActivityRecord{43580820 token=android.os.BinderProxy@43015b20 {com.ccvideo/com.yizhibo.video.activity.PlayerActivity}}
D/ActivityThread( 4328): ACT-RESUME_ACTIVITY handled : 1 / android.os.BinderProxy@43015b20
V/ActivityManager(  795): Broadcast: Intent { act=android.intent.action.HOME_MODE_CHANGE flg=0x10 (has extras) } ordered=false userid=-2 callerApp=ProcessRecord{42ae4570 795:system/1000}
V/WindowManager(  795): Changing focus from null to Window{429e4440 u0 com.ccvideo/com.yizhibo.video.activity.PlayerActivity} Callers=com.android.server.wm.WindowManagerService.relayoutWindow:3728 com.android.server.wm.Session.relayout:191 android.view.IWindowSession$Stub.onTransact:235 com.android.server.wm.Session.onTransact:126 
I/WindowManager(  795): handleNotObscuredLocked: w=Window{429e4440 u0 com.ccvideo/com.yizhibo.video.activity.PlayerActivity}
I/WindowManager(  795): setHoldScreenLocked: hold=true
I/WindowManager(  795): setHoldScreenLocked: hold=true, pid=4328, uid=10532
I/WindowManager(  795): Gaining focus: Window{429e4440 u0 com.ccvideo/com.yizhibo.video.activity.PlayerActivity}
D/ConnectivityService(  795): getActiveNetworkInfo:NetworkInfo: type: WIFI[], state: CONNECTED/CONNECTED, reason: (unspecified), extra: "yizhibo", roaming: false, failover: false, isAvailable: true, isConnectedToProvisioningNetwork: false, simId: 0/10532
D/ActivityThread( 3029): SVC-SERVICE_ARGS handled : 0 / ServiceArgsData{token=android.os.BinderProxy@4279f878 startId=31 args=Intent { cmp=com.qihoo.appstore/com.morgoo.droidplugin.stub.ServiceStub$StubP01$P00 (has extras) }}
V/ActivityManager(  795): Broadcast: Intent { act=action_speed_change flg=0x10 pkg=com.qihoo.appstore (has extras) } ordered=false userid=0 callerApp=ProcessRecord{42dced10 2214:com.qihoo.appstore:PluginP00/u0a92}
D/ActivityThread( 2214): SVC-SERVICE_ARGS handled : 0 / ServiceArgsData{token=android.os.BinderProxy@427a1fe0 startId=10 args=Intent { cmp=com.qihoo.appstore/com.morgoo.droidplugin.stub.ServiceStub$StubP00$P00 (has extras) }}
V/InputMethodManagerService(  795): windowGainedFocus: android.os.BinderProxy@4290f570 controlFlags=#105 softInputMode=#122 windowFlags=#1c10180
V/ActivityManager(  795): ACT-Activity idle: Token{428d2048 ActivityRecord{428d3598 u0 com.ccvideo/com.yizhibo.video.activity.PlayerActivity t6}}
V/ActivityManager(  795): ensureActivitiesVisibleLocked: consider front
V/ActivityManager(  795): ensureActivitiesVisibleLocked: consider back
D/ActivityManager(  795): ACT-IDLE_NOW_MSG from windowsVisible() for idle: ActivityRecord{428d3598 u0 com.ccvideo/com.yizhibo.video.activity.PlayerActivity t6}
V/ActivityManager(  795): ACT-Activity idle: null
V/ActivityManager(  795): ensureActivitiesVisibleLocked: consider front
V/ActivityManager(  795): ensureActivitiesVisibleLocked: consider back
V/ActivityThread( 1163): Finishing stop of ActivityRecord{427a86e0 token=android.os.BinderProxy@427a7e88 {com.oppo.launcher/com.oppo.launcher.Launcher}}: show=false win=com.android.internal.policy.impl.OppoPhoneWindow@428d78f8
D/ActivityThread( 1163): ACT-STOP_ACTIVITY_HIDE handled : 0 / android.os.BinderProxy@427a7e88
V/NetworkStats(  795): setKernelCounterSet uid=10041 set=0
D/ConnectivityService(  795): onUidRulesChanged(uid=10041, uidRules=0)
D/ConnectivityService(  795): getActiveNetworkInfo:NetworkInfo: type: WIFI[], state: CONNECTED/CONNECTED, reason: (unspecified), extra: "yizhibo", roaming: false, failover: false, isAvailable: true, isConnectedToProvisioningNetwork: false, simId: 0/1000
D/SocketClient(  243): SocketClient msg = limit alert globalAlert wlan0
D/SocketClient(  243): SocketClient sendDatalocked done: 601 limit alert globalAlert wlan0
D/NetdConnector(  795): RCV <- {601 limit alert globalAlert wlan0}
D/NetworkManagementService(  795): onEvent:601 limit alert globalAlert wlan0:5
V/NetworkStats(  795): performPollLocked(flags=0x3)
D/NetdConnector(  795): SND -> {57 bandwidth gettetherstats}
I/FrameworkListener(  243): onDataAvailable get 28 bytes 
D/SocketClient(  243): SocketClient msg = Tethering stats list completed
D/SocketClient(  243): SocketClient sendDatalocked done: 200 57 Tethering stats list completed
D/NetdConnector(  795): RCV <- {200 57 Tethering stats list completed}
D/NetdConnector(  795): RMV <- {200 57 Tethering stats list completed}
D/NetworkStatsRecorder(  795): recordSnapshotLocked.dev:snapshot size:3
W/NetworkStatsRecorder(  795): unknown interfaces [lo, p2p0], ignoring those stats
D/NetworkStatsRecorder(  795): recordSnapshotLocked.xt:snapshot size:3
W/NetworkStatsRecorder(  795): unknown interfaces [lo, p2p0], ignoring those stats
D/NetworkStatsRecorder(  795): recordSnapshotLocked.uid:snapshot size:36
W/NetworkStatsRecorder(  795): unknown interfaces [lo, p2p0], ignoring those stats
D/NetworkStatsRecorder(  795): recordSnapshotLocked.uid_tag:snapshot size:36
W/NetworkStatsRecorder(  795): unknown interfaces [lo, p2p0], ignoring those stats
D/NetworkStatsRecorder(  795): forcePersistLocked() writing for dev
D/NetworkStatsRecorder(  795): forcePersistLocked() writing for xt
D/NetworkStatsRecorder(  795): forcePersistLocked() writing for uid
D/ConnectivityService(  795): getActiveNetworkInfo:NetworkInfo: type: WIFI[], state: CONNECTED/CONNECTED, reason: (unspecified), extra: "yizhibo", roaming: false, failover: false, isAvailable: true, isConnectedToProvisioningNetwork: false, simId: 0/10532
V/NetworkStats(  795): performPollLocked() took 138ms
V/ActivityManager(  795): Broadcast: Intent { act=com.android.server.action.NETWORK_STATS_UPDATED flg=0x40000010 } ordered=false userid=-1 callerApp=ProcessRecord{42ae4570 795:system/1000}
V/NetworkPolicy(  795): ensureActiveMobilePolicyLocked()
D/NetdConnector(  795): SND -> {58 bandwidth setglobalalert 2097152}
I/FrameworkListener(  243): onDataAvailable get 36 bytes 
D/SocketClient(  243): SocketClient msg = Bandwidth command succeeeded
D/SocketClient(  243): SocketClient sendDatalocked done: 200 58 Bandwidth command succeeeded
V/NetworkPolicy(  795): updateNetworkEnabledLocked()
D/NetdConnector(  795): RCV <- {200 58 Bandwidth command succeeeded}
V/NetworkPolicy(  795):  checking policy:NetworkPolicy[NetworkTemplate: matchRule=WIFI, networkId="菅猛的小米手机"]: cycleDay=-1, cycleTimezone=UTC, warningBytes=-1, limitBytes=-1, lastWarningSnooze=-1, lastLimitSnooze=-1, metered=true, inferred=true, active=true
V/NetworkPolicy(  795):  checking policy:NetworkPolicy[NetworkTemplate: matchRule=MOBILE_ALL, subscriberId=460110...]: cycleDay=1, cycleTimezone=Asia/Shanghai, warningBytes=-1, limitBytes=-1, lastWarningSnooze=-1, lastLimitSnooze=-1, metered=true, inferred=false, active=false
V/NetworkPolicy(  795):  ignore this policy
D/NetdConnector(  795): RMV <- {200 58 Bandwidth command succeeeded}
V/NetworkPolicy(  795):  checking policy:NetworkPolicy[NetworkTemplate: matchRule=MOBILE_ALL]: cycleDay=1, cycleTimezone=Asia/Shanghai, warningBytes=-1, limitBytes=-1, lastWarningSnooze=-1, lastLimitSnooze=-1, metered=true, inferred=false, active=false
V/NetworkPolicy(  795):  ignore this policy
V/NetworkPolicy(  795):  checking policy:NetworkPolicy[NetworkTemplate: matchRule=MOBILE_ALL, subscriberId=460110...]: cycleDay=18, cycleTimezone=Asia/Shanghai, warningBytes=2147483648, limitBytes=-1, lastWarningSnooze=-1, lastLimitSnooze=-1, metered=true, inferred=true, active=false
V/NetworkPolicy(  795):  ignore this policy
V/NetworkPolicy(  795): updateNotificationsLocked()
V/ActivityManager(  795): Broadcast sticky: Intent { act=android.intent.action.ADDITIONAL_BATTERY_CHANGED flg=0x60000010 (has extras) } ordered=false userid=-1 callerApp=null
V/ActivityManager(  795): Broadcast sticky: Intent { act=android.intent.action.BATTERY_CHANGED flg=0x60000010 (has extras) } ordered=false userid=-1 callerApp=null
V/ActivityManager(  795): Broadcast sticky: Intent { act=android.intent.action.ADDITIONAL_BATTERY_CHANGED flg=0x60000010 (has extras) } ordered=false userid=-1 callerApp=null
V/ActivityManager(  795): Broadcast sticky: Intent { act=android.intent.action.ADDITIONAL_BATTERY_CHANGED flg=0x60000010 (has extras) } ordered=false userid=-1 callerApp=null
D/WifiService(  795): onReceive, action:android.intent.action.BATTERY_CHANGED
D/UsbDeviceManager(  795): onReceive - BATTERY_CHANGED - mPlugType: 2, mSettingUsbCharging: false, mConnected: true, mSettingUsbBicr: false
D/WifiController(  795): DeviceActiveState{ when=0 what=155652 arg1=2 target=com.android.internal.util.StateMachine$SmHandler target=Handler (com.android.internal.util.StateMachine$SmHandler) {427cef60} }
D/WifiController(  795): StaEnabledState{ when=0 what=155652 arg1=2 target=com.android.internal.util.StateMachine$SmHandler target=Handler (com.android.internal.util.StateMachine$SmHandler) {427cef60} }
D/WifiController(  795): DefaultState{ when=0 what=155652 arg1=2 target=com.android.internal.util.StateMachine$SmHandler target=Handler (com.android.internal.util.StateMachine$SmHandler) {427cef60} }
D/WifiController(  795): battery changed pluggedType: 2
D/SocketClient(  243): SocketClient msg = Iface linkstate wlan0 up
D/SocketClient(  243): SocketClient sendDatalocked done: 600 Iface linkstate wlan0 up
D/SocketClient(  243): SocketClient msg = Iface linkstate wlan0 up
D/SocketClient(  243): SocketClient sendDatalocked done: 600 Iface linkstate wlan0 up
D/NetdConnector(  795): RCV <- {600 Iface linkstate wlan0 up}
D/NetdConnector(  795): RCV <- {600 Iface linkstate wlan0 up}
D/NetworkManagementService(  795): onEvent:600 Iface linkstate wlan0 up:5
D/NetworkManagementService(  795): onEvent:600 Iface linkstate wlan0 up:5
V/ActivityManager(  795): Broadcast: Intent { act=android.net.wifi.SCAN_RESULTS flg=0x4000010 (has extras) } ordered=false userid=-1 callerApp=ProcessRecord{42ae4570 795:system/1000}
D/ActivityManager(  795): getContentProviderImpl: from caller=android.app.ApplicationThreadProxy@43ab5030 (pid=1434, userId=0) to get content provider com.qihoo360.apm.apmdatamanager.ApmDataProvider cpr=null
E/ActivityThread( 1434): Failed to find provider info for com.qihoo360.apm.apmdatamanager.ApmDataProvider
I/WifiNotificationController(  795): checkAndSetNotification, state:CONNECTED
D/ActivityManager(  795): getContentProviderImpl: from caller=android.app.ApplicationThreadProxy@43936a20 (pid=1434, userId=0) to get content provider com.qihoo360.apm.apmdatamanager.ApmDataProvider cpr=null
E/ActivityThread( 1434): Failed to find provider info for com.qihoo360.apm.apmdatamanager.ApmDataProvider
D/ActivityManager(  795): getContentProviderImpl: from caller=android.app.ApplicationThreadProxy@439b9190 (pid=1434, userId=0) to get content provider com.qihoo360.apm.apmdatamanager.ApmDataProvider cpr=null
E/ActivityThread( 1434): Failed to find provider info for com.qihoo360.apm.apmdatamanager.ApmDataProvider
D/ConnectivityService(  795): getActiveNetworkInfo:NetworkInfo: type: WIFI[], state: CONNECTED/CONNECTED, reason: (unspecified), extra: "yizhibo", roaming: false, failover: false, isAvailable: true, isConnectedToProvisioningNetwork: false, simId: 0/10532
D/ConnectivityService(  795): getActiveNetworkInfo:NetworkInfo: type: WIFI[], state: CONNECTED/CONNECTED, reason: (unspecified), extra: "yizhibo", roaming: false, failover: false, isAvailable: true, isConnectedToProvisioningNetwork: false, simId: 0/1000
I/ActivityManager(  795): Process com.mediatek.mtklogger (pid 5409) has died.
D/DisplayManagerService(  795): Display listener for pid 5409 died.
W/ContextImpl(  795): Calling a method in the system process without a qualified user: android.app.ContextImpl.sendBroadcast:1345 com.android.server.am.OppoExtraActivityManagerService.setKeyLockModeNormal:47 com.android.server.am.ActivityManagerService.appDiedLocked:4501 com.android.server.am.ActivityManagerService$AppDeathRecipient.binderDied:1118 android.os.BinderProxy.sendDeathNotice:496 
V/ActivityManager(  795): Broadcast: Intent { act=com.oppo.intent.action.KEY_LOCK_MODE flg=0x10 (has extras) } ordered=false userid=0 callerApp=ProcessRecord{42ae4570 795:system/1000}
D/ActivityManager(  795): cleanUpApplicationRecordLocked app:ProcessRecord{42f0c118 5409:com.mediatek.mtklogger/u0a47}, restarting:false, allowRestart:true, index:-1
D/ActivityManager(  795): cleanUpApplicationRecordLocked from:com.android.server.am.ActivityManagerService.handleAppDiedLocked:4289 com.android.server.am.ActivityManagerService.appDiedLocked:4513 com.android.server.am.ActivityManagerService$AppDeathRecipient.binderDied:1118 android.os.BinderProxy.sendDeathNotice:496 
D/ActivityThread( 5424): SVC-Destroying service: com.oppo.gesture.receiver.AsynTaskService@427d84a0
D/ActivityThread( 5424): SVC-STOP_SERVICE handled : 0 / android.os.BinderProxy@427c5ea8
W/ContextImpl( 5424): Calling a method in the system process without a qualified user: android.app.ContextImpl.stopService:1707 android.content.ContextWrapper.stopService:499 com.oppo.gesture.receiver.AsynTaskService.checkKillProcess:81 com.oppo.gesture.receiver.AsynTaskService.access$000:28 com.oppo.gesture.receiver.AsynTaskService$ServiceHandler.handleMessage:52 
D/ActivityThread( 5424): SVC-Destroying service: com.oppo.gesture.server.ScreenOffGestureService@427cd2d0
D/DisplayManagerService(  795): Display listener for pid 5424 died.
I/ActivityManager(  795): Process com.oppo.gesture (pid 5424) has died.
W/ContextImpl(  795): Calling a method in the system process without a qualified user: android.app.ContextImpl.sendBroadcast:1345 com.android.server.am.OppoExtraActivityManagerService.setKeyLockModeNormal:47 com.android.server.am.ActivityManagerService.appDiedLocked:4501 com.android.server.am.ActivityManagerService$AppDeathRecipient.binderDied:1118 android.os.BinderProxy.sendDeathNotice:496 
V/ActivityManager(  795): Broadcast: Intent { act=com.oppo.intent.action.KEY_LOCK_MODE flg=0x10 (has extras) } ordered=false userid=0 callerApp=ProcessRecord{42ae4570 795:system/1000}
D/ActivityManager(  795): cleanUpApplicationRecordLocked app:ProcessRecord{43aaed08 5424:com.oppo.gesture/1000}, restarting:false, allowRestart:true, index:-1
D/ActivityManager(  795): cleanUpApplicationRecordLocked from:com.android.server.am.ActivityManagerService.handleAppDiedLocked:4289 com.android.server.am.ActivityManagerService.appDiedLocked:4513 com.android.server.am.ActivityManagerService$AppDeathRecipient.binderDied:1118 android.os.BinderProxy.sendDeathNotice:496 
D/ConnectivityService(  795): getActiveNetworkInfo:NetworkInfo: type: WIFI[], state: CONNECTED/CONNECTED, reason: (unspecified), extra: "yizhibo", roaming: false, failover: false, isAvailable: true, isConnectedToProvisioningNetwork: false, simId: 0/10532
V/ActivityManager(  795): Broadcast: Intent { act=BROADCAST_ACTION_OPEN_APP_DATA flg=0x10 pkg=com.qihoo.appstore (has extras) } ordered=false userid=0 callerApp=ProcessRecord{42afb518 1434:com.qihoo.daemon/u0a92}
V/ActivityManager(  795): Broadcast: Intent { act=BROADCAST_ACTION_OPEN_APP_CHANGED flg=0x10 pkg=com.qihoo.appstore (has extras) } ordered=false userid=0 callerApp=ProcessRecord{42afb518 1434:com.qihoo.daemon/u0a92}
D/ConnectivityService(  795): getActiveNetworkInfo:NetworkInfo: type: WIFI[], state: CONNECTED/CONNECTED, reason: (unspecified), extra: "yizhibo", roaming: false, failover: false, isAvailable: true, isConnectedToProvisioningNetwork: false, simId: 0/10532
V/ActivityManager(  795): Broadcast sticky: Intent { act=android.intent.action.ADDITIONAL_BATTERY_CHANGED flg=0x60000010 (has extras) } ordered=false userid=-1 callerApp=null
V/ActivityManager(  795): Broadcast sticky: Intent { act=android.intent.action.BATTERY_CHANGED flg=0x60000010 (has extras) } ordered=false userid=-1 callerApp=null
V/ActivityManager(  795): Broadcast sticky: Intent { act=android.intent.action.ADDITIONAL_BATTERY_CHANGED flg=0x60000010 (has extras) } ordered=false userid=-1 callerApp=null
D/WifiService(  795): onReceive, action:android.intent.action.BATTERY_CHANGED
D/UsbDeviceManager(  795): onReceive - BATTERY_CHANGED - mPlugType: 2, mSettingUsbCharging: false, mConnected: true, mSettingUsbBicr: false
V/ActivityManager(  795): Broadcast sticky: Intent { act=android.intent.action.ADDITIONAL_BATTERY_CHANGED flg=0x60000010 (has extras) } ordered=false userid=-1 callerApp=null
D/WifiController(  795): DeviceActiveState{ when=-4ms what=155652 arg1=2 target=com.android.internal.util.StateMachine$SmHandler target=Handler (com.android.internal.util.StateMachine$SmHandler) {427cef60} }
D/WifiController(  795): StaEnabledState{ when=-22ms what=155652 arg1=2 target=com.android.internal.util.StateMachine$SmHandler target=Handler (com.android.internal.util.StateMachine$SmHandler) {427cef60} }
D/WifiController(  795): DefaultState{ when=-22ms what=155652 arg1=2 target=com.android.internal.util.StateMachine$SmHandler target=Handler (com.android.internal.util.StateMachine$SmHandler) {427cef60} }
D/WifiController(  795): battery changed pluggedType: 2
V/ActivityManager(  795): Broadcast sticky: Intent { act=android.intent.action.SIG_STR flg=0x10 (has extras) } ordered=false userid=-1 callerApp=ProcessRecord{42ae4570 795:system/1000}
D/ConnectivityService(  795): getMobileDataEnabled returning false
D/ConnectivityService(  795): getActiveNetworkInfo:NetworkInfo: type: WIFI[], state: CONNECTED/CONNECTED, reason: (unspecified), extra: "yizhibo", roaming: false, failover: false, isAvailable: true, isConnectedToProvisioningNetwork: false, simId: 0/1000
D/ConnectivityService(  795): getActiveNetworkInfo:NetworkInfo: type: WIFI[], state: CONNECTED/CONNECTED, reason: (unspecified), extra: "yizhibo", roaming: false, failover: false, isAvailable: true, isConnectedToProvisioningNetwork: false, simId: 0/10532
D/ConnectivityService(  795): getActiveNetworkInfo:NetworkInfo: type: WIFI[], state: CONNECTED/CONNECTED, reason: (unspecified), extra: "yizhibo", roaming: false, failover: false, isAvailable: true, isConnectedToProvisioningNetwork: false, simId: 0/1000
D/ConnectivityService(  795): getActiveNetworkInfo:NetworkInfo: type: WIFI[], state: CONNECTED/CONNECTED, reason: (unspecified), extra: "yizhibo", roaming: false, failover: false, isAvailable: true, isConnectedToProvisioningNetwork: false, simId: 0/10532
V/ActivityManager(  795): Broadcast sticky: Intent { act=android.intent.action.ADDITIONAL_BATTERY_CHANGED flg=0x60000010 (has extras) } ordered=false userid=-1 callerApp=null
V/ActivityManager(  795): Broadcast sticky: Intent { act=android.intent.action.BATTERY_CHANGED flg=0x60000010 (has extras) } ordered=false userid=-1 callerApp=null
V/ActivityManager(  795): Broadcast sticky: Intent { act=android.intent.action.ADDITIONAL_BATTERY_CHANGED flg=0x60000010 (has extras) } ordered=false userid=-1 callerApp=null
D/WifiService(  795): onReceive, action:android.intent.action.BATTERY_CHANGED
D/UsbDeviceManager(  795): onReceive - BATTERY_CHANGED - mPlugType: 2, mSettingUsbCharging: false, mConnected: true, mSettingUsbBicr: false
D/WifiController(  795): DeviceActiveState{ when=-1ms what=155652 arg1=2 target=com.android.internal.util.StateMachine$SmHandler target=Handler (com.android.internal.util.StateMachine$SmHandler) {427cef60} }
D/WifiController(  795): StaEnabledState{ when=-1ms what=155652 arg1=2 target=com.android.internal.util.StateMachine$SmHandler target=Handler (com.android.internal.util.StateMachine$SmHandler) {427cef60} }
D/WifiController(  795): DefaultState{ when=-1ms what=155652 arg1=2 target=com.android.internal.util.StateMachine$SmHandler target=Handler (com.android.internal.util.StateMachine$SmHandler) {427cef60} }
D/WifiController(  795): battery changed pluggedType: 2
V/ActivityManager(  795): Broadcast sticky: Intent { act=android.intent.action.ADDITIONAL_BATTERY_CHANGED flg=0x60000010 (has extras) } ordered=false userid=-1 callerApp=null
D/ConnectivityService(  795): getActiveNetworkInfo:NetworkInfo: type: WIFI[], state: CONNECTED/CONNECTED, reason: (unspecified), extra: "yizhibo", roaming: false, failover: false, isAvailable: true, isConnectedToProvisioningNetwork: false, simId: 0/1000
D/ConnectivityService(  795): getActiveNetworkInfo:NetworkInfo: type: WIFI[], state: CONNECTED/CONNECTED, reason: (unspecified), extra: "yizhibo", roaming: false, failover: false, isAvailable: true, isConnectedToProvisioningNetwork: false, simId: 0/10532
I/ANRManager(  795): updateProcessStats
I/ANRManager(  795): CPU update time < 2.5sec
D/SocketClient(  243): SocketClient msg = Iface linkstate wlan0 up
D/SocketClient(  243): SocketClient sendDatalocked done: 600 Iface linkstate wlan0 up
D/SocketClient(  243): SocketClient msg = Iface linkstate wlan0 up
D/SocketClient(  243): SocketClient sendDatalocked done: 600 Iface linkstate wlan0 up
D/NetdConnector(  795): RCV <- {600 Iface linkstate wlan0 up}
D/NetdConnector(  795): RCV <- {600 Iface linkstate wlan0 up}
D/NetworkManagementService(  795): onEvent:600 Iface linkstate wlan0 up:5
D/NetworkManagementService(  795): onEvent:600 Iface linkstate wlan0 up:5
V/ActivityManager(  795): Broadcast: Intent { act=android.net.wifi.SCAN_RESULTS flg=0x4000010 (has extras) } ordered=false userid=-1 callerApp=ProcessRecord{42ae4570 795:system/1000}
I/WifiNotificationController(  795): checkAndSetNotification, state:CONNECTED
D/ActivityManager(  795): getContentProviderImpl: from caller=android.app.ApplicationThreadProxy@43990d30 (pid=1434, userId=0) to get content provider com.qihoo360.apm.apmdatamanager.ApmDataProvider cpr=null
E/ActivityThread( 1434): Failed to find provider info for com.qihoo360.apm.apmdatamanager.ApmDataProvider
D/ActivityManager(  795): getContentProviderImpl: from caller=android.app.ApplicationThreadProxy@43920a60 (pid=1434, userId=0) to get content provider com.qihoo360.apm.apmdatamanager.ApmDataProvider cpr=null
E/ActivityThread( 1434): Failed to find provider info for com.qihoo360.apm.apmdatamanager.ApmDataProvider
D/ActivityManager(  795): getContentProviderImpl: from caller=android.app.ApplicationThreadProxy@427f7b48 (pid=1434, userId=0) to get content provider com.qihoo360.apm.apmdatamanager.ApmDataProvider cpr=null
E/ActivityThread( 1434): Failed to find provider info for com.qihoo360.apm.apmdatamanager.ApmDataProvider
D/ConnectivityService(  795): getActiveNetworkInfo:NetworkInfo: type: WIFI[], state: CONNECTED/CONNECTED, reason: (unspecified), extra: "yizhibo", roaming: false, failover: false, isAvailable: true, isConnectedToProvisioningNetwork: false, simId: 0/10532
--------- beginning of /dev/log/main
I/SurfaceView( 4328): updateWindow -- OnPreDrawListener, mHaveFrame = true, this = tv.danmaku.ijk.media.sample.widget.media.SurfaceRenderView{431c0d40 V.E..... ........ 0,-97-1080,1823}
V/AudioTrackShared(  251): mAvailToClient=0 stepCount=1024 minimum=1024
I/        (  245): [BWC INFO](245): get_bwc_mm_property success
I/SurfaceView( 4328): updateWindow -- OnPreDrawListener, mHaveFrame = false, this = android.opengl.GLSurfaceView{431616b0 V.E..... ......I. 0,0-0,0}
I/SurfaceView( 4328): updateWindow -- OnPreDrawListener, mHaveFrame = true, this = tv.danmaku.ijk.media.sample.widget.media.SurfaceRenderView{431c0d40 V.E..... ........ 0,-97-1080,1823}
D/ConnectivityService(  795): getActiveNetworkInfo:NetworkInfo: type: WIFI[], state: CONNECTED/CONNECTED, reason: (unspecified), extra: "yizhibo", roaming: false, failover: false, isAvailable: true, isConnectedToProvisioningNetwork: false, simId: 0/1000
V/Provider/Settings(  912): get setting for user 0 by user 0 so skipping cache
V/Provider/Settings(  912):  from settings cache , name = show_network_speed , value = 1
I/        (  245): [BWC INFO](245): get_bwc_mm_property success
V/AudioTrackShared(  251): mAvailToClient=128 stepCount=896 minimum=1024
I/SurfaceView( 4328): updateWindow -- OnPreDrawListener, mHaveFrame = false, this = android.opengl.GLSurfaceView{431616b0 V.E..... ......I. 0,0-0,0}
I/SurfaceView( 4328): updateWindow -- OnPreDrawListener, mHaveFrame = true, this = tv.danmaku.ijk.media.sample.widget.media.SurfaceRenderView{431c0d40 V.E..... ........ 0,-97-1080,1823}
D/dalvikvm(  912): create interp thread : stack size=128KB
D/dalvikvm(  912): create new thread
D/dalvikvm(  912): new thread created
D/dalvikvm(  912): update thread list
D/dalvikvm(  912): threadid=24: interp stack at 0x7c27d000
D/dalvikvm(  912): threadid=24: created from interp
D/dalvikvm(  912): start new thread
D/dalvikvm(  912): threadid=24: notify debugger
D/dalvikvm(  912): threadid=24 (Thread-380): calling run()
V/Provider/Settings(  912): get setting for user 0 by user 0 so skipping cache
V/Provider/Settings(  912):  from settings cache , name = date_format , value = 
D/dalvikvm(  912): threadid=24: exiting
D/dalvikvm(  912): threadid=24: bye!
I/SurfaceView( 4328): updateWindow -- OnPreDrawListener, mHaveFrame = false, this = android.opengl.GLSurfaceView{431616b0 V.E..... ......I. 0,0-0,0}
I/SurfaceView( 4328): updateWindow -- OnPreDrawListener, mHaveFrame = true, this = tv.danmaku.ijk.media.sample.widget.media.SurfaceRenderView{431c0d40 V.E..... ........ 0,-97-1080,1823}
I/        (  245): [BWC INFO](245): get_bwc_mm_property success
V/AudioTrackShared(  251): mAvailToClient=0 stepCount=1024 minimum=1024
I/        (  245): [BWC INFO](245): get_bwc_mm_property success
I/SurfaceView( 4328): updateWindow -- OnPreDrawListener, mHaveFrame = false, this = android.opengl.GLSurfaceView{431616b0 V.E..... ......I. 0,0-0,0}
I/SurfaceView( 4328): updateWindow -- OnPreDrawListener, mHaveFrame = true, this = tv.danmaku.ijk.media.sample.widget.media.SurfaceRenderView{431c0d40 V.E..... ........ 0,-97-1080,1823}
V/AudioTrackShared(  251): mAvailToClient=128 stepCount=896 minimum=1024
I/        (  245): [BWC INFO](245): get_bwc_mm_property success
I/SurfaceView( 4328): updateWindow -- OnPreDrawListener, mHaveFrame = false, this = android.opengl.GLSurfaceView{431616b0 V.E..... ......I. 0,0-0,0}
I/SurfaceView( 4328): updateWindow -- OnPreDrawListener, mHaveFrame = true, this = tv.danmaku.ijk.media.sample.widget.media.SurfaceRenderView{431c0d40 V.E..... ........ 0,-97-1080,1823}
I/        (  245): [BWC INFO](245): get_bwc_mm_property success
V/AudioTrackShared(  251): mAvailToClient=0 stepCount=1024 minimum=1024
D/dalvikvm( 1434): threadid=14: exiting
D/dalvikvm( 1434): threadid=14: bye!
I/SurfaceView( 4328): updateWindow -- OnPreDrawListener, mHaveFrame = false, this = android.opengl.GLSurfaceView{431616b0 V.E..... ......I. 0,0-0,0}
I/SurfaceView( 4328): updateWindow -- OnPreDrawListener, mHaveFrame = true, this = tv.danmaku.ijk.media.sample.widget.media.SurfaceRenderView{431c0d40 V.E..... ........ 0,-97-1080,1823}
D/dalvikvm( 1434): threadid=22: exiting
D/dalvikvm( 1434): threadid=22: bye!
I/        (  245): [BWC INFO](245): get_bwc_mm_property success
I/SurfaceView( 4328): updateWindow -- OnPreDrawListener, mHaveFrame = false, this = android.opengl.GLSurfaceView{431616b0 V.E..... ......I. 0,0-0,0}
I/SurfaceView( 4328): updateWindow -- OnPreDrawListener, mHaveFrame = true, this = tv.danmaku.ijk.media.sample.widget.media.SurfaceRenderView{431c0d40 V.E..... ........ 0,-97-1080,1823}
D/dalvikvm( 1434): create interp thread : stack size=128KB
D/dalvikvm( 1434): create new thread
D/dalvikvm( 1434): new thread created
D/dalvikvm( 1434): update thread list
D/dalvikvm( 1434): threadid=14: interp stack at 0x78dc0000
D/dalvikvm( 1434): threadid=14: created from interp
D/dalvikvm( 1434): start new thread
D/dalvikvm( 1434): threadid=14: notify debugger
D/dalvikvm( 1434): threadid=14 (PriorityThreadFactory-SharedPreferencesImpl-28): calling run()
V/AudioTrackShared(  251): mAvailToClient=128 stepCount=896 minimum=1024
I/        (  245): [BWC INFO](245): get_bwc_mm_property success
I/SurfaceView( 4328): updateWindow -- OnPreDrawListener, mHaveFrame = false, this = android.opengl.GLSurfaceView{431616b0 V.E..... ......I. 0,0-0,0}
I/SurfaceView( 4328): updateWindow -- OnPreDrawListener, mHaveFrame = true, this = tv.danmaku.ijk.media.sample.widget.media.SurfaceRenderView{431c0d40 V.E..... ........ 0,-97-1080,1823}
V/AudioTrackShared(  251): mAvailToClient=0 stepCount=1024 minimum=1024
I/        (  245): [BWC INFO](245): get_bwc_mm_property success
I/SurfaceView( 4328): updateWindow -- OnPreDrawListener, mHaveFrame = false, this = android.opengl.GLSurfaceView{431616b0 V.E..... ......I. 0,0-0,0}
I/SurfaceView( 4328): updateWindow -- OnPreDrawListener, mHaveFrame = true, this = tv.danmaku.ijk.media.sample.widget.media.SurfaceRenderView{431c0d40 V.E..... ........ 0,-97-1080,1823}
I/        (  245): [BWC INFO](245): get_bwc_mm_property success
I/SurfaceView( 4328): updateWindow -- OnPreDrawListener, mHaveFrame = false, this = android.opengl.GLSurfaceView{431616b0 V.E..... ......I. 0,0-0,0}
I/SurfaceView( 4328): updateWindow -- OnPreDrawListener, mHaveFrame = true, this = tv.danmaku.ijk.media.sample.widget.media.SurfaceRenderView{431c0d40 V.E..... ........ 0,-97-1080,1823}
V/AudioTrackShared(  251): mAvailToClient=128 stepCount=896 minimum=1024
I/        (  245): [BWC INFO](245): get_bwc_mm_property success
I/SurfaceView( 4328): updateWindow -- OnPreDrawListener, mHaveFrame = false, this = android.opengl.GLSurfaceView{431616b0 V.E..... ......I. 0,0-0,0}
I/SurfaceView( 4328): updateWindow -- OnPreDrawListener, mHaveFrame = true, this = tv.danmaku.ijk.media.sample.widget.media.SurfaceRenderView{431c0d40 V.E..... ........ 0,-97-1080,1823}
V/AudioTrackShared(  251): mAvailToClient=0 stepCount=1024 minimum=1024
I/        (  245): [BWC INFO](245): get_bwc_mm_property success
I/SurfaceView( 4328): updateWindow -- OnPreDrawListener, mHaveFrame = false, this = android.opengl.GLSurfaceView{431616b0 V.E..... ......I. 0,0-0,0}
I/SurfaceView( 4328): updateWindow -- OnPreDrawListener, mHaveFrame = true, this = tv.danmaku.ijk.media.sample.widget.media.SurfaceRenderView{431c0d40 V.E..... ........ 0,-97-1080,1823}
I/        (  245): [BWC INFO](245): get_bwc_mm_property success
V/AudioTrackShared(  251): mAvailToClient=128 stepCount=896 minimum=1024
I/SurfaceView( 4328): updateWindow -- OnPreDrawListener, mHaveFrame = false, this = android.opengl.GLSurfaceView{431616b0 V.E..... ......I. 0,0-0,0}
I/SurfaceView( 4328): updateWindow -- OnPreDrawListener, mHaveFrame = true, this = tv.danmaku.ijk.media.sample.widget.media.SurfaceRenderView{431c0d40 V.E..... ........ 0,-97-1080,1823}
I/BufferQueue(  245): [com.ccvideo/com.yizhibo.video.activity.PlayerActivity](this:0xb76d08b0,id:48,api:1,p:4328,c:245) queueBuffer: fps=59.49 dur=1008.58 max=23.44 min=10.96
I/        (  245): [BWC INFO](245): get_bwc_mm_property success
I/SurfaceView( 4328): updateWindow -- OnPreDrawListener, mHaveFrame = false, this = android.opengl.GLSurfaceView{431616b0 V.E..... ......I. 0,0-0,0}
I/SurfaceView( 4328): updateWindow -- OnPreDrawListener, mHaveFrame = true, this = tv.danmaku.ijk.media.sample.widget.media.SurfaceRenderView{431c0d40 V.E..... ........ 0,-97-1080,1823}
V/AudioTrackShared(  251): mAvailToClient=0 stepCount=1024 minimum=1024
I/        (  245): [BWC INFO](245): get_bwc_mm_property success
I/SurfaceView( 4328): updateWindow -- OnPreDrawListener, mHaveFrame = false, this = android.opengl.GLSurfaceView{431616b0 V.E..... ......I. 0,0-0,0}
I/SurfaceView( 4328): updateWindow -- OnPreDrawListener, mHaveFrame = true, this = tv.danmaku.ijk.media.sample.widget.media.SurfaceRenderView{431c0d40 V.E..... ........ 0,-97-1080,1823}
V/AudioTrackShared(  251): mAvailToClient=128 stepCount=896 minimum=1024
I/        (  245): [BWC INFO](245): get_bwc_mm_property success
I/SurfaceView( 4328): updateWindow -- OnPreDrawListener, mHaveFrame = false, this = android.opengl.GLSurfaceView{431616b0 V.E..... ......I. 0,0-0,0}
I/SurfaceView( 4328): updateWindow -- OnPreDrawListener, mHaveFrame = true, this = tv.danmaku.ijk.media.sample.widget.media.SurfaceRenderView{431c0d40 V.E..... ........ 0,-97-1080,1823}
I/        (  245): [BWC INFO](245): get_bwc_mm_property success
I/BufferQueue(  245): [FrameBufferSurface_0](this:0xb756dd40,id:0,api:1,p:245,c:245) queueBuffer: fps=59.49 dur=1008.63 max=20.76 min=9.05
I/SurfaceView( 4328): updateWindow -- OnPreDrawListener, mHaveFrame = false, this = android.opengl.GLSurfaceView{431616b0 V.E..... ......I. 0,0-0,0}
I/SurfaceView( 4328): updateWindow -- OnPreDrawListener, mHaveFrame = true, this = tv.danmaku.ijk.media.sample.widget.media.SurfaceRenderView{431c0d40 V.E..... ........ 0,-97-1080,1823}
V/AudioTrackShared(  251): mAvailToClient=0 stepCount=1024 minimum=1024
I/        (  245): [BWC INFO](245): get_bwc_mm_property success
I/SurfaceView( 4328): updateWindow -- OnPreDrawListener, mHaveFrame = false, this = android.opengl.GLSurfaceView{431616b0 V.E..... ......I. 0,0-0,0}
I/SurfaceView( 4328): updateWindow -- OnPreDrawListener, mHaveFrame = true, this = tv.danmaku.ijk.media.sample.widget.media.SurfaceRenderView{431c0d40 V.E..... ........ 0,-97-1080,1823}
V/AudioTrackShared(  251): mAvailToClient=128 stepCount=896 minimum=1024
I/        (  245): [BWC INFO](245): get_bwc_mm_property success
I/SurfaceView( 4328): updateWindow -- OnPreDrawListener, mHaveFrame = false, this = android.opengl.GLSurfaceView{431616b0 V.E..... ......I. 0,0-0,0}
I/SurfaceView( 4328): updateWindow -- OnPreDrawListener, mHaveFrame = true, this = tv.danmaku.ijk.media.sample.widget.media.SurfaceRenderView{431c0d40 V.E..... ........ 0,-97-1080,1823}
V/Provider/Settings(  795): get setting for user 0 by user 0 so skipping cache
V/Provider/Settings(  795): from db cache, name = sys_free_storage_log_interval , value = null
V/Provider/Settings(  795): get setting for user 0 by user 0 so skipping cache
V/Provider/Settings(  795): from db cache, name = disk_free_change_reporting_threshold , value = null
I/        (  245): [BWC INFO](245): get_bwc_mm_property success
V/AudioTrackShared(  251): mAvailToClient=0 stepCount=1024 minimum=1024
I/SurfaceView( 4328): updateWindow -- OnPreDrawListener, mHaveFrame = false, this = android.opengl.GLSurfaceView{431616b0 V.E..... ......I. 0,0-0,0}
I/SurfaceView( 4328): updateWindow -- OnPreDrawListener, mHaveFrame = true, this = tv.danmaku.ijk.media.sample.widget.media.SurfaceRenderView{431c0d40 V.E..... ........ 0,-97-1080,1823}
I/        (  245): [BWC INFO](245): get_bwc_mm_property success
I/SurfaceView( 4328): updateWindow -- OnPreDrawListener, mHaveFrame = false, this = android.opengl.GLSurfaceView{431616b0 V.E..... ......I. 0,0-0,0}
I/SurfaceView( 4328): updateWindow -- OnPreDrawListener, mHaveFrame = true, this = tv.danmaku.ijk.media.sample.widget.media.SurfaceRenderView{431c0d40 V.E..... ........ 0,-97-1080,1823}
V/AudioTrackShared(  251): mAvailToClient=128 stepCount=896 minimum=1024
I/        (  245): [BWC INFO](245): get_bwc_mm_property success
I/SurfaceView( 4328): updateWindow -- OnPreDrawListener, mHaveFrame = false, this = android.opengl.GLSurfaceView{431616b0 V.E..... ......I. 0,0-0,0}
I/SurfaceView( 4328): updateWindow -- OnPreDrawListener, mHaveFrame = true, this = tv.danmaku.ijk.media.sample.widget.media.SurfaceRenderView{431c0d40 V.E..... ........ 0,-97-1080,1823}
V/AudioTrackShared(  251): mAvailToClient=0 stepCount=1024 minimum=1024
I/        (  245): [BWC INFO](245): get_bwc_mm_property success
I/SurfaceView( 4328): updateWindow -- OnPreDrawListener, mHaveFrame = false, this = android.opengl.GLSurfaceView{431616b0 V.E..... ......I. 0,0-0,0}
I/SurfaceView( 4328): updateWindow -- OnPreDrawListener, mHaveFrame = true, this = tv.danmaku.ijk.media.sample.widget.media.SurfaceRenderView{431c0d40 V.E..... ........ 0,-97-1080,1823}
I/        (  245): [BWC INFO](245): get_bwc_mm_property success
I/SurfaceView( 4328): updateWindow -- OnPreDrawListener, mHaveFrame = false, this = android.opengl.GLSurfaceView{431616b0 V.E..... ......I. 0,0-0,0}
I/SurfaceView( 4328): updateWindow -- OnPreDrawListener, mHaveFrame = true, this = tv.danmaku.ijk.media.sample.widget.media.SurfaceRenderView{431c0d40 V.E..... ........ 0,-97-1080,1823}
V/AudioTrackShared(  251): mAvailToClient=128 stepCount=896 minimum=1024
I/        (  245): [BWC INFO](245): get_bwc_mm_property success
I/SurfaceView( 4328): updateWindow -- OnPreDrawListener, mHaveFrame = false, this = android.opengl.GLSurfaceView{431616b0 V.E..... ......I. 0,0-0,0}
I/SurfaceView( 4328): updateWindow -- OnPreDrawListener, mHaveFrame = true, this = tv.danmaku.ijk.media.sample.widget.media.SurfaceRenderView{431c0d40 V.E..... ........ 0,-97-1080,1823}
V/AudioTrackShared(  251): mAvailToClient=0 stepCount=1024 minimum=1024
I/        (  245): [BWC INFO](245): get_bwc_mm_property success
I/SurfaceView( 4328): updateWindow -- OnPreDrawListener, mHaveFrame = false, this = android.opengl.GLSurfaceView{431616b0 V.E..... ......I. 0,0-0,0}
I/SurfaceView( 4328): updateWindow -- OnPreDrawListener, mHaveFrame = true, this = tv.danmaku.ijk.media.sample.widget.media.SurfaceRenderView{431c0d40 V.E..... ........ 0,-97-1080,1823}
V/AudioTrackShared(  251): mAvailToClient=128 stepCount=896 minimum=1024
I/        (  245): [BWC INFO](245): get_bwc_mm_property success
I/SurfaceView( 4328): updateWindow -- OnPreDrawListener, mHaveFrame = false, this = android.opengl.GLSurfaceView{431616b0 V.E..... ......I. 0,0-0,0}
I/SurfaceView( 4328): updateWindow -- OnPreDrawListener, mHaveFrame = true, this = tv.danmaku.ijk.media.sample.widget.media.SurfaceRenderView{431c0d40 V.E..... ........ 0,-97-1080,1823}
I/        (  245): [BWC INFO](245): get_bwc_mm_property success
I/SurfaceView( 4328): updateWindow -- OnPreDrawListener, mHaveFrame = false, this = android.opengl.GLSurfaceView{431616b0 V.E..... ......I. 0,0-0,0}
I/SurfaceView( 4328): updateWindow -- OnPreDrawListener, mHaveFrame = true, this = tv.danmaku.ijk.media.sample.widget.media.SurfaceRenderView{431c0d40 V.E..... ........ 0,-97-1080,1823}
V/AudioTrackShared(  251): mAvailToClient=0 stepCount=1024 minimum=1024
I/        (  245): [BWC INFO](245): get_bwc_mm_property success
I/SurfaceView( 4328): updateWindow -- OnPreDrawListener, mHaveFrame = false, this = android.opengl.GLSurfaceView{431616b0 V.E..... ......I. 0,0-0,0}
I/SurfaceView( 4328): updateWindow -- OnPreDrawListener, mHaveFrame = true, this = tv.danmaku.ijk.media.sample.widget.media.SurfaceRenderView{431c0d40 V.E..... ........ 0,-97-1080,1823}
D/AudioTrack( 4328): mPausedNs is 1000000000
V/AudioTrackShared(  251): mAvailToClient=128 stepCount=896 minimum=1024
I/        (  245): [BWC INFO](245): get_bwc_mm_property success
I/SurfaceView( 4328): updateWindow -- OnPreDrawListener, mHaveFrame = false, this = android.opengl.GLSurfaceView{431616b0 V.E..... ......I. 0,0-0,0}
I/SurfaceView( 4328): updateWindow -- OnPreDrawListener, mHaveFrame = true, this = tv.danmaku.ijk.media.sample.widget.media.SurfaceRenderView{431c0d40 V.E..... ........ 0,-97-1080,1823}
I/        (  245): [BWC INFO](245): get_bwc_mm_property success
V/AudioTrackShared(  251): mAvailToClient=0 stepCount=1024 minimum=1024
I/SurfaceView( 4328): updateWindow -- OnPreDrawListener, mHaveFrame = false, this = android.opengl.GLSurfaceView{431616b0 V.E..... ......I. 0,0-0,0}
I/SurfaceView( 4328): updateWindow -- OnPreDrawListener, mHaveFrame = true, this = tv.danmaku.ijk.media.sample.widget.media.SurfaceRenderView{431c0d40 V.E..... ........ 0,-97-1080,1823}
I/        (  245): [BWC INFO](245): get_bwc_mm_property success
I/SurfaceView( 4328): updateWindow -- OnPreDrawListener, mHaveFrame = false, this = android.opengl.GLSurfaceView{431616b0 V.E..... ......I. 0,0-0,0}
I/SurfaceView( 4328): updateWindow -- OnPreDrawListener, mHaveFrame = true, this = tv.danmaku.ijk.media.sample.widget.media.SurfaceRenderView{431c0d40 V.E..... ........ 0,-97-1080,1823}
V/AudioTrackShared(  251): mAvailToClient=128 stepCount=896 minimum=1024
I/        (  245): [BWC INFO](245): get_bwc_mm_property success
I/SurfaceView( 4328): updateWindow -- OnPreDrawListener, mHaveFrame = false, this = android.opengl.GLSurfaceView{431616b0 V.E..... ......I. 0,0-0,0}
I/SurfaceView( 4328): updateWindow -- OnPreDrawListener, mHaveFrame = true, this = tv.danmaku.ijk.media.sample.widget.media.SurfaceRenderView{431c0d40 V.E..... ........ 0,-97-1080,1823}
V/AudioTrackShared(  251): mAvailToClient=0 stepCount=1024 minimum=1024
I/        (  245): [BWC INFO](245): get_bwc_mm_property success
I/SurfaceView( 4328): updateWindow -- OnPreDrawListener, mHaveFrame = false, this = android.opengl.GLSurfaceView{431616b0 V.E..... ......I. 0,0-0,0}
I/SurfaceView( 4328): updateWindow -- OnPreDrawListener, mHaveFrame = true, this = tv.danmaku.ijk.media.sample.widget.media.SurfaceRenderView{431c0d40 V.E..... ........ 0,-97-1080,1823}
I/        (  245): [BWC INFO](245): get_bwc_mm_property success
I/SurfaceView( 4328): updateWindow -- OnPreDrawListener, mHaveFrame = false, this = android.opengl.GLSurfaceView{431616b0 V.E..... ......I. 0,0-0,0}
I/SurfaceView( 4328): updateWindow -- OnPreDrawListener, mHaveFrame = true, this = tv.danmaku.ijk.media.sample.widget.media.SurfaceRenderView{431c0d40 V.E..... ........ 0,-97-1080,1823}
V/AudioTrackShared(  251): mAvailToClient=128 stepCount=896 minimum=1024
I/        (  245): [BWC INFO](245): get_bwc_mm_property success
I/SurfaceView( 4328): updateWindow -- OnPreDrawListener, mHaveFrame = false, this = android.opengl.GLSurfaceView{431616b0 V.E..... ......I. 0,0-0,0}
I/SurfaceView( 4328): updateWindow -- OnPreDrawListener, mHaveFrame = true, this = tv.danmaku.ijk.media.sample.widget.media.SurfaceRenderView{431c0d40 V.E..... ........ 0,-97-1080,1823}
V/AudioTrackShared(  251): mAvailToClient=0 stepCount=1024 minimum=1024
I/        (  245): [BWC INFO](245): get_bwc_mm_property success
I/SurfaceFlinger(  245): [Built-in Screen (type:0)] fps:59.491146,dur:1008.55,max:20.63,min:13.01
I/SurfaceView( 4328): updateWindow -- OnPreDrawListener, mHaveFrame = false, this = android.opengl.GLSurfaceView{431616b0 V.E..... ......I. 0,0-0,0}
I/SurfaceView( 4328): updateWindow -- OnPreDrawListener, mHaveFrame = true, this = tv.danmaku.ijk.media.sample.widget.media.SurfaceRenderView{431c0d40 V.E..... ........ 0,-97-1080,1823}
V/AudioTrackShared(  251): mAvailToClient=128 stepCount=896 minimum=1024
I/        (  245): [BWC INFO](245): get_bwc_mm_property success
I/SurfaceView( 4328): updateWindow -- OnPreDrawListener, mHaveFrame = false, this = android.opengl.GLSurfaceView{431616b0 V.E..... ......I. 0,0-0,0}
I/SurfaceView( 4328): updateWindow -- OnPreDrawListener, mHaveFrame = true, this = tv.danmaku.ijk.media.sample.widget.media.SurfaceRenderView{431c0d40 V.E..... ........ 0,-97-1080,1823}
I/        (  245): [BWC INFO](245): get_bwc_mm_property success
I/SurfaceView( 4328): updateWindow -- OnPreDrawListener, mHaveFrame = false, this = android.opengl.GLSurfaceView{431616b0 V.E..... ......I. 0,0-0,0}
I/SurfaceView( 4328): updateWindow -- OnPreDrawListener, mHaveFrame = true, this = tv.danmaku.ijk.media.sample.widget.media.SurfaceRenderView{431c0d40 V.E..... ........ 0,-97-1080,1823}
V/AudioTrackShared(  251): mAvailToClient=0 stepCount=1024 minimum=1024
I/        (  245): [BWC INFO](245): get_bwc_mm_property success
I/SurfaceView( 4328): updateWindow -- OnPreDrawListener, mHaveFrame = false, this = android.opengl.GLSurfaceView{431616b0 V.E..... ......I. 0,0-0,0}
I/SurfaceView( 4328): updateWindow -- OnPreDrawListener, mHaveFrame = true, this = tv.danmaku.ijk.media.sample.widget.media.SurfaceRenderView{431c0d40 V.E..... ........ 0,-97-1080,1823}
V/AudioTrackShared(  251): mAvailToClient=128 stepCount=896 minimum=1024
I/        (  245): [BWC INFO](245): get_bwc_mm_property success
I/SurfaceView( 4328): updateWindow -- OnPreDrawListener, mHaveFrame = false, this = android.opengl.GLSurfaceView{431616b0 V.E..... ......I. 0,0-0,0}
I/SurfaceView( 4328): updateWindow -- OnPreDrawListener, mHaveFrame = true, this = tv.danmaku.ijk.media.sample.widget.media.SurfaceRenderView{431c0d40 V.E..... ........ 0,-97-1080,1823}
I/        (  245): [BWC INFO](245): get_bwc_mm_property success
V/AudioTrackShared(  251): mAvailToClient=0 stepCount=1024 minimum=1024
I/SurfaceView( 4328): updateWindow -- OnPreDrawListener, mHaveFrame = false, this = android.opengl.GLSurfaceView{431616b0 V.E..... ......I. 0,0-0,0}
I/SurfaceView( 4328): updateWindow -- OnPreDrawListener, mHaveFrame = true, this = tv.danmaku.ijk.media.sample.widget.media.SurfaceRenderView{431c0d40 V.E..... ........ 0,-97-1080,1823}
I/        (  245): [BWC INFO](245): get_bwc_mm_property success
I/SurfaceView( 4328): updateWindow -- OnPreDrawListener, mHaveFrame = false, this = android.opengl.GLSurfaceView{431616b0 V.E..... ......I. 0,0-0,0}
I/SurfaceView( 4328): updateWindow -- OnPreDrawListener, mHaveFrame = true, this = tv.danmaku.ijk.media.sample.widget.media.SurfaceRenderView{431c0d40 V.E..... ........ 0,-97-1080,1823}
V/AudioTrackShared(  251): mAvailToClient=128 stepCount=896 minimum=1024
I/        (  245): [BWC INFO](245): get_bwc_mm_property success
I/SurfaceView( 4328): updateWindow -- OnPreDrawListener, mHaveFrame = false, this = android.opengl.GLSurfaceView{431616b0 V.E..... ......I. 0,0-0,0}
I/SurfaceView( 4328): updateWindow -- OnPreDrawListener, mHaveFrame = true, this = tv.danmaku.ijk.media.sample.widget.media.SurfaceRenderView{431c0d40 V.E..... ........ 0,-97-1080,1823}
V/AudioTrackShared(  251): mAvailToClient=0 stepCount=1024 minimum=1024
I/        (  245): [BWC INFO](245): get_bwc_mm_property success
I/SurfaceView( 4328): updateWindow -- OnPreDrawListener, mHaveFrame = false, this = android.opengl.GLSurfaceView{431616b0 V.E..... ......I. 0,0-0,0}
I/SurfaceView( 4328): updateWindow -- OnPreDrawListener, mHaveFrame = true, this = tv.danmaku.ijk.media.sample.widget.media.SurfaceRenderView{431c0d40 V.E..... ........ 0,-97-1080,1823}
I/        (  245): [BWC INFO](245): get_bwc_mm_property success
I/SurfaceView( 4328): updateWindow -- OnPreDrawListener, mHaveFrame = false, this = android.opengl.GLSurfaceView{431616b0 V.E..... ......I. 0,0-0,0}
I/SurfaceView( 4328): updateWindow -- OnPreDrawListener, mHaveFrame = true, this = tv.danmaku.ijk.media.sample.widget.media.SurfaceRenderView{431c0d40 V.E..... ........ 0,-97-1080,1823}
V/AudioTrackShared(  251): mAvailToClient=128 stepCount=896 minimum=1024
I/        (  245): [BWC INFO](245): get_bwc_mm_property success
I/SurfaceView( 4328): updateWindow -- OnPreDrawListener, mHaveFrame = false, this = android.opengl.GLSurfaceView{431616b0 V.E..... ......I. 0,0-0,0}
I/SurfaceView( 4328): updateWindow -- OnPreDrawListener, mHaveFrame = true, this = tv.danmaku.ijk.media.sample.widget.media.SurfaceRenderView{431c0d40 V.E..... ........ 0,-97-1080,1823}
V/AudioTrackShared(  251): mAvailToClient=0 stepCount=1024 minimum=1024
I/        (  245): [BWC INFO](245): get_bwc_mm_property success
I/SurfaceView( 4328): updateWindow -- OnPreDrawListener, mHaveFrame = false, this = android.opengl.GLSurfaceView{431616b0 V.E..... ......I. 0,0-0,0}
I/SurfaceView( 4328): updateWindow -- OnPreDrawListener, mHaveFrame = true, this = tv.danmaku.ijk.media.sample.widget.media.SurfaceRenderView{431c0d40 V.E..... ........ 0,-97-1080,1823}
I/BufferQueue(  245): [StatusBar](this:0xb75dd060,id:6,api:1,p:912,c:245) queueBuffer: fps=3.54 dur=1413.27 max=510.09 min=62.82
I/        (  245): [BWC INFO](245): get_bwc_mm_property success
V/AudioTrackShared(  251): mAvailToClient=128 stepCount=896 minimum=1024
I/SurfaceView( 4328): updateWindow -- OnPreDrawListener, mHaveFrame = false, this = android.opengl.GLSurfaceView{431616b0 V.E..... ......I. 0,0-0,0}
I/SurfaceView( 4328): updateWindow -- OnPreDrawListener, mHaveFrame = true, this = tv.danmaku.ijk.media.sample.widget.media.SurfaceRenderView{431c0d40 V.E..... ........ 0,-97-1080,1823}
I/Process (  795): get_ion_cache_memory totalNum:51879936
I/Process (  795): mm_heap_freelist total_size=0x0
I/Process (  795): ----------------------------------------------------
I/Process (  795):   
I/Process (  795): get_ion_cache_memory ionCacheTotalInByte:51879936
I/        (  245): [BWC INFO](245): get_bwc_mm_property success
I/SurfaceView( 4328): updateWindow -- OnPreDrawListener, mHaveFrame = false, this = android.opengl.GLSurfaceView{431616b0 V.E..... ......I. 0,0-0,0}
I/SurfaceView( 4328): updateWindow -- OnPreDrawListener, mHaveFrame = true, this = tv.danmaku.ijk.media.sample.widget.media.SurfaceRenderView{431c0d40 V.E..... ........ 0,-97-1080,1823}
V/AudioTrackShared(  251): mAvailToClient=0 stepCount=1024 minimum=1024
I/        (  245): [BWC INFO](245): get_bwc_mm_property success
I/SurfaceView( 4328): updateWindow -- OnPreDrawListener, mHaveFrame = false, this = android.opengl.GLSurfaceView{431616b0 V.E..... ......I. 0,0-0,0}
I/SurfaceView( 4328): updateWindow -- OnPreDrawListener, mHaveFrame = true, this = tv.danmaku.ijk.media.sample.widget.media.SurfaceRenderView{431c0d40 V.E..... ........ 0,-97-1080,1823}
V/AudioTrackShared(  251): mAvailToClient=128 stepCount=896 minimum=1024
I/        (  245): [BWC INFO](245): get_bwc_mm_property success
