I/SurfaceView( 4328): updateWindow -- OnPreDrawListener, mHaveFrame = false, this = android.opengl.GLSurfaceView{431616b0 V.E..... ......I. 0,0-0,0}
I/SurfaceView( 4328): updateWindow -- OnPreDrawListener, mHaveFrame = true, this = tv.danmaku.ijk.media.sample.widget.media.SurfaceRenderView{431c0d40 V.E..... ........ 0,-97-1080,1823}
I/        (  245): [BWC INFO](245): get_bwc_mm_property success
I/SurfaceView( 4328): updateWindow -- OnPreDrawListener, mHaveFrame = false, this = android.opengl.GLSurfaceView{431616b0 V.E..... ......I. 0,0-0,0}
I/SurfaceView( 4328): updateWindow -- OnPreDrawListener, mHaveFrame = true, this = tv.danmaku.ijk.media.sample.widget.media.SurfaceRenderView{431c0d40 V.E..... ........ 0,-97-1080,1823}
V/AudioTrackShared(  251): mAvailToClient=0 stepCount=1024 minimum=1024
D/ConnectivityService(  795): getActiveNetworkInfo:NetworkInfo: type: WIFI[], state: CONNECTED/CONNECTED, reason: (unspecified), extra: "yizhibo", roaming: false, failover: false, isAvailable: true, isConnectedToProvisioningNetwork: false, simId: 0/10532
I/System.out( 4328): [CDS]rx timeout:4000
I/        (  245): [BWC INFO](245): get_bwc_mm_property success
I/SurfaceView( 4328): updateWindow -- OnPreDrawListener, mHaveFrame = false, this = android.opengl.GLSurfaceView{431616b0 V.E..... ......I. 0,0-0,0}
I/SurfaceView( 4328): updateWindow -- OnPreDrawListener, mHaveFrame = true, this = tv.danmaku.ijk.media.sample.widget.media.SurfaceRenderView{431c0d40 V.E..... ........ 0,-97-1080,1823}
D/BatteryService(  795): mBatteryVoltage=4184, batteryLevel=50
V/ActivityManager(  795): Broadcast sticky: Intent { act=android.intent.action.ADDITIONAL_BATTERY_CHANGED flg=0x60000010 (has extras) } ordered=false userid=-1 callerApp=null
V/ActivityManager(  795): Broadcast sticky: Intent { act=android.intent.action.BATTERY_CHANGED flg=0x60000010 (has extras) } ordered=false userid=-1 callerApp=null
V/AudioTrackShared(  251): mAvailToClient=128 stepCount=896 minimum=1024
I/        (  245): [BWC INFO](245): get_bwc_mm_property success
I/SurfaceView( 4328): updateWindow -- OnPreDrawListener, mHaveFrame = false, this = android.opengl.GLSurfaceView{431616b0 V.E..... ......I. 0,0-0,0}
I/SurfaceView( 4328): updateWindow -- OnPreDrawListener, mHaveFrame = true, this = tv.danmaku.ijk.media.sample.widget.media.SurfaceRenderView{431c0d40 V.E..... ........ 0,-97-1080,1823}
D/WifiService(  795): onReceive, action:android.intent.action.BATTERY_CHANGED
D/UsbDeviceManager(  795): onReceive - BATTERY_CHANGED - mPlugType: 2, mSettingUsbCharging: false, mConnected: true, mSettingUsbBicr: false
D/WifiController(  795): DeviceActiveState{ when=-7ms what=155652 arg1=2 target=com.android.internal.util.StateMachine$SmHandler target=Handler (com.android.internal.util.StateMachine$SmHandler) {427cef60} }
D/WifiController(  795): StaEnabledState{ when=-7ms what=155652 arg1=2 target=com.android.internal.util.StateMachine$SmHandler target=Handler (com.android.internal.util.StateMachine$SmHandler) {427cef60} }
D/WifiController(  795): DefaultState{ when=-7ms what=155652 arg1=2 target=com.android.internal.util.StateMachine$SmHandler target=Handler (com.android.internal.util.StateMachine$SmHandler) {427cef60} }
D/WifiController(  795): battery changed pluggedType: 2
V/AudioTrackShared(  251): mAvailToClient=0 stepCount=1024 minimum=1024
I/        (  245): [BWC INFO](245): get_bwc_mm_property success
I/SurfaceView( 4328): updateWindow -- OnPreDrawListener, mHaveFrame = false, this = android.opengl.GLSurfaceView{431616b0 V.E..... ......I. 0,0-0,0}
I/SurfaceView( 4328): updateWindow -- OnPreDrawListener, mHaveFrame = true, this = tv.danmaku.ijk.media.sample.widget.media.SurfaceRenderView{431c0d40 V.E..... ........ 0,-97-1080,1823}
D/dalvikvm(  912): create interp thread : stack size=128KB
D/dalvikvm(  912): create new thread
D/dalvikvm(  912): new thread created
D/dalvikvm(  912): update thread list
I/        (  245): [BWC INFO](245): get_bwc_mm_property success
I/SurfaceView( 4328): updateWindow -- OnPreDrawListener, mHaveFrame = false, this = android.opengl.GLSurfaceView{431616b0 V.E..... ......I. 0,0-0,0}
V/AudioTrackShared(  251): mAvailToClient=128 stepCount=896 minimum=1024
I/BufferQueue(  245): [SurfaceView](this:0xb768d140,id:47,api:2,p:4328,c:245) queueBuffer: fps=14.21 dur=1125.72 max=131.06 min=56.10
I/SurfaceView( 4328): updateWindow -- OnPreDrawListener, mHaveFrame = true, this = tv.danmaku.ijk.media.sample.widget.media.SurfaceRenderView{431c0d40 V.E..... ........ 0,-97-1080,1823}
I/        (  245): [BWC INFO](245): get_bwc_mm_property success
V/AudioTrackShared(  251): mAvailToClient=0 stepCount=1024 minimum=1024
I/SurfaceView( 4328): updateWindow -- OnPreDrawListener, mHaveFrame = false, this = android.opengl.GLSurfaceView{431616b0 V.E..... ......I. 0,0-0,0}
I/SurfaceView( 4328): updateWindow -- OnPreDrawListener, mHaveFrame = true, this = tv.danmaku.ijk.media.sample.widget.media.SurfaceRenderView{431c0d40 V.E..... ........ 0,-97-1080,1823}
I/        (  245): [BWC INFO](245): get_bwc_mm_property success
I/SurfaceView( 4328): updateWindow -- OnPreDrawListener, mHaveFrame = false, this = android.opengl.GLSurfaceView{431616b0 V.E..... ......I. 0,0-0,0}
I/SurfaceView( 4328): updateWindow -- OnPreDrawListener, mHaveFrame = true, this = tv.danmaku.ijk.media.sample.widget.media.SurfaceRenderView{431c0d40 V.E..... ........ 0,-97-1080,1823}
D/PowerSaveService( 1099): PowerSaveReceiver EXTRA_STATUS: status = 2, lastCharging = true
D/OpenSSLLib( 4328): OpensslErr:Module:13(114:155); file:external/openssl/crypto/asn1/asn1_lib.c ;Line:142;Function:ASN1_get_object
I/        (  245): [BWC INFO](245): get_bwc_mm_property success
V/AudioTrackShared(  251): mAvailToClient=128 stepCount=896 minimum=1024
D/dalvikvm( 1680): create interp thread : stack size=128KB
D/dalvikvm( 1680): create new thread
D/dalvikvm(  912): threadid=24: interp stack at 0x7c27d000
D/dalvikvm( 1680): new thread created
D/dalvikvm( 1680): update thread list
D/dalvikvm( 1680): threadid=11: interp stack at 0x78c08000
D/dalvikvm( 1680): threadid=11: created from interp
D/dalvikvm(  912): threadid=24: created from interp
D/dalvikvm(  912): start new thread
D/dalvikvm(  912): threadid=24: notify debugger
D/PhoneInterfaceManagerEx( 1076): [PhoneIntfMgrEx] hasIccCard  simId=0
D/dalvikvm(  912): threadid=24 (Thread-381): calling run()
V/Provider/Settings(  912): get setting for user 0 by user 0 so skipping cache
V/Provider/Settings(  912):  from settings cache , name = date_format , value = 
D/PhoneInterfaceManagerEx( 1076): [PhoneIntfMgrEx] hasIccCard  simId=1
D/dalvikvm(  912): threadid=24: exiting
D/dalvikvm(  912): threadid=24: bye!
V/ActivityManager(  795): Broadcast sticky: Intent { act=android.intent.action.ADDITIONAL_BATTERY_CHANGED flg=0x60000010 (has extras) } ordered=false userid=-1 callerApp=null
V/ActivityManager(  795): Broadcast sticky: Intent { act=android.intent.action.ADDITIONAL_BATTERY_CHANGED flg=0x60000010 (has extras) } ordered=false userid=-1 callerApp=null
I/SurfaceView( 4328): updateWindow -- OnPreDrawListener, mHaveFrame = false, this = android.opengl.GLSurfaceView{431616b0 V.E..... ......I. 0,0-0,0}
I/SurfaceView( 4328): updateWindow -- OnPreDrawListener, mHaveFrame = true, this = tv.danmaku.ijk.media.sample.widget.media.SurfaceRenderView{431c0d40 V.E..... ........ 0,-97-1080,1823}
D/dalvikvm( 1680): start new thread
D/PhoneInterfaceManagerEx( 1076): [PhoneIntfMgrEx] hasIccCard  simId=0
D/PhoneInterfaceManagerEx( 1076): [PhoneIntfMgrEx] hasIccCard  simId=1
D/dalvikvm( 1680): threadid=11: notify debugger
D/dalvikvm( 1680): threadid=11 (ADThread-1501743097772): calling run()
D/dalvikvm( 1680): threadid=11: exiting
D/dalvikvm( 1680): threadid=11: bye!
I/        (  245): [BWC INFO](245): get_bwc_mm_property success
D/dalvikvm(  912): create interp thread : stack size=128KB
D/dalvikvm(  912): create new thread
D/dalvikvm(  912): new thread created
D/dalvikvm(  912): update thread list
D/dalvikvm(  912): threadid=24: interp stack at 0x7c27d000
D/dalvikvm(  912): threadid=24: created from interp
D/dalvikvm(  912): start new thread
D/dalvikvm(  912): threadid=24: notify debugger
D/dalvikvm(  912): threadid=24 (Thread-382): calling run()
V/Provider/Settings(  912): get setting for user 0 by user 0 so skipping cache
V/Provider/Settings(  912):  from settings cache , name = date_format , value = 
D/dalvikvm(  912): threadid=24: exiting
D/dalvikvm(  912): threadid=24: bye!
D/PhoneInterfaceManagerEx( 1076): [PhoneIntfMgrEx] hasIccCard  simId=0
D/PhoneInterfaceManagerEx( 1076): [PhoneIntfMgrEx] hasIccCard  simId=1
V/AudioTrackShared(  251): mAvailToClient=0 stepCount=1024 minimum=1024
D/PhoneInterfaceManagerEx( 1076): getSubscriberId
D/PhoneInterfaceManagerEx( 1076): [PhoneIntfMgrEx] hasIccCard  simId=0
D/PhoneInterfaceManagerEx( 1076): [PhoneIntfMgrEx] hasIccCard  simId=1
V/Provider/Settings( 4328): get setting for user 0 by user 0 so skipping cache
V/Provider/Settings( 4328):  from settings cache , name = font_scale , value = null
V/Provider/Settings( 4328): get setting for user 0 by user 0 so skipping cache
V/Provider/Settings( 4328):  from settings cache , name = font_scale , value = null
I/        (  245): [BWC INFO](245): get_bwc_mm_property success
D/dalvikvm( 4328): create interp thread : stack size=128KB
D/dalvikvm( 4328): create new thread
D/dalvikvm( 4328): new thread created
D/dalvikvm( 4328): update thread list
D/dalvikvm( 4328): threadid=24: interp stack at 0x88158000
D/dalvikvm( 4328): threadid=24: created from interp
D/dalvikvm( 4328): start new thread
D/dalvikvm( 4328): threadid=24: notify debugger
D/dalvikvm( 4328): threadid=24 (Thread-648): calling run()
D/KPSRootLayoutHandler( 4328): onMeasure, width: 1080 height: 1725
D/KPSRootLayoutHandler( 4328): 0 == 0 break;
D/KPSRootLayoutHandler( 4328): onMeasure, width: 1080 height: 1725
D/KPSRootLayoutHandler( 4328): 0 == 0 break;
V/AudioTrackShared(  251): mAvailToClient=128 stepCount=896 minimum=1024
I/SurfaceView( 4328): updateWindow -- OnPreDrawListener, mHaveFrame = false, this = android.opengl.GLSurfaceView{431616b0 V.E..... ......I. 0,0-0,0}
I/SurfaceView( 4328): updateWindow -- OnPreDrawListener, mHaveFrame = true, this = tv.danmaku.ijk.media.sample.widget.media.SurfaceRenderView{431c0d40 V.E..... ........ 0,-97-1080,1823}
I/SurfaceView( 4328): updateWindow -- OnPreDrawListener, mHaveFrame = false, this = android.opengl.GLSurfaceView{431616b0 V.E..... ......I. 0,0-0,0}
I/SurfaceView( 4328): updateWindow -- OnPreDrawListener, mHaveFrame = true, this = tv.danmaku.ijk.media.sample.widget.media.SurfaceRenderView{431c0d40 V.E..... ........ 0,-97-1080,1823}
I/        (  245): [BWC INFO](245): get_bwc_mm_property success
I/SurfaceView( 4328): updateWindow -- OnPreDrawListener, mHaveFrame = false, this = android.opengl.GLSurfaceView{431616b0 V.E..... ......I. 0,0-0,0}
I/SurfaceView( 4328): updateWindow -- OnPreDrawListener, mHaveFrame = true, this = tv.danmaku.ijk.media.sample.widget.media.SurfaceRenderView{431c0d40 V.E..... ........ 0,-97-1080,1823}
V/AudioTrackShared(  251): mAvailToClient=0 stepCount=1024 minimum=1024
I/        (  245): [BWC INFO](245): get_bwc_mm_property success
I/SurfaceView( 4328): updateWindow -- OnPreDrawListener, mHaveFrame = false, this = android.opengl.GLSurfaceView{431616b0 V.E..... ......I. 0,0-0,0}
I/SurfaceView( 4328): updateWindow -- OnPreDrawListener, mHaveFrame = true, this = tv.danmaku.ijk.media.sample.widget.media.SurfaceRenderView{431c0d40 V.E..... ........ 0,-97-1080,1823}
V/AudioTrackShared(  251): mAvailToClient=128 stepCount=896 minimum=1024
I/        (  245): [BWC INFO](245): get_bwc_mm_property success
I/SurfaceView( 4328): updateWindow -- OnPreDrawListener, mHaveFrame = false, this = android.opengl.GLSurfaceView{431616b0 V.E..... ......I. 0,0-0,0}
I/SurfaceView( 4328): updateWindow -- OnPreDrawListener, mHaveFrame = true, this = tv.danmaku.ijk.media.sample.widget.media.SurfaceRenderView{431c0d40 V.E..... ........ 0,-97-1080,1823}
I/        (  245): [BWC INFO](245): get_bwc_mm_property success
V/AudioTrackShared(  251): mAvailToClient=0 stepCount=1024 minimum=1024
I/SurfaceView( 4328): updateWindow -- OnPreDrawListener, mHaveFrame = false, this = android.opengl.GLSurfaceView{431616b0 V.E..... ......I. 0,0-0,0}
I/SurfaceView( 4328): updateWindow -- OnPreDrawListener, mHaveFrame = true, this = tv.danmaku.ijk.media.sample.widget.media.SurfaceRenderView{431c0d40 V.E..... ........ 0,-97-1080,1823}
I/        (  245): [BWC INFO](245): get_bwc_mm_property success
I/SurfaceView( 4328): updateWindow -- OnPreDrawListener, mHaveFrame = false, this = android.opengl.GLSurfaceView{431616b0 V.E..... ......I. 0,0-0,0}
I/SurfaceView( 4328): updateWindow -- OnPreDrawListener, mHaveFrame = true, this = tv.danmaku.ijk.media.sample.widget.media.SurfaceRenderView{431c0d40 V.E..... ........ 0,-97-1080,1823}
V/AudioTrackShared(  251): mAvailToClient=128 stepCount=896 minimum=1024
I/        (  245): [BWC INFO](245): get_bwc_mm_property success
I/SurfaceView( 4328): updateWindow -- OnPreDrawListener, mHaveFrame = false, this = android.opengl.GLSurfaceView{431616b0 V.E..... ......I. 0,0-0,0}
I/SurfaceView( 4328): updateWindow -- OnPreDrawListener, mHaveFrame = true, this = tv.danmaku.ijk.media.sample.widget.media.SurfaceRenderView{431c0d40 V.E..... ........ 0,-97-1080,1823}
V/AudioTrackShared(  251): mAvailToClient=0 stepCount=1024 minimum=1024
I/        (  245): [BWC INFO](245): get_bwc_mm_property success
I/SurfaceView( 4328): updateWindow -- OnPreDrawListener, mHaveFrame = false, this = android.opengl.GLSurfaceView{431616b0 V.E..... ......I. 0,0-0,0}
I/SurfaceView( 4328): updateWindow -- OnPreDrawListener, mHaveFrame = true, this = tv.danmaku.ijk.media.sample.widget.media.SurfaceRenderView{431c0d40 V.E..... ........ 0,-97-1080,1823}
I/        (  245): [BWC INFO](245): get_bwc_mm_property success
V/AudioTrackShared(  251): mAvailToClient=128 stepCount=896 minimum=1024
I/SurfaceView( 4328): updateWindow -- OnPreDrawListener, mHaveFrame = false, this = android.opengl.GLSurfaceView{431616b0 V.E..... ......I. 0,0-0,0}
I/SurfaceView( 4328): updateWindow -- OnPreDrawListener, mHaveFrame = true, this = tv.danmaku.ijk.media.sample.widget.media.SurfaceRenderView{431c0d40 V.E..... ........ 0,-97-1080,1823}
W/System.err( 4328): java.lang.InterruptedException
W/System.err( 4328): 	at java.lang.VMThread.sleep(Native Method)
W/System.err( 4328): 	at java.lang.Thread.sleep(Thread.java:1020)
W/System.err( 4328): 	at java.lang.Thread.sleep(Thread.java:1002)
W/System.err( 4328): 	at com.yizhibo.video.view.bubble.BubbleView$b.run(SourceFile)
W/System.err( 4328): 	at java.lang.Thread.run(Thread.java:848)
D/dalvikvm( 4328): threadid=24: exiting
D/dalvikvm( 4328): threadid=24: bye!
I/        (  245): [BWC INFO](245): get_bwc_mm_property success
I/SurfaceView( 4328): updateWindow -- OnPreDrawListener, mHaveFrame = false, this = android.opengl.GLSurfaceView{431616b0 V.E..... ......I. 0,0-0,0}
I/SurfaceView( 4328): updateWindow -- OnPreDrawListener, mHaveFrame = true, this = tv.danmaku.ijk.media.sample.widget.media.SurfaceRenderView{431c0d40 V.E..... ........ 0,-97-1080,1823}
V/AudioTrackShared(  251): mAvailToClient=0 stepCount=1024 minimum=1024
I/        (  245): [BWC INFO](245): get_bwc_mm_property success
I/SurfaceView( 4328): updateWindow -- OnPreDrawListener, mHaveFrame = false, this = android.opengl.GLSurfaceView{431616b0 V.E..... ......I. 0,0-0,0}
I/SurfaceView( 4328): updateWindow -- OnPreDrawListener, mHaveFrame = true, this = tv.danmaku.ijk.media.sample.widget.media.SurfaceRenderView{431c0d40 V.E..... ........ 0,-97-1080,1823}
I/BufferQueue(  245): [com.ccvideo/com.yizhibo.video.activity.PlayerActivity](this:0xb76d08b0,id:48,api:1,p:4328,c:245) queueBuffer: fps=58.51 dur=1008.45 max=44.91 min=2.60
V/AudioTrackShared(  251): mAvailToClient=128 stepCount=896 minimum=1024
I/        (  245): [BWC INFO](245): get_bwc_mm_property success
I/SurfaceView( 4328): updateWindow -- OnPreDrawListener, mHaveFrame = false, this = android.opengl.GLSurfaceView{431616b0 V.E..... ......I. 0,0-0,0}
I/SurfaceView( 4328): updateWindow -- OnPreDrawListener, mHaveFrame = true, this = tv.danmaku.ijk.media.sample.widget.media.SurfaceRenderView{431c0d40 V.E..... ........ 0,-97-1080,1823}
I/        (  245): [BWC INFO](245): get_bwc_mm_property success
I/SurfaceView( 4328): updateWindow -- OnPreDrawListener, mHaveFrame = false, this = android.opengl.GLSurfaceView{431616b0 V.E..... ......I. 0,0-0,0}
I/SurfaceView( 4328): updateWindow -- OnPreDrawListener, mHaveFrame = true, this = tv.danmaku.ijk.media.sample.widget.media.SurfaceRenderView{431c0d40 V.E..... ........ 0,-97-1080,1823}
V/AudioTrackShared(  251): mAvailToClient=0 stepCount=1024 minimum=1024
I/        (  245): [BWC INFO](245): get_bwc_mm_property success
I/SurfaceView( 4328): updateWindow -- OnPreDrawListener, mHaveFrame = false, this = android.opengl.GLSurfaceView{431616b0 V.E..... ......I. 0,0-0,0}
I/SurfaceView( 4328): updateWindow -- OnPreDrawListener, mHaveFrame = true, this = tv.danmaku.ijk.media.sample.widget.media.SurfaceRenderView{431c0d40 V.E..... ........ 0,-97-1080,1823}
V/AudioTrackShared(  251): mAvailToClient=128 stepCount=896 minimum=1024
I/        (  245): [BWC INFO](245): get_bwc_mm_property success
I/BufferQueue(  245): [FrameBufferSurface_0](this:0xb756dd40,id:0,api:1,p:245,c:245) queueBuffer: fps=58.50 dur=1008.48 max=33.30 min=12.91
I/SurfaceView( 4328): updateWindow -- OnPreDrawListener, mHaveFrame = false, this = android.opengl.GLSurfaceView{431616b0 V.E..... ......I. 0,0-0,0}
I/SurfaceView( 4328): updateWindow -- OnPreDrawListener, mHaveFrame = true, this = tv.danmaku.ijk.media.sample.widget.media.SurfaceRenderView{431c0d40 V.E..... ........ 0,-97-1080,1823}
I/        (  245): [BWC INFO](245): get_bwc_mm_property success
V/AudioTrackShared(  251): mAvailToClient=0 stepCount=1024 minimum=1024
I/SurfaceView( 4328): updateWindow -- OnPreDrawListener, mHaveFrame = false, this = android.opengl.GLSurfaceView{431616b0 V.E..... ......I. 0,0-0,0}
I/SurfaceView( 4328): updateWindow -- OnPreDrawListener, mHaveFrame = true, this = tv.danmaku.ijk.media.sample.widget.media.SurfaceRenderView{431c0d40 V.E..... ........ 0,-97-1080,1823}
I/        (  245): [BWC INFO](245): get_bwc_mm_property success
I/SurfaceView( 4328): updateWindow -- OnPreDrawListener, mHaveFrame = false, this = android.opengl.GLSurfaceView{431616b0 V.E..... ......I. 0,0-0,0}
I/SurfaceView( 4328): updateWindow -- OnPreDrawListener, mHaveFrame = true, this = tv.danmaku.ijk.media.sample.widget.media.SurfaceRenderView{431c0d40 V.E..... ........ 0,-97-1080,1823}
V/AudioTrackShared(  251): mAvailToClient=128 stepCount=896 minimum=1024
I/        (  245): [BWC INFO](245): get_bwc_mm_property success
I/SurfaceView( 4328): updateWindow -- OnPreDrawListener, mHaveFrame = false, this = android.opengl.GLSurfaceView{431616b0 V.E..... ......I. 0,0-0,0}
I/SurfaceView( 4328): updateWindow -- OnPreDrawListener, mHaveFrame = true, this = tv.danmaku.ijk.media.sample.widget.media.SurfaceRenderView{431c0d40 V.E..... ........ 0,-97-1080,1823}
V/AudioTrackShared(  251): mAvailToClient=0 stepCount=1024 minimum=1024
I/        (  245): [BWC INFO](245): get_bwc_mm_property success
I/SurfaceView( 4328): updateWindow -- OnPreDrawListener, mHaveFrame = false, this = android.opengl.GLSurfaceView{431616b0 V.E..... ......I. 0,0-0,0}
I/SurfaceView( 4328): updateWindow -- OnPreDrawListener, mHaveFrame = true, this = tv.danmaku.ijk.media.sample.widget.media.SurfaceRenderView{431c0d40 V.E..... ........ 0,-97-1080,1823}
I/        (  245): [BWC INFO](245): get_bwc_mm_property success
I/SurfaceView( 4328): updateWindow -- OnPreDrawListener, mHaveFrame = false, this = android.opengl.GLSurfaceView{431616b0 V.E..... ......I. 0,0-0,0}
I/SurfaceView( 4328): updateWindow -- OnPreDrawListener, mHaveFrame = true, this = tv.danmaku.ijk.media.sample.widget.media.SurfaceRenderView{431c0d40 V.E..... ........ 0,-97-1080,1823}
V/AudioTrackShared(  251): mAvailToClient=128 stepCount=896 minimum=1024
I/        (  245): [BWC INFO](245): get_bwc_mm_property success
I/SurfaceView( 4328): updateWindow -- OnPreDrawListener, mHaveFrame = false, this = android.opengl.GLSurfaceView{431616b0 V.E..... ......I. 0,0-0,0}
I/SurfaceView( 4328): updateWindow -- OnPreDrawListener, mHaveFrame = true, this = tv.danmaku.ijk.media.sample.widget.media.SurfaceRenderView{431c0d40 V.E..... ........ 0,-97-1080,1823}
V/AudioTrackShared(  251): mAvailToClient=0 stepCount=1024 minimum=1024
I/        (  245): [BWC INFO](245): get_bwc_mm_property success
I/SurfaceView( 4328): updateWindow -- OnPreDrawListener, mHaveFrame = false, this = android.opengl.GLSurfaceView{431616b0 V.E..... ......I. 0,0-0,0}
I/SurfaceView( 4328): updateWindow -- OnPreDrawListener, mHaveFrame = true, this = tv.danmaku.ijk.media.sample.widget.media.SurfaceRenderView{431c0d40 V.E..... ........ 0,-97-1080,1823}
V/AudioTrackShared(  251): mAvailToClient=128 stepCount=896 minimum=1024
I/        (  245): [BWC INFO](245): get_bwc_mm_property success
I/SurfaceView( 4328): updateWindow -- OnPreDrawListener, mHaveFrame = false, this = android.opengl.GLSurfaceView{431616b0 V.E..... ......I. 0,0-0,0}
I/SurfaceView( 4328): updateWindow -- OnPreDrawListener, mHaveFrame = true, this = tv.danmaku.ijk.media.sample.widget.media.SurfaceRenderView{431c0d40 V.E..... ........ 0,-97-1080,1823}
I/        (  245): [BWC INFO](245): get_bwc_mm_property success
I/SurfaceView( 4328): updateWindow -- OnPreDrawListener, mHaveFrame = false, this = android.opengl.GLSurfaceView{431616b0 V.E..... ......I. 0,0-0,0}
I/SurfaceView( 4328): updateWindow -- OnPreDrawListener, mHaveFrame = true, this = tv.danmaku.ijk.media.sample.widget.media.SurfaceRenderView{431c0d40 V.E..... ........ 0,-97-1080,1823}
V/AudioTrackShared(  251): mAvailToClient=0 stepCount=1024 minimum=1024
I/        (  245): [BWC INFO](245): get_bwc_mm_property success
I/SurfaceView( 4328): updateWindow -- OnPreDrawListener, mHaveFrame = false, this = android.opengl.GLSurfaceView{431616b0 V.E..... ......I. 0,0-0,0}
I/SurfaceView( 4328): updateWindow -- OnPreDrawListener, mHaveFrame = true, this = tv.danmaku.ijk.media.sample.widget.media.SurfaceRenderView{431c0d40 V.E..... ........ 0,-97-1080,1823}
V/AudioTrackShared(  251): mAvailToClient=128 stepCount=896 minimum=1024
I/        (  245): [BWC INFO](245): get_bwc_mm_property success
I/SurfaceView( 4328): updateWindow -- OnPreDrawListener, mHaveFrame = false, this = android.opengl.GLSurfaceView{431616b0 V.E..... ......I. 0,0-0,0}
I/SurfaceView( 4328): updateWindow -- OnPreDrawListener, mHaveFrame = true, this = tv.danmaku.ijk.media.sample.widget.media.SurfaceRenderView{431c0d40 V.E..... ........ 0,-97-1080,1823}
D/AudioTrack( 4328): mPausedNs is 1000000000
D/SocketClient(  243): SocketClient msg = limit alert globalAlert wlan0
D/SocketClient(  243): SocketClient sendDatalocked done: 601 limit alert globalAlert wlan0
D/NetdConnector(  795): RCV <- {601 limit alert globalAlert wlan0}
D/NetworkManagementService(  795): onEvent:601 limit alert globalAlert wlan0:5
I/        (  245): [BWC INFO](245): get_bwc_mm_property success
V/Provider/Settings(  795): get setting for user 0 by user 0 so skipping cache
V/Provider/Settings(  795):  from settings cache , name = netstats_time_cache_max_age , value = null
D/AppOps  (  795): startOperation: allowing code 40 uid 1000 package android
V/NetworkStats(  795): performPollLocked(flags=0x3)
E/NetworkStats(  795): success. readNetworkStatsDetail size = 36
E/NetworkStats(  795): success. readNetworkStatsDetailWithPids end.
D/NetdConnector(  795): SND -> {59 bandwidth gettetherstats}
I/FrameworkListener(  243): onDataAvailable get 28 bytes 
V/AudioTrackShared(  251): mAvailToClient=0 stepCount=1024 minimum=1024
I/SurfaceView( 4328): updateWindow -- OnPreDrawListener, mHaveFrame = false, this = android.opengl.GLSurfaceView{431616b0 V.E..... ......I. 0,0-0,0}
I/SurfaceView( 4328): updateWindow -- OnPreDrawListener, mHaveFrame = true, this = tv.danmaku.ijk.media.sample.widget.media.SurfaceRenderView{431c0d40 V.E..... ........ 0,-97-1080,1823}
D/SocketClient(  243): SocketClient msg = Tethering stats list completed
D/SocketClient(  243): SocketClient sendDatalocked done: 200 59 Tethering stats list completed
D/NetdConnector(  795): RCV <- {200 59 Tethering stats list completed}
D/NetdConnector(  795): RMV <- {200 59 Tethering stats list completed}
E/NetworkStats(  795): success. readNetworkStatsDetailWithPids size = 18
E/NetworkStats(  795): success. readNetworkStatsDetailWithPids end.
D/NetworkStatsRecorder(  795): recordSnapshotLocked.dev:snapshot size:3
W/NetworkStatsRecorder(  795): unknown interfaces [lo, p2p0], ignoring those stats
D/NetworkStatsRecorder(  795): recordSnapshotLocked.xt:snapshot size:3
W/NetworkStatsRecorder(  795): unknown interfaces [lo, p2p0], ignoring those stats
D/NetworkStatsRecorder(  795): recordSnapshotLocked.uid:snapshot size:36
W/NetworkStatsRecorder(  795): unknown interfaces [lo, p2p0], ignoring those stats
D/NetworkStatsRecorder(  795): recordSnapshotLocked.uid_tag:snapshot size:36
W/NetworkStatsRecorder(  795): unknown interfaces [lo, p2p0], ignoring those stats
D/NetworkStatsRecorder(  795): forcePersistLocked() writing for dev
I/        (  245): [BWC INFO](245): get_bwc_mm_property success
I/SurfaceView( 4328): updateWindow -- OnPreDrawListener, mHaveFrame = false, this = android.opengl.GLSurfaceView{431616b0 V.E..... ......I. 0,0-0,0}
I/SurfaceView( 4328): updateWindow -- OnPreDrawListener, mHaveFrame = true, this = tv.danmaku.ijk.media.sample.widget.media.SurfaceRenderView{431c0d40 V.E..... ........ 0,-97-1080,1823}
V/AudioTrackShared(  251): mAvailToClient=128 stepCount=896 minimum=1024
D/NetworkStatsRecorder(  795): forcePersistLocked() writing for xt
I/        (  245): [BWC INFO](245): get_bwc_mm_property success
I/SurfaceView( 4328): updateWindow -- OnPreDrawListener, mHaveFrame = false, this = android.opengl.GLSurfaceView{431616b0 V.E..... ......I. 0,0-0,0}
I/SurfaceView( 4328): updateWindow -- OnPreDrawListener, mHaveFrame = true, this = tv.danmaku.ijk.media.sample.widget.media.SurfaceRenderView{431c0d40 V.E..... ........ 0,-97-1080,1823}
D/NetworkStatsRecorder(  795): forcePersistLocked() writing for uid
V/AudioTrackShared(  251): mAvailToClient=0 stepCount=1024 minimum=1024
I/        (  245): [BWC INFO](245): get_bwc_mm_property success
I/SurfaceView( 4328): updateWindow -- OnPreDrawListener, mHaveFrame = false, this = android.opengl.GLSurfaceView{431616b0 V.E..... ......I. 0,0-0,0}
I/SurfaceView( 4328): updateWindow -- OnPreDrawListener, mHaveFrame = true, this = tv.danmaku.ijk.media.sample.widget.media.SurfaceRenderView{431c0d40 V.E..... ........ 0,-97-1080,1823}
I/        (  245): [BWC INFO](245): get_bwc_mm_property success
I/SurfaceView( 4328): updateWindow -- OnPreDrawListener, mHaveFrame = false, this = android.opengl.GLSurfaceView{431616b0 V.E..... ......I. 0,0-0,0}
I/SurfaceView( 4328): updateWindow -- OnPreDrawListener, mHaveFrame = true, this = tv.danmaku.ijk.media.sample.widget.media.SurfaceRenderView{431c0d40 V.E..... ........ 0,-97-1080,1823}
V/AudioTrackShared(  251): mAvailToClient=128 stepCount=896 minimum=1024
I/        (  245): [BWC INFO](245): get_bwc_mm_property success
I/SurfaceView( 4328): updateWindow -- OnPreDrawListener, mHaveFrame = false, this = android.opengl.GLSurfaceView{431616b0 V.E..... ......I. 0,0-0,0}
I/SurfaceView( 4328): updateWindow -- OnPreDrawListener, mHaveFrame = true, this = tv.danmaku.ijk.media.sample.widget.media.SurfaceRenderView{431c0d40 V.E..... ........ 0,-97-1080,1823}
V/AudioTrackShared(  251): mAvailToClient=0 stepCount=1024 minimum=1024
I/        (  245): [BWC INFO](245): get_bwc_mm_property success
I/SurfaceView( 4328): updateWindow -- OnPreDrawListener, mHaveFrame = false, this = android.opengl.GLSurfaceView{431616b0 V.E..... ......I. 0,0-0,0}
I/SurfaceView( 4328): updateWindow -- OnPreDrawListener, mHaveFrame = true, this = tv.danmaku.ijk.media.sample.widget.media.SurfaceRenderView{431c0d40 V.E..... ........ 0,-97-1080,1823}
I/        (  245): [BWC INFO](245): get_bwc_mm_property success
V/AudioTrackShared(  251): mAvailToClient=128 stepCount=896 minimum=1024
I/SurfaceView( 4328): updateWindow -- OnPreDrawListener, mHaveFrame = false, this = android.opengl.GLSurfaceView{431616b0 V.E..... ......I. 0,0-0,0}
I/SurfaceView( 4328): updateWindow -- OnPreDrawListener, mHaveFrame = true, this = tv.danmaku.ijk.media.sample.widget.media.SurfaceRenderView{431c0d40 V.E..... ........ 0,-97-1080,1823}
V/NetworkStats(  795): performPollLocked() took 126ms
V/Provider/Settings(  795): get setting for user 0 by user 0 so skipping cache
V/Provider/Settings(  795):  from settings cache , name = netstats_sample_enabled , value = null
V/ActivityManager(  795): Broadcast: Intent { act=com.android.server.action.NETWORK_STATS_UPDATED flg=0x40000010 } ordered=false userid=-1 callerApp=ProcessRecord{42ae4570 795:system/1000}
V/NetworkPolicy(  795): ensureActiveMobilePolicyLocked()
D/NetdConnector(  795): SND -> {60 bandwidth setglobalalert 2097152}
D/PhoneInterfaceManagerEx( 1076): [PhoneIntfMgrEx] hasIccCard  simId=0
I/FrameworkListener(  243): onDataAvailable get 36 bytes 
D/SocketClient(  243): SocketClient msg = Bandwidth command succeeeded
D/SocketClient(  243): SocketClient sendDatalocked done: 200 60 Bandwidth command succeeeded
D/NetdConnector(  795): RCV <- {200 60 Bandwidth command succeeeded}
D/PhoneInterfaceManagerEx( 1076): [PhoneIntfMgrEx] hasIccCard  simId=1
V/NetworkPolicy(  795): updateNetworkEnabledLocked()
V/NetworkPolicy(  795):  checking policy:NetworkPolicy[NetworkTemplate: matchRule=WIFI, networkId="菅猛的小米手机"]: cycleDay=-1, cycleTimezone=UTC, warningBytes=-1, limitBytes=-1, lastWarningSnooze=-1, lastLimitSnooze=-1, metered=true, inferred=true, active=true
D/NetdConnector(  795): RMV <- {200 60 Bandwidth command succeeeded}
V/NetworkPolicy(  795):  checking policy:NetworkPolicy[NetworkTemplate: matchRule=MOBILE_ALL, subscriberId=460110...]: cycleDay=1, cycleTimezone=Asia/Shanghai, warningBytes=-1, limitBytes=-1, lastWarningSnooze=-1, lastLimitSnooze=-1, metered=true, inferred=false, active=false
V/NetworkPolicy(  795):  ignore this policy
V/NetworkPolicy(  795):  checking policy:NetworkPolicy[NetworkTemplate: matchRule=MOBILE_ALL]: cycleDay=1, cycleTimezone=Asia/Shanghai, warningBytes=-1, limitBytes=-1, lastWarningSnooze=-1, lastLimitSnooze=-1, metered=true, inferred=false, active=false
V/NetworkPolicy(  795):  ignore this policy
V/NetworkPolicy(  795):  checking policy:NetworkPolicy[NetworkTemplate: matchRule=MOBILE_ALL, subscriberId=460110...]: cycleDay=18, cycleTimezone=Asia/Shanghai, warningBytes=2147483648, limitBytes=-1, lastWarningSnooze=-1, lastLimitSnooze=-1, metered=true, inferred=true, active=false
V/NetworkPolicy(  795):  ignore this policy
V/NetworkPolicy(  795): updateNotificationsLocked()
D/NetworkPolicy(  795):  checking policy:NetworkPolicy[NetworkTemplate: matchRule=WIFI, networkId="菅猛的小米手机"]: cycleDay=-1, cycleTimezone=UTC, warningBytes=-1, limitBytes=-1, lastWarningSnooze=-1, lastLimitSnooze=-1, metered=true, inferred=true, active=true
D/NetworkPolicy(  795):  checking policy:NetworkPolicy[NetworkTemplate: matchRule=MOBILE_ALL, subscriberId=460110...]: cycleDay=1, cycleTimezone=Asia/Shanghai, warningBytes=-1, limitBytes=-1, lastWarningSnooze=-1, lastLimitSnooze=-1, metered=true, inferred=false, active=false
D/NetworkPolicy(  795):  ignore this policy
D/NetworkPolicy(  795):  checking policy:NetworkPolicy[NetworkTemplate: matchRule=MOBILE_ALL]: cycleDay=1, cycleTimezone=Asia/Shanghai, warningBytes=-1, limitBytes=-1, lastWarningSnooze=-1, lastLimitSnooze=-1, metered=true, inferred=false, active=false
D/NetworkPolicy(  795):  ignore this policy
D/NetworkPolicy(  795):  checking policy:NetworkPolicy[NetworkTemplate: matchRule=MOBILE_ALL, subscriberId=460110...]: cycleDay=18, cycleTimezone=Asia/Shanghai, warningBytes=2147483648, limitBytes=-1, lastWarningSnooze=-1, lastLimitSnooze=-1, metered=true, inferred=true, active=false
D/NetworkPolicy(  795):  ignore this policy
I/        (  245): [BWC INFO](245): get_bwc_mm_property success
I/SurfaceFlinger(  245): [Built-in Screen (type:0)] fps:58.518120,dur:1008.23,max:33.29,min:12.90
I/SurfaceView( 4328): updateWindow -- OnPreDrawListener, mHaveFrame = false, this = android.opengl.GLSurfaceView{431616b0 V.E..... ......I. 0,0-0,0}
I/SurfaceView( 4328): updateWindow -- OnPreDrawListener, mHaveFrame = true, this = tv.danmaku.ijk.media.sample.widget.media.SurfaceRenderView{431c0d40 V.E..... ........ 0,-97-1080,1823}
V/AudioTrackShared(  251): mAvailToClient=0 stepCount=1024 minimum=1024
I/        (  245): [BWC INFO](245): get_bwc_mm_property success
I/SurfaceView( 4328): updateWindow -- OnPreDrawListener, mHaveFrame = false, this = android.opengl.GLSurfaceView{431616b0 V.E..... ......I. 0,0-0,0}
I/SurfaceView( 4328): updateWindow -- OnPreDrawListener, mHaveFrame = true, this = tv.danmaku.ijk.media.sample.widget.media.SurfaceRenderView{431c0d40 V.E..... ........ 0,-97-1080,1823}
V/AudioTrackShared(  251): mAvailToClient=128 stepCount=896 minimum=1024
I/        (  245): [BWC INFO](245): get_bwc_mm_property success
I/SurfaceView( 4328): updateWindow -- OnPreDrawListener, mHaveFrame = false, this = android.opengl.GLSurfaceView{431616b0 V.E..... ......I. 0,0-0,0}
I/SurfaceView( 4328): updateWindow -- OnPreDrawListener, mHaveFrame = true, this = tv.danmaku.ijk.media.sample.widget.media.SurfaceRenderView{431c0d40 V.E..... ........ 0,-97-1080,1823}
I/        (  245): [BWC INFO](245): get_bwc_mm_property success
I/SurfaceView( 4328): updateWindow -- OnPreDrawListener, mHaveFrame = false, this = android.opengl.GLSurfaceView{431616b0 V.E..... ......I. 0,0-0,0}
I/SurfaceView( 4328): updateWindow -- OnPreDrawListener, mHaveFrame = true, this = tv.danmaku.ijk.media.sample.widget.media.SurfaceRenderView{431c0d40 V.E..... ........ 0,-97-1080,1823}
V/AudioTrackShared(  251): mAvailToClient=0 stepCount=1024 minimum=1024
I/        (  245): [BWC INFO](245): get_bwc_mm_property success
I/SurfaceView( 4328): updateWindow -- OnPreDrawListener, mHaveFrame = false, this = android.opengl.GLSurfaceView{431616b0 V.E..... ......I. 0,0-0,0}
I/SurfaceView( 4328): updateWindow -- OnPreDrawListener, mHaveFrame = true, this = tv.danmaku.ijk.media.sample.widget.media.SurfaceRenderView{431c0d40 V.E..... ........ 0,-97-1080,1823}
D/AES     (  795): AEEIOCTL_RT_MON_Kick IOCTL,lParam=0. 
V/AudioTrackShared(  251): mAvailToClient=128 stepCount=896 minimum=1024
I/SurfaceView( 4328): updateWindow -- OnPreDrawListener, mHaveFrame = false, this = android.opengl.GLSurfaceView{431616b0 V.E..... ......I. 0,0-0,0}
I/SurfaceView( 4328): updateWindow -- OnPreDrawListener, mHaveFrame = true, this = tv.danmaku.ijk.media.sample.widget.media.SurfaceRenderView{431c0d40 V.E..... ........ 0,-97-1080,1823}
I/        (  245): [BWC INFO](245): get_bwc_mm_property success
V/AudioTrackShared(  251): mAvailToClient=0 stepCount=1024 minimum=1024
I/        (  245): [BWC INFO](245): get_bwc_mm_property success
I/SurfaceView( 4328): updateWindow -- OnPreDrawListener, mHaveFrame = false, this = android.opengl.GLSurfaceView{431616b0 V.E..... ......I. 0,0-0,0}
I/SurfaceView( 4328): updateWindow -- OnPreDrawListener, mHaveFrame = true, this = tv.danmaku.ijk.media.sample.widget.media.SurfaceRenderView{431c0d40 V.E..... ........ 0,-97-1080,1823}
I/        (  245): [BWC INFO](245): get_bwc_mm_property success
I/SurfaceView( 4328): updateWindow -- OnPreDrawListener, mHaveFrame = false, this = android.opengl.GLSurfaceView{431616b0 V.E..... ......I. 0,0-0,0}
I/SurfaceView( 4328): updateWindow -- OnPreDrawListener, mHaveFrame = true, this = tv.danmaku.ijk.media.sample.widget.media.SurfaceRenderView{431c0d40 V.E..... ........ 0,-97-1080,1823}
V/AudioTrackShared(  251): mAvailToClient=128 stepCount=896 minimum=1024
I/        (  245): [BWC INFO](245): get_bwc_mm_property success
I/SurfaceView( 4328): updateWindow -- OnPreDrawListener, mHaveFrame = false, this = android.opengl.GLSurfaceView{431616b0 V.E..... ......I. 0,0-0,0}
I/SurfaceView( 4328): updateWindow -- OnPreDrawListener, mHaveFrame = true, this = tv.danmaku.ijk.media.sample.widget.media.SurfaceRenderView{431c0d40 V.E..... ........ 0,-97-1080,1823}
V/AudioTrackShared(  251): mAvailToClient=0 stepCount=1024 minimum=1024
I/        (  245): [BWC INFO](245): get_bwc_mm_property success
I/SurfaceView( 4328): updateWindow -- OnPreDrawListener, mHaveFrame = false, this = android.opengl.GLSurfaceView{431616b0 V.E..... ......I. 0,0-0,0}
I/SurfaceView( 4328): updateWindow -- OnPreDrawListener, mHaveFrame = true, this = tv.danmaku.ijk.media.sample.widget.media.SurfaceRenderView{431c0d40 V.E..... ........ 0,-97-1080,1823}
I/        (  245): [BWC INFO](245): get_bwc_mm_property success
V/AudioTrackShared(  251): mAvailToClient=128 stepCount=896 minimum=1024
I/SurfaceView( 4328): updateWindow -- OnPreDrawListener, mHaveFrame = false, this = android.opengl.GLSurfaceView{431616b0 V.E..... ......I. 0,0-0,0}
I/SurfaceView( 4328): updateWindow -- OnPreDrawListener, mHaveFrame = true, this = tv.danmaku.ijk.media.sample.widget.media.SurfaceRenderView{431c0d40 V.E..... ........ 0,-97-1080,1823}
I/        (  245): [BWC INFO](245): get_bwc_mm_property success
I/SurfaceView( 4328): updateWindow -- OnPreDrawListener, mHaveFrame = false, this = android.opengl.GLSurfaceView{431616b0 V.E..... ......I. 0,0-0,0}
I/SurfaceView( 4328): updateWindow -- OnPreDrawListener, mHaveFrame = true, this = tv.danmaku.ijk.media.sample.widget.media.SurfaceRenderView{431c0d40 V.E..... ........ 0,-97-1080,1823}
V/AudioTrackShared(  251): mAvailToClient=0 stepCount=1024 minimum=1024
I/        (  245): [BWC INFO](245): get_bwc_mm_property success
I/SurfaceView( 4328): updateWindow -- OnPreDrawListener, mHaveFrame = false, this = android.opengl.GLSurfaceView{431616b0 V.E..... ......I. 0,0-0,0}
I/SurfaceView( 4328): updateWindow -- OnPreDrawListener, mHaveFrame = true, this = tv.danmaku.ijk.media.sample.widget.media.SurfaceRenderView{431c0d40 V.E..... ........ 0,-97-1080,1823}
I/Process (  795): get_ion_cache_memory totalNum:51879936
I/Process (  795): mm_heap_freelist total_size=0x0
I/Process (  795): ----------------------------------------------------
I/Process (  795):   
I/Process (  795): get_ion_cache_memory ionCacheTotalInByte:51879936
V/AudioTrackShared(  251): mAvailToClient=128 stepCount=896 minimum=1024
I/        (  245): [BWC INFO](245): get_bwc_mm_property success
I/SurfaceView( 4328): updateWindow -- OnPreDrawListener, mHaveFrame = false, this = android.opengl.GLSurfaceView{431616b0 V.E..... ......I. 0,0-0,0}
I/SurfaceView( 4328): updateWindow -- OnPreDrawListener, mHaveFrame = true, this = tv.danmaku.ijk.media.sample.widget.media.SurfaceRenderView{431c0d40 V.E..... ........ 0,-97-1080,1823}
I/        (  245): [BWC INFO](245): get_bwc_mm_property success
I/SurfaceView( 4328): updateWindow -- OnPreDrawListener, mHaveFrame = false, this = android.opengl.GLSurfaceView{431616b0 V.E..... ......I. 0,0-0,0}
I/SurfaceView( 4328): updateWindow -- OnPreDrawListener, mHaveFrame = true, this = tv.danmaku.ijk.media.sample.widget.media.SurfaceRenderView{431c0d40 V.E..... ........ 0,-97-1080,1823}
V/AudioTrackShared(  251): mAvailToClient=0 stepCount=1024 minimum=1024
I/        (  245): [BWC INFO](245): get_bwc_mm_property success
I/SurfaceView( 4328): updateWindow -- OnPreDrawListener, mHaveFrame = false, this = android.opengl.GLSurfaceView{431616b0 V.E..... ......I. 0,0-0,0}
I/SurfaceView( 4328): updateWindow -- OnPreDrawListener, mHaveFrame = true, this = tv.danmaku.ijk.media.sample.widget.media.SurfaceRenderView{431c0d40 V.E..... ........ 0,-97-1080,1823}
V/AudioTrackShared(  251): mAvailToClient=128 stepCount=896 minimum=1024
I/        (  245): [BWC INFO](245): get_bwc_mm_property success
I/SurfaceView( 4328): updateWindow -- OnPreDrawListener, mHaveFrame = false, this = android.opengl.GLSurfaceView{431616b0 V.E..... ......I. 0,0-0,0}
I/SurfaceView( 4328): updateWindow -- OnPreDrawListener, mHaveFrame = true, this = tv.danmaku.ijk.media.sample.widget.media.SurfaceRenderView{431c0d40 V.E..... ........ 0,-97-1080,1823}
V/AudioTrackShared(  251): mAvailToClient=0 stepCount=1024 minimum=1024
I/        (  245): [BWC INFO](245): get_bwc_mm_property success
I/SurfaceView( 4328): updateWindow -- OnPreDrawListener, mHaveFrame = false, this = android.opengl.GLSurfaceView{431616b0 V.E..... ......I. 0,0-0,0}
I/SurfaceView( 4328): updateWindow -- OnPreDrawListener, mHaveFrame = true, this = tv.danmaku.ijk.media.sample.widget.media.SurfaceRenderView{431c0d40 V.E..... ........ 0,-97-1080,1823}
I/        (  245): [BWC INFO](245): get_bwc_mm_property success
I/SurfaceView( 4328): updateWindow -- OnPreDrawListener, mHaveFrame = false, this = android.opengl.GLSurfaceView{431616b0 V.E..... ......I. 0,0-0,0}
I/SurfaceView( 4328): updateWindow -- OnPreDrawListener, mHaveFrame = true, this = tv.danmaku.ijk.media.sample.widget.media.SurfaceRenderView{431c0d40 V.E..... ........ 0,-97-1080,1823}
I/BufferQueue(  245): [StatusBar](this:0xb75dd060,id:6,api:1,p:912,c:245) queueBuffer: fps=4.45 dur=1124.16 max=503.82 min=13.98
V/AudioTrackShared(  251): mAvailToClient=128 stepCount=896 minimum=1024
D/        (  257): charger_monitor log_has_update will be set false
I/        (  245): [BWC INFO](245): get_bwc_mm_property success
I/SurfaceView( 4328): updateWindow -- OnPreDrawListener, mHaveFrame = false, this = android.opengl.GLSurfaceView{431616b0 V.E..... ......I. 0,0-0,0}
I/SurfaceView( 4328): updateWindow -- OnPreDrawListener, mHaveFrame = true, this = tv.danmaku.ijk.media.sample.widget.media.SurfaceRenderView{431c0d40 V.E..... ........ 0,-97-1080,1823}
V/AudioTrackShared(  251): mAvailToClient=0 stepCount=1024 minimum=1024
I/        (  245): [BWC INFO](245): get_bwc_mm_property success
I/SurfaceView( 4328): updateWindow -- OnPreDrawListener, mHaveFrame = false, this = android.opengl.GLSurfaceView{431616b0 V.E..... ......I. 0,0-0,0}
I/SurfaceView( 4328): updateWindow -- OnPreDrawListener, mHaveFrame = true, this = tv.danmaku.ijk.media.sample.widget.media.SurfaceRenderView{431c0d40 V.E..... ........ 0,-97-1080,1823}
I/        (  245): [BWC INFO](245): get_bwc_mm_property success
V/AudioTrackShared(  251): mAvailToClient=128 stepCount=896 minimum=1024
I/SurfaceView( 4328): updateWindow -- OnPreDrawListener, mHaveFrame = false, this = android.opengl.GLSurfaceView{431616b0 V.E..... ......I. 0,0-0,0}
I/SurfaceView( 4328): updateWindow -- OnPreDrawListener, mHaveFrame = true, this = tv.danmaku.ijk.media.sample.widget.media.SurfaceRenderView{431c0d40 V.E..... ........ 0,-97-1080,1823}
I/        (  245): [BWC INFO](245): get_bwc_mm_property success
I/SurfaceView( 4328): updateWindow -- OnPreDrawListener, mHaveFrame = false, this = android.opengl.GLSurfaceView{431616b0 V.E..... ......I. 0,0-0,0}
I/SurfaceView( 4328): updateWindow -- OnPreDrawListener, mHaveFrame = true, this = tv.danmaku.ijk.media.sample.widget.media.SurfaceRenderView{431c0d40 V.E..... ........ 0,-97-1080,1823}
V/AudioTrackShared(  251): mAvailToClient=0 stepCount=1024 minimum=1024
I/        (  245): [BWC INFO](245): get_bwc_mm_property success
I/BufferQueue(  245): [SurfaceView](this:0xb768d140,id:47,api:2,p:4328,c:245) queueBuffer: fps=13.30 dur=1052.46 max=183.56 min=54.46
I/SurfaceView( 4328): updateWindow -- OnPreDrawListener, mHaveFrame = false, this = android.opengl.GLSurfaceView{431616b0 V.E..... ......I. 0,0-0,0}
I/SurfaceView( 4328): updateWindow -- OnPreDrawListener, mHaveFrame = true, this = tv.danmaku.ijk.media.sample.widget.media.SurfaceRenderView{431c0d40 V.E..... ........ 0,-97-1080,1823}
V/AudioTrackShared(  251): mAvailToClient=128 stepCount=896 minimum=1024
I/        (  245): [BWC INFO](245): get_bwc_mm_property success
I/SurfaceView( 4328): updateWindow -- OnPreDrawListener, mHaveFrame = false, this = android.opengl.GLSurfaceView{431616b0 V.E..... ......I. 0,0-0,0}
I/SurfaceView( 4328): updateWindow -- OnPreDrawListener, mHaveFrame = true, this = tv.danmaku.ijk.media.sample.widget.media.SurfaceRenderView{431c0d40 V.E..... ........ 0,-97-1080,1823}
I/        (  245): [BWC INFO](245): get_bwc_mm_property success
I/SurfaceView( 4328): updateWindow -- OnPreDrawListener, mHaveFrame = false, this = android.opengl.GLSurfaceView{431616b0 V.E..... ......I. 0,0-0,0}
I/SurfaceView( 4328): updateWindow -- OnPreDrawListener, mHaveFrame = true, this = tv.danmaku.ijk.media.sample.widget.media.SurfaceRenderView{431c0d40 V.E..... ........ 0,-97-1080,1823}
V/AudioTrackShared(  251): mAvailToClient=0 stepCount=1024 minimum=1024
I/        (  245): [BWC INFO](245): get_bwc_mm_property success
I/SurfaceView( 4328): updateWindow -- OnPreDrawListener, mHaveFrame = false, this = android.opengl.GLSurfaceView{431616b0 V.E..... ......I. 0,0-0,0}
I/SurfaceView( 4328): updateWindow -- OnPreDrawListener, mHaveFrame = true, this = tv.danmaku.ijk.media.sample.widget.media.SurfaceRenderView{431c0d40 V.E..... ........ 0,-97-1080,1823}
V/AudioTrackShared(  251): mAvailToClient=128 stepCount=896 minimum=1024
I/        (  245): [BWC INFO](245): get_bwc_mm_property success
I/SurfaceView( 4328): updateWindow -- OnPreDrawListener, mHaveFrame = false, this = android.opengl.GLSurfaceView{431616b0 V.E..... ......I. 0,0-0,0}
I/SurfaceView( 4328): updateWindow -- OnPreDrawListener, mHaveFrame = true, this = tv.danmaku.ijk.media.sample.widget.media.SurfaceRenderView{431c0d40 V.E..... ........ 0,-97-1080,1823}
I/        (  245): [BWC INFO](245): get_bwc_mm_property success
V/AudioTrackShared(  251): mAvailToClient=0 stepCount=1024 minimum=1024
I/SurfaceView( 4328): updateWindow -- OnPreDrawListener, mHaveFrame = false, this = android.opengl.GLSurfaceView{431616b0 V.E..... ......I. 0,0-0,0}
I/SurfaceView( 4328): updateWindow -- OnPreDrawListener, mHaveFrame = true, this = tv.danmaku.ijk.media.sample.widget.media.SurfaceRenderView{431c0d40 V.E..... ........ 0,-97-1080,1823}
I/        (  245): [BWC INFO](245): get_bwc_mm_property success
I/SurfaceView( 4328): updateWindow -- OnPreDrawListener, mHaveFrame = false, this = android.opengl.GLSurfaceView{431616b0 V.E..... ......I. 0,0-0,0}
I/SurfaceView( 4328): updateWindow -- OnPreDrawListener, mHaveFrame = true, this = tv.danmaku.ijk.media.sample.widget.media.SurfaceRenderView{431c0d40 V.E..... ........ 0,-97-1080,1823}
V/AudioTrackShared(  251): mAvailToClient=128 stepCount=896 minimum=1024
I/        (  245): [BWC INFO](245): get_bwc_mm_property success
I/SurfaceView( 4328): updateWindow -- OnPreDrawListener, mHaveFrame = false, this = android.opengl.GLSurfaceView{431616b0 V.E..... ......I. 0,0-0,0}
I/SurfaceView( 4328): updateWindow -- OnPreDrawListener, mHaveFrame = true, this = tv.danmaku.ijk.media.sample.widget.media.SurfaceRenderView{431c0d40 V.E..... ........ 0,-97-1080,1823}
V/AudioTrackShared(  251): mAvailToClient=0 stepCount=1024 minimum=1024
I/SurfaceView( 4328): updateWindow -- OnPreDrawListener, mHaveFrame = false, this = android.opengl.GLSurfaceView{431616b0 V.E..... ......I. 0,0-0,0}
I/SurfaceView( 4328): updateWindow -- OnPreDrawListener, mHaveFrame = true, this = tv.danmaku.ijk.media.sample.widget.media.SurfaceRenderView{431c0d40 V.E..... ........ 0,-97-1080,1823}
I/        (  245): [BWC INFO](245): get_bwc_mm_property success
I/        (  245): [BWC INFO](245): get_bwc_mm_property success
I/SurfaceView( 4328): updateWindow -- OnPreDrawListener, mHaveFrame = false, this = android.opengl.GLSurfaceView{431616b0 V.E..... ......I. 0,0-0,0}
I/SurfaceView( 4328): updateWindow -- OnPreDrawListener, mHaveFrame = true, this = tv.danmaku.ijk.media.sample.widget.media.SurfaceRenderView{431c0d40 V.E..... ........ 0,-97-1080,1823}
V/AudioTrackShared(  251): mAvailToClient=128 stepCount=896 minimum=1024
I/        (  245): [BWC INFO](245): get_bwc_mm_property success
I/SurfaceView( 4328): updateWindow -- OnPreDrawListener, mHaveFrame = false, this = android.opengl.GLSurfaceView{431616b0 V.E..... ......I. 0,0-0,0}
I/SurfaceView( 4328): updateWindow -- OnPreDrawListener, mHaveFrame = true, this = tv.danmaku.ijk.media.sample.widget.media.SurfaceRenderView{431c0d40 V.E..... ........ 0,-97-1080,1823}
V/AudioTrackShared(  251): mAvailToClient=0 stepCount=1024 minimum=1024
I/        (  245): [BWC INFO](245): get_bwc_mm_property success
I/SurfaceView( 4328): updateWindow -- OnPreDrawListener, mHaveFrame = false, this = android.opengl.GLSurfaceView{431616b0 V.E..... ......I. 0,0-0,0}
I/SurfaceView( 4328): updateWindow -- OnPreDrawListener, mHaveFrame = true, this = tv.danmaku.ijk.media.sample.widget.media.SurfaceRenderView{431c0d40 V.E..... ........ 0,-97-1080,1823}
V/AudioTrackShared(  251): mAvailToClient=128 stepCount=896 minimum=1024
I/        (  245): [BWC INFO](245): get_bwc_mm_property success
D/WifiStateMachine(  795): ConnectedState{ when=-3ms what=131155 arg1=4 target=com.android.internal.util.StateMachine$SmHandler target=Handler (com.android.internal.util.StateMachine$SmHandler) {42c34c40} }
D/WifiStateMachine(  795): L2ConnectedState{ when=-4ms what=131155 arg1=4 target=com.android.internal.util.StateMachine$SmHandler target=Handler (com.android.internal.util.StateMachine$SmHandler) {42c34c40} }
D/WifiHW  (  795): enter -->wifi_send_command cmd=IFNAME=wlan0 SIGNAL_POLL
D/wpa_supplicant(  997): RX ctrl_iface - hexdump(len=11): 53 49 47 4e 41 4c 5f 50 4f 4c 4c
D/wpa_supplicant(  997): wlan0: Control interface command 'SIGNAL_POLL'
D/wpa_supplicant(  997): nl80211: survey data missing!
D/wpa_supplicant(  997): signal poll, reply_len=48
