I/BufferQueue(  245): [StatusBar](this:0xb7a9d6f0,id:7,api:1,p:919,c:245) queueBuffer: fps=3.55 dur=1408.06 max=502.73 min=82.75
I/        (  245): [BWC INFO](245): get_bwc_mm_property success
I/SurfaceFlinger(  245): [Built-in Screen (type:0)] fps:3.546869,dur:1409.69,max:503.35,min:82.92
D/BatteryService(  800): mBatteryVoltage=4227, batteryLevel=50
V/ActivityManager(  800): Broadcast sticky: Intent { act=android.intent.action.ADDITIONAL_BATTERY_CHANGED flg=0x60000010 (has extras) } ordered=false userid=-1 callerApp=null
V/ActivityManager(  800): Broadcast sticky: Intent { act=android.intent.action.BATTERY_CHANGED flg=0x60000010 (has extras) } ordered=false userid=-1 callerApp=null
D/WifiService(  800): onReceive, action:android.intent.action.BATTERY_CHANGED
D/WifiController(  800): DeviceActiveState{ when=-1ms what=155652 arg1=2 target=com.android.internal.util.StateMachine$SmHandler target=Handler (com.android.internal.util.StateMachine$SmHandler) {42aa5c00} }
D/WifiController(  800): StaEnabledState{ when=-1ms what=155652 arg1=2 target=com.android.internal.util.StateMachine$SmHandler target=Handler (com.android.internal.util.StateMachine$SmHandler) {42aa5c00} }
D/WifiController(  800): DefaultState{ when=-1ms what=155652 arg1=2 target=com.android.internal.util.StateMachine$SmHandler target=Handler (com.android.internal.util.StateMachine$SmHandler) {42aa5c00} }
D/WifiController(  800): battery changed pluggedType: 2
D/UsbDeviceManager(  800): onReceive - BATTERY_CHANGED - mPlugType: 2, mSettingUsbCharging: false, mConnected: true, mSettingUsbBicr: false
D/dalvikvm(  919): create interp thread : stack size=128KB
D/dalvikvm(  919): create new thread
D/dalvikvm(  919): new thread created
D/dalvikvm(  919): update thread list
D/PowerSaveService( 1108): PowerSaveReceiver EXTRA_STATUS: status = 2, lastCharging = true
V/ActivityManager(  800): Broadcast sticky: Intent { act=android.intent.action.ADDITIONAL_BATTERY_CHANGED flg=0x60000010 (has extras) } ordered=false userid=-1 callerApp=null
V/ActivityManager(  800): Broadcast sticky: Intent { act=android.intent.action.ADDITIONAL_BATTERY_CHANGED flg=0x60000010 (has extras) } ordered=false userid=-1 callerApp=null
D/dalvikvm(  919): threadid=28: interp stack at 0x7c365000
D/dalvikvm(  919): threadid=28: created from interp
D/dalvikvm(  919): start new thread
D/dalvikvm(  919): threadid=28: notify debugger
D/dalvikvm(  919): threadid=28 (Thread-60327): calling run()
V/Provider/Settings(  919): get setting for user 0 by user 0 so skipping cache
V/Provider/Settings(  919):  from settings cache , name = date_format , value = 
D/dalvikvm(  919): threadid=28: exiting
D/dalvikvm(  919): threadid=28: bye!
D/dalvikvm( 1670): create interp thread : stack size=128KB
D/dalvikvm( 1670): create new thread
D/dalvikvm( 1670): new thread created
D/dalvikvm( 1670): update thread list
D/dalvikvm( 1670): threadid=11: interp stack at 0x78b2a000
D/dalvikvm( 1670): threadid=11: created from interp
D/dalvikvm( 1670): start new thread
V/Provider/Settings( 1670): get setting for user 0 by user 0 so skipping cache
V/Provider/Settings( 1670):  from settings cache , name = adb_enabled , value = 1
D/dalvikvm( 1670): threadid=11: notify debugger
D/dalvikvm( 1670): threadid=11 (ADThread-1501741771940): calling run()
D/dalvikvm( 1670): threadid=11: exiting
D/dalvikvm( 1670): threadid=11: bye!
I/        (  245): [BWC INFO](245): get_bwc_mm_property success
D/dalvikvm(  919): create interp thread : stack size=128KB
D/dalvikvm(  919): create new thread
D/dalvikvm(  919): new thread created
D/dalvikvm(  919): update thread list
D/dalvikvm(  919): threadid=28: interp stack at 0x7c365000
D/dalvikvm(  919): threadid=28: created from interp
D/dalvikvm(  919): start new thread
D/dalvikvm(  919): threadid=28: notify debugger
D/dalvikvm(  919): threadid=28 (Thread-60328): calling run()
V/Provider/Settings(  919): get setting for user 0 by user 0 so skipping cache
V/Provider/Settings(  919):  from settings cache , name = date_format , value = 
D/dalvikvm(  919): threadid=28: exiting
D/dalvikvm(  919): threadid=28: bye!
I/        (  245): [BWC INFO](245): get_bwc_mm_property success
I/        (  245): [BWC INFO](245): get_bwc_mm_property success
I/        (  245): [BWC INFO](245): get_bwc_mm_property success
D/PhoneInterfaceManagerEx( 1085): [PhoneIntfMgrEx] hasIccCard  simId=0
D/PhoneInterfaceManagerEx( 1085): [PhoneIntfMgrEx] hasIccCard  simId=1
D/PhoneInterfaceManagerEx( 1085): [PhoneIntfMgrEx] hasIccCard  simId=0
D/PhoneInterfaceManagerEx( 1085): [PhoneIntfMgrEx] hasIccCard  simId=1
D/PhoneInterfaceManagerEx( 1085): [PhoneIntfMgrEx] hasIccCard  simId=0
D/PhoneInterfaceManagerEx( 1085): [PhoneIntfMgrEx] hasIccCard  simId=1
D/PhoneInterfaceManagerEx( 1085): [PhoneIntfMgrEx] hasIccCard  simId=0
D/PhoneInterfaceManagerEx( 1085): [PhoneIntfMgrEx] hasIccCard  simId=1
D/dalvikvm(  919): create interp thread : stack size=128KB
D/dalvikvm(  919): create new thread
D/dalvikvm(  919): new thread created
D/dalvikvm(  919): update thread list
D/dalvikvm(  919): threadid=28: interp stack at 0x7c365000
D/dalvikvm(  919): threadid=28: created from interp
D/dalvikvm(  919): start new thread
D/dalvikvm(  919): threadid=28: notify debugger
D/dalvikvm(  919): threadid=28 (Thread-60329): calling run()
V/Provider/Settings(  919): get setting for user 0 by user 0 so skipping cache
V/Provider/Settings(  919):  from settings cache , name = date_format , value = 
D/dalvikvm(  919): threadid=28: exiting
D/dalvikvm(  919): threadid=28: bye!
I/        (  245): [BWC INFO](245): get_bwc_mm_property success
I/        (  245): [BWC INFO](245): get_bwc_mm_property success
I/BufferQueue(  245): [StatusBar](this:0xb7a9d6f0,id:7,api:1,p:919,c:245) queueBuffer: fps=6.29 dur=1112.06 max=425.44 min=20.63
I/        (  245): [BWC INFO](245): get_bwc_mm_property success
I/SurfaceFlinger(  245): [Built-in Screen (type:0)] fps:6.293924,dur:1112.18,max:420.93,min:16.71
I/        (  245): [BWC INFO](245): get_bwc_mm_property success
D/PhoneInterfaceManagerEx( 1085): [PhoneIntfMgrEx] hasIccCard  simId=0
D/PhoneInterfaceManagerEx( 1085): [PhoneIntfMgrEx] hasIccCard  simId=1
D/PhoneInterfaceManagerEx( 1085): [PhoneIntfMgrEx] hasIccCard  simId=0
D/PhoneInterfaceManagerEx( 1085): [PhoneIntfMgrEx] hasIccCard  simId=1
D/PhoneInterfaceManagerEx( 1085): [PhoneIntfMgrEx] hasIccCard  simId=0
D/PhoneInterfaceManagerEx( 1085): [PhoneIntfMgrEx] hasIccCard  simId=1
D/PhoneInterfaceManagerEx( 1085): [PhoneIntfMgrEx] hasIccCard  simId=0
D/PhoneInterfaceManagerEx( 1085): [PhoneIntfMgrEx] hasIccCard  simId=1
D/dalvikvm(  919): create interp thread : stack size=128KB
D/dalvikvm(  919): create new thread
D/dalvikvm(  919): new thread created
D/dalvikvm(  919): update thread list
D/dalvikvm(  919): threadid=28: interp stack at 0x7c365000
D/dalvikvm(  919): threadid=28: created from interp
D/dalvikvm(  919): start new thread
D/dalvikvm(  919): threadid=28: notify debugger
D/dalvikvm(  919): threadid=28 (Thread-60330): calling run()
V/Provider/Settings(  919): get setting for user 0 by user 0 so skipping cache
V/Provider/Settings(  919):  from settings cache , name = date_format , value = 
D/dalvikvm(  919): threadid=28: exiting
D/dalvikvm(  919): threadid=28: bye!
I/        (  245): [BWC INFO](245): get_bwc_mm_property success
D/        (  257): charger_monitor log_has_update will be set false
I/        (  245): [BWC INFO](245): get_bwc_mm_property success
D/MSF.C.NetConnTag( 8931): pa ok: 41171
D/MSF.C.NetConnTag( 8931): netSend ssoSeq:41171 uin:*2354 cmd:LDE5MTQ8KTM5N34TPywWMyczPDEVNikzJCYWJjM9Kz4DLTY7CD00 41399
I/System.out( 8931): [CDS]rx timeout:10000
D/MSF.C.NetConnTag( 8931): netRecv ssoSeq:41171 uin:*2354 cmd:LDE5MTQ8KTM5N34TPywWMyczPDEVNikzJCYWJjM9Kz4DLTY7CD00 41507
I/System.out( 8931): [CDS]rx timeout:30000
I/        (  245): [BWC INFO](245): get_bwc_mm_property success
D/WifiStateMachine(  800): ConnectedState{ when=-3ms what=131155 arg1=12 target=com.android.internal.util.StateMachine$SmHandler target=Handler (com.android.internal.util.StateMachine$SmHandler) {42c15060} }
D/WifiStateMachine(  800): L2ConnectedState{ when=-4ms what=131155 arg1=12 target=com.android.internal.util.StateMachine$SmHandler target=Handler (com.android.internal.util.StateMachine$SmHandler) {42c15060} }
D/WifiHW  (  800): enter -->wifi_send_command cmd=IFNAME=wlan0 SIGNAL_POLL
D/wpa_supplicant( 1003): RX ctrl_iface - hexdump(len=11): 53 49 47 4e 41 4c 5f 50 4f 4c 4c
D/wpa_supplicant( 1003): wlan0: Control interface command 'SIGNAL_POLL'
D/wpa_supplicant( 1003): nl80211: survey data missing!
D/wpa_supplicant( 1003): signal poll, reply_len=48
D/dalvikvm( 7657): create interp thread : stack size=128KB
D/dalvikvm( 7657): create new thread
D/dalvikvm( 7657): new thread created
D/dalvikvm( 7657): update thread list
D/wpa_ctrl(  800): reply_len=4095
D/WifiHW  (  800): leave --> reply=RSSI=-49
D/WifiHW  (  800): LINKSPEED=65
D/WifiHW  (  800): NOISE=9999
D/WifiHW  (  800): FREQUENCY=2412
D/WifiHW  (  800): 
D/wifi    (  800): doStringCommand, buf IFNAME=wlan0 SIGNAL_POLL
I/WifiStateMachine(  800): fetchRssiAndLinkSpeedNative, newRssi:-49, newLinkSpeed:65, SSID:"bigbig"
D/WifiStateMachine(  800): mRssiArray[0] = -48
D/WifiStateMachine(  800): mRssiArray[1] = -48
D/WifiStateMachine(  800): mRssiArray[2] = -48
D/WifiStateMachine(  800): mRssiArray[3] = -47
D/WifiStateMachine(  800): mRssiArray[4] = -47
D/WifiStateMachine(  800): GetFilterRssi is : -47
D/WifiStateMachine(  800): mLastSignalLevel:4, newSignalLevel:4
D/WifiStateMachine(  800): fetchRssiAndLinkSpeedNative, ipAddr:67152064
D/dalvikvm( 7657): threadid=25: interp stack at 0x73c66000
D/dalvikvm( 7657): threadid=25: created from interp
D/dalvikvm( 7657): start new thread
D/dalvikvm( 7657): create interp thread : stack size=128KB
D/dalvikvm( 7657): create new thread
D/dalvikvm( 7657): new thread created
D/dalvikvm( 7657): update thread list
D/dalvikvm( 7657): threadid=25: notify debugger
D/dalvikvm( 7657): threadid=25 (IONetworkThread#1): calling run()
D/ConnectivityService(  800): getActiveNetworkInfo:NetworkInfo: type: WIFI[], state: CONNECTED/CONNECTED, reason: (unspecified), extra: "bigbig", roaming: false, failover: false, isAvailable: true, isConnectedToProvisioningNetwork: false, simId: 0/10396
D/PhoneInterfaceManagerEx( 1085): [PhoneIntfMgrEx] hasIccCard  simId=0
D/PhoneInterfaceManagerEx( 1085): [PhoneIntfMgrEx] hasIccCard  simId=1
D/dalvikvm( 7657): threadid=27: interp stack at 0x7b5ee000
D/dalvikvm( 7657): threadid=27: created from interp
D/dalvikvm( 7657): start new thread
D/dalvikvm( 7657): create interp thread : stack size=128KB
D/dalvikvm( 7657): create new thread
D/dalvikvm( 7657): new thread created
D/dalvikvm( 7657): update thread list
D/dalvikvm( 7657): threadid=27: notify debugger
D/dalvikvm( 7657): threadid=27 (IONetworkThread#2): calling run()
D/dalvikvm( 7657): threadid=31: interp stack at 0x7b610000
D/dalvikvm( 7657): threadid=31: created from interp
D/dalvikvm( 7657): start new thread
D/dalvikvm( 7657): threadid=31: notify debugger
D/dalvikvm( 7657): threadid=31 (LowPriNetworkThread#1): calling run()
D/OppoAlarmManagerHelper(  800): windowLength == AlarmManager.WINDOW_EXACT
D/OppoAlarmManagerHelper(  800): uid in mUidWhiteList =  1000
D/OppoAlarmManagerHelper(  800): uid in mUidWhiteList =  1001
D/OppoAlarmManagerHelper(  800): This uid use inexact alarm !!!  uid == 10396
D/OppoAlarmManagerHelper(  800): Pkg in mPkgWhiteList =  com.android.cts.app
D/OppoAlarmManagerHelper(  800): Pkg in mPkgWhiteList =  com.android.cts.stub
D/OppoAlarmManagerHelper(  800): Pkg in mPkgWhiteList =  com.android.deskclock
D/OppoAlarmManagerHelper(  800): Pkg in mPkgWhiteList =  com.android.mms
D/OppoAlarmManagerHelper(  800): Pkg in mPkgWhiteList =  oppo.multimedia.soundrecorder
D/OppoAlarmManagerHelper(  800): Pkg in mPkgWhiteList =  com.coloros.soundrecorder
D/OppoAlarmManagerHelper(  800): Pkg in mPkgWhiteList =  com.android.providers.calendar
D/OppoAlarmManagerHelper(  800): Pkg in mPkgWhiteList =  com.oppo.music
D/OppoAlarmManagerHelper(  800): Pkg in mPkgWhiteList =  com.nearme.note
D/OppoAlarmManagerHelper(  800): Pkg in mPkgWhiteList =  com.coloros.note
D/OppoAlarmManagerHelper(  800): Pkg in mPkgWhiteList =  com.oppo.backuprestore
D/OppoAlarmManagerHelper(  800): Pkg in mPkgWhiteList =  com.coloros.backuprestore
D/OppoAlarmManagerHelper(  800): Pkg in mPkgWhiteList =  com.oppo.weather
D/OppoAlarmManagerHelper(  800): Pkg in mPkgWhiteList =  com.coloros.weather
D/OppoAlarmManagerHelper(  800): Pkg in mPkgWhiteList =  com.mobiletools.systemhelper
D/OppoAlarmManagerHelper(  800): Pkg in mPkgWhiteList =  com.oppo.community
D/OppoAlarmManagerHelper(  800): Pkg in mPkgWhiteList =  com.nearme.themespace
D/OppoAlarmManagerHelper(  800): Pkg in mPkgWhiteList =  com.android.keyguard
D/OppoAlarmManagerHelper(  800): Pkg in mPkgWhiteList =  com.oppo.market
D/OppoAlarmManagerHelper(  800): Pkg in mPkgWhiteList =  com.android.browser
D/OppoAlarmManagerHelper(  800): key in mKeyList == clock
D/OppoAlarmManagerHelper(  800): key in mKeyList == alarm
D/OppoAlarmManagerHelper(  800): key in mKeyList == calendar
D/OppoAlarmManagerHelper(  800): This package use inexact alarm !!!  pkg1 == com.eg.android.AlipayGphone
D/OppoAlarmManagerHelper(  800): Using  inexact alarm!!!!!!!!
V/AlarmManager(  800): isAlarmNeedAlign : charging
V/AlarmManager(  800): set(PendingIntent{42c5d250: PendingIntentRecord{449c5a48 com.eg.android.AlipayGphone broadcastIntent}}) : type=0 triggerAtTime=1501742224059 win=-1 tElapsed=74281761 maxElapsed=74619335 interval=0 standalone=false
V/AlarmManager(  800): remove(operation) changed bounds; rebatching
V/AlarmManager(  800): isAlarmNeedAlign : charging
V/AlarmManager(  800): isAlarmNeedAlign : charging
V/AlarmManager(  800): Adding Alarm{439d27a0 type 1 com.ijinshan.ShouJiKongService} to Batch{439d2718 num=2 start=73841769 end=75191769}
V/AlarmManager(  800):     => now Batch{439d2718 num=2 start=73864661 end=74539661}
V/AlarmManager(  800): isAlarmNeedAlign : charging
V/AlarmManager(  800): Adding Alarm{449f0020 type 0 com.alibaba.android.rimet} to Batch{439d2718 num=3 start=73864661 end=74539661}
V/AlarmManager(  800):     => now Batch{439d2718 num=3 start=73980652 end=74539661}
V/AlarmManager(  800): isAlarmNeedAlign : charging
V/AlarmManager(  800): Adding Alarm{44afe2a8 type 0 com.alibaba.android.rimet} to Batch{439d2718 num=4 start=73980652 end=74539661}
V/AlarmManager(  800):     => now Batch{439d2718 num=4 start=73980652 end=74092393}
V/AlarmManager(  800): Adding Alarm{45b5d750 type 1 com.oppo.yellowpage} to Batch{439d2718 num=5 start=73980652 end=74092393}
V/AlarmManager(  800):     => now Batch{439d2718 num=5 start=74013322 end=74013322}
V/AlarmManager(  800): isAlarmNeedAlign : charging
V/AlarmManager(  800): Adding Alarm{432842f8 type 0 com.ss.android.article.news} to Batch{438b2050 num=2 start=74114706 end=74114706}
V/AlarmManager(  800):     => now Batch{438b2050 num=2 start=74114706 end=74114706}
V/AlarmManager(  800): isAlarmNeedAlign : charging
V/AlarmManager(  800): Adding Alarm{43f50eb0 type 0 com.tencent.mobileqq} to Batch{438b2050 num=3 start=74114706 end=74114706}
V/AlarmManager(  800):     => now Batch{438b2050 num=3 start=74114706 end=74114706}
V/AlarmManager(  800): isAlarmNeedAlign : charging
V/AlarmManager(  800): Adding Alarm{42d45638 type 0 com.ss.android.article.news} to Batch{438b2050 num=4 start=74114706 end=74114706}
V/AlarmManager(  800):     => now Batch{438b2050 num=4 start=74114706 end=74114706}
V/AlarmManager(  800): isAlarmNeedAlign : charging
V/AlarmManager(  800): isAlarmNeedAlign : charging
V/AlarmManager(  800): Adding Alarm{42f600c0 type 2 com.qihoo.appstore} to Batch{42f60038 num=2 start=74129003 end=74352007}
V/AlarmManager(  800):     => now Batch{42f60038 num=2 start=74331058 end=74352007}
V/AlarmManager(  800): isAlarmNeedAlign : charging
V/AlarmManager(  800): isAlarmNeedAlign : charging
V/AlarmManager(  800): Adding Alarm{43a045c8 type 1 com.nearme.statistics.rom} to Batch{43a04540 num=2 start=74357832 end=74752458}
V/AlarmManager(  800):     => now Batch{43a04540 num=2 start=74507187 end=74752458}
V/AlarmManager(  800): isAlarmNeedAlign : charging
V/AlarmManager(  800): isAlarmNeedAlign : charging
V/AlarmManager(  800): Adding Alarm{441dacf8 type 3 android} to Batch{441dac70 num=2 start=75221991 end=77096991}
V/AlarmManager(  800):     => now Batch{441dac70 num=2 start=75623082 end=76973082}
V/AlarmManager(  800): isAlarmNeedAlign : charging
V/AlarmManager(  800): Adding Alarm{44ae6ba8 type 2 com.ss.android.article.news} to Batch{441dac70 num=3 start=75623082 end=76973082}
V/AlarmManager(  800):     => now Batch{441dac70 num=3 start=76034670 end=76973082}
V/AlarmManager(  800): isAlarmNeedAlign : charging
V/AlarmManager(  800): Adding Alarm{438b5758 type 1 com.nearme.statistics.rom} to Batch{441dac70 num=4 start=76034670 end=76973082}
V/AlarmManager(  800):     => now Batch{441dac70 num=4 start=76034670 end=76249556}
V/AlarmManager(  800): isAlarmNeedAlign : charging
V/AlarmManager(  800): Adding Alarm{4272cf98 type 1 com.ijinshan.ShouJiKongService} to Batch{441dac70 num=5 start=76034670 end=76249556}
V/AlarmManager(  800):     => now Batch{441dac70 num=5 start=76034670 end=76249556}
V/AlarmManager(  800): isAlarmNeedAlign : charging
V/AlarmManager(  800): Adding Alarm{42d88240 type 0 com.eg.android.AlipayGphone} to Batch{441dac70 num=6 start=76034670 end=76249556}
V/AlarmManager(  800):     => now Batch{441dac70 num=6 start=76034670 end=76249556}
V/AlarmManager(  800): isAlarmNeedAlign : charging
V/AlarmManager(  800): isAlarmNeedAlign : charging
V/AlarmManager(  800): Adding Alarm{4415bae8 type 3 com.nearme.statistics.rom} to Batch{4415ba78 num=2 start=78985790 end=84385790}
V/AlarmManager(  800):     => now Batch{4415ba78 num=2 start=79241756 end=84385790}
V/AlarmManager(  800): Adding Alarm{44a6e748 type 0 com.android.providers.calendar} to Batch{4415ba78 num=3 start=79241756 end=84385790}
V/AlarmManager(  800):     => now Batch{4415ba78 num=3 start=79327676 end=79327676}
V/AlarmManager(  800): isAlarmNeedAlign : charging
V/AlarmManager(  800): isAlarmNeedAlign : charging
V/AlarmManager(  800): Adding Alarm{42e6a7e0 type 1 com.ijinshan.ShouJiKongService} to Batch{42e6a758 num=2 start=79489899 end=83733571}
V/AlarmManager(  800):     => now Batch{42e6a758 num=2 start=79881851 end=83733571}
V/AlarmManager(  800): Adding Alarm{44987668 type 0 com.oppo.market} to Batch{42e6a758 num=3 start=79881851 end=83733571}
V/AlarmManager(  800):     => now Batch{42e6a758 num=3 start=80089680 end=80089680}
V/AlarmManager(  800): isAlarmNeedAlign : charging
V/AlarmManager(  800): isAlarmNeedAlign : charging
V/AlarmManager(  800): Adding Alarm{45083170 type 0 com.android.browser} to Batch{450830e8 num=2 start=80902240 end=86205167}
V/AlarmManager(  800):     => now Batch{450830e8 num=2 start=84251052 end=86205167}
V/AlarmManager(  800): isAlarmNeedAlign : charging
V/AlarmManager(  800): Adding Alarm{42723d48 type 0 com.qihoo.appstore} to Batch{450830e8 num=3 start=84251052 end=86205167}
V/AlarmManager(  800):     => now Batch{450830e8 num=3 start=86194602 end=86205167}
V/AlarmManager(  800): isAlarmNeedAlign : charging
V/AlarmManager(  800): isAlarmNeedAlign : charging
V/AlarmManager(  800): Adding Alarm{4320d2b0 type 2 com.android.calendar} to Batch{4320d228 num=2 start=86424931 end=108024931}
V/AlarmManager(  800):     => now Batch{4320d228 num=2 start=86430540 end=108024931}
V/AlarmManager(  800): isAlarmNeedAlign : charging
V/AlarmManager(  800): Adding Alarm{43ff5ac8 type 3 com.nearme.statistics.rom} to Batch{4320d228 num=3 start=86430540 end=108024931}
V/AlarmManager(  800):     => now Batch{4320d228 num=3 start=86441763 end=108024931}
V/AlarmManager(  800): isAlarmNeedAlign : charging
V/AlarmManager(  800): Adding Alarm{44107288 type 2 com.qihoo.appstore} to Batch{4320d228 num=4 start=86441763 end=108024931}
V/AlarmManager(  800):     => now Batch{4320d228 num=4 start=86953879 end=96795535}
V/AlarmManager(  800): isAlarmNeedAlign : charging
V/AlarmManager(  800): Adding Alarm{44f7dd08 type 0 com.android.email} to Batch{4320d228 num=5 start=86953879 end=96795535}
V/AlarmManager(  800):     => now Batch{4320d228 num=5 start=86953879 end=96795535}
V/AlarmManager(  800): isAlarmNeedAlign : charging
V/AlarmManager(  800): Adding Alarm{450dc458 type 0 com.android.email} to Batch{4320d228 num=6 start=86953879 end=96795535}
V/AlarmManager(  800):     => now Batch{4320d228 num=6 start=86953879 end=96795535}
V/AlarmManager(  800): isAlarmNeedAlign : charging
V/AlarmManager(  800): Adding Alarm{451877e0 type 1 com.sohu.inputmethod.sogouoem} to Batch{4320d228 num=7 start=86953879 end=96795535}
V/AlarmManager(  800):     => now Batch{4320d228 num=7 start=86953879 end=96795535}
V/AlarmManager(  800): isAlarmNeedAlign : charging
V/AlarmManager(  800): Adding Alarm{42a04468 type 0 com.ijinshan.ShouJiKongService} to Batch{4320d228 num=8 start=86953879 end=96795535}
V/AlarmManager(  800):     => now Batch{4320d228 num=8 start=86953879 end=96795535}
V/AlarmManager(  800): isAlarmNeedAlign : charging
V/AlarmManager(  800): Adding Alarm{42d42ae8 type 0 com.ijinshan.ShouJiKongService} to Batch{4320d228 num=9 start=86953879 end=96795535}
V/AlarmManager(  800):     => now Batch{4320d228 num=9 start=86953879 end=96795535}
V/AlarmManager(  800): isAlarmNeedAlign : charging
V/AlarmManager(  800): Adding Alarm{4398e940 type 0 com.ijinshan.ShouJiKongService} to Batch{4320d228 num=10 start=86953879 end=96795535}
V/AlarmManager(  800):     => now Batch{4320d228 num=10 start=86953879 end=95981078}
V/AlarmManager(  800): isAlarmNeedAlign : charging
V/AlarmManager(  800): Adding Alarm{43846970 type 0 com.ijinshan.ShouJiKongService} to Batch{4320d228 num=11 start=86953879 end=95981078}
V/AlarmManager(  800):     => now Batch{4320d228 num=11 start=86953879 end=95981078}
V/AlarmManager(  800): isAlarmNeedAlign : charging
V/AlarmManager(  800): Adding Alarm{439f0b28 type 0 com.ijinshan.ShouJiKongService} to Batch{4320d228 num=12 start=86953879 end=95981078}
V/AlarmManager(  800):     => now Batch{4320d228 num=12 start=86953879 end=95981078}
V/AlarmManager(  800): isAlarmNeedAlign : charging
V/AlarmManager(  800): Adding Alarm{438dac90 type 0 com.ijinshan.ShouJiKongService} to Batch{4320d228 num=13 start=86953879 end=95981078}
V/AlarmManager(  800):     => now Batch{4320d228 num=13 start=86953879 end=95981078}
V/AlarmManager(  800): Adding Alarm{449594b0 type 1 com.nearme.feedback} to Batch{4320d228 num=14 start=86953879 end=95981078}
V/AlarmManager(  800):     => now Batch{4320d228 num=14 start=90473134 end=90473134}
V/AlarmManager(  800): isAlarmNeedAlign : charging
V/AlarmManager(  800): isAlarmNeedAlign : charging
V/AlarmManager(  800): Adding Alarm{42f61490 type 1 com.sohu.inputmethod.sogouoem} to Batch{42f61420 num=2 start=107274784 end=172074784}
V/AlarmManager(  800):     => now Batch{42f61420 num=2 start=108057702 end=172074784}
V/AlarmManager(  800): Adding Alarm{439b4430 type 0 com.oppo.wallpaper} to Batch{42f61420 num=3 start=108057702 end=172074784}
V/AlarmManager(  800):     => now Batch{42f61420 num=3 start=108057702 end=108057702}
V/AlarmManager(  800): isAlarmNeedAlign : charging
V/AlarmManager(  800): isAlarmNeedAlign : charging
V/AlarmManager(  800): Adding Alarm{4521de38 type 0 com.oupeng.max.sdk} to Batch{42f61420 num=4 start=108057702 end=108057702}
V/AlarmManager(  800):     => now Batch{42f61420 num=4 start=108057702 end=108057702}
V/AlarmManager(  800): isAlarmNeedAlign : charging
V/AlarmManager(  800): Adding Alarm{427bac30 type 1 com.oppo.launcher} to Batch{42f61420 num=5 start=108057702 end=108057702}
V/AlarmManager(  800):     => now Batch{42f61420 num=5 start=108057702 end=108057702}
V/AlarmManager(  800): isAlarmNeedAlign : charging
V/AlarmManager(  800): Adding Alarm{42974530 type 1 com.ijinshan.ShouJiKongService} to Batch{4521ddb0 num=2 start=108057703 end=172857703}
V/AlarmManager(  800):     => now Batch{4521ddb0 num=2 start=108058702 end=133728970}
V/AlarmManager(  800): isAlarmNeedAlign : charging
V/AlarmManager(  800): Adding Alarm{4388a530 type 0 com.qihoo.appstore} to Batch{4521ddb0 num=3 start=108058702 end=133728970}
V/AlarmManager(  800):     => now Batch{4521ddb0 num=3 start=114235862 end=133728970}
V/AlarmManager(  800): isAlarmNeedAlign : charging
V/AlarmManager(  800): Adding Alarm{43fd12c0 type 0 com.qihoo.appstore} to Batch{4521ddb0 num=4 start=114235862 end=133728970}
V/AlarmManager(  800):     => now Batch{4521ddb0 num=4 start=114236331 end=133728970}
V/AlarmManager(  800): isAlarmNeedAlign : charging
V/AlarmManager(  800): Adding Alarm{44019620 type 0 com.coloros.oppomorningsystem} to Batch{4521ddb0 num=5 start=114236331 end=133728970}
V/AlarmManager(  800):     => now Batch{4521ddb0 num=5 start=118617702 end=133728970}
V/AlarmManager(  800): isAlarmNeedAlign : charging
V/AlarmManager(  800): Adding Alarm{42c8eda8 type 0 com.oupeng.max.sdk} to Batch{4521ddb0 num=6 start=118617702 end=133728970}
V/AlarmManager(  800):     => now Batch{4521ddb0 num=6 start=122457759 end=133728970}
V/AlarmManager(  800): isAlarmNeedAlign : charging
V/AlarmManager(  800): Adding Alarm{432b6e18 type 1 com.ijinshan.ShouJiKongService} to Batch{432b6d90 num=2 start=147870404 end=147870404}
V/AlarmManager(  800):     => now Batch{432b6d90 num=2 start=147870404 end=147870404}
V/AlarmManager(  800): isAlarmNeedAlign : charging
V/AlarmManager(  800): isAlarmNeedAlign : charging
V/AlarmManager(  800): Adding Alarm{43963b08 type 1 com.sohu.inputmethod.sogouoem} to Batch{43963a80 num=2 start=158964853 end=222814726}
V/AlarmManager(  800):     => now Batch{43963a80 num=2 start=172834298 end=222814726}
V/AlarmManager(  800): isAlarmNeedAlign : charging
V/AlarmManager(  800): Adding Alarm{43aa9c40 type 1 com.nearme.romupdate} to Batch{43963a80 num=3 start=172834298 end=222814726}
V/AlarmManager(  800):     => now Batch{43963a80 num=3 start=204930842 end=222814726}
V/AlarmManager(  800): isAlarmNeedAlign : charging
V/AlarmManager(  800): Adding Alarm{43fca400 type 0 com.android.keyguard} to Batch{43fca378 num=2 start=237657702 end=360527208}
V/AlarmManager(  800):     => now Batch{43fca378 num=2 start=280857702 end=280857702}
V/AlarmManager(  800): isAlarmNeedAlign : charging
V/AlarmManager(  800): isAlarmNeedAlign : charging
V/AlarmManager(  800): Adding Alarm{448fcf80 type 2 com.color.safecenter} to Batch{4413d4f0 num=2 start=305507648 end=499907648}
V/AlarmManager(  800):     => now Batch{4413d4f0 num=2 start=314692057 end=499907648}
V/AlarmManager(  800): isAlarmNeedAlign : charging
V/AlarmManager(  800): Adding Alarm{42b0c810 type 3 com.oppo.ota} to Batch{4413d4f0 num=3 start=314692057 end=499907648}
V/AlarmManager(  800):     => now Batch{4413d4f0 num=3 start=319687890 end=499907648}
V/AlarmManager(  800): Adding Alarm{42e1e6c0 type 1 com.oppo.pcassistant} to Batch{4413d4f0 num=4 start=319687890 end=499907648}
V/AlarmManager(  800):     => now Batch{4413d4f0 num=4 start=320105063 end=320105063}
V/AlarmManager(  800): isAlarmNeedAlign : charging
V/AlarmManager(  800): isAlarmNeedAlign : charging
V/AlarmManager(  800): Adding Alarm{432d23a8 type 0 com.eg.android.AlipayGphone} to Batch{42f60038 num=3 start=74331058 end=74352007}
V/AlarmManager(  800):     => now Batch{42f60038 num=3 start=74331058 end=74352007}
I/BufferQueue(  245): [StatusBar](this:0xb7a9d6f0,id:7,api:1,p:919,c:245) queueBuffer: fps=4.52 dur=1105.13 max=303.41 min=197.98
I/        (  245): [BWC INFO](245): get_bwc_mm_property success
I/SurfaceFlinger(  245): [Built-in Screen (type:0)] fps:4.514577,dur:1107.52,max:302.69,min:200.35
D/dalvikvm( 7657): create interp thread : stack size=128KB
D/dalvikvm( 7657): create new thread
D/dalvikvm( 7657): new thread created
D/dalvikvm( 7657): update thread list
D/dalvikvm( 7657): threadid=32: interp stack at 0x7baac000
D/dalvikvm( 7657): threadid=32: created from interp
D/dalvikvm( 7657): start new thread
D/dalvikvm( 7657): threadid=32: notify debugger
D/dalvikvm( 7657): threadid=32 (applogExtras): calling run()
D/ConnectivityService(  800): getActiveNetworkInfo:NetworkInfo: type: WIFI[], state: CONNECTED/CONNECTED, reason: (unspecified), extra: "bigbig", roaming: false, failover: false, isAvailable: true, isConnectedToProvisioningNetwork: false, simId: 0/1000
V/Provider/Settings(  919): get setting for user 0 by user 0 so skipping cache
V/Provider/Settings(  919):  from settings cache , name = show_network_speed , value = 1
D/dalvikvm(  919): create interp thread : stack size=128KB
D/dalvikvm(  919): create new thread
D/dalvikvm(  919): new thread created
D/dalvikvm(  919): update thread list
D/dalvikvm(  919): threadid=28: interp stack at 0x7c365000
D/dalvikvm(  919): threadid=28: created from interp
D/dalvikvm(  919): start new thread
D/dalvikvm(  919): threadid=28: notify debugger
D/dalvikvm(  919): threadid=28 (Thread-60331): calling run()
V/Provider/Settings(  919): get setting for user 0 by user 0 so skipping cache
V/Provider/Settings(  919):  from settings cache , name = date_format , value = 
D/dalvikvm(  919): threadid=28: exiting
D/dalvikvm(  919): threadid=28: bye!
I/        (  245): [BWC INFO](245): get_bwc_mm_property success
I/        (  245): [BWC INFO](245): get_bwc_mm_property success
I/Process ( 1670): get_ion_cache_memory totalNum:182239232
I/Process ( 1670): mm_heap_freelist total_size=0x0
I/Process ( 1670): ----------------------------------------------------
I/Process ( 1670):   buffer     size kmap ref hdl mod      mva sec flag pid comm(client)   v1   v2   v3   v4 dbg_name
I/Process ( 1670): 0xd007dc00  8355840   0   3   2   0  2500000   0   0 245 surfaceflinger 0x0 0x0 0x0 0x0 nothing sf_info(-18771955 0 0 1080 1920 0 0 1080 1920 67043329 0 0 0 0 0 0 )
I/Process ( 1670): 0xd04a4300    49152   0   3   2   0  1c00000   0   3 245 surfaceflinger 0x0 0x0 0x0 0x0 noth
I/Process ( 1670): get_ion_cache_memory ionCacheTotalInByte:182239232
I/BufferQueue(  245): [](this:0xb7acb888,id:157,api:2,p:1670,c:245) queueBuffer: fps=0.10 dur=10002.05 max=10002.05 min=10002.05
I/        (  245): [BWC INFO](245): get_bwc_mm_property success
I/        (  245): [BWC INFO](245): get_bwc_mm_property success
I/        (  245): [BWC INFO](245): get_bwc_mm_property success
V/ActivityManager(  800): Broadcast sticky: Intent { act=android.intent.action.SIG_STR flg=0x10 (has extras) } ordered=false userid=-1 callerApp=ProcessRecord{427f5390 800:system/1000}
D/dalvikvm(  919): create interp thread : stack size=128KB
D/dalvikvm(  919): create new thread
D/dalvikvm(  919): new thread created
D/dalvikvm(  919): update thread list
D/dalvikvm(  919): threadid=28: interp stack at 0x7c365000
D/dalvikvm(  919): threadid=28: created from interp
D/dalvikvm(  919): start new thread
D/dalvikvm(  919): threadid=28: notify debugger
D/dalvikvm(  919): threadid=28 (Thread-60332): calling run()
D/PhoneInterfaceManagerEx( 1085): [PhoneIntfMgrEx] hasIccCard  simId=1
D/PhoneInterfaceManagerEx( 1085): [PhoneIntfMgrEx] hasIccCard  simId=1
D/PhoneInterfaceManager( 1085): isNetworkRoaming slotId=1
V/Provider/Settings(  800): get setting for user 0 by user 0 so skipping cache
V/Provider/Settings(  800):  from settings cache , name = mobile_data , value = 0
D/ConnectivityService(  800): getMobileDataEnabled returning false
D/PhoneInterfaceManagerEx( 1085): [PhoneIntfMgrEx] hasIccCard  simId=1
D/dalvikvm(  919): threadid=28: exiting
D/dalvikvm(  919): threadid=28: bye!
D/PhoneInterfaceManagerEx( 1085): [PhoneIntfMgrEx] hasIccCard  simId=0
D/PhoneInterfaceManagerEx( 1085): [PhoneIntfMgrEx] hasIccCard  simId=1
D/PhoneInterfaceManagerEx( 1085): [PhoneIntfMgrEx] hasIccCard  simId=0
D/PhoneInterfaceManagerEx( 1085): [PhoneIntfMgrEx] hasIccCard  simId=1
D/PhoneInterfaceManagerEx( 1085): [PhoneIntfMgrEx] hasIccCard  simId=0
D/PhoneInterfaceManagerEx( 1085): [PhoneIntfMgrEx] hasIccCard  simId=1
D/ConnectivityService(  800): getActiveNetworkInfo:NetworkInfo: type: WIFI[], state: CONNECTED/CONNECTED, reason: (unspecified), extra: "bigbig", roaming: false, failover: false, isAvailable: true, isConnectedToProvisioningNetwork: false, simId: 0/1000
V/Provider/Settings(  919): get setting for user 0 by user 0 so skipping cache
V/Provider/Settings(  919):  from settings cache , name = show_network_speed , value = 1
D/PhoneInterfaceManagerEx( 1085): [PhoneIntfMgrEx] hasIccCard  simId=0
D/PhoneInterfaceManagerEx( 1085): [PhoneIntfMgrEx] hasIccCard  simId=1
D/PhoneInterfaceManagerEx( 1085): [PhoneIntfMgrEx] hasIccCard  simId=0
D/PhoneInterfaceManagerEx( 1085): [PhoneIntfMgrEx] hasIccCard  simId=1
D/PhoneInterfaceManagerEx( 1085): [PhoneIntfMgrEx] hasIccCard  simId=0
D/PhoneInterfaceManagerEx( 1085): [PhoneIntfMgrEx] hasIccCard  simId=1
D/PhoneInterfaceManagerEx( 1085): [PhoneIntfMgrEx] hasIccCard  simId=0
D/PhoneInterfaceManagerEx( 1085): [PhoneIntfMgrEx] hasIccCard  simId=1
D/dalvikvm(  919): create interp thread : stack size=128KB
D/dalvikvm(  919): create new thread
D/dalvikvm(  919): new thread created
D/dalvikvm(  919): update thread list
D/dalvikvm(  919): threadid=28: interp stack at 0x7c365000
D/dalvikvm(  919): threadid=28: created from interp
D/dalvikvm(  919): start new thread
D/dalvikvm(  919): threadid=28: notify debugger
D/dalvikvm(  919): threadid=28 (Thread-60333): calling run()
V/Provider/Settings(  919): get setting for user 0 by user 0 so skipping cache
V/Provider/Settings(  919):  from settings cache , name = date_format , value = 
D/dalvikvm(  919): threadid=28: exiting
D/dalvikvm(  919): threadid=28: bye!
I/BufferQueue(  245): [StatusBar](this:0xb7a9d6f0,id:7,api:1,p:919,c:245) queueBuffer: fps=3.87 dur=1293.03 max=474.73 min=30.77
I/        (  245): [BWC INFO](245): get_bwc_mm_property success
I/SurfaceFlinger(  245): [Built-in Screen (type:0)] fps:4.629270,dur:1296.10,max:470.31,min:33.47
V/xiaomi  (13592): [Thread:1237] JOB: check the ping-pong.1501741765444
I/        (  245): [BWC INFO](245): get_bwc_mm_property success
I/        (  245): [BWC INFO](245): get_bwc_mm_property success
I/        (  245): [BWC INFO](245): get_bwc_mm_property success
I/BufferQueue(  245): [StatusBar](this:0xb7a9d6f0,id:7,api:1,p:919,c:245) queueBuffer: fps=3.88 dur=1031.59 max=504.24 min=124.51
I/        (  245): [BWC INFO](245): get_bwc_mm_property success
I/SurfaceFlinger(  245): [Built-in Screen (type:0)] fps:3.900212,dur:1025.59,max:504.01,min:118.52
I/        (  245): [BWC INFO](245): get_bwc_mm_property success
I/        (  245): [BWC INFO](245): get_bwc_mm_property success
D/BatteryService(  800): mBatteryVoltage=4232, batteryLevel=50
V/ActivityManager(  800): Broadcast sticky: Intent { act=android.intent.action.ADDITIONAL_BATTERY_CHANGED flg=0x60000010 (has extras) } ordered=false userid=-1 callerApp=null
V/ActivityManager(  800): Broadcast sticky: Intent { act=android.intent.action.BATTERY_CHANGED flg=0x60000010 (has extras) } ordered=false userid=-1 callerApp=null
D/WifiService(  800): onReceive, action:android.intent.action.BATTERY_CHANGED
D/UsbDeviceManager(  800): onReceive - BATTERY_CHANGED - mPlugType: 2, mSettingUsbCharging: false, mConnected: true, mSettingUsbBicr: false
D/WifiController(  800): DeviceActiveState{ when=-1ms what=155652 arg1=2 target=com.android.internal.util.StateMachine$SmHandler target=Handler (com.android.internal.util.StateMachine$SmHandler) {42aa5c00} }
D/WifiController(  800): StaEnabledState{ when=-1ms what=155652 arg1=2 target=com.android.internal.util.StateMachine$SmHandler target=Handler (com.android.internal.util.StateMachine$SmHandler) {42aa5c00} }
D/WifiController(  800): DefaultState{ when=-1ms what=155652 arg1=2 target=com.android.internal.util.StateMachine$SmHandler target=Handler (com.android.internal.util.StateMachine$SmHandler) {42aa5c00} }
D/WifiController(  800): battery changed pluggedType: 2
D/PowerSaveService( 1108): PowerSaveReceiver EXTRA_STATUS: status = 2, lastCharging = true
V/ActivityManager(  800): Broadcast sticky: Intent { act=android.intent.action.ADDITIONAL_BATTERY_CHANGED flg=0x60000010 (has extras) } ordered=false userid=-1 callerApp=null
V/ActivityManager(  800): Broadcast sticky: Intent { act=android.intent.action.ADDITIONAL_BATTERY_CHANGED flg=0x60000010 (has extras) } ordered=false userid=-1 callerApp=null
D/dalvikvm( 1670): create interp thread : stack size=128KB
D/dalvikvm( 1670): create new thread
D/dalvikvm( 1670): new thread created
D/dalvikvm( 1670): update thread list
D/dalvikvm(  919): create interp thread : stack size=128KB
D/dalvikvm(  919): create new thread
D/dalvikvm(  919): new thread created
D/dalvikvm(  919): update thread list
D/dalvikvm(  919): threadid=28: interp stack at 0x7c365000
D/dalvikvm(  919): threadid=28: created from interp
D/dalvikvm(  919): start new thread
D/dalvikvm(  919): threadid=28: notify debugger
D/dalvikvm(  919): threadid=28 (Thread-60334): calling run()
V/Provider/Settings(  919): get setting for user 0 by user 0 so skipping cache
V/Provider/Settings(  919):  from settings cache , name = date_format , value = 
D/dalvikvm(  919): threadid=28: exiting
D/dalvikvm(  919): threadid=28: bye!
D/dalvikvm( 1670): threadid=11: interp stack at 0x78b2a000
D/dalvikvm( 1670): threadid=11: created from interp
D/dalvikvm( 1670): start new thread
V/Provider/Settings( 1670): get setting for user 0 by user 0 so skipping cache
V/Provider/Settings( 1670):  from settings cache , name = adb_enabled , value = 1
D/dalvikvm( 1670): threadid=11: notify debugger
D/dalvikvm( 1670): threadid=11 (ADThread-1501741776895): calling run()
I/        (  245): [BWC INFO](245): get_bwc_mm_property success
D/dalvikvm(  919): create interp thread : stack size=128KB
D/dalvikvm(  919): create new thread
D/dalvikvm(  919): new thread created
D/dalvikvm(  919): update thread list
D/dalvikvm(  919): threadid=28: interp stack at 0x7c365000
D/dalvikvm(  919): threadid=28: created from interp
D/dalvikvm(  919): start new thread
D/dalvikvm(  919): threadid=28: notify debugger
D/dalvikvm(  919): threadid=28 (Thread-60335): calling run()
V/Provider/Settings(  919): get setting for user 0 by user 0 so skipping cache
V/Provider/Settings(  919):  from settings cache , name = date_format , value = 
I/        (  245): [BWC INFO](245): get_bwc_mm_property success
D/dalvikvm( 8722): threadid=28: exiting
D/dalvikvm( 8722): threadid=28: bye!
D/dalvikvm(  919): threadid=28: exiting
D/dalvikvm(  919): threadid=28: bye!
D/WifiStateMachine(  800): ConnectedState{ when=-2ms what=131155 arg1=12 target=com.android.internal.util.StateMachine$SmHandler target=Handler (com.android.internal.util.StateMachine$SmHandler) {42c15060} }
D/WifiStateMachine(  800): L2ConnectedState{ when=-2ms what=131155 arg1=12 target=com.android.internal.util.StateMachine$SmHandler target=Handler (com.android.internal.util.StateMachine$SmHandler) {42c15060} }
D/WifiHW  (  800): enter -->wifi_send_command cmd=IFNAME=wlan0 SIGNAL_POLL
D/wpa_supplicant( 1003): RX ctrl_iface - hexdump(len=11): 53 49 47 4e 41 4c 5f 50 4f 4c 4c
D/wpa_supplicant( 1003): wlan0: Control interface command 'SIGNAL_POLL'
D/wpa_supplicant( 1003): nl80211: survey data missing!
D/wpa_supplicant( 1003): signal poll, reply_len=48
D/wpa_ctrl(  800): reply_len=4095
D/WifiHW  (  800): leave --> reply=RSSI=-49
D/WifiHW  (  800): LINKSPEED=65
D/WifiHW  (  800): NOISE=9999
D/WifiHW  (  800): FREQUENCY=2412
D/WifiHW  (  800): 
D/wifi    (  800): doStringCommand, buf IFNAME=wlan0 SIGNAL_POLL
I/WifiStateMachine(  800): fetchRssiAndLinkSpeedNative, newRssi:-49, newLinkSpeed:65, SSID:"bigbig"
D/WifiStateMachine(  800): mRssiArray[0] = -48
D/WifiStateMachine(  800): mRssiArray[1] = -48
D/WifiStateMachine(  800): mRssiArray[2] = -49
D/WifiStateMachine(  800): mRssiArray[3] = -47
D/WifiStateMachine(  800): mRssiArray[4] = -47
D/WifiStateMachine(  800): GetFilterRssi is : -48
D/WifiStateMachine(  800): mLastSignalLevel:4, newSignalLevel:4
D/WifiStateMachine(  800): fetchRssiAndLinkSpeedNative, ipAddr:67152064
D/dalvikvm( 1670): threadid=11: exiting
D/dalvikvm( 1670): threadid=11: bye!
V/Provider/Settings(  800): get setting for user 0 by user 0 so skipping cache
V/Provider/Settings(  800):  from settings cache , name = sys_free_storage_log_interval , value = null
V/Provider/Settings(  800): get setting for user 0 by user 0 so skipping cache
V/Provider/Settings(  800):  from settings cache , name = disk_free_change_reporting_threshold , value = null
D/AES     (  800): AEEIOCTL_RT_MON_Kick IOCTL,lParam=0. 
I/        (  245): [BWC INFO](245): get_bwc_mm_property success
D/PhoneInterfaceManagerEx( 1085): [PhoneIntfMgrEx] hasIccCard  simId=0
D/PhoneInterfaceManagerEx( 1085): [PhoneIntfMgrEx] hasIccCard  simId=1
D/PhoneInterfaceManagerEx( 1085): [PhoneIntfMgrEx] hasIccCard  simId=0
D/PhoneInterfaceManagerEx( 1085): [PhoneIntfMgrEx] hasIccCard  simId=1
D/PhoneInterfaceManagerEx( 1085): [PhoneIntfMgrEx] hasIccCard  simId=0
D/PhoneInterfaceManagerEx( 1085): [PhoneIntfMgrEx] hasIccCard  simId=1
D/PhoneInterfaceManagerEx( 1085): [PhoneIntfMgrEx] hasIccCard  simId=0
D/PhoneInterfaceManagerEx( 1085): [PhoneIntfMgrEx] hasIccCard  simId=1
D/dalvikvm(  919): create interp thread : stack size=128KB
D/dalvikvm(  919): create new thread
D/dalvikvm(  919): new thread created
D/dalvikvm(  919): update thread list
D/dalvikvm(  919): threadid=28: interp stack at 0x7c365000
D/dalvikvm(  919): threadid=28: created from interp
D/dalvikvm(  919): start new thread
D/dalvikvm(  919): threadid=28: notify debugger
D/dalvikvm(  919): threadid=28 (Thread-60336): calling run()
I/        (  245): [BWC INFO](245): get_bwc_mm_property success
V/Provider/Settings(  919): get setting for user 0 by user 0 so skipping cache
V/Provider/Settings(  919):  from settings cache , name = date_format , value = 
D/dalvikvm(  919): threadid=28: exiting
D/dalvikvm(  919): threadid=28: bye!
I/BufferQueue(  245): [StatusBar](this:0xb7a9d6f0,id:7,api:1,p:919,c:245) queueBuffer: fps=6.31 dur=1109.19 max=329.90 min=24.07
I/        (  245): [BWC INFO](245): get_bwc_mm_property success
I/SurfaceFlinger(  245): [Built-in Screen (type:0)] fps:6.309915,dur:1109.37,max:337.76,min:16.65
I/        (  245): [BWC INFO](245): get_bwc_mm_property success
I/        (  245): [BWC INFO](245): get_bwc_mm_property success
D/PhoneInterfaceManagerEx( 1085): [PhoneIntfMgrEx] hasIccCard  simId=0
D/PhoneInterfaceManagerEx( 1085): [PhoneIntfMgrEx] hasIccCard  simId=1
D/PhoneInterfaceManagerEx( 1085): [PhoneIntfMgrEx] hasIccCard  simId=0
D/PhoneInterfaceManagerEx( 1085): [PhoneIntfMgrEx] hasIccCard  simId=1
D/PhoneInterfaceManagerEx( 1085): [PhoneIntfMgrEx] hasIccCard  simId=0
D/PhoneInterfaceManagerEx( 1085): [PhoneIntfMgrEx] hasIccCard  simId=1
D/PhoneInterfaceManagerEx( 1085): [PhoneIntfMgrEx] hasIccCard  simId=0
D/PhoneInterfaceManagerEx( 1085): [PhoneIntfMgrEx] hasIccCard  simId=1
D/dalvikvm(  919): create interp thread : stack size=128KB
D/dalvikvm(  919): create new thread
D/dalvikvm(  919): new thread created
D/dalvikvm(  919): update thread list
D/dalvikvm(  919): threadid=28: interp stack at 0x7c365000
D/dalvikvm(  919): threadid=28: created from interp
D/dalvikvm(  919): start new thread
D/dalvikvm(  919): threadid=28: notify debugger
D/dalvikvm(  919): threadid=28 (Thread-60337): calling run()
V/Provider/Settings(  919): get setting for user 0 by user 0 so skipping cache
V/Provider/Settings(  919):  from settings cache , name = date_format , value = 
D/dalvikvm(  919): threadid=28: exiting
D/dalvikvm(  919): threadid=28: bye!
I/        (  245): [BWC INFO](245): get_bwc_mm_property success
D/ConnectivityService(  800): getActiveNetworkInfo:NetworkInfo: type: WIFI[], state: CONNECTED/CONNECTED, reason: (unspecified), extra: "bigbig", roaming: false, failover: false, isAvailable: true, isConnectedToProvisioningNetwork: false, simId: 0/1000
V/Provider/Settings(  919): get setting for user 0 by user 0 so skipping cache
V/Provider/Settings(  919):  from settings cache , name = show_network_speed , value = 1
D/dalvikvm(  919): create interp thread : stack size=128KB
D/dalvikvm(  919): create new thread
D/dalvikvm(  919): new thread created
D/dalvikvm(  919): update thread list
D/dalvikvm(  919): threadid=28: interp stack at 0x7c365000
D/dalvikvm(  919): threadid=28: created from interp
D/dalvikvm(  919): start new thread
I/BufferQueue(  245): [StatusBar](this:0xb7a9d6f0,id:7,api:1,p:919,c:245) queueBuffer: fps=3.91 dur=1024.15 max=503.22 min=100.96
D/dalvikvm(  919): threadid=28: notify debugger
D/dalvikvm(  919): threadid=28 (Thread-60338): calling run()
V/Provider/Settings(  919): get setting for user 0 by user 0 so skipping cache
V/Provider/Settings(  919):  from settings cache , name = date_format , value = 
D/dalvikvm(  919): threadid=28: exiting
D/dalvikvm(  919): threadid=28: bye!
I/        (  245): [BWC INFO](245): get_bwc_mm_property success
I/SurfaceFlinger(  245): [Built-in Screen (type:0)] fps:3.906750,dur:1023.87,max:502.67,min:100.42
D/        (  257): charger_monitor log_has_update will be set false
I/        (  245): [BWC INFO](245): get_bwc_mm_property success
D/PhoneInterfaceManagerEx( 1085): [PhoneIntfMgrEx] hasIccCard  simId=0
D/PhoneInterfaceManagerEx( 1085): [PhoneIntfMgrEx] hasIccCard  simId=1
I/ANRManager(  800): updateProcessStats
I/        (  245): [BWC INFO](245): get_bwc_mm_property success
I/        (  245): [BWC INFO](245): get_bwc_mm_property success
I/        (  245): [BWC INFO](245): get_bwc_mm_property success
D/dalvikvm( 5496): between the previous GC alloc  6272K
D/dalvikvm( 5496): GC_CONCURRENT freed 6295K (115492), 83% free 5123K/29300K, paused 6ms+5ms, total 92ms
D/WifiStateMachine(  800): ConnectedState{ when=-3ms what=131155 arg1=12 target=com.android.internal.util.StateMachine$SmHandler target=Handler (com.android.internal.util.StateMachine$SmHandler) {42c15060} }
D/WifiStateMachine(  800): L2ConnectedState{ when=-3ms what=131155 arg1=12 target=com.android.internal.util.StateMachine$SmHandler target=Handler (com.android.internal.util.StateMachine$SmHandler) {42c15060} }
D/WifiHW  (  800): enter -->wifi_send_command cmd=IFNAME=wlan0 SIGNAL_POLL
D/wpa_supplicant( 1003): RX ctrl_iface - hexdump(len=11): 53 49 47 4e 41 4c 5f 50 4f 4c 4c
D/wpa_supplicant( 1003): wlan0: Control interface command 'SIGNAL_POLL'
D/wpa_supplicant( 1003): nl80211: survey data missing!
D/wpa_supplicant( 1003): signal poll, reply_len=48
D/wpa_ctrl(  800): reply_len=4095
D/WifiHW  (  800): leave --> reply=RSSI=-48
D/WifiHW  (  800): LINKSPEED=65
D/WifiHW  (  800): NOISE=9999
D/WifiHW  (  800): FREQUENCY=2412
D/WifiHW  (  800): 
D/wifi    (  800): doStringCommand, buf IFNAME=wlan0 SIGNAL_POLL
I/WifiStateMachine(  800): fetchRssiAndLinkSpeedNative, newRssi:-48, newLinkSpeed:65, SSID:"bigbig"
D/WifiStateMachine(  800): mRssiArray[0] = -48
D/WifiStateMachine(  800): mRssiArray[1] = -48
D/WifiStateMachine(  800): mRssiArray[2] = -49
D/WifiStateMachine(  800): mRssiArray[3] = -49
D/WifiStateMachine(  800): mRssiArray[4] = -47
D/WifiStateMachine(  800): GetFilterRssi is : -48
D/WifiStateMachine(  800): mLastSignalLevel:4, newSignalLevel:4
D/WifiStateMachine(  800): fetchRssiAndLinkSpeedNative, ipAddr:67152064
I/BufferQueue(  245): [StatusBar](this:0xb7a9d6f0,id:7,api:1,p:919,c:245) queueBuffer: fps=3.37 dur=1485.26 max=505.25 min=79.10
I/        (  245): [BWC INFO](245): get_bwc_mm_property success
I/SurfaceFlinger(  245): [Built-in Screen (type:0)] fps:3.358624,dur:1488.71,max:503.43,min:81.46
I/        (  245): [BWC INFO](245): get_bwc_mm_property success
I/        (  245): [BWC INFO](245): get_bwc_mm_property success
I/        (  245): [BWC INFO](245): get_bwc_mm_property success
I/BufferQueue(  245): [StatusBar](this:0xb7a9d6f0,id:7,api:1,p:919,c:245) queueBuffer: fps=3.62 dur=1106.01 max=502.74 min=201.06
I/        (  245): [BWC INFO](245): get_bwc_mm_property success
I/SurfaceFlinger(  245): [Built-in Screen (type:0)] fps:3.616578,dur:1106.02,max:502.69,min:201.08
I/        (  245): [BWC INFO](245): get_bwc_mm_property success
I/        (  245): [BWC INFO](245): get_bwc_mm_property success
D/BatteryService(  800): mBatteryVoltage=4221, batteryLevel=50
V/ActivityManager(  800): Broadcast sticky: Intent { act=android.intent.action.ADDITIONAL_BATTERY_CHANGED flg=0x60000010 (has extras) } ordered=false userid=-1 callerApp=null
V/ActivityManager(  800): Broadcast sticky: Intent { act=android.intent.action.BATTERY_CHANGED flg=0x60000010 (has extras) } ordered=false userid=-1 callerApp=null
D/WifiService(  800): onReceive, action:android.intent.action.BATTERY_CHANGED
D/UsbDeviceManager(  800): onReceive - BATTERY_CHANGED - mPlugType: 2, mSettingUsbCharging: false, mConnected: true, mSettingUsbBicr: false
D/WifiController(  800): DeviceActiveState{ when=-1ms what=155652 arg1=2 target=com.android.internal.util.StateMachine$SmHandler target=Handler (com.android.internal.util.StateMachine$SmHandler) {42aa5c00} }
D/WifiController(  800): StaEnabledState{ when=-1ms what=155652 arg1=2 target=com.android.internal.util.StateMachine$SmHandler target=Handler (com.android.internal.util.StateMachine$SmHandler) {42aa5c00} }
D/PowerSaveService( 1108): PowerSaveReceiver EXTRA_STATUS: status = 2, lastCharging = true
D/WifiController(  800): DefaultState{ when=-1ms what=155652 arg1=2 target=com.android.internal.util.StateMachine$SmHandler target=Handler (com.android.internal.util.StateMachine$SmHandler) {42aa5c00} }
