V/AlarmManager(  800): isAlarmNeedAlign : charging
V/AlarmManager(  800): isAlarmNeedAlign : charging
V/AlarmManager(  800): isAlarmNeedAlign : charging
V/AlarmManager(  800): isAlarmNeedAlign : charging
V/AlarmManager(  800): isAlarmNeedAlign : charging
V/AlarmManager(  800): isAlarmNeedAlign : charging
V/AlarmManager(  800): isAlarmNeedAlign : charging
V/AlarmManager(  800): isAlarmNeedAlign : charging
V/AlarmManager(  800): isAlarmNeedAlign : charging
V/AlarmManager(  800): isAlarmNeedAlign : charging
V/AlarmManager(  800): isAlarmNeedAlign : charging
I/thermal_repeater(  279): oh, queryMdThermalInfo (0)Bad file number
I/thermal_repeater(  279): [recvMdThermalInfo] ret=25, strLen=127,  1, 32767,,, -1, 32767, 2
D/ConnectivityService(  800): getActiveNetworkInfo:NetworkInfo: type: WIFI[], state: CONNECTED/CONNECTED, reason: (unspecified), extra: "bigbig", roaming: false, failover: false, isAvailable: true, isConnectedToProvisioningNetwork: false, simId: 0/10419
D/ConnectivityService(  800): getActiveNetworkInfo:NetworkInfo: type: WIFI[], state: CONNECTED/CONNECTED, reason: (unspecified), extra: "bigbig", roaming: false, failover: false, isAvailable: true, isConnectedToProvisioningNetwork: false, simId: 0/1000
V/ActivityManager(  800): Broadcast sticky: Intent { act=android.intent.action.ADDITIONAL_BATTERY_CHANGED flg=0x60000010 (has extras) } ordered=false userid=-1 callerApp=null
V/ActivityManager(  800): Broadcast sticky: Intent { act=android.intent.action.BATTERY_CHANGED flg=0x60000010 (has extras) } ordered=false userid=-1 callerApp=null
D/WifiService(  800): onReceive, action:android.intent.action.BATTERY_CHANGED
D/WifiController(  800): DeviceActiveState{ when=0 what=155652 arg1=2 target=com.android.internal.util.StateMachine$SmHandler target=Handler (com.android.internal.util.StateMachine$SmHandler) {42aa5c00} }
D/WifiController(  800): StaEnabledState{ when=0 what=155652 arg1=2 target=com.android.internal.util.StateMachine$SmHandler target=Handler (com.android.internal.util.StateMachine$SmHandler) {42aa5c00} }
D/UsbDeviceManager(  800): onReceive - BATTERY_CHANGED - mPlugType: 2, mSettingUsbCharging: false, mConnected: true, mSettingUsbBicr: false
D/WifiController(  800): DefaultState{ when=0 what=155652 arg1=2 target=com.android.internal.util.StateMachine$SmHandler target=Handler (com.android.internal.util.StateMachine$SmHandler) {42aa5c00} }
D/WifiController(  800): battery changed pluggedType: 2
V/ActivityManager(  800): Broadcast sticky: Intent { act=android.intent.action.ADDITIONAL_BATTERY_CHANGED flg=0x60000010 (has extras) } ordered=false userid=-1 callerApp=null
V/ActivityManager(  800): Broadcast sticky: Intent { act=android.intent.action.ADDITIONAL_BATTERY_CHANGED flg=0x60000010 (has extras) } ordered=false userid=-1 callerApp=null
D/ConnectivityService(  800): getActiveNetworkInfo:NetworkInfo: type: WIFI[], state: CONNECTED/CONNECTED, reason: (unspecified), extra: "bigbig", roaming: false, failover: false, isAvailable: true, isConnectedToProvisioningNetwork: false, simId: 0/1000
V/ActivityManager(  800): Broadcast sticky: Intent { act=android.intent.action.ADDITIONAL_BATTERY_CHANGED flg=0x60000010 (has extras) } ordered=false userid=-1 callerApp=null
V/ActivityManager(  800): Broadcast sticky: Intent { act=android.intent.action.BATTERY_CHANGED flg=0x60000010 (has extras) } ordered=false userid=-1 callerApp=null
D/WifiService(  800): onReceive, action:android.intent.action.BATTERY_CHANGED
D/WifiController(  800): DeviceActiveState{ when=0 what=155652 arg1=2 target=com.android.internal.util.StateMachine$SmHandler target=Handler (com.android.internal.util.StateMachine$SmHandler) {42aa5c00} }
D/WifiController(  800): StaEnabledState{ when=0 what=155652 arg1=2 target=com.android.internal.util.StateMachine$SmHandler target=Handler (com.android.internal.util.StateMachine$SmHandler) {42aa5c00} }
D/WifiController(  800): DefaultState{ when=0 what=155652 arg1=2 target=com.android.internal.util.StateMachine$SmHandler target=Handler (com.android.internal.util.StateMachine$SmHandler) {42aa5c00} }
D/WifiController(  800): battery changed pluggedType: 2
D/UsbDeviceManager(  800): onReceive - BATTERY_CHANGED - mPlugType: 2, mSettingUsbCharging: false, mConnected: true, mSettingUsbBicr: false
V/ActivityManager(  800): Broadcast sticky: Intent { act=android.intent.action.ADDITIONAL_BATTERY_CHANGED flg=0x60000010 (has extras) } ordered=false userid=-1 callerApp=null
V/ActivityManager(  800): Broadcast sticky: Intent { act=android.intent.action.ADDITIONAL_BATTERY_CHANGED flg=0x60000010 (has extras) } ordered=false userid=-1 callerApp=null
D/ConnectivityService(  800): getActiveNetworkInfo:NetworkInfo: type: WIFI[], state: CONNECTED/CONNECTED, reason: (unspecified), extra: "bigbig", roaming: false, failover: false, isAvailable: true, isConnectedToProvisioningNetwork: false, simId: 0/1000
V/ActivityManager(  800): Broadcast sticky: Intent { act=android.intent.action.SIG_STR flg=0x10 (has extras) } ordered=false userid=-1 callerApp=ProcessRecord{427f5390 800:system/1000}
D/ConnectivityService(  800): getMobileDataEnabled returning false
D/ConnectivityService(  800): getActiveNetworkInfo:NetworkInfo: type: WIFI[], state: CONNECTED/CONNECTED, reason: (unspecified), extra: "bigbig", roaming: false, failover: false, isAvailable: true, isConnectedToProvisioningNetwork: false, simId: 0/1000
D/ConnectivityService(  800): getActiveNetworkInfo:NetworkInfo: type: WIFI[], state: CONNECTED/CONNECTED, reason: (unspecified), extra: "bigbig", roaming: false, failover: false, isAvailable: true, isConnectedToProvisioningNetwork: false, simId: 0/1000
V/ActivityManager(  800): Broadcast sticky: Intent { act=android.intent.action.ADDITIONAL_BATTERY_CHANGED flg=0x60000010 (has extras) } ordered=false userid=-1 callerApp=null
V/ActivityManager(  800): Broadcast sticky: Intent { act=android.intent.action.BATTERY_CHANGED flg=0x60000010 (has extras) } ordered=false userid=-1 callerApp=null
D/WifiService(  800): onReceive, action:android.intent.action.BATTERY_CHANGED
D/UsbDeviceManager(  800): onReceive - BATTERY_CHANGED - mPlugType: 2, mSettingUsbCharging: false, mConnected: true, mSettingUsbBicr: false
D/WifiController(  800): DeviceActiveState{ when=0 what=155652 arg1=2 target=com.android.internal.util.StateMachine$SmHandler target=Handler (com.android.internal.util.StateMachine$SmHandler) {42aa5c00} }
D/WifiController(  800): StaEnabledState{ when=0 what=155652 arg1=2 target=com.android.internal.util.StateMachine$SmHandler target=Handler (com.android.internal.util.StateMachine$SmHandler) {42aa5c00} }
D/WifiController(  800): DefaultState{ when=0 what=155652 arg1=2 target=com.android.internal.util.StateMachine$SmHandler target=Handler (com.android.internal.util.StateMachine$SmHandler) {42aa5c00} }
D/WifiController(  800): battery changed pluggedType: 2
V/ActivityManager(  800): Broadcast sticky: Intent { act=android.intent.action.ADDITIONAL_BATTERY_CHANGED flg=0x60000010 (has extras) } ordered=false userid=-1 callerApp=null
V/ActivityManager(  800): Broadcast sticky: Intent { act=android.intent.action.ADDITIONAL_BATTERY_CHANGED flg=0x60000010 (has extras) } ordered=false userid=-1 callerApp=null
D/ConnectivityService(  800): getActiveNetworkInfo:NetworkInfo: type: WIFI[], state: CONNECTED/CONNECTED, reason: (unspecified), extra: "bigbig", roaming: false, failover: false, isAvailable: true, isConnectedToProvisioningNetwork: false, simId: 0/1000
V/AlarmManager(  800): isAlarmNeedAlign : charging
V/AlarmManager(  800): isAlarmNeedAlign : charging
V/AlarmManager(  800): isAlarmNeedAlign : charging
V/AlarmManager(  800): isAlarmNeedAlign : charging
V/AlarmManager(  800): isAlarmNeedAlign : charging
V/AlarmManager(  800): isAlarmNeedAlign : charging
V/AlarmManager(  800): isAlarmNeedAlign : charging
V/AlarmManager(  800): isAlarmNeedAlign : charging
V/AlarmManager(  800): isAlarmNeedAlign : charging
V/AlarmManager(  800): isAlarmNeedAlign : charging
V/AlarmManager(  800): isAlarmNeedAlign : charging
V/AlarmManager(  800): isAlarmNeedAlign : charging
V/AlarmManager(  800): isAlarmNeedAlign : charging
V/AlarmManager(  800): isAlarmNeedAlign : charging
V/AlarmManager(  800): isAlarmNeedAlign : charging
V/AlarmManager(  800): isAlarmNeedAlign : charging
V/AlarmManager(  800): isAlarmNeedAlign : charging
V/AlarmManager(  800): isAlarmNeedAlign : charging
V/AlarmManager(  800): isAlarmNeedAlign : charging
V/AlarmManager(  800): isAlarmNeedAlign : charging
V/AlarmManager(  800): isAlarmNeedAlign : charging
V/AlarmManager(  800): isAlarmNeedAlign : charging
V/AlarmManager(  800): isAlarmNeedAlign : charging
V/AlarmManager(  800): isAlarmNeedAlign : charging
V/AlarmManager(  800): isAlarmNeedAlign : charging
V/AlarmManager(  800): isAlarmNeedAlign : charging
V/AlarmManager(  800): isAlarmNeedAlign : charging
V/AlarmManager(  800): isAlarmNeedAlign : charging
V/AlarmManager(  800): isAlarmNeedAlign : charging
V/AlarmManager(  800): isAlarmNeedAlign : charging
V/AlarmManager(  800): isAlarmNeedAlign : charging
V/AlarmManager(  800): isAlarmNeedAlign : charging
V/AlarmManager(  800): isAlarmNeedAlign : charging
V/AlarmManager(  800): isAlarmNeedAlign : charging
V/AlarmManager(  800): isAlarmNeedAlign : charging
V/AlarmManager(  800): isAlarmNeedAlign : charging
V/AlarmManager(  800): isAlarmNeedAlign : charging
V/AlarmManager(  800): isAlarmNeedAlign : charging
V/AlarmManager(  800): isAlarmNeedAlign : charging
V/AlarmManager(  800): isAlarmNeedAlign : charging
V/AlarmManager(  800): isAlarmNeedAlign : charging
V/AlarmManager(  800): isAlarmNeedAlign : charging
V/AlarmManager(  800): isAlarmNeedAlign : charging
V/AlarmManager(  800): isAlarmNeedAlign : charging
V/AlarmManager(  800): isAlarmNeedAlign : charging
V/AlarmManager(  800): isAlarmNeedAlign : charging
V/AlarmManager(  800): isAlarmNeedAlign : charging
V/AlarmManager(  800): isAlarmNeedAlign : charging
V/AlarmManager(  800): isAlarmNeedAlign : charging
V/AlarmManager(  800): isAlarmNeedAlign : charging
V/AlarmManager(  800): isAlarmNeedAlign : charging
V/AlarmManager(  800): isAlarmNeedAlign : charging
V/AlarmManager(  800): isAlarmNeedAlign : charging
V/AlarmManager(  800): isAlarmNeedAlign : charging
V/AlarmManager(  800): isAlarmNeedAlign : charging
V/AlarmManager(  800): isAlarmNeedAlign : charging
V/AlarmManager(  800): isAlarmNeedAlign : charging
V/AlarmManager(  800): isAlarmNeedAlign : charging
V/ActivityManager(  800): Broadcast sticky: Intent { act=android.intent.action.ADDITIONAL_BATTERY_CHANGED flg=0x60000010 (has extras) } ordered=false userid=-1 callerApp=null
V/ActivityManager(  800): Broadcast sticky: Intent { act=android.intent.action.BATTERY_CHANGED flg=0x60000010 (has extras) } ordered=false userid=-1 callerApp=null
D/WifiService(  800): onReceive, action:android.intent.action.BATTERY_CHANGED
D/WifiController(  800): DeviceActiveState{ when=0 what=155652 arg1=2 target=com.android.internal.util.StateMachine$SmHandler target=Handler (com.android.internal.util.StateMachine$SmHandler) {42aa5c00} }
D/WifiController(  800): StaEnabledState{ when=0 what=155652 arg1=2 target=com.android.internal.util.StateMachine$SmHandler target=Handler (com.android.internal.util.StateMachine$SmHandler) {42aa5c00} }
D/WifiController(  800): DefaultState{ when=0 what=155652 arg1=2 target=com.android.internal.util.StateMachine$SmHandler target=Handler (com.android.internal.util.StateMachine$SmHandler) {42aa5c00} }
D/WifiController(  800): battery changed pluggedType: 2
D/UsbDeviceManager(  800): onReceive - BATTERY_CHANGED - mPlugType: 2, mSettingUsbCharging: false, mConnected: true, mSettingUsbBicr: false
V/ActivityManager(  800): Broadcast sticky: Intent { act=android.intent.action.ADDITIONAL_BATTERY_CHANGED flg=0x60000010 (has extras) } ordered=false userid=-1 callerApp=null
V/ActivityManager(  800): Broadcast sticky: Intent { act=android.intent.action.ADDITIONAL_BATTERY_CHANGED flg=0x60000010 (has extras) } ordered=false userid=-1 callerApp=null
D/ConnectivityService(  800): getActiveNetworkInfo:NetworkInfo: type: WIFI[], state: CONNECTED/CONNECTED, reason: (unspecified), extra: "bigbig", roaming: false, failover: false, isAvailable: true, isConnectedToProvisioningNetwork: false, simId: 0/10464
D/ConnectivityService(  800): getActiveNetworkInfo:NetworkInfo: type: WIFI[], state: CONNECTED/CONNECTED, reason: (unspecified), extra: "bigbig", roaming: false, failover: false, isAvailable: true, isConnectedToProvisioningNetwork: false, simId: 0/1000
V/ActivityManager(  800): Broadcast sticky: Intent { act=android.intent.action.ADDITIONAL_BATTERY_CHANGED flg=0x60000010 (has extras) } ordered=false userid=-1 callerApp=null
V/ActivityManager(  800): Broadcast sticky: Intent { act=android.intent.action.BATTERY_CHANGED flg=0x60000010 (has extras) } ordered=false userid=-1 callerApp=null
D/WifiService(  800): onReceive, action:android.intent.action.BATTERY_CHANGED
D/UsbDeviceManager(  800): onReceive - BATTERY_CHANGED - mPlugType: 2, mSettingUsbCharging: false, mConnected: true, mSettingUsbBicr: false
D/WifiController(  800): DeviceActiveState{ when=0 what=155652 arg1=2 target=com.android.internal.util.StateMachine$SmHandler target=Handler (com.android.internal.util.StateMachine$SmHandler) {42aa5c00} }
D/WifiController(  800): StaEnabledState{ when=0 what=155652 arg1=2 target=com.android.internal.util.StateMachine$SmHandler target=Handler (com.android.internal.util.StateMachine$SmHandler) {42aa5c00} }
D/WifiController(  800): DefaultState{ when=0 what=155652 arg1=2 target=com.android.internal.util.StateMachine$SmHandler target=Handler (com.android.internal.util.StateMachine$SmHandler) {42aa5c00} }
D/WifiController(  800): battery changed pluggedType: 2
V/ActivityManager(  800): Broadcast sticky: Intent { act=android.intent.action.ADDITIONAL_BATTERY_CHANGED flg=0x60000010 (has extras) } ordered=false userid=-1 callerApp=null
V/ActivityManager(  800): Broadcast sticky: Intent { act=android.intent.action.ADDITIONAL_BATTERY_CHANGED flg=0x60000010 (has extras) } ordered=false userid=-1 callerApp=null
D/ConnectivityService(  800): getActiveNetworkInfo:NetworkInfo: type: WIFI[], state: CONNECTED/CONNECTED, reason: (unspecified), extra: "bigbig", roaming: false, failover: false, isAvailable: true, isConnectedToProvisioningNetwork: false, simId: 0/1000
V/ActivityManager(  800): Broadcast sticky: Intent { act=android.intent.action.SIG_STR flg=0x10 (has extras) } ordered=false userid=-1 callerApp=ProcessRecord{427f5390 800:system/1000}
D/ConnectivityService(  800): getMobileDataEnabled returning false
D/ConnectivityService(  800): getActiveNetworkInfo:NetworkInfo: type: WIFI[], state: CONNECTED/CONNECTED, reason: (unspecified), extra: "bigbig", roaming: false, failover: false, isAvailable: true, isConnectedToProvisioningNetwork: false, simId: 0/1000
V/ActivityManager(  800): Broadcast sticky: Intent { act=android.intent.action.ADDITIONAL_BATTERY_CHANGED flg=0x60000010 (has extras) } ordered=false userid=-1 callerApp=null
V/ActivityManager(  800): Broadcast sticky: Intent { act=android.intent.action.BATTERY_CHANGED flg=0x60000010 (has extras) } ordered=false userid=-1 callerApp=null
D/WifiService(  800): onReceive, action:android.intent.action.BATTERY_CHANGED
D/WifiController(  800): DeviceActiveState{ when=0 what=155652 arg1=2 target=com.android.internal.util.StateMachine$SmHandler target=Handler (com.android.internal.util.StateMachine$SmHandler) {42aa5c00} }
D/WifiController(  800): StaEnabledState{ when=0 what=155652 arg1=2 target=com.android.internal.util.StateMachine$SmHandler target=Handler (com.android.internal.util.StateMachine$SmHandler) {42aa5c00} }
D/WifiController(  800): DefaultState{ when=0 what=155652 arg1=2 target=com.android.internal.util.StateMachine$SmHandler target=Handler (com.android.internal.util.StateMachine$SmHandler) {42aa5c00} }
D/WifiController(  800): battery changed pluggedType: 2
D/UsbDeviceManager(  800): onReceive - BATTERY_CHANGED - mPlugType: 2, mSettingUsbCharging: false, mConnected: true, mSettingUsbBicr: false
V/ActivityManager(  800): Broadcast sticky: Intent { act=android.intent.action.ADDITIONAL_BATTERY_CHANGED flg=0x60000010 (has extras) } ordered=false userid=-1 callerApp=null
V/ActivityManager(  800): Broadcast sticky: Intent { act=android.intent.action.ADDITIONAL_BATTERY_CHANGED flg=0x60000010 (has extras) } ordered=false userid=-1 callerApp=null
I/thermal_repeater(  279): oh, queryMdThermalInfo (0)Bad file number
I/thermal_repeater(  279): [recvMdThermalInfo] ret=25, strLen=127,  1, 32767,,, -1, 32767, 2
D/ConnectivityService(  800): getActiveNetworkInfo:NetworkInfo: type: WIFI[], state: CONNECTED/CONNECTED, reason: (unspecified), extra: "bigbig", roaming: false, failover: false, isAvailable: true, isConnectedToProvisioningNetwork: false, simId: 0/1000
D/ConnectivityService(  800): getActiveNetworkInfo:NetworkInfo: type: WIFI[], state: CONNECTED/CONNECTED, reason: (unspecified), extra: "bigbig", roaming: false, failover: false, isAvailable: true, isConnectedToProvisioningNetwork: false, simId: 0/10419
V/ActivityManager(  800): Broadcast: Intent { act=BROADCAST_ACTION_OPEN_APP_DATA flg=0x10 pkg=com.qihoo.appstore (has extras) } ordered=false userid=0 callerApp=ProcessRecord{42996ac8 8722:com.qihoo.daemon/u0a92}
D/ConnectivityService(  800): getActiveNetworkInfo:NetworkInfo: type: WIFI[], state: CONNECTED/CONNECTED, reason: (unspecified), extra: "bigbig", roaming: false, failover: false, isAvailable: true, isConnectedToProvisioningNetwork: false, simId: 0/10530
D/ConnectivityService(  800): getActiveNetworkInfo:NetworkInfo: type: WIFI[], state: CONNECTED/CONNECTED, reason: (unspecified), extra: "bigbig", roaming: false, failover: false, isAvailable: true, isConnectedToProvisioningNetwork: false, simId: 0/1000
V/ActivityManager(  800): Broadcast sticky: Intent { act=android.intent.action.ADDITIONAL_BATTERY_CHANGED flg=0x60000010 (has extras) } ordered=false userid=-1 callerApp=null
V/ActivityManager(  800): Broadcast sticky: Intent { act=android.intent.action.BATTERY_CHANGED flg=0x60000010 (has extras) } ordered=false userid=-1 callerApp=null
D/WifiService(  800): onReceive, action:android.intent.action.BATTERY_CHANGED
D/WifiController(  800): DeviceActiveState{ when=0 what=155652 arg1=2 target=com.android.internal.util.StateMachine$SmHandler target=Handler (com.android.internal.util.StateMachine$SmHandler) {42aa5c00} }
D/WifiController(  800): StaEnabledState{ when=0 what=155652 arg1=2 target=com.android.internal.util.StateMachine$SmHandler target=Handler (com.android.internal.util.StateMachine$SmHandler) {42aa5c00} }
D/WifiController(  800): DefaultState{ when=-1ms what=155652 arg1=2 target=com.android.internal.util.StateMachine$SmHandler target=Handler (com.android.internal.util.StateMachine$SmHandler) {42aa5c00} }
D/WifiController(  800): battery changed pluggedType: 2
D/UsbDeviceManager(  800): onReceive - BATTERY_CHANGED - mPlugType: 2, mSettingUsbCharging: false, mConnected: true, mSettingUsbBicr: false
V/ActivityManager(  800): Broadcast sticky: Intent { act=android.intent.action.ADDITIONAL_BATTERY_CHANGED flg=0x60000010 (has extras) } ordered=false userid=-1 callerApp=null
V/ActivityManager(  800): Broadcast sticky: Intent { act=android.intent.action.ADDITIONAL_BATTERY_CHANGED flg=0x60000010 (has extras) } ordered=false userid=-1 callerApp=null
V/ActivityManager(  800): Broadcast: Intent { act=com.tencent.mobileqq:MSF_1128482664 flg=0x94 (has extras) } ordered=true userid=0 callerApp=null
D/ActivityThread( 8931): BDC-Calling onReceive: intent=Intent { act=com.tencent.mobileqq:MSF_1128482664 flg=0x94 (has extras) }, ordered=true, receiver=com.tencent.mobileqq.msf.core.push.f@434385a8, IIntentReceiver=43472708
V/ActivityManager(  800): Broadcast: Intent { act=com.tencent.mobileqq.msf.wakeup flg=0x10 } ordered=false userid=0 callerApp=ProcessRecord{42997b80 8931:com.tencent.mobileqq:MSF/u0a398}
D/ActivityThread( 8931): BDC-Calling finishReceiver: IIntentReceiver=43472708
V/AlarmManager(  800): isAlarmNeedAlign : charging
D/ConnectivityService(  800): getActiveNetworkInfo:NetworkInfo: type: WIFI[], state: CONNECTED/CONNECTED, reason: (unspecified), extra: "bigbig", roaming: false, failover: false, isAvailable: true, isConnectedToProvisioningNetwork: false, simId: 0/1000
V/ActivityManager(  800): Broadcast sticky: Intent { act=android.intent.action.ADDITIONAL_BATTERY_CHANGED flg=0x60000010 (has extras) } ordered=false userid=-1 callerApp=null
V/ActivityManager(  800): Broadcast sticky: Intent { act=android.intent.action.BATTERY_CHANGED flg=0x60000010 (has extras) } ordered=false userid=-1 callerApp=null
D/WifiService(  800): onReceive, action:android.intent.action.BATTERY_CHANGED
D/WifiController(  800): DeviceActiveState{ when=0 what=155652 arg1=2 target=com.android.internal.util.StateMachine$SmHandler target=Handler (com.android.internal.util.StateMachine$SmHandler) {42aa5c00} }
D/WifiController(  800): StaEnabledState{ when=-1ms what=155652 arg1=2 target=com.android.internal.util.StateMachine$SmHandler target=Handler (com.android.internal.util.StateMachine$SmHandler) {42aa5c00} }
D/WifiController(  800): DefaultState{ when=-1ms what=155652 arg1=2 target=com.android.internal.util.StateMachine$SmHandler target=Handler (com.android.internal.util.StateMachine$SmHandler) {42aa5c00} }
D/WifiController(  800): battery changed pluggedType: 2
D/UsbDeviceManager(  800): onReceive - BATTERY_CHANGED - mPlugType: 2, mSettingUsbCharging: false, mConnected: true, mSettingUsbBicr: false
V/ActivityManager(  800): Broadcast sticky: Intent { act=android.intent.action.ADDITIONAL_BATTERY_CHANGED flg=0x60000010 (has extras) } ordered=false userid=-1 callerApp=null
V/ActivityManager(  800): Broadcast sticky: Intent { act=android.intent.action.ADDITIONAL_BATTERY_CHANGED flg=0x60000010 (has extras) } ordered=false userid=-1 callerApp=null
V/ActivityManager(  800): Broadcast sticky: Intent { act=android.intent.action.SIG_STR flg=0x10 (has extras) } ordered=false userid=-1 callerApp=ProcessRecord{427f5390 800:system/1000}
D/ConnectivityService(  800): getMobileDataEnabled returning false
D/ConnectivityService(  800): getActiveNetworkInfo:NetworkInfo: type: WIFI[], state: CONNECTED/CONNECTED, reason: (unspecified), extra: "bigbig", roaming: false, failover: false, isAvailable: true, isConnectedToProvisioningNetwork: false, simId: 0/1000
D/ConnectivityService(  800): getActiveNetworkInfo:NetworkInfo: type: WIFI[], state: CONNECTED/CONNECTED, reason: (unspecified), extra: "bigbig", roaming: false, failover: false, isAvailable: true, isConnectedToProvisioningNetwork: false, simId: 0/1000
V/ActivityManager(  800): Broadcast sticky: Intent { act=android.intent.action.ADDITIONAL_BATTERY_CHANGED flg=0x60000010 (has extras) } ordered=false userid=-1 callerApp=null
V/ActivityManager(  800): Broadcast sticky: Intent { act=android.intent.action.BATTERY_CHANGED flg=0x60000010 (has extras) } ordered=false userid=-1 callerApp=null
D/WifiService(  800): onReceive, action:android.intent.action.BATTERY_CHANGED
D/WifiController(  800): DeviceActiveState{ when=0 what=155652 arg1=2 target=com.android.internal.util.StateMachine$SmHandler target=Handler (com.android.internal.util.StateMachine$SmHandler) {42aa5c00} }
D/WifiController(  800): StaEnabledState{ when=0 what=155652 arg1=2 target=com.android.internal.util.StateMachine$SmHandler target=Handler (com.android.internal.util.StateMachine$SmHandler) {42aa5c00} }
D/WifiController(  800): DefaultState{ when=-1ms what=155652 arg1=2 target=com.android.internal.util.StateMachine$SmHandler target=Handler (com.android.internal.util.StateMachine$SmHandler) {42aa5c00} }
D/WifiController(  800): battery changed pluggedType: 2
D/UsbDeviceManager(  800): onReceive - BATTERY_CHANGED - mPlugType: 2, mSettingUsbCharging: false, mConnected: true, mSettingUsbBicr: false
V/ActivityManager(  800): Broadcast sticky: Intent { act=android.intent.action.ADDITIONAL_BATTERY_CHANGED flg=0x60000010 (has extras) } ordered=false userid=-1 callerApp=null
V/ActivityManager(  800): Broadcast sticky: Intent { act=android.intent.action.ADDITIONAL_BATTERY_CHANGED flg=0x60000010 (has extras) } ordered=false userid=-1 callerApp=null
D/ConnectivityService(  800): getActiveNetworkInfo:NetworkInfo: type: WIFI[], state: CONNECTED/CONNECTED, reason: (unspecified), extra: "bigbig", roaming: false, failover: false, isAvailable: true, isConnectedToProvisioningNetwork: false, simId: 0/1000
V/ActivityManager(  800): Broadcast: Intent { act=android.intent.action.TIME_TICK flg=0x50000094 (has extras) } ordered=true userid=-1 callerApp=null
D/ActivityThread(  800): BDC-Calling onReceive: intent=Intent { act=android.intent.action.TIME_TICK flg=0x50000094 (has extras) }, ordered=true, receiver=com.android.server.AlarmManagerService$ClockReceiver@42b15bc0, IIntentReceiver=42b12250
V/AlarmManager(  800): isAlarmNeedAlign : charging
D/ActivityThread(  800): BDC-Calling finishReceiver: IIntentReceiver=42b12250
D/ActivityThread(  919): BDC-Calling onReceive: intent=Intent { act=android.intent.action.TIME_TICK flg=0x50000094 (has extras) }, ordered=true, receiver=com.android.systemui.statusbar.policy.Clock$2@42774f68, IIntentReceiver=42d53418
D/ActivityThread(  919): BDC-Calling finishReceiver: IIntentReceiver=42d53418
D/ActivityThread(  919): BDC-Calling onReceive: intent=Intent { act=android.intent.action.TIME_TICK flg=0x50000094 (has extras) }, ordered=true, receiver=com.android.systemui.statusbar.policy.Clock$2@42794490, IIntentReceiver=42d539f0
D/ActivityThread(  919): BDC-Calling finishReceiver: IIntentReceiver=42d539f0
D/ActivityThread(  919): BDC-Calling onReceive: intent=Intent { act=android.intent.action.TIME_TICK flg=0x50000094 (has extras) }, ordered=true, receiver=com.android.systemui.statusbar.policy.DateView$2@42794cd0, IIntentReceiver=42d54008
D/ActivityThread(  919): BDC-Calling finishReceiver: IIntentReceiver=42d54008
D/ActivityThread(  919): BDC-Calling onReceive: intent=Intent { act=android.intent.action.TIME_TICK flg=0x50000094 (has extras) }, ordered=true, receiver=android.widget.DateTimeView$1@42cb58d8, IIntentReceiver=42d98cb8
D/ActivityThread(  919): BDC-Calling finishReceiver: IIntentReceiver=42d98cb8
D/ActivityThread(  919): BDC-Calling onReceive: intent=Intent { act=android.intent.action.TIME_TICK flg=0x50000094 (has extras) }, ordered=true, receiver=android.widget.DateTimeView$1@42ed8620, IIntentReceiver=42ed9ed0
D/ActivityThread(  919): BDC-Calling finishReceiver: IIntentReceiver=42ed9ed0
D/ActivityThread( 1172): BDC-Calling onReceive: intent=Intent { act=android.intent.action.TIME_TICK flg=0x50000094 (has extras) }, ordered=true, receiver=com.oppo.widget.smallweather.NormalWidgetUtil$1@42bfdd48, IIntentReceiver=4283ded0
D/ActivityThread( 1172): BDC-Calling finishReceiver: IIntentReceiver=4283ded0
D/ActivityThread( 2157): BDC-Calling onReceive: intent=Intent { act=android.intent.action.TIME_TICK flg=0x50000094 (has extras) }, ordered=true, receiver=com.oppo.lockutils.OppoLockUtils$1@426f2b90, IIntentReceiver=426f4528
D/ActivityThread( 2157): BDC-Calling finishReceiver: IIntentReceiver=426f4528
D/ActivityThread( 2157): BDC-Calling onReceive: intent=Intent { act=android.intent.action.TIME_TICK flg=0x50000094 (has extras) }, ordered=true, receiver=com.android.keyguard.base.KeyguardUpdateMonitor$3@42703610, IIntentReceiver=427053b8
D/ActivityThread( 2157): BDC-Calling finishReceiver: IIntentReceiver=427053b8
D/ActivityThread(  919): BDC-Calling onReceive: intent=Intent { act=android.intent.action.TIME_TICK flg=0x50000094 (has extras) }, ordered=true, receiver=android.widget.DateTimeView$1@42c247a8, IIntentReceiver=42702f08
D/ActivityThread(  919): BDC-Calling finishReceiver: IIntentReceiver=42702f08
D/ActivityThread(  919): BDC-Calling onReceive: intent=Intent { act=android.intent.action.TIME_TICK flg=0x50000094 (has extras) }, ordered=true, receiver=android.widget.DateTimeView$1@432dffa8, IIntentReceiver=432e2ee8
D/ActivityThread(  919): BDC-Calling finishReceiver: IIntentReceiver=432e2ee8
D/ActivityThread(12390): BDC-Calling onReceive: intent=Intent { act=android.intent.action.TIME_TICK flg=0x50000094 (has extras) }, ordered=true, receiver=chargescreen.hq$c@428d87d0, IIntentReceiver=4309dcc8
D/ActivityThread(12390): BDC-Calling finishReceiver: IIntentReceiver=4309dcc8
D/ActivityThread(  919): BDC-Calling onReceive: intent=Intent { act=android.intent.action.TIME_TICK flg=0x50000094 (has extras) }, ordered=true, receiver=android.widget.DateTimeView$1@42d8fc58, IIntentReceiver=42d66278
D/ActivityThread(  919): BDC-Calling finishReceiver: IIntentReceiver=42d66278
D/ActivityThread(  919): BDC-Calling onReceive: intent=Intent { act=android.intent.action.TIME_TICK flg=0x50000094 (has extras) }, ordered=true, receiver=android.widget.DateTimeView$1@42e68d88, IIntentReceiver=43a89ba0
D/ActivityThread(  919): BDC-Calling finishReceiver: IIntentReceiver=43a89ba0
D/ActivityThread(  919): BDC-Calling onReceive: intent=Intent { act=android.intent.action.TIME_TICK flg=0x50000094 (has extras) }, ordered=true, receiver=android.widget.DateTimeView$1@426fbfc8, IIntentReceiver=427d1660
D/ActivityThread(  919): BDC-Calling finishReceiver: IIntentReceiver=427d1660
D/ActivityThread(11369): BDC-Calling onReceive: intent=Intent { act=android.intent.action.TIME_TICK flg=0x50000094 (has extras) }, ordered=true, receiver=com.oppo.activation.ActivationService$ServiceBroadcastReceiver@4270e5f0, IIntentReceiver=4270e638
D/ActivityThread(11369): BDC-Calling finishReceiver: IIntentReceiver=4270e638
V/ActivityManager(  800): Broadcast sticky: Intent { act=android.intent.action.ADDITIONAL_BATTERY_CHANGED flg=0x60000010 (has extras) } ordered=false userid=-1 callerApp=null
V/ActivityManager(  800): Broadcast sticky: Intent { act=android.intent.action.BATTERY_CHANGED flg=0x60000010 (has extras) } ordered=false userid=-1 callerApp=null
D/WifiService(  800): onReceive, action:android.intent.action.BATTERY_CHANGED
D/WifiController(  800): DeviceActiveState{ when=-1ms what=155652 arg1=2 target=com.android.internal.util.StateMachine$SmHandler target=Handler (com.android.internal.util.StateMachine$SmHandler) {42aa5c00} }
D/WifiController(  800): StaEnabledState{ when=-1ms what=155652 arg1=2 target=com.android.internal.util.StateMachine$SmHandler target=Handler (com.android.internal.util.StateMachine$SmHandler) {42aa5c00} }
D/WifiController(  800): DefaultState{ when=-1ms what=155652 arg1=2 target=com.android.internal.util.StateMachine$SmHandler target=Handler (com.android.internal.util.StateMachine$SmHandler) {42aa5c00} }
D/WifiController(  800): battery changed pluggedType: 2
D/UsbDeviceManager(  800): onReceive - BATTERY_CHANGED - mPlugType: 2, mSettingUsbCharging: false, mConnected: true, mSettingUsbBicr: false
V/ActivityManager(  800): Broadcast sticky: Intent { act=android.intent.action.ADDITIONAL_BATTERY_CHANGED flg=0x60000010 (has extras) } ordered=false userid=-1 callerApp=null
V/ActivityManager(  800): Broadcast sticky: Intent { act=android.intent.action.ADDITIONAL_BATTERY_CHANGED flg=0x60000010 (has extras) } ordered=false userid=-1 callerApp=null
D/ActivityManager(  800): getContentProviderImpl: from caller=android.app.ApplicationThreadProxy@45059c88 (pid=8722, userId=0) to get content provider com.qihoo.appstore.MultiprocessSharedPreferences cpr=ContentProviderRecord{4381b180 u0 com.qihoo.appstore/com.qihoo.storager.MultiprocessSharedPreferences}
D/ActivityManager(  800): getContentProviderImpl: updateLruProcessLocked cpr.proc=ProcessRecord{4381b608 1670:com.qihoo.appstore/u0a92}
D/ActivityThread( 8722): hoder:android.app.IActivityManager$ContentProviderHolder@42f2d3f8,provider,holder.Provider:android.content.ContentProviderProxy@42f82540
D/ConnectivityService(  800): getActiveNetworkInfo:NetworkInfo: type: WIFI[], state: CONNECTED/CONNECTED, reason: (unspecified), extra: "bigbig", roaming: false, failover: false, isAvailable: true, isConnectedToProvisioningNetwork: false, simId: 0/1000
I/ANRManager(  800): updateProcessStats
D/ConnectivityService(  800): getActiveNetworkInfo:NetworkInfo: type: WIFI[], state: CONNECTED/CONNECTED, reason: (unspecified), extra: "bigbig", roaming: false, failover: false, isAvailable: true, isConnectedToProvisioningNetwork: false, simId: 0/10398
D/ConnectivityService(  800): getActiveNetworkInfo:NetworkInfo: type: WIFI[], state: CONNECTED/CONNECTED, reason: (unspecified), extra: "bigbig", roaming: false, failover: false, isAvailable: true, isConnectedToProvisioningNetwork: false, simId: 0/10398
D/ConnectivityService(  800): getActiveNetworkInfo:NetworkInfo: type: WIFI[], state: CONNECTED/CONNECTED, reason: (unspecified), extra: "bigbig", roaming: false, failover: false, isAvailable: true, isConnectedToProvisioningNetwork: false, simId: 0/10398
D/ConnectivityService(  800): getActiveNetworkInfo:NetworkInfo: type: WIFI[], state: CONNECTED/CONNECTED, reason: (unspecified), extra: "bigbig", roaming: false, failover: false, isAvailable: true, isConnectedToProvisioningNetwork: false, simId: 0/10398
D/ConnectivityService(  800): getActiveNetworkInfo:NetworkInfo: type: WIFI[], state: CONNECTED/CONNECTED, reason: (unspecified), extra: "bigbig", roaming: false, failover: false, isAvailable: true, isConnectedToProvisioningNetwork: false, simId: 0/10398
I/FrameworkListener(  242): onDataAvailable get 51 bytes 
D/SocketClient(  242): SocketClient sendDatalocked done: 222
D/SocketClient(  242): SocketClient sendDatalocked done: 
D/SocketClient(  242): SocketClient sendDatalocked done: 
D/SocketClient(  242): SocketClient sendDatalocked done: 
D/SocketClient(  242): SocketClient sendDatalocked done: 
D/SocketClient(  242): SocketClient sendDatalocked done: 
D/SocketClient(  242): SocketClient sendDatalocked done: 
D/SocketClient(  242): SocketClient sendDatalocked done: 
D/SocketClient(  242): SocketClient sendDatalocked done: 
D/SocketClient(  242): SocketClient sendDatalocked done: 
D/SocketClient(  242): SocketClient sendDatalocked done: 
D/SocketClient(  242): SocketClient sendDatalocked done: 
D/ConnectivityService(  800): getActiveNetworkInfo:NetworkInfo: type: WIFI[], state: CONNECTED/CONNECTED, reason: (unspecified), extra: "bigbig", roaming: false, failover: false, isAvailable: true, isConnectedToProvisioningNetwork: false, simId: 0/10398
D/ConnectivityService(  800): getActiveNetworkInfo:NetworkInfo: type: WIFI[], state: CONNECTED/CONNECTED, reason: (unspecified), extra: "bigbig", roaming: false, failover: false, isAvailable: true, isConnectedToProvisioningNetwork: false, simId: 0/1000
V/ActivityManager(  800): Broadcast sticky: Intent { act=android.intent.action.SIG_STR flg=0x10 (has extras) } ordered=false userid=-1 callerApp=ProcessRecord{427f5390 800:system/1000}
D/ConnectivityService(  800): getMobileDataEnabled returning false
V/ActivityManager(  800): Broadcast sticky: Intent { act=android.intent.action.ADDITIONAL_BATTERY_CHANGED flg=0x60000010 (has extras) } ordered=false userid=-1 callerApp=null
V/ActivityManager(  800): Broadcast sticky: Intent { act=android.intent.action.BATTERY_CHANGED flg=0x60000010 (has extras) } ordered=false userid=-1 callerApp=null
D/WifiService(  800): onReceive, action:android.intent.action.BATTERY_CHANGED
D/UsbDeviceManager(  800): onReceive - BATTERY_CHANGED - mPlugType: 2, mSettingUsbCharging: false, mConnected: true, mSettingUsbBicr: false
D/WifiController(  800): DeviceActiveState{ when=0 what=155652 arg1=2 target=com.android.internal.util.StateMachine$SmHandler target=Handler (com.android.internal.util.StateMachine$SmHandler) {42aa5c00} }
D/WifiController(  800): StaEnabledState{ when=0 what=155652 arg1=2 target=com.android.internal.util.StateMachine$SmHandler target=Handler (com.android.internal.util.StateMachine$SmHandler) {42aa5c00} }
D/WifiController(  800): DefaultState{ when=0 what=155652 arg1=2 target=com.android.internal.util.StateMachine$SmHandler target=Handler (com.android.internal.util.StateMachine$SmHandler) {42aa5c00} }
D/WifiController(  800): battery changed pluggedType: 2
V/ActivityManager(  800): Broadcast sticky: Intent { act=android.intent.action.ADDITIONAL_BATTERY_CHANGED flg=0x60000010 (has extras) } ordered=false userid=-1 callerApp=null
V/ActivityManager(  800): Broadcast sticky: Intent { act=android.intent.action.ADDITIONAL_BATTERY_CHANGED flg=0x60000010 (has extras) } ordered=false userid=-1 callerApp=null
D/ConnectivityService(  800): getActiveNetworkInfo:NetworkInfo: type: WIFI[], state: CONNECTED/CONNECTED, reason: (unspecified), extra: "bigbig", roaming: false, failover: false, isAvailable: true, isConnectedToProvisioningNetwork: false, simId: 0/1000
D/ConnectivityService(  800): getActiveNetworkInfo:NetworkInfo: type: WIFI[], state: CONNECTED/CONNECTED, reason: (unspecified), extra: "bigbig", roaming: false, failover: false, isAvailable: true, isConnectedToProvisioningNetwork: false, simId: 0/1000
V/ActivityManager(  800): Broadcast sticky: Intent { act=android.intent.action.ADDITIONAL_BATTERY_CHANGED flg=0x60000010 (has extras) } ordered=false userid=-1 callerApp=null
V/ActivityManager(  800): Broadcast sticky: Intent { act=android.intent.action.BATTERY_CHANGED flg=0x60000010 (has extras) } ordered=false userid=-1 callerApp=null
D/WifiService(  800): onReceive, action:android.intent.action.BATTERY_CHANGED
D/UsbDeviceManager(  800): onReceive - BATTERY_CHANGED - mPlugType: 2, mSettingUsbCharging: false, mConnected: true, mSettingUsbBicr: false
D/WifiController(  800): DeviceActiveState{ when=0 what=155652 arg1=2 target=com.android.internal.util.StateMachine$SmHandler target=Handler (com.android.internal.util.StateMachine$SmHandler) {42aa5c00} }
D/WifiController(  800): StaEnabledState{ when=0 what=155652 arg1=2 target=com.android.internal.util.StateMachine$SmHandler target=Handler (com.android.internal.util.StateMachine$SmHandler) {42aa5c00} }
D/WifiController(  800): DefaultState{ when=0 what=155652 arg1=2 target=com.android.internal.util.StateMachine$SmHandler target=Handler (com.android.internal.util.StateMachine$SmHandler) {42aa5c00} }
D/WifiController(  800): battery changed pluggedType: 2
--------- beginning of /dev/log/main
D/PowerSaveService( 1108): PowerSaveReceiver EXTRA_STATUS: status = 2, lastCharging = true
V/ActivityManager(  800): Broadcast sticky: Intent { act=android.intent.action.ADDITIONAL_BATTERY_CHANGED flg=0x60000010 (has extras) } ordered=false userid=-1 callerApp=null
V/ActivityManager(  800): Broadcast sticky: Intent { act=android.intent.action.ADDITIONAL_BATTERY_CHANGED flg=0x60000010 (has extras) } ordered=false userid=-1 callerApp=null
D/dalvikvm(  919): create interp thread : stack size=128KB
D/dalvikvm(  919): create new thread
D/dalvikvm(  919): new thread created
D/dalvikvm(  919): update thread list
D/dalvikvm(  919): threadid=28: interp stack at 0x7c365000
D/dalvikvm(  919): threadid=28: created from interp
D/dalvikvm(  919): start new thread
D/dalvikvm(  919): threadid=28: notify debugger
D/dalvikvm(  919): threadid=28 (Thread-60309): calling run()
V/Provider/Settings(  919): get setting for user 0 by user 0 so skipping cache
V/Provider/Settings(  919):  from settings cache , name = date_format , value = 
D/dalvikvm(  919): threadid=28: exiting
D/dalvikvm(  919): threadid=28: bye!
D/dalvikvm( 1670): create interp thread : stack size=128KB
D/dalvikvm( 1670): create new thread
D/dalvikvm( 1670): new thread created
D/dalvikvm( 1670): update thread list
I/        (  245): [BWC INFO](245): get_bwc_mm_property success
D/dalvikvm(  919): create interp thread : stack size=128KB
D/dalvikvm(  919): create new thread
D/dalvikvm(  919): new thread created
D/dalvikvm(  919): update thread list
D/dalvikvm(  919): threadid=28: interp stack at 0x7c365000
D/dalvikvm(  919): threadid=28: created from interp
D/dalvikvm(  919): start new thread
D/dalvikvm(  919): threadid=28: notify debugger
D/dalvikvm(  919): threadid=28 (Thread-60310): calling run()
V/Provider/Settings(  919): get setting for user 0 by user 0 so skipping cache
V/Provider/Settings(  919):  from settings cache , name = date_format , value = 
D/dalvikvm(  919): threadid=28: exiting
D/dalvikvm(  919): threadid=28: bye!
D/dalvikvm( 1670): threadid=11: interp stack at 0x78b2a000
D/dalvikvm( 1670): threadid=11: created from interp
D/dalvikvm( 1670): start new thread
I/        (  245): [BWC INFO](245): get_bwc_mm_property success
V/Provider/Settings( 1670): get setting for user 0 by user 0 so skipping cache
V/Provider/Settings( 1670):  from settings cache , name = adb_enabled , value = 1
D/dalvikvm( 1670): threadid=11: notify debugger
D/dalvikvm( 1670): threadid=11 (ADThread-1501741751960): calling run()
D/dalvikvm( 1670): threadid=11: exiting
D/dalvikvm( 1670): threadid=11: bye!
D/dalvikvm( 8722): threadid=28: exiting
D/dalvikvm( 8722): threadid=28: bye!
D/dalvikvm( 8722): threadid=29: exiting
D/dalvikvm( 8722): threadid=29: bye!
I/        (  245): [BWC INFO](245): get_bwc_mm_property success
I/        (  245): [BWC INFO](245): get_bwc_mm_property success
I/thermal_repeater(  279): oh, queryMdThermalInfo (0)Bad file number
I/thermal_repeater(  279): [recvMdThermalInfo] ret=25, strLen=127,  1, 32767,,, -1, 32767, 2
D/ConnectivityService(  800): getActiveNetworkInfo:NetworkInfo: type: WIFI[], state: CONNECTED/CONNECTED, reason: (unspecified), extra: "bigbig", roaming: false, failover: false, isAvailable: true, isConnectedToProvisioningNetwork: false, simId: 0/10419
D/WifiStateMachine(  800): ConnectedState{ when=-3ms what=131155 arg1=12 target=com.android.internal.util.StateMachine$SmHandler target=Handler (com.android.internal.util.StateMachine$SmHandler) {42c15060} }
D/WifiStateMachine(  800): L2ConnectedState{ when=-3ms what=131155 arg1=12 target=com.android.internal.util.StateMachine$SmHandler target=Handler (com.android.internal.util.StateMachine$SmHandler) {42c15060} }
D/WifiHW  (  800): enter -->wifi_send_command cmd=IFNAME=wlan0 SIGNAL_POLL
D/wpa_supplicant( 1003): RX ctrl_iface - hexdump(len=11): 53 49 47 4e 41 4c 5f 50 4f 4c 4c
D/wpa_supplicant( 1003): wlan0: Control interface command 'SIGNAL_POLL'
D/wpa_supplicant( 1003): nl80211: survey data missing!
D/wpa_supplicant( 1003): signal poll, reply_len=48
D/wpa_ctrl(  800): reply_len=4095
D/WifiHW  (  800): leave --> reply=RSSI=-48
D/WifiHW  (  800): LINKSPEED=65
D/WifiHW  (  800): NOISE=9999
D/WifiHW  (  800): FREQUENCY=2412
D/WifiHW  (  800): 
D/wifi    (  800): doStringCommand, buf IFNAME=wlan0 SIGNAL_POLL
I/WifiStateMachine(  800): fetchRssiAndLinkSpeedNative, newRssi:-48, newLinkSpeed:65, SSID:"bigbig"
D/WifiStateMachine(  800): mRssiArray[0] = -51
D/WifiStateMachine(  800): mRssiArray[1] = -51
D/WifiStateMachine(  800): mRssiArray[2] = -51
D/WifiStateMachine(  800): mRssiArray[3] = -51
D/WifiStateMachine(  800): mRssiArray[4] = -48
D/WifiStateMachine(  800): GetFilterRssi is : -48
D/WifiStateMachine(  800): mLastSignalLevel:4, newSignalLevel:4
D/WifiStateMachine(  800): fetchRssiAndLinkSpeedNative, ipAddr:67152064
I/        (  245): [BWC INFO](245): get_bwc_mm_property success
I/SurfaceFlinger(  245): [Built-in Screen (type:0)] fps:4.249313,dur:1411.99,max:503.83,min:18.93
I/BufferQueue(  245): [StatusBar](this:0xb7a9d6f0,id:7,api:1,p:919,c:245) queueBuffer: fps=5.41 dur=1108.51 max=503.41 min=16.95
I/        (  245): [BWC INFO](245): get_bwc_mm_property success
I/        (  245): [BWC INFO](245): get_bwc_mm_property success
D/        (  257): charger_monitor log_has_update will be set false
I/        (  245): [BWC INFO](245): get_bwc_mm_property success
I/        (  245): [BWC INFO](245): get_bwc_mm_property success
I/SurfaceFlinger(  245): [Built-in Screen (type:0)] fps:3.610723,dur:1107.81,max:502.13,min:200.80
I/BufferQueue(  245): [StatusBar](this:0xb7a9d6f0,id:7,api:1,p:919,c:245) queueBuffer: fps=3.61 dur=1107.37 max=502.15 min=200.80
I/        (  245): [BWC INFO](245): get_bwc_mm_property success
D/ConnectivityService(  800): getActiveNetworkInfo:NetworkInfo: type: WIFI[], state: CONNECTED/CONNECTED, reason: (unspecified), extra: "bigbig", roaming: false, failover: false, isAvailable: true, isConnectedToProvisioningNetwork: false, simId: 0/1000
V/Provider/Settings(  919): get setting for user 0 by user 0 so skipping cache
V/Provider/Settings(  919):  from settings cache , name = show_network_speed , value = 1
D/dalvikvm(  919): create interp thread : stack size=128KB
D/dalvikvm(  919): create new thread
D/dalvikvm(  919): new thread created
D/dalvikvm(  919): update thread list
D/dalvikvm(  919): threadid=28: interp stack at 0x7c365000
D/dalvikvm(  919): threadid=28: created from interp
D/dalvikvm(  919): start new thread
D/dalvikvm(  919): threadid=28: notify debugger
D/dalvikvm(  919): threadid=28 (Thread-60311): calling run()
V/Provider/Settings(  919): get setting for user 0 by user 0 so skipping cache
V/Provider/Settings(  919):  from settings cache , name = date_format , value = 
D/dalvikvm(  919): threadid=28: exiting
D/dalvikvm(  919): threadid=28: bye!
I/        (  245): [BWC INFO](245): get_bwc_mm_property success
I/Process ( 1670): get_ion_cache_memory totalNum:182239232
I/Process ( 1670): mm_heap_freelist total_size=0x0
I/Process ( 1670): ----------------------------------------------------
I/Process ( 1670):   buffer     size kmap ref hdl mod      mva sec flag pid comm(client)   v1   v2   v3   v4 dbg_name
I/Process ( 1670): 0xd007dc00  8355840   0   3   2   0  2500000   0   0 245 surfaceflinger 0x0 0x0 0x0 0x0 nothing sf_info(-18771955 0 0 1080 1920 0 0 1080 1920 67043329 0 0 0 0 0 0 )
I/Process ( 1670): 0xd04a4300    49152   0   4   3   0  1c00000   0   3 245 surfaceflinger 0x0 0x0 0x0 0x0 noth
I/Process ( 1670): get_ion_cache_memory ionCacheTotalInByte:182239232
I/BufferQueue(  245): [](this:0xb7acb888,id:157,api:2,p:1670,c:245) queueBuffer: fps=0.10 dur=10017.63 max=10017.63 min=10017.63
I/        (  245): [BWC INFO](245): get_bwc_mm_property success
I/        (  245): [BWC INFO](245): get_bwc_mm_property success
D/PhoneInterfaceManagerEx( 1085): [PhoneIntfMgrEx] hasIccCard  simId=0
D/PhoneInterfaceManagerEx( 1085): [PhoneIntfMgrEx] hasIccCard  simId=1
I/        (  245): [BWC INFO](245): get_bwc_mm_property success
I/        (  245): [BWC INFO](245): get_bwc_mm_property success
I/SurfaceFlinger(  245): [Built-in Screen (type:0)] fps:5.396181,dur:1111.90,max:401.93,min:33.42
I/BufferQueue(  245): [StatusBar](this:0xb7a9d6f0,id:7,api:1,p:919,c:245) queueBuffer: fps=3.54 dur=1413.74 max=502.85 min=103.19
I/        (  245): [BWC INFO](245): get_bwc_mm_property success
I/        (  245): [BWC INFO](245): get_bwc_mm_property success
D/WifiStateMachine(  800): ConnectedState{ when=-3ms what=131155 arg1=12 target=com.android.internal.util.StateMachine$SmHandler target=Handler (com.android.internal.util.StateMachine$SmHandler) {42c15060} }
D/WifiStateMachine(  800): L2ConnectedState{ when=-3ms what=131155 arg1=12 target=com.android.internal.util.StateMachine$SmHandler target=Handler (com.android.internal.util.StateMachine$SmHandler) {42c15060} }
D/WifiHW  (  800): enter -->wifi_send_command cmd=IFNAME=wlan0 SIGNAL_POLL
D/wpa_supplicant( 1003): RX ctrl_iface - hexdump(len=11): 53 49 47 4e 41 4c 5f 50 4f 4c 4c
D/wpa_supplicant( 1003): wlan0: Control interface command 'SIGNAL_POLL'
D/wpa_supplicant( 1003): nl80211: survey data missing!
D/wpa_supplicant( 1003): signal poll, reply_len=48
D/wpa_ctrl(  800): reply_len=4095
D/WifiHW  (  800): leave --> reply=RSSI=-48
D/WifiHW  (  800): LINKSPEED=65
D/WifiHW  (  800): NOISE=9999
D/WifiHW  (  800): FREQUENCY=2412
D/WifiHW  (  800): 
D/wifi    (  800): doStringCommand, buf IFNAME=wlan0 SIGNAL_POLL
I/WifiStateMachine(  800): fetchRssiAndLinkSpeedNative, newRssi:-48, newLinkSpeed:65, SSID:"bigbig"
D/WifiStateMachine(  800): mRssiArray[0] = -48
D/WifiStateMachine(  800): mRssiArray[1] = -51
D/WifiStateMachine(  800): mRssiArray[2] = -51
D/WifiStateMachine(  800): mRssiArray[3] = -51
D/WifiStateMachine(  800): mRssiArray[4] = -48
D/WifiStateMachine(  800): GetFilterRssi is : -48
D/WifiStateMachine(  800): mLastSignalLevel:4, newSignalLevel:4
D/WifiStateMachine(  800): fetchRssiAndLinkSpeedNative, ipAddr:67152064
I/        (  245): [BWC INFO](245): get_bwc_mm_property success
I/        (  245): [BWC INFO](245): get_bwc_mm_property success
I/SurfaceFlinger(  245): [Built-in Screen (type:0)] fps:2.845217,dur:1405.87,max:502.76,min:200.71
I/BufferQueue(  245): [StatusBar](this:0xb7a9d6f0,id:7,api:1,p:919,c:245) queueBuffer: fps=3.62 dur=1105.43 max=502.67 min=200.70
I/        (  245): [BWC INFO](245): get_bwc_mm_property success
I/        (  245): [BWC INFO](245): get_bwc_mm_property success
D/BatteryService(  800): mBatteryVoltage=4231, batteryLevel=50
V/ActivityManager(  800): Broadcast sticky: Intent { act=android.intent.action.ADDITIONAL_BATTERY_CHANGED flg=0x60000010 (has extras) } ordered=false userid=-1 callerApp=null
V/ActivityManager(  800): Broadcast sticky: Intent { act=android.intent.action.BATTERY_CHANGED flg=0x60000010 (has extras) } ordered=false userid=-1 callerApp=null
D/WifiService(  800): onReceive, action:android.intent.action.BATTERY_CHANGED
D/WifiController(  800): DeviceActiveState{ when=0 what=155652 arg1=2 target=com.android.internal.util.StateMachine$SmHandler target=Handler (com.android.internal.util.StateMachine$SmHandler) {42aa5c00} }
D/WifiController(  800): StaEnabledState{ when=0 what=155652 arg1=2 target=com.android.internal.util.StateMachine$SmHandler target=Handler (com.android.internal.util.StateMachine$SmHandler) {42aa5c00} }
