D/WifiController(  800): DefaultState{ when=-1ms what=155652 arg1=2 target=com.android.internal.util.StateMachine$SmHandler target=Handler (com.android.internal.util.StateMachine$SmHandler) {42aa5c00} }
D/WifiController(  800): battery changed pluggedType: 2
D/UsbDeviceManager(  800): onReceive - BATTERY_CHANGED - mPlugType: 2, mSettingUsbCharging: false, mConnected: true, mSettingUsbBicr: false
D/PowerSaveService( 1108): PowerSaveReceiver EXTRA_STATUS: status = 2, lastCharging = true
D/dalvikvm(  919): create interp thread : stack size=128KB
D/dalvikvm(  919): create new thread
D/dalvikvm(  919): new thread created
D/dalvikvm(  919): update thread list
V/ActivityManager(  800): Broadcast sticky: Intent { act=android.intent.action.ADDITIONAL_BATTERY_CHANGED flg=0x60000010 (has extras) } ordered=false userid=-1 callerApp=null
V/ActivityManager(  800): Broadcast sticky: Intent { act=android.intent.action.ADDITIONAL_BATTERY_CHANGED flg=0x60000010 (has extras) } ordered=false userid=-1 callerApp=null
D/dalvikvm(  919): threadid=28: interp stack at 0x7c365000
D/dalvikvm(  919): threadid=28: created from interp
D/dalvikvm(  919): start new thread
D/dalvikvm(  919): threadid=28: notify debugger
D/dalvikvm(  919): threadid=28 (Thread-60312): calling run()
V/Provider/Settings(  919): get setting for user 0 by user 0 so skipping cache
V/Provider/Settings(  919):  from settings cache , name = date_format , value = 
D/dalvikvm(  919): threadid=28: exiting
D/dalvikvm(  919): threadid=28: bye!
D/dalvikvm( 1670): create interp thread : stack size=128KB
D/dalvikvm( 1670): create new thread
D/dalvikvm( 1670): new thread created
D/dalvikvm( 1670): update thread list
D/dalvikvm( 1670): threadid=11: interp stack at 0x78b2a000
D/dalvikvm( 1670): threadid=11: created from interp
D/dalvikvm( 1670): start new thread
V/Provider/Settings( 1670): get setting for user 0 by user 0 so skipping cache
V/Provider/Settings( 1670):  from settings cache , name = adb_enabled , value = 1
D/dalvikvm( 1670): threadid=11: notify debugger
D/dalvikvm( 1670): threadid=11 (ADThread-1501741756924): calling run()
I/        (  245): [BWC INFO](245): get_bwc_mm_property success
D/dalvikvm( 1670): threadid=11: exiting
D/dalvikvm( 1670): threadid=11: bye!
D/dalvikvm(  919): create interp thread : stack size=128KB
D/dalvikvm(  919): create new thread
D/dalvikvm(  919): new thread created
D/dalvikvm(  919): update thread list
D/dalvikvm(  919): threadid=28: interp stack at 0x7c365000
D/dalvikvm(  919): threadid=28: created from interp
D/dalvikvm(  919): start new thread
D/dalvikvm(  919): threadid=28: notify debugger
D/dalvikvm(  919): threadid=28 (Thread-60313): calling run()
V/Provider/Settings(  919): get setting for user 0 by user 0 so skipping cache
V/Provider/Settings(  919):  from settings cache , name = date_format , value = 
D/dalvikvm(  919): threadid=28: exiting
D/dalvikvm(  919): threadid=28: bye!
I/        (  245): [BWC INFO](245): get_bwc_mm_property success
I/ANRManager(  800): updateProcessStats
I/System.out( 8931): [CDS]EAGAIN in Recvfrom
I/System.out( 8931): [CDS]read byte is 0
I/System.out( 8931): [CDS]rx timeout:10000
I/System.out( 8931): [CDS]rx timeout:30000
I/        (  245): [BWC INFO](245): get_bwc_mm_property success
I/        (  245): [BWC INFO](245): get_bwc_mm_property success
I/SurfaceFlinger(  245): [Built-in Screen (type:0)] fps:5.472929,dur:1096.31,max:377.94,min:16.79
I/BufferQueue(  245): [StatusBar](this:0xb7a9d6f0,id:7,api:1,p:919,c:245) queueBuffer: fps=5.50 dur=1091.75 max=373.48 min=21.09
I/        (  245): [BWC INFO](245): get_bwc_mm_property success
I/        (  245): [BWC INFO](245): get_bwc_mm_property success
I/        (  245): [BWC INFO](245): get_bwc_mm_property success
D/ConnectivityService(  800): getActiveNetworkInfo:NetworkInfo: type: WIFI[], state: CONNECTED/CONNECTED, reason: (unspecified), extra: "bigbig", roaming: false, failover: false, isAvailable: true, isConnectedToProvisioningNetwork: false, simId: 0/1000
V/Provider/Settings(  919): get setting for user 0 by user 0 so skipping cache
V/Provider/Settings(  919):  from settings cache , name = show_network_speed , value = 1
D/dalvikvm(  919): create interp thread : stack size=128KB
D/dalvikvm(  919): create new thread
D/dalvikvm(  919): new thread created
D/dalvikvm(  919): update thread list
D/dalvikvm(  919): threadid=28: interp stack at 0x7c365000
D/dalvikvm(  919): threadid=28: created from interp
D/dalvikvm(  919): start new thread
D/dalvikvm(  919): threadid=28: notify debugger
D/dalvikvm(  919): threadid=28 (Thread-60314): calling run()
V/Provider/Settings(  919): get setting for user 0 by user 0 so skipping cache
V/Provider/Settings(  919):  from settings cache , name = date_format , value = 
D/dalvikvm(  919): threadid=28: exiting
D/dalvikvm(  919): threadid=28: bye!
I/        (  245): [BWC INFO](245): get_bwc_mm_property success
D/        (  257): charger_monitor log_has_update will be set false
I/        (  245): [BWC INFO](245): get_bwc_mm_property success
I/SurfaceFlinger(  245): [Built-in Screen (type:0)] fps:4.496279,dur:1112.03,max:501.99,min:50.40
D/WifiStateMachine(  800): ConnectedState{ when=-3ms what=131155 arg1=12 target=com.android.internal.util.StateMachine$SmHandler target=Handler (com.android.internal.util.StateMachine$SmHandler) {42c15060} }
D/WifiStateMachine(  800): L2ConnectedState{ when=-3ms what=131155 arg1=12 target=com.android.internal.util.StateMachine$SmHandler target=Handler (com.android.internal.util.StateMachine$SmHandler) {42c15060} }
D/WifiHW  (  800): enter -->wifi_send_command cmd=IFNAME=wlan0 SIGNAL_POLL
D/wpa_supplicant( 1003): RX ctrl_iface - hexdump(len=11): 53 49 47 4e 41 4c 5f 50 4f 4c 4c
D/wpa_supplicant( 1003): wlan0: Control interface command 'SIGNAL_POLL'
D/wpa_supplicant( 1003): nl80211: survey data missing!
D/wpa_supplicant( 1003): signal poll, reply_len=48
D/wpa_ctrl(  800): reply_len=4095
D/WifiHW  (  800): leave --> reply=RSSI=-48
D/WifiHW  (  800): LINKSPEED=65
D/WifiHW  (  800): NOISE=9999
D/WifiHW  (  800): FREQUENCY=2412
D/WifiHW  (  800): 
D/wifi    (  800): doStringCommand, buf IFNAME=wlan0 SIGNAL_POLL
I/WifiStateMachine(  800): fetchRssiAndLinkSpeedNative, newRssi:-48, newLinkSpeed:65, SSID:"bigbig"
D/WifiStateMachine(  800): mRssiArray[0] = -48
D/WifiStateMachine(  800): mRssiArray[1] = -48
D/WifiStateMachine(  800): mRssiArray[2] = -51
D/WifiStateMachine(  800): mRssiArray[3] = -51
D/WifiStateMachine(  800): mRssiArray[4] = -48
D/WifiStateMachine(  800): GetFilterRssi is : -48
D/WifiStateMachine(  800): mLastSignalLevel:4, newSignalLevel:4
D/WifiStateMachine(  800): fetchRssiAndLinkSpeedNative, ipAddr:67152064
I/BufferQueue(  245): [StatusBar](this:0xb7a9d6f0,id:7,api:1,p:919,c:245) queueBuffer: fps=3.53 dur=1415.48 max=504.32 min=54.10
I/        (  245): [BWC INFO](245): get_bwc_mm_property success
I/        (  245): [BWC INFO](245): get_bwc_mm_property success
I/        (  245): [BWC INFO](245): get_bwc_mm_property success
I/        (  245): [BWC INFO](245): get_bwc_mm_property success
I/SurfaceFlinger(  245): [Built-in Screen (type:0)] fps:2.831194,dur:1412.83,max:505.20,min:201.67
I/BufferQueue(  245): [StatusBar](this:0xb7a9d6f0,id:7,api:1,p:919,c:245) queueBuffer: fps=3.60 dur=1111.66 max=506.71 min=201.60
I/        (  245): [BWC INFO](245): get_bwc_mm_property success
I/        (  245): [BWC INFO](245): get_bwc_mm_property success
I/        (  245): [BWC INFO](245): get_bwc_mm_property success
V/ActivityManager(  800): Broadcast sticky: Intent { act=android.intent.action.SIG_STR flg=0x10 (has extras) } ordered=false userid=-1 callerApp=ProcessRecord{427f5390 800:system/1000}
D/dalvikvm(  919): create interp thread : stack size=128KB
D/dalvikvm(  919): create new thread
D/dalvikvm(  919): new thread created
D/dalvikvm(  919): update thread list
D/dalvikvm(  919): threadid=28: interp stack at 0x7c365000
D/dalvikvm(  919): threadid=28: created from interp
D/dalvikvm(  919): start new thread
D/dalvikvm(  919): threadid=28: notify debugger
D/dalvikvm(  919): threadid=28 (Thread-60315): calling run()
D/PhoneInterfaceManagerEx( 1085): [PhoneIntfMgrEx] hasIccCard  simId=1
D/PhoneInterfaceManagerEx( 1085): [PhoneIntfMgrEx] hasIccCard  simId=1
D/PhoneInterfaceManager( 1085): isNetworkRoaming slotId=1
V/Provider/Settings(  800): get setting for user 0 by user 0 so skipping cache
V/Provider/Settings(  800):  from settings cache , name = mobile_data , value = 0
D/ConnectivityService(  800): getMobileDataEnabled returning false
D/PhoneInterfaceManagerEx( 1085): [PhoneIntfMgrEx] hasIccCard  simId=1
D/dalvikvm(  919): threadid=28: exiting
D/dalvikvm(  919): threadid=28: bye!
D/PhoneInterfaceManagerEx( 1085): [PhoneIntfMgrEx] hasIccCard  simId=0
D/PhoneInterfaceManagerEx( 1085): [PhoneIntfMgrEx] hasIccCard  simId=1
D/PhoneInterfaceManagerEx( 1085): [PhoneIntfMgrEx] hasIccCard  simId=0
D/PhoneInterfaceManagerEx( 1085): [PhoneIntfMgrEx] hasIccCard  simId=1
D/PhoneInterfaceManagerEx( 1085): [PhoneIntfMgrEx] hasIccCard  simId=0
D/PhoneInterfaceManagerEx( 1085): [PhoneIntfMgrEx] hasIccCard  simId=1
D/ConnectivityService(  800): getActiveNetworkInfo:NetworkInfo: type: WIFI[], state: CONNECTED/CONNECTED, reason: (unspecified), extra: "bigbig", roaming: false, failover: false, isAvailable: true, isConnectedToProvisioningNetwork: false, simId: 0/1000
V/Provider/Settings(  919): get setting for user 0 by user 0 so skipping cache
V/Provider/Settings(  919):  from settings cache , name = show_network_speed , value = 1
D/PhoneInterfaceManagerEx( 1085): [PhoneIntfMgrEx] hasIccCard  simId=0
D/PhoneInterfaceManagerEx( 1085): [PhoneIntfMgrEx] hasIccCard  simId=1
D/PhoneInterfaceManagerEx( 1085): [PhoneIntfMgrEx] hasIccCard  simId=0
D/PhoneInterfaceManagerEx( 1085): [PhoneIntfMgrEx] hasIccCard  simId=1
D/dalvikvm(  919): create interp thread : stack size=128KB
D/dalvikvm(  919): create new thread
D/dalvikvm(  919): new thread created
D/dalvikvm(  919): update thread list
D/dalvikvm(  919): threadid=28: interp stack at 0x7c365000
D/dalvikvm(  919): threadid=28: created from interp
D/dalvikvm(  919): start new thread
D/dalvikvm(  919): threadid=28: notify debugger
D/dalvikvm(  919): threadid=28 (Thread-60316): calling run()
V/Provider/Settings(  919): get setting for user 0 by user 0 so skipping cache
V/Provider/Settings(  919):  from settings cache , name = date_format , value = 
D/dalvikvm(  919): threadid=28: exiting
D/dalvikvm(  919): threadid=28: bye!
I/        (  245): [BWC INFO](245): get_bwc_mm_property success
I/SurfaceFlinger(  245): [Built-in Screen (type:0)] fps:3.718667,dur:1075.65,max:504.16,min:167.95
I/        (  245): [BWC INFO](245): get_bwc_mm_property success
I/BufferQueue(  245): [StatusBar](this:0xb7a9d6f0,id:7,api:1,p:919,c:245) queueBuffer: fps=4.50 dur=1111.96 max=504.14 min=29.56
I/        (  245): [BWC INFO](245): get_bwc_mm_property success
D/WifiStateMachine(  800): ConnectedState{ when=-2ms what=131155 arg1=12 target=com.android.internal.util.StateMachine$SmHandler target=Handler (com.android.internal.util.StateMachine$SmHandler) {42c15060} }
D/WifiStateMachine(  800): L2ConnectedState{ when=-2ms what=131155 arg1=12 target=com.android.internal.util.StateMachine$SmHandler target=Handler (com.android.internal.util.StateMachine$SmHandler) {42c15060} }
D/WifiHW  (  800): enter -->wifi_send_command cmd=IFNAME=wlan0 SIGNAL_POLL
D/wpa_supplicant( 1003): RX ctrl_iface - hexdump(len=11): 53 49 47 4e 41 4c 5f 50 4f 4c 4c
D/wpa_supplicant( 1003): wlan0: Control interface command 'SIGNAL_POLL'
D/wpa_supplicant( 1003): nl80211: survey data missing!
D/wpa_supplicant( 1003): signal poll, reply_len=48
D/wpa_ctrl(  800): reply_len=4095
D/WifiHW  (  800): leave --> reply=RSSI=-47
D/WifiHW  (  800): LINKSPEED=65
D/WifiHW  (  800): NOISE=9999
D/WifiHW  (  800): FREQUENCY=2412
D/WifiHW  (  800): 
D/wifi    (  800): doStringCommand, buf IFNAME=wlan0 SIGNAL_POLL
I/WifiStateMachine(  800): fetchRssiAndLinkSpeedNative, newRssi:-47, newLinkSpeed:65, SSID:"bigbig"
D/WifiStateMachine(  800): mRssiArray[0] = -48
D/WifiStateMachine(  800): mRssiArray[1] = -48
D/WifiStateMachine(  800): mRssiArray[2] = -48
D/WifiStateMachine(  800): mRssiArray[3] = -51
D/WifiStateMachine(  800): mRssiArray[4] = -48
D/WifiStateMachine(  800): GetFilterRssi is : -47
D/WifiStateMachine(  800): mLastSignalLevel:4, newSignalLevel:4
D/WifiStateMachine(  800): fetchRssiAndLinkSpeedNative, ipAddr:67152064
I/        (  245): [BWC INFO](245): get_bwc_mm_property success
V/ActivityManager(  800): Broadcast sticky: Intent { act=android.intent.action.ADDITIONAL_BATTERY_CHANGED flg=0x60000010 (has extras) } ordered=false userid=-1 callerApp=null
V/ActivityManager(  800): Broadcast sticky: Intent { act=android.intent.action.ADDITIONAL_BATTERY_CHANGED flg=0x60000010 (has extras) } ordered=false userid=-1 callerApp=null
V/ActivityManager(  800): Broadcast sticky: Intent { act=android.intent.action.ADDITIONAL_BATTERY_CHANGED flg=0x60000010 (has extras) } ordered=false userid=-1 callerApp=null
D/dalvikvm(  919): create interp thread : stack size=128KB
D/dalvikvm(  919): create new thread
D/dalvikvm(  919): new thread created
D/dalvikvm(  919): update thread list
D/dalvikvm(  919): threadid=28: interp stack at 0x7c365000
D/dalvikvm(  919): threadid=28: created from interp
D/dalvikvm(  919): start new thread
D/dalvikvm(  919): threadid=28: notify debugger
D/dalvikvm(  919): threadid=28 (Thread-60317): calling run()
D/dalvikvm(  919): create interp thread : stack size=128KB
D/dalvikvm(  919): create new thread
D/dalvikvm(  919): new thread created
D/dalvikvm(  919): update thread list
V/Provider/Settings(  919): get setting for user 0 by user 0 so skipping cache
V/Provider/Settings(  919):  from settings cache , name = date_format , value = 
D/dalvikvm(  919): threadid=28: exiting
D/dalvikvm(  919): threadid=28: bye!
D/dalvikvm(  919): threadid=28: interp stack at 0x7c49f000
D/dalvikvm(  919): threadid=28: created from interp
D/dalvikvm(  919): start new thread
D/dalvikvm(  919): threadid=28: notify debugger
D/dalvikvm(  919): threadid=28 (Thread-60318): calling run()
V/Provider/Settings(  919): get setting for user 0 by user 0 so skipping cache
V/Provider/Settings(  919):  from settings cache , name = date_format , value = 
D/dalvikvm(  919): threadid=28: exiting
D/dalvikvm(  919): threadid=28: bye!
I/        (  245): [BWC INFO](245): get_bwc_mm_property success
I/        (  245): [BWC INFO](245): get_bwc_mm_property success
I/        (  245): [BWC INFO](245): get_bwc_mm_property success
I/        (  245): [BWC INFO](245): get_bwc_mm_property success
I/SurfaceFlinger(  245): [Built-in Screen (type:0)] fps:6.122014,dur:1143.41,max:503.66,min:16.82
D/ConnectivityService(  800): getActiveNetworkInfo:NetworkInfo: type: WIFI[], state: CONNECTED/CONNECTED, reason: (unspecified), extra: "bigbig", roaming: false, failover: false, isAvailable: true, isConnectedToProvisioningNetwork: false, simId: 0/1000
V/Provider/Settings(  919): get setting for user 0 by user 0 so skipping cache
V/Provider/Settings(  919):  from settings cache , name = show_network_speed , value = 1
D/dalvikvm(  919): create interp thread : stack size=128KB
D/dalvikvm(  919): create new thread
D/dalvikvm(  919): new thread created
D/dalvikvm(  919): update thread list
D/dalvikvm(  919): threadid=28: interp stack at 0x7c365000
D/dalvikvm(  919): threadid=28: created from interp
D/dalvikvm(  919): start new thread
D/dalvikvm(  919): threadid=28: notify debugger
D/dalvikvm(  919): threadid=28 (Thread-60319): calling run()
V/Provider/Settings(  919): get setting for user 0 by user 0 so skipping cache
V/Provider/Settings(  919):  from settings cache , name = date_format , value = 
D/dalvikvm(  919): threadid=28: exiting
D/dalvikvm(  919): threadid=28: bye!
I/BufferQueue(  245): [StatusBar](this:0xb7a9d6f0,id:7,api:1,p:919,c:245) queueBuffer: fps=5.26 dur=1139.85 max=504.43 min=9.77
I/        (  245): [BWC INFO](245): get_bwc_mm_property success
I/        (  245): [BWC INFO](245): get_bwc_mm_property success
I/        (  245): [BWC INFO](245): get_bwc_mm_property success
I/        (  245): [BWC INFO](245): get_bwc_mm_property success
V/websync (13428): *** WebSyncManager sync ***
V/websync (13428): CookieSyncManager::syncFromRamToFlash STARTS
V/websync (13428): CookieSyncManager::syncFromRamToFlash DONE
D/        (  257): charger_monitor log_has_update will be set false
I/BufferQueue(  245): [StatusBar](this:0xb7a9d6f0,id:7,api:1,p:919,c:245) queueBuffer: fps=3.40 dur=1175.43 max=503.01 min=200.03
I/        (  245): [BWC INFO](245): get_bwc_mm_property success
I/SurfaceFlinger(  245): [Built-in Screen (type:0)] fps:3.550181,dur:1408.38,max:503.14,min:201.20
V/websync (13466): *** WebSyncManager sync ***
V/websync (13466): CookieSyncManager::syncFromRamToFlash STARTS
V/websync (13466): CookieSyncManager::syncFromRamToFlash DONE
I/        (  245): [BWC INFO](245): get_bwc_mm_property success
I/        (  245): [BWC INFO](245): get_bwc_mm_property success
I/Process ( 1670): get_ion_cache_memory totalNum:182239232
I/Process ( 1670): mm_heap_freelist total_size=0x0
I/Process ( 1670): ----------------------------------------------------
I/Process ( 1670):   buffer     size kmap ref hdl mod      mva sec flag pid comm(client)   v1   v2   v3   v4 dbg_name
I/Process ( 1670): 0xd007dc00  8355840   0   3   2   0  2500000   0   0 245 surfaceflinger 0x0 0x0 0x0 0x0 nothing sf_info(-18771955 0 0 1080 1920 0 0 1080 1920 67043329 0 0 0 0 0 0 )
I/Process ( 1670): 0xd04a4300    49152   0   3   2   0  1c00000   0   3 245 surfaceflinger 0x0 0x0 0x0 0x0 noth
I/Process ( 1670): get_ion_cache_memory ionCacheTotalInByte:182239232
I/BufferQueue(  245): [](this:0xb7acb888,id:157,api:2,p:1670,c:245) queueBuffer: fps=0.10 dur=10008.96 max=10008.96 min=10008.96
I/        (  245): [BWC INFO](245): get_bwc_mm_property success
I/BufferQueue(  245): [StatusBar](this:0xb7a9d6f0,id:7,api:1,p:919,c:245) queueBuffer: fps=3.61 dur=1106.54 max=503.01 min=201.12
I/        (  245): [BWC INFO](245): get_bwc_mm_property success
I/SurfaceFlinger(  245): [Built-in Screen (type:0)] fps:3.615433,dur:1106.37,max:503.65,min:200.53
D/WifiStateMachine(  800): ConnectedState{ when=-3ms what=131155 arg1=12 target=com.android.internal.util.StateMachine$SmHandler target=Handler (com.android.internal.util.StateMachine$SmHandler) {42c15060} }
D/WifiStateMachine(  800): L2ConnectedState{ when=-3ms what=131155 arg1=12 target=com.android.internal.util.StateMachine$SmHandler target=Handler (com.android.internal.util.StateMachine$SmHandler) {42c15060} }
D/WifiHW  (  800): enter -->wifi_send_command cmd=IFNAME=wlan0 SIGNAL_POLL
D/wpa_supplicant( 1003): RX ctrl_iface - hexdump(len=11): 53 49 47 4e 41 4c 5f 50 4f 4c 4c
D/wpa_supplicant( 1003): wlan0: Control interface command 'SIGNAL_POLL'
D/wpa_supplicant( 1003): nl80211: survey data missing!
D/wpa_supplicant( 1003): signal poll, reply_len=48
D/wpa_ctrl(  800): reply_len=4095
D/WifiHW  (  800): leave --> reply=RSSI=-47
D/WifiHW  (  800): LINKSPEED=65
D/WifiHW  (  800): NOISE=9999
D/WifiHW  (  800): FREQUENCY=2412
D/WifiHW  (  800): 
D/wifi    (  800): doStringCommand, buf IFNAME=wlan0 SIGNAL_POLL
I/WifiStateMachine(  800): fetchRssiAndLinkSpeedNative, newRssi:-47, newLinkSpeed:65, SSID:"bigbig"
D/WifiStateMachine(  800): mRssiArray[0] = -48
D/WifiStateMachine(  800): mRssiArray[1] = -48
D/WifiStateMachine(  800): mRssiArray[2] = -48
D/WifiStateMachine(  800): mRssiArray[3] = -47
D/WifiStateMachine(  800): mRssiArray[4] = -48
D/WifiStateMachine(  800): GetFilterRssi is : -47
D/WifiStateMachine(  800): mLastSignalLevel:4, newSignalLevel:4
D/WifiStateMachine(  800): fetchRssiAndLinkSpeedNative, ipAddr:67152064
D/OpenSSLLib(11882): OpensslErr:Module:13(114:155); file:external/openssl/crypto/asn1/asn1_lib.c ;Line:142;Function:ASN1_get_object
V/Provider/Settings(  800): get setting for user 0 by user 0 so skipping cache
V/Provider/Settings(  800):  from settings cache , name = location_providers_allowed , value = gps,network
V/Provider/Settings(  800): get setting for user 0 by user 0 so skipping cache
V/Provider/Settings(  800):  from settings cache , name = location_providers_allowed , value = gps,network
D/LocationManagerService(  800): getProviders()=[passive, gps, network]
I/        (  245): [BWC INFO](245): get_bwc_mm_property success
V/AlarmManager(  800): Checking for alarms... rtc=1501741765379, elapsed=73823082
V/AlarmManager(  800): isAlarmNeedAlign : charging
V/AlarmManager(  800): Adding Alarm{4411bd98 type 3 android} to Batch{4410ef90 num=6 start=76034670 end=76296548}
V/AlarmManager(  800):     => now Batch{4410ef90 num=6 start=76034670 end=76296548}
V/AlarmManager(  800): sending alarm Alarm{44047f70 type 3 android}
V/ActivityManager(  800): Broadcast: Intent { act=com.android.server.action.NETWORK_STATS_POLL flg=0x94 (has extras) } ordered=true userid=0 callerApp=null
D/ActivityThread(  800): BDC-Calling onReceive: intent=Intent { act=com.android.server.action.NETWORK_STATS_POLL flg=0x94 (has extras) }, ordered=true, receiver=com.android.server.net.NetworkStatsService$4@42de23f8, IIntentReceiver=428e6b40
V/Provider/Settings(  800): get setting for user 0 by user 0 so skipping cache
V/Provider/Settings(  800):  from settings cache , name = netstats_time_cache_max_age , value = null
D/AppOps  (  800): startOperation: allowing code 40 uid 1000 package android
V/NetworkStats(  800): performPollLocked(flags=0x3)
V/AlarmManager(  800): sending alarm Alarm{44047ec8 type 0 com.ss.android.article.news}
V/AlarmManager(  800): wakeup alarm = Alarm{44047ec8 type 0 com.ss.android.article.news}
V/ActivityManager(  800): Broadcast: Intent { act=com.xiaomi.push.PING_TIMER flg=0x94 pkg=com.ss.android.article.news (has extras) } ordered=true userid=0 callerApp=null
E/NetworkStats(  800): success. readNetworkStatsDetail size = 116
E/NetworkStats(  800): success. readNetworkStatsDetailWithPids end.
D/NetdConnector(  800): SND -> {773 bandwidth gettetherstats}
I/FrameworkListener(  242): onDataAvailable get 29 bytes 
D/SocketClient(  242): SocketClient msg = Tethering stats list completed
D/SocketClient(  242): SocketClient sendDatalocked done: 200 773 Tethering stats list completed
D/NetdConnector(  800): RCV <- {200 773 Tethering stats list completed}
D/NetdConnector(  800): RMV <- {200 773 Tethering stats list completed}
E/NetworkStats(  800): success. readNetworkStatsDetailWithPids size = 38
E/NetworkStats(  800): success. readNetworkStatsDetailWithPids end.
D/NetworkStatsRecorder(  800): recordSnapshotLocked.dev:snapshot size:4
W/NetworkStatsRecorder(  800): unknown interfaces [lo, tun0, p2p0], ignoring those stats
D/NetworkStatsRecorder(  800): recordSnapshotLocked.xt:snapshot size:4
W/NetworkStatsRecorder(  800): unknown interfaces [lo, tun0, p2p0], ignoring those stats
D/NetworkStatsRecorder(  800): recordSnapshotLocked.uid:snapshot size:116
W/NetworkStatsRecorder(  800): unknown interfaces [lo, p2p0], ignoring those stats
D/NetworkStatsRecorder(  800): recordSnapshotLocked.uid_tag:snapshot size:116
W/NetworkStatsRecorder(  800): unknown interfaces [lo, p2p0], ignoring those stats
V/NetworkStats(  800): performPollLocked() took 36ms
V/Provider/Settings(  800): get setting for user 0 by user 0 so skipping cache
V/Provider/Settings(  800):  from settings cache , name = netstats_sample_enabled , value = null
V/ActivityManager(  800): Broadcast: Intent { act=com.android.server.action.NETWORK_STATS_UPDATED flg=0x40000010 } ordered=false userid=-1 callerApp=ProcessRecord{427f5390 800:system/1000}
V/NetworkPolicy(  800): ensureActiveMobilePolicyLocked()
D/PhoneInterfaceManagerEx( 1085): [PhoneIntfMgrEx] hasIccCard  simId=0
D/PhoneInterfaceManagerEx( 1085): [PhoneIntfMgrEx] hasIccCard  simId=1
V/NetworkPolicy(  800): updateNetworkEnabledLocked()
V/NetworkPolicy(  800):  checking policy:NetworkPolicy[NetworkTemplate: matchRule=MOBILE_ALL, subscriberId=460110...]: cycleDay=1, cycleTimezone=Asia/Shanghai, warningBytes=-1, limitBytes=-1, lastWarningSnooze=-1, lastLimitSnooze=-1, metered=true, inferred=false, active=false
V/NetworkPolicy(  800):  ignore this policy
V/NetworkPolicy(  800):  checking policy:NetworkPolicy[NetworkTemplate: matchRule=WIFI, networkId="è…çŒ›çš„å°ç±³æ‰‹æœº"]: cycleDay=-1, cycleTimezone=UTC, warningBytes=-1, limitBytes=-1, lastWarningSnooze=-1, lastLimitSnooze=-1, metered=true, inferred=true, active=true
V/NetworkPolicy(  800):  checking policy:NetworkPolicy[NetworkTemplate: matchRule=MOBILE_ALL]: cycleDay=1, cycleTimezone=Asia/Shanghai, warningBytes=-1, limitBytes=-1, lastWarningSnooze=-1, lastLimitSnooze=-1, metered=true, inferred=false, active=false
V/NetworkPolicy(  800):  ignore this policy
V/NetworkPolicy(  800):  checking policy:NetworkPolicy[NetworkTemplate: matchRule=MOBILE_ALL, subscriberId=460110...]: cycleDay=18, cycleTimezone=Asia/Shanghai, warningBytes=2147483648, limitBytes=-1, lastWarningSnooze=-1, lastLimitSnooze=-1, metered=true, inferred=true, active=false
V/NetworkPolicy(  800):  ignore this policy
V/NetworkPolicy(  800): updateNotificationsLocked()
D/NetworkPolicy(  800):  checking policy:NetworkPolicy[NetworkTemplate: matchRule=MOBILE_ALL, subscriberId=460110...]: cycleDay=1, cycleTimezone=Asia/Shanghai, warningBytes=-1, limitBytes=-1, lastWarningSnooze=-1, lastLimitSnooze=-1, metered=true, inferred=false, active=false
D/NetworkPolicy(  800):  ignore this policy
D/NetworkPolicy(  800):  checking policy:NetworkPolicy[NetworkTemplate: matchRule=WIFI, networkId="è…çŒ›çš„å°ç±³æ‰‹æœº"]: cycleDay=-1, cycleTimezone=UTC, warningBytes=-1, limitBytes=-1, lastWarningSnooze=-1, lastLimitSnooze=-1, metered=true, inferred=true, active=true
D/NetworkPolicy(  800):  checking policy:NetworkPolicy[NetworkTemplate: matchRule=MOBILE_ALL]: cycleDay=1, cycleTimezone=Asia/Shanghai, warningBytes=-1, limitBytes=-1, lastWarningSnooze=-1, lastLimitSnooze=-1, metered=true, inferred=false, active=false
D/NetworkPolicy(  800):  ignore this policy
D/NetworkPolicy(  800):  checking policy:NetworkPolicy[NetworkTemplate: matchRule=MOBILE_ALL, subscriberId=460110...]: cycleDay=18, cycleTimezone=Asia/Shanghai, warningBytes=2147483648, limitBytes=-1, lastWarningSnooze=-1, lastLimitSnooze=-1, metered=true, inferred=true, active=false
D/NetworkPolicy(  800):  ignore this policy
D/NetdConnector(  800): SND -> {774 bandwidth setglobalalert 2097152}
I/FrameworkListener(  242): onDataAvailable get 37 bytes 
D/SocketClient(  242): SocketClient msg = Bandwidth command succeeeded
D/SocketClient(  242): SocketClient sendDatalocked done: 200 774 Bandwidth command succeeeded
D/NetdConnector(  800): RCV <- {200 774 Bandwidth command succeeeded}
D/NetdConnector(  800): RMV <- {200 774 Bandwidth command succeeeded}
D/ActivityThread(  800): BDC-Calling finishReceiver: IIntentReceiver=428e6b40
V/OppoAppStartupManager(  800): intent == null || callerApp == null
D/ActivityThread(13592): BDC-Calling onReceive: intent=Intent { act=com.xiaomi.push.PING_TIMER flg=0x94 pkg=com.ss.android.article.news cmp=com.ss.android.article.news/com.xiaomi.push.service.receivers.PingReceiver (has extras) }, ordered=true, receiver=com.xiaomi.push.service.receivers.PingReceiver@42fc84d8
D/OppoAlarmManagerHelper(  800): windowLength == AlarmManager.WINDOW_EXACT
D/OppoAlarmManagerHelper(  800): uid in mUidWhiteList =  1000
D/OppoAlarmManagerHelper(  800): uid in mUidWhiteList =  1001
D/OppoAlarmManagerHelper(  800): This uid use inexact alarm !!!  uid == 10464
D/OppoAlarmManagerHelper(  800): Pkg in mPkgWhiteList =  com.android.cts.app
D/OppoAlarmManagerHelper(  800): Pkg in mPkgWhiteList =  com.android.cts.stub
D/OppoAlarmManagerHelper(  800): Pkg in mPkgWhiteList =  com.android.deskclock
D/OppoAlarmManagerHelper(  800): Pkg in mPkgWhiteList =  com.android.mms
D/OppoAlarmManagerHelper(  800): Pkg in mPkgWhiteList =  oppo.multimedia.soundrecorder
D/OppoAlarmManagerHelper(  800): Pkg in mPkgWhiteList =  com.coloros.soundrecorder
D/OppoAlarmManagerHelper(  800): Pkg in mPkgWhiteList =  com.android.providers.calendar
D/OppoAlarmManagerHelper(  800): Pkg in mPkgWhiteList =  com.oppo.music
D/OppoAlarmManagerHelper(  800): Pkg in mPkgWhiteList =  com.nearme.note
D/OppoAlarmManagerHelper(  800): Pkg in mPkgWhiteList =  com.coloros.note
D/OppoAlarmManagerHelper(  800): Pkg in mPkgWhiteList =  com.oppo.backuprestore
D/OppoAlarmManagerHelper(  800): Pkg in mPkgWhiteList =  com.coloros.backuprestore
D/OppoAlarmManagerHelper(  800): Pkg in mPkgWhiteList =  com.oppo.weather
D/OppoAlarmManagerHelper(  800): Pkg in mPkgWhiteList =  com.coloros.weather
D/OppoAlarmManagerHelper(  800): Pkg in mPkgWhiteList =  com.mobiletools.systemhelper
D/OppoAlarmManagerHelper(  800): Pkg in mPkgWhiteList =  com.oppo.community
D/OppoAlarmManagerHelper(  800): Pkg in mPkgWhiteList =  com.nearme.themespace
D/OppoAlarmManagerHelper(  800): Pkg in mPkgWhiteList =  com.android.keyguard
D/OppoAlarmManagerHelper(  800): Pkg in mPkgWhiteList =  com.oppo.market
D/OppoAlarmManagerHelper(  800): Pkg in mPkgWhiteList =  com.android.browser
D/OppoAlarmManagerHelper(  800): key in mKeyList == clock
D/OppoAlarmManagerHelper(  800): key in mKeyList == alarm
D/OppoAlarmManagerHelper(  800): key in mKeyList == calendar
D/OppoAlarmManagerHelper(  800): This package use inexact alarm !!!  pkg1 == com.ss.android.article.news
D/OppoAlarmManagerHelper(  800): Using  inexact alarm!!!!!!!!
V/AlarmManager(  800): isAlarmNeedAlign : charging
V/AlarmManager(  800): set(PendingIntent{42be8730: PendingIntentRecord{437f0900 com.ss.android.article.news broadcastIntent}}) : type=0 triggerAtTime=1501742042298 win=-1 tElapsed=74100000 maxElapsed=74307644 interval=0 standalone=false
V/AlarmManager(  800): Adding Alarm{43885168 type 0 com.ss.android.article.news} to Batch{44a771a0 num=4 start=74114706 end=74114706}
V/AlarmManager(  800):     => now Batch{44a771a0 num=4 start=74114706 end=74114706}
D/ActivityThread(13592): BDC-RECEIVER handled : 0 / ReceiverData{intent=Intent { act=com.xiaomi.push.PING_TIMER flg=0x94 pkg=com.ss.android.article.news cmp=com.ss.android.article.news/com.xiaomi.push.service.receivers.PingReceiver (has extras) } packageName=com.ss.android.article.news resultCode=0 resultData=null resultExtras=null}
D/ActivityThread(13592): SVC-Calling onStartCommand: com.xiaomi.push.service.XMPushService@42b74a50, flags=0, startId=5
V/xiaomi  (13592): [Thread:1] Service called on timer
D/ActivityThread(13592): SVC-SERVICE_ARGS handled : 0 / ServiceArgsData{token=android.os.BinderProxy@426e4810 startId=5 args=Intent { act=com.xiaomi.push.timer cmp=com.ss.android.article.news/com.xiaomi.push.service.XMPushService (has extras) }}
D/ConnectivityService(  800): getActiveNetworkInfo:NetworkInfo: type: WIFI[], state: CONNECTED/CONNECTED, reason: (unspecified), extra: "bigbig", roaming: false, failover: false, isAvailable: true, isConnectedToProvisioningNetwork: false, simId: 0/10464
I/        (  245): [BWC INFO](245): get_bwc_mm_property success
I/        (  245): [BWC INFO](245): get_bwc_mm_property success
I/BufferQueue(  245): [StatusBar](this:0xb7a9d6f0,id:7,api:1,p:919,c:245) queueBuffer: fps=3.61 dur=1106.66 max=498.86 min=201.42
I/        (  245): [BWC INFO](245): get_bwc_mm_property success
I/SurfaceFlinger(  245): [Built-in Screen (type:0)] fps:3.614779,dur:1106.57,max:501.94,min:201.21
D/PhoneInterfaceManagerEx( 1085): [PhoneIntfMgrEx] hasIccCard  simId=0
D/PhoneInterfaceManagerEx( 1085): [PhoneIntfMgrEx] hasIccCard  simId=1
D/PhoneInterfaceManagerEx( 1085): [PhoneIntfMgrEx] hasIccCard  simId=0
D/PhoneInterfaceManagerEx( 1085): [PhoneIntfMgrEx] hasIccCard  simId=1
D/PhoneInterfaceManagerEx( 1085): [PhoneIntfMgrEx] hasIccCard  simId=0
D/PhoneInterfaceManagerEx( 1085): [PhoneIntfMgrEx] hasIccCard  simId=1
D/PhoneInterfaceManagerEx( 1085): [PhoneIntfMgrEx] hasIccCard  simId=0
D/PhoneInterfaceManagerEx( 1085): [PhoneIntfMgrEx] hasIccCard  simId=1
D/dalvikvm(  919): create interp thread : stack size=128KB
D/dalvikvm(  919): create new thread
D/dalvikvm(  919): new thread created
D/dalvikvm(  919): update thread list
D/dalvikvm(  919): threadid=28: interp stack at 0x7c365000
D/dalvikvm(  919): threadid=28: created from interp
D/dalvikvm(  919): start new thread
D/dalvikvm(  919): threadid=28: notify debugger
D/dalvikvm(  919): threadid=28 (Thread-60320): calling run()
V/Provider/Settings(  919): get setting for user 0 by user 0 so skipping cache
V/Provider/Settings(  919):  from settings cache , name = date_format , value = 
D/dalvikvm(  919): threadid=28: exiting
D/dalvikvm(  919): threadid=28: bye!
I/        (  245): [BWC INFO](245): get_bwc_mm_property success
I/        (  245): [BWC INFO](245): get_bwc_mm_property success
D/ConnectivityService(  800): getActiveNetworkInfo:NetworkInfo: type: WIFI[], state: CONNECTED/CONNECTED, reason: (unspecified), extra: "bigbig", roaming: false, failover: false, isAvailable: true, isConnectedToProvisioningNetwork: false, simId: 0/1000
V/Provider/Settings(  919): get setting for user 0 by user 0 so skipping cache
V/Provider/Settings(  919):  from settings cache , name = show_network_speed , value = 1
D/dalvikvm(  919): create interp thread : stack size=128KB
D/dalvikvm(  919): create new thread
D/dalvikvm(  919): new thread created
D/dalvikvm(  919): update thread list
D/dalvikvm(  919): threadid=28: interp stack at 0x7c365000
D/dalvikvm(  919): threadid=28: created from interp
D/dalvikvm(  919): start new thread
D/dalvikvm(  919): threadid=28: notify debugger
D/dalvikvm(  919): threadid=28 (Thread-60321): calling run()
V/Provider/Settings(  919): get setting for user 0 by user 0 so skipping cache
V/Provider/Settings(  919):  from settings cache , name = date_format , value = 
D/dalvikvm(  919): threadid=28: exiting
D/dalvikvm(  919): threadid=28: bye!
I/        (  245): [BWC INFO](245): get_bwc_mm_property success
I/        (  245): [BWC INFO](245): get_bwc_mm_property success
D/PhoneInterfaceManagerEx( 1085): [PhoneIntfMgrEx] hasIccCard  simId=0
D/PhoneInterfaceManagerEx( 1085): [PhoneIntfMgrEx] hasIccCard  simId=1
I/        (  245): [BWC INFO](245): get_bwc_mm_property success
D/BatteryService(  800): mBatteryVoltage=4230, batteryLevel=50
V/ActivityManager(  800): Broadcast sticky: Intent { act=android.intent.action.ADDITIONAL_BATTERY_CHANGED flg=0x60000010 (has extras) } ordered=false userid=-1 callerApp=null
V/ActivityManager(  800): Broadcast sticky: Intent { act=android.intent.action.BATTERY_CHANGED flg=0x60000010 (has extras) } ordered=false userid=-1 callerApp=null
D/WifiService(  800): onReceive, action:android.intent.action.BATTERY_CHANGED
D/WifiController(  800): DeviceActiveState{ when=0 what=155652 arg1=2 target=com.android.internal.util.StateMachine$SmHandler target=Handler (com.android.internal.util.StateMachine$SmHandler) {42aa5c00} }
D/WifiController(  800): StaEnabledState{ when=0 what=155652 arg1=2 target=com.android.internal.util.StateMachine$SmHandler target=Handler (com.android.internal.util.StateMachine$SmHandler) {42aa5c00} }
D/WifiController(  800): DefaultState{ when=-1ms what=155652 arg1=2 target=com.android.internal.util.StateMachine$SmHandler target=Handler (com.android.internal.util.StateMachine$SmHandler) {42aa5c00} }
D/WifiController(  800): battery changed pluggedType: 2
D/UsbDeviceManager(  800): onReceive - BATTERY_CHANGED - mPlugType: 2, mSettingUsbCharging: false, mConnected: true, mSettingUsbBicr: false
D/dalvikvm(  919): create interp thread : stack size=128KB
D/dalvikvm(  919): create new thread
D/dalvikvm(  919): new thread created
D/dalvikvm(  919): update thread list
D/PowerSaveService( 1108): PowerSaveReceiver EXTRA_STATUS: status = 2, lastCharging = true
D/dalvikvm( 8722): create interp thread : stack size=128KB
D/dalvikvm( 8722): create new thread
D/dalvikvm( 8722): new thread created
D/dalvikvm( 8722): update thread list
D/dalvikvm( 8722): threadid=28: interp stack at 0x7ae76000
D/dalvikvm( 8722): threadid=28: created from interp
D/dalvikvm( 8722): start new thread
D/dalvikvm( 8722): create interp thread : stack size=128KB
D/dalvikvm( 8722): create new thread
D/dalvikvm( 8722): new thread created
D/dalvikvm( 8722): update thread list
V/ActivityManager(  800): Broadcast sticky: Intent { act=android.intent.action.ADDITIONAL_BATTERY_CHANGED flg=0x60000010 (has extras) } ordered=false userid=-1 callerApp=null
V/ActivityManager(  800): Broadcast sticky: Intent { act=android.intent.action.ADDITIONAL_BATTERY_CHANGED flg=0x60000010 (has extras) } ordered=false userid=-1 callerApp=null
D/dalvikvm( 8722): threadid=28: notify debugger
D/dalvikvm( 8722): threadid=28 (PriorityThreadFactory-SharedPreferencesImpl-1475): calling run()
D/dalvikvm( 8722): threadid=29: interp stack at 0x7ae96000
D/dalvikvm( 8722): threadid=29: created from interp
D/dalvikvm( 8722): start new thread
D/dalvikvm( 8722): threadid=29: notify debugger
D/dalvikvm( 8722): threadid=29 (AsyncTask #132): calling run()
D/dalvikvm(  919): threadid=28: interp stack at 0x7c365000
D/dalvikvm(  919): threadid=28: created from interp
D/dalvikvm(  919): start new thread
D/dalvikvm(  919): threadid=28: notify debugger
D/dalvikvm(  919): threadid=28 (Thread-60322): calling run()
V/Provider/Settings(  919): get setting for user 0 by user 0 so skipping cache
V/Provider/Settings(  919):  from settings cache , name = date_format , value = 
D/dalvikvm(  919): threadid=28: exiting
D/dalvikvm(  919): threadid=28: bye!
I/BufferQueue(  245): [StatusBar](this:0xb7a9d6f0,id:7,api:1,p:919,c:245) queueBuffer: fps=5.71 dur=1050.30 max=350.20 min=87.03
D/dalvikvm( 1670): create interp thread : stack size=128KB
D/dalvikvm( 1670): create new thread
D/dalvikvm( 1670): new thread created
D/dalvikvm( 1670): update thread list
W/System.err( 8722): java.io.FileNotFoundException: /data/data/com.qihoo.appstore/cache/power_percent: open failed: ENOENT (No such file or directory)
D/dalvikvm( 1670): threadid=11: interp stack at 0x78b2a000
D/dalvikvm( 1670): threadid=11: created from interp
D/dalvikvm( 1670): start new thread
V/Provider/Settings( 1670): get setting for user 0 by user 0 so skipping cache
V/Provider/Settings( 1670):  from settings cache , name = adb_enabled , value = 1
D/dalvikvm( 1670): threadid=11: notify debugger
D/dalvikvm( 1670): threadid=11 (ADThread-1501741766934): calling run()
D/dalvikvm( 1670): threadid=11: exiting
D/dalvikvm( 1670): threadid=11: bye!
W/System.err( 8722): 	at libcore.io.IoBridge.open(IoBridge.java:453)
W/System.err( 8722): 	at java.io.FileInputStream.<init>(FileInputStream.java:78)
W/System.err( 8722): 	at java.io.FileReader.<init>(FileReader.java:42)
W/System.err( 8722): 	at com.qihoo.receiver.a.b.a(AppStore:53)
W/System.err( 8722): 	at com.qihoo.receiver.a.c$a.a(AppStore:66)
W/System.err( 8722): 	at com.qihoo.receiver.a.c$a.doInBackground(AppStore:58)
W/System.err( 8722): 	at android.os.AsyncTask$2.call(AsyncTask.java:288)
W/System.err( 8722): 	at java.util.concurrent.FutureTask.run(FutureTask.java:237)
W/System.err( 8722): 	at java.util.concurrent.ThreadPoolExecutor.runWorker(ThreadPoolExecutor.java:1112)
W/System.err( 8722): 	at java.util.concurrent.ThreadPoolExecutor$Worker.run(ThreadPoolExecutor.java:587)
W/System.err( 8722): 	at java.lang.Thread.run(Thread.java:848)
W/System.err( 8722): Caused by: libcore.io.ErrnoException: open failed: ENOENT (No such file or directory)
W/System.err( 8722): 	at libcore.io.Posix.open(Native Method)
W/System.err( 8722): 	at libcore.io.BlockGuardOs.open(BlockGuardOs.java:110)
W/System.err( 8722): 	at libcore.io.IoBridge.open(IoBridge.java:437)
I/        (  245): [BWC INFO](245): get_bwc_mm_property success
I/SurfaceFlinger(  245): [Built-in Screen (type:0)] fps:5.685525,dur:1055.31,max:351.13,min:83.70
D/dalvikvm(  919): create interp thread : stack size=128KB
D/dalvikvm(  919): create new thread
D/dalvikvm(  919): new thread created
D/dalvikvm(  919): update thread list
D/dalvikvm(  919): threadid=28: interp stack at 0x7c365000
D/dalvikvm(  919): threadid=28: created from interp
D/dalvikvm(  919): start new thread
D/dalvikvm(  919): threadid=28: notify debugger
D/dalvikvm(  919): threadid=28 (Thread-60323): calling run()
V/Provider/Settings(  919): get setting for user 0 by user 0 so skipping cache
V/Provider/Settings(  919):  from settings cache , name = date_format , value = 
D/dalvikvm(  919): threadid=28: exiting
D/dalvikvm(  919): threadid=28: bye!
W/System.err( 8722): 	... 10 more
I/        (  245): [BWC INFO](245): get_bwc_mm_property success
V/websync (13592): *** WebSyncManager sync ***
V/websync (13592): CookieSyncManager::syncFromRamToFlash STARTS
V/websync (13592): CookieSyncManager::syncFromRamToFlash DONE
D/PhoneInterfaceManagerEx( 1085): [PhoneIntfMgrEx] hasIccCard  simId=0
D/PhoneInterfaceManagerEx( 1085): [PhoneIntfMgrEx] hasIccCard  simId=1
D/PhoneInterfaceManagerEx( 1085): [PhoneIntfMgrEx] hasIccCard  simId=0
D/PhoneInterfaceManagerEx( 1085): [PhoneIntfMgrEx] hasIccCard  simId=1
D/PhoneInterfaceManagerEx( 1085): [PhoneIntfMgrEx] hasIccCard  simId=0
D/PhoneInterfaceManagerEx( 1085): [PhoneIntfMgrEx] hasIccCard  simId=1
D/PhoneInterfaceManagerEx( 1085): [PhoneIntfMgrEx] hasIccCard  simId=0
D/PhoneInterfaceManagerEx( 1085): [PhoneIntfMgrEx] hasIccCard  simId=1
D/dalvikvm(  919): create interp thread : stack size=128KB
D/dalvikvm(  919): create new thread
D/dalvikvm(  919): new thread created
D/dalvikvm(  919): update thread list
D/dalvikvm(  919): threadid=28: interp stack at 0x7c365000
D/dalvikvm(  919): threadid=28: created from interp
D/dalvikvm(  919): start new thread
D/dalvikvm(  919): threadid=28: notify debugger
D/dalvikvm(  919): threadid=28 (Thread-60324): calling run()
V/Provider/Settings(  919): get setting for user 0 by user 0 so skipping cache
V/Provider/Settings(  919):  from settings cache , name = date_format , value = 
D/dalvikvm(  919): threadid=28: exiting
D/dalvikvm(  919): threadid=28: bye!
I/        (  245): [BWC INFO](245): get_bwc_mm_property success
I/        (  245): [BWC INFO](245): get_bwc_mm_property success
I/        (  245): [BWC INFO](245): get_bwc_mm_property success
I/        (  245): [BWC INFO](245): get_bwc_mm_property success
D/WifiStateMachine(  800): ConnectedState{ when=-1ms what=131155 arg1=12 target=com.android.internal.util.StateMachine$SmHandler target=Handler (com.android.internal.util.StateMachine$SmHandler) {42c15060} }
D/WifiStateMachine(  800): L2ConnectedState{ when=-2ms what=131155 arg1=12 target=com.android.internal.util.StateMachine$SmHandler target=Handler (com.android.internal.util.StateMachine$SmHandler) {42c15060} }
D/WifiHW  (  800): enter -->wifi_send_command cmd=IFNAME=wlan0 SIGNAL_POLL
D/wpa_supplicant( 1003): RX ctrl_iface - hexdump(len=11): 53 49 47 4e 41 4c 5f 50 4f 4c 4c
D/wpa_supplicant( 1003): wlan0: Control interface command 'SIGNAL_POLL'
D/wpa_supplicant( 1003): nl80211: survey data missing!
D/wpa_supplicant( 1003): signal poll, reply_len=48
D/wpa_ctrl(  800): reply_len=4095
D/WifiHW  (  800): leave --> reply=RSSI=-48
D/WifiHW  (  800): LINKSPEED=65
D/WifiHW  (  800): NOISE=9999
D/WifiHW  (  800): FREQUENCY=2412
D/WifiHW  (  800): 
D/wifi    (  800): doStringCommand, buf IFNAME=wlan0 SIGNAL_POLL
I/WifiStateMachine(  800): fetchRssiAndLinkSpeedNative, newRssi:-48, newLinkSpeed:65, SSID:"bigbig"
D/WifiStateMachine(  800): mRssiArray[0] = -48
D/WifiStateMachine(  800): mRssiArray[1] = -48
D/WifiStateMachine(  800): mRssiArray[2] = -48
D/WifiStateMachine(  800): mRssiArray[3] = -47
D/WifiStateMachine(  800): mRssiArray[4] = -47
D/WifiStateMachine(  800): GetFilterRssi is : -47
D/WifiStateMachine(  800): mLastSignalLevel:4, newSignalLevel:4
D/WifiStateMachine(  800): fetchRssiAndLinkSpeedNative, ipAddr:67152064
D/dalvikvm( 8722): threadid=29: exiting
D/dalvikvm( 8722): threadid=29: bye!
I/BufferQueue(  245): [StatusBar](this:0xb7a9d6f0,id:7,api:1,p:919,c:245) queueBuffer: fps=4.76 dur=1260.10 max=503.18 min=23.50
I/        (  245): [BWC INFO](245): get_bwc_mm_property success
I/SurfaceFlinger(  245): [Built-in Screen (type:0)] fps:4.780365,dur:1255.13,max:503.10,min:16.78
I/        (  245): [BWC INFO](245): get_bwc_mm_property success
D/        (  257): charger_monitor log_has_update will be set false
I/        (  245): [BWC INFO](245): get_bwc_mm_property success
I/        (  245): [BWC INFO](245): get_bwc_mm_property success
I/BufferQueue(  245): [StatusBar](this:0xb7a9d6f0,id:7,api:1,p:919,c:245) queueBuffer: fps=3.61 dur=1107.05 max=503.41 min=201.15
I/        (  245): [BWC INFO](245): get_bwc_mm_property success
I/SurfaceFlinger(  245): [Built-in Screen (type:0)] fps:3.612243,dur:1107.35,max:503.37,min:201.22
I/        (  245): [BWC INFO](245): get_bwc_mm_property success
I/        (  245): [BWC INFO](245): get_bwc_mm_property success
I/System.out(13466): [CDS]close[55008]
I/System.out(13466): close [socket][/0.0.0.0:55008]
I/        (  245): [BWC INFO](245): get_bwc_mm_property success
D/PhoneInterfaceManagerEx( 1085): [PhoneIntfMgrEx] hasIccCard  simId=0
D/PhoneInterfaceManagerEx( 1085): [PhoneIntfMgrEx] hasIccCard  simId=1
D/PhoneInterfaceManagerEx( 1085): [PhoneIntfMgrEx] hasIccCard  simId=0
D/PhoneInterfaceManagerEx( 1085): [PhoneIntfMgrEx] hasIccCard  simId=1
D/PhoneInterfaceManagerEx( 1085): [PhoneIntfMgrEx] hasIccCard  simId=0
D/PhoneInterfaceManagerEx( 1085): [PhoneIntfMgrEx] hasIccCard  simId=1
D/PhoneInterfaceManagerEx( 1085): [PhoneIntfMgrEx] hasIccCard  simId=0
D/PhoneInterfaceManagerEx( 1085): [PhoneIntfMgrEx] hasIccCard  simId=1
D/dalvikvm(  919): create interp thread : stack size=128KB
D/dalvikvm(  919): create new thread
D/dalvikvm(  919): new thread created
D/dalvikvm(  919): update thread list
D/dalvikvm(  919): threadid=28: interp stack at 0x7c365000
D/dalvikvm(  919): threadid=28: created from interp
D/dalvikvm(  919): start new thread
D/dalvikvm(  919): threadid=28: notify debugger
D/dalvikvm(  919): threadid=28 (Thread-60325): calling run()
V/Provider/Settings(  919): get setting for user 0 by user 0 so skipping cache
V/Provider/Settings(  919):  from settings cache , name = date_format , value = 
D/dalvikvm(  919): threadid=28: exiting
D/dalvikvm(  919): threadid=28: bye!
I/        (  245): [BWC INFO](245): get_bwc_mm_property success
I/BufferQueue(  245): [StatusBar](this:0xb7a9d6f0,id:7,api:1,p:919,c:245) queueBuffer: fps=4.55 dur=1099.03 max=503.04 min=69.01
I/        (  245): [BWC INFO](245): get_bwc_mm_property success
I/SurfaceFlinger(  245): [Built-in Screen (type:0)] fps:4.556821,dur:1097.26,max:503.09,min:73.98
D/ConnectivityService(  800): getActiveNetworkInfo:NetworkInfo: type: WIFI[], state: CONNECTED/CONNECTED, reason: (unspecified), extra: "bigbig", roaming: false, failover: false, isAvailable: true, isConnectedToProvisioningNetwork: false, simId: 0/1000
V/Provider/Settings(  919): get setting for user 0 by user 0 so skipping cache
V/Provider/Settings(  919):  from settings cache , name = show_network_speed , value = 1
D/dalvikvm(  919): create interp thread : stack size=128KB
D/dalvikvm(  919): create new thread
D/dalvikvm(  919): new thread created
D/dalvikvm(  919): update thread list
D/dalvikvm(  919): threadid=28: interp stack at 0x7c365000
D/dalvikvm(  919): threadid=28: created from interp
D/dalvikvm(  919): start new thread
D/dalvikvm(  919): threadid=28: notify debugger
D/dalvikvm(  919): threadid=28 (Thread-60326): calling run()
V/Provider/Settings(  919): get setting for user 0 by user 0 so skipping cache
V/Provider/Settings(  919):  from settings cache , name = date_format , value = 
D/dalvikvm(  919): threadid=28: exiting
D/dalvikvm(  919): threadid=28: bye!
I/        (  245): [BWC INFO](245): get_bwc_mm_property success
D/WifiStateMachine(  800): ConnectedState{ when=-3ms what=131155 arg1=12 target=com.android.internal.util.StateMachine$SmHandler target=Handler (com.android.internal.util.StateMachine$SmHandler) {42c15060} }
D/WifiStateMachine(  800): L2ConnectedState{ when=-3ms what=131155 arg1=12 target=com.android.internal.util.StateMachine$SmHandler target=Handler (com.android.internal.util.StateMachine$SmHandler) {42c15060} }
D/WifiHW  (  800): enter -->wifi_send_command cmd=IFNAME=wlan0 SIGNAL_POLL
D/wpa_supplicant( 1003): RX ctrl_iface - hexdump(len=11): 53 49 47 4e 41 4c 5f 50 4f 4c 4c
D/wpa_supplicant( 1003): wlan0: Control interface command 'SIGNAL_POLL'
I/        (  245): [BWC INFO](245): get_bwc_mm_property success
D/wpa_supplicant( 1003): nl80211: survey data missing!
D/wpa_supplicant( 1003): signal poll, reply_len=48
D/wpa_ctrl(  800): reply_len=4095
D/WifiHW  (  800): leave --> reply=RSSI=-48
D/WifiHW  (  800): LINKSPEED=65
D/WifiHW  (  800): NOISE=9999
D/WifiHW  (  800): FREQUENCY=2412
D/WifiHW  (  800): 
D/wifi    (  800): doStringCommand, buf IFNAME=wlan0 SIGNAL_POLL
I/WifiStateMachine(  800): fetchRssiAndLinkSpeedNative, newRssi:-48, newLinkSpeed:65, SSID:"bigbig"
D/WifiStateMachine(  800): mRssiArray[0] = -48
D/WifiStateMachine(  800): mRssiArray[1] = -48
D/WifiStateMachine(  800): mRssiArray[2] = -48
D/WifiStateMachine(  800): mRssiArray[3] = -47
D/WifiStateMachine(  800): mRssiArray[4] = -47
D/WifiStateMachine(  800): GetFilterRssi is : -47
D/WifiStateMachine(  800): mLastSignalLevel:4, newSignalLevel:4
D/WifiStateMachine(  800): fetchRssiAndLinkSpeedNative, ipAddr:67152064
I/        (  245): [BWC INFO](245): get_bwc_mm_property success
I/        (  245): [BWC INFO](245): get_bwc_mm_property success
