08-03 15:05:58.695 13250 13250 I android_hardware_fm.cpp: register_android_hardware_fm_fmradio, ret is 0
08-03 15:05:58.759 13250 13250 I art     : System.exit called, status: 0
08-03 15:05:58.759 13250 13250 I AndroidRuntime: VM exiting with result code 0.
08-03 15:05:58.760 13250 13274 W MessageQueue: Handler (android.os.Handler) {ae4ac1e} sending message to a Handler on a dead thread
08-03 15:05:58.760 13250 13274 W MessageQueue: java.lang.IllegalStateException: Handler (android.os.Handler) {ae4ac1e} sending message to a Handler on a dead thread
08-03 15:05:58.760 13250 13274 W MessageQueue: 	at android.os.MessageQueue.enqueueMessage(MessageQueue.java:564)
08-03 15:05:58.760 13250 13274 W MessageQueue: 	at android.os.Handler.enqueueMessage(Handler.java:647)
08-03 15:05:58.760 13250 13274 W MessageQueue: 	at android.os.Handler.sendMessageAtTime(Handler.java:616)
08-03 15:05:58.760 13250 13274 W MessageQueue: 	at android.os.Handler.sendMessageDelayed(Handler.java:586)
08-03 15:05:58.760 13250 13274 W MessageQueue: 	at android.os.Handler.post(Handler.java:342)
08-03 15:05:58.760 13250 13274 W MessageQueue: 	at android.os.ResultReceiver$MyResultReceiver.send(ResultReceiver.java:57)
08-03 15:05:58.760 13250 13274 W MessageQueue: 	at com.android.internal.os.IResultReceiver$Stub.onTransact(IResultReceiver.java:58)
08-03 15:05:58.760 13250 13274 W MessageQueue: 	at android.os.Binder.execTransact(Binder.java:565)
08-03 15:05:58.790  2201  2201 I HwLauncher:  FPSMonitor endScroll
08-03 15:05:59.210  1058  1247 I chatty  : uid=1000(system) HuaweiWifiWatch expire 12 lines
08-03 15:05:59.216  1058  3170 I chatty  : uid=1000(system) MobileQosDetect expire 3 lines
08-03 15:05:59.548  4569  4569 I Process : Sending signal. PID: 4569 SIG: 9
08-03 15:05:59.926  2201  2201 I HwLauncher: FPSMonitor  [Launcher , dispatchTouchEvent begin, false, true] down event  x = 966 y = 198
08-03 15:05:59.926  2201  2201 I HwLauncher: Launcher workspaceTranslationX = 0.0
08-03 15:05:59.927  2201  2201 I HwLauncher: FPSMonitor  [PagedView , onIntercept] down event  x = 966 y = 198
08-03 15:05:59.928  2201  2201 I HwLauncher: FPSMonitor  [Launcher , dispatchTouchEvent end, false, true] down event  x = 966 y = 198
08-03 15:06:00.015  2201  2201 I HwLauncher: FPSMonitor  [Launcher , dispatchTouchEvent begin, false, true] up event  x = 957 y = 194
08-03 15:06:00.015  2201  2201 I HwLauncher: FPSMonitor  [PagedView , onIntercept] up event  x = 957 y = 194
08-03 15:06:00.016  2201  2201 I HwLauncher: FPSMonitor  [Launcher , dispatchTouchEvent end, false, true] up event  x = 957 y = 194
08-03 15:06:00.016  2201  2201 I HwLauncher: Launcher onclick begin com.huawei.android.launcher.BubbleTextView{b7136ac VFED..CL. ...P..ID 844,120-1055,406 #9c020400}
08-03 15:06:00.016  2201  2201 I HwLauncher: Launcher.Utilities  startActivitySafely useLaunchAnimation = true
08-03 15:06:00.017  2201  2201 I HwLauncher: Launcher.Utilities  startActivitySafely begin startActivity() for current user
08-03 15:06:00.020  1374  1374 I EventCenter: EventCenter Get :android.intent.action.TIME_TICK
08-03 15:06:00.024  1374  1374 W ResourceType: Failure getting entry for 0xffffffff (t=254 e=65535) (error -2147483647)
08-03 15:06:00.024  1374  1374 E DateLunarView: mDateString is: 8月3日星期四
08-03 15:06:00.025  1374  1374 W ResourceType: Failure getting entry for 0xffffffff (t=254 e=65535) (error -2147483647)
08-03 15:06:00.025  1374  1374 E DateLunarView: mDateString is: 8月3日星期四
08-03 15:06:00.038  2201  2201 I HwLauncher: Launcher.Utilities  startActivitySafely end startActivity() for current user
08-03 15:06:00.038  2201  2201 I HwLauncher: Launcher this view's parent is not SearchGridView , so no need to reportRecentApp.
08-03 15:06:00.038  2201  2201 I HwLauncher: Launcher onclick end
08-03 15:06:00.042  2201  2201 I HwLauncher: Launcher.Utilities  unread scaledHeight = 51;sBigIconSize = 161
08-03 15:06:00.046  2201  2201 I HwLauncher: Launcher onPause()
08-03 15:06:00.047  2201 13284 I HwLauncher: Launcher.MotionManager stopMotionAppsReco begin,mFlg = 403
08-03 15:06:00.047  2201 13284 W HwLauncher: Launcher.MotionManager stopMotionAppsReco service flg 403 is unavailable
08-03 15:06:00.055 13285 13285 I         : power log dlsym ok
08-03 15:06:00.058 13285 13285 I chatty  : uid=10383(com.ccvideo) expire 71 lines
08-03 15:06:00.070  2201  2201 I HwLauncher: Model  onReceive intent=Intent { act=android.intent.action.TIME_TICK flg=0x50000014 (has extras) }
08-03 15:06:00.070  2201  2201 I HwLauncher: Model  onReceive user=UserHandle{0}
08-03 15:06:00.094  1813  2608 I chatty  : uid=1000(system) CallbackHandler expire 5 lines
08-03 15:06:00.095  2201  2201 I TotemWeather: WeatherDataObserver info:receive action = #Intent;action=android.intent.action.TIME_TICK;launchFlags=0x50000014;i.android.intent.extra.ALARM_COUNT=1;end
08-03 15:06:00.100  2201  2201 I HwLauncher: ClockDynamicUpdater date changed begin
08-03 15:06:00.100  2201  2201 I HwLauncher: ClockDynamicUpdater date changed end
08-03 15:06:00.100  2201  2358 E HwLauncher: SettingsEx , no such field.
08-03 15:06:00.100  2201  2358 W HwLauncher: Clock getDataFormat the getSystemString failed.
08-03 15:06:00.102  2201  2358 I HwLauncher: ClockDynamicUpdater clock update folder at ClockDynamicUpdater
08-03 15:06:00.102  2201  2358 I HwLauncher: DynamicUpdater updateBitmap end and send update message
08-03 15:06:00.102  2201  2201 I HwLauncher: DynamicUpdater call updateFolder
08-03 15:06:00.115  2201  2201 I HwLauncher: CalenderDynamicUpdater date changed begin
08-03 15:06:00.116  2201  2201 I HwLauncher: CalenderDynamicUpdater date changed end
08-03 15:06:00.148  1568  1568 W HwSystemManager: AbsRecordInfo:createRecordFromBundle type provider or service
08-03 15:06:00.149  1568  1568 W HwSystemManager: AbsRecordInfo:createRecordFromBundle type provider or service
08-03 15:06:00.155  1568  1568 W HwSystemManager: AbsRecordInfo:createRecordFromBundle type provider or service
08-03 15:06:00.156  1568  1568 W HwSystemManager: AbsRecordInfo:createRecordFromBundle type provider or service
08-03 15:06:00.157  1568  1568 W HwSystemManager: AbsRecordInfo:createRecordFromBundle type provider or service
08-03 15:06:00.159  1568  1568 W HwSystemManager: AbsRecordInfo:createRecordFromBundle type provider or service
08-03 15:06:00.161  1568  1568 W HwSystemManager: AbsRecordInfo:createRecordFromBundle type provider or service
08-03 15:06:00.162  1568  1568 W HwSystemManager: AbsRecordInfo:createRecordFromBundle type provider or service
08-03 15:06:00.163  1584 13305 I TotemWeather: WeatherService info:processIntent action =com.huawei.android.action.NOTIFY_STATE
08-03 15:06:00.163  1584 13305 I TotemWeather: DeviceStateListener info:onTaskStateChanged->taskType:1, taskState:0
08-03 15:06:00.164  2201  2201 I TotemWeather: DateTimeView info:onTimeChanged
08-03 15:06:00.164  2201  2201 I TotemWeather: DateTimeView info:updateNextData nextTime: 0
08-03 15:06:00.164  2201  2201 I TotemWeather: DateTimeView info:onTimeChanged
08-03 15:06:00.164  2201  2201 I TotemWeather: DateTimeView info:updateNextData nextTime: 0
08-03 15:06:00.168  2201  2201 I TotemWeather: DateTimeView info:,Time =3:06,[:] timezone=中国标准时间
08-03 15:06:00.173  2201  2201 I TotemWeather: DateTimeView info:updateNextData nextTime: 60828
08-03 15:06:00.221 13145 13145 I HwCust  : Constructor found for class android.app.HwCustNotificationImpl
08-03 15:06:00.252 13145 13145 W ContextImpl: Implicit intents with startService are not safe: Intent { act=com.qihoo.appstore.ACTION_EVENT_STAT (has extras) } android.content.ContextWrapper.startService:613 com.qihoo.core.CoreService.a:794 com.qihoo.core.CoreService.onStartCommand:324 
08-03 15:06:00.260 13145 13278 W System  : ClassLoader referenced unknown path: 
08-03 15:06:00.266 13170 13229 W System.err: java.lang.InstantiationException: java.lang.Class<com.qihoo.m.a> has no zero argument constructor
08-03 15:06:00.272 13170 13229 W System.err: 	at java.lang.Class.newInstance(Native Method)
08-03 15:06:00.272 13170 13229 W System.err: 	at com.qihoo.sdk.report.common.d.a(AppStore:1143)
08-03 15:06:00.272 13170 13229 W System.err: 	at com.qihoo.sdk.report.b.a$1.run(AppStore:65)
08-03 15:06:00.272 13170 13229 W System.err: 	at java.util.concurrent.ThreadPoolExecutor.runWorker(ThreadPoolExecutor.java:1133)
08-03 15:06:00.272 13170 13229 W System.err: 	at java.util.concurrent.ThreadPoolExecutor$Worker.run(ThreadPoolExecutor.java:607)
08-03 15:06:00.272 13170 13229 W System.err: 	at java.lang.Thread.run(Thread.java:776)
08-03 15:06:00.305  1374  1374 W NotificationContentView: getMinContentHeightHint::mContractedChild is null
08-03 15:06:00.306  1374  1374 W NotificationContentView: getMinContentHeightHint::mContractedChild is null
08-03 15:06:00.307  1374  1374 W NotificationContentView: getMinContentHeightHint::mContractedChild is null
08-03 15:06:00.307  1374  1374 W NotificationContentView: getMinContentHeightHint::mContractedChild is null
08-03 15:06:00.344 13145 13145 I SendBroadcastPermission: action:com.qihoo.appstore.ACTION_NOTIFICATION_POSTED, mPermissionType:0
08-03 15:06:00.358  1374  1374 W NotificationContentView: getMinContentHeightHint::mContractedChild is null
08-03 15:06:00.358  1374  1374 W NotificationContentView: getMinContentHeightHint::mContractedChild is null
08-03 15:06:00.380  1535  1546 I PGServer: checkPkgType. calling pkg: android
08-03 15:06:00.404  1535  2103 I PGServer: checkPkgType. calling pkg: com.huawei.iaware
08-03 15:06:00.449 13340 13340 I         : power log dlsym ok
08-03 15:06:00.451 13340 13340 I art     : Reinit property: dalvik.vm.checkjni= false
08-03 15:06:00.454 13145 13145 I SendBroadcastPermission: action:com.qihoo.appstore.ACTION_NOTIFICATION_POSTED, mPermissionType:0
08-03 15:06:00.454 13170 13175 I art     : Do partial code cache collection, code=17KB, data=30KB
08-03 15:06:00.455 13170 13175 I art     : After code cache collection, code=17KB, data=30KB
08-03 15:06:00.455 13170 13175 I art     : Increasing code cache capacity to 128KB
08-03 15:06:00.481 13340 13340 W art     : JIT profile information will not be recorded: profile file does not exits.
08-03 15:06:00.486 13145 13145 I SendBroadcastPermission: action:com.qihoo.appstore.ACTION_NOTIFICATION_REMOVED, mPermissionType:0
08-03 15:06:00.494 13340 13340 I MultiDex: VM with version 2.1.0 has multidex support
08-03 15:06:00.494 13340 13340 I MultiDex: install
08-03 15:06:00.494 13340 13340 I MultiDex: VM has multidex support, MultiDex support library is disabled.
08-03 15:06:00.510 13145 13150 I art     : Do partial code cache collection, code=27KB, data=30KB
08-03 15:06:00.511 13145 13150 I art     : After code cache collection, code=25KB, data=29KB
08-03 15:06:00.511 13145 13150 I art     : Increasing code cache capacity to 128KB
08-03 15:06:00.585   568   568 E Thermal-daemon: [charger_ic] temp_new :28  temp_old :27
08-03 15:06:00.585   568   568 E Thermal-daemon: Report temperature: [charger_ic] temp :28  report_threshold:1
08-03 15:06:00.586   568   568 E Thermal-daemon: [flash_led] temp_new :29  temp_old :28
08-03 15:06:00.586   568   568 E Thermal-daemon: Report temperature: [flash_led] temp :29  report_threshold:1
08-03 15:06:00.587   568   568 E Thermal-daemon: [ap] temp_new :29  temp_old :28
08-03 15:06:00.587   568   568 E Thermal-daemon: Report temperature: [ap] temp :29  report_threshold:1
08-03 15:06:00.607 13285 13372 I chatty  : uid=10383(com.ccvideo) expire 2 lines
08-03 15:06:00.608 13285 13371 I chatty  : uid=10383(com.ccvideo) expire 48 lines
08-03 15:06:00.614  4805  4805 I chatty  : uid=1000(system) com.huawei.android.pushagent.PushService expire 4 lines
08-03 15:06:00.627  4805  4820 I chatty  : uid=1000(system) ReceiverDispatc expire 10 lines
08-03 15:06:00.671 13285 13395 I chatty  : uid=10383(com.ccvideo) AWCN Scheduler1 expire 3 lines
08-03 15:06:00.683   429   429 E SELinux : avc:  denied  { find } for service=network_score pid=13340 uid=10164 scontext=u:r:untrusted_app:s0:c512,c768 tcontext=u:object_r:network_score_service:s0 tclass=service_manager permissive=0
08-03 15:06:00.683   429   429 E ServiceManager: try to find service failed, svc can not find service.
08-03 15:06:00.683   429   429 E SELinux : avc:  denied  { find } for service=serial pid=13340 uid=10164 scontext=u:r:untrusted_app:s0:c512,c768 tcontext=u:object_r:serial_service:s0 tclass=service_manager permissive=0
08-03 15:06:00.684   429   429 E ServiceManager: try to find service failed, svc can not find service.
08-03 15:06:00.696 13285 13381 I chatty  : uid=10383(com.ccvideo) ACCS0 expire 22 lines
08-03 15:06:00.699  1058  1295 I chatty  : uid=1000(system) Binder:1058_3 expire 20 lines
08-03 15:06:00.706   429   429 E SELinux : avc:  denied  { find } for service=recovery pid=13340 uid=10164 scontext=u:r:untrusted_app:s0:c512,c768 tcontext=u:object_r:recovery_service:s0 tclass=service_manager permissive=0
08-03 15:06:00.706   429   429 E ServiceManager: try to find service failed, svc can not find service.
08-03 15:06:00.707 13340 13340 E SystemServiceRegistry: Failed to get recovery service.
08-03 15:06:00.710  1058  1079 I chatty  : uid=1000(system) android.io expire 4 lines
08-03 15:06:00.716 13340 13340 I HwCust  : Constructor found for class android.app.HwCustHwWallpaperManagerImpl
08-03 15:06:00.735 13340 13340 I SendBroadcastPermission: action:action_running, mPermissionType:0
08-03 15:06:00.767   584  1052 I logserver: handle_logfile_events, Object Path:/data/system/dropbox/, mask=0x00000080
08-03 15:06:00.767   584  1052 I logserver: process_one_event, event->len=32, name=data_app_wtf@1501743960766.txt
08-03 15:06:00.806 13285 13426 I chatty  : uid=10383(com.ccvideo) ACCS-SEND1 expire 15 lines
08-03 15:06:00.809 13285 13427 I chatty  : uid=10383(com.ccvideo) AWCN Dispatcher expire 1 line
08-03 15:06:00.858  1535 12883 I DownloadState: @@@@@@@@@@@@ uid :10027 download :false
08-03 15:06:00.859  1535 12883 I PGServer: report state:5 event type:2 pid:0 uid:10027 pkg:null to pid: 1058
08-03 15:06:00.861 13285 13384 I chatty  : uid=10383(com.ccvideo) spdy-0 expire 15 lines
08-03 15:06:00.934 13340 13340 W el      : Try to initialize ImageLoader which had already been initialized before. To re-init ImageLoader with new configuration call ImageLoader.destroy() at first.
08-03 15:06:00.975 13464 13464 I         : power log dlsym ok
08-03 15:06:00.976 13464 13464 I chatty  : uid=10383 com.ccvideo:channel expire 22 lines
08-03 15:06:01.004 13285 13480 I chatty  : uid=10383(com.ccvideo) [com.ccvideo] expire 24 lines
08-03 15:06:01.066  1374  1374 I NetworkSpeedManagerEx: mIsStop = false
08-03 15:06:01.067  1374  1374 I NetworkSpeedManagerEx:  value = 6120.0
08-03 15:06:01.068  1374  1374 I NetworkSpeedManagerEx: speed = 6K/s
08-03 15:06:01.068  1374  1374 I NetworkSpeedView: /update(), speed=6K/s parent class:class com.android.systemui.statusbar.HwSystemIcons
08-03 15:06:01.084 13285 13470 I chatty  : uid=10383(com.ccvideo) expire 27 lines
08-03 15:06:01.086  1374  1374 I NetworkSpeedManagerEx: mIsStop = false
08-03 15:06:01.087  1374  1374 I NetworkSpeedManagerEx:  value = 6120.0
08-03 15:06:01.088  1374  1374 I NetworkSpeedManagerEx: speed = 6K/s
08-03 15:06:01.088  1374  1374 I NetworkSpeedView: /update(), speed=6K/s parent class:class com.android.systemui.statusbar.HwSystemIcons
08-03 15:06:01.092 13340 13340 I SendBroadcastPermission: action:com.qihoo.appstore.ACTION_NOTIFICATION_POSTED, mPermissionType:0
08-03 15:06:01.153 13340 13340 I SendBroadcastPermission: action:com.qihoo.appstore.ACTION_NOTIFICATION_REMOVED, mPermissionType:0
08-03 15:06:01.156 13285 13506 I chatty  : uid=10383(com.ccvideo) expire 13 lines
08-03 15:06:01.162  2201  2835 I HwLauncher: Launcher.LauncherProvider  launcher call - method:change_badge arg:null extras:[package=com.ccvideo][badgenumber=0][class=com.yizhibo.video.activity.SplashActivity] uid =10383 pid =13285
08-03 15:06:01.162  2201  2835 I HwLauncher: Launcher.Settings  isChangeBadgeEnable = true
08-03 15:06:01.162  2201  2835 I HwLauncher: Launcher.Settings  isOpenModeChangeBadgeEnable = true
08-03 15:06:01.163  2201  2835 I HwLauncher: ProviderCallUtils rperm===com.huawei.android.launcher.permission.CHANGE_BADGE
08-03 15:06:01.163  2201  2835 I HwLauncher: ProviderCallUtils begin check permission at checkPathPermissionForChangeBadge()
08-03 15:06:01.166  2201  2835 I HwLauncher: ProviderCallUtils callBadge isCloned = false className = com.yizhibo.video.activity.SplashActivity,unreadcount=0
08-03 15:06:01.167  2201  2835 I HwLauncher: ProviderCallUtils badge table already has item ,execut update operation
08-03 15:06:01.209 13340 13340 I SendBroadcastPermission: action:action_looper_status, mPermissionType:0
08-03 15:06:01.215  2201  2358 I HwLauncher: BadgeContentObserver onChange() : mComponentName = ComponentInfo{com.ccvideo/com.yizhibo.video.activity.SplashActivity} com.huawei.android.launcher.BadgeContentObserver@ca1bdd6
08-03 15:06:01.224 13509 13509 I         : power log dlsym ok
08-03 15:06:01.225 13509 13509 I chatty  : uid=10383 com.ccvideo:cmf expire 22 lines
08-03 15:06:01.240 13285 13525 I chatty  : uid=10383(com.ccvideo) expire 2 lines
08-03 15:06:01.259  2171  3270 I amsnlp  : onSetRequest nlp used by: [com.ccvideo(10383)]
08-03 15:06:01.259  2171  3270 I amsnlp  : onSetRequest: ProviderRequestUnbundled, reportLocation is true and interval is 60000
08-03 15:06:01.259  2171  2171 I amsnlp  : in Handler: ProviderRequestUnbundled, reportLocation is true and interval is 60000
08-03 15:06:01.260  2171  2171 I amsmgrnlp: [V1.9.2.3-1-2-l4a1g0p4f4v0ofalse(r)]add listener by key:amsnlp time:60
08-03 15:06:01.260  1813  4071 I chatty  : uid=1000(system) Binder:1813_5 expire 2 lines
08-03 15:06:01.260  2171  2171 I amsst   : adding listener com.amap.android.ams.i.ag@c1cd4ab with period 60 and trigger true
08-03 15:06:01.261  2171  2171 I amsl    : adll
08-03 15:06:01.261  2171  2171 I amsst   : period: 60 enabled: true
08-03 15:06:01.261  2171  2171 I amsro   : p=60, t=true
08-03 15:06:01.261  2171  2261 I amsnl   : p=60, t=true
08-03 15:06:01.261  2171  2261 I amsnl   : t:false, fl: true, p: 60000, ce: true, we: true
08-03 15:06:01.263  2171  2261 I amsnl   : m1: false
08-03 15:06:01.267  2171  2261 I amsnl   : m2: false, m3: false
08-03 15:06:01.267  2171  2261 I amsnl   : rl
08-03 15:06:01.267  2171  2261 I amsnl   : c: false, w: true, t: true, l: false
08-03 15:06:01.267  2171  2261 I amsnl   : crs
08-03 15:06:01.268  2171  2261 I amsnl   : qg
08-03 15:06:01.268  2171  2261 I amsnl   : gc
08-03 15:06:01.271  1491  1504 W PhoneInterfaceManager: shouldBlockLocation running ...
08-03 15:06:01.272  1491  1504 I PhoneInterfaceManager: shouldBlockLocation  ret:false
08-03 15:06:01.273  2171  2183 I amsnlp  : onSetRequest nlp used by: [android(1000)]
08-03 15:06:01.274  2171  2183 I amsnlp  : onSetRequest: ProviderRequestUnbundled, reportLocation is true and interval is 86400000
08-03 15:06:01.274  2171  2171 I amsnlp  : in Handler: ProviderRequestUnbundled, reportLocation is true and interval is 86400000
08-03 15:06:01.274  2171  2171 I amsmgrnlp: [V1.9.2.3-1-2-l4a1g0p4f4v0ofalse(r)]add listener by key:amsnlp time:86400
08-03 15:06:01.275  2171  2171 I amsst   : adding listener com.amap.android.ams.i.ag@c1cd4ab with period 86400 and trigger true
08-03 15:06:01.275  2171  2171 I amsl    : adll
08-03 15:06:01.275  2171  2171 I amsst   : period: 86400 enabled: true
08-03 15:06:01.281  1491  1728 W PhoneInterfaceManager: shouldBlockLocation running ...
08-03 15:06:01.282  1491  1728 I PhoneInterfaceManager: shouldBlockLocation  ret:false
08-03 15:06:01.282  2171  2171 I amsro   : p=86400, t=true
08-03 15:06:01.283 13170 13170 I SendBroadcastPermission: action:com.qihoo.appstore.APPWATCHER_CHANGE_TIME, mPermissionType:0
08-03 15:06:01.307  1491  1502 W PhoneInterfaceManager: shouldBlockLocation running ...
08-03 15:06:01.307  1491  1502 I PhoneInterfaceManager: shouldBlockLocation  ret:false
08-03 15:06:01.317  2171  2261 I amsc    : gt2
08-03 15:06:01.317  2171  2261 I amsc    : found: wx4gd2z, 1501741852842
08-03 15:06:01.335 13464 13546 I chatty  : uid=10383(com.ccvideo) ConnectionWorke expire 30 lines
08-03 15:06:01.375 13285 13561 I chatty  : uid=10383(com.ccvideo) pool-3-thread-1 expire 2 lines
08-03 15:06:01.387  2171  2261 I amsnl   : uc
08-03 15:06:01.388  2171  2261 I amsnl   : report_loc:ODtbr4MKkiipA2NUkIEujewHzLh9n3AmT62Cke51vh8skjeXUwh0JmzjdYpmA7KUV+DyntBR7XVO
08-03 15:06:01.388  2171  2261 I amsnl   : dzA9j435+BIa4Ea6VL43bmoFo89bjJsLzFdb0gvAjMbsgUy4FMH6HuSPn7fjPIH0OFaN9uBELJKV
08-03 15:06:01.388  2171  2261 I amsnl   : dDlmjhU5MaMP00csef95DI8HdDr1nEQ3ySAOkVqak+CV0b85iriewPITuJw6skat48as6JZL+IwC
08-03 15:06:01.388  2171  2261 I amsnl   : Kx/Rfr4m/1nlvJv1JRxKhc6heMsKFU/kOBKLq5qNAIjZpI60eg
08-03 15:06:01.389  2171  2261 I amsst   : report
08-03 15:06:01.391  2171  2261 I amsl    : now: 9617584 lastReportTime: -86400000 periodSecs: 86400
08-03 15:06:01.392  2171  2261 I amsmgrnlp: [V1.9.2.3-1-2-l4a1g0p4f4v0ofalse(r)]org-n size:1 key:amsnlp
08-03 15:06:01.393  2171  2171 I amsnlp  : REPORT-LOCATION
08-03 15:06:01.393  2171  2261 I amsst   : period: 86400 enabled: true
08-03 15:06:01.401  1491  1964 W PhoneInterfaceManager: shouldBlockLocation running ...
08-03 15:06:01.401  1491  1964 I PhoneInterfaceManager: shouldBlockLocation  ret:false
08-03 15:06:01.406  1491  1504 W PhoneInterfaceManager: shouldBlockLocation running ...
08-03 15:06:01.407  1491  1504 I PhoneInterfaceManager: shouldBlockLocation  ret:false
08-03 15:06:01.412  1491  8385 W PhoneInterfaceManager: shouldBlockLocation running ...
08-03 15:06:01.412  1491  8385 I PhoneInterfaceManager: shouldBlockLocation  ret:false
08-03 15:06:01.412  1058  1067 I chatty  : uid=1000(system) HeapTaskDaemon expire 3 lines
08-03 15:06:01.416 13145 13145 I dex     : load /data/user/0/com.qihoo.appstore/app_plugins_v3/freewifi-10-10-248.jar ...
08-03 15:06:01.424 13464 13560 I chatty  : uid=10383(com.ccvideo) ACCS0 expire 3 lines
08-03 15:06:01.427 13145 13145 W System  : ClassLoader referenced unknown path: /data/user/0/com.qihoo.appstore/app_plugins_v3_libs/freewifi-10-10-248
08-03 15:06:01.428 13145 13145 I dex     : load /data/user/0/com.qihoo.appstore/app_plugins_v3/freewifi-10-10-248.jar = com.qihoo360.g.b$b[DexPathList[[zip file "/data/user/0/com.qihoo.appstore/app_plugins_v3/freewifi-10-10-248.jar"],nativeLibraryDirectories=[/data/user/0/com.qihoo.appstore/app_plugins_v3_libs/freewifi-10-10-248, /system/lib, /vendor/lib, /system/vendor/lib, /product/lib]]]
08-03 15:06:01.457  1374  1374 I PhoneStatusBarPolicy: updateBluetooth:::setBluetoothBatteryEnable false.
08-03 15:06:01.457  1374  1374 I PhoneStatusBarPolicy: updateBluetooth::bluetoothEnabled:false, bluetoothConnected=false, bluetoothTransfering=false
08-03 15:06:01.466 13285 13578 I chatty  : uid=10383(com.ccvideo) expire 6 lines
08-03 15:06:01.487  2171  2261 I amsnl   : csr
08-03 15:06:01.489  2171  2261 I amsnl   : t:false, fl: false, p: 60000, ce: true, we: true
08-03 15:06:01.492  2171  2261 I amsnl   : m1: false
08-03 15:06:01.494  2171  2261 I amsnl   : m2: false, m3: false
08-03 15:06:01.495  2171  2261 I amsnl   : c: false, w: true, t: false, l: false
08-03 15:06:01.499  2171  2261 I amsnl   : p=86400, t=true
08-03 15:06:01.500  2171  2261 I amsnl   : t:false, fl: false, p: 86400000, ce: true, we: true
08-03 15:06:01.503  2171  2261 I amsnl   : m1: false
08-03 15:06:01.508  2171  2261 I amsnl   : m2: false, m3: false
08-03 15:06:01.508  2171  2261 I amsnl   : c: false, w: true, t: true, l: false
08-03 15:06:01.508  2171  2261 I amsnl   : crs
08-03 15:06:01.508  2171  2261 I amsnl   : qg
08-03 15:06:01.520  2171  2261 I amsc    : gt2
08-03 15:06:01.520  2171  2261 I amsc    : found: wx4gd2z, 1501741852842
08-03 15:06:01.535  1058  1330 I chatty  : uid=1000(system) Binder:1058_6 expire 11 lines
08-03 15:06:01.603  1535  1634 I PGServer: report state:3 event type:1 pid:0 uid:10383 pkg:null to pid: 1058
08-03 15:06:01.620 13509 13635 I chatty  : uid=10383(com.ccvideo) ConnectionWorke expire 30 lines
08-03 15:06:01.657  1058  1172 I chatty  : uid=1000(system) InputDispatcher expire 2 lines
08-03 15:06:01.689 13509 13640 I chatty  : uid=10383(com.ccvideo) ACCS0 expire 3 lines
08-03 15:06:01.689  1058  1080 I chatty  : uid=1000(system) android.display expire 13 lines
08-03 15:06:01.697  2171  3270 I amsnlp  : onSetRequest nlp used by: [com.ccvideo(10383)]
08-03 15:06:01.697  2171  3270 I amsnlp  : onSetRequest: ProviderRequestUnbundled, reportLocation is true and interval is 3600000
08-03 15:06:01.697  2171  2171 I amsnlp  : in Handler: ProviderRequestUnbundled, reportLocation is true and interval is 3600000
08-03 15:06:01.698  2171  2171 I amsmgrnlp: [V1.9.2.3-1-2-l4a1g0p4f4v0ofalse(r)]add listener by key:amsnlp time:3600
08-03 15:06:01.698  2171  2171 I amsst   : adding listener com.amap.android.ams.i.ag@c1cd4ab with period 3600 and trigger true
08-03 15:06:01.698  2171  2171 I amsl    : adll
08-03 15:06:01.698  2171  2171 I amsst   : period: 3600 enabled: true
08-03 15:06:01.699  2171  2171 I amsro   : p=3600, t=true
08-03 15:06:01.702 13285 13654 I chatty  : uid=10383(com.ccvideo) expire 1 line
08-03 15:06:01.713  1491  3318 W PhoneInterfaceManager: shouldBlockLocation running ...
08-03 15:06:01.713  1491  3318 I PhoneInterfaceManager: shouldBlockLocation  ret:false
08-03 15:06:01.718 13145 13655 W System  : ClassLoader referenced unknown path: /data/user/0/com.qihoo.appstore/files/com.qihoo.daemon157820994_apm.jar
08-03 15:06:01.719  2201  2358 I HwLauncher: Launcher.LauncherProvider  queried count: 1
08-03 15:06:01.722  1058  1810 I chatty  : uid=1000(system) IPC Thread expire 1 line
08-03 15:06:01.722  2201  2358 I HwLauncher: BadgeContentObserver  getBadgeNumber: 0 mComponentName :ComponentInfo{com.ccvideo/com.yizhibo.video.activity.SplashActivity}
08-03 15:06:01.722  2201  2358 I HwLauncher: BadgeContentObserver newBadgeNumber:0,oldBadgeNumber:-1 mComponentName : ComponentInfo{com.ccvideo/com.yizhibo.video.activity.SplashActivity}
08-03 15:06:01.723  2201  2358 I HwLauncher: AllIdleAppsList  updatePackage  isCloneApp =  false
08-03 15:06:01.724  2201  2358 I HwLauncher: AllIdleAppsList  updatePackage : package[com.ccvideo] matched activity's size is 1 and data List size is 76
08-03 15:06:01.725  1058 13669 I chatty  : uid=1000 system_server expire 2 lines
08-03 15:06:01.729  1491  8385 W PhoneInterfaceManager: shouldBlockLocation running ...
08-03 15:06:01.729  1491  8385 I PhoneInterfaceManager: shouldBlockLocation  ret:false
08-03 15:06:01.738  1491  1502 W PhoneInterfaceManager: shouldBlockLocation running ...
08-03 15:06:01.739  1491  1502 I PhoneInterfaceManager: shouldBlockLocation  ret:false
08-03 15:06:01.747  2201  2358 I HwResourcesImpl: load icon id : 7f030000, pkgName : com.ccvideo
08-03 15:06:01.747  2201  2358 W CfgFilePolicy: No config file found for:/themes/diff/icons
08-03 15:06:01.747  2201  2358 W CfgFilePolicy: CFG_DIRS length : 9
08-03 15:06:01.747  2201  2358 I HwResourcesImpl: icon : com.ccvideo found in app
08-03 15:06:01.751  2171  2261 I amsnl   : csr
08-03 15:06:01.751  2171  2261 I amsnl   : t:false, fl: false, p: 86400000, ce: true, we: true
08-03 15:06:01.753  2171  2261 I amsnl   : m1: false
08-03 15:06:01.754  2201  2358 I HwLauncher: Launcher.IconCache, cacheLocked  Utilities.createIconBitmap entry.title = 易直播 ComponentName:ComponentInfo{com.ccvideo/com.yizhibo.video.activity.SplashActivity} user:UserHandle{0}
08-03 15:06:01.758  2171  2261 I amsnl   : m2: false, m3: false
08-03 15:06:01.759  2171  2261 I amsnl   : rl
08-03 15:06:01.759  2171  2261 I amsnl   : c: false, w: true, t: false, l: false
08-03 15:06:01.759  2171  2261 I amsnl   : p=3600, t=true
08-03 15:06:01.759  2171  2261 I amsnl   : t:false, fl: true, p: 3600000, ce: true, we: true
08-03 15:06:01.760  2201  2358 I HwLauncher: Launcher.LauncherProvider  queried count: 1
08-03 15:06:01.762  2171  2261 I amsnl   : m1: false
08-03 15:06:01.762  2201  2358 I HwLauncher: BadgeContentObserver  getBadgeNumber: 0 mComponentName :ComponentInfo{com.ccvideo/com.yizhibo.video.activity.SplashActivity}
08-03 15:06:01.762  2201  2358 I HwLauncher: Workspace  The same unread count.
08-03 15:06:01.762  2201  2358 I HwLauncher: Workspace updateCustomizeShortcuts view invalidate ShortcutInfo(title=易直播)
08-03 15:06:01.762 13285 13674 I chatty  : uid=10383(com.ccvideo) expire 5 lines
08-03 15:06:01.762  2201  2201 I HwLauncher: Launcher.Folder childCount: 4
08-03 15:06:01.763  2201  2201 I HwLauncher: Launcher.Folder childCount: 5
08-03 15:06:01.763  2201  2201 I HwLauncher: Launcher.Folder childCount: 5
08-03 15:06:01.763  2201  2201 I HwLauncher: Launcher.Folder childCount: 8
08-03 15:06:01.764  2201  2358 I HwLauncher: Launcher.LauncherProvider  queried count: 1
08-03 15:06:01.766  2201  2358 I HwLauncher: BadgeContentObserver  getBadgeNumber: 0 mComponentName :ComponentInfo{com.ccvideo/com.yizhibo.video.activity.SplashActivity}
08-03 15:06:01.778  2171  2261 I amsnl   : m2: false, m3: false
08-03 15:06:01.778  2171  2261 I amsnl   : rl
08-03 15:06:01.780  2171  2261 I amsnl   : c: false, w: true, t: true, l: false
08-03 15:06:01.781  2171  2261 I amsnl   : crs
08-03 15:06:01.782 13285 13690 I chatty  : uid=10383(com.ccvideo) expire 1 line
08-03 15:06:01.782  2171  2261 I amsnl   : qg
08-03 15:06:01.783  2171  2261 I amsnl   : gc
08-03 15:06:01.787 13285 13691 I chatty  : uid=10383(com.ccvideo) expire 5 lines
08-03 15:06:01.788  1491  3318 W PhoneInterfaceManager: shouldBlockLocation running ...
08-03 15:06:01.788  1491  3318 I PhoneInterfaceManager: shouldBlockLocation  ret:false
08-03 15:06:01.789  7964  8125 W UdcContextManagerHelper: Empty context buffer. Thus might mean that the context is not synced down.
08-03 15:06:01.789  7964  8125 W GetDeviceDataUploadOptInStatusOp: Empty context model while retrieving upload opt-in status!
08-03 15:06:01.796  1491  1504 W PhoneInterfaceManager: shouldBlockLocation running ...
08-03 15:06:01.796  1491  1504 I PhoneInterfaceManager: shouldBlockLocation  ret:false
08-03 15:06:01.799 13285 13568 I chatty  : uid=10383(com.ccvideo) RenderThread expire 2 lines
08-03 15:06:01.805  1491  1728 W PhoneInterfaceManager: shouldBlockLocation running ...
08-03 15:06:01.805  1491  1728 I PhoneInterfaceManager: shouldBlockLocation  ret:false
08-03 15:06:01.814 13170 13170 I HwCust  : Constructor found for class android.app.HwCustNotificationImpl
08-03 15:06:01.842  2171  2261 I amsc    : gt2
08-03 15:06:01.843  2171  2261 I amsc    : found: wx4gd2z, 1501741852842
08-03 15:06:01.846 13285 13701 I chatty  : uid=10383(com.ccvideo) expire 1 line
08-03 15:06:01.863 13170 13170 W ws001   : NRH lcl.fc: c=android.widget.NotificationHeaderView
08-03 15:06:01.866 13170 13170 W ws001   : NRH lcl.fc: c=android.webkit.NotificationHeaderView
08-03 15:06:01.867 13170 13170 W ws001   : NRH lcl.fc: c=android.app.NotificationHeaderView
08-03 15:06:01.868 13285 13715 I chatty  : uid=10383(com.ccvideo) expire 5 lines
08-03 15:06:01.870 13285 13718 I chatty  : uid=10383(com.ccvideo) pool-23-thread- expire 1 line
08-03 15:06:01.902 12056 12069 I FA-SVC  : App measurement is starting up, version: 11302
08-03 15:06:01.912  2171  2261 I amsnl   : uc
08-03 15:06:01.913  2171  2261 I amsnl   : report_loc:ODtbr4MKkiipA2NUkIEujewHzLh9n3AmT62Cke51vh8skjeXUwh0JmzjdYpmA7KUV+DyntBR7XVO
08-03 15:06:01.913  2171  2261 I amsnl   : dzA9j435+BIa4Ea6VL43bmoFo89bjJsLzFdb0gvAjMbsgUy4FMH6HuSPn7fjPIH0OFaN9uBELJKV
08-03 15:06:01.913  2171  2261 I amsnl   : dDlmjhU5MaMP00csef95DI8HdDr1nEQ3ySAOkVqak+CV0b85iriewPITuJw6skat48as6JZL+IwC
08-03 15:06:01.913  2171  2261 I amsnl   : Kx/Rfr4m/1nlvJv1JRxKhc6heMsKFU/kOBKLq5qNAIjZpI60eg
08-03 15:06:01.914  2171  2261 I amsst   : report
08-03 15:06:01.914  2171  2261 I amsl    : now: 9618107 lastReportTime: -86400000 periodSecs: 3600
08-03 15:06:01.915  2171  2261 I amsmgrnlp: [V1.9.2.3-1-2-l4a1g0p4f4v0ofalse(r)]org-n size:1 key:amsnlp
08-03 15:06:01.915  2171  2261 I amsst   : period: 3600 enabled: true
08-03 15:06:01.916  2171  2171 I amsnlp  : REPORT-LOCATION
08-03 15:06:01.920  1491  3318 W PhoneInterfaceManager: shouldBlockLocation running ...
08-03 15:06:01.920  1491  3318 I PhoneInterfaceManager: shouldBlockLocation  ret:false
08-03 15:06:01.946  1491  8390 W PhoneInterfaceManager: shouldBlockLocation running ...
08-03 15:06:01.946  1491  8390 I PhoneInterfaceManager: shouldBlockLocation  ret:false
08-03 15:06:01.957  1491  1502 W PhoneInterfaceManager: shouldBlockLocation running ...
08-03 15:06:01.957  1491  1502 I PhoneInterfaceManager: shouldBlockLocation  ret:false
08-03 15:06:01.959  2171  2261 I amsnl   : csr
08-03 15:06:01.960  2171  2261 I amsnl   : t:false, fl: false, p: 3600000, ce: true, we: true
08-03 15:06:01.961  2171  2261 I amsnl   : m1: false
08-03 15:06:01.963  2171  2261 I amsnl   : m2: false, m3: false
08-03 15:06:01.963  2171  2261 I amsnl   : c: false, w: true, t: false, l: false
08-03 15:06:01.981 13509 13750 I chatty  : uid=10383(com.ccvideo) om.ccvideo:cmf] expire 82 lines
08-03 15:06:02.027 12056 13743 I FA-SVC  : This instance being marked as an uploader
08-03 15:06:02.030 12056 12056 I GAv4-SVC: Google Analytics 11.3.02 is starting up.
08-03 15:06:02.039  1058  1802 I chatty  : uid=1000(system) Binder:1058_9 expire 6 lines
08-03 15:06:02.040  2171  3271 I amsnlp  : onSetRequest nlp used by: [com.qihoo.appstore(10164)]
08-03 15:06:02.041  2171  3271 I amsnlp  : onSetRequest: ProviderRequestUnbundled, reportLocation is true and interval is 0
08-03 15:06:02.041  2171  2171 I amsnlp  : in Handler: ProviderRequestUnbundled, reportLocation is true and interval is 20000
08-03 15:06:02.042  2171  2171 I amsmgrnlp: [V1.9.2.3-1-2-l4a1g0p4f4v0ofalse(r)]add listener by key:amsnlp time:20
08-03 15:06:02.042  2171  2171 I amsst   : adding listener com.amap.android.ams.i.ag@c1cd4ab with period 20 and trigger true
08-03 15:06:02.042  2171  2171 I amsl    : adll
08-03 15:06:02.043  2171  2171 I amsst   : period: 20 enabled: true
08-03 15:06:02.043  2171  2171 I amsro   : p=20, t=true
08-03 15:06:02.044  2171  2261 I amsnl   : p=20, t=true
08-03 15:06:02.045  2171  2261 I amsnl   : t:false, fl: true, p: 20000, ce: true, we: true
08-03 15:06:02.047  2171  2261 I amsnl   : m1: false
08-03 15:06:02.050  2171  2261 I amsnl   : m2: false, m3: false
08-03 15:06:02.050  2171  2261 I amsnl   : rl
08-03 15:06:02.050  2171  2261 I amsnl   : c: false, w: true, t: true, l: false
08-03 15:06:02.051  2171  2261 I amsnl   : crs
08-03 15:06:02.051  2171  2261 I amsnl   : qg
08-03 15:06:02.051  2171  2261 I amsnl   : gc
08-03 15:06:02.053  1491  1964 W PhoneInterfaceManager: shouldBlockLocation running ...
08-03 15:06:02.053  1491  1964 I PhoneInterfaceManager: shouldBlockLocation  ret:false
08-03 15:06:02.069  1491  8390 W PhoneInterfaceManager: shouldBlockLocation running ...
08-03 15:06:02.070  1491  8390 I PhoneInterfaceManager: shouldBlockLocation  ret:false
08-03 15:06:02.084  1491  1502 W PhoneInterfaceManager: shouldBlockLocation running ...
08-03 15:06:02.084  1491  1502 I PhoneInterfaceManager: shouldBlockLocation  ret:false
08-03 15:06:02.087 13145 13145 I SendBroadcastPermission: action:com.qihoo.appstore.ACTION_NOTIFICATION_POSTED, mPermissionType:0
08-03 15:06:02.094  2171  2261 I amsc    : gt2
08-03 15:06:02.095  2171  2261 I amsc    : found: wx4gd2z, 1501741852842
08-03 15:06:02.109 13771 13771 I         : power log dlsym ok
08-03 15:06:02.116 13771 13771 I art     : Reinit property: dalvik.vm.checkjni= false
08-03 15:06:02.127 13145 13145 I SendBroadcastPermission: action:com.qihoo.appstore.ACTION_NOTIFICATION_POSTED, mPermissionType:0
08-03 15:06:02.137  1374  1374 W NotificationContentView: getMinContentHeightHint::mContractedChild is null
08-03 15:06:02.138  1374  1374 W NotificationContentView: getMinContentHeightHint::mContractedChild is null
08-03 15:06:02.139  1374  1374 W NotificationContentView: getMinContentHeightHint::mContractedChild is null
08-03 15:06:02.139  1374  1374 W NotificationContentView: getMinContentHeightHint::mContractedChild is null
08-03 15:06:02.157 13771 13771 W art     : JIT profile information will not be recorded: profile file does not exits.
08-03 15:06:02.168 13509 13520 I chatty  : uid=10383(com.ccvideo) Binder:13509_1 expire 1 line
08-03 15:06:02.169 13771 13771 I MultiDex: VM with version 2.1.0 has multidex support
08-03 15:06:02.169 13771 13771 I MultiDex: install
08-03 15:06:02.169 13771 13771 I MultiDex: VM has multidex support, MultiDex support library is disabled.
08-03 15:06:02.231 13796 13796 I         : power log dlsym ok
08-03 15:06:02.231 13509 13800 I chatty  : uid=10383(com.ccvideo) om.ccvideo:cmf] expire 47 lines
08-03 15:06:02.232 13796 13796 I art     : Reinit property: dalvik.vm.checkjni= false
08-03 15:06:02.240  1535  1634 I AppManager: audio start play: com.ccvideo
08-03 15:06:02.243   584   639 E bdatd   : [SensorStat.cpp] setState# sensor not found
08-03 15:06:02.248   584   639 E bdatd   : [SensorStat.cpp] setState# sensor not found
08-03 15:06:02.249   584   639 E bdatd   : [SensorStat.cpp] setState# sensor not found
08-03 15:06:02.251   584   639 E bdatd   : [SensorStat.cpp] setState# sensor not found
08-03 15:06:02.255 13509 13812 I chatty  : uid=10383 com.ccvideo:cmf expire 1 line
08-03 15:06:02.259 13509 13819 I chatty  : uid=10383(com.ccvideo) TaskEngine #1 expire 1 line
08-03 15:06:02.260 13509 13818 I chatty  : uid=10383(com.ccvideo) Thread-13 expire 5 lines
08-03 15:06:02.262  2171  2261 I amsnl   : uc
08-03 15:06:02.264  2171  2261 I amsnl   : report_loc:ODtbr4MKkiipA2NUkIEujewHzLh9n3AmT62Cke51vh8skjeXUwh0JmzjdYpmA7KUV+DyntBR7XVO
08-03 15:06:02.264  2171  2261 I amsnl   : dzA9j435+BIa4Ea6VL43bmoFo89bjJsLzFdb0gvAjMbsgUy4FMH6HuSPn7fjPIH0OFaN9uBELJKV
08-03 15:06:02.264  2171  2261 I amsnl   : dDlmjhU5MaMP00csef95DI8HdDr1nEQ3ySAOkVqak+CV0b85iriewPITuJw6skat48as6JZL+IwC
08-03 15:06:02.264  2171  2261 I amsnl   : Kx/Rfr4m/1nlvJv1JRxKhc6heMsKFU/kOBKLq5qNAIjZpI60eg
08-03 15:06:02.264  2171  2261 I amsst   : report
08-03 15:06:02.274 13285 13821 I chatty  : uid=10383(com.ccvideo) expire 1 line
08-03 15:06:02.276 13285 13822 I chatty  : uid=10383(com.ccvideo) expire 1 line
08-03 15:06:02.276 13285 13823 I chatty  : uid=10383(com.ccvideo) expire 9 lines
08-03 15:06:02.277  2171  2261 I amsl    : now: 9618467 lastReportTime: -86400000 periodSecs: 20
08-03 15:06:02.277  2171  2261 I amsmgrnlp: [V1.9.2.3-1-2-l4a1g0p4f4v0ofalse(r)]org-n size:1 key:amsnlp
08-03 15:06:02.278  2171  2261 I amsst   : period: 20 enabled: true
08-03 15:06:02.278  2171  2171 I amsnlp  : REPORT-LOCATION
08-03 15:06:02.289  1491  8385 W PhoneInterfaceManager: shouldBlockLocation running ...
08-03 15:06:02.290  1491  8385 I PhoneInterfaceManager: shouldBlockLocation  ret:false
08-03 15:06:02.303  1491  3318 W PhoneInterfaceManager: shouldBlockLocation running ...
08-03 15:06:02.303  1491  3318 I PhoneInterfaceManager: shouldBlockLocation  ret:false
08-03 15:06:02.316   606  8516 I APM_AudioPolicyManager: getOutput() device 2, stream 3, samplingRate 0, format 0, channelMask 3, flags 0
08-03 15:06:02.316   606  8516 I APM_AudioPolicyManager: getOutputForDevice() returns output 13
08-03 15:06:02.319   606 11737 I APM_AudioPolicyManager: getOutput() device 2, stream 3, samplingRate 0, format 0, channelMask 3, flags 0
08-03 15:06:02.319   606 11737 I APM_AudioPolicyManager: getOutputForDevice() returns output 13
08-03 15:06:02.319   606 11737 I APM_AudioPolicyManager: getOutput() device 2, stream 3, samplingRate 0, format 0, channelMask 3, flags 0
08-03 15:06:02.319   606 11737 I APM_AudioPolicyManager: getOutputForDevice() returns output 13
08-03 15:06:02.325  2171  2182 I amsnlp  : onSetRequest nlp used by: [com.ccvideo(10383)]
08-03 15:06:02.326  2171  2182 I amsnlp  : onSetRequest: ProviderRequestUnbundled, reportLocation is true and interval is 3600000
08-03 15:06:02.326  2171  2171 I amsnlp  : in Handler: ProviderRequestUnbundled, reportLocation is true and interval is 3600000
08-03 15:06:02.326  2171  2171 I amsmgrnlp: [V1.9.2.3-1-2-l4a1g0p4f4v0ofalse(r)]add listener by key:amsnlp time:3600
08-03 15:06:02.326  2171  2171 I amsst   : adding listener com.amap.android.ams.i.ag@c1cd4ab with period 3600 and trigger true
08-03 15:06:02.327  2171  2171 I amsl    : adll
08-03 15:06:02.327  1491  8389 W PhoneInterfaceManager: shouldBlockLocation running ...
08-03 15:06:02.327  1491  8389 I PhoneInterfaceManager: shouldBlockLocation  ret:false
08-03 15:06:02.327  1813  2517 I chatty  : uid=1000(system) Binder:1813_3 expire 3 lines
08-03 15:06:02.329  2171  2171 I amsst   : period: 3600 enabled: true
08-03 15:06:02.329  2171  2171 I amsro   : p=3600, t=true
08-03 15:06:02.338 12056 12066 I art     : Background partial concurrent mark sweep GC freed 9766(711KB) AllocSpace objects, 13(260KB) LOS objects, 39% free, 6MB/11MB, paused 5.802ms total 27.036ms
08-03 15:06:02.338 12056 12064 W SQLiteConnectionPool: A SQLiteConnection object for database '/data/user/0/com.google.android.gms/databases/networkstatistics.sqlite' was leaked!  Please fix your application to end transactions in progress properly and to close the database when it is no longer needed.
08-03 15:06:02.346   606   606 I APM_AudioPolicyManager: getOutputForAttr() attr usage=1 content=2 flags=0
08-03 15:06:02.346   606   606 I APM_AudioPolicyManager: getOutput() device 2, stream 3, samplingRate 44100, format 1, channelMask 3, flags 0
08-03 15:06:02.346   606   606 I APM_AudioPolicyManager: getOutputForDevice() returns output 13
08-03 15:06:02.346   606   606 I APM_AudioPolicyManager: getOutputForAttr() returns output 13 stream 3
08-03 15:06:02.346   606   877 I hash_map_utils: key: 'mode' value: ''
08-03 15:06:02.347   606   877 I AudioMixer: NumTracks(3)
08-03 15:06:02.347   606   877 I AudioMixer: Pid:606 add track (3)
08-03 15:06:02.348 13285 13830 I chatty  : uid=10383(com.ccvideo) expire 2 lines
08-03 15:06:02.348  2171  2261 I amsnl   : csr
08-03 15:06:02.348 13285 13831 I chatty  : uid=10383(com.ccvideo) expire 1 line
08-03 15:06:02.348   606   877 I APM_AudioPolicyManager: startOutput() output 13, stream 3, session 217
08-03 15:06:02.348   606   877 I APM_AudioPolicyManager: getNewOutputDevice() selected device 2
08-03 15:06:02.348   606   877 I APM_AudioPolicyManager: setOutputDevice() device 0x0002 delayMs 0 force 1
08-03 15:06:02.348   606   877 I APM_AudioPolicyManager: setOutputDevice() changing to device 0x0002 , muteWaitMs 0
08-03 15:06:02.349   606   867 I soundtrigger_msg: sound_trigger_set_parameters:set_parameters string![srs_cfg:trumedia_enable=1]
08-03 15:06:02.349   606   877 I APM_AudioPolicyManager: setOutputDevice() createAudioPatch returned 0 patchHandle 132 num_sources 1 num_sinks 1
08-03 15:06:02.349 13285 13841 I chatty  : uid=10383(com.ccvideo) expire 1 line
08-03 15:06:02.350  2171  2261 I amsnl   : t:false, fl: false, p: 20000, ce: true, we: true
08-03 15:06:02.350   606   877 I APM_AudioPolicyManager: checkOutputForStrategy() getDeviceForStrategy strategy=3 newDevice=2 oldDevice=2
08-03 15:06:02.351  1535  1634 I PGServer: report state:2 event type:1 pid:13285 uid:10383 pkg:null to pid: 1058
08-03 15:06:02.352   606   867 I audio_hw_primary: start_output_stream++: out_type = 0, out_device = 0
08-03 15:06:02.357   606   867 I audio_hw_primary: select_devices++ mode[0]
08-03 15:06:02.357   606   867 I audio_hw_primary: output_device_id is 2, output_route is media-speaker;input_source_id is 0, input_route is null.
08-03 15:06:02.357   606   867 I dsp_common: dsp_common_control_algo:set device = 2
08-03 15:06:02.357   606   867 I dsp_maxim_ctl: get_smartpa_sence:device = 0x2
08-03 15:06:02.357   606   867 I dsp_maxim_ctl: maxim_get_prop: get codec_name succ, codec_name = hi6402
08-03 15:06:02.357   606   867 I dsp_maxim_ctl: maxim_get_prop: get multi mic function enable succ, multi_mic_enable = 1
08-03 15:06:02.358   606   867 I audio_hw_primary: notify hifi set route++
08-03 15:06:02.359  1058  1323 I chatty  : uid=1000(system) Binder:1058_5 expire 2 lines
08-03 15:06:02.366  1535  1634 I AudioState: stop from audioTrack, pid: 13285 sessionId: 217
08-03 15:06:02.366  1535  1634 I PGServer: report state:2 event type:2 pid:13285 uid:10383 pkg:null to pid: 1058
08-03 15:06:02.412   606   867 I audio_pop: pop change S4 OL SWITCH SWITCH dir 1
08-03 15:06:02.413   606   867 I audio_pop: pop change S4 OR SWITCH SWITCH dir 1
08-03 15:06:02.413   606   867 I audio_pop: pop change SP IL SWITCH SWITCH dir 1
08-03 15:06:02.414   606   867 I audio_pop: pop change SP IR SWITCH SWITCH dir 1
08-03 15:06:02.414   606   867 I audio_hw_primary: notify hifi set route--
08-03 15:06:02.414   606   867 I audio_hw_primary: source[0], mode[0]
08-03 15:06:02.414   606   867 I dsp_common: dsp_common_control_algo:set device = 2
08-03 15:06:02.414   606   867 I dsp_maxim_ctl: get_smartpa_sence:device = 0x2
08-03 15:06:02.414   606   867 I dsp_maxim_ctl: maxim_get_prop: get codec_name succ, codec_name = hi6402
08-03 15:06:02.414   606   867 I dsp_maxim_ctl: maxim_get_prop: get multi mic function enable succ, multi_mic_enable = 1
08-03 15:06:02.414   606   867 I dsp_maxim_ctl: maxim_control_algo : product_name_spec = NEXT
08-03 15:06:02.416 13509 13756 I chatty  : uid=10383(com.ccvideo) Thread-11 expire 1 line
08-03 15:06:02.419   606   867 I dsp_codec_ctl: codec_adsp_send_sync_cmd:ioctl ret=0
08-03 15:06:02.419   606   867 I dsp_maxim_ctl: smartpa_control succ with value:1
08-03 15:06:02.419  2171  2261 I amsnl   : m1: false
08-03 15:06:02.419   606   867 I MAX98925_SPK: set  MAX98925 SINGLE SPK POWER ON
08-03 15:06:02.420   606   867 I MAX98925_SPK: MAX98925 SPK POWER ON
08-03 15:06:02.420   606   867 I audio_hw_primary: select_devices--
08-03 15:06:02.420   606   867 I audio_hw_primary: start_output_stream--
08-03 15:06:02.423  2171  2261 I amsnl   : m2: false, m3: false
08-03 15:06:02.423  2171  2261 I amsnl   : c: false, w: true, t: false, l: false
08-03 15:06:02.424  2171  2261 I amsnl   : p=3600, t=true
08-03 15:06:02.424  2171  2261 I amsnl   : t:false, fl: true, p: 3600000, ce: true, we: true
08-03 15:06:02.428  2171  2261 I amsnl   : m1: false
08-03 15:06:02.431  2171  2261 I amsnl   : m2: false, m3: false
08-03 15:06:02.439  2171  2261 I amsnl   : rl
08-03 15:06:02.440  2171  2261 I amsnl   : c: false, w: true, t: true, l: false
08-03 15:06:02.440  2171  2261 I amsnl   : crs
08-03 15:06:02.441  2171  2261 I amsnl   : qg
08-03 15:06:02.441  2171  2261 I amsnl   : gc
08-03 15:06:02.443 13285 13846 I chatty  : uid=10383(com.ccvideo) TaskEngine #1 expire 2 lines
08-03 15:06:02.453   429   429 E SELinux : avc:  denied  { find } for service=network_score pid=13771 uid=10164 scontext=u:r:untrusted_app:s0:c512,c768 tcontext=u:object_r:network_score_service:s0 tclass=service_manager permissive=0
08-03 15:06:02.453   429   429 E ServiceManager: try to find service failed, svc can not find service.
08-03 15:06:02.455   429   429 E SELinux : avc:  denied  { find } for service=serial pid=13771 uid=10164 scontext=u:r:untrusted_app:s0:c512,c768 tcontext=u:object_r:serial_service:s0 tclass=service_manager permissive=0
08-03 15:06:02.455   429   429 E ServiceManager: try to find service failed, svc can not find service.
08-03 15:06:02.455  1491  8390 W PhoneInterfaceManager: shouldBlockLocation running ...
08-03 15:06:02.456  1491  8390 I PhoneInterfaceManager: shouldBlockLocation  ret:false
08-03 15:06:02.465  1491  1964 W PhoneInterfaceManager: shouldBlockLocation running ...
08-03 15:06:02.465  1491  1964 I PhoneInterfaceManager: shouldBlockLocation  ret:false
08-03 15:06:02.469  1491  8385 W PhoneInterfaceManager: shouldBlockLocation running ...
08-03 15:06:02.469  1491  8385 I PhoneInterfaceManager: shouldBlockLocation  ret:false
08-03 15:06:02.485 13285 13484 I chatty  : uid=10383(com.ccvideo) Thread-14 expire 1 line
08-03 15:06:02.487  2171  2261 I amsc    : gt2
08-03 15:06:02.488  2171  2261 I amsc    : found: wx4gd2z, 1501741852842
08-03 15:06:02.491   429   429 E SELinux : avc:  denied  { find } for service=recovery pid=13771 uid=10164 scontext=u:r:untrusted_app:s0:c512,c768 tcontext=u:object_r:recovery_service:s0 tclass=service_manager permissive=0
08-03 15:06:02.491   429   429 E ServiceManager: try to find service failed, svc can not find service.
08-03 15:06:02.492 13771 13771 E SystemServiceRegistry: Failed to get recovery service.
08-03 15:06:02.508  2567  2567 E BDLog   : BD.BDService:com.ccvideo not permission
08-03 15:06:02.510 13771 13771 I HwCust  : Constructor found for class android.app.HwCustHwWallpaperManagerImpl
08-03 15:06:02.512 13796 13796 W art     : JIT profile information will not be recorded: profile file does not exits.
08-03 15:06:02.512  1058  1058 I chatty  : uid=1000 system_server expire 32 lines
08-03 15:06:02.514   584  1052 I logserver: handle_logfile_events, Object Path:/data/system/dropbox/, mask=0x00000080
08-03 15:06:02.514   584  1052 I logserver: process_one_event, event->len=32, name=data_app_wtf@1501743962512.txt
08-03 15:06:02.563  2171  2261 I amsnl   : uc
08-03 15:06:02.565  2171  2261 I amsnl   : report_loc:ODtbr4MKkiipA2NUkIEujewHzLh9n3AmT62Cke51vh8skjeXUwh0JmzjdYpmA7KUV+DyntBR7XVO
08-03 15:06:02.565  2171  2261 I amsnl   : dzA9j435+BIa4Ea6VL43bmoFo89bjJsLzFdb0gvAjMbsgUy4FMH6HuSPn7fjPIH0OFaN9uBELJKV
08-03 15:06:02.565  2171  2261 I amsnl   : dDlmjhU5MaMP00csef95DI8HdDr1nEQ3ySAOkVqak+CV0b85iriewPITuJw6skat48as6JZL+IwC
08-03 15:06:02.565  2171  2261 I amsnl   : Kx/Rfr4m/1nlvJv1JRxKhc6heMsKFU/kOBKLq5qNAIjZpI60eg
08-03 15:06:02.566  2171  2261 I amsst   : report
08-03 15:06:02.567  2171  2261 I amsl    : now: 9618760 lastReportTime: -86400000 periodSecs: 3600
08-03 15:06:02.567  2171  2261 I amsmgrnlp: [V1.9.2.3-1-2-l4a1g0p4f4v0ofalse(r)]org-n size:1 key:amsnlp
08-03 15:06:02.568 13796 13796 I MultiDex: VM with version 2.1.0 has multidex support
08-03 15:06:02.568 13796 13796 I MultiDex: install
