08-03 15:05:42.904  1813  2914 I NCCHR_NcLogCollectServiceImpl: getUserType = 1
08-03 15:05:42.905  1058 12900 I chatty  : uid=1000 system_server expire 1 line
08-03 15:05:42.906  1813  4071 I NCCHR_NcLogCollectServiceImpl: getUserType = 1
08-03 15:05:42.936  1568  1739 E HwSystemManager: NatTrafficNotifyService:imsi is null, so return
08-03 15:05:42.947  1460  1460 E WifiUtils: NetworkInfo is null!
08-03 15:05:42.949  1058 12875 I chatty  : uid=1000(system) NetworkMonitorN expire 4 lines
08-03 15:05:42.949  1568  1739 E HwSystemManager: NatTrafficNotifyService:imsi is null, so return
08-03 15:05:42.960  1058  1245 I chatty  : uid=1000(system) Thread-11 expire 8 lines
08-03 15:05:42.961 12887 12887 W art     : JIT profile information will not be recorded: profile file does not exits.
08-03 15:05:42.984  1460  1460 E WifiUtils: NetworkInfo is null!
08-03 15:05:42.989  4805  4867 I PushLog2824: [ConnectivityManager-362]onAvailable(android/null:-1)
08-03 15:05:42.990  4805  4867 I PushLog2824: [ConnectivityManager-362]broadcast(),and mReceivers  4(android/null:-1)
08-03 15:05:43.001 12235 12913 I SkytoneSDK-1.0.1.301|ActivateVSimEventHandler: handle start
08-03 15:05:43.001 12235 12913 I SkytoneSDK-1.0.1.301|ActivateVSimEventHandler: handleActivateVSimEvent
08-03 15:05:43.004  8087 12915 I SkytoneSDK-1.0.1.301|ActivateVSimEventHandler: handle start
08-03 15:05:43.004  8087 12915 I SkytoneSDK-1.0.1.301|ActivateVSimEventHandler: handleActivateVSimEvent
08-03 15:05:43.009 10072 10072 I NetworkStartup: action = android.net.conn.CONNECTIVITY_CHANGE
08-03 15:05:43.013 12235 12235 I CloudAlbum[5.3.0.303]: [CGCommonStatusReceiver] CGCommonStatusReceiver, action: android.net.conn.CONNECTIVITY_CHANGE
08-03 15:05:43.013 12235 12366 I CloudAlbum[5.3.0.303]: [ReceiverManager] ReceiverManager action: android.net.conn.CONNECTIVITY_CHANGE
08-03 15:05:43.014 12235 12366 E CloudAlbum[5.3.0.303]: [ReceiverManager] not log on ignore
08-03 15:05:43.015  1374  1374 I NetworkSpeedManagerEx: mIsNetworkSpeedEnabled = true, mIsAirplaneMode = false, mIsWifiConnected = true, mIsHasIccCard = false, mIsNetworkValid = true, mIsDataSwitchEnabled = true
08-03 15:05:43.017 12887 12887 E hilinkService: HilinkService-onCreate
08-03 15:05:43.018  1568  1568 I SendBroadcastPermission: action:com.huawei.harassmentinterception.update.ALARM_TASK, mPermissionType:0
08-03 15:05:43.021  4805  4820 W PackageManager: STAHP USING HIDDEN APIS KTHX
08-03 15:05:43.039  1374  1374 I NetworkSpeedManagerEx: mIsStop = false
08-03 15:05:43.040  1374  1374 I NetworkSpeedManagerEx: mIsNetworkSpeedEnabled = true, mIsAirplaneMode = false, mIsWifiConnected = true, mIsHasIccCard = false, mIsNetworkValid = true, mIsDataSwitchEnabled = true
08-03 15:05:43.040  1374  1374 I NetworkSpeedManagerEx: mIsStop = false
08-03 15:05:43.041  1374  1374 I NetworkSpeedManagerEx:  value = 3.6852696E7
08-03 15:05:43.042  1374  1374 I NetworkSpeedManagerEx: speed = 0K/s
08-03 15:05:43.042  1374  1374 I NetworkSpeedView: /update(), speed=0K/s parent class:class com.android.systemui.statusbar.HwSystemIcons
08-03 15:05:43.043  1374  1374 I NetworkSpeedManagerEx:  value = 3.6852696E7
08-03 15:05:43.044  1374  1374 I NetworkSpeedManagerEx: speed = 0K/s
08-03 15:05:43.044  1374  1374 I NetworkSpeedView: /update(), speed=0K/s parent class:class com.android.systemui.statusbar.HwSystemIcons
08-03 15:05:43.045 10072 10072 I NetworkStartup: network:[type: MOBILE[], state: DISCONNECTED/DISCONNECTED, reason: (unspecified), extra: (none), failover: false, available: false, roaming: false, metered: true]
08-03 15:05:43.049  1584  1584 I TotemWeather: RetryTaskController info:this task delay is 8700
08-03 15:05:43.057 10072 10072 I NetworkStartup: network:[type: WIFI[], state: CONNECTED/CONNECTED, reason: (unspecified), extra: "yizhibo", failover: false, available: true, roaming: false, metered: false]
08-03 15:05:43.060  4805  4820 I PushLog2824: [ReceiverDispatcher-333]lastnetWorkType:-1 curNetWorkType:1(android/null:-1)
08-03 15:05:43.065 10072 10072 I NetworkStartup: network:[type: BLUETOOTH[], state: DISCONNECTED/DISCONNECTED, reason: (unspecified), extra: (none), failover: false, available: true, roaming: false, metered: false]
08-03 15:05:43.079  2171  2261 I amsnl   : we: true
08-03 15:05:43.080  2171  2261 I amsnl   : scwe
08-03 15:05:43.080  2171  2261 I amsnl   : t:false, fl: false, p: 86400000, ce: true, we: true
08-03 15:05:43.090  4805  4820 I PushLog2824: [ReceiverDispatcher-333]after getConnectPushSrvInterval:0 ms, connectTimes:0(android/null:-1)
08-03 15:05:43.090  4805  4820 I PushLog2824: [ReceiverDispatcher-333]no limit to connect pushsvr(android/null:-1)
08-03 15:05:43.103  1568  1568 W HwSystemManager: AbsRecordInfo:createRecordFromBundle type provider or service
08-03 15:05:43.109  1568  1568 W HwSystemManager: AbsRecordInfo:createRecordFromBundle type provider or service
08-03 15:05:43.110 12056 12056 I iu.Environment: update connectivity state; isNetworkMetered? false, isRoaming? false, isBackgroundDataAllowed? true*
08-03 15:05:43.111  2171  2261 I amsnl   : m1: false
08-03 15:05:43.113  1568  1568 W HwSystemManager: AbsRecordInfo:createRecordFromBundle type provider or service
08-03 15:05:43.114 12887 12887 E hilinkService: register topomode callback success!
08-03 15:05:43.114 12887 12887 E hilinkService: init success!
08-03 15:05:43.116  1568  1568 W HwSystemManager: AbsRecordInfo:createRecordFromBundle type provider or service
08-03 15:05:43.117  2171  2261 I amsnl   : m2: false, m3: false
08-03 15:05:43.118  2171  2261 I amsnl   : c: false, w: true, t: false, l: false
08-03 15:05:43.120 12887 12887 E hilinkService: no corresponding svc has been found
08-03 15:05:43.120 12887 12887 E hilinkService: svc report HILINK_SVC_HOSTING_TOPOMODE_WRONG
08-03 15:05:43.124  1568  1568 W HwSystemManager: AbsRecordInfo:createRecordFromBundle type provider or service
08-03 15:05:43.136 12943 12943 I         : power log dlsym ok
08-03 15:05:43.137  1813  1813 W Ptm.AbnormalObserver: unhandled mesg: 2005
08-03 15:05:43.139 12943 12943 I art     : Reinit property: dalvik.vm.checkjni= false
08-03 15:05:43.140 12887 12887 E hilinkService: HilinkService-start
08-03 15:05:43.143  1813  1813 W PTM.BigdataObserver: PhoneRunState:  2017-08-03 15:05:43	WIFI_STATES	CONNECT
08-03 15:05:43.143  1813  1813 I iMonitor: create: 903001010
08-03 15:05:43.143  1568  1568 W HwSystemManager: AbsRecordInfo:createRecordFromBundle type provider or service
08-03 15:05:43.149  1568  1568 W HwSystemManager: AbsRecordInfo:createRecordFromBundle type provider or service
08-03 15:05:43.150   584  1053 I logserver: handle_exception_events enter
08-03 15:05:43.150  1813  1813 I iMonitor: send: 903001010
08-03 15:05:43.152 12887 12887 E hilinkService: network is Wi-Fi!
08-03 15:05:43.159  1568  1568 W HwSystemManager: AbsRecordInfo:createRecordFromBundle type provider or service
08-03 15:05:43.162  1568  1568 W HwSystemManager: AbsRecordInfo:createRecordFromBundle type provider or service
08-03 15:05:43.163  1058 12908 I chatty  : uid=1000 system_server expire 1 line
08-03 15:05:43.166  1568  1568 W HwSystemManager: AbsRecordInfo:createRecordFromBundle type provider or service
08-03 15:05:43.171  1568  1568 W HwSystemManager: AbsRecordInfo:createRecordFromBundle type provider or service
08-03 15:05:43.172  1568  1568 W HwSystemManager: AbsRecordInfo:createRecordFromBundle type provider or service
08-03 15:05:43.179  1491  3318 W PhoneInterfaceManager: shouldBlockLocation running ...
08-03 15:05:43.179  1491  3318 I PhoneInterfaceManager: shouldBlockLocation  ret:false
08-03 15:05:43.187 12056 12552 I iu.UploadsManager: num queued entries: 0
08-03 15:05:43.188  1491  1964 W PhoneInterfaceManager: shouldBlockLocation running ...
08-03 15:05:43.188  1491  1964 I PhoneInterfaceManager: shouldBlockLocation  ret:false
08-03 15:05:43.207  4805  4820 I PushLog2824: [ReceiverDispatcher-333]isvalid:true srvValidBefore:10488834 pushSrvNeedQueryTRS:false(android/null:-1)
08-03 15:05:43.207  4805  4820 I PushLog2824: [ReceiverDispatcher-333] need not query TRS(android/null:-1)
08-03 15:05:43.210  4805 12961 I PushLog2824: [SocketRead_15:05:43-445]enter isSupportCtrlSocketV2, mHasCheckCtrlSocketVersion:true,mIsSupportCtrlSokceV2:true(android/null:-1)
08-03 15:05:43.210  4805 12961 I PushLog2824: [SocketRead_15:05:43-445]isSupportCtrlSocketV2, ctrlSocket(android/null:-1)
08-03 15:05:43.210  4805 12961 I PushLog2824: [SocketRead_15:05:43-445]ctrlSocket cmd is 1, param is 51(android/null:-1)
08-03 15:05:43.212  4805 12961 I PushLog2824: [SocketRead_15:05:43-445]ctrlSocket success(android/null:-1)
08-03 15:05:43.217 12943 12943 I art     : Starting a blocking GC AddRemoveAppImageSpace
08-03 15:05:43.219  4805 12961 I PushLog2824: [SocketRead_15:05:43-445]broadcast(),and mReceivers  4(android/null:-1)
08-03 15:05:43.219  4805 12961 I PushLog2824: [SocketRead_15:05:43-445]enter createSocket 118.*******210(android/null:-1)
08-03 15:05:43.219  4805 12961 I PushLog2824: [SocketRead_15:05:43-445]useProxy is valid:false, allow proxy:false(android/null:-1)
08-03 15:05:43.219  4805 12961 I PushLog2824: [SocketRead_15:05:43-445]create socket without proxy(android/null:-1)
08-03 15:05:43.219  1813  1838 E PackageLogInfoManager: checkPackageLogState, cr: android.app.ContextImpl$ApplicationContentResolver@8f35233, packageNames: null
08-03 15:05:43.220 12943 12943 W System  : ClassLoader referenced unknown path: /data/hw_init/system/app/HwLogUploadService/lib/arm64
08-03 15:05:43.228  4805 12961 I PushLog2824: [SocketRead_15:05:43-445]write the lastcontectsucc_time to the pushConfig.xml file(android/null:-1)
08-03 15:05:43.228  4805 12961 I PushLog2824: [SocketRead_15:05:43-445]conetEntity.channelType:ChannelType_Secure(android/null:-1)
08-03 15:05:43.229 12056 12552 I iu.UploadsManager: num updated entries: 0
08-03 15:05:43.232 12056 12552 I iu.SyncManager: NEXT; no task
08-03 15:05:43.238 12943 12943 W art     : JIT profile information will not be recorded: profile file does not exits.
08-03 15:05:43.245  4805 12961 I PushLog2824: [SocketRead_15:05:43-445]CustSecureChannel isInitialized success!(android/null:-1)
08-03 15:05:43.245  4805 12961 I PushLog2824: [SocketRead_15:05:43-445]connect cost 36 ms, result:true(android/null:-1)
08-03 15:05:43.245  8677  8677 I HwOUC   : [main-1]isSupportsMultipleUsers is true(hwouc/HwOucUtility.java:5019)
08-03 15:05:43.245  8677  8677 I HwOUC   : [main-1]isMainUser myUserId is 0;isMainUser is true(hwouc/HwOucUtility.java:5031)
08-03 15:05:43.255   430  5973 I gralloc : alloc_device_free:586: Free handle(0x7eb44ba400)
08-03 15:05:43.256  8677  8677 I SendBroadcastPermission: action:huawei.android.intent.action.SILENTDOWNLOAD_ALARM, mPermissionType:0
08-03 15:05:43.259  8677  8677 I HwOUC   : [main-1]Network changed(hwouc/DownloadReceiver.java:202)
08-03 15:05:43.260  8677  8677 I HwOUC   : [main-1]Network available(hwouc/DownloadReceiver.java:206)
08-03 15:05:43.260  8677  8677 I SendBroadcastPermission: action:refreshComponent, mPermissionType:0
08-03 15:05:43.263  8677  8677 I HwOUC   : [main-1]checkRequestSendSuccessFlag is false(hwouc/DownloadReceiver.java:256)
08-03 15:05:43.263  8677  8677 I HwOUC   : [main-1]getRealFirmwareVersion(),send ro.build.product.real.id = (hwouc/HwOucUtility.java:3159)
08-03 15:05:43.263  8677  8677 I HwOUC   : [main-1]getFirmwareVersion(), getDisplayFirmwareVersion NXT-TL00C01B575(hwouc/HwOucUtility.java:3162)
08-03 15:05:43.264  8677  8677 I HwOUC   : [main-1]DBManager--getCacheContents data size is 3; tableType is 4(hwouc/CacheDBManager.java:141)
08-03 15:05:43.264  8677  8677 E HwOUC   : [main-1]DBManager--parseId uri error:content://hwouc_download/firmware(hwouc/CacheDBManager.java:148)
08-03 15:05:43.265  8677  8677 I HwOUC   : [main-1]isMicroPatchOnly patchOnlyNum is 0; totalNum is 3(hwouc/HwOucUtility.java:4854)
08-03 15:05:43.265  8677  8677 I HwOUC   : [main-1]isMicroPatchOnly is false(hwouc/HwOucUtility.java:4861)
08-03 15:05:43.266  8677  8677 I HwOUC   : [main-1]isABsystemSupport local swtich is closed, return false(hwouc/HwOucUtility.java:7048)
08-03 15:05:43.270  8677  8677 I HwOUC   : [main-1]initTopActivityList.(hwouc/HwOucConfig.java:2876)
08-03 15:05:43.270  8677  8677 I HwOUC   : [main-1]initTopActivityList, mTopActivityList size = 9(hwouc/HwOucConfig.java:2882)
08-03 15:05:43.281  8677  8677 I HwOUC   : [main-1]isTopActivitySelf, com.huawei.android.hwouc.ui.activities.firmware.FirmwareNewVersionDetailsActivity is topActivity false(hwouc/HwOucUtility.java:4341)
08-03 15:05:43.282  8677  8677 I HwOUC   : [main-1]DownloadReceiver  isABsystemSupport is false; isAppUpgradeUnFinished is false; isFirmwareActivityTop is false(hwouc/DownloadReceiver.java:277)
08-03 15:05:43.287 12943 12943 W LogUploadService: HWLog = false
08-03 15:05:43.287 12943 12943 W LogUploadService: HWModuleLog = false
08-03 15:05:43.287 12943 12943 W LogUploadService: HWINFO = false
08-03 15:05:43.289  8677  8677 I HwOUC   : [main-1]DBManager--getCacheContents data size is 3; tableType is 4(hwouc/CacheDBManager.java:141)
08-03 15:05:43.290  8677  8677 E HwOUC   : [main-1]DBManager--parseId uri error:content://hwouc_download/firmware(hwouc/CacheDBManager.java:148)
08-03 15:05:43.290  8677  8677 I HwOUC   : [main-1]isAllComponentsVerifySuccess verifySuccessNum is 3; abInstallSuccessNum is 0; totalNum is 3(hwouc/UpdateAuthImpl.java:405)
08-03 15:05:43.290  8677  8677 I HwOUC   : [main-1]/checkVersionPackageType/(hwouc/HwOucUtility.java:6680)
08-03 15:05:43.294  1813  1838 E LogCollectService: illegal eventid
08-03 15:05:43.300 12943 12943 E DataMigrateUtils: moveDataForNVersion isNVersion
08-03 15:05:43.315 12943 12943 W LogUploadService: preNetWorkType:1; currentNetWorkType:1
08-03 15:05:43.318 12943 12943 E UploadTrack: path:/log/LogService/12/uploadtrack.txt
08-03 15:05:43.321  8677  8677 I HwCust  : Constructor found for class com.huawei.android.cust.cota.protocol.HwCustKillMyselfProcessCheckThreadImpl, args = [Ljava.lang.Object;@4580778
08-03 15:05:43.322  1460  1460 I BD.Reporter: com.huawei.bd.IBDService$Stub$Proxy@3a482b6
08-03 15:05:43.339  4805  4820 I SendBroadcastPermission: action:com.huawei.android.push.intent.SOCKET_INFO, mPermissionType:0
08-03 15:05:43.339 12056 12056 I CheckinChimeraService: android.os.VintfObject class not found : android.os.VintfObject
08-03 15:05:43.360 12887 12887 E hilinkService: Network: WIFI!
08-03 15:05:43.372  4805 12961 I PushLog2824: [SocketRead_15:05:43-445]broadcast(),and mReceivers  4(android/null:-1)
08-03 15:05:43.386  4805  4820 I SendBroadcastPermission: action:com.huawei.android.push.intent.SOCKET_INFO, mPermissionType:0
08-03 15:05:43.387 12556 12556 I HiWiServiceBD: Trigger action: android.net.conn.CONNECTIVITY_CHANGE
08-03 15:05:43.387 12556 12556 I HiWiServiceBD: hour = 15
08-03 15:05:43.389 12943 12943 I Process : Sending signal. PID: 12943 SIG: 9
08-03 15:05:43.398  8677 12972 I HwOUC   : [Thread-5-170]KillMyselfProcessCheckThread romSurveyFlag is false(hwouc/KillMyselfProcessCheckThread.java:103)
08-03 15:05:43.398  8677 12972 I HwOUC   : [Thread-5-170]generateFilePath usedToDelete is false(hwouc/HwOucUtility.java:3630)
08-03 15:05:43.407 12574 12574 I HiWiServiceBD: HiWiService onCreate
08-03 15:05:43.408 12587 12587 I RomSurvey: [main-1]AutoCheckReceiver onReceive(/AutoCheckReceiver.java:39)
08-03 15:05:43.408 12587 12587 I RomSurvey: [main-1]action=android.net.conn.CONNECTIVITY_CHANGE(/AutoCheckReceiver.java:45)
08-03 15:05:43.409 12587 12587 I RomSurvey: [main-1]AutoCheckReceiver romSurveyFlag = false(/AutoCheckReceiver.java:51)
08-03 15:05:43.409 12587 12587 I RomSurvey: [main-1]AutoCheckReceiver onReceive romSurvey switch closed, return(/AutoCheckReceiver.java:53)
08-03 15:05:43.411  8677 12972 I HwOUC   : [Thread-5-170]getRealFirmwareVersion(),send ro.build.product.real.id = (hwouc/HwOucUtility.java:3159)
08-03 15:05:43.411  8677 12972 I HwOUC   : [Thread-5-170]getFirmwareVersion(), getDisplayFirmwareVersion NXT-TL00C01B575(hwouc/HwOucUtility.java:3162)
08-03 15:05:43.411  8677 12972 I HwOUC   : [Thread-5-170]DBManager--getCacheContents data size is 3; tableType is 4(hwouc/CacheDBManager.java:141)
08-03 15:05:43.411  8677 12972 E HwOUC   : [Thread-5-170]DBManager--parseId uri error:content://hwouc_download/firmware(hwouc/CacheDBManager.java:148)
08-03 15:05:43.412  8677 12972 I HwOUC   : [Thread-5-170]isMicroPatchOnly patchOnlyNum is 0; totalNum is 3(hwouc/HwOucUtility.java:4854)
08-03 15:05:43.412  8677 12972 I HwOUC   : [Thread-5-170]isMicroPatchOnly is false(hwouc/HwOucUtility.java:4861)
08-03 15:05:43.412  8677 12972 I HwOUC   : [Thread-5-170]isABsystemSupport local swtich is closed, return false(hwouc/HwOucUtility.java:7048)
08-03 15:05:43.413  8677 12972 I HwOUC   : [Thread-5-170]DBManager--getCacheContents data size is 3; tableType is 4(hwouc/CacheDBManager.java:141)
08-03 15:05:43.413  8677 12972 E HwOUC   : [Thread-5-170]DBManager--parseId uri error:content://hwouc_download/firmware(hwouc/CacheDBManager.java:148)
08-03 15:05:43.413  8677 12972 I HwOUC   : [Thread-5-170]isAllFirmwareInSameStatus firmwareStatus is 5; statusNum is 3; recordNum is 3(hwouc/HwOucUtility.java:4785)
08-03 15:05:43.414  8677 12972 I HwOUC   : [Thread-5-170]isAllFirmwareVerifySuccess is true(hwouc/HwOucUtility.java:4721)
08-03 15:05:43.414  8677 12972 I HwOUC   : [Thread-5-170]getRealFirmwareVersion(),send ro.build.product.real.id = (hwouc/HwOucUtility.java:3159)
08-03 15:05:43.414  8677 12972 I HwOUC   : [Thread-5-170]getFirmwareVersion(), getDisplayFirmwareVersion NXT-TL00C01B575(hwouc/HwOucUtility.java:3162)
08-03 15:05:43.414  8677 12972 I HwOUC   : [Thread-5-170]DBManager--getCacheContents data size is 3; tableType is 4(hwouc/CacheDBManager.java:141)
08-03 15:05:43.414  8677 12972 E HwOUC   : [Thread-5-170]DBManager--parseId uri error:content://hwouc_download/firmware(hwouc/CacheDBManager.java:148)
08-03 15:05:43.414  8677 12972 I HwOUC   : [Thread-5-170]isMicroPatchOnly patchOnlyNum is 0; totalNum is 3(hwouc/HwOucUtility.java:4854)
08-03 15:05:43.414  8677 12972 I HwOUC   : [Thread-5-170]isMicroPatchOnly is false(hwouc/HwOucUtility.java:4861)
08-03 15:05:43.415  8677 12972 I HwOUC   : [Thread-5-170]isABsystemSupport local swtich is closed, return false(hwouc/HwOucUtility.java:7048)
08-03 15:05:43.415  8677 12972 I HwOUC   : [Thread-5-170]KillMyselfProcessCheckThread updateFilePathList size is =3;isAllFirmwareVerifySuccess is true; isABsystemSupport is false; lastSlot is a(hwouc/KillMyselfProcessCheckThread.java:109)
08-03 15:05:43.416  8677 12972 I HwOUC   : [Thread-5-170]isUpdatePackageExist zipFilePath /storage/emulated/0/HwOUC/73111/update.zip exist(hwouc/HwOucUtility.java:976)
08-03 15:05:43.417  8677 12972 I HwOUC   : [Thread-5-170]isUpdatePackageExist zipFilePath /storage/emulated/0/HwOUC/73111/update_data_public.zip exist(hwouc/HwOucUtility.java:976)
08-03 15:05:43.417  8677 12972 I HwOUC   : [Thread-5-170]isUpdatePackageExist zipFilePath /storage/emulated/0/HwOUC/73111/update_cmcc_cn.zip exist(hwouc/HwOucUtility.java:976)
08-03 15:05:43.417  8677 12972 I HwOUC   : [Thread-5-170]isUpdatePackageExist all file exist(hwouc/HwOucUtility.java:982)
08-03 15:05:43.417  8677 12972 I HwOUC   : [Thread-5-170]auto download finished, do not remind user again when over remind times(hwouc/KillMyselfProcessCheckThread.java:143)
08-03 15:05:43.418  8677 12972 I HwOUC   : [Thread-5-170]putIntoSecureTable(hwouc/HwOucUtility.java:1474)
08-03 15:05:43.418  8677 12972 I HwOUC   : [Thread-5-170]checkingResultFlag false, start to check upgrade result(hwouc/KillMyselfProcessCheckThread.java:170)
08-03 15:05:43.419  8677 12972 I HwOUC   : [Thread-5-170]DBManager--getCacheContents data size is 3; tableType is 4(hwouc/CacheDBManager.java:141)
08-03 15:05:43.419  8677 12972 E HwOUC   : [Thread-5-170]DBManager--parseId uri error:content://hwouc_download/firmware(hwouc/CacheDBManager.java:148)
08-03 15:05:43.421  8677 12972 I HwOUC   : [Thread-5-170]isAllFirmwareInSameStatus firmwareStatus is 22; statusNum is 0; recordNum is 3(hwouc/HwOucUtility.java:4785)
08-03 15:05:43.421  8677 12972 I HwOUC   : [Thread-5-170]isAllFirmwareSwitchBeginUnderAB is false(hwouc/HwOucUtility.java:4744)
08-03 15:05:43.421  8677 12972 I HwOUC   : [Thread-5-170]isAllFirmwareInstallingStatus(hwouc/HwOucUtility.java:3222)
08-03 15:05:43.422  8677 12972 I HwOUC   : [Thread-5-170]DBManager--getCacheContents data size is 3; tableType is 4(hwouc/CacheDBManager.java:141)
08-03 15:05:43.422  8677 12972 E HwOUC   : [Thread-5-170]DBManager--parseId uri error:content://hwouc_download/firmware(hwouc/CacheDBManager.java:148)
08-03 15:05:43.422  8677 12972 I HwOUC   : [Thread-5-170]isAllFirmwareInSameStatus firmwareStatus is 7; statusNum is 0; recordNum is 3(hwouc/HwOucUtility.java:4785)
08-03 15:05:43.422  8677 12972 I HwOUC   : [Thread-5-170]isAllFirmwareInstallingStatus is false(hwouc/HwOucUtility.java:3224)
08-03 15:05:43.422  8677 12972 I HwOUC   : [Thread-5-170]isCheckAutoAndReport is true(hwouc/KillMyselfProcessCheckThread.java:222)
08-03 15:05:43.424 12574 12977 I HiWiServiceBD: User Involved=1
08-03 15:05:43.425  1460  1460 I HwCust  : Constructor found for class com.android.settings.HwCustSplitUtilsImpl
08-03 15:05:43.425  4805  4820 I PushLog2824: [ReceiverDispatcher-333]read to Send:DE(android/null:-1)
08-03 15:05:43.426  4805  4820 I PushLog2824: [ReceiverDispatcher-333]send msg to remote srv success(android/null:-1)
08-03 15:05:43.426 12056 12968 I MDM     : [536] whf.a: sending sitrep: [0, 2, [EVTNX60U2XP5biG8AZv8bIKzBsQ], false]
08-03 15:05:43.437  1460  1460 W WindowDecorActionBar: should not do the transition or the transition anim is null or it is running or the mContainer view is null or mContainer view hasn't been drawn to screen 
08-03 15:05:43.437  1460  1460 I HwCust  : Constructor found for class com.android.settings.HwCustSettingsActivityImpl
08-03 15:05:43.438 12574 12977 I HiWiServiceBD: do nothing for not over 180
08-03 15:05:43.439  4805 12961 I PushLog2824: [SocketRead_15:05:43-445]received a msg cmdId:DF(android/null:-1)
08-03 15:05:43.443  8677 12972 I HwOUC   : [Thread-5-170] isAnyoneActivityInTop(hwouc/HwOucConfig.java:2944)
08-03 15:05:43.443  8677 12972 I HwOUC   : [Thread-5-170]initTopActivityList.(hwouc/HwOucConfig.java:2876)
08-03 15:05:43.443  8677 12972 I HwOUC   : [Thread-5-170]initTopActivityList, mTopActivityList size = 9(hwouc/HwOucConfig.java:2882)
08-03 15:05:43.443  8677 12972 I HwOUC   : [Thread-5-170]isApplicationInForeground  false.(hwouc/HwOucUtility.java:4332)
08-03 15:05:43.443  1460  1460 I HwCust  : Constructor found for class com.android.settings.HwCustDevelopmentSettingsImpl
08-03 15:05:43.450  1374  1374 W ImageWallpaper: trimMemory condition not ready!
08-03 15:05:43.453  4569  4569 E OpenGL_UC: post TrimMemory task level=80 on UI thread, posttime: 1501743943.449852
08-03 15:05:43.454  4805 12961 I PushLog2824: [SocketRead_15:05:43-445]broadcast(),and mReceivers  4(android/null:-1)
08-03 15:05:43.455  4805  4820 I PushLog2824: [ReceiverDispatcher-333]PushCommandProcessor device register success(android/null:-1)
08-03 15:05:43.460  1568 12985 W HwSystemManager: UpdateService:Network is not ready.
08-03 15:05:43.460  8677 12972 I HwOUC   : [Thread-5-170]isFirmwareStatusExistInDB firmwareStatus is 19(hwouc/HwOucUtility.java:4801)
08-03 15:05:43.460  8677 12972 I HwOUC   : [Thread-5-170]DBManager--getCacheContents data size is 3; tableType is 4(hwouc/CacheDBManager.java:141)
08-03 15:05:43.461  8677 12972 E HwOUC   : [Thread-5-170]DBManager--parseId uri error:content://hwouc_download/firmware(hwouc/CacheDBManager.java:148)
08-03 15:05:43.461  8677 12972 I HwOUC   : [Thread-5-170]isFirmwareStatusExistInDB statusNum is 0(hwouc/HwOucUtility.java:4819)
08-03 15:05:43.461  8677 12972 I HwOUC   : [Thread-5-170]isFirmwareStatusExistInDB is false(hwouc/HwOucUtility.java:4825)
08-03 15:05:43.461  8677 12972 I HwOUC   : [Thread-5-170]isABInstallingStatusExistInFirmwareDB is false(hwouc/HwOucUtility.java:4754)
08-03 15:05:43.461  8677  8677 I OUC_COTA: [main-1]SilentDownload onReceive, action is:huawei.android.intent.action.SILENTDOWNLOAD_ALARM(/SilentDownloadReceiver.java:25)
08-03 15:05:43.463  8677 12972 I HwOUC   : [Thread-5-170] isAnyoneActivityInTop(hwouc/HwOucConfig.java:2944)
08-03 15:05:43.463  8677 12972 I HwOUC   : [Thread-5-170]initTopActivityList.(hwouc/HwOucConfig.java:2876)
08-03 15:05:43.463  8677 12972 I HwOUC   : [Thread-5-170]initTopActivityList, mTopActivityList size = 9(hwouc/HwOucConfig.java:2882)
08-03 15:05:43.463  8677 12972 I HwOUC   : [Thread-5-170]isApplicationInForeground  false.(hwouc/HwOucUtility.java:4332)
08-03 15:05:43.463  8677 12972 I Process : Sending signal. PID: 8677 SIG: 9
08-03 15:05:43.477  1460  1460 W WindowDecorActionBar: should not do the transition or the transition anim is null or it is running or the mContainer view is null or mContainer view hasn't been drawn to screen 
08-03 15:05:43.486  7964  8153 I Auth    : [ReflectiveChannelBinder] Successfully bound channel!
08-03 15:05:43.497  1058  1804 I chatty  : uid=1000(system) Binder:1058_B expire 12 lines
08-03 15:05:43.502 12235 12913 I SkytoneSDK-1.0.1.301|DeviceInfoUtils: has READ_PRIVILEGED_PHONE_STATE permission, can get IMEI
08-03 15:05:43.503 12235 12913 W SkytoneSDK-1.0.1.301|ActivateVSimEventHandler: activate time limited
08-03 15:05:43.503 12235 12913 I SkytoneSDK-1.0.1.301|ActivateVSimEventHandler: handle end
08-03 15:05:43.505  8087 12915 I SkytoneSDK-1.0.1.301|DeviceInfoUtils: has READ_PRIVILEGED_PHONE_STATE permission, can get IMEI
08-03 15:05:43.505  8087 12915 W SkytoneSDK-1.0.1.301|ActivateVSimEventHandler: activate time limited
08-03 15:05:43.505  8087 12915 I SkytoneSDK-1.0.1.301|ActivateVSimEventHandler: handle end
08-03 15:05:43.513  4805  4820 W PackageManager: STAHP USING HIDDEN APIS KTHX
08-03 15:05:43.513  1058  7416 I chatty  : uid=1000(system) Binder:1058_11 expire 10 lines
08-03 15:05:43.518  4805  4820 I PushLog2824: [ReceiverDispatcher-333]no more client need register and unregister(android/null:-1)
08-03 15:05:43.534  1460  1460 W WindowDecorActionBar: should not do the transition or the transition anim is null or it is running or the mContainer view is null or mContainer view hasn't been drawn to screen 
08-03 15:05:43.559  1813  1826 W Ptm.AbnormalObserver: unhandled mesg: 4008
08-03 15:05:43.563  1460  1460 I HwPointEventFilter: support AFT
08-03 15:05:43.564  4805  4805 I PushLog2824: [main-1]action is com.huawei.intent.action.PUSH(android/null:-1)
08-03 15:05:43.569  3885  3885 I SendBroadcastPermission: action:null, mPermissionType:0
08-03 15:05:43.591  4805  4805 I PushLog2824: [main-1]broadcast(),and mReceivers  4(android/null:-1)
08-03 15:05:43.695   430  1907 I gralloc : alloc_device_alloc:564: Alloc handle(0x7eb9856400): interfmt=200000001, stride=1088, size=8486912, usage=0xb00
08-03 15:05:43.698   430  1907 I gralloc : alloc_device_alloc:564: Alloc handle(0x7eb44baf00): interfmt=200000001, stride=1088, size=8486912, usage=0xb00
08-03 15:05:43.699   430  1907 I gralloc : alloc_device_alloc:564: Alloc handle(0x7eb9856600): interfmt=200000001, stride=1088, size=8486912, usage=0xb00
08-03 15:05:43.793   430  5973 I gralloc : alloc_device_free:586: Free handle(0x7eb9856700)
08-03 15:05:43.793   430  5973 I gralloc : alloc_device_free:586: Free handle(0x7eb9841300)
08-03 15:05:44.103   569   569 I Pged-IPgedBinderService: hwpged receiveBastetAction, pid: 4805, action: 1, reserve: 0
08-03 15:05:44.104  1535  1546 I PgedBinderListener: net callback uids list:[-1, 4805]
08-03 15:05:44.104  1535  1774 I ash     : recordCanProxyApps: state: -1, pid: 4805
08-03 15:05:44.106  1058  1563 I chatty  : uid=1000(system) Binder:1058_7 expire 20 lines
08-03 15:05:44.106  4805  4820 I PushLog2824: [ReceiverDispatcher-333]startPushBastetProxy success(android/null:-1)
08-03 15:05:44.115   430   430 I gralloc : alloc_device_free:586: Free handle(0x7eb9856300)
08-03 15:05:44.116  4805  4820 I PushLog2824: [ReceiverDispatcher-333]read to Send:DA(android/null:-1)
08-03 15:05:44.117  4805  4820 I PushLog2824: [ReceiverDispatcher-333]send msg to remote srv success(android/null:-1)
08-03 15:05:44.134  4805 12961 I PushLog2824: [SocketRead_15:05:43-445]received a msg cmdId:DB(android/null:-1)
08-03 15:05:44.141  4805 12961 I PushLog2824: [SocketRead_15:05:43-445]broadcast(),and mReceivers  4(android/null:-1)
08-03 15:05:44.526  1491  8384 W PhoneInterfaceManager: shouldBlockLocation running ...
08-03 15:05:44.527  1491  8384 I PhoneInterfaceManager: shouldBlockLocation  ret:false
08-03 15:05:44.529  1058  3243 I chatty  : uid=1000(system) Timer-5 expire 1 line
08-03 15:05:44.531  1813  2914 I NCCHR_NcLogCollectServiceImpl: getUserType = 1
08-03 15:05:44.531  1813  4071 I NCCHR_NcLogCollectServiceImpl: getUserType = 1
08-03 15:05:44.539  1491  8389 W PhoneInterfaceManager: shouldBlockLocation running ...
08-03 15:05:44.539  1491  8389 I PhoneInterfaceManager: shouldBlockLocation  ret:false
08-03 15:05:44.548  1813  1825 I NCCHR_NcLogCollectServiceImpl: getUserType = 1
08-03 15:05:44.555  1813  2517 I NCCHR_NcLogCollectServiceImpl: getUserType = 1
08-03 15:05:44.563  1813  1826 I NCCHR_NcLogCollectServiceImpl: getUserType = 1
08-03 15:05:44.564  1813  1834 I NCCHR_NcLogCollectService: ChrLogServiceHandler msg = 1 received
08-03 15:05:44.564  1813  1835 I NCCHR_LogDatabaseNc: msg = 1 received
08-03 15:05:44.566  1813  1834 I NCCHR_NcLogCollectService: ChrLogServiceHandler msg = 2 received
08-03 15:05:44.566  1813  1834 I NCCHR_NcLogCollectService: ChrLogServiceHandler msg = 4 received
08-03 15:05:44.566  1813  1835 I NCCHR_LogDatabaseNc: msg = 2 received
08-03 15:05:44.566  1813  1835 I NCCHR_LogDatabaseNc: msg = 5 received
08-03 15:05:44.568  1813  1835 I System.out: [chown, system.log, /log/nc_chr/gps/GPS_CHR_NXT-TL00_+zWxui8VBotYMX3bALRHv5lpL0t26XvuT$NrWd54hzU=_20170803122615.log]
08-03 15:05:44.568  1813  1835 I System.out: null
08-03 15:05:44.568  1813  1835 I System.out: null
08-03 15:05:44.568  1813  1835 I System.out: Calling by::className:com.huawei.lcagent.util.FileUtils  MethodName:runCommand
08-03 15:05:44.576  1813  1835 I System.out: [chmod, 640, /log/nc_chr/gps/GPS_CHR_NXT-TL00_+zWxui8VBotYMX3bALRHv5lpL0t26XvuT$NrWd54hzU=_20170803122615.log]
08-03 15:05:44.576  1813  1835 I System.out: null
08-03 15:05:44.576  1813  1835 I System.out: null
08-03 15:05:44.576  1813  1835 I System.out: Calling by::className:com.huawei.lcagent.util.FileUtils  MethodName:runCommand
08-03 15:05:44.662 12056 13009 W ChimeraUtils: Non Chimera context
08-03 15:05:44.684 12056 12099 I Icing   : Storage manager: low false usage 1.80MB avail 15.54GB capacity 24.63GB
08-03 15:05:44.770 12056 12099 I native  : task-context.cc:62 SetParameter(language_identifier_embedding_dims, 16;16;4;16;16)
08-03 15:05:44.770 12056 12099 I native  : task-context.cc:62 SetParameter(language_identifier_embedding_names, bigrams;quadgrams;relevant-scripts;trigrams;unigrams)
08-03 15:05:44.770 12056 12099 I native  : task-context.cc:62 SetParameter(language_identifier_features, continuous-bag-of-ngrams(include_terminators=true,include_spaces=false,use_equal_weight=false,id_dim=1000,size=2);continuous-bag-of-ngrams(include_terminators=true,include_spaces=false,use_equal_weight=false,id_dim=5000,size=4);continuous-bag-of-relevant-scripts;continuous-bag-of-ngrams(include_terminators=true,include_spaces=false,use_equal_weight=false,id_dim=5000,size=3);continuous-bag-of-ngrams(include_terminators=true,include_spaces=false,use_equal_weight=false,id_dim=100,size=1))
08-03 15:05:44.770 12056 12099 I native  : task-context.cc:62 SetParameter(language_identifier_predicate_maps, none;none;none;none;none)
08-03 15:05:44.770 12056 12099 I native  : task-context.cc:62 SetParameter(neurosis_feature_syntax_version, 2)
08-03 15:05:44.770 12056 12099 I native  : task-context.cc:62 SetParameter(reliability_thresh, 0.7)
08-03 15:05:44.770 12056 12099 I native  : task-context.cc:62 SetParameter(document_analyzer, saft)
08-03 15:05:44.772 12056 12099 I native  : model-api.cc:44 Registered model under key tmp-segmentation-model
08-03 15:05:44.773 12056 12099 I native  : task-context.cc:62 SetParameter(MODEL-KEY-1@%, tmp-segmentation-model)
08-03 15:05:44.883 12056 12099 I native  : task-context.cc:62 SetParameter(segmentation-model-provider-#%12, model-provider-from-file-/data/user/0/com.google.android.gms/files/data_storage/44301981421363)
08-03 15:05:44.884 12056 12099 W Icing   : city name for address is empty or is not existed. 
08-03 15:05:44.884 12056 12099 W Icing   : street name for address is empty or is not existed. 
08-03 15:05:44.884 12056 12099 W Icing   : transportation_script_path is empty
08-03 15:05:44.890 12056 12099 W Icing   : Words file  does not exist!
08-03 15:05:44.890 12056 12099 W Icing   : WordsMap was not properly initialized
08-03 15:05:44.919   584  2042 E iMonitor: [M/listen_server] dsm_stat_mm has error (924003001) reported
08-03 15:05:44.919   584  2042 E iMonitor: [M/listen_server] action-0, cname-dsm_stat_mm, info-0
08-03 15:05:44.919   584  2042 E iMonitor: [M/dsm_dump_error] dsm_stat_mm finish dump 44 bytes
08-03 15:05:44.932 12056 12099 I Icing   : MaintenanceDriver: Registering all GCM Tasks.
08-03 15:05:44.937   584  2042 E iMonitor: [M/listen_server] Enter select
08-03 15:05:44.953 12056 12099 I SendBroadcastPermission: action:com.google.android.gms.gcm.ACTION_SCHEDULE, mPermissionType:0
08-03 15:05:44.962 12056 12099 W System  : ClassLoader referenced unknown path: 
08-03 15:05:44.964 12056 12099 I DynamiteModule: Considering local module com.google.android.gms.googlecertificates:4 and remote module com.google.android.gms.googlecertificates:4
08-03 15:05:44.964 12056 12099 I DynamiteModule: Selected local version of com.google.android.gms.googlecertificates
08-03 15:05:45.005  2156 13017 I SendBroadcastPermission: action:com.huawei.appmarket.service.downloadservice.Receiver, mPermissionType:0
08-03 15:05:45.007  2201  2201 I HwLauncher: LauncherDownloadModel onReceive intent=Intent { act=com.huawei.appmarket.service.downloadservice.Receiver flg=0x10 }
08-03 15:05:45.007  2201  2201 W HwLauncher: get getBundleExtra with downloadtask all return null!
08-03 15:05:45.072 12056 12099 I Icing   : updateResources: need to parse tmm{com.google.android.gms}
08-03 15:05:45.096  1058  1186 I chatty  : uid=1000(system) WifiStateMachin expire 15 lines
08-03 15:05:45.097  1813  2517 W Ptm.AbnormalObserver: unhandled mesg: 4008
08-03 15:05:45.177  1058  1058 I chatty  : uid=1000 system_server expire 18 lines
08-03 15:05:45.192  7964 13004 I SendBroadcastPermission: action:com.google.android.gcm.CONNECTED, mPermissionType:0
08-03 15:05:45.277 12056 12061 I art     : Do partial code cache collection, code=30KB, data=27KB
08-03 15:05:45.277 12056 12061 I art     : After code cache collection, code=30KB, data=27KB
08-03 15:05:45.277 12056 12061 I art     : Increasing code cache capacity to 128KB
08-03 15:05:45.362 12887 12940 E hilinkService: Network: WIFI!
08-03 15:05:45.458 12056 12099 I Icing   : Not sending global search app notification. Search app not installed or not signed properly.
08-03 15:05:45.475 12056 12099 I Icing   : Internal init done: storage state 0
08-03 15:05:45.547 12056 12099 I Icing   : Post-init done
08-03 15:05:45.574   568   568 E Thermal-daemon: [charger_ic] temp_new :27  temp_old :26
08-03 15:05:45.574   568   568 E Thermal-daemon: Report temperature: [charger_ic] temp :27  report_threshold:1
08-03 15:05:45.575   568   568 E Thermal-daemon: [flash_led] temp_new :28  temp_old :27
08-03 15:05:45.575   568   568 E Thermal-daemon: Report temperature: [flash_led] temp :28  report_threshold:1
08-03 15:05:45.576   568   568 E Thermal-daemon: [ap] temp_new :28  temp_old :27
08-03 15:05:45.576   568   568 E Thermal-daemon: Report temperature: [ap] temp :28  report_threshold:1
08-03 15:05:45.579 12056 12099 I Icing   : Performing maintenance.
08-03 15:05:45.690 12056 12099 I Icing   : updateResources: need to parse tmm{com.google.android.gms}
08-03 15:05:45.842 12056 12099 W Icing   : isOptedInForAppHistory: empty Account Name encountered
08-03 15:05:45.854 12056 12099 I Icing   : Performing maintenance usage 1891895 budget 7794042651 free 99.976% index free 99.944% purge? false target 2381915924
08-03 15:05:45.857  1568  1568 W HwSystemManager: HsmWifiDetectManager:handleMessage: Wifi secure is disabled ,drop it
08-03 15:05:45.861 12887 12940 E hilinkService: Network: WIFI!
08-03 15:05:45.920 12056 12099 I Icing   : Flash index sort hb 6 prefix-hits 6 -> 6 at 0.521ms
08-03 15:05:45.920   584  2042 E iMonitor: [M/listen_server] dsm_stat_mm has error (924003001) reported
08-03 15:05:45.920   584  2042 E iMonitor: [M/listen_server] action-0, cname-dsm_stat_mm, info-0
08-03 15:05:45.920   584  2042 E iMonitor: [M/dsm_dump_error] dsm_stat_mm finish dump 44 bytes
08-03 15:05:45.924   584  2042 E iMonitor: [M/listen_server] Enter select
08-03 15:05:45.974 12056 13032 I Icing   : Query from com.google.android.gms package restrict com.google.android.gms start 0 num 100
08-03 15:05:46.045  1374  1374 I NetworkSpeedManagerEx: mIsStop = false
08-03 15:05:46.046  1374  1374 I NetworkSpeedManagerEx: mIsStop = false
08-03 15:05:46.047  1374  1374 I NetworkSpeedManagerEx:  value = 5310.6665
08-03 15:05:46.048  1374  1374 I NetworkSpeedManagerEx: speed = 5.2K/s
08-03 15:05:46.048  1374  1374 I NetworkSpeedView: /update(), speed=5.2K/s parent class:class com.android.systemui.statusbar.HwSystemIcons
08-03 15:05:46.049  1374  1374 I NetworkSpeedManagerEx:  value = 5310.6665
08-03 15:05:46.051  1374  1374 I NetworkSpeedManagerEx: speed = 5.2K/s
08-03 15:05:46.051  1374  1374 I NetworkSpeedView: /update(), speed=5.2K/s parent class:class com.android.systemui.statusbar.HwSystemIcons
08-03 15:05:46.070 12056 12099 I Icing   : Usage reports 0 indexed 0 rejected 0 imm upload false
08-03 15:05:46.090 12056 12099 I Icing   : Usage reports 0 indexed 0 rejected 0 imm upload false
08-03 15:05:46.092  2306  2306 W System.err: java.lang.ClassNotFoundException: android.view.HardwareRenderer
08-03 15:05:46.094  2306  2306 W System.err: 	at java.lang.Class.classForName(Native Method)
08-03 15:05:46.094  2306  2306 W System.err: 	at java.lang.Class.forName(Class.java:400)
08-03 15:05:46.094  2306  2306 W System.err: 	at java.lang.Class.forName(Class.java:326)
08-03 15:05:46.094  2306  2306 W System.err: 	at org.chromium.android_webview.ExecuteHardwareAction.initReflectionClassAndMethod(ExecuteHardwareAction.java:42)
08-03 15:05:46.094  2306  2306 W System.err: 	at org.chromium.android_webview.ExecuteHardwareAction.<init>(ExecuteHardwareAction.java:31)
08-03 15:05:46.094  2306  2306 W System.err: 	at com.baidu.zeus.WebViewChromium.<init>(WebViewChromium.java:222)
08-03 15:05:46.094  2306  2306 W System.err: 	at com.baidu.zeus.WebViewChromiumFactoryProvider.createWebView(WebViewChromiumFactoryProvider.java:1102)
08-03 15:05:46.094  2306  2306 W System.err: 	at com.baidu.webkit.sdk.WebView.ensureProviderCreated(Unknown Source)
08-03 15:05:46.094  2306  2306 W System.err: 	at com.baidu.webkit.sdk.WebView.initWebView(Unknown Source)
08-03 15:05:46.094  2306  2306 W System.err: 	at com.baidu.webkit.sdk.WebView.<init>(Unknown Source)
08-03 15:05:46.094  2306  2306 W System.err: 	at com.baidu.webkit.sdk.WebView.<init>(Unknown Source)
08-03 15:05:46.094  2306  2306 W System.err: 	at com.baidu.webkit.sdk.WebView.<init>(Unknown Source)
08-03 15:05:46.094  2306  2306 W System.err: 	at com.baidu.webkit.sdk.WebView.<init>(Unknown Source)
08-03 15:05:46.094  2306  2306 W System.err: 	at com.baidu.webkit.sdk.WebView.<init>(Unknown Source)
08-03 15:05:46.094  2306  2306 W System.err: 	at com.baidu.browser.sailor.webkit.BdWebView.<init>(Unknown Source)
08-03 15:05:46.094  2306  2306 W System.err: 	at com.baidu.browser.sailor.BdSailorWebView.<init>(Unknown Source)
08-03 15:05:46.094  2306  2306 W System.err: 	at com.baidu.browser.sailor.feature.c.a.e(Unknown Source)
08-03 15:05:46.094  2306  2306 W System.err: 	at com.baidu.browser.sailor.feature.c.a.a(Unknown Source)
08-03 15:05:46.094  2306  2306 W System.err: 	at com.baidu.browser.sailor.feature.c.c.run(Unknown Source)
08-03 15:05:46.095  2306  2306 W System.err: 	at android.os.Handler.handleCallback(Handler.java:755)
08-03 15:05:46.095  2306  2306 W System.err: 	at android.os.Handler.dispatchMessage(Handler.java:95)
08-03 15:05:46.095  2306  2306 W System.err: 	at android.os.Looper.loop(Looper.java:156)
08-03 15:05:46.095  2306  2306 W System.err: 	at android.app.ActivityThread.main(ActivityThread.java:6524)
08-03 15:05:46.095  2306  2306 W System.err: 	at java.lang.reflect.Method.invoke(Native Method)
08-03 15:05:46.095  2306  2306 W System.err: 	at com.android.internal.os.ZygoteInit$MethodAndArgsCaller.run(ZygoteInit.java:941)
08-03 15:05:46.095  2306  2306 W System.err: 	at com.android.internal.os.ZygoteInit.main(ZygoteInit.java:831)
08-03 15:05:46.095  2306  2306 W System.err: Caused by: java.lang.ClassNotFoundException: Didn't find class "android.view.HardwareRenderer" on path: DexPathList[[zip file "/data/app/com.baidu.searchbox-1/lib/arm/libcom.baidu.zeus.so"],nativeLibraryDirectories=[/data/user/0/com.baidu.searchbox/files/zeus/libs, /data/app/com.baidu.searchbox-1/lib/arm, /system/lib, /vendor/lib, /system/vendor/lib, /product/lib]]
08-03 15:05:46.096  2306  2306 W System.err: 	at dalvik.system.BaseDexClassLoader.findClass(BaseDexClassLoader.java:56)
08-03 15:05:46.096  2306  2306 W System.err: 	at java.lang.ClassLoader.loadClass(ClassLoader.java:380)
08-03 15:05:46.096  2306  2306 W System.err: 	at java.lang.ClassLoader.loadClass(ClassLoader.java:312)
08-03 15:05:46.096  2306  2306 W System.err: 	... 26 more
08-03 15:05:46.129   584  2042 E iMonitor: [M/listen_server] dsm_stat_mm has error (924003001) reported
08-03 15:05:46.129   584  2042 E iMonitor: [M/listen_server] action-0, cname-dsm_stat_mm, info-0
08-03 15:05:46.129   584  2042 E iMonitor: [M/dsm_dump_error] dsm_stat_mm finish dump 45 bytes
08-03 15:05:46.170  2306  2306 W cr_AwContents: onDetachedFromWindow called when already detached. Ignoring
08-03 15:05:46.172  2306  2306 I zeusvideo: ZeusPluginManager@@addZeusPluginFactory : com.baidu.zeus.plugin.ArPlayerFactoryWrap@215af7d
08-03 15:05:46.228   584  2042 E iMonitor: [M/listen_server] Enter select
08-03 15:05:46.362 12887 12940 E hilinkService: Network: WIFI!
08-03 15:05:46.395  2306  2306 W cr_BindingManager: Cannot call determinedVisibility() - never saw a connection for the pid: 2306
08-03 15:05:46.442  3885  3885 I SendBroadcastPermission: action:null, mPermissionType:0
08-03 15:05:46.458  2306  5122 I ICUA    : Load ucnv_getName_56 complete!
08-03 15:05:46.639  2306  2306 I chromium: [INFO:CONSOLE(102)] "Unexpected end of input", source: http://m.baidu.com/static/search/bdbrowser/antihijack_new.html (102)
08-03 15:05:46.640  2306  2306 I chromium: [INFO:CONSOLE(111)] "{"use":false,"content":""}", source: http://m.baidu.com/static/search/bdbrowser/antihijack_new.html (111)
08-03 15:05:46.864 12887 12887 E hilinkService: HilinkService-onDestroy
08-03 15:05:46.865 12887 12887 E hilinkService: enter connectivity_finish!
08-03 15:05:46.866 12887 12887 E hilinkService: write my pipe success
08-03 15:05:46.866 12887 12887 E hilinkService: exit connectivity_finish!
08-03 15:05:46.866 12887 12887 E hilinkService: JNI DeleteGlobalRef success
08-03 15:05:46.866 12887 12887 E hilinkService: JNIService_hilinkCoreFinish success!
08-03 15:05:46.866 12887 12939 E hilinkService: handle_hilink_service_hosting_finish successfully
08-03 15:05:46.866 12887 12938 E hilinkService: connectivity should exit
08-03 15:05:46.866 12887 12938 E hilinkService: leave mcast group success!
08-03 15:05:46.866 12887 12938 E hilinkService: exit connectivity thread
08-03 15:05:47.006  1813  1825 I NCCHR_NcLogCollectServiceImpl: getUserType = 1
08-03 15:05:49.049  1374  1374 I NetworkSpeedManagerEx: mIsStop = false
08-03 15:05:49.052  1374  1374 I NetworkSpeedManagerEx: mIsStop = false
08-03 15:05:49.052  1374  1374 I NetworkSpeedManagerEx:  value = 8322.0
08-03 15:05:49.054  1374  1374 I NetworkSpeedManagerEx: speed = 8.1K/s
08-03 15:05:49.055  1374  1374 I NetworkSpeedView: /update(), speed=8.1K/s parent class:class com.android.systemui.statusbar.HwSystemIcons
08-03 15:05:49.056  1374  1374 I NetworkSpeedManagerEx:  value = 8322.0
08-03 15:05:49.057  1374  1374 I NetworkSpeedManagerEx: speed = 8.1K/s
08-03 15:05:49.057  1374  1374 I NetworkSpeedView: /update(), speed=8.1K/s parent class:class com.android.systemui.statusbar.HwSystemIcons
08-03 15:05:53.284  1374  1374 W NotificationContentView: getMinContentHeightHint::mContractedChild is null
08-03 15:05:53.285  1374  1374 W NotificationContentView: getMinContentHeightHint::mContractedChild is null
08-03 15:05:53.287  1374  1374 W NotificationContentView: getMinContentHeightHint::mContractedChild is null
08-03 15:05:53.287  1374  1374 W NotificationContentView: getMinContentHeightHint::mContractedChild is null
08-03 15:05:53.568 12667 12667 I usbreceiver: Intent: Intent { act=android.hardware.usb.action.USB_STATE flg=0x30000010 cmp=com.huawei.vdrive/com.realvnc.mirrorlinktogo.implementation.android.receiver.USBReceiver (has extras) }
08-03 15:05:53.568 12667 12667 I usbreceiver: Recognised extras: connected adb 
08-03 15:05:53.597  2615  2615 I HWSERVICES: hwnative_get_component:libstagefright,Scanner
08-03 15:05:53.598  2615  2615 I StagefrightMediaScannerEx: StagefrightMediaScanner Constructor
08-03 15:05:53.600  2615  2615 I HWSERVICES: hwnative_get_component_mtpServer  comes...
08-03 15:05:53.601  2615  2615 I HwMtpServerExJNI: set MtpServerEx 0x71d2f7f800
08-03 15:05:53.601  2615  2615 I HwMtpServerExJNI: Finish to setup MtpServer
08-03 15:05:53.604  2615  2615 E HwMtpServerExJNI: void android_mtp_MtpServerEx_add_storage(JNIEnv *, jobject, jobject), line 149: descriptionStr = 内部存储
08-03 15:05:53.604  2615  2615 I HWSERVICES: hwnative_get_component_mtpStorage  comes...
08-03 15:05:53.613  3885  3913 I SendBroadcastPermission: action:com.tencent.mm.plugin.report.service.KVCommCrossProcessReceiver, mPermissionType:0
08-03 15:05:53.678 12667 12667 I usbreceiver: Intent: Intent { act=android.hardware.usb.action.USB_STATE flg=0x30000010 cmp=com.huawei.vdrive/com.realvnc.mirrorlinktogo.implementation.android.receiver.USBReceiver (has extras) }
08-03 15:05:53.678 12667 12667 I usbreceiver: Recognised extras: connected configured adb 
08-03 15:05:53.725   430   430 I gralloc : alloc_device_free:586: Free handle(0x7eb9841a00)
08-03 15:05:54.321  1374  1374 W StatusBarWindowManager: Apply window Height 72
08-03 15:05:54.323  1374  1374 I PanelBar: panelExpansionChanged 0.0, false
08-03 15:05:54.324  1374  1374 I PanelBar: panelExpansionChanged 0.0, false
08-03 15:05:54.372   430  1262 I gralloc : alloc_device_alloc:564: Alloc handle(0x7eb980ff00): interfmt=1, stride=704, size=2940928, usage=0x333
08-03 15:05:54.372   430   444 I gralloc : alloc_device_free:586: Free handle(0x7eb980ff00)
08-03 15:05:54.380  2201  2201 I HwLauncher: Launcher  onNewIntent mIsToUninstallApp = false,mIsLoading = false
08-03 15:05:54.381  2201  2201 I HwLauncher: Launcher  onNewIntent alreadyOnHome = false, touchActive = false
08-03 15:05:54.381  2201  2201 I HwLauncher: Workspace  changeState() fromState = NORMAL_MODE, toState = NORMAL_MODE, animated = false, delay = 40
08-03 15:05:54.381  2201  2201 W HwLauncher: Workspace  changeState() state no change.
08-03 15:05:54.381  2201  2201 I HwLauncher: Launcher  onNewIntent end
08-03 15:05:54.383  1813  2608 W Ptm.AbnormalObserver: unhandled mesg: 4005
08-03 15:05:54.385  2201  2201 I HwLauncher: Launcher onStart()
08-03 15:05:54.385  2201  2201 I HwLauncher: Launcher dynamicIconsRegister
08-03 15:05:54.385  2201  2201 I HwLauncher: DynamicUpdater registerReceiver
08-03 15:05:54.387  2201  2201 I HwLauncher: DynamicUpdater call updateFolder
08-03 15:05:54.387  2201  2201 I HwLauncher: DynamicIcon onResume  isvisible = false   mAttachedToWindow:true    mWindowVisible:falsecom.android.deskclock
08-03 15:05:54.387  2201  2201 I HwLauncher: DynamicUpdater registerReceiver
08-03 15:05:54.387  2201  2358 E HwLauncher: SettingsEx , no such field.
08-03 15:05:54.387  2201  2358 W HwLauncher: Clock getDataFormat the getSystemString failed.
08-03 15:05:54.388  2201  2201 I HwLauncher: DynamicUpdater call updateFolder
08-03 15:05:54.388  2201  2201 I HwLauncher: DynamicIcon onResume  isvisible = true   mAttachedToWindow:false    mWindowVisible:falsecom.huawei.android.totemweather
08-03 15:05:54.388  2201  2201 I HwLauncher: DynamicUpdater registerReceiver
08-03 15:05:54.388  2201  2358 I HwLauncher: WeatherDynamicUpdater positiveUpdate at WeatherDynamicUpdater
08-03 15:05:54.392  2201  2201 I HwLauncher: DynamicUpdater call updateFolder
08-03 15:05:54.392  2201  2201 I HwLauncher: DynamicIcon onResume  isvisible = false   mAttachedToWindow:true    mWindowVisible:falsecom.android.calendar
08-03 15:05:54.392  2201  2201 I HwLauncher: Launcher  Launcher.onStart() cost 7 ms
08-03 15:05:54.392  1584  1595 I TotemWeather: Utils info:launcherIntent for weather DynamicIcon
08-03 15:05:54.392  1584  1595 I TotemWeather: Utils info:getWidgetShowCityInfo return myLocation
08-03 15:05:54.392  2201  2201 I HwLauncher: Launcher onResume()
08-03 15:05:54.392  2201  2201 I HwLauncher: Launcher doResumeWork()
08-03 15:05:54.393  1584  1595 I SendBroadcastPermission: action:com.huawei.android.action.launcher_weather_icon_change, mPermissionType:0
08-03 15:05:54.394  2201  2201 I HwLauncher: Launcher  onResume mIsToUninstallApp = false
08-03 15:05:54.394  2201  2201 I HwLauncher: Launcher  Launcher hot start cost 9 ms
08-03 15:05:54.406  1584 13077 I TotemWeather: WeatherService info:processIntent action =com.huawei.android.action.NOTIFY_STATE
