int logctl_get(): open '/dev/hwlog_switch' fail -1, 13. Permission denied

Note: log switch off, only log_main and log_events will have logs!
--------- beginning of crash
08-03 13:54:03.205  7177  7177 F libc    : CANNOT LINK EXECUTABLE "sh": "/vendor/lib/libc++.so" is 32-bit instead of 64-bit
08-03 13:54:03.205  7177  7177 F libc    : Fatal signal 6 (SIGABRT), code -6 in tid 7177 (sh)
08-03 13:54:03.272  7178  7178 F DEBUG   : *** *** *** *** *** *** *** *** *** *** *** *** *** *** *** ***
08-03 13:54:03.272  7178  7178 F DEBUG   : Build fingerprint: 'HUAWEI/NXT-TL00/HWNXT:7.0/HUAWEINXT-TL00/C01B575:user/release-keys'
08-03 13:54:03.272  7178  7178 F DEBUG   : Revision: '0'
08-03 13:54:03.272  7178  7178 F DEBUG   : ABI: 'arm64'
08-03 13:54:03.272  7178  7178 F DEBUG   : pid: 7177, tid: 7177, name: sh  >>> sh <<<
08-03 13:54:03.272  7178  7178 F DEBUG   : signal 6 (SIGABRT), code -6 (SI_TKILL), fault addr --------
08-03 13:54:03.272  7178  7178 F DEBUG   :     x0   0000000000000000  x1   0000000000001c09  x2   0000000000000006  x3   0000000000000008
08-03 13:54:03.272  7178  7178 F DEBUG   :     x4   ffffffffffffffff  x5   0000000000000000  x6   8000000000808080  x7   7368612c33351f65
08-03 13:54:03.272  7178  7178 F DEBUG   :     x8   0000000000000083  x9   ffffffffffffffdf  x10  0000000000000000  x11  0000000000000001
08-03 13:54:03.272  7178  7178 F DEBUG   :     x12  ffffffffffffffff  x13  0000000000000000  x14  0000000000000000  x15  000310de70d76fcb
08-03 13:54:03.272  7178  7178 F DEBUG   :     x16  0000007fc9f9b6f0  x17  0000007fc9f9b5bf  x18  00000000ffffffff  x19  0000007ad7a2cb40
08-03 13:54:03.272  7178  7178 F DEBUG   :     x20  0000000000000006  x21  0000007ad7a2ca98  x22  0000000000000000  x23  0000000000000003
08-03 13:54:03.272  7178  7178 F DEBUG   :     x24  0000000000000000  x25  0000007fc9f9c350  x26  0000007fc9f9c370  x27  0000007ad7a28348
08-03 13:54:03.272  7178  7178 F DEBUG   :     x28  0000007ad7a28258  x29  0000007fc9f9c1c0  x30  0000007ad79ee1f4
08-03 13:54:03.272  7178  7178 F DEBUG   :     sp   0000007fc9f9c1a0  pc   0000007ad79eed24  pstate 0000000060000000
08-03 13:54:03.283  7178  7178 F DEBUG   : 
08-03 13:54:03.283  7178  7178 F DEBUG   : backtrace:
08-03 13:54:03.283  7178  7178 F DEBUG   :     #00 pc 0000000000073d24  /system/bin/linker64 (__dl_tgkill+8)
08-03 13:54:03.283  7178  7178 F DEBUG   :     #01 pc 00000000000731f0  /system/bin/linker64 (__dl_pthread_kill+64)
08-03 13:54:03.283  7178  7178 F DEBUG   :     #02 pc 0000000000066ce4  /system/bin/linker64 (__dl_raise+24)
08-03 13:54:03.283  7178  7178 F DEBUG   :     #03 pc 00000000000646b8  /system/bin/linker64 (__dl_abort+52)
08-03 13:54:03.283  7178  7178 F DEBUG   :     #04 pc 000000000006686c  /system/bin/linker64 (__dl___libc_fatal+104)
08-03 13:54:03.283  7178  7178 F DEBUG   :     #05 pc 000000000000fe98  /system/bin/linker64 (__dl__ZL29__linker_init_post_relocationR19KernelArgumentBlocky+3668)
08-03 13:54:03.283  7178  7178 F DEBUG   :     #06 pc 000000000000efa4  /system/bin/linker64 (__dl___linker_init+528)
08-03 13:54:03.283  7178  7178 F DEBUG   :     #07 pc 0000000000006e78  /system/bin/linker64 (_start+4)
--------- beginning of main
08-03 15:05:36.641  1584  1596 I SendBroadcastPermission: action:com.huawei.android.action.launcher_weather_icon_change, mPermissionType:0
08-03 15:05:36.645  1584 12759 I TotemWeather: WeatherService info:processIntent action =com.huawei.android.action.NOTIFY_STATE
08-03 15:05:36.645   570   831 I         : mempoolcfg case CLEAR_ALL, virtual void android::MTMemoryPool::MemHandler::handleMessage(const android::Message &)
08-03 15:05:36.645  1584 12759 I TotemWeather: DeviceStateListener info:onTaskStateChanged->taskType:1, taskState:1
08-03 15:05:36.645  1584 12759 I TotemWeather: DeviceStateListener info:checkWeatherInfoTimeOut: weather update befor an hour,create 
08-03 15:05:36.645  1584 12759 I TotemWeather: DeviceStateListener info:createTaskByHost->host:auto
08-03 15:05:36.647  1584 12759 I TotemWeather: WeatherService info:processIntent action =com.huawei.android.action.REQUEST_WEATHER
08-03 15:05:36.649  1584 12759 I TotemWeather: DeviceStateListener info:setMyCityChanged->changed:false
08-03 15:05:36.649  1584 12759 I TotemWeather: WeatherTaskController info:addWeatherTask->citycode= null
08-03 15:05:36.649  1584 12759 I TotemWeather: WeatherTaskController info:shouldAddTask->task type:auto
08-03 15:05:36.649  1584 12759 I TotemWeather: WeatherTaskController info:info task not Add to tasklist or retry task list, add to mTaskList
08-03 15:05:36.649  1584 12759 I TotemWeather: WeatherTaskController info:addWeatherTask->add this task to mTaskList:null
08-03 15:05:36.651  1584  2427 W TotemWeather: WeatherTaskController warn: the network is not avalble right now, or task is cancel
08-03 15:05:36.654  1584  1646 I TotemWeather: WeatherTaskController info:handleMessage state = 5 , info = cityId : 1,erroNo = 5, host= auto
08-03 15:05:36.654  1584  1646 I TotemWeather: WeatherManager info:WeatherManager. isNetAvaialble=false
08-03 15:05:36.684  2201  2201 I HwLauncher: DynamicUpdater call updateFolder
08-03 15:05:36.687  2201  2389 I OpenGLRenderer: Initialized EGL, version 1.4
08-03 15:05:36.688  2201  2201 I TotemWeather: DateTimeView info:,Time =3:05,[:] timezone=中国标准时间
08-03 15:05:36.690  2201  2201 I TotemWeather: DateTimeView info:updateNextData nextTime: 24311
08-03 15:05:36.699  1584 12759 I SendBroadcastPermission: action:com.huawei.android.action.WEATHER_CHANGE, mPermissionType:0
08-03 15:05:36.721  1374  1374 I HwResourcesImpl: load icon id : 7f030000, pkgName : com.huawei.camera
08-03 15:05:36.721  1374  1374 W CfgFilePolicy: No config file found for:/themes/diff/icons
08-03 15:05:36.721  1374  1374 W CfgFilePolicy: CFG_DIRS length : 9
08-03 15:05:36.723  1374  1374 I HwResourcesImpl: icon : com.huawei.camera found in theme
08-03 15:05:36.727  1374  1374 I EventCenter: EventCenter Get :com.huawei.android.action.WEATHER_CHANGE
08-03 15:05:36.735  2201  2201 I TotemWeather: WidgetDataManager info:getLightColorType : 3
08-03 15:05:36.737  2201  2201 I TotemWeather: DateTimeView info:updateNextData nextTime: 0
08-03 15:05:36.738  1584  1646 I SendBroadcastPermission: action:com.huawei.android.action.WEATHER_CHANGE, mPermissionType:0
08-03 15:05:36.739  2201  2201 I TotemWeather: DateTimeView info:updateNextData nextTime: 0
08-03 15:05:36.739  2201  2201 I HwLauncher: WeatherDynamicUpdater receive action = com.huawei.android.action.launcher_weather_icon_change
08-03 15:05:36.739  2201  2358 I HwLauncher: WeatherDynamicUpdater receiver data is int[] = [0, 0, 4, 0, 2, 0, 0, 0] ; stringArray[] = [sunny, num3, num5, tempc] ; dynamic_gravity = center
08-03 15:05:36.739  2201  2358 I HwLauncher: WeatherDynamicUpdater update before : mDrawingData[0] = sunny:0, 0, 0
08-03 15:05:36.739  2201  2358 I HwLauncher: WeatherDynamicUpdater update before : mDrawingData[1] = num3:4, 0, 0
08-03 15:05:36.739  2201  2358 I HwLauncher: WeatherDynamicUpdater update before : mDrawingData[2] = num5:2, 0, 0
08-03 15:05:36.739  2201  2358 I HwLauncher: WeatherDynamicUpdater update before : mDrawingData[3] = tempc:0, 0, 0
08-03 15:05:36.739  2201  2358 I HwLauncher: WeatherDynamicUpdater  picNames.length not equal tmpMapList.size(), so no need to updatePreData... ; picNames.length = 4 , tmpMapList.size() = 0
08-03 15:05:36.740  1374  1374 I EventCenter: EventCenter Get :com.huawei.android.action.WEATHER_CHANGE
08-03 15:05:36.745  1584  1646 I TotemWeather: RetryTaskController info:RetryTaskController onTaskFailed, cityId = 1
08-03 15:05:36.746  2201  2201 I TotemWeather: WeatherDataObserver info:receive action = #Intent;action=com.huawei.android.action.WEATHER_CHANGE;launchFlags=0x10;i.status=2;S.EXTRA_REQUEST_WEATHER_HOST=auto;l._id=1;end
08-03 15:05:36.748  1584  1646 I TotemWeather: RetryTaskController info:enter checkRetryCountToMax
08-03 15:05:36.750  1584  1646 I TotemWeather: RetryTaskController info:when sendDelayedTask Screen is off or Network is unable
08-03 15:05:36.750  1584  1646 I TotemWeather: RetryTaskController info:canRequestDataSupplyServer is false, can not request DataSupply
08-03 15:05:36.750  2201  2201 I TotemWeather: DateTimeView info:,Time =3:05,[:] timezone=中国标准时间
08-03 15:05:36.755  1584 12760 I TotemWeather: WeatherService info:processIntent action =com.huawei.android.action.CITY_DATA_CHECK
08-03 15:05:36.755  2201  2201 I TotemWeather: DateTimeView info:updateNextData nextTime: 24245
08-03 15:05:36.756  2201  2201 I TotemWeather: WeatherDataObserver info:receive action = #Intent;action=com.huawei.android.action.WEATHER_CHANGE;launchFlags=0x10;i.status=32;S.EXTRA_REQUEST_WEATHER_HOST=auto;l._id=1;end
08-03 15:05:36.764  1374  1374 I PhoneStatusBarPolicy: updateBluetooth:::setBluetoothBatteryEnable false.
08-03 15:05:36.764  1374  1374 I PhoneStatusBarPolicy: updateBluetooth::bluetoothEnabled:false, bluetoothConnected=false, bluetoothTransfering=false
08-03 15:05:36.774  1374  1387 I art     : Background partial concurrent mark sweep GC freed 134956(8MB) AllocSpace objects, 52(9MB) LOS objects, 34% free, 30MB/46MB, paused 5.629ms total 47.256ms
08-03 15:05:36.803   430   430 I chatty  : uid=1000(system) /system/bin/surfaceflinger expire 25 lines
08-03 15:05:36.872  2201  2416 I TotemWeather: WeatherDataManager info:queryCityTaskImpl: my location is enable locateCity = Chaoyang District
08-03 15:05:36.941  2201  2201 I TotemWeather: WidgetDataManager info:getLightColorType : 3
08-03 15:05:36.943  2201  2201 I TotemWeather: DateTimeView info:updateNextData nextTime: 0
08-03 15:05:36.947  2201  2201 I TotemWeather: DateTimeView info:updateNextData nextTime: 0
08-03 15:05:36.954  2201  2201 I TotemWeather: DateTimeView info:,Time =3:05,[:] timezone=中国标准时间
08-03 15:05:36.958  2201  2201 I TotemWeather: DateTimeView info:updateNextData nextTime: 24043
08-03 15:05:37.159   584   639 E bdatd   : [SensorStat.cpp] setState# sensor not found
08-03 15:05:37.159   584   639 E bdatd   : [SensorStat.cpp] setState# sensor not found
08-03 15:05:37.159   584   639 E bdatd   : [SensorStat.cpp] setState# sensor not found
08-03 15:05:37.167   584   639 E bdatd   : [SensorStat.cpp] setState# sensor not found
08-03 15:05:37.185  1535  1774 I ash     : view remove pid:1460 uid:1000
08-03 15:05:37.198  2201  2201 I HwLauncher: Launcher.Utilities  unread scaledHeight = 51;sBigIconSize = 161
08-03 15:05:37.240  2201  2389 W OpenGLRenderer: Incorrectly called buildLayer on View: ShortcutAndWidgetContainer, destroying layer...
08-03 15:05:37.240  2201  2389 W OpenGLRenderer: Incorrectly called buildLayer on View: ShortcutAndWidgetContainer, destroying layer...
08-03 15:05:37.246  4752  4752 I SendBroadcastPermission: action:com.baidu.input.entry.launcer, mPermissionType:0
08-03 15:05:37.285  2615 12682 I HwMtpServerExJNI: cleanup MtpServerEx
08-03 15:05:37.285  2615 12682 I StagefrightMediaScannerEx: StagefrightMediaScanner destructor
08-03 15:05:37.331  1568  1773 I SendBroadcastPermission: action:com.huawei.systemmanager.action.POWER_STATISTIC, mPermissionType:0
08-03 15:05:37.373  1535  2364 I PGServer: checkPkgType. calling pkg: android
08-03 15:05:37.410  4515  4602 W HwSystemManager: PowerWarningParam:getValue value not exist in XML: high_level_for_freqapp_standard
08-03 15:05:37.452  7964  8057 I BluetoothAdapter: getBluetoothLeScanner
08-03 15:05:37.453  7964  8057 I NearbyDirect: MagicPairScanner: BluetoothLeScanner is null, Bluetooth might be off. Enabled=false
08-03 15:05:37.727  1813  1813 W Ptm.AbnormalObserver: unhandled mesg: 2006
08-03 15:05:37.744  1374  1374 I NetworkSpeedManagerEx: mIsNetworkSpeedEnabled = true, mIsAirplaneMode = false, mIsWifiConnected = false, mIsHasIccCard = false, mIsNetworkValid = false, mIsDataSwitchEnabled = true
08-03 15:05:37.747  1374  1374 I NetworkSpeedManagerEx: mIsNetworkSpeedEnabled = true, mIsAirplaneMode = false, mIsWifiConnected = false, mIsHasIccCard = false, mIsNetworkValid = false, mIsDataSwitchEnabled = true
08-03 15:05:37.756  1813  1813 W Ptm.AbnormalObserver: unhandled mesg: 2006
08-03 15:05:37.767  1374  1374 I NetworkSpeedManagerEx: mIsNetworkSpeedEnabled = true, mIsAirplaneMode = false, mIsWifiConnected = false, mIsHasIccCard = false, mIsNetworkValid = false, mIsDataSwitchEnabled = true
08-03 15:05:37.768  1460  1460 I chatty  : uid=1000(system) expire 19 lines
08-03 15:05:37.772  1374  1374 I NetworkSpeedManagerEx: mIsNetworkSpeedEnabled = true, mIsAirplaneMode = false, mIsWifiConnected = false, mIsHasIccCard = false, mIsNetworkValid = false, mIsDataSwitchEnabled = true
08-03 15:05:37.786  1058  1078 I chatty  : uid=1000(system) android.fg expire 5 lines
08-03 15:05:37.836  1374  1374 W NotificationContentView: getMinContentHeightHint::mContractedChild is null
08-03 15:05:37.836  1374  1374 W NotificationContentView: getMinContentHeightHint::mContractedChild is null
08-03 15:05:37.837  1374  1374 W NotificationContentView: getMinContentHeightHint::mContractedChild is null
08-03 15:05:37.837  1374  1374 W NotificationContentView: getMinContentHeightHint::mContractedChild is null
08-03 15:05:37.850 12667 12667 I usbreceiver: Intent: Intent { act=android.hardware.usb.action.USB_STATE flg=0x30000010 cmp=com.huawei.vdrive/com.realvnc.mirrorlinktogo.implementation.android.receiver.USBReceiver (has extras) }
08-03 15:05:37.850 12667 12667 I usbreceiver: Recognised extras: connected adb 
08-03 15:05:37.893 12667 12667 I usbreceiver: Intent: Intent { act=android.hardware.usb.action.USB_STATE flg=0x30000010 cmp=com.huawei.vdrive/com.realvnc.mirrorlinktogo.implementation.android.receiver.USBReceiver (has extras) }
08-03 15:05:37.893 12667 12667 I usbreceiver: Recognised extras: connected configured adb 
08-03 15:05:37.893  2615  2615 I HWSERVICES: hwnative_get_component:libstagefright,Scanner
08-03 15:05:37.894  2615  2615 I StagefrightMediaScannerEx: StagefrightMediaScanner Constructor
08-03 15:05:37.897  2615  2615 I HWSERVICES: hwnative_get_component_mtpServer  comes...
08-03 15:05:37.898  2615  2615 I HwMtpServerExJNI: set MtpServerEx 0x71d2f7f200
08-03 15:05:37.898  2615  2615 I HwMtpServerExJNI: Finish to setup MtpServer
08-03 15:05:37.907  2615  2615 E HwMtpServerExJNI: void android_mtp_MtpServerEx_add_storage(JNIEnv *, jobject, jobject), line 149: descriptionStr = 内部存储
08-03 15:05:37.907  2615  2615 I HWSERVICES: hwnative_get_component_mtpStorage  comes...
08-03 15:05:37.951  1374  1374 W NotificationContentView: getMinContentHeightHint::mContractedChild is null
08-03 15:05:37.951  1374  1374 W NotificationContentView: getMinContentHeightHint::mContractedChild is null
08-03 15:05:38.155   606   867 I audio_hw_primary: do_out_standby standby: 0, out_device: 2
08-03 15:05:38.175   606   867 I audio_hw_primary: select_devices++ mode[0]
08-03 15:05:38.175   606   867 I audio_hw_primary: output_device_id is 0, output_route is null;input_source_id is 0, input_route is null.
08-03 15:05:38.175   606   867 I MAX98925_SPK: set  MAX98925 SINGLE SPK POWER OFF
08-03 15:05:38.176   606   867 I MAX98925_SPK: MAX98925 SPK POWER OFF
08-03 15:05:38.176   606   867 I dsp_common: dsp_common_control_algo:set device = 0
08-03 15:05:38.176   606   867 I dsp_maxim_ctl: maxim_get_prop: get codec_name succ, codec_name = hi6402
08-03 15:05:38.176   606   867 I dsp_maxim_ctl: maxim_get_prop: get multi mic function enable succ, multi_mic_enable = 1
08-03 15:05:38.179   606   867 I dsp_codec_ctl: codec_adsp_send_sync_cmd:ioctl ret=0
08-03 15:05:38.179   606   867 I dsp_maxim_ctl: smartpa_control succ with value:0
08-03 15:05:38.179   606   867 I audio_hw_primary: notify hifi set route++
08-03 15:05:38.181   606   867 I audio_pop: pop change S4 OL SWITCH SWITCH dir 0
08-03 15:05:38.182   606   867 I audio_pop: pop change S4 OR SWITCH SWITCH dir 0
08-03 15:05:38.185   606   867 I audio_pop: pop change SP IL SWITCH SWITCH dir 0
08-03 15:05:38.185   606   867 I audio_pop: pop change SP IR SWITCH SWITCH dir 0
08-03 15:05:38.186   606   867 I audio_hw_primary: notify hifi set route--
08-03 15:05:38.186   606   867 I audio_hw_primary: source[0], mode[0]
08-03 15:05:38.186   606   867 I dsp_common: dsp_common_control_algo:set device = 0
08-03 15:05:38.187   606   867 I dsp_maxim_ctl: maxim_get_prop: get codec_name succ, codec_name = hi6402
08-03 15:05:38.187   606   867 I dsp_maxim_ctl: maxim_get_prop: get multi mic function enable succ, multi_mic_enable = 1
08-03 15:05:38.187   606   867 I audio_hw_primary: select_devices--
08-03 15:05:39.060  2201  2201 I HwLauncher: FPSMonitor  [Launcher , dispatchTouchEvent begin, false, true] down event  x = 593 y = 1336
08-03 15:05:39.060  2201  2201 I HwLauncher: Launcher workspaceTranslationX = 0.0
08-03 15:05:39.066  2201  2201 I HwLauncher: FPSMonitor  [PagedView , onIntercept] down event  x = 593 y = 1336
08-03 15:05:39.068  2201  2201 I HwLauncher: FPSMonitor  [Launcher , dispatchTouchEvent end, false, true] down event  x = 593 y = 1336
08-03 15:05:39.074  2201  2201 I HwLauncher:  FPSMonitor startScroll xMoved = false  xPaged = true xDiff =  37
08-03 15:05:39.130  2201  2201 I HwLauncher: FPSMonitor  [Launcher , dispatchTouchEvent begin, false, true] up event  x = 991 y = 1184
08-03 15:05:39.130  2201  2201 I HwLauncher: FPSMonitor  [PagedView , onTouchEvent] up event  x = 991 y = 1184
08-03 15:05:39.132  2201  2201 I HwLauncher:  FPSMonitor snapToPage whichPage = 1 delta = -731 duration = 240
08-03 15:05:39.133  2201  2201 I HwLauncher: FPSMonitor  [Launcher , dispatchTouchEvent end, false, true] up event  x = 991 y = 1184
08-03 15:05:39.334  1535  1774 I AlarmRestrict: gsf alarms! not resume alarm:com.google.android.gsf
08-03 15:05:39.335  1535  1774 I AlarmRestrict: gsf alarms! not resume alarm:com.google.android.gms
08-03 15:05:39.336  1535  1774 I BlackListAlarmRestrict: [resume] no net alarms
08-03 15:05:39.337  1535  1774 I BlackListAlarmRestrict: [resume] net alarms
08-03 15:05:39.337  1535  1774 I GmsGsfPolicy: screen unlock, unpending gsf gms
08-03 15:05:39.337  1535  1774 I GmsGsfPolicy: unpending gsf gms alarm.
08-03 15:05:39.338  1058  1167 I chatty  : uid=1000(system) AlarmManager expire 8 lines
08-03 15:05:39.339  1813  2517 W Ptm.AbnormalObserver: unhandled mesg: 4008
08-03 15:05:39.348  1813  1826 W Ptm.AbnormalObserver: unhandled mesg: 4008
08-03 15:05:39.348  1813  1826 W Ptm.AbnormalObserver: unhandled mesg: 4008
08-03 15:05:39.353  1813  2914 W Ptm.AbnormalObserver: unhandled mesg: 4008
08-03 15:05:39.363  1813  4071 W Ptm.AbnormalObserver: unhandled mesg: 4008
08-03 15:05:39.364  1813  1825 W Ptm.AbnormalObserver: unhandled mesg: 4008
08-03 15:05:39.388  7964 12785 I SendBroadcastPermission: action:com.google.android.gcm.DISCONNECTED, mPermissionType:0
08-03 15:05:39.392  7964  8033 E ctxmgr  : [BaseServerTask]Failed network request due to no network connectivity: expired
08-03 15:05:39.394  7964  8033 E ctxmgr  : [BaseServerTask]Failed network request due to no network connectivity: expired
08-03 15:05:39.399  7964  8033 E ctxmgr  : [AccountAclCallback]Failed Acl fetch: network status=1
08-03 15:05:39.399  7964  8033 E ctxmgr  : [AccountAclCallback]Failed Acl fetch: network status=1
08-03 15:05:39.463  2201  2201 I HwLauncher:  FPSMonitor endScroll
08-03 15:05:39.625  7964  7964 I WearableService: Wearable Services stopping
08-03 15:05:39.650   570   831 I         : getTotalMemoryFromDDRInfo, buffer = 0x306
08-03 15:05:39.650   570   831 I         : , len = 6
08-03 15:05:39.650   570   831 I         : [getTotalMemoryFromDDRInfo] total memory =3145728KB
08-03 15:05:39.665   570   831 I         : HwCamMem mempoolcfg void android::MTMemoryPool::dumpMemInfo() Free=1214604, Total=3145728, Pss=23034 mTimeOutCount=1
08-03 15:05:39.690  2201  2201 I HwLauncher: FPSMonitor  [Launcher , dispatchTouchEvent begin, false, true] down event  x = 759 y = 1285
08-03 15:05:39.690  2201  2201 I HwLauncher: Launcher workspaceTranslationX = 0.0
08-03 15:05:39.690  2201  2201 I HwLauncher: FPSMonitor  [PagedView , onIntercept] down event  x = 759 y = 1285
08-03 15:05:39.691  2201  2201 I HwLauncher: FPSMonitor  [Launcher , dispatchTouchEvent end, false, true] down event  x = 759 y = 1285
08-03 15:05:39.718  2201  2201 I HwLauncher:  FPSMonitor startScroll xMoved = true  xPaged = true xDiff =  69
08-03 15:05:39.723  2201  2201 I HwLauncher: Launcher.Utilities  unread scaledHeight = 51;sBigIconSize = 161
08-03 15:05:39.785  2201  2201 I HwLauncher: FPSMonitor  [Launcher , dispatchTouchEvent begin, false, true] up event  x = 1024 y = 1140
08-03 15:05:39.785  2201  2201 I HwLauncher: FPSMonitor  [PagedView , onTouchEvent] up event  x = 1024 y = 1140
08-03 15:05:39.786  2201  2201 I HwLauncher:  FPSMonitor snapToPage whichPage = 0 delta = -869 duration = 284
08-03 15:05:39.786  2201  2201 I HwLauncher: FPSMonitor  [Launcher , dispatchTouchEvent end, false, true] up event  x = 1024 y = 1140
08-03 15:05:40.112  2201  2201 I HwLauncher:  FPSMonitor endScroll
08-03 15:05:40.137  1813  1813 W Ptm.AbnormalObserver: unhandled mesg: 2006
08-03 15:05:40.153  1374  1374 I NetworkSpeedManagerEx: mIsNetworkSpeedEnabled = true, mIsAirplaneMode = false, mIsWifiConnected = false, mIsHasIccCard = false, mIsNetworkValid = false, mIsDataSwitchEnabled = true
08-03 15:05:40.161  1374  1374 I NetworkSpeedManagerEx: mIsNetworkSpeedEnabled = true, mIsAirplaneMode = false, mIsWifiConnected = false, mIsHasIccCard = false, mIsNetworkValid = false, mIsDataSwitchEnabled = true
08-03 15:05:40.324  1813  1826 I NCCHR_NcLogCollectServiceImpl: getUserType = 1
08-03 15:05:40.327  1519  1519 I wpa_supp: wlan0: Trying to associate with SSID 'yizhibo'
08-03 15:05:40.329  1058  1616 I chatty  : uid=1000(system) WifiMonitor expire 13 lines
08-03 15:05:40.337  1813  2914 I NCCHR_NcLogCollectServiceImpl: getUserType = 1
08-03 15:05:40.348  1813  1813 W Ptm.AbnormalObserver: unhandled mesg: 2006
08-03 15:05:40.359  1374  1374 I NetworkSpeedManagerEx: mIsNetworkSpeedEnabled = true, mIsAirplaneMode = false, mIsWifiConnected = false, mIsHasIccCard = false, mIsNetworkValid = false, mIsDataSwitchEnabled = true
08-03 15:05:40.377  1374  1374 I NetworkSpeedManagerEx: mIsNetworkSpeedEnabled = true, mIsAirplaneMode = false, mIsWifiConnected = false, mIsHasIccCard = false, mIsNetworkValid = false, mIsDataSwitchEnabled = true
08-03 15:05:40.404  1519  1519 I wpa_supp: wlan0: CTRL-EVENT-ASSOC-REJECT bssid=48:fd:8e:4d:81:30 status_code=17
08-03 15:05:40.405  1519  1519 I wpa_supp: wpa_supplicant_mark_disassoc : wifi disconnected, set current_ssid as NULL
08-03 15:05:40.409  1058 12795 I chatty  : uid=1000(system) pool-15-thread- expire 8 lines
08-03 15:05:40.479  2201  2201 I HwLauncher: FPSMonitor  [Launcher , dispatchTouchEvent begin, false, true] down event  x = 779 y = 1322
08-03 15:05:40.479  2201  2201 I HwLauncher: Launcher workspaceTranslationX = 0.0
08-03 15:05:40.479  2201  2201 I HwLauncher: FPSMonitor  [PagedView , onIntercept] down event  x = 779 y = 1322
08-03 15:05:40.480  2201  2201 I HwLauncher: FPSMonitor  [Launcher , dispatchTouchEvent end, false, true] down event  x = 779 y = 1322
08-03 15:05:40.510  1813  1813 W Ptm.AbnormalObserver: unhandled mesg: 2006
08-03 15:05:40.523  2201  2201 I HwLauncher: FPSMonitor  [Launcher , dispatchTouchEvent begin, false, true] up event  x = 779 y = 1318
08-03 15:05:40.523  2201  2201 I HwLauncher: FPSMonitor  [PagedView , onIntercept] up event  x = 779 y = 1318
08-03 15:05:40.523  2201  2201 I HwLauncher: FPSMonitor  [Launcher , dispatchTouchEvent end, false, true] up event  x = 779 y = 1318
08-03 15:05:40.524  2201  2201 I HwLauncher: Launcher onclick begin com.huawei.android.launcher.BubbleTextView{59ea24c VFED..CL. ...P..ID 633,1264-844,1550 #9c000304}
08-03 15:05:40.525  2201  2201 I HwLauncher: Launcher.Utilities  startActivitySafely useLaunchAnimation = true
08-03 15:05:40.525  2201  2201 I HwLauncher: Launcher.Utilities  startActivitySafely begin startActivity() for current user
08-03 15:05:40.529  1374  1374 I NetworkSpeedManagerEx: mIsNetworkSpeedEnabled = true, mIsAirplaneMode = false, mIsWifiConnected = false, mIsHasIccCard = false, mIsNetworkValid = false, mIsDataSwitchEnabled = true
08-03 15:05:40.534  1813  1813 W Ptm.AbnormalObserver: unhandled mesg: 2006
08-03 15:05:40.569  2201  2201 I HwLauncher: Launcher.Utilities  startActivitySafely end startActivity() for current user
08-03 15:05:40.569  2201  2201 I HwLauncher: Launcher this view's parent is not SearchGridView , so no need to reportRecentApp.
08-03 15:05:40.569  2201  2201 I HwLauncher: Launcher onclick end
08-03 15:05:40.570   568   568 E Thermal-daemon: [flash_led] temp_new :27  temp_old :25
08-03 15:05:40.570   568   568 E Thermal-daemon: Report temperature: [flash_led] temp :27  report_threshold:1
08-03 15:05:40.571   568   568 E Thermal-daemon: [ap] temp_new :27  temp_old :25
08-03 15:05:40.571   568   568 E Thermal-daemon: Report temperature: [ap] temp :27  report_threshold:1
08-03 15:05:40.571  1374  1374 I NetworkSpeedManagerEx: mIsNetworkSpeedEnabled = true, mIsAirplaneMode = false, mIsWifiConnected = false, mIsHasIccCard = false, mIsNetworkValid = false, mIsDataSwitchEnabled = true
08-03 15:05:40.573  1813  1813 W Ptm.AbnormalObserver: unhandled mesg: 2006
08-03 15:05:40.575  2201  2201 I HwLauncher: Launcher.Utilities  unread scaledHeight = 51;sBigIconSize = 161
08-03 15:05:40.580  1374  1374 I NetworkSpeedManagerEx: mIsNetworkSpeedEnabled = true, mIsAirplaneMode = false, mIsWifiConnected = false, mIsHasIccCard = false, mIsNetworkValid = false, mIsDataSwitchEnabled = true
08-03 15:05:40.580  2201  2201 I HwLauncher: Launcher onPause()
08-03 15:05:40.581  2201 12799 I HwLauncher: Launcher.MotionManager stopMotionAppsReco begin,mFlg = 403
08-03 15:05:40.582  2201 12799 W HwLauncher: Launcher.MotionManager stopMotionAppsReco service flg 403 is unavailable
08-03 15:05:40.584  1374  1374 I NetworkSpeedManagerEx: mIsNetworkSpeedEnabled = true, mIsAirplaneMode = false, mIsWifiConnected = false, mIsHasIccCard = false, mIsNetworkValid = false, mIsDataSwitchEnabled = true
08-03 15:05:40.592  1374  1374 I NetworkSpeedManagerEx: mIsNetworkSpeedEnabled = true, mIsAirplaneMode = false, mIsWifiConnected = false, mIsHasIccCard = false, mIsNetworkValid = false, mIsDataSwitchEnabled = true
08-03 15:05:40.594  1813  2608 W Ptm.AbnormalObserver: unhandled mesg: 4005
08-03 15:05:40.595  1374  1374 I NetworkSpeedManagerEx: mIsNetworkSpeedEnabled = true, mIsAirplaneMode = false, mIsWifiConnected = false, mIsHasIccCard = false, mIsNetworkValid = false, mIsDataSwitchEnabled = true
08-03 15:05:40.604  1374  1374 W ChargingAnimController: Remove charging skip as not exist
08-03 15:05:40.624  1058  1080 I chatty  : uid=1000(system) android.display expire 10 lines
08-03 15:05:40.692  1584 12801 I TotemWeather: WeatherService info:processIntent action =com.huawei.android.action.NOTIFY_STATE
08-03 15:05:40.693  1584 12801 I TotemWeather: DeviceStateListener info:onTaskStateChanged->taskType:1, taskState:0
08-03 15:05:40.850  1058  1196 I chatty  : uid=1000(system) WifiScanningSer expire 5 lines
08-03 15:05:40.875  1519  1519 I wpa_supp: wlan0: Trying to associate with SSID 'yizhibo'
08-03 15:05:40.878  1460 12804 I chatty  : uid=1000(system) expire 3 lines
08-03 15:05:40.881  1460 12805 I chatty  : uid=1000(system) expire 3 lines
08-03 15:05:40.884   606 11737 I audio_custom: dev_get_parameters: query audio capability:dual_smartpa_support and set dual_smartpa_support = false
08-03 15:05:40.884   606 11737 I hash_map_utils: key: 'audio_capability' value: 'dual_smartpa_support'
08-03 15:05:40.894  1535  1546 I PGServer: checkPkgType. calling pkg: android
08-03 15:05:40.897 12808 12808 I         : power log dlsym ok
08-03 15:05:40.899 12808 12808 I art     : Reinit property: dalvik.vm.checkjni= false
08-03 15:05:40.902  3885  3913 I SendBroadcastPermission: action:com.tencent.mm.plugin.report.service.KVCommCrossProcessReceiver, mPermissionType:0
08-03 15:05:40.909  1813  1813 W Ptm.AbnormalObserver: unhandled mesg: 2006
08-03 15:05:40.918  1374  1374 I NetworkSpeedManagerEx: mIsNetworkSpeedEnabled = true, mIsAirplaneMode = false, mIsWifiConnected = false, mIsHasIccCard = false, mIsNetworkValid = false, mIsDataSwitchEnabled = true
08-03 15:05:40.925  1374  1374 I NetworkSpeedManagerEx: mIsNetworkSpeedEnabled = true, mIsAirplaneMode = false, mIsWifiConnected = false, mIsHasIccCard = false, mIsNetworkValid = false, mIsDataSwitchEnabled = true
08-03 15:05:40.938 12808 12808 I art     : Starting a blocking GC AddRemoveAppImageSpace
08-03 15:05:40.939 12808 12808 W System  : ClassLoader referenced unknown path: /system/app/HWCardManager/lib/arm64
08-03 15:05:40.940 12808 12808 W art     : JIT profile information will not be recorded: profile file does not exits.
08-03 15:05:40.974  1374  1374 I PhoneStatusBarPolicy: updateBluetooth:::setBluetoothBatteryEnable false.
08-03 15:05:40.974  1374  1374 I PhoneStatusBarPolicy: updateBluetooth::bluetoothEnabled:false, bluetoothConnected=false, bluetoothTransfering=false
08-03 15:05:41.017  1519  1519 I wpa_supp: wlan0: CTRL-EVENT-ASSOC-REJECT bssid=48:fd:8e:4d:81:30 status_code=17
08-03 15:05:41.017  1519  1519 I wpa_supp: wpa_supplicant_mark_disassoc : wifi disconnected, set current_ssid as NULL
08-03 15:05:41.021  8677  8688 I HwOUC   : [Binder:8677_1-161]HwOUCSearchIndexablesProvider queryXmlResources(hwouc/HwOUCSearchIndexablesProvider.java:105)
08-03 15:05:41.025  8677  8688 I HwOUC   : [Binder:8677_1-161]BaseSearchIndexProvider()(hwouc/BaseSearchIndexProvider.java:15)
08-03 15:05:41.025  8677  8688 I HwOUC   : [Binder:8677_1-161]SettingsActivity BaseSearchIndexProvider() getXmlResourcesToIndex(hwouc/SettingsActivity.java:472)
08-03 15:05:41.026  8677  8688 I HwOUC   : [Binder:8677_1-161]HwOUCSearchIndexablesProvider queryXmlResources value size is 1(hwouc/HwOUCSearchIndexablesProvider.java:117)
08-03 15:05:41.026  8677  8688 I HwOUC   : [Binder:8677_1-161]HwOUCSearchIndexablesProvider queryXmlResources addRow(hwouc/HwOUCSearchIndexablesProvider.java:128)
08-03 15:05:41.030  8677  8688 I HwOUC   : [Binder:8677_1-161]HwOUCSearchIndexablesProvider queryRawData(hwouc/HwOUCSearchIndexablesProvider.java:67)
08-03 15:05:41.030  8677  8688 I HwOUC   : [Binder:8677_1-161]SettingsActivity BaseSearchIndexProvider() getRawDataToIndex(hwouc/SettingsActivity.java:484)
08-03 15:05:41.030  8677  8688 I HwOUC   : [Binder:8677_1-161]HwOUCSearchIndexablesProvider queryRawData values size is 0(hwouc/HwOUCSearchIndexablesProvider.java:80)
08-03 15:05:41.033  8677  8689 I HwOUC   : [Binder:8677_2-162]HwOUCSearchIndexablesProvider queryNonIndexableKeys(hwouc/HwOUCSearchIndexablesProvider.java:43)
08-03 15:05:41.033  8677  8689 I HwOUC   : [Binder:8677_2-162]SettingsActivity BaseSearchIndexProvider() getNonIndexableKeys(hwouc/SettingsActivity.java:491)
08-03 15:05:41.034  8677  8689 I HwOUC   : [Binder:8677_2-162]SettingsActivity BaseSearchIndexProvider() getNonIndexableKeys hide auto check when search(hwouc/SettingsActivity.java:495)
08-03 15:05:41.034  8677  8689 I HwOUC   : [Binder:8677_2-162]isSupportsMultipleUsers is true(hwouc/HwOucUtility.java:5019)
08-03 15:05:41.034  8677  8689 I HwOUC   : [Binder:8677_2-162]isMainUser myUserId is 0;isMainUser is true(hwouc/HwOucUtility.java:5031)
08-03 15:05:41.034  8677  8689 I HwOUC   : [Binder:8677_2-162]SettingsActivity BaseSearchIndexProvider() getNonIndexableKeys main user(hwouc/SettingsActivity.java:504)
08-03 15:05:41.035  8677  8689 E HwOUC   : [Binder:8677_2-162]method invoke failed(hwouc/HwOucUtility.java:689)
08-03 15:05:41.035  8677  8689 I HwOUC   : [Binder:8677_2-162]isTablet() = false(hwouc/HwOucUtility.java:692)
08-03 15:05:41.036  8677  8689 I HwOUC   : [Binder:8677_2-162]SettingsActivity BaseSearchIndexProvider() getNonIndexableKeys BETA_AND_STABLE_VERSION_FLAG is false,so hide CHECK_UPDATE_SETTING when search(hwouc/SettingsActivity.java:514)
08-03 15:05:41.036  8677  8689 I HwOUC   : [Binder:8677_2-162]HwOUCSearchIndexablesProvider queryNonIndexableKeys values size is 2(hwouc/HwOUCSearchIndexablesProvider.java:55)
08-03 15:05:41.036  8677  8689 I HwOUC   : [Binder:8677_2-162]HwOUCSearchIndexablesProvider queryNonIndexableKeys addRow(hwouc/HwOUCSearchIndexablesProvider.java:60)
08-03 15:05:41.036  8677  8689 I HwOUC   : [Binder:8677_2-162]HwOUCSearchIndexablesProvider queryNonIndexableKeys addRow(hwouc/HwOUCSearchIndexablesProvider.java:60)
08-03 15:05:41.085  1813  1813 W Ptm.AbnormalObserver: unhandled mesg: 2006
08-03 15:05:41.094  1374  1374 I NetworkSpeedManagerEx: mIsNetworkSpeedEnabled = true, mIsAirplaneMode = false, mIsWifiConnected = false, mIsHasIccCard = false, mIsNetworkValid = false, mIsDataSwitchEnabled = true
08-03 15:05:41.096  1374  1374 I NetworkSpeedManagerEx: mIsNetworkSpeedEnabled = true, mIsAirplaneMode = false, mIsWifiConnected = false, mIsHasIccCard = false, mIsNetworkValid = false, mIsDataSwitchEnabled = true
08-03 15:05:41.128  1547  1561 E HwMotionRecognition: DsSearchIndexablesProvider error:add raw data:翻转
08-03 15:05:41.128  1547  1561 E HwMotionRecognition: DsSearchIndexablesProvider error:add raw data:拿起手机
08-03 15:05:41.128  1547  1561 E HwMotionRecognition: DsSearchIndexablesProvider error:add raw data:拿到耳边
08-03 15:05:41.128  1547  1561 E HwMotionRecognition: DsSearchIndexablesProvider error:add raw data:来电静音
08-03 15:05:41.128  1547  1561 E HwMotionRecognition: DsSearchIndexablesProvider error:add raw data:计时器和闹钟静音
08-03 15:05:41.128  1547  1561 E HwMotionRecognition: DsSearchIndexablesProvider error:add raw data:减弱来电铃声音量
08-03 15:05:41.128  1547  1561 E HwMotionRecognition: DsSearchIndexablesProvider error:add raw data:减弱计时器和闹钟铃声音量
08-03 15:05:41.128  1547  1561 E HwMotionRecognition: DsSearchIndexablesProvider error:add raw data:接听来电
08-03 15:05:41.128  1547  1561 E HwMotionRecognition: DsSearchIndexablesProvider error:add raw data:拨打电话
08-03 15:05:41.128  1547  1561 E HwMotionRecognition: DsSearchIndexablesProvider error:add raw data:免提切换为听筒
08-03 15:05:41.128  1547  1561 E HwMotionRecognition: DsSearchIndexablesProvider error:add raw data:蓝牙耳机切换为听筒
08-03 15:05:41.128  1547  1561 E HwMotionRecognition: DsSearchIndexablesProvider error:add raw data:智能截屏
08-03 15:05:41.128  1547  1561 E HwMotionRecognition: DsSearchIndexablesProvider error:add raw data:字母手势
08-03 15:05:41.128  1547  1561 E HwMotionRecognition: DsSearchIndexablesProvider error:add raw data:画字母 c
08-03 15:05:41.128  1547  1561 E HwMotionRecognition: DsSearchIndexablesProvider error:add raw data:画字母 e
08-03 15:05:41.128  1547  1561 E HwMotionRecognition: DsSearchIndexablesProvider error:add raw data:画字母 m
08-03 15:05:41.128  1547  1561 E HwMotionRecognition: DsSearchIndexablesProvider error:add raw data:画字母 w
08-03 15:05:41.128  1547  1561 E HwMotionRecognition: DsSearchIndexablesProvider error:add raw data:分屏手势
08-03 15:05:41.158  4515  4527 I HwCust  : Constructor found for class com.huawei.systemmanager.comm.module.HwCustModuleCustomizeImpl
08-03 15:05:41.199 12830 12830 I         : power log dlsym ok
08-03 15:05:41.201 12830 12830 I art     : Reinit property: dalvik.vm.checkjni= false
08-03 15:05:41.226  4752  4752 I SendBroadcastPermission: action:com.baidu.input.entry.launcer, mPermissionType:0
08-03 15:05:41.239 12830 12830 I art     : Starting a blocking GC AddRemoveAppImageSpace
08-03 15:05:41.242 12830 12830 W art     : JIT profile information will not be recorded: profile file does not exits.
08-03 15:05:41.280 12830 12830 E HwVAssistant_VASettingsProvider: onCreate
08-03 15:05:41.287  2201  2201 I HwLauncher: Launcher onStop()
08-03 15:05:41.300 12830 12841 I HwVAssistant_VASearchIndexablesProvider: queryXmlResources
08-03 15:05:41.301 12830 12830 I HwVAssistant_VAApp: onCreate process : com.huawei.vassistant
08-03 15:05:41.301 12830 12830 I HwVAssistant_VAUtils: com.android.huawei.smartkey is not installed!
08-03 15:05:41.310 12830 12841 I HwVAssistant_VASearchIndexablesProvider: queryRawData
08-03 15:05:41.312 12830 12841 I HwVAssistant_VASearchIndexablesProvider: queryRawData: 语音唤醒
08-03 15:05:41.312 12830 12830 I HwVAssistant_VAssistantConfig: mIsSupportSmartkey : false
08-03 15:05:41.313 12830 12841 I HwVAssistant_VASearchIndexablesProvider: queryRawData: 熄屏快呼
08-03 15:05:41.313 12830 12841 I HwVAssistant_VASearchIndexablesProvider: queryRawData: 语音控制
08-03 15:05:41.316 12830 12830 I HwVAssistant_SimFactoryManager: isSIM1CardPresent:1
08-03 15:05:41.323 12830 12842 I HwVAssistant_VASearchIndexablesProvider: queryNonIndexableKeys
08-03 15:05:41.324 12830 12830 I HwVAssistant_SimFactoryManager: isAirPlanMode=0
08-03 15:05:41.325 12830 12830 I HwVAssistant_SimFactoryManager: updateSimState,sIsSIMCard1Present=false,sIsSIMCard1Enabled=false,sIsSIMCard2Present=false,sIsSIMCard2Enabled=false
08-03 15:05:41.326 12830 12830 I HwVAssistant_SimFactoryManager: isAirPlanMode=0
08-03 15:05:41.326 12830 12830 I HwVAssistant_SimFactoryManager: updateSimState,sIsSIMCard1Present=false,sIsSIMCard1Enabled=false,sIsSIMCard2Present=false,sIsSIMCard2Enabled=false
08-03 15:05:41.377 12851 12851 I         : power log dlsym ok
08-03 15:05:41.378 12851 12851 I art     : Reinit property: dalvik.vm.checkjni= false
08-03 15:05:41.410 12851 12851 I art     : Starting a blocking GC AddRemoveAppImageSpace
08-03 15:05:41.411 12851 12851 W System  : ClassLoader referenced unknown path: /system/app/HwParentControl/lib/arm64
08-03 15:05:41.412 12851 12851 W art     : JIT profile information will not be recorded: profile file does not exits.
08-03 15:05:41.464  1460 12850 I chatty  : uid=1000(system) expire 13 lines
08-03 15:05:41.698  1460 12850 W CfgFilePolicy: No config file found for:/themes/diff/icons
08-03 15:05:41.698  1460 12850 W CfgFilePolicy: CFG_DIRS length : 9
08-03 15:05:41.700  1460 12850 I HwResourcesImpl: icon : com.ss.android.article.news found in theme
08-03 15:05:41.708  1460 12850 I HwResourcesImpl: load icon id : 7f030000, pkgName : com.android.chrome
08-03 15:05:41.708  1460 12850 W CfgFilePolicy: No config file found for:/themes/diff/icons
08-03 15:05:41.708  1460 12850 W CfgFilePolicy: CFG_DIRS length : 9
08-03 15:05:41.709  1460 12850 I HwResourcesImpl: icon : com.android.chrome found in app
08-03 15:05:41.722  1460 12850 I HwResourcesImpl: load icon id : 7f02034e, pkgName : com.cleanmaster.security_cn
08-03 15:05:41.722  1460 12850 W CfgFilePolicy: No config file found for:/themes/diff/icons
08-03 15:05:41.722  1460 12850 W CfgFilePolicy: CFG_DIRS length : 9
08-03 15:05:41.722  1460 12850 I HwResourcesImpl: icon : com.cleanmaster.security_cn found in app
08-03 15:05:41.733  1460 12850 I HwResourcesImpl: load icon id : 7f020229, pkgName : com.ijinshan.browser_fast
08-03 15:05:41.733  1460 12850 W CfgFilePolicy: No config file found for:/themes/diff/icons
08-03 15:05:41.733  1460 12850 W CfgFilePolicy: CFG_DIRS length : 9
08-03 15:05:41.733  1460 12850 I HwResourcesImpl: icon : com.ijinshan.browser_fast found in app
08-03 15:05:41.756  1460 12850 I HwResourcesImpl: load icon id : 7f030000, pkgName : com.android.contacts
08-03 15:05:41.757  1460 12850 W CfgFilePolicy: No config file found for:/themes/diff/icons
08-03 15:05:41.757  1460 12850 W CfgFilePolicy: CFG_DIRS length : 9
08-03 15:05:41.759  1460 12850 I HwResourcesImpl: icon : com.android.contacts found in theme
08-03 15:05:41.766  1460 12850 E AppCloneSettings: AppCloneSettingsSearchIndexProvider
08-03 15:05:41.766  1460 12850 E AppCloneSettings: AppCloneSettingsSearchIndexProvider
08-03 15:05:42.025  1813  1813 W Ptm.AbnormalObserver: unhandled mesg: 2006
08-03 15:05:42.040  1813  1813 W Ptm.AbnormalObserver: unhandled mesg: 2006
08-03 15:05:42.045  1374  1374 I NetworkSpeedManagerEx: mIsNetworkSpeedEnabled = true, mIsAirplaneMode = false, mIsWifiConnected = false, mIsHasIccCard = false, mIsNetworkValid = false, mIsDataSwitchEnabled = true
08-03 15:05:42.051  1374  1374 I NetworkSpeedManagerEx: mIsNetworkSpeedEnabled = true, mIsAirplaneMode = false, mIsWifiConnected = false, mIsHasIccCard = false, mIsNetworkValid = false, mIsDataSwitchEnabled = true
08-03 15:05:42.055  1374  1374 I NetworkSpeedManagerEx: mIsNetworkSpeedEnabled = true, mIsAirplaneMode = false, mIsWifiConnected = false, mIsHasIccCard = false, mIsNetworkValid = false, mIsDataSwitchEnabled = true
08-03 15:05:42.056  1460 12850 I HwCust  : Constructor found for class com.android.settings.HwCustDisplaySettingsHwBaseImpl
08-03 15:05:42.057  1374  1374 I NetworkSpeedManagerEx: mIsNetworkSpeedEnabled = true, mIsAirplaneMode = false, mIsWifiConnected = false, mIsHasIccCard = false, mIsNetworkValid = false, mIsDataSwitchEnabled = true
08-03 15:05:42.066  1460  1460 E WifiUtils: NetworkInfo is null!
08-03 15:05:42.104  1460  1460 E WifiUtils: NetworkInfo is null!
08-03 15:05:42.118  1460 12850 E TAG     : can't find packeage com.ctc.epush!
08-03 15:05:42.118  1460 12850 E TAG     : android.content.pm.PackageManager$NameNotFoundException: com.ctc.epush
08-03 15:05:42.118  1460 12850 E TAG     : 	at android.app.ApplicationPackageManager.getPackageInfoAsUser(ApplicationPackageManager.java:165)
08-03 15:05:42.118  1460 12850 E TAG     : 	at android.app.ApplicationPackageManager.getPackageInfo(ApplicationPackageManager.java:148)
08-03 15:05:42.118  1460 12850 E TAG     : 	at com.android.settings.Utils.isCheckAppExist(Utils.java:1706)
08-03 15:05:42.118  1460 12850 E TAG     : 	at com.android.settings.DeviceInfoSettings$1.getNonIndexableKeys(DeviceInfoSettings.java:521)
08-03 15:05:42.118  1460 12850 E TAG     : 	at com.android.settings.search.Index.indexOneResource(Index.java:928)
08-03 15:05:42.118  1460 12850 E TAG     : 	at com.android.settings.search.Index.indexOneSearchIndexableData(Index.java:845)
08-03 15:05:42.118  1460 12850 E TAG     : 	at com.android.settings.search.Index.-wrap4(Index.java)
08-03 15:05:42.118  1460 12850 E TAG     : 	at com.android.settings.search.Index$UpdateIndexTask.processDataToUpdate(Index.java:1447)
08-03 15:05:42.118  1460 12850 E TAG     : 	at com.android.settings.search.Index$UpdateIndexTask.doInBackground(Index.java:1389)
08-03 15:05:42.118  1460 12850 E TAG     : 	at com.android.settings.search.Index$UpdateIndexTask.doInBackground(Index.java:1362)
08-03 15:05:42.118  1460 12850 E TAG     : 	at android.os.AsyncTask$2.call(AsyncTask.java:316)
08-03 15:05:42.118  1460 12850 E TAG     : 	at java.util.concurrent.FutureTask.run(FutureTask.java:237)
08-03 15:05:42.118  1460 12850 E TAG     : 	at android.os.AsyncTask$SerialExecutor$1.run(AsyncTask.java:255)
08-03 15:05:42.118  1460 12850 E TAG     : 	at java.util.concurrent.ThreadPoolExecutor.runWorker(ThreadPoolExecutor.java:1133)
08-03 15:05:42.118  1460 12850 E TAG     : 	at java.util.concurrent.ThreadPoolExecutor$Worker.run(ThreadPoolExecutor.java:607)
08-03 15:05:42.118  1460 12850 E TAG     : 	at java.lang.Thread.run(Thread.java:776)
08-03 15:05:42.122  1460 12850 I HwCust  : Constructor found for class com.android.settings.deviceinfo.HwCustTelecInfoImpl
08-03 15:05:42.160   572  1050 I CameraDeviceClient: ~CameraDeviceClient 1: Released!
08-03 15:05:42.160   572  1050 I HwPerformEx: ~HwPerformEx(0xed7150f0), camera 1.
08-03 15:05:42.160   572  1050 I Camera2ClientBase: Closed Camera 1. Client was: com.huawei.camera (PID 12106, UID 10104)
08-03 15:05:42.414  1519  1519 I wpa_supp: wlan0: Trying to associate with SSID 'yizhibo'
08-03 15:05:42.455  1813  1813 W Ptm.AbnormalObserver: unhandled mesg: 2006
08-03 15:05:42.466  1374  1374 I NetworkSpeedManagerEx: mIsNetworkSpeedEnabled = true, mIsAirplaneMode = false, mIsWifiConnected = false, mIsHasIccCard = false, mIsNetworkValid = false, mIsDataSwitchEnabled = true
08-03 15:05:42.479  1374  1374 I NetworkSpeedManagerEx: mIsNetworkSpeedEnabled = true, mIsAirplaneMode = false, mIsWifiConnected = false, mIsHasIccCard = false, mIsNetworkValid = false, mIsDataSwitchEnabled = true
08-03 15:05:42.483  1460  1460 E WifiUtils: NetworkInfo is null!
08-03 15:05:42.537  1519  1519 I wpa_supp: wlan0: Associated with 48:fd:8e:4d:81:30
08-03 15:05:42.537  1519  1519 I wpa_supp: wlan0: CTRL-EVENT-SUBNET-STATUS-UPDATE status=0
08-03 15:05:42.565  1813  1813 W Ptm.AbnormalObserver: unhandled mesg: 2006
08-03 15:05:42.571  1374  1374 I NetworkSpeedManagerEx: mIsNetworkSpeedEnabled = true, mIsAirplaneMode = false, mIsWifiConnected = false, mIsHasIccCard = false, mIsNetworkValid = false, mIsDataSwitchEnabled = true
08-03 15:05:42.591  1813  1813 W Ptm.AbnormalObserver: unhandled mesg: 2006
08-03 15:05:42.591  1374  1374 I NetworkSpeedManagerEx: mIsNetworkSpeedEnabled = true, mIsAirplaneMode = false, mIsWifiConnected = false, mIsHasIccCard = false, mIsNetworkValid = false, mIsDataSwitchEnabled = true
08-03 15:05:42.592  1519  1519 I wpa_supp: wlan0: WPA: Key negotiation completed with 48:fd:8e:4d:81:30 [PTK=CCMP GTK=CCMP]
08-03 15:05:42.592  1519  1519 I wpa_supp: wlan0: CTRL-EVENT-CONNECTED - Connection to 48:fd:8e:4d:81:30 completed [id=0 id_str=%7B%22creatorUid%22%3A%221000%22%2C%22configKey%22%3A%22%5C%22yizhibo%5C%22WPA_PSK%22%7D]
08-03 15:05:42.597  1374  1374 I NetworkSpeedManagerEx: mIsNetworkSpeedEnabled = true, mIsAirplaneMode = false, mIsWifiConnected = false, mIsHasIccCard = false, mIsNetworkValid = false, mIsDataSwitchEnabled = true
08-03 15:05:42.614  1813  1813 W Ptm.AbnormalObserver: unhandled mesg: 2006
08-03 15:05:42.617  1460  1460 E WifiUtils: NetworkInfo is null!
08-03 15:05:42.618  1374  1374 I NetworkSpeedManagerEx: mIsNetworkSpeedEnabled = true, mIsAirplaneMode = false, mIsWifiConnected = false, mIsHasIccCard = false, mIsNetworkValid = false, mIsDataSwitchEnabled = true
08-03 15:05:42.619  1374  1374 I NetworkSpeedManagerEx: mIsNetworkSpeedEnabled = true, mIsAirplaneMode = false, mIsWifiConnected = false, mIsHasIccCard = false, mIsNetworkValid = false, mIsDataSwitchEnabled = true
08-03 15:05:42.630  1374  1374 I NetworkSpeedManagerEx: mIsNetworkSpeedEnabled = true, mIsAirplaneMode = false, mIsWifiConnected = false, mIsHasIccCard = false, mIsNetworkValid = false, mIsDataSwitchEnabled = true
08-03 15:05:42.636  1519  1519 I wpa_supp: wlan0: WPA: Group rekeying completed with 48:fd:8e:4d:81:30 [GTK=CCMP]
08-03 15:05:42.656  1813  1813 W Ptm.AbnormalObserver: unhandled mesg: 2006
08-03 15:05:42.658  1374  1374 I NetworkSpeedManagerEx: mIsNetworkSpeedEnabled = true, mIsAirplaneMode = false, mIsWifiConnected = false, mIsHasIccCard = false, mIsNetworkValid = false, mIsDataSwitchEnabled = true
08-03 15:05:42.663  1374  1374 I NetworkSpeedManagerEx: mIsNetworkSpeedEnabled = true, mIsAirplaneMode = false, mIsWifiConnected = false, mIsHasIccCard = false, mIsNetworkValid = false, mIsDataSwitchEnabled = true
08-03 15:05:42.671  1813  1813 W Ptm.AbnormalObserver: unhandled mesg: 2006
08-03 15:05:42.675  1374  1374 I NetworkSpeedManagerEx: mIsNetworkSpeedEnabled = true, mIsAirplaneMode = false, mIsWifiConnected = false, mIsHasIccCard = false, mIsNetworkValid = false, mIsDataSwitchEnabled = true
08-03 15:05:42.690  1374  1374 I NetworkSpeedManagerEx: mIsNetworkSpeedEnabled = true, mIsAirplaneMode = false, mIsWifiConnected = false, mIsHasIccCard = false, mIsNetworkValid = false, mIsDataSwitchEnabled = true
08-03 15:05:42.709  1460  1460 E WifiUtils: NetworkInfo is null!
08-03 15:05:42.726  1058  1248 I chatty  : uid=1000(system) WifiProHistoryR expire 6 lines
08-03 15:05:42.742  1460  1460 E WifiUtils: NetworkInfo is null!
08-03 15:05:42.771  1460  1460 E WifiUtils: NetworkInfo is null!
08-03 15:05:42.795  1813  2914 I NCCHR_NcLogCollectServiceImpl: getUserType = 1
08-03 15:05:42.800  1460  1460 E WifiUtils: NetworkInfo is null!
08-03 15:05:42.806  1813  1813 W Ptm.AbnormalObserver: unhandled mesg: 2006
08-03 15:05:42.811  1374  1374 I NetworkSpeedManagerEx: mIsNetworkSpeedEnabled = true, mIsAirplaneMode = false, mIsWifiConnected = true, mIsHasIccCard = false, mIsNetworkValid = false, mIsDataSwitchEnabled = true
08-03 15:05:42.820  1374  1374 I NetworkSpeedManagerEx: mIsNetworkSpeedEnabled = true, mIsAirplaneMode = false, mIsWifiConnected = true, mIsHasIccCard = false, mIsNetworkValid = false, mIsDataSwitchEnabled = true
08-03 15:05:42.836  1058  1244 I chatty  : uid=1000(system) HwIntelligenceS expire 6 lines
08-03 15:05:42.836  1058  1252 I chatty  : uid=1000(system) HwDualBandState expire 10 lines
08-03 15:05:42.839  1535  1634 I DeviceStateService: changed wifi connected : true
08-03 15:05:42.839  1535  1634 I DownloadState: traffic enable:true
08-03 15:05:42.844  1813  1813 W Ptm.AbnormalObserver: unhandled mesg: 2006
08-03 15:05:42.844  1813  1813 I HourObserver: stats wifi open time, wifi conn, set mWifiOpenTime = 1501743942844
08-03 15:05:42.853  1813  1813 W Ptm.AbnormalObserver: unhandled mesg: 2006
08-03 15:05:42.859  1374  1374 I NetworkSpeedManagerEx: mIsNetworkSpeedEnabled = true, mIsAirplaneMode = false, mIsWifiConnected = true, mIsHasIccCard = false, mIsNetworkValid = false, mIsDataSwitchEnabled = true
08-03 15:05:42.859  1374  1374 I NetworkSpeedManagerEx: mIsNetworkSpeedEnabled = true, mIsAirplaneMode = false, mIsWifiConnected = true, mIsHasIccCard = false, mIsNetworkValid = false, mIsDataSwitchEnabled = true
08-03 15:05:42.864  1058 12886 I chatty  : uid=1000 system_server expire 1 line
08-03 15:05:42.878  1374  1374 I NetworkSpeedManagerEx: mIsNetworkSpeedEnabled = true, mIsAirplaneMode = false, mIsWifiConnected = true, mIsHasIccCard = false, mIsNetworkValid = false, mIsDataSwitchEnabled = true
08-03 15:05:42.886 12887 12887 I         : power log dlsym ok
08-03 15:05:42.888 12887 12887 I art     : Reinit property: dalvik.vm.checkjni= false
08-03 15:05:42.890  1374  1374 I NetworkSpeedManagerEx: mIsNetworkSpeedEnabled = true, mIsAirplaneMode = false, mIsWifiConnected = true, mIsHasIccCard = false, mIsNetworkValid = false, mIsDataSwitchEnabled = true
08-03 15:05:42.893  1058  1198 I chatty  : uid=1000(system) ConnectivitySer expire 19 lines
08-03 15:05:42.901  1460  1460 E WifiUtils: NetworkInfo is null!
08-03 15:05:42.902  1058  1241 I chatty  : uid=1000(system) WifiProStateMac expire 8 lines
