08-03 15:05:54.406  1584 13077 I TotemWeather: DeviceStateListener info:onTaskStateChanged->taskType:1, taskState:1
08-03 15:05:54.406  1584 13077 I TotemWeather: DeviceStateListener info:checkWeatherInfoTimeOut: weather update befor an hour,create 
08-03 15:05:54.406  1584 13077 I TotemWeather: DeviceStateListener info:createTaskByHost->host:auto
08-03 15:05:54.406  2201  2416 I TotemWeather: WeatherDataManager info:queryCityTaskImpl: my location is enable locateCity = Chaoyang District
08-03 15:05:54.407  2201  2201 I TotemWeather: DateTimeView info:updateNextData nextTime: 0
08-03 15:05:54.410  1584 13077 I TotemWeather: WeatherService info:processIntent action =com.huawei.android.action.REQUEST_WEATHER
08-03 15:05:54.412  1584 13077 I TotemWeather: DeviceStateListener info:setMyCityChanged->changed:false
08-03 15:05:54.412  1584 13077 I TotemWeather: WeatherTaskController info:addWeatherTask->citycode= null
08-03 15:05:54.412  1584 13077 I TotemWeather: WeatherTaskController info:shouldAddTask->task type:auto
08-03 15:05:54.412  1584 13077 I TotemWeather: WeatherTaskController info:addWeatherTask->this task has not add to mTaskList:null
08-03 15:05:54.413  1374  1374 I PhoneStatusBarPolicy: updateBluetooth:::setBluetoothBatteryEnable false.
08-03 15:05:54.413  1374  1374 I PhoneStatusBarPolicy: updateBluetooth::bluetoothEnabled:false, bluetoothConnected=false, bluetoothTransfering=false
08-03 15:05:54.413  2201  2389 I OpenGLRenderer: Initialized EGL, version 1.4
08-03 15:05:54.417   430  1262 I gralloc : alloc_device_alloc:564: Alloc handle(0x7eb9856c00): interfmt=200000001, stride=1088, size=8486912, usage=0xb00
08-03 15:05:54.417  2201  2201 I HwLauncher: WeatherDynamicUpdater receive action = com.huawei.android.action.launcher_weather_icon_change
08-03 15:05:54.420  2201  2201 I TotemWeather: DateTimeView info:,Time =3:05,[:] timezone=中国标准时间
08-03 15:05:54.421  2201  2358 I HwLauncher: WeatherDynamicUpdater receiver data is int[] = [0, 0, 4, 0, 2, 0, 0, 0] ; stringArray[] = [sunny, num3, num5, tempc] ; dynamic_gravity = center
08-03 15:05:54.421  2201  2358 I HwLauncher: WeatherDynamicUpdater update before : mDrawingData[0] = sunny:0, 0, 0
08-03 15:05:54.422  2201  2358 I HwLauncher: WeatherDynamicUpdater update before : mDrawingData[1] = num3:4, 0, 0
08-03 15:05:54.422  2201  2358 I HwLauncher: WeatherDynamicUpdater update before : mDrawingData[2] = num5:2, 0, 0
08-03 15:05:54.422  2201  2358 I HwLauncher: WeatherDynamicUpdater update before : mDrawingData[3] = tempc:0, 0, 0
08-03 15:05:54.422  2201  2358 I HwLauncher: WeatherDynamicUpdater  picNames.length not equal tmpMapList.size(), so no need to updatePreData... ; picNames.length = 4 , tmpMapList.size() = 0
08-03 15:05:54.423   430  1262 I gralloc : alloc_device_alloc:564: Alloc handle(0x7eb9841b00): interfmt=200000001, stride=1088, size=8486912, usage=0xb00
08-03 15:05:54.423   430  1262 I gralloc : alloc_device_alloc:564: Alloc handle(0x7eb9856300): interfmt=200000001, stride=1088, size=8486912, usage=0xb00
08-03 15:05:54.426  2201  2201 I TotemWeather: DateTimeView info:updateNextData nextTime: 6575
08-03 15:05:54.429  4752  4752 I SendBroadcastPermission: action:com.baidu.input.entry.launcer, mPermissionType:0
08-03 15:05:54.455  2201  2201 I TotemWeather: WidgetDataManager info:getLightColorType : 3
08-03 15:05:54.456  2201  2201 I TotemWeather: DateTimeView info:updateNextData nextTime: 0
08-03 15:05:54.458  2201  2201 I TotemWeather: DateTimeView info:updateNextData nextTime: 0
08-03 15:05:54.474  2201  2201 I TotemWeather: DateTimeView info:,Time =3:05,[:] timezone=中国标准时间
08-03 15:05:54.474   430   445 I gralloc : alloc_device_free:586: Free handle(0x7eb9856400)
08-03 15:05:54.474   430   445 I gralloc : alloc_device_free:586: Free handle(0x7eb9856600)
08-03 15:05:54.476  2201  2201 I TotemWeather: DateTimeView info:updateNextData nextTime: 6524
08-03 15:05:54.486  1374  1374 I HwResourcesImpl: load icon id : 7f030000, pkgName : com.android.settings
08-03 15:05:54.486  1374  1374 W CfgFilePolicy: No config file found for:/themes/diff/icons
08-03 15:05:54.486  1374  1374 W CfgFilePolicy: CFG_DIRS length : 9
08-03 15:05:54.488  1374  1374 I HwResourcesImpl: icon : com.android.settings found in theme
08-03 15:05:54.582  1584  2427 I TotemWeather: JAccuWeatherParser info:begin to checkExpectCity 
08-03 15:05:54.584  1584  2427 I TotemWeather: JAccuWeatherParser info:country code is not china
08-03 15:05:54.584  1584  2427 I TotemWeather: JAccuWeatherParser info:parseLocation start
08-03 15:05:54.586  1584  2427 I TotemWeather: JAccuWeatherParser info:parseNodeLocation end , WeatherInfo = CityCode =57456 Status =0 StateName =Beijing CityName =Chaoyang District TimeZone =Asia/Shanghai Time =0 IsDayLight =false Temperature =0.0 WeatherIcon =0 WeatherDes =null ObservationTime =0 WindSpeed =-1 WindDirection =-1 PMNum =-1 PMStatus =null PMDESCnull PM2.5 =-1.0 PM10 =-1.0 CO2 =-1.0 CO =-1.0 SO2 =-1.0 O3 =-1.0 MobileLink =null
08-03 15:05:54.586  1584  2427 I TotemWeather:  ForecastDayInfo= 
08-03 15:05:54.586  1584  2427 I TotemWeather:  null
08-03 15:05:54.760   430   430 I gralloc : alloc_device_free:586: Free handle(0x7eb44baf00)
08-03 15:05:54.832  1584 13081 I TotemWeather: JAccuWeatherParser info:parseOneDaysAlarms-> start, alarms count:0
08-03 15:05:54.842  1584 13078 I TotemWeather: JAccuWeatherParser info:parseCurrentConditions start
08-03 15:05:54.842  1584 13078 I TotemWeather: JAccuWeatherParser info:parseCurrentConditions end, WeatherIcon = 1
08-03 15:05:54.846  1584 13079 I TotemWeather: JAccuWeatherParser info:parseFiveDayForecasts start
08-03 15:05:54.849  1058  1237 I chatty  : uid=1000(system) WiFiArpStateMac expire 8 lines
08-03 15:05:54.851  1584 13079 I TotemWeather: JAccuWeatherParser info:parseFiveDayForecasts end
08-03 15:05:54.852  1535 12883 I DownloadState: @@@@@@@@@@@@ uid :10027 download :true
08-03 15:05:54.852  1535 12883 I PGServer: report state:5 event type:1 pid:0 uid:10027 pkg:null to pid: 1058
08-03 15:05:54.952  2201  2201 I HwLauncher: Launcher.Utilities  unread scaledHeight = 51;sBigIconSize = 161
08-03 15:05:54.963  2201  2389 W OpenGLRenderer: Incorrectly called buildLayer on View: ShortcutAndWidgetContainer, destroying layer...
08-03 15:05:54.963  2201  2389 W OpenGLRenderer: Incorrectly called buildLayer on View: ShortcutAndWidgetContainer, destroying layer...
08-03 15:05:55.024  1535  1546 I PGServer: checkPkgType. calling pkg: android
08-03 15:05:55.060  1374  1374 I NetworkSpeedManagerEx: mIsStop = false
08-03 15:05:55.061  1374  1374 I NetworkSpeedManagerEx:  value = 5780.0
08-03 15:05:55.062  1374  1374 I NetworkSpeedManagerEx: speed = 5.6K/s
08-03 15:05:55.062  1374  1374 I NetworkSpeedView: /update(), speed=5.6K/s parent class:class com.android.systemui.statusbar.HwSystemIcons
08-03 15:05:55.079  1374  1374 I NetworkSpeedManagerEx: mIsStop = false
08-03 15:05:55.081  1374  1374 I NetworkSpeedManagerEx:  value = 5780.0
08-03 15:05:55.082  1374  1374 I NetworkSpeedManagerEx: speed = 5.6K/s
08-03 15:05:55.082  1374  1374 I NetworkSpeedView: /update(), speed=5.6K/s parent class:class com.android.systemui.statusbar.HwSystemIcons
08-03 15:05:55.370  1374  1374 I SlideTouchEvent: Sliding distanceY > distancex, 8.0, -7.0
08-03 15:05:55.398  2201  2201 I HwLauncher: Launcher onPause()
08-03 15:05:55.398  2201 13085 I HwLauncher: Launcher.MotionManager stopMotionAppsReco begin,mFlg = 403
08-03 15:05:55.398  2201 13085 W HwLauncher: Launcher.MotionManager stopMotionAppsReco service flg 403 is unavailable
08-03 15:05:55.404  1813  2608 W Ptm.AbnormalObserver: unhandled mesg: 4005
08-03 15:05:55.421  2201  2201 I HwLauncher: Launcher onStop()
08-03 15:05:55.424   430  5973 I gralloc : alloc_device_free:586: Free handle(0x7eb9856c00)
08-03 15:05:55.424   430  5973 I gralloc : alloc_device_free:586: Free handle(0x7eb9856300)
08-03 15:05:55.442  1584 13093 I TotemWeather: WeatherService info:processIntent action =com.huawei.android.action.NOTIFY_STATE
08-03 15:05:55.443  1584 13093 I TotemWeather: DeviceStateListener info:onTaskStateChanged->taskType:1, taskState:0
08-03 15:05:55.448  1374  1374 I HwPointEventFilter: support AFT
08-03 15:05:55.450  1374  1374 W StatusBarWindowManager: Apply window Height 72
08-03 15:05:55.451  1374  1374 I PanelBar: panelExpansionChanged 0.0, false
08-03 15:05:55.451  1374  1374 I PanelBar: panelExpansionChanged 0.0, false
08-03 15:05:55.488  1374  1447 I HwResourcesImpl: load icon id : 7f020229, pkgName : com.ijinshan.browser_fast
08-03 15:05:55.489  1374  1447 W CfgFilePolicy: No config file found for:/themes/diff/icons
08-03 15:05:55.489  1374  1447 W CfgFilePolicy: CFG_DIRS length : 9
08-03 15:05:55.489  1374  1447 I HwResourcesImpl: icon : com.ijinshan.browser_fast found in app
08-03 15:05:55.495   430  5973 I gralloc : alloc_device_alloc:564: Alloc handle(0x7eb9856500): interfmt=200000001, stride=1088, size=8486912, usage=0xb00
08-03 15:05:55.498   430  5973 I gralloc : alloc_device_alloc:564: Alloc handle(0x7eb9841700): interfmt=200000001, stride=1088, size=8486912, usage=0xb00
08-03 15:05:55.499   430  5973 I gralloc : alloc_device_alloc:564: Alloc handle(0x7eb9856900): interfmt=200000001, stride=1088, size=8486912, usage=0xb00
08-03 15:05:55.518  1374  1374 I PhoneStatusBarPolicy: updateBluetooth:::setBluetoothBatteryEnable false.
08-03 15:05:55.518  1374  1374 I PhoneStatusBarPolicy: updateBluetooth::bluetoothEnabled:false, bluetoothConnected=false, bluetoothTransfering=false
08-03 15:05:55.542   430   430 I gralloc : alloc_device_free:586: Free handle(0x7eb9841b00)
08-03 15:05:55.580   568   568 E Thermal-daemon: [pa_0] temp_new :26  temp_old :25
08-03 15:05:55.580   568   568 E Thermal-daemon: Report temperature: [pa_0] temp :26  report_threshold:1
08-03 15:05:55.832  1584 13082 I TotemWeather: JAccuWeatherParser info:parseCurrentAirquality start
08-03 15:05:55.833  1584  2427 I TotemWeather: JsonWeatherParser info:parserImpl->parse finished, has Exception:false
08-03 15:05:55.833  1584  2427 I TotemWeather: JsonWeatherParser info:checkWeatherAlarmData
08-03 15:05:55.833  1584  2427 I TotemWeather: JsonWeatherParser info:has no alarm
08-03 15:05:55.838  1584  2427 I TotemWeather: TempHighAndLowTempVerifyPolicy info:checkHighAndLowTemp
08-03 15:05:55.838  1584  2427 I TotemWeather: TempCurrentTempVerifyPolicy info:checkCurrentTemp
08-03 15:05:55.838  1584  2427 I TotemWeather: TimeVerifyPolicy info:checkSunTime
08-03 15:05:55.838  1584  2427 W TotemWeather: WeatherTaskController warn: getWeatherTask is null, stop weather task thread
08-03 15:05:55.838  1584  1646 I TotemWeather: WeatherTaskController info:handleMessage state = 7 , info = cityId : 1,erroNo = 7, host= auto_fail_retry
08-03 15:05:55.838  1584  1646 I TotemWeather: WeatherTaskController info:notifyTaskSuccess cityCode= null
08-03 15:05:55.840  1491  1504 W PhoneInterfaceManager: shouldBlockLocation running ...
08-03 15:05:55.841  1491  1504 I PhoneInterfaceManager: shouldBlockLocation  ret:false
08-03 15:05:55.846  1491  8384 W PhoneInterfaceManager: shouldBlockLocation running ...
08-03 15:05:55.846  1491  8384 I PhoneInterfaceManager: shouldBlockLocation  ret:false
08-03 15:05:55.849  1584  1646 W TotemWeather: HwWeatherStat warn: getCellIdFromCellInfo->unknown type cellinfo
08-03 15:05:55.849  1584  1646 I TotemWeather: LearnManager info:cell id is no type
08-03 15:05:55.858  1584  1646 I TotemWeather: WeatherProvider info:delete count=5,deleteWhere=weather_info_id=1,tableName=weatherDayInfo
08-03 15:05:55.871  1584  1646 I TotemWeather: WeatherProvider info:delete count=0,deleteWhere=weather_id=1,tableName=weatherAlarm
08-03 15:05:55.874  1584  1646 I TotemWeather: WeatherProvider info:delete count=24,deleteWhere=weather_id=1,tableName=weatherHoursInfo
08-03 15:05:55.909  1584  1646 I SendBroadcastPermission: action:com.huawei.android.action.WEATHER_CHANGE, mPermissionType:0
08-03 15:05:55.910  1584  1646 I TotemWeather: Utils info:launcherIntent for weather DynamicIcon
08-03 15:05:55.910  1584  1646 I TotemWeather: Utils info:getWidgetShowCityInfo return myLocation
08-03 15:05:55.910  2201  2201 I TotemWeather: WeatherDataObserver info:receive action = #Intent;action=com.huawei.android.action.WEATHER_CHANGE;launchFlags=0x10;i.status=1;l._id=1;end
08-03 15:05:55.911  1584  1646 I SendBroadcastPermission: action:com.huawei.android.action.launcher_weather_icon_change, mPermissionType:0
08-03 15:05:55.913  1374  1374 I EventCenter: EventCenter Get :com.huawei.android.action.WEATHER_CHANGE
08-03 15:05:55.914  1584  1646 I TotemWeather: HomeCityWeather info:sendHomeCityWeatherChange
08-03 15:05:55.914  1584  1646 I TotemWeather: Utils info:getWidgetShowCityInfo return myLocation
08-03 15:05:55.914  1584  1646 I TotemWeather: HomeCityWeather info:getJsonWeatherdata cityInfo =  [mCityId=1,mTimeZone=Asia/Shanghai,cityCode=null,cType=10,isHomeCity=false, hwId = null, mSequenceId = 1]
08-03 15:05:55.914  1584  1646 I TotemWeather: HomeCityWeather info:enter packJsonData
08-03 15:05:55.914  1584  1646 I TotemWeather: HomeCityWeather info:arrays is empty
08-03 15:05:55.914  1584  1646 I TotemWeather: HomeCityWeather info:packWeatherInfoJson dayIndex=1
08-03 15:05:55.915  1584  1646 I SendBroadcastPermission: action:com.huawei.android.action.action_home_city_weather, mPermissionType:0
08-03 15:05:55.920  1584  1595 I TotemWeather: WeatherProvider info:call method named query_home_city_weather, cityType : 10
08-03 15:05:55.921  1584  1646 I TotemWeather: SmartHelper info:WeatherAlarm list = null
08-03 15:05:55.921  1584  1646 I SendBroadcastPermission: action:com.huawei.android.action.alarm_weather, mPermissionType:0
08-03 15:05:55.921  1584  1595 I TotemWeather: HomeCityWeather info:getJsonWeatherdata cityInfo =  [mCityId=1,mTimeZone=Asia/Shanghai,cityCode=null,cType=10,isHomeCity=false, hwId = null, mSequenceId = 1]
08-03 15:05:55.921  1584  1595 I TotemWeather: HomeCityWeather info:enter packJsonData
08-03 15:05:55.921  1584  1595 I TotemWeather: HomeCityWeather info:arrays is empty
08-03 15:05:55.921  1584  1595 I TotemWeather: HomeCityWeather info:packWeatherInfoJson dayIndex=1
08-03 15:05:55.928  1491  8389 W PhoneInterfaceManager: shouldBlockLocation running ...
08-03 15:05:55.929  1491  8389 I PhoneInterfaceManager: shouldBlockLocation  ret:false
08-03 15:05:55.929  1374 13033 I WeatherUtils: getCurrentWeatherInfo currentTemperature is :36.0 mWeatherIcon Id is: 1
08-03 15:05:55.937  1491  8385 W PhoneInterfaceManager: shouldBlockLocation running ...
08-03 15:05:55.937  1491  8385 I PhoneInterfaceManager: shouldBlockLocation  ret:false
08-03 15:05:55.940  1584  1646 W TotemWeather: HwWeatherStat warn: getCellIdFromCellInfo->unknown type cellinfo
08-03 15:05:55.940  1584  1646 I TotemWeather: HwWeatherStat info:version is zh, sCanSuccess is = true
08-03 15:05:55.941  1584  1596 I TotemWeather: WeatherProvider info:call method named query_home_city_weather, cityType : 15
08-03 15:05:55.941  1584  1596 I TotemWeather: HomeCityWeather info:getJsonWeatherdata cityInfo = null
08-03 15:05:55.941  1584  1596 I TotemWeather: HomeCityWeather info:enter packJsonData
08-03 15:05:55.941  1584  1596 I TotemWeather: HomeCityWeather info:arrays is empty
08-03 15:05:55.941  1584  1596 I TotemWeather: HomeCityWeather info:weatherInfo or mForecastDayInfo or cityInfo = null
08-03 15:05:55.943  1584  1646 I TotemWeather: HwWeatherStat info:version is zh, sCanSuccess is = true
08-03 15:05:55.943  1584  1646 I TotemWeather: RetryTaskController info:RetryTaskController onTaskSuccess, cityId = 1
08-03 15:05:55.943  1584  1646 I TotemWeather: RetryTaskController info:removeRetryTask cityId = 1
08-03 15:05:55.943  1374 13033 I WeatherUtils: getCurrentWeatherInfo currentTemperature is :-20000.0 mWeatherIcon Id is: 0
08-03 15:05:55.945  1584  1646 I TotemWeather: RetryTaskController info:when sendDelayedTask, mTaskList is null, all task completed
08-03 15:05:55.945  1584  1646 I TotemWeather: RetryTaskController info:paraMap is empty
08-03 15:05:55.959 10446 13104 I HwIntelligent3_WeatherAction: handleActionAlarm : value is {"alarm_weather":[],"alarm_city":{"city_type":1,"time_zone":"Asia\/Shanghai","goto_cityId":1,"city_name":"Chaoyang District"}} :  --> flow check at WeatherAction doAction 36
08-03 15:05:55.959 10446 13104 I HwIntelligent3_IntelligentProvider: Provider.call: getPrefString
08-03 15:05:55.961  1584  1641 I TotemWeather: WeatherProvider info:call method named query_home_city_weather, cityType : 10
08-03 15:05:55.961  1584  1641 I TotemWeather: HomeCityWeather info:getJsonWeatherdata cityInfo =  [mCityId=1,mTimeZone=Asia/Shanghai,cityCode=null,cType=10,isHomeCity=false, hwId = null, mSequenceId = 1]
08-03 15:05:55.961  1584  1641 I TotemWeather: HomeCityWeather info:enter packJsonData
08-03 15:05:55.961  1584  1641 I TotemWeather: HomeCityWeather info:arrays is empty
08-03 15:05:55.961  1584  1641 I TotemWeather: HomeCityWeather info:packWeatherInfoJson dayIndex=1
08-03 15:05:55.971  1374 13033 I WeatherUtils: getCurrentWeatherInfo currentTemperature is :36.0 mWeatherIcon Id is: 1
08-03 15:05:56.022  2201  2416 I TotemWeather: WeatherDataManager info:queryCityTaskImpl: my location is enable locateCity = Chaoyang District
08-03 15:05:56.061  2201  2201 I TotemWeather: WidgetDataManager info:getLightColorType : 3
08-03 15:05:56.063  2201  2201 I TotemWeather: DateTimeView info:updateNextData nextTime: 0
08-03 15:05:56.067  2201  2201 I TotemWeather: DateTimeView info:updateNextData nextTime: 0
08-03 15:05:56.072  2201  2201 I TotemWeather: DateTimeView info:,Time =3:05,[:] timezone=中国标准时间
08-03 15:05:56.076  2201  2201 I TotemWeather: DateTimeView info:updateNextData nextTime: 4925
08-03 15:05:56.217  2306  2306 W cr_ScreenOrientation: Removing an inexistent observer!
08-03 15:05:56.230  2306 13109 W chromium: [WARNING:gin_java_bridge_message_filter.cc(111)] WebView: Unknown frame routing id: 2
08-03 15:05:56.230  2306 13109 W chromium: [WARNING:gin_java_bridge_message_filter.cc(111)] WebView: Unknown frame routing id: 2
08-03 15:05:57.168  1374  1374 W StatusBarWindowManager: Apply window Height 72
08-03 15:05:57.169  1374  1374 I PanelBar: panelExpansionChanged 0.0, false
08-03 15:05:57.169  1374  1374 I PanelBar: panelExpansionChanged 0.0, false
08-03 15:05:57.176  1374  1374 I HwRecentTaskRemove: notifyRemoveStart called, clickTime:1501743956971
08-03 15:05:57.185  1374 13114 I SendBroadcastPermission: action:com.huawei.systemmanager.action.REQUEST_TRIM_ALL, mPermissionType:0
08-03 15:05:57.185  1058  1058 I chatty  : uid=1000 system_server expire 44 lines
08-03 15:05:57.187  1813  2608 W Ptm.AbnormalObserver: unhandled mesg: 4005
08-03 15:05:57.191  2201  2201 I HwLauncher: Launcher  onNewIntent mIsToUninstallApp = false,mIsLoading = false
08-03 15:05:57.192  2201  2201 I HwLauncher: Launcher  onNewIntent alreadyOnHome = false, touchActive = false
08-03 15:05:57.192  2201  2201 I HwLauncher: Workspace  changeState() fromState = NORMAL_MODE, toState = NORMAL_MODE, animated = false, delay = 40
08-03 15:05:57.192  2201  2201 W HwLauncher: Workspace  changeState() state no change.
08-03 15:05:57.192  2201  2201 I HwLauncher: Launcher  onNewIntent end
08-03 15:05:57.193  2201  2201 I HwLauncher: Launcher onStart()
08-03 15:05:57.193  2201  2201 I HwLauncher: Launcher dynamicIconsRegister
08-03 15:05:57.193  2201  2201 I HwLauncher: DynamicUpdater registerReceiver
08-03 15:05:57.194  2201  2201 I HwLauncher: DynamicUpdater call updateFolder
08-03 15:05:57.194  2201  2201 I HwLauncher: DynamicIcon onResume  isvisible = false   mAttachedToWindow:true    mWindowVisible:falsecom.android.deskclock
08-03 15:05:57.194  2201  2201 I HwLauncher: DynamicUpdater registerReceiver
08-03 15:05:57.194  2201  2358 E HwLauncher: SettingsEx , no such field.
08-03 15:05:57.194  2201  2358 W HwLauncher: Clock getDataFormat the getSystemString failed.
08-03 15:05:57.194  2201  2201 I HwLauncher: DynamicUpdater call updateFolder
08-03 15:05:57.194  2201  2358 I HwLauncher: WeatherDynamicUpdater positiveUpdate at WeatherDynamicUpdater
08-03 15:05:57.194  2201  2201 I HwLauncher: DynamicIcon onResume  isvisible = true   mAttachedToWindow:false    mWindowVisible:falsecom.huawei.android.totemweather
08-03 15:05:57.194  2201  2201 I HwLauncher: DynamicUpdater registerReceiver
08-03 15:05:57.197  2201  2201 I HwLauncher: DynamicUpdater call updateFolder
08-03 15:05:57.197  2201  2201 I HwLauncher: DynamicIcon onResume  isvisible = false   mAttachedToWindow:true    mWindowVisible:falsecom.android.calendar
08-03 15:05:57.198  2201  2201 I HwLauncher: Launcher  Launcher.onStart() cost 4 ms
08-03 15:05:57.198  2201  2201 I HwLauncher: Launcher onResume()
08-03 15:05:57.198  1374  1374 W ImageWallpaper: trimMemory condition not ready!
08-03 15:05:57.198  2201  2201 I HwLauncher: Launcher doResumeWork()
08-03 15:05:57.199  1584  1596 I TotemWeather: Utils info:launcherIntent for weather DynamicIcon
08-03 15:05:57.199  1584  1596 I TotemWeather: Utils info:getWidgetShowCityInfo return myLocation
08-03 15:05:57.200  2201  2201 I HwLauncher: Launcher  onResume mIsToUninstallApp = false
08-03 15:05:57.200  2201  2201 I HwLauncher: Launcher  Launcher hot start cost 6 ms
08-03 15:05:57.200  1584  1596 I SendBroadcastPermission: action:com.huawei.android.action.launcher_weather_icon_change, mPermissionType:0
08-03 15:05:57.209  1584 13117 I TotemWeather: WeatherService info:processIntent action =com.huawei.android.action.NOTIFY_STATE
08-03 15:05:57.209  1584 13117 I TotemWeather: DeviceStateListener info:onTaskStateChanged->taskType:1, taskState:1
08-03 15:05:57.210  1584 13117 I TotemWeather: DeviceStateListener info:checkWeatherInfoTimeOut: weather update in half an hour,return
08-03 15:05:57.216  1058  5147 I chatty  : uid=1000(system) AsyUploadThread expire 31 lines
08-03 15:05:57.219  2201  2201 I TotemWeather: DateTimeView info:updateNextData nextTime: 0
08-03 15:05:57.223  2201  2416 I TotemWeather: WeatherDataManager info:queryCityTaskImpl: my location is enable locateCity = Chaoyang District
08-03 15:05:57.225  2201  2389 I OpenGLRenderer: Initialized EGL, version 1.4
08-03 15:05:57.225  2201  2201 I HwLauncher: WeatherDynamicUpdater receive action = com.huawei.android.action.launcher_weather_icon_change
08-03 15:05:57.225  2201  2358 I HwLauncher: WeatherDynamicUpdater receiver data is int[] = [0, 0, 4, 0, 2, 0, 0, 0] ; stringArray[] = [sunny, num3, num6, tempc] ; dynamic_gravity = center
08-03 15:05:57.225  2201  2358 I HwLauncher: WeatherDynamicUpdater update before : mDrawingData[0] = sunny:0, 0, 0
08-03 15:05:57.225  2201  2358 I HwLauncher: WeatherDynamicUpdater update before : mDrawingData[1] = num3:4, 0, 0
08-03 15:05:57.225  2201  2358 I HwLauncher: WeatherDynamicUpdater update before : mDrawingData[2] = num6:2, 0, 0
08-03 15:05:57.225  2201  2358 I HwLauncher: WeatherDynamicUpdater update before : mDrawingData[3] = tempc:0, 0, 0
08-03 15:05:57.225  2201  2358 I HwLauncher: WeatherDynamicUpdater  picNames.length not equal tmpMapList.size(), so no need to updatePreData... ; picNames.length = 4 , tmpMapList.size() = 0
08-03 15:05:57.229  2201  2201 I TotemWeather: DateTimeView info:,Time =3:05,[:] timezone=中国标准时间
08-03 15:05:57.230  4569  4569 I ActionTrace_HomePageShadow: BrowserController onDestroy
08-03 15:05:57.248  2201  2201 I TotemWeather: DateTimeView info:updateNextData nextTime: 3770
08-03 15:05:57.274  1374  1374 I PhoneStatusBarPolicy: updateBluetooth:::setBluetoothBatteryEnable false.
08-03 15:05:57.274  1374  1374 I PhoneStatusBarPolicy: updateBluetooth::bluetoothEnabled:false, bluetoothConnected=false, bluetoothTransfering=false
08-03 15:05:57.283  4569  5463 E ConnectivityManager.CallbackHandler: callback not found for RELEASED message
08-03 15:05:57.287  1058  2199 I chatty  : uid=1000(system) Binder:1058_E expire 12 lines
08-03 15:05:57.310  2201  2201 I HwLauncher: DynamicUpdater call updateFolder
08-03 15:05:57.311  4752  4752 I SendBroadcastPermission: action:com.baidu.input.entry.launcer, mPermissionType:0
08-03 15:05:57.320  1058  1806 I chatty  : uid=1000(system) Binder:1058_C expire 22 lines
08-03 15:05:57.349  2201  2201 I TotemWeather: WidgetDataManager info:getLightColorType : 3
08-03 15:05:57.350  2201  2201 I TotemWeather: DateTimeView info:updateNextData nextTime: 0
08-03 15:05:57.352  2201  2201 I TotemWeather: DateTimeView info:updateNextData nextTime: 0
08-03 15:05:57.363  2201  2201 I TotemWeather: DateTimeView info:,Time =3:05,[:] timezone=中国标准时间
08-03 15:05:57.364  2201  2201 I TotemWeather: DateTimeView info:updateNextData nextTime: 3636
08-03 15:05:57.386  1568  1726 I chatty  : uid=1000(system) HsmExecutor #1 expire 2 lines
08-03 15:05:57.408  1058  1314 I chatty  : uid=1000(system) Binder:1058_4 expire 10 lines
08-03 15:05:57.410  1058  1776 I chatty  : uid=1000(system) Binder:1058_8 expire 22 lines
08-03 15:05:57.415  1058  1069 I chatty  : uid=1000(system) Binder:1058_2 expire 8 lines
08-03 15:05:57.432 13120 13120 I         : power log dlsym ok
08-03 15:05:57.433 12149 12149 I PhotoShareUtils: bindPhotoShareService duration=19
08-03 15:05:57.434 13120 13120 I art     : Reinit property: dalvik.vm.checkjni= false
08-03 15:05:57.448  1058  1803 I chatty  : uid=1000(system) Binder:1058_A expire 9 lines
08-03 15:05:57.459   430  1262 I chatty  : uid=1000(system) Binder:430_3 expire 11 lines
08-03 15:05:57.469  1058  2490 I chatty  : uid=1000(system) Binder:1058_10 expire 5 lines
08-03 15:05:57.507 13120 13120 W art     : JIT profile information will not be recorded: profile file does not exits.
08-03 15:05:57.576  1058  2489 I chatty  : uid=1000(system) Binder:1058_F expire 25 lines
08-03 15:05:57.579 13120 13120 E FileManager: LoadDisk Class Exception!
08-03 15:05:57.583 13120 13120 E CommonUtils: getBoolean [class java.lang.String, class java.lang.String]
08-03 15:05:57.583 13120 13120 E AppLogApi/CrashHandler: CrashHandler init
08-03 15:05:57.583 13120 13120 E ReportApi: init reportCycle==40000
08-03 15:05:57.585 13120 13120 I AppLogManager: AppLogManager onCreate
08-03 15:05:57.585 13120 13120 I AppLogManager: worker start
08-03 15:05:57.590  1535  1793 I InputManager: new hook event
08-03 15:05:57.596 13120 13120 I SkytoneSDK-1.0.1.301|SubscribeManager: initSDK
08-03 15:05:57.602 13120 13120 I SkytoneSDK-1.0.1.301|SubscribeManager: handle ActivateVSim event when initSDK
08-03 15:05:57.623  2108  2113 I art     : Do partial code cache collection, code=21KB, data=27KB
08-03 15:05:57.623  2108  2113 I art     : After code cache collection, code=21KB, data=27KB
08-03 15:05:57.623  2108  2113 I art     : Increasing code cache capacity to 128KB
08-03 15:05:57.633 13120 13120 I hisync.HicloudApplication: processObserverService
08-03 15:05:57.635 13120 13142 I SkytoneSDK-1.0.1.301|ActivateVSimEventHandler: handle start
08-03 15:05:57.635 13120 13142 I SkytoneSDK-1.0.1.301|ActivateVSimEventHandler: handleActivateVSimEvent
08-03 15:05:57.644 13120 13120 I hisync.HicloudApplication: PackageName: com.huawei.hidisk, processName: com.huawei.hidisk
08-03 15:05:57.649  1374 13114 E HwRecentTaskRemove: wait for remove task timeout!! time:20000ms
08-03 15:05:57.653 13145 13145 I         : power log dlsym ok
08-03 15:05:57.655 13145 13145 I art     : Reinit property: dalvik.vm.checkjni= false
08-03 15:05:57.661 13120 13158 I hisync.HiCloudApplication: updateFlag: true
08-03 15:05:57.664 13120 13120 I CloudAlbum[5.3.0.303]: [CloudAlbumService] onCreate
08-03 15:05:57.664 13120 13120 I CloudAlbum[5.3.0.303]: [CloudDBManager] initDataBase start!
08-03 15:05:57.672  1374  1374 I HwPointEventFilter: support AFT
08-03 15:05:57.683 13120 13120 E CloudAlbum[5.3.0.303]: [FileHelper] uuid is null
08-03 15:05:57.683 13145 13145 W art     : JIT profile information will not be recorded: profile file does not exits.
08-03 15:05:57.694 13120 13120 I CloudAlbum[5.3.0.303]: [DBManualUpDownManager] initManualUpAndDownloadStatus
08-03 15:05:57.695 13145 13145 I MultiDex: VM with version 2.1.0 has multidex support
08-03 15:05:57.695 13145 13145 I MultiDex: install
08-03 15:05:57.695 13145 13145 I MultiDex: VM has multidex support, MultiDex support library is disabled.
08-03 15:05:57.698 13120 13120 I CloudAlbum[5.3.0.303]: [CloudAlbumService] onBind
08-03 15:05:57.704 13120 13166 I CloudAlbum[5.3.0.303]: [SeparateTaskCallable] Execute SeparateTaskCallable TaskType:queryGallarySupport
08-03 15:05:57.705 13120 13166 I CloudAlbum[5.3.0.303]: [CommonUtil] begin IsGallerySupportCallHisyncService
08-03 15:05:57.708 13120 13132 I CloudAlbum[5.3.0.303]: [CloudAlbumService] register callback success
08-03 15:05:57.723 13145 13145 W System  : ClassLoader referenced unknown path: 
08-03 15:05:57.723 13145 13145 W System  : ClassLoader referenced unknown path: 
08-03 15:05:57.731 13120 13166 I CloudAlbum[5.3.0.303]: [CommonUtil] IsGallerySupportCallHisyncService = true
08-03 15:05:57.757   381   383 E teecd   : cannot find package:system_server
08-03 15:05:57.757   381   383 E teecd   : get certs for app failed
08-03 15:05:57.762  2201  2201 I HwLauncher: Launcher.Utilities  unread scaledHeight = 51;sBigIconSize = 161
08-03 15:05:57.767  2201  2389 W OpenGLRenderer: Incorrectly called buildLayer on View: ShortcutAndWidgetContainer, destroying layer...
08-03 15:05:57.767  2201  2389 W OpenGLRenderer: Incorrectly called buildLayer on View: ShortcutAndWidgetContainer, destroying layer...
08-03 15:05:57.792 13170 13170 I         : power log dlsym ok
08-03 15:05:57.793 13170 13170 I art     : Reinit property: dalvik.vm.checkjni= false
08-03 15:05:57.808   430  5973 I chatty  : uid=1000(system) Binder:430_5 expire 14 lines
08-03 15:05:57.813   430  1907 I chatty  : uid=1000(system) Binder:430_4 expire 12 lines
08-03 15:05:57.822 13170 13170 W art     : JIT profile information will not be recorded: profile file does not exits.
08-03 15:05:57.834 13170 13170 I MultiDex: VM with version 2.1.0 has multidex support
08-03 15:05:57.834 13170 13170 I MultiDex: install
08-03 15:05:57.834 13170 13170 I MultiDex: VM has multidex support, MultiDex support library is disabled.
08-03 15:05:57.868 13170 13170 W System  : ClassLoader referenced unknown path: 
08-03 15:05:57.868 13170 13170 W System  : ClassLoader referenced unknown path: 
08-03 15:05:57.872 13170 13170 W ws001   : p m hlc u d p o com.qihoo.appstore.loader.p.ProviderN1
08-03 15:05:57.916 13190 13190 I dex2oat : /system/bin/dex2oat -j4 --dex-file=/data/user/0/com.qihoo.appstore/files/torch/core/finalcore.jar --oat-fd=49 --oat-location=/data/user/0/com.qihoo.appstore/files/torch/opt/13170/finalcore.dex --compiler-filter=speed
08-03 15:05:57.923   381   383 E teecd   : cannot find package:system_server
08-03 15:05:57.923   381   383 E teecd   : get certs for app failed
08-03 15:05:57.953  2201  2201 I HwLauncher: FPSMonitor  [Launcher , dispatchTouchEvent begin, false, true] down event  x = 1001 y = 1414
08-03 15:05:57.953  2201  2201 I HwLauncher: Launcher workspaceTranslationX = 0.0
08-03 15:05:57.953  2201  2201 I HwLauncher: FPSMonitor  [PagedView , onIntercept] down event  x = 1001 y = 1414
08-03 15:05:57.953  2201  2201 I HwLauncher: FPSMonitor  [Launcher , dispatchTouchEvent end, false, true] down event  x = 1001 y = 1414
08-03 15:05:57.972  2201  2201 I HwLauncher:  FPSMonitor startScroll xMoved = true  xPaged = false xDiff =  22
08-03 15:05:58.049  2201  2201 I HwLauncher: FPSMonitor  [Launcher , dispatchTouchEvent begin, false, true] up event  x = 672 y = 1504
08-03 15:05:58.049  2201  2201 I HwLauncher: FPSMonitor  [PagedView , onTouchEvent] up event  x = 672 y = 1504
08-03 15:05:58.049  2201  2201 I HwLauncher:  FPSMonitor snapToPage whichPage = 1 delta = 709 duration = 360
08-03 15:05:58.049  2201  2201 I HwLauncher: FPSMonitor  [Launcher , dispatchTouchEvent end, false, true] up event  x = 672 y = 1504
08-03 15:05:58.063  1374  1374 I NetworkSpeedManagerEx: mIsStop = false
08-03 15:05:58.064  1374  1374 I NetworkSpeedManagerEx:  value = 1459.3334
08-03 15:05:58.065  1374  1374 I NetworkSpeedManagerEx: speed = 1.4K/s
08-03 15:05:58.065  1374  1374 I NetworkSpeedView: /update(), speed=1.4K/s parent class:class com.android.systemui.statusbar.HwSystemIcons
08-03 15:05:58.082  1374  1374 I NetworkSpeedManagerEx: mIsStop = false
08-03 15:05:58.083  1374  1374 I NetworkSpeedManagerEx:  value = 1459.3334
08-03 15:05:58.084  1374  1374 I NetworkSpeedManagerEx: speed = 1.4K/s
08-03 15:05:58.084  1374  1374 I NetworkSpeedView: /update(), speed=1.4K/s parent class:class com.android.systemui.statusbar.HwSystemIcons
08-03 15:05:58.103 13190 13190 I dex2oat : dex2oat took 188.038ms (threads: 4) arena alloc=2MB (2639192B) java alloc=308KB (315600B) native alloc=1559KB (1596560B) free=4MB (4694896B)
08-03 15:05:58.110 13170 13170 W ws001   : NRH lcl.fc: c=com.ak.torch.core.bridge.Core
08-03 15:05:58.111   381   383 E teecd   : cannot find package:system_server
08-03 15:05:58.111   381   383 E teecd   : get certs for app failed
08-03 15:05:58.112 13170 13170 W ws001   : NRH lcl.fc: c=com.ak.torch.engine.download.a
08-03 15:05:58.113 13170 13170 W ws001   : NRH lcl.fc: c=com.ak.a.c.a
08-03 15:05:58.115 13170 13170 W ws001   : NRH lcl.fc: c=com.ak.torch.core.nati.NativeAdLoaderProxy
08-03 15:05:58.116 13170 13170 W ws001   : NRH lcl.fc: c=com.ak.torch.engine.loader.h
08-03 15:05:58.117 13170 13170 W ws001   : NRH lcl.fc: c=com.ak.torch.engine.loader.b
08-03 15:05:58.119 13170 13170 W ws001   : NRH lcl.fc: c=com.ak.torch.core.splash.d
08-03 15:05:58.120 13170 13170 W ws001   : NRH lcl.fc: c=com.ak.torch.core.splash.h
08-03 15:05:58.122 13170 13170 W ws001   : NRH lcl.fc: c=com.ak.torch.core.nativdo.NativeVideoAdLoaderProxy
08-03 15:05:58.123 13170 13170 W ws001   : NRH lcl.fc: c=com.ak.torch.engine.e.c
08-03 15:05:58.124 13170 13170 W ws001   : NRH lcl.fc: c=com.ak.torch.core.bridge.a
08-03 15:05:58.127 13170 13170 W ws001   : NRH lcl.fc: c=com.ak.b.d.a
08-03 15:05:58.128 13170 13170 W ws001   : NRH lcl.fc: c=com.ak.torch.core.provider.TorchProvider
08-03 15:05:58.129 13170 13170 W ws001   : NRH lcl.fc: c=com.ak.d.b
08-03 15:05:58.130 13170 13170 W ws001   : NRH lcl.fc: c=com.ak.i.d
08-03 15:05:58.131 13170 13170 W ws001   : NRH lcl.fc: c=com.ak.b.a
08-03 15:05:58.132 13170 13170 W ws001   : NRH lcl.fc: c=com.ak.torch.engine.i.b
08-03 15:05:58.132 13170 13170 W ws001   : NRH lcl.fc: c=com.ak.torch.engine.i.c
08-03 15:05:58.133 13170 13170 W ws001   : NRH lcl.fc: c=com.ak.b.c
08-03 15:05:58.134 13170 13170 W ws001   : NRH lcl.fc: c=com.ak.torch.core.bridge.b
08-03 15:05:58.134 13170 13170 W ws001   : NRH lcl.fc: c=com.ak.b.d
08-03 15:05:58.135 13170 13196 W ws001   : NRH lcl.fc: c=com.ak.torch.engine.e.b
08-03 15:05:58.135 13170 13196 W ws001   : NRH lcl.fc: c=com.ak.j.b
08-03 15:05:58.137 13170 13196 W ws001   : NRH lcl.fc: c=com.ak.g.a
08-03 15:05:58.137 13170 13196 W ws001   : NRH lcl.fc: c=com.ak.g.d
08-03 15:05:58.138 13170 13196 W ws001   : NRH lcl.fc: c=com.ak.g.b
08-03 15:05:58.139 13170 13196 W ws001   : NRH lcl.fc: c=com.ak.g.c
08-03 15:05:58.139 13170 13196 W ws001   : NRH lcl.fc: c=com.ak.torch.engine.i.a.b
08-03 15:05:58.139 13170 13196 W ws001   : NRH lcl.fc: c=com.ak.l.a
08-03 15:05:58.140 13170 13196 W ws001   : NRH lcl.fc: c=com.ak.l.b
08-03 15:05:58.140 13170 13196 W ws001   : NRH lcl.fc: c=com.ak.torch.engine.i.a.a
08-03 15:05:58.140 13170 13196 W ws001   : NRH lcl.fc: c=com.ak.torch.engine.e.d
08-03 15:05:58.141 13170 13196 W ws001   : NRH lcl.fc: c=com.ak.b.e.a
08-03 15:05:58.141 13170 13196 W ws001   : NRH lcl.fc: c=com.ak.c.a
08-03 15:05:58.142 13170 13196 W ws001   : NRH lcl.fc: c=com.ak.e.a.d
08-03 15:05:58.142 13170 13196 W ws001   : NRH lcl.fc: c=com.ak.e.b.a
08-03 15:05:58.142 13170 13196 W ws001   : NRH lcl.fc: c=com.ak.e.a.a
08-03 15:05:58.142 13170 13196 W ws001   : NRH lcl.fc: c=com.ak.e.b.c
08-03 15:05:58.147 13170 13196 W ws001   : NRH lcl.fc: c=com.ak.torch.engine.i.d
08-03 15:05:58.148 13170 13196 W ws001   : NRH lcl.fc: c=com.ak.torch.engine.i.a
08-03 15:05:58.148 13120 13142 I SkytoneSDK-1.0.1.301|DeviceInfoUtils: has READ_PRIVILEGED_PHONE_STATE permission, can get IMEI
08-03 15:05:58.151 13120 13142 W SkytoneSDK-1.0.1.301|ActivateVSimEventHandler: activate time limited
08-03 15:05:58.152 13120 13142 I SkytoneSDK-1.0.1.301|ActivateVSimEventHandler: handle end
08-03 15:05:58.153  1058  1488 I chatty  : uid=1000(system) LocationThread expire 40 lines
08-03 15:05:58.154  2171  2183 I amsnlp  : onSetRequest nlp used by: [com.qihoo.appstore(10164)]
08-03 15:05:58.154  2171  2183 I amsnlp  : onSetRequest: ProviderRequestUnbundled, reportLocation is true and interval is 10000
08-03 15:05:58.154  2171  2171 I amsnlp  : in Handler: ProviderRequestUnbundled, reportLocation is true and interval is 20000
08-03 15:05:58.156  2171  2171 I amsmgrnlp: [V1.9.2.3-1-2-l4a1g0p4f4v0ofalse(r)]add listener by key:amsnlp time:20
08-03 15:05:58.156  2171  2171 I amsst   : adding listener com.amap.android.ams.i.ag@c1cd4ab with period 20 and trigger true
08-03 15:05:58.156  2171  2171 I amsl    : adll
08-03 15:05:58.156  2171  2171 I amsst   : period: 20 enabled: true
08-03 15:05:58.156  2171  2171 I amsro   : p=20, t=true
08-03 15:05:58.157  2171  2261 I amsnl   : p=20, t=true
08-03 15:05:58.157  2171  2261 I amsnl   : t:false, fl: true, p: 20000, ce: true, we: true
08-03 15:05:58.159  2171  2261 I amsnl   : m1: false
08-03 15:05:58.161  2171  2261 I amsnl   : m2: false, m3: false
08-03 15:05:58.162  2171  2261 I amsnl   : rl
08-03 15:05:58.162  2171  2261 I amsnl   : c: false, w: true, t: true, l: false
08-03 15:05:58.162  2171  2261 I amsnl   : crs
08-03 15:05:58.162  2171  2261 I amsnl   : qg
08-03 15:05:58.163  2171  2261 I amsnl   : gc
08-03 15:05:58.165  1491  8390 W PhoneInterfaceManager: shouldBlockLocation running ...
08-03 15:05:58.165  1491  8390 I PhoneInterfaceManager: shouldBlockLocation  ret:false
08-03 15:05:58.174  1491  1502 W PhoneInterfaceManager: shouldBlockLocation running ...
08-03 15:05:58.174  1491  1502 I PhoneInterfaceManager: shouldBlockLocation  ret:false
08-03 15:05:58.180  1491  8384 W PhoneInterfaceManager: shouldBlockLocation running ...
08-03 15:05:58.180  1491  8384 I PhoneInterfaceManager: shouldBlockLocation  ret:false
08-03 15:05:58.186 13145 13145 W JobInfo : Specified interval for 1 is +10m0s0ms. Clamped to +15m0s0ms
08-03 15:05:58.192  2171  2261 I amsc    : gt2
08-03 15:05:58.192  2171  2261 I amsc    : found: wx4gd2z, 1501741852842
08-03 15:05:58.196  1568  1568 I chatty  : uid=1000(system) com.huawei.systemmanager:service expire 4 lines
08-03 15:05:58.218  1568  1568 W HwSystemManager: AbsRecordInfo:createRecordFromBundle type provider or service
08-03 15:05:58.220  1568  1568 W HwSystemManager: AbsRecordInfo:createRecordFromBundle type provider or service
08-03 15:05:58.222  1568  1568 W HwSystemManager: AbsRecordInfo:createRecordFromBundle type provider or service
08-03 15:05:58.225  1568  1568 W HwSystemManager: AbsRecordInfo:createRecordFromBundle type provider or service
08-03 15:05:58.228  1568  1568 W HwSystemManager: AbsRecordInfo:createRecordFromBundle type provider or service
08-03 15:05:58.229  1568  1568 W HwSystemManager: AbsRecordInfo:createRecordFromBundle type provider or service
08-03 15:05:58.230  1568  1568 W HwSystemManager: AbsRecordInfo:createRecordFromBundle type provider or service
08-03 15:05:58.231  1568  1568 W HwSystemManager: AbsRecordInfo:createRecordFromBundle type provider or service
08-03 15:05:58.232  1568  1568 W HwSystemManager: AbsRecordInfo:createRecordFromBundle type provider or service
08-03 15:05:58.233  1568  1568 W HwSystemManager: AbsRecordInfo:createRecordFromBundle type provider or service
08-03 15:05:58.233  1568  1568 W HwSystemManager: AbsRecordInfo:createRecordFromBundle type provider or service
08-03 15:05:58.234  1568  1568 W HwSystemManager: AbsRecordInfo:createRecordFromBundle type provider or service
08-03 15:05:58.256  2171  2261 I amsnl   : uc
08-03 15:05:58.257  2171  2261 I amsnl   : report_loc:ODtbr4MKkiipA2NUkIEujewHzLh9n3AmT62Cke51vh8skjeXUwh0JmzjdYpmA7KUV+DyntBR7XVO
08-03 15:05:58.257  2171  2261 I amsnl   : dzA9j435+BIa4Ea6VL43bmoFo89bjJsLzFdb0gvAjMbsgUy4FMH6HuSPn7fjPIH0OFaN9uBELJKV
08-03 15:05:58.257  2171  2261 I amsnl   : dDlmjhU5MaMP00csef95DI8HdDr1nEQ3ySAOkVqak+CV0b85iriewPITuJw6skat48as6JZL+IwC
08-03 15:05:58.257  2171  2261 I amsnl   : Kx/Rfr4m/1nlvJv1JRxKhc6heMsKFU/kOBKLq5qNAIjZpI60eg
08-03 15:05:58.257  2171  2261 I amsst   : report
08-03 15:05:58.258  2171  2261 I amsl    : now: 9614451 lastReportTime: -86400000 periodSecs: 20
08-03 15:05:58.259  2171  2261 I amsmgrnlp: [V1.9.2.3-1-2-l4a1g0p4f4v0ofalse(r)]org-n size:1 key:amsnlp
08-03 15:05:58.259  2171  2171 I amsnlp  : REPORT-LOCATION
08-03 15:05:58.259  2171  2261 I amsst   : period: 20 enabled: true
08-03 15:05:58.265  1491  8390 W PhoneInterfaceManager: shouldBlockLocation running ...
08-03 15:05:58.265  1491  8390 I PhoneInterfaceManager: shouldBlockLocation  ret:false
08-03 15:05:58.273  2171  2182 I amsnlp  : onSetRequest nlp used by: [android(1000)]
08-03 15:05:58.273  2171  2182 I amsnlp  : onSetRequest: ProviderRequestUnbundled, reportLocation is true and interval is 86400000
08-03 15:05:58.273  2171  2171 I amsnlp  : in Handler: ProviderRequestUnbundled, reportLocation is true and interval is 86400000
08-03 15:05:58.274  2171  2171 I amsmgrnlp: [V1.9.2.3-1-2-l4a1g0p4f4v0ofalse(r)]add listener by key:amsnlp time:86400
08-03 15:05:58.274  2171  2171 I amsst   : adding listener com.amap.android.ams.i.ag@c1cd4ab with period 86400 and trigger true
08-03 15:05:58.275  2171  2171 I amsl    : adll
08-03 15:05:58.275  2171  2171 I amsst   : period: 86400 enabled: true
08-03 15:05:58.275  2171  2171 I amsro   : p=86400, t=true
08-03 15:05:58.277  1491  1502 W PhoneInterfaceManager: shouldBlockLocation running ...
08-03 15:05:58.278  1491  1502 I PhoneInterfaceManager: shouldBlockLocation  ret:false
08-03 15:05:58.280  1491  8384 W PhoneInterfaceManager: shouldBlockLocation running ...
08-03 15:05:58.281  1491  8384 I PhoneInterfaceManager: shouldBlockLocation  ret:false
08-03 15:05:58.284  2171  2261 I amsnl   : csr
08-03 15:05:58.284 13170 13225 W ws001   : NRH lcl.fc: c=com.ak.torch.core.bridge.c
08-03 15:05:58.284  2171  2261 I amsnl   : t:false, fl: false, p: 20000, ce: true, we: true
08-03 15:05:58.285 13170 13230 W ws001   : NRH lcl.fc: c=com.ak.torch.engine.h.a.g
08-03 15:05:58.285 13170 13230 W ws001   : NRH lcl.fc: c=com.ak.torch.engine.h.a.e
08-03 15:05:58.286 13170 13230 W ws001   : NRH lcl.fc: c=com.ak.torch.engine.h.a.f
08-03 15:05:58.287 13170 13198 W ws001   : NRH lcl.fc: c=com.ak.b.b.a
08-03 15:05:58.287  2171  2261 I amsnl   : m1: false
08-03 15:05:58.289 13224 13224 I dex2oat : /system/bin/dex2oat -j4 --dex-file=/data/user/0/com.qihoo.appstore/app_Plugins/com.qihoo360.mobilesafe.authguider_cur.apk --oat-fd=47 --oat-location=/data/user/0/com.qihoo.appstore/app_Plugins/com.qihoo360.mobilesafe.authguider_cur.dex --compiler-filter=speed
08-03 15:05:58.296 13235 13235 I         : power log dlsym ok
08-03 15:05:58.298 13235 13235 I art     : Reinit property: dalvik.vm.checkjni= false
08-03 15:05:58.299  2171  2261 I amsnl   : m2: false, m3: false
08-03 15:05:58.300  2171  2261 I amsnl   : c: false, w: true, t: false, l: false
08-03 15:05:58.300  2171  2261 I amsnl   : p=86400, t=true
08-03 15:05:58.300 13170 13225 W ws001   : NRH lcl.fc: c=com.ak.torch.core.splash.i
08-03 15:05:58.301  2171  2261 I amsnl   : t:false, fl: false, p: 86400000, ce: true, we: true
08-03 15:05:58.303  2171  2261 I amsnl   : m1: false
08-03 15:05:58.305  2171  2261 I amsnl   : m2: false, m3: false
08-03 15:05:58.305  2171  2261 I amsnl   : c: false, w: true, t: true, l: false
08-03 15:05:58.305  2171  2261 I amsnl   : crs
08-03 15:05:58.305  2171  2261 I amsnl   : qg
08-03 15:05:58.319  2171  2261 I amsc    : gt2
08-03 15:05:58.319  2171  2261 I amsc    : found: wx4gd2z, 1501741852842
08-03 15:05:58.325 13170 13170 W ContextImpl: Implicit intents with startService are not safe: Intent { act=com.qihoo.appstore.floatwin.FloatWindowService (has extras) } android.content.ContextWrapper.startService:613 com.qihoo.appstore.floatwin.FloatWindowService.a:49 com.qihoo.appstore.base.AppStoreApplication.a:536 
08-03 15:05:58.330 13170 13219 I System.out: [pm, list, packages]
08-03 15:05:58.330 13170 13219 I System.out: null
08-03 15:05:58.330 13170 13219 I System.out: null
08-03 15:05:58.330 13170 13219 I System.out: Calling by::className:com.qihoo.utils.az  MethodName:b
08-03 15:05:58.331   430   444 I chatty  : uid=1000(system) Binder:430_1 expire 10 lines
08-03 15:05:58.338 13170 13170 W ws001   : NRH lcl.fc: c=com.ak.e.b.d
08-03 15:05:58.339 13170 13252 W ws001   : NRH lcl.fc: c=com.ak.e.a.e
08-03 15:05:58.339 13170 13253 W ws001   : NRH lcl.fc: c=com.ak.e.a.e
08-03 15:05:58.339 13170 13252 W ws001   : NRH lcl.fc: c=com.ak.f.c
08-03 15:05:58.346   430   445 I chatty  : uid=1000(system) Binder:430_2 expire 15 lines
08-03 15:05:58.354  2201  2201 I HwLauncher: FPSMonitor  [Launcher , dispatchTouchEvent begin, false, true] down event  x = 962 y = 1348
08-03 15:05:58.354  2201  2201 I HwLauncher: Launcher workspaceTranslationX = 0.0
08-03 15:05:58.354  2201  2201 I HwLauncher: FPSMonitor  [PagedView , onIntercept] down event  x = 962 y = 1348
08-03 15:05:58.354  2201  2201 I HwLauncher: FPSMonitor  [Launcher , dispatchTouchEvent end, false, true] down event  x = 962 y = 1348
08-03 15:05:58.360 13235 13235 I art     : Starting a blocking GC AddRemoveAppImageSpace
08-03 15:05:58.362 13170 13170 I SendBroadcastPermission: action:action_speed_change, mPermissionType:0
08-03 15:05:58.364  2201  2201 I HwLauncher:  FPSMonitor endScroll
08-03 15:05:58.369 13235 13235 W art     : JIT profile information will not be recorded: profile file does not exits.
08-03 15:05:58.379  1491  1502 W PhoneInterfaceManager: shouldBlockLocation running ...
08-03 15:05:58.379  1491  1502 I PhoneInterfaceManager: shouldBlockLocation  ret:false
08-03 15:05:58.384  2201  2201 I HwLauncher:  FPSMonitor startScroll xMoved = true  xPaged = false xDiff =  26
08-03 15:05:58.386  1491  8390 W PhoneInterfaceManager: shouldBlockLocation running ...
08-03 15:05:58.386  2201  2201 I HwLauncher: Launcher.Utilities  unread scaledHeight = 51;sBigIconSize = 161
08-03 15:05:58.386  1491  8390 I PhoneInterfaceManager: shouldBlockLocation  ret:false
08-03 15:05:58.389  1491  1504 W PhoneInterfaceManager: shouldBlockLocation running ...
08-03 15:05:58.389  1491  1504 I PhoneInterfaceManager: shouldBlockLocation  ret:false
08-03 15:05:58.393  2171  2261 I amsnl   : csr
08-03 15:05:58.393  2171  2261 I amsnl   : t:false, fl: false, p: 86400000, ce: true, we: true
08-03 15:05:58.396  2171  2261 I amsnl   : m1: false
08-03 15:05:58.398  2171  2261 I amsnl   : m2: false, m3: false
08-03 15:05:58.399  2171  2261 I amsnl   : rl
08-03 15:05:58.399  2171  2261 I amsnl   : c: false, w: true, t: false, l: false
08-03 15:05:58.435   381   387 E teecd   : file stat failed
08-03 15:05:58.436   381   387 E teecd   : file(/sec_storage/16F958B3EF1C18423F68C3A5D089426415DAE909B61D016FD1F24858A58F5E59) not exist, open failed
08-03 15:05:58.436   381   387 E teecd   : file stat failed
08-03 15:05:58.436   381   387 E teecd   : file(/sec_storage/16F958B3EF1C18423F68C3A5D089426415DAE909B61D016FD1F24858A58F5E59.bk) not exist, open failed
08-03 15:05:58.437   381   387 E teecd   : file stat failed
08-03 15:05:58.437   381   387 E teecd   : file(/sec_storage/2F21F59999829DA2625784DC7B01057B1C7439F577D4143E42198719FE706719.bk) not exist, open failed
08-03 15:05:58.459  2201  2201 I HwLauncher: FPSMonitor  [Launcher , dispatchTouchEvent begin, false, true] up event  x = 608 y = 1536
08-03 15:05:58.459  2201  2201 I HwLauncher: FPSMonitor  [PagedView , onTouchEvent] up event  x = 608 y = 1536
08-03 15:05:58.459  2201  2201 I HwLauncher:  FPSMonitor snapToPage whichPage = 2 delta = 681 duration = 344
08-03 15:05:58.460  2201  2201 I HwLauncher: FPSMonitor  [Launcher , dispatchTouchEvent end, false, true] up event  x = 608 y = 1536
08-03 15:05:58.501 13235 13235 I Process : Sending signal. PID: 13235 SIG: 9
08-03 15:05:58.532 13224 13224 I dex2oat : dex2oat took 243.217ms (threads: 4) arena alloc=4MB (4910768B) java alloc=131KB (134808B) native alloc=1449KB (1484288B) free=5MB (5855744B)
08-03 15:05:58.558  1374  1374 W ImageWallpaper: trimMemory condition not ready!
08-03 15:05:58.612 13250 13250 E XmlParser: open file:/vendor/etc/HwFrameworkNormalization.xml filed in parseXml
08-03 15:05:58.612 13250 13250 E XmlParser: parse File:/vendor/etc/HwFrameworkNormalization.xml failed
08-03 15:05:58.612 13250 13250 I libEGL  : egl_cache_t() !XML_VALUE_GETCORRECT NAME_MAXKEYSIZE
08-03 15:05:58.612 13250 13250 E XmlParser: open file:/vendor/etc/HwFrameworkNormalization.xml filed in parseXml
08-03 15:05:58.612 13250 13250 E XmlParser: parse File:/vendor/etc/HwFrameworkNormalization.xml failed
08-03 15:05:58.612 13250 13250 I libEGL  : egl_cache_t() !XML_VALUE_GETCORRECT NAME_MAXTOTLESIZE
08-03 15:05:58.612 13250 13250 I libEGL  : egl_cache_t() maxKeySize:1024  maxTotalSize:65536
08-03 15:05:58.617 13250 13250 I appproc : CLASSPATH=/system/framework/pm.jar
08-03 15:05:58.617 13250 13250 I appproc : Command=app_process /system/bin com.android.commands.pm.Pm list packages 
08-03 15:05:58.620 13250 13250 I AndroidRuntime: readDownloadBoosterConfig: 'false'
08-03 15:05:58.678 13250 13250 I art     : Reinit property: dalvik.vm.checkjni= false
08-03 15:05:58.689 13250 13250 I HWSERVICES: hwnative_get_component_register:libdrmbitmap,JNI
08-03 15:05:58.692 13250 13250 I Radio-JNI: register_android_hardware_Radio DONE
08-03 15:05:58.694 13250 13250 I android_hardware_fm.cpp: register_android_hardware_fm_fmradio
08-03 15:05:58.694 13250 13250 I android_hardware_fm.cpp: ========64bit long size = 8
08-03 15:05:58.694 13250 13250 I android_hardware_fm.cpp: FM: get chip type = bcm43xx
08-03 15:05:58.695 13250 13250 E fm_if.c : find the id:fm and begins to open the devices
