--------- beginning of /dev/log/system
D/MobileDataStateTracker(  800): ia: Broadcast received: null apnType=ia ia setting isAvailable to false Received state=DISCONNECTED, old=DISCONNECTED, reason=dataDetached
W/ContextImpl(  800): Calling a method in the system process without a qualified user: android.app.ContextImpl.sendStickyBroadcast:1503 android.net.MobileDataStateTracker$MobileDataStateReceiver.broadcastDataConnectionStateChanged:322 android.net.MobileDataStateTracker.onDataStateChanged:1719 com.android.server.TelephonyRegistry.broadcastDataConnectionStateChanged:866 com.android.server.TelephonyRegistry.notifyDataConnection:622 
V/ActivityManager(  800): Broadcast sticky: Intent { act=android.intent.action.ANY_DATA_STATE flg=0x10 (has extras) } ordered=false userid=0 callerApp=ProcessRecord{427f5390 800:system/1000}
I/TelephonyRegistry(  800): notifyDataConnection: state=0 isDataConnectivityPossible=false reason='dataDetached' apn='null' apnType=supl networkType=0 mRecords.size()=9 mRecords=[{pkgForDebug=<unknown> callerUid=0 events=20}, {pkgForDebug=android callerUid=0 events=40}, {pkgForDebug=<unknown> callerUid=0 events=1e1}, {pkgForDebug=<unknown> callerUid=0 events=40}, {pkgForDebug=<unknown> callerUid=0 events=20}, {pkgForDebug=<unknown> callerUid=0 events=d}, {pkgForDebug=android callerUid=0 events=1}, {pkgForDebug=com.oupeng.max.sdk callerUid=0 events=1}, {pkgForDebug=<unknown> callerUid=0 events=40}]
D/MobileDataStateTracker(  800): supl: Broadcast received: null apnType=supl supl setting isAvailable to false Received state=DISCONNECTED, old=DISCONNECTED, reason=dataDetached
W/ContextImpl(  800): Calling a method in the system process without a qualified user: android.app.ContextImpl.sendStickyBroadcast:1503 android.net.MobileDataStateTracker$MobileDataStateReceiver.broadcastDataConnectionStateChanged:322 android.net.MobileDataStateTracker.onDataStateChanged:1719 com.android.server.TelephonyRegistry.broadcastDataConnectionStateChanged:866 com.android.server.TelephonyRegistry.notifyDataConnection:622 
V/ActivityManager(  800): Broadcast sticky: Intent { act=android.intent.action.ANY_DATA_STATE flg=0x10 (has extras) } ordered=false userid=0 callerApp=ProcessRecord{427f5390 800:system/1000}
I/TelephonyRegistry(  800): notifyDataConnection: state=0 isDataConnectivityPossible=false reason='dataDetached' apn='null' apnType=hipri networkType=0 mRecords.size()=9 mRecords=[{pkgForDebug=<unknown> callerUid=0 events=20}, {pkgForDebug=android callerUid=0 events=40}, {pkgForDebug=<unknown> callerUid=0 events=1e1}, {pkgForDebug=<unknown> callerUid=0 events=40}, {pkgForDebug=<unknown> callerUid=0 events=20}, {pkgForDebug=<unknown> callerUid=0 events=d}, {pkgForDebug=android callerUid=0 events=1}, {pkgForDebug=com.oupeng.max.sdk callerUid=0 events=1}, {pkgForDebug=<unknown> callerUid=0 events=40}]
D/MobileDataStateTracker(  800): hipri: Broadcast received: null apnType=hipri hipri setting isAvailable to false Received state=DISCONNECTED, old=DISCONNECTED, reason=dataDetached
W/ContextImpl(  800): Calling a method in the system process without a qualified user: android.app.ContextImpl.sendStickyBroadcast:1503 android.net.MobileDataStateTracker$MobileDataStateReceiver.broadcastDataConnectionStateChanged:322 android.net.MobileDataStateTracker.onDataStateChanged:1719 com.android.server.TelephonyRegistry.broadcastDataConnectionStateChanged:866 com.android.server.TelephonyRegistry.notifyDataConnection:622 
V/ActivityManager(  800): Broadcast sticky: Intent { act=android.intent.action.ANY_DATA_STATE flg=0x10 (has extras) } ordered=false userid=0 callerApp=ProcessRecord{427f5390 800:system/1000}
I/TelephonyRegistry(  800): notifyDataConnection: state=0 isDataConnectivityPossible=false reason='dataDetached' apn='null' apnType=ims networkType=0 mRecords.size()=9 mRecords=[{pkgForDebug=<unknown> callerUid=0 events=20}, {pkgForDebug=android callerUid=0 events=40}, {pkgForDebug=<unknown> callerUid=0 events=1e1}, {pkgForDebug=<unknown> callerUid=0 events=40}, {pkgForDebug=<unknown> callerUid=0 events=20}, {pkgForDebug=<unknown> callerUid=0 events=d}, {pkgForDebug=android callerUid=0 events=1}, {pkgForDebug=com.oupeng.max.sdk callerUid=0 events=1}, {pkgForDebug=<unknown> callerUid=0 events=40}]
D/MobileDataStateTracker(  800): ims: Broadcast received: null apnType=ims ims setting isAvailable to false Received state=DISCONNECTED, old=DISCONNECTED, reason=dataDetached
W/ContextImpl(  800): Calling a method in the system process without a qualified user: android.app.ContextImpl.sendStickyBroadcast:1503 android.net.MobileDataStateTracker$MobileDataStateReceiver.broadcastDataConnectionStateChanged:322 android.net.MobileDataStateTracker.onDataStateChanged:1719 com.android.server.TelephonyRegistry.broadcastDataConnectionStateChanged:866 com.android.server.TelephonyRegistry.notifyDataConnection:622 
V/ActivityManager(  800): Broadcast sticky: Intent { act=android.intent.action.ANY_DATA_STATE flg=0x10 (has extras) } ordered=false userid=0 callerApp=ProcessRecord{427f5390 800:system/1000}
I/TelephonyRegistry(  800): notifyDataConnection: state=0 isDataConnectivityPossible=false reason='dataDetached' apn='null' apnType=mms networkType=0 mRecords.size()=9 mRecords=[{pkgForDebug=<unknown> callerUid=0 events=20}, {pkgForDebug=android callerUid=0 events=40}, {pkgForDebug=<unknown> callerUid=0 events=1e1}, {pkgForDebug=<unknown> callerUid=0 events=40}, {pkgForDebug=<unknown> callerUid=0 events=20}, {pkgForDebug=<unknown> callerUid=0 events=d}, {pkgForDebug=android callerUid=0 events=1}, {pkgForDebug=com.oupeng.max.sdk callerUid=0 events=1}, {pkgForDebug=<unknown> callerUid=0 events=40}]
D/MobileDataStateTracker(  800): mms: Broadcast received: null apnType=mms mms setting isAvailable to false Received state=DISCONNECTED, old=DISCONNECTED, reason=dataDetached
W/ContextImpl(  800): Calling a method in the system process without a qualified user: android.app.ContextImpl.sendStickyBroadcast:1503 android.net.MobileDataStateTracker$MobileDataStateReceiver.broadcastDataConnectionStateChanged:322 android.net.MobileDataStateTracker.onDataStateChanged:1719 com.android.server.TelephonyRegistry.broadcastDataConnectionStateChanged:866 com.android.server.TelephonyRegistry.notifyDataConnection:622 
V/ActivityManager(  800): Broadcast sticky: Intent { act=android.intent.action.ANY_DATA_STATE flg=0x10 (has extras) } ordered=false userid=0 callerApp=ProcessRecord{427f5390 800:system/1000}
I/TelephonyRegistry(  800): notifyDataConnection: state=0 isDataConnectivityPossible=false reason='dataDetached' apn='null' apnType=net networkType=0 mRecords.size()=9 mRecords=[{pkgForDebug=<unknown> callerUid=0 events=20}, {pkgForDebug=android callerUid=0 events=40}, {pkgForDebug=<unknown> callerUid=0 events=1e1}, {pkgForDebug=<unknown> callerUid=0 events=40}, {pkgForDebug=<unknown> callerUid=0 events=20}, {pkgForDebug=<unknown> callerUid=0 events=d}, {pkgForDebug=android callerUid=0 events=1}, {pkgForDebug=com.oupeng.max.sdk callerUid=0 events=1}, {pkgForDebug=<unknown> callerUid=0 events=40}]
D/MobileDataStateTracker(  800): net: Broadcast received: null apnType=net net setting isAvailable to false Received state=DISCONNECTED, old=DISCONNECTED, reason=dataDetached
W/ContextImpl(  800): Calling a method in the system process without a qualified user: android.app.ContextImpl.sendStickyBroadcast:1503 android.net.MobileDataStateTracker$MobileDataStateReceiver.broadcastDataConnectionStateChanged:322 android.net.MobileDataStateTracker.onDataStateChanged:1719 com.android.server.TelephonyRegistry.broadcastDataConnectionStateChanged:866 com.android.server.TelephonyRegistry.notifyDataConnection:622 
V/ActivityManager(  800): Broadcast sticky: Intent { act=android.intent.action.ANY_DATA_STATE flg=0x10 (has extras) } ordered=false userid=0 callerApp=ProcessRecord{427f5390 800:system/1000}
I/TelephonyRegistry(  800): notifyDataConnection: state=0 isDataConnectivityPossible=false reason='dataDetached' apn='null' apnType=rcse networkType=0 mRecords.size()=9 mRecords=[{pkgForDebug=<unknown> callerUid=0 events=20}, {pkgForDebug=android callerUid=0 events=40}, {pkgForDebug=<unknown> callerUid=0 events=1e1}, {pkgForDebug=<unknown> callerUid=0 events=40}, {pkgForDebug=<unknown> callerUid=0 events=20}, {pkgForDebug=<unknown> callerUid=0 events=d}, {pkgForDebug=android callerUid=0 events=1}, {pkgForDebug=com.oupeng.max.sdk callerUid=0 events=1}, {pkgForDebug=<unknown> callerUid=0 events=40}]
D/MobileDataStateTracker(  800): rcse: Broadcast received: null apnType=rcse rcse setting isAvailable to false Received state=DISCONNECTED, old=DISCONNECTED, reason=dataDetached
W/ContextImpl(  800): Calling a method in the system process without a qualified user: android.app.ContextImpl.sendStickyBroadcast:1503 android.net.MobileDataStateTracker$MobileDataStateReceiver.broadcastDataConnectionStateChanged:322 android.net.MobileDataStateTracker.onDataStateChanged:1719 com.android.server.TelephonyRegistry.broadcastDataConnectionStateChanged:866 com.android.server.TelephonyRegistry.notifyDataConnection:622 
V/ActivityManager(  800): Broadcast sticky: Intent { act=android.intent.action.ANY_DATA_STATE flg=0x10 (has extras) } ordered=false userid=0 callerApp=ProcessRecord{427f5390 800:system/1000}
I/TelephonyRegistry(  800): notifyDataConnection: state=0 isDataConnectivityPossible=false reason='dataDetached' apn='null' apnType=cbs networkType=0 mRecords.size()=9 mRecords=[{pkgForDebug=<unknown> callerUid=0 events=20}, {pkgForDebug=android callerUid=0 events=40}, {pkgForDebug=<unknown> callerUid=0 events=1e1}, {pkgForDebug=<unknown> callerUid=0 events=40}, {pkgForDebug=<unknown> callerUid=0 events=20}, {pkgForDebug=<unknown> callerUid=0 events=d}, {pkgForDebug=android callerUid=0 events=1}, {pkgForDebug=com.oupeng.max.sdk callerUid=0 events=1}, {pkgForDebug=<unknown> callerUid=0 events=40}]
D/MobileDataStateTracker(  800): cbs: Broadcast received: null apnType=cbs cbs setting isAvailable to false Received state=DISCONNECTED, old=DISCONNECTED, reason=dataDetached
W/ContextImpl(  800): Calling a method in the system process without a qualified user: android.app.ContextImpl.sendStickyBroadcast:1503 android.net.MobileDataStateTracker$MobileDataStateReceiver.broadcastDataConnectionStateChanged:322 android.net.MobileDataStateTracker.onDataStateChanged:1719 com.android.server.TelephonyRegistry.broadcastDataConnectionStateChanged:866 com.android.server.TelephonyRegistry.notifyDataConnection:622 
V/ActivityManager(  800): Broadcast sticky: Intent { act=android.intent.action.ANY_DATA_STATE flg=0x10 (has extras) } ordered=false userid=0 callerApp=ProcessRecord{427f5390 800:system/1000}
I/TelephonyRegistry(  800): notifyDataConnection: state=0 isDataConnectivityPossible=false reason='nwTypeChanged' apn='null' apnType=default networkType=0 mRecords.size()=9 mRecords=[{pkgForDebug=<unknown> callerUid=0 events=20}, {pkgForDebug=android callerUid=0 events=40}, {pkgForDebug=<unknown> callerUid=0 events=1e1}, {pkgForDebug=<unknown> callerUid=0 events=40}, {pkgForDebug=<unknown> callerUid=0 events=20}, {pkgForDebug=<unknown> callerUid=0 events=d}, {pkgForDebug=android callerUid=0 events=1}, {pkgForDebug=com.oupeng.max.sdk callerUid=0 events=1}, {pkgForDebug=<unknown> callerUid=0 events=40}]
D/MobileDataStateTracker(  800): default: Broadcast received: null apnType=default default setting isAvailable to false Received state=DISCONNECTED, old=DISCONNECTED, reason=nwTypeChanged
W/ContextImpl(  800): Calling a method in the system process without a qualified user: android.app.ContextImpl.sendStickyBroadcast:1503 android.net.MobileDataStateTracker$MobileDataStateReceiver.broadcastDataConnectionStateChanged:322 android.net.MobileDataStateTracker.onDataStateChanged:1719 com.android.server.TelephonyRegistry.broadcastDataConnectionStateChanged:866 com.android.server.TelephonyRegistry.notifyDataConnection:622 
V/ActivityManager(  800): Broadcast sticky: Intent { act=android.intent.action.ANY_DATA_STATE flg=0x10 (has extras) } ordered=false userid=0 callerApp=ProcessRecord{427f5390 800:system/1000}
D/ConnectivityService(  800): getActiveNetworkInfo:NetworkInfo: type: WIFI[], state: CONNECTED/CONNECTED, reason: (unspecified), extra: "bigbig", roaming: false, failover: false, isAvailable: true, isConnectedToProvisioningNetwork: false, simId: 0/1000
V/ActivityManager(  800): Broadcast sticky: Intent { act=android.intent.action.ADDITIONAL_BATTERY_CHANGED flg=0x60000010 (has extras) } ordered=false userid=-1 callerApp=null
V/ActivityManager(  800): Broadcast sticky: Intent { act=android.intent.action.BATTERY_CHANGED flg=0x60000010 (has extras) } ordered=false userid=-1 callerApp=null
V/ActivityManager(  800): Broadcast sticky: Intent { act=android.intent.action.ADDITIONAL_BATTERY_CHANGED flg=0x60000010 (has extras) } ordered=false userid=-1 callerApp=null
D/WifiService(  800): onReceive, action:android.intent.action.BATTERY_CHANGED
D/UsbDeviceManager(  800): onReceive - BATTERY_CHANGED - mPlugType: 2, mSettingUsbCharging: false, mConnected: true, mSettingUsbBicr: false
V/ActivityManager(  800): Broadcast sticky: Intent { act=android.intent.action.ADDITIONAL_BATTERY_CHANGED flg=0x60000010 (has extras) } ordered=false userid=-1 callerApp=null
D/WifiController(  800): DeviceActiveState{ when=-1ms what=155652 arg1=2 target=com.android.internal.util.StateMachine$SmHandler target=Handler (com.android.internal.util.StateMachine$SmHandler) {42aa5c00} }
D/WifiController(  800): StaEnabledState{ when=-1ms what=155652 arg1=2 target=com.android.internal.util.StateMachine$SmHandler target=Handler (com.android.internal.util.StateMachine$SmHandler) {42aa5c00} }
D/WifiController(  800): DefaultState{ when=-1ms what=155652 arg1=2 target=com.android.internal.util.StateMachine$SmHandler target=Handler (com.android.internal.util.StateMachine$SmHandler) {42aa5c00} }
D/WifiController(  800): battery changed pluggedType: 2
D/ConnectivityService(  800): getActiveNetworkInfo:NetworkInfo: type: WIFI[], state: CONNECTED/CONNECTED, reason: (unspecified), extra: "bigbig", roaming: false, failover: false, isAvailable: true, isConnectedToProvisioningNetwork: false, simId: 0/1000
D/SocketClient(  242): SocketClient msg = Iface linkstate wlan0 up
D/SocketClient(  242): SocketClient sendDatalocked done: 600 Iface linkstate wlan0 up
D/SocketClient(  242): SocketClient msg = Iface linkstate wlan0 up
D/SocketClient(  242): SocketClient sendDatalocked done: 600 Iface linkstate wlan0 up
D/NetdConnector(  800): RCV <- {600 Iface linkstate wlan0 up}
D/NetworkManagementService(  800): onEvent:600 Iface linkstate wlan0 up:5
D/NetdConnector(  800): RCV <- {600 Iface linkstate wlan0 up}
D/NetworkManagementService(  800): onEvent:600 Iface linkstate wlan0 up:5
V/ActivityManager(  800): Broadcast: Intent { act=android.net.wifi.SCAN_RESULTS flg=0x4000010 (has extras) } ordered=false userid=-1 callerApp=ProcessRecord{427f5390 800:system/1000}
I/WifiNotificationController(  800): checkAndSetNotification, state:CONNECTED
D/ActivityManager(  800): getContentProviderImpl: from caller=android.app.ApplicationThreadProxy@42e199f8 (pid=8722, userId=0) to get content provider com.qihoo360.apm.apmdatamanager.ApmDataProvider cpr=null
E/ActivityThread( 8722): Failed to find provider info for com.qihoo360.apm.apmdatamanager.ApmDataProvider
D/ActivityManager(  800): getContentProviderImpl: from caller=android.app.ApplicationThreadProxy@432f91f0 (pid=8722, userId=0) to get content provider com.qihoo360.apm.apmdatamanager.ApmDataProvider cpr=null
E/ActivityThread( 8722): Failed to find provider info for com.qihoo360.apm.apmdatamanager.ApmDataProvider
D/ActivityManager(  800): getContentProviderImpl: from caller=android.app.ApplicationThreadProxy@43fbed90 (pid=8722, userId=0) to get content provider com.qihoo360.apm.apmdatamanager.ApmDataProvider cpr=null
E/ActivityThread( 8722): Failed to find provider info for com.qihoo360.apm.apmdatamanager.ApmDataProvider
V/ActivityManager(  800): Broadcast: Intent { act=android.intent.action.TIME_TICK flg=0x50000094 (has extras) } ordered=true userid=-1 callerApp=null
D/ActivityThread(  800): BDC-Calling onReceive: intent=Intent { act=android.intent.action.TIME_TICK flg=0x50000094 (has extras) }, ordered=true, receiver=com.android.server.AlarmManagerService$ClockReceiver@42b15bc0, IIntentReceiver=42b12250
V/AlarmManager(  800): isAlarmNeedAlign : charging
D/ActivityThread(  800): BDC-Calling finishReceiver: IIntentReceiver=42b12250
D/ActivityThread(  919): BDC-Calling onReceive: intent=Intent { act=android.intent.action.TIME_TICK flg=0x50000094 (has extras) }, ordered=true, receiver=com.android.systemui.statusbar.policy.Clock$2@42774f68, IIntentReceiver=42d53418
D/ActivityThread(  919): BDC-Calling finishReceiver: IIntentReceiver=42d53418
I/ActivityManager(  800): Killing 11282:com.android.externalstorage/u0a6 (adj 15): empty for 1848s
I/ActivityManager(  800): Killing 11259:com.android.documentsui/u0a27 (adj 15): empty for 1848s
D/DisplayManagerService(  800): Display listener for pid 11282 died.
D/ActivityManager(  800): cleanUpApplicationRecordLocked app:ProcessRecord{439a0a18 11282:com.android.externalstorage/u0a6}, restarting:false, allowRestart:true, index:-1
D/ActivityManager(  800): cleanUpApplicationRecordLocked from:com.android.server.am.ActivityManagerService.handleAppDiedLocked:4289 com.android.server.am.ActivityManagerService.appDiedLocked:4513 com.android.server.am.ActivityManagerService$AppDeathRecipient.binderDied:1118 android.os.BinderProxy.sendDeathNotice:496 
D/DisplayManagerService(  800): Display listener for pid 11259 died.
D/ActivityManager(  800): cleanUpApplicationRecordLocked app:ProcessRecord{427886f0 11259:com.android.documentsui/u0a27}, restarting:false, allowRestart:true, index:-1
D/ActivityManager(  800): cleanUpApplicationRecordLocked from:com.android.server.am.ActivityManagerService.handleAppDiedLocked:4289 com.android.server.am.ActivityManagerService.appDiedLocked:4513 com.android.server.am.ActivityManagerService$AppDeathRecipient.binderDied:1118 android.os.BinderProxy.sendDeathNotice:496 
D/ActivityThread(  919): BDC-Calling onReceive: intent=Intent { act=android.intent.action.TIME_TICK flg=0x50000094 (has extras) }, ordered=true, receiver=com.android.systemui.statusbar.policy.Clock$2@42794490, IIntentReceiver=42d539f0
D/ActivityThread(  919): BDC-Calling finishReceiver: IIntentReceiver=42d539f0
D/ActivityThread(  919): BDC-Calling onReceive: intent=Intent { act=android.intent.action.TIME_TICK flg=0x50000094 (has extras) }, ordered=true, receiver=com.android.systemui.statusbar.policy.DateView$2@42794cd0, IIntentReceiver=42d54008
D/ActivityThread(  919): BDC-Calling finishReceiver: IIntentReceiver=42d54008
D/ActivityThread(  919): BDC-Calling onReceive: intent=Intent { act=android.intent.action.TIME_TICK flg=0x50000094 (has extras) }, ordered=true, receiver=android.widget.DateTimeView$1@42cb58d8, IIntentReceiver=42d98cb8
D/ActivityThread(  919): BDC-Calling finishReceiver: IIntentReceiver=42d98cb8
D/ActivityThread(  919): BDC-Calling onReceive: intent=Intent { act=android.intent.action.TIME_TICK flg=0x50000094 (has extras) }, ordered=true, receiver=android.widget.DateTimeView$1@42ed8620, IIntentReceiver=42ed9ed0
D/ActivityThread(  919): BDC-Calling finishReceiver: IIntentReceiver=42ed9ed0
D/ActivityThread( 1172): BDC-Calling onReceive: intent=Intent { act=android.intent.action.TIME_TICK flg=0x50000094 (has extras) }, ordered=true, receiver=com.oppo.widget.smallweather.NormalWidgetUtil$1@42bfdd48, IIntentReceiver=4283ded0
D/ActivityThread( 1172): BDC-Calling finishReceiver: IIntentReceiver=4283ded0
D/ActivityThread( 2157): BDC-Calling onReceive: intent=Intent { act=android.intent.action.TIME_TICK flg=0x50000094 (has extras) }, ordered=true, receiver=com.oppo.lockutils.OppoLockUtils$1@426f2b90, IIntentReceiver=426f4528
D/ActivityThread( 2157): BDC-Calling finishReceiver: IIntentReceiver=426f4528
D/ActivityThread( 2157): BDC-Calling onReceive: intent=Intent { act=android.intent.action.TIME_TICK flg=0x50000094 (has extras) }, ordered=true, receiver=com.android.keyguard.base.KeyguardUpdateMonitor$3@42703610, IIntentReceiver=427053b8
D/ActivityThread( 2157): BDC-Calling finishReceiver: IIntentReceiver=427053b8
D/ActivityThread(  919): BDC-Calling onReceive: intent=Intent { act=android.intent.action.TIME_TICK flg=0x50000094 (has extras) }, ordered=true, receiver=android.widget.DateTimeView$1@42c247a8, IIntentReceiver=42702f08
D/ActivityThread(  919): BDC-Calling finishReceiver: IIntentReceiver=42702f08
D/ActivityThread(  919): BDC-Calling onReceive: intent=Intent { act=android.intent.action.TIME_TICK flg=0x50000094 (has extras) }, ordered=true, receiver=android.widget.DateTimeView$1@432dffa8, IIntentReceiver=432e2ee8
D/ActivityThread(  919): BDC-Calling finishReceiver: IIntentReceiver=432e2ee8
D/ActivityThread(12390): BDC-Calling onReceive: intent=Intent { act=android.intent.action.TIME_TICK flg=0x50000094 (has extras) }, ordered=true, receiver=chargescreen.hq$c@428d87d0, IIntentReceiver=4309dcc8
D/ActivityThread(12390): BDC-Calling finishReceiver: IIntentReceiver=4309dcc8
D/ActivityThread(  919): BDC-Calling onReceive: intent=Intent { act=android.intent.action.TIME_TICK flg=0x50000094 (has extras) }, ordered=true, receiver=android.widget.DateTimeView$1@42d8fc58, IIntentReceiver=42d66278
D/ActivityThread(  919): BDC-Calling finishReceiver: IIntentReceiver=42d66278
D/ActivityThread(  919): BDC-Calling onReceive: intent=Intent { act=android.intent.action.TIME_TICK flg=0x50000094 (has extras) }, ordered=true, receiver=android.widget.DateTimeView$1@42e68d88, IIntentReceiver=43a89ba0
D/ActivityThread(  919): BDC-Calling finishReceiver: IIntentReceiver=43a89ba0
D/ActivityThread(  919): BDC-Calling onReceive: intent=Intent { act=android.intent.action.TIME_TICK flg=0x50000094 (has extras) }, ordered=true, receiver=android.widget.DateTimeView$1@426fbfc8, IIntentReceiver=427d1660
D/ActivityThread(  919): BDC-Calling finishReceiver: IIntentReceiver=427d1660
D/ActivityThread(11369): BDC-Calling onReceive: intent=Intent { act=android.intent.action.TIME_TICK flg=0x50000094 (has extras) }, ordered=true, receiver=com.oppo.activation.ActivationService$ServiceBroadcastReceiver@4270e5f0, IIntentReceiver=4270e638
D/ActivityThread(11369): BDC-Calling finishReceiver: IIntentReceiver=4270e638
V/ActivityManager(  800): Broadcast sticky: Intent { act=android.intent.action.ADDITIONAL_BATTERY_CHANGED flg=0x60000010 (has extras) } ordered=false userid=-1 callerApp=null
V/ActivityManager(  800): Broadcast sticky: Intent { act=android.intent.action.BATTERY_CHANGED flg=0x60000010 (has extras) } ordered=false userid=-1 callerApp=null
D/WifiService(  800): onReceive, action:android.intent.action.BATTERY_CHANGED
D/UsbDeviceManager(  800): onReceive - BATTERY_CHANGED - mPlugType: 2, mSettingUsbCharging: false, mConnected: true, mSettingUsbBicr: false
D/WifiController(  800): DeviceActiveState{ when=-3ms what=155652 arg1=2 target=com.android.internal.util.StateMachine$SmHandler target=Handler (com.android.internal.util.StateMachine$SmHandler) {42aa5c00} }
D/WifiController(  800): StaEnabledState{ when=-3ms what=155652 arg1=2 target=com.android.internal.util.StateMachine$SmHandler target=Handler (com.android.internal.util.StateMachine$SmHandler) {42aa5c00} }
D/WifiController(  800): DefaultState{ when=-3ms what=155652 arg1=2 target=com.android.internal.util.StateMachine$SmHandler target=Handler (com.android.internal.util.StateMachine$SmHandler) {42aa5c00} }
D/WifiController(  800): battery changed pluggedType: 2
V/ActivityManager(  800): Broadcast sticky: Intent { act=android.intent.action.ADDITIONAL_BATTERY_CHANGED flg=0x60000010 (has extras) } ordered=false userid=-1 callerApp=null
V/ActivityManager(  800): Broadcast sticky: Intent { act=android.intent.action.ADDITIONAL_BATTERY_CHANGED flg=0x60000010 (has extras) } ordered=false userid=-1 callerApp=null
D/ConnectivityService(  800): getActiveNetworkInfo:NetworkInfo: type: WIFI[], state: CONNECTED/CONNECTED, reason: (unspecified), extra: "bigbig", roaming: false, failover: false, isAvailable: true, isConnectedToProvisioningNetwork: false, simId: 0/1000
I/ANRManager(  800): updateProcessStats
V/ActivityManager(  800): Broadcast sticky: Intent { act=android.intent.action.SIG_STR flg=0x10 (has extras) } ordered=false userid=-1 callerApp=ProcessRecord{427f5390 800:system/1000}
D/ConnectivityService(  800): getMobileDataEnabled returning false
V/ActivityManager(  800): Broadcast sticky: Intent { act=oppo.intent.action.BATTERY_PLUGGED_CHANGED flg=0x20000010 (has extras) } ordered=false userid=-1 callerApp=null
V/UsbDeviceManager(  800): USB UEVENT: {USB_STATE=DISCONNECTED, SUBSYSTEM=android_usb, DEVPATH=/devices/virtual/android_usb/android0, SEQNUM=41108, ACTION=change}
D/UsbDeviceManager(  800): mUEventObserver - onUEvent - state: DISCONNECTED
D/UsbDeviceManager(  800): updateState - DISCONNECTED
D/UsbDeviceManager(  800): updateState - RNDIS_UPDATE_DELAY  DISCONNECTED mSettingFunction: mtp,mass_storage
D/ConnectivityService(  800): getActiveNetworkInfo:NetworkInfo: type: WIFI[], state: CONNECTED/CONNECTED, reason: (unspecified), extra: "bigbig", roaming: false, failover: false, isAvailable: true, isConnectedToProvisioningNetwork: false, simId: 0/1000
V/ActivityManager(  800): Broadcast sticky: Intent { act=android.net.wifi.supplicant.STATE_CHANGE flg=0x24000010 (has extras) } ordered=false userid=-1 callerApp=ProcessRecord{427f5390 800:system/1000}
V/ActivityManager(  800): Broadcast sticky: Intent { act=android.net.wifi.supplicant.STATE_CHANGE flg=0x24000010 (has extras) } ordered=false userid=-1 callerApp=ProcessRecord{427f5390 800:system/1000}
I/ActivityManager(  800): Start proc com.oppo.gesture for broadcast com.oppo.gesture/.receiver.OppoGestureReceiver: pid=18007 uid=1000 gids={41000, 3003, 1028, 1015, 1023, 3001, 3002, 3006, 2001, 1004, 2002, 1007, 3005, 1035}
D/ActivityManager(  800):  (1) delay start com.oppo.gesture startResult.usingWrapper false
W/ContextImpl(  800): Calling a method in the system process without a qualified user: android.app.ContextImpl.sendBroadcast:1345 com.android.server.am.OppoAbnormalAppManager.sendAbnormalNotify:363 com.android.server.am.OppoAbnormalAppManager.notifyAbnormalInfo:167 com.android.server.am.OppoAbnormalAppManager.handleStartAppInfo:235 com.android.server.am.OppoAbnormalAppManager.handleStartAppInfo:217 
V/ActivityManager(  800): Broadcast: Intent { act=android.intent.action.OPPO_GUARD_ELF_MONITOR flg=0x10 (has extras) } ordered=false userid=0 callerApp=ProcessRecord{427f5390 800:system/1000}
V/ActivityManager(  800): Broadcast sticky: Intent { act=android.intent.action.ADDITIONAL_BATTERY_CHANGED flg=0x60000010 (has extras) } ordered=false userid=-1 callerApp=null
D/ActivityManager(  800): getContentProviderImpl: from caller=android.app.ApplicationThreadProxy@451da908 (pid=8722, userId=0) to get content provider com.qihoo360.apm.apmdatamanager.ApmDataProvider cpr=null
E/ActivityThread( 8722): Failed to find provider info for com.qihoo360.apm.apmdatamanager.ApmDataProvider
V/ActivityManager(  800): Broadcast sticky: Intent { act=android.intent.action.BATTERY_CHANGED flg=0x60000010 (has extras) } ordered=false userid=-1 callerApp=null
V/ActivityManager(  800): Broadcast: Intent { act=android.intent.action.ACTION_POWER_DISCONNECTED flg=0x4000010 } ordered=false userid=-1 callerApp=ProcessRecord{427f5390 800:system/1000}
D/OppoUsageService(  800): writeHistoryRecord[AppUsage], saveRes = 1
V/ActivityManager(  800): Broadcast sticky: Intent { act=android.intent.action.ADDITIONAL_BATTERY_CHANGED flg=0x60000010 (has extras) } ordered=false userid=-1 callerApp=null
V/ActivityManager(  800): Broadcast sticky: Intent { act=android.intent.action.ADDITIONAL_BATTERY_CHANGED flg=0x60000010 (has extras) } ordered=false userid=-1 callerApp=null
V/ActivityManager(  800): Broadcast sticky: Intent { act=android.intent.action.ADDITIONAL_BATTERY_CHANGED flg=0x60000010 (has extras) } ordered=false userid=-1 callerApp=null
V/ActivityManager(  800): Broadcast sticky: Intent { act=android.intent.action.ADDITIONAL_BATTERY_CHANGED flg=0x60000010 (has extras) } ordered=false userid=-1 callerApp=null
V/ActivityManager(  800): Broadcast sticky: Intent { act=android.intent.action.ADDITIONAL_BATTERY_CHANGED flg=0x60000010 (has extras) } ordered=false userid=-1 callerApp=null
D/WifiService(  800): onReceive, action:android.intent.action.BATTERY_CHANGED
D/UsbDeviceManager(  800): onReceive - BATTERY_CHANGED - mPlugType: 0, mSettingUsbCharging: false, mConnected: true, mSettingUsbBicr: false
D/UsbDeviceManager(  800): onReceive - BATTERY_CHANGED - [HW USB Disconnected] mHwDisconnected: true, mConnected: true, mConfigured: true
D/WifiController(  800): DeviceActiveState{ when=0 what=155652 target=com.android.internal.util.StateMachine$SmHandler target=Handler (com.android.internal.util.StateMachine$SmHandler) {42aa5c00} }
D/WifiController(  800): StaEnabledState{ when=-1ms what=155652 target=com.android.internal.util.StateMachine$SmHandler target=Handler (com.android.internal.util.StateMachine$SmHandler) {42aa5c00} }
D/WifiController(  800): DefaultState{ when=-1ms what=155652 target=com.android.internal.util.StateMachine$SmHandler target=Handler (com.android.internal.util.StateMachine$SmHandler) {42aa5c00} }
D/WifiController(  800): battery changed pluggedType: 0
D/ActivityManager(  800): getContentProviderImpl: from caller=android.app.ApplicationThreadProxy@43585118 (pid=8722, userId=0) to get content provider com.qihoo360.apm.apmdatamanager.ApmDataProvider cpr=null
E/ActivityThread( 8722): Failed to find provider info for com.qihoo360.apm.apmdatamanager.ApmDataProvider
I/ActivityManager(  800): START u0 {cmp=com.qihoo.appstore/com.qihoo.express.mini.display.OpenUsbDebugModeActivity (has extras)} from pid 1670
E/ActivityManager(  800): START {cmp=com.qihoo.appstore/com.qihoo.express.mini.display.OpenUsbDebugModeActivity (has extras) u=0} from pid 1670
D/ActivityManager(  800): ACT-moveHomeTask toFront : false homeInFront = false
D/ActivityManager(  800): ACT-BMW, insertTaskAtTop fromHome = false lastStack = ActivityStack{4383c3f0 stackId=2, 6 tasks} this = ActivityStack{4383c3f0 stackId=2, 6 tasks} topTask() = TaskRecord{4413cdf8 #22 A=com.ccvideo U=0 sz=1}
D/ActivityManager(  800): ACT-BMW, insertTaskAtTop fromHome = false lastStack = ActivityStack{4383c3f0 stackId=2, 7 tasks} this = ActivityStack{4383c3f0 stackId=2, 7 tasks} topTask() = TaskRecord{44003068 #23 A=com.qihoo.appstore:pop U=0 sz=0}
D/ConnectivityService(  800): getActiveNetworkInfo:NetworkInfo: type: WIFI[], state: CONNECTED/CONNECTED, reason: (unspecified), extra: "bigbig", roaming: false, failover: false, isAvailable: true, isConnectedToProvisioningNetwork: false, simId: 0/10092
W/ContextImpl( 1108): Calling a method in the system process without a qualified user: android.app.ContextImpl.sendBroadcast:1345 android.content.ContextWrapper.sendBroadcast:365 com.color.safecenterservices.PowerSaveService.sendChargingChange:166 com.color.safecenterservices.PowerSaveService.access$3100:27 com.color.safecenterservices.PowerSaveService$PowerSaveReceiver.onReceive:348 
D/ConnectivityService(  800): getActiveNetworkInfo:NetworkInfo: type: WIFI[], state: CONNECTED/CONNECTED, reason: (unspecified), extra: "bigbig", roaming: false, failover: false, isAvailable: true, isConnectedToProvisioningNetwork: false, simId: 0/10532
V/WindowManager(  800): Changing focus from Window{427ab658 u0 com.ccvideo/com.yizhibo.video.activity.LoginMainActivity} to null Callers=com.android.server.wm.WindowManagerService.setFocusedApp:4747 com.android.server.am.ActivityManagerService.setFocusedActivityLocked:2635 com.android.server.am.ActivityStackSupervisor.startActivityUncheckedLocked:3315 com.android.server.am.ActivityStackSupervisor.startActivityLocked:2100 
I/WindowManager(  800): Losing focus: Window{427ab658 u0 com.ccvideo/com.yizhibo.video.activity.LoginMainActivity}
D/ActivityThread( 8722): SVC-SERVICE_ARGS handled : 0 / ServiceArgsData{token=android.os.BinderProxy@426ea2a0 startId=417 args=Intent { pkg=com.qihoo.appstore cmp=com.qihoo.appstore/com.qihoo.core.CoreService (has extras) }}
V/ActivityManager(  800): ensureActivitiesVisibleLocked: consider front
V/ActivityManager(  800): ensureActivitiesVisibleLocked: consider back
V/ActivityThread( 1670): ActivityRecord{427c7740 token=android.os.BinderProxy@4283d3a8 {com.qihoo.appstore/com.qihoo.express.mini.display.OpenUsbDebugModeActivity}}: app=com.qihoo.appstore.base.AppStoreApplication@427cafc0, appName=com.qihoo.appstore, pkg=com.qihoo.appstore, comp={com.qihoo.appstore/com.qihoo.express.mini.display.OpenUsbDebugModeActivity}, dir=/data/app/com.qihoo.appstore-1.apk
D/ActivityManager(  800): getContentProviderImpl: from caller=android.app.ApplicationThreadProxy@431012d0 (pid=8722, userId=0) to get content provider com.qihoo360.apm.apmdatamanager.ApmDataProvider cpr=null
D/ActivityThread(10597): SVC-Destroying service: com.oppo.usbselection.UsbService@4274c088
V/ActivityManager(  800): Broadcast: Intent { act=com.color.powermanager.battery_charging_change flg=0x10 (has extras) } ordered=false userid=0 callerApp=ProcessRecord{42f7e800 1108:com.color.safecenter/1000}
E/ActivityThread( 8722): Failed to find provider info for com.qihoo360.apm.apmdatamanager.ApmDataProvider
V/NetworkStats(  800): setKernelCounterSet uid=10092 set=1
D/ConnectivityService(  800): onUidRulesChanged(uid=10092, uidRules=0)
D/ActivityThread(10597): SVC-STOP_SERVICE handled : 0 / android.os.BinderProxy@4274ac68
D/ActivityThread( 8722): SVC-SERVICE_ARGS handled : 0 / ServiceArgsData{token=android.os.BinderProxy@426ea2a0 startId=418 args=Intent { pkg=com.qihoo.appstore cmp=com.qihoo.appstore/com.qihoo.core.CoreService (has extras) }}
D/ConnectivityService(  800): getActiveNetworkInfo:NetworkInfo: type: WIFI[], state: CONNECTED/CONNECTED, reason: (unspecified), extra: "bigbig", roaming: false, failover: false, isAvailable: true, isConnectedToProvisioningNetwork: false, simId: 0/10532
V/WindowManager(  800): Changing focus from null to Window{427ab658 u0 com.ccvideo/com.yizhibo.video.activity.LoginMainActivity} Callers=com.android.server.wm.WindowManagerService.setFocusedApp:4747 com.android.server.am.ActivityManagerService.setFocusedActivityLocked:2635 com.android.server.am.ActivityStack.adjustFocusedActivityLocked:3108 com.android.server.am.ActivityStack.finishActivityLocked:3387 
I/WindowManager(  800): Gaining focus: Window{427ab658 u0 com.ccvideo/com.yizhibo.video.activity.LoginMainActivity}
V/ActivityThread( 1670): Performing resume of ActivityRecord{427c7740 token=android.os.BinderProxy@4283d3a8 {com.qihoo.appstore/com.qihoo.express.mini.display.OpenUsbDebugModeActivity}} finished=true
V/ActivityThread( 1670): Resume ActivityRecord{427c7740 token=android.os.BinderProxy@4283d3a8 {com.qihoo.appstore/com.qihoo.express.mini.display.OpenUsbDebugModeActivity}} started activity: false, hideForNow: false, finished: true
V/ActivityThread( 1670): Scheduling idle handler for ActivityRecord{427c7740 token=android.os.BinderProxy@4283d3a8 {com.qihoo.appstore/com.qihoo.express.mini.display.OpenUsbDebugModeActivity}}
D/ActivityThread( 1670): ACT-LAUNCH_ACTIVITY handled : 0 / ActivityRecord{427c7740 token=android.os.BinderProxy@4283d3a8 {com.qihoo.appstore/com.qihoo.express.mini.display.OpenUsbDebugModeActivity}}
D/ActivityThread( 1670): ACT-DESTROY_ACTIVITY handled : 1 / android.os.BinderProxy@4283d3a8
V/ActivityManager(  800): Broadcast: Intent { act=com.qihoo.appstore.ACTION_NOTIFICATION_REMOVED flg=0x10 (has extras) } ordered=false userid=0 callerApp=ProcessRecord{42996ac8 8722:com.qihoo.daemon/u0a92}
D/ActivityManager(  800): getContentProviderImpl: from caller=android.app.ApplicationThreadProxy@42743cf0 (pid=18007, userId=0) to get content provider settings cpr=ContentProviderRecord{433fdfa8 u0 com.android.providers.settings/.SettingsProvider}
D/ActivityManager(  800): getContentProviderImpl: updateLruProcessLocked cpr.proc=ProcessRecord{427f5390 800:system/1000}
V/NetworkStats(  800): setKernelCounterSet uid=10092 set=0
D/ConnectivityService(  800): onUidRulesChanged(uid=10092, uidRules=0)
D/ActivityThread(18007): hoder:android.app.IActivityManager$ContentProviderHolder@426ded48,provider,holder.Provider:android.content.ContentProviderProxy@426df4c8
D/ActivityThread( 8722): SVC-SERVICE_ARGS handled : 0 / ServiceArgsData{token=android.os.BinderProxy@426ea2a0 startId=419 args=Intent { pkg=com.qihoo.appstore cmp=com.qihoo.appstore/com.qihoo.core.CoreService (has extras) }}
D/ActivityThread(15902): ACT-AM_ON_PAUSE_CALLED ActivityRecord{43eb55a0 token=android.os.BinderProxy@432b6cc8 {com.ccvideo/com.yizhibo.video.activity.LoginMainActivity}}
I/FrameworkListener(  242): onDataAvailable get 40 bytes 
V/ActivityManager(  800): ensureActivitiesVisibleLocked: consider front
V/ActivityManager(  800): ensureActivitiesVisibleLocked: consider back
V/ActivityManager(  800): ensureActivitiesVisibleLocked: consider front
V/ActivityManager(  800): ensureActivitiesVisibleLocked: consider back
D/ActivityThread(18007): installProvider: context.getPackageName()=com.oppo.gesture
D/ActivityThread(15902): ACT-PAUSE_ACTIVITY handled : 1 / android.os.BinderProxy@432b6cc8
V/InputMethodManagerService(  800): windowGainedFocus: android.os.BinderProxy@42b14418 controlFlags=#1 softInputMode=#20 windowFlags=#1810100
W/InputMethodManagerService(  800): Window already focused, ignoring focus gain of: com.android.internal.view.IInputMethodClient$Stub$Proxy@42c2b228 attribute=null, token = android.os.BinderProxy@4505daa8
V/ActivityThread(15902): Performing resume of ActivityRecord{43eb55a0 token=android.os.BinderProxy@432b6cc8 {com.ccvideo/com.yizhibo.video.activity.LoginMainActivity}} finished=false
D/ActivityManager(  800): publishContentProviders: from caller=android.app.ApplicationThreadProxy@42b6b5a8 (pid=18007)
D/ActivityThread( 9798): SVC-SERVICE_ARGS handled : 0 / ServiceArgsData{token=android.os.BinderProxy@426e6ed0 startId=153 args=Intent { cmp=com.qihoo.appstore/com.morgoo.droidplugin.stub.ServiceStub$StubP06$P00 (has extras) }}
D/ActivityThread( 9386): SVC-SERVICE_ARGS handled : 0 / ServiceArgsData{token=android.os.BinderProxy@426e4bd8 startId=90 args=Intent { cmp=com.qihoo.appstore/com.morgoo.droidplugin.stub.ServiceStub$StubP01$P00 (has extras) }}
W/ContextImpl(18007): Calling a method in the system process without a qualified user: android.app.ContextImpl.startService:1701 android.content.ContextWrapper.startService:494 com.oppo.gesture.server.GestureServiceApp.onCreate:21 android.app.Instrumentation.callApplicationOnCreate:1007 android.app.ActivityThread.handleBindApplication:4705 
D/ActivityThread( 8722): SVC-SERVICE_ARGS handled : 0 / ServiceArgsData{token=android.os.BinderProxy@426ea2a0 startId=420 args=Intent { pkg=com.qihoo.appstore cmp=com.qihoo.appstore/com.qihoo.core.CoreService (has extras) }}
D/ActivityThread(18007): BIND_APPLICATION handled : 0 / AppBindData{appInfo=ApplicationInfo{426db9a0 com.oppo.gesture}}
V/ActivityManager(  800): Broadcast: Intent { act=com.qihoo.appstore.ACTION_NOTIFICATION_REMOVED flg=0x10 (has extras) } ordered=false userid=0 callerApp=ProcessRecord{42a0ca18 9798:com.qihoo.appstore:PluginP06/u0a92}
D/ActivityThread(18007): BDC-Calling onReceive: intent=Intent { act=oppo.intent.action.BATTERY_PLUGGED_CHANGED flg=0x20000010 cmp=com.oppo.gesture/.receiver.OppoGestureReceiver (has extras) }, ordered=true, receiver=com.oppo.gesture.receiver.OppoGestureReceiver@426fb520
D/ActivityThread( 9798): SVC-SERVICE_ARGS handled : 0 / ServiceArgsData{token=android.os.BinderProxy@426e6ed0 startId=154 args=Intent { cmp=com.qihoo.appstore/com.morgoo.droidplugin.stub.ServiceStub$StubP06$P00 (has extras) }}
W/ContextImpl(18007): Calling a method in the system process without a qualified user: android.app.ContextImpl.startService:1701 android.content.ContextWrapper.startService:494 android.content.ContextWrapper.startService:494 com.oppo.gesture.receiver.AsynTaskService.exeService:108 com.oppo.gesture.receiver.OppoGestureReceiver.onReceive:11 
D/ActivityThread( 8722): SVC-SERVICE_ARGS handled : 0 / ServiceArgsData{token=android.os.BinderProxy@426ea2a0 startId=421 args=Intent { pkg=com.qihoo.appstore cmp=com.qihoo.appstore/com.qihoo.core.CoreService (has extras) }}
D/ActivityThread(18007): BDC-RECEIVER handled : 0 / ReceiverData{intent=Intent { act=oppo.intent.action.BATTERY_PLUGGED_CHANGED flg=0x20000010 cmp=com.oppo.gesture/.receiver.OppoGestureReceiver (has extras) } packageName=com.oppo.gesture resultCode=-1 resultData=null resultExtras=null}
V/ActivityManager(  800): Broadcast: Intent { act=com.qihoo.appstore.ACTION_NOTIFICATION_REMOVED flg=0x10 (has extras) } ordered=false userid=0 callerApp=ProcessRecord{42996ac8 8722:com.qihoo.daemon/u0a92}
D/ActivityThread( 1367): BDC-Calling onReceive: intent=Intent { act=android.intent.action.ACTION_POWER_DISCONNECTED flg=0x4000010 cmp=com.oppo.exserviceui/.OppoChargeNotifyReceiver }, ordered=true, receiver=com.oppo.exserviceui.OppoChargeNotifyReceiver@42ff2738
D/ActivityThread( 1367): BDC-RECEIVER handled : 0 / ReceiverData{intent=Intent { act=android.intent.action.ACTION_POWER_DISCONNECTED flg=0x4000010 cmp=com.oppo.exserviceui/.OppoChargeNotifyReceiver } packageName=com.oppo.exserviceui resultCode=-1 resultData=null resultExtras=null}
D/ActivityThread( 8722): SVC-SERVICE_ARGS handled : 0 / ServiceArgsData{token=android.os.BinderProxy@426ea2a0 startId=422 args=Intent { pkg=com.qihoo.appstore cmp=com.qihoo.appstore/com.qihoo.core.CoreService (has extras) }}
D/ActivityThread(18007): SVC-Creating service: CreateServiceData{token=android.os.BinderProxy@426f9ee8 className=com.oppo.gesture.server.ScreenOffGestureService packageName=com.oppo.gesture intent=null}
D/ActivityThread(13217): BDC-Calling onReceive: intent=Intent { act=android.intent.action.ACTION_POWER_DISCONNECTED flg=0x4000010 cmp=com.oppo.pcassistant/.apk.server.usb.USBConnector }, ordered=true, receiver=com.oppo.pcassistant.apk.server.usb.USBConnector@42829250
D/ActivityThread(13217): BDC-RECEIVER handled : 0 / ReceiverData{intent=Intent { act=android.intent.action.ACTION_POWER_DISCONNECTED flg=0x4000010 cmp=com.oppo.pcassistant/.apk.server.usb.USBConnector } packageName=com.oppo.pcassistant resultCode=0 resultData=null resultExtras=null}
D/ActivityThread(13428): BDC-Calling onReceive: intent=Intent { act=android.intent.action.ACTION_POWER_DISCONNECTED flg=0x4000010 cmp=com.ss.android.article.news/com.ss.android.message.MessageReceiver }, ordered=true, receiver=com.ss.android.message.MessageReceiver@42eeb7d8
D/ActivityManager(  800): getContentProviderImpl: from caller=android.app.ApplicationThreadProxy@4271f318 (pid=13428, userId=0) to get content provider com.ss.android.pushmanager.setting.PushMultiProcessSharedProvider143 cpr=ContentProviderRecord{440a0910 u0 com.ss.android.article.news/com.ss.android.pushmanager.setting.PushMultiProcessSharedProvider}
D/ActivityManager(  800): getContentProviderImpl: updateLruProcessLocked cpr.proc=ProcessRecord{4320f338 13466:com.ss.android.article.news/u0a464}
D/ActivityThread(13428): hoder:android.app.IActivityManager$ContentProviderHolder@42eec5f8,provider,holder.Provider:android.content.ContentProviderProxy@42eecdc8
D/ActivityThread(13428): BDC-RECEIVER handled : 0 / ReceiverData{intent=Intent { act=android.intent.action.ACTION_POWER_DISCONNECTED flg=0x4000010 cmp=com.ss.android.article.news/com.ss.android.message.MessageReceiver } packageName=com.ss.android.article.news resultCode=0 resultData=null resultExtras=null}
D/ActivityThread( 9798): SVC-SERVICE_ARGS handled : 0 / ServiceArgsData{token=android.os.BinderProxy@426e6ed0 startId=155 args=Intent { cmp=com.qihoo.appstore/com.morgoo.droidplugin.stub.ServiceStub$StubP06$P00 (has extras) }}
D/ActivityThread(13592): BDC-Calling onReceive: intent=Intent { act=android.intent.action.ACTION_POWER_DISCONNECTED flg=0x4000010 cmp=com.ss.android.article.news/com.alibaba.sdk.android.push.SystemEventReceiver }, ordered=true, receiver=com.alibaba.sdk.android.push.SystemEventReceiver@43097240
D/SocketClient(  242): SocketClient sendDatalocked done: 222
D/SocketClient(  242): SocketClient sendDatalocked done: 
D/SocketClient(  242): SocketClient sendDatalocked done: 
D/SocketClient(  242): SocketClient sendDatalocked done: 
D/SocketClient(  242): SocketClient sendDatalocked done: 
D/SocketClient(  242): SocketClient sendDatalocked done: 
D/SocketClient(  242): SocketClient sendDatalocked done: 
D/SocketClient(  242): SocketClient sendDatalocked done: 
D/SocketClient(  242): SocketClient sendDatalocked done: 
D/SocketClient(  242): SocketClient sendDatalocked done: 
D/SocketClient(  242): SocketClient sendDatalocked done: 
D/SocketClient(  242): SocketClient sendDatalocked done: 
D/SocketClient(  242): SocketClient sendDatalocked done: 
D/SocketClient(  242): SocketClient sendDatalocked done: 
D/SocketClient(  242): SocketClient sendDatalocked done: 
D/SocketClient(  242): SocketClient sendDatalocked done: 
D/SocketClient(  242): SocketClient sendDatalocked done: 
D/ActivityThread( 9386): SVC-SERVICE_ARGS handled : 0 / ServiceArgsData{token=android.os.BinderProxy@426e4bd8 startId=91 args=Intent { cmp=com.qihoo.appstore/com.morgoo.droidplugin.stub.ServiceStub$StubP01$P00 (has extras) }}
D/ActivityThread(18007): SVC-CREATE_SERVICE handled : 0 / CreateServiceData{token=android.os.BinderProxy@426f9ee8 className=com.oppo.gesture.server.ScreenOffGestureService packageName=com.oppo.gesture intent=null}
D/ActivityThread(18007): SVC-SERVICE_ARGS handled : 0 / ServiceArgsData{token=android.os.BinderProxy@426f9ee8 startId=1 args=Intent { cmp=com.oppo.gesture/.server.ScreenOffGestureService }}
D/ActivityThread(18007): SVC-Creating service: CreateServiceData{token=android.os.BinderProxy@426ff918 className=com.oppo.gesture.receiver.AsynTaskService packageName=com.oppo.gesture intent=null}
D/ActivityManager(  800): getContentProviderImpl: from caller=android.app.ApplicationThreadProxy@428661c8 (pid=13428, userId=0) to get content provider com.ss.android.pushmanager.setting.PushMultiProcessSharedProvider143 cpr=ContentProviderRecord{440a0910 u0 com.ss.android.article.news/com.ss.android.pushmanager.setting.PushMultiProcessSharedProvider}
D/ActivityManager(  800): getContentProviderImpl: updateLruProcessLocked cpr.proc=ProcessRecord{4320f338 13466:com.ss.android.article.news/u0a464}
D/ActivityThread(13428): hoder:android.app.IActivityManager$ContentProviderHolder@42eefb38,provider,holder.Provider:android.content.ContentProviderProxy@42ef0308
D/ActivityThread(13592): BDC-RECEIVER handled : 0 / ReceiverData{intent=Intent { act=android.intent.action.ACTION_POWER_DISCONNECTED flg=0x4000010 cmp=com.ss.android.article.news/com.umeng.message.UmengIntentService } packageName=com.ss.android.article.news resultCode=0 resultData=null resultExtras=null}
D/ActivityThread(18007): SVC-CREATE_SERVICE handled : 0 / CreateServiceData{token=android.os.BinderProxy@426ff918 className=com.oppo.gesture.receiver.AsynTaskService packageName=com.oppo.gesture intent=null}
D/ActivityThread(18007): SVC-SERVICE_ARGS handled : 0 / ServiceArgsData{token=android.os.BinderProxy@426ff918 startId=1 args=Intent { cmp=com.oppo.gesture/.receiver.AsynTaskService (has extras) }}
D/ConnectivityService(  800): getActiveNetworkInfo:NetworkInfo: type: WIFI[], state: CONNECTED/CONNECTED, reason: (unspecified), extra: "bigbig", roaming: false, failover: false, isAvailable: true, isConnectedToProvisioningNetwork: false, simId: 0/10464
D/ActivityThread(13592): SVC-SERVICE_ARGS handled : 0 / ServiceArgsData{token=android.os.BinderProxy@42ea1460 startId=5 args=Intent { act=android.intent.action.ACTION_POWER_DISCONNECTED flg=0x4000010 cmp=com.ss.android.article.news/com.taobao.accs.ChannelService }}
D/ActivityThread(13592): SVC-Creating service: CreateServiceData{token=android.os.BinderProxy@430998a0 className=com.umeng.message.UmengIntentService packageName=com.ss.android.article.news intent=null}
D/ActivityThread( 1108): BDC-Calling onReceive: intent=Intent { act=com.color.powermanager.battery_charging_change flg=0x10 cmp=com.color.safecenter/com.color.powermanager.receiver.AutoStartReceiver (has extras) }, ordered=true, receiver=com.color.powermanager.receiver.AutoStartReceiver@4288ae20
V/ActivityManager(  800): Broadcast: Intent { act=com.qihoo.appstore.ACTION_NOTIFICATION_REMOVED flg=0x10 (has extras) } ordered=false userid=0 callerApp=ProcessRecord{42a0ca18 9798:com.qihoo.appstore:PluginP06/u0a92}
D/ActivityThread( 9798): SVC-SERVICE_ARGS handled : 0 / ServiceArgsData{token=android.os.BinderProxy@426e6ed0 startId=156 args=Intent { cmp=com.qihoo.appstore/com.morgoo.droidplugin.stub.ServiceStub$StubP06$P00 (has extras) }}
D/ActivityThread(13592): SVC-CREATE_SERVICE handled : 0 / CreateServiceData{token=android.os.BinderProxy@430998a0 className=com.umeng.message.UmengIntentService packageName=com.ss.android.article.news intent=null}
D/ActivityThread(13592): SVC-SERVICE_ARGS handled : 0 / ServiceArgsData{token=android.os.BinderProxy@430998a0 startId=1 args=Intent { act=android.intent.action.ACTION_POWER_DISCONNECTED flg=0x4000010 cmp=com.ss.android.article.news/com.umeng.message.UmengIntentService }}
D/ActivityThread(13592): SVC-Destroying service: com.umeng.message.UmengIntentService@4309d4f8
D/ActivityThread(13592): SVC-STOP_SERVICE handled : 0 / android.os.BinderProxy@430998a0
D/ActivityThread(13428): SVC-SERVICE_ARGS handled : 0 / ServiceArgsData{token=android.os.BinderProxy@42b51d68 startId=3 args=Intent { cmp=com.ss.android.article.news/com.ss.android.message.NotifyService (has extras) }}
