D/wifi    (  800): doStringCommand, buf IFNAME=wlan0 SIGNAL_POLL
I/WifiStateMachine(  800): fetchRssiAndLinkSpeedNative, newRssi:-49, newLinkSpeed:65, SSID:"bigbig"
D/WifiStateMachine(  800): mRssiArray[0] = -49
D/WifiStateMachine(  800): mRssiArray[1] = -47
D/WifiStateMachine(  800): mRssiArray[2] = -49
D/WifiStateMachine(  800): mRssiArray[3] = -49
D/WifiStateMachine(  800): mRssiArray[4] = -49
D/WifiStateMachine(  800): GetFilterRssi is : -48
D/WifiStateMachine(  800): mLastSignalLevel:4, newSignalLevel:4
D/WifiStateMachine(  800): fetchRssiAndLinkSpeedNative, ipAddr:67152064
I/        (  245): [BWC INFO](245): get_bwc_mm_property success
V/AudioTrackShared(  251): mAvailToClient=0 stepCount=1024 minimum=1024
I/BufferQueue(  245): [SurfaceView](this:0xb7acb160,id:233,api:2,p:15902,c:245) queueBuffer: fps=29.94 dur=1001.86 max=36.81 min=29.93
I/        (  245): [BWC INFO](245): get_bwc_mm_property success
V/AudioTrackShared(  251): mAvailToClient=960 stepCount=64 minimum=1024
I/        (  245): [BWC INFO](245): get_bwc_mm_property success
V/AudioTrackShared(  251): mAvailToClient=0 stepCount=1024 minimum=1024
I/        (  245): [BWC INFO](245): get_bwc_mm_property success
V/AudioTrackShared(  251): mAvailToClient=960 stepCount=64 minimum=1024
V/AudioTrackShared(  251): mAvailToClient=0 stepCount=1024 minimum=1024
V/AudioTrackShared(  251): mAvailToClient=960 stepCount=64 minimum=1024
D/IJKMEDIA(15902): ijkmp_get_msg: FFP_MSG_COMPLETED
D/IJKMEDIA(15902): FFP_MSG_COMPLETED:
D/IJKMEDIA(15902): IjkMediaPlayer_reset
D/IJKMEDIA(15902): IjkMediaPlayer_release
D/IJKMEDIA(15902): ijkmp_set_android_surface(surface=0x0)
D/IJKMEDIA(15902): ffpipeline_set_surface()
D/IJKMEDIA(15902): ijkmp_set_android_surface(surface=0x0)=void
D/IJKMEDIA(15902): ijkmp_shutdown_l()
I/IJKMEDIA(15902): SDL_JNI_DetachThreadEnv: [18342]
D/dalvikvm(15902): threadid=13: bye!
D/IJKMEDIA(15902): message_loop exit
I/IJKMEDIA(15902): SDL_JNI_DetachThreadEnv: [18333]
I/IJKMEDIA(15902): SDL_JNI_DetachThreadEnv: [18338]
I/IJKMEDIA(15902): SDL_JNI_DetachThreadEnv: [18334]
V/AudioTrackShared(  251): mAvailToClient=960 stepCount=1024 minimum=1024
D/AudioFlinger_Thread(  251): track 4101 s=000bac40 [NOT READY] on thread 0xb49d5008, track 0xb74e2ef8
V/AudioTrackShared(  251): mAvailToClient=1984 stepCount=64 minimum=1024
E/AudioFlinger(  251): getNextBuffer, get null buffer
D/AudioResamplerMTK32(  251): reset
D/AudioFlinger_Thread(  251): track 4101 s=000bac80 [NOT READY] on thread 0xb49d5008, track 0xb74e2ef8
D/AudioFlinger_Thread(  251): track 4101 s=000bac80 [NOT READY] on thread 0xb49d5008, track 0xb74e2ef8
D/AudioFlinger_Thread(  251): threadLoop_sleepTime write muted data to hw
D/AudioFlinger_Thread(  251): track 4101 s=000bac80 [NOT READY] on thread 0xb49d5008, track 0xb74e2ef8
D/AudioFlinger_Thread(  251): track 4101 s=000bac80 [NOT READY] on thread 0xb49d5008, track 0xb74e2ef8
D/AudioFlinger_Thread(  251): threadLoop_sleepTime write muted data to hw
D/AudioFlinger_Thread(  251): track 4101 s=000bac80 [NOT READY] on thread 0xb49d5008, track 0xb74e2ef8
I/        (  245): [BWC INFO](245): get_bwc_mm_property success
I/IJKMEDIA(15902): SDL_JNI_DetachThreadEnv: [18335]
D/AudioFlinger_Thread(  251): track 4101 s=000bac80 [NOT READY] on thread 0xb49d5008, track 0xb74e2ef8
D/AudioFlinger_Thread(  251): threadLoop_sleepTime write muted data to hw
D/dalvikvm(15902): threadid=18: bye!
D/AudioTrack(15902): audiotrack 0x85279df0 stop done
D/AudioTrack(15902): ~audioTrack 0x85279df0
D/AudioTrackCenter(15902): removeTrack, trackPtr:0x85279df0
D/AudioTrack(15902): ~AudioTrack, mAudioTrack.clear(), mAudioTrack 0x85f22dc0, this 0x85279df0
D/AudioFlinger(  251): releasing 276 from 15902
D/AudioFlinger(  251):  decremented refcount to 0
D/AudioFlinger(  251): +purging stale effects
D/AudioFlinger(  251): -purging stale effects
I/IJKMEDIA(15902): SDL_JNI_DetachThreadEnv: [18337]
D/dalvikvm(15902): threadid=37: bye!
D/dalvikvm(15902): threadid=48: bye!
D/AudioFlinger_Thread(  251): track 4101 s=000bac80 [NOT READY] on thread 0xb49d5008, track 0xb74e2ef8
D/AudioFlinger_Thread(  251): track 0 s=b49d5008 [NOT READY] track presentation NOT Complete.
E/IJKMEDIA(15902): SDL_Overlay(ffmpeg): overlay_free_l(0x8701fd00)
E/IJKMEDIA(15902): SDL_Overlay(ffmpeg): overlay_free_l(0x85f49be8)
E/IJKMEDIA(15902): SDL_Overlay(ffmpeg): overlay_free_l(0x7ca58110)
D/IJKMEDIA(15902): ijkmp_shutdown_l()=void
D/IJKMEDIA(15902): IjkMediaPlayer_native_setup
D/IJKMEDIA(15902): ffpipeline_create_from_android()
D/IJKMEDIA(15902): ijkmp_set_inject_opaque(0x1d7006ee)
D/IJKMEDIA(15902): ijkmp_set_inject_opaque()=void
D/IJKMEDIA(15902): ijkmp_android_set_mediacodec_select_callback()
D/IJKMEDIA(15902): ffpipeline_set_mediacodec_select_callback
D/IJKMEDIA(15902): ijkmp_android_set_mediacodec_select_callback()=void
D/IJKMEDIA(15902): ijkmp_dec_ref(): ref=0
D/IJKMEDIA(15902): ijkmp_shutdown_l()
D/IJKMEDIA(15902): ijkmp_shutdown_l()=void
D/IJKMEDIA(15902): IjkMediaPlayer_release
D/IJKMEDIA(15902): ijkmp_set_android_surface(surface=0x0)
D/IJKMEDIA(15902): ffpipeline_set_surface()
D/IJKMEDIA(15902): ijkmp_set_android_surface(surface=0x0)=void
D/IJKMEDIA(15902): ijkmp_shutdown_l()
D/IJKMEDIA(15902): ijkmp_shutdown_l()=void
D/IJKMEDIA(15902): ijkmp_dec_ref(): ref=0
D/IJKMEDIA(15902): ijkmp_shutdown_l()
D/IJKMEDIA(15902): ijkmp_shutdown_l()=void
I/MediaFocusControl(  800):  AudioFocus  abandonAudioFocus() from android.media.AudioManager@42cc91f8
I/MediaFocusControl(  800):  AudioFocus  requestAudioFocus() from android.media.AudioManager@42cc91f8
D/AudioFlinger_Thread(  251): track 4101 s=000bac80 [NOT READY] on thread 0xb49d5008, track 0xb74e2ef8
D/AudioFlinger_Thread(  251): track 17923062 s=b49d5008 [NOT READY] track presentation NOT Complete.
D/AudioFlinger_Thread(  251): threadLoop_sleepTime write muted data to hw
D/AppOps  (  800): noteOperation: allowing code 32 uid 10532 package com.ccvideo
D/IJKMEDIA(15902): IjkMediaPlayer_native_setup
D/IJKMEDIA(15902): ffpipeline_create_from_android()
D/IJKMEDIA(15902): ijkmp_set_inject_opaque(0x1d8006ee)
D/IJKMEDIA(15902): ijkmp_set_inject_opaque()=void
D/IJKMEDIA(15902): ijkmp_android_set_mediacodec_select_callback()
D/IJKMEDIA(15902): ffpipeline_set_mediacodec_select_callback
D/IJKMEDIA(15902): ijkmp_android_set_mediacodec_select_callback()=void
D/IJKMEDIA(15902): IjkMediaPlayer_native_setLogLevel(5)
D/IJKMEDIA(15902): moncleanup
D/IJKMEDIA(15902): IjkMediaPlayer_setOptionLong
D/IJKMEDIA(15902): IjkMediaPlayer_setOptionLong
D/IJKMEDIA(15902): IjkMediaPlayer_setOptionLong
D/IJKMEDIA(15902): IjkMediaPlayer_setOptionLong
D/IJKMEDIA(15902): IjkMediaPlayer_setOptionLong
D/tv.danmaku.ijk.media.player.IjkMediaPlayer(15902): Couldn't open file on client side, trying server side
D/IJKMEDIA(15902): IjkMediaPlayer_setDataSourceAndHeaders
V/IJKMEDIA(15902): setDataSource: path /storage/emulated/0/yizhibo/image/output.mp4
D/IJKMEDIA(15902): ijkmp_set_data_source(url="/storage/emulated/0/yizhibo/image/output.mp4")
D/IJKMEDIA(15902): ijkmp_set_data_source(url="/storage/emulated/0/yizhibo/image/output.mp4")=0
D/IJKMEDIA(15902): IjkMediaPlayer_setVideoSurface
D/IJKMEDIA(15902): ijkmp_set_android_surface(surface=0xf730001d)
D/IJKMEDIA(15902): ffpipeline_set_surface()
D/IJKMEDIA(15902): ijkmp_set_android_surface(surface=0xf730001d)=void
D/IJKMEDIA(15902): IjkMediaPlayer_prepareAsync
D/IJKMEDIA(15902): ijkmp_prepare_async()
I/IJKMEDIA(15902): SDL_RunThread: [18364] ff_msg_loop
D/IJKMEDIA(15902): message_loop
D/dalvikvm(15902): threadid=13: interp stack at 0x791a7000
D/IJKMEDIA(15902): FFP_MSG_FLUSH:
I/IJKMEDIA(15902): SDL_RunThread: [18365] ff_vout
D/IJKMEDIA(15902): ijkmp_prepare_async()=0
I/IJKMEDIA(15902): SDL_RunThread: [18366] ff_read
D/AudioFlinger_Thread(  251): track 4101 s=000bac80 [NOT READY] on thread 0xb49d5008, track 0xb74e2ef8
D/AudioFlinger_Thread(  251): removeTracks_l removing track on session 276, track 0xb74e2ef8
D/AudioFlinger_Thread(  251): removeTrack_l, mTracks.remove(), track 0xb74e2ef8, this 0xb49d5008
D/AudioFlinger_Thread(  251): remove track (4101) and delete from mixer
D/MtkAudioLoud(  251): +Close()
D/MtkAudioLoud(  251): -Close()
D/MtkAudioLoud(  251): +~MtkAudioLoud()
D/MtkAudioLoud(  251): -~MtkAudioLoud()
D/AudioFlinger_Thread(  251): acquireWakeLock_l() AudioOut_2 status 0
D/AppOps  (  800): startOperation: allowing code 40 uid 1013 package media
D/AudioFlinger(  251): removeClient_l() pid 15902, calling pid 251
D/AudioFlinger_Thread(  251): threadLoop_sleepTime write muted data to hw
D/AudioMTKPolicyManager(  251): StopOutputSampletateoutput = 2 stream = 3 session = 276 samplerate=44100 
D/AudioMTKPolicyManager(  251): DumpSampleRateArray
D/AudioMTKPolicyManager(  251): SampleRateArray[0] = 0 
D/AudioMTKPolicyManager(  251): SampleRateArray[1] = 0 
D/AudioMTKPolicyManager(  251): SampleRateArray[2] = 0 
D/AudioMTKPolicyManager(  251): SampleRateArray[3] = 0 
D/AudioMTKPolicyManager(  251): SampleRateArray[4] = 0 
D/AudioMTKPolicyManager(  251): SampleRateArray[5] = 0 
D/AudioMTKPolicyManager(  251): ReleaseFMIndirectMode 
D/AudioMTKPolicyManager(  251): PolicyRestore
D/AudioMTKPolicyManager(  251): stopOutput() output 2, stream 3, session 276
D/AudioMTKPolicyManager(  251): getNewDevice() selected device 0
D/AudioMTKPolicyManager(  251): setOutputDevice() output 2 device 0000 delayMs 46
D/AudioMTKPolicyManager(  251): checkDeviceMuteStrategies outputDesc = 0xb736e030 prevDevice = 2 delayMs = 46
D/AudioMTKPolicyManager(  251): getDeviceForStrategy() strategy 7, device 2
D/AudioMTKPolicyManager(  251): getDeviceForStrategy() strategy 6, device 2
D/AudioMTKPolicyManager(  251): mHasA2dp:1, getA2dpOutput:0, bA2DPForeceIgnore:0, mA2dpSuspended:0,force =0 ,device2:0,
D/AudioMTKPolicyManager(  251): getDeviceForStrategy() strategy 5, device 2
D/AudioMTKPolicyManager(  251): mHasA2dp:1, getA2dpOutput:0, bA2DPForeceIgnore:0, mA2dpSuspended:0,force =0 ,device2:0,
D/AudioMTKPolicyManager(  251): getDeviceForStrategy() strategy 0, device 2
D/AudioMTKPolicyManager(  251): getDeviceForStrategy() strategy 4, device 2
D/AudioMTKPolicyManager(  251): mHasA2dp:1, getA2dpOutput:0, bA2DPForeceIgnore:0, mA2dpSuspended:0,force =0 ,device2:0,
D/AudioMTKPolicyManager(  251): getDeviceForStrategy() strategy 0, device 2
D/AudioMTKPolicyManager(  251): getDeviceForStrategy() strategy 3, device 2
D/AudioMTKPolicyManager(  251): mHasA2dp:1, getA2dpOutput:0, bA2DPForeceIgnore:0, mA2dpSuspended:0,force =0 ,device2:0,
D/AudioMTKPolicyManager(  251): getDeviceForStrategy() strategy 2, device 2
D/AudioMTKPolicyManager(  251): getDeviceForStrategy() strategy 1, device 1
D/AudioMTKPolicyManager(  251): mHasA2dp:1, getA2dpOutput:0, bA2DPForeceIgnore:0, mA2dpSuspended:0,force =0 ,device2:0,
D/AudioMTKPolicyManager(  251): getDeviceForStrategy() strategy 0, device 2
D/AudioMTKPolicyManager(  251): setOutputDevice() setting same device 0000 or null device for output 2
D/AudioMTKPolicyManager(  251): mHasA2dp:1, getA2dpOutput:0, bA2DPForeceIgnore:0, mA2dpSuspended:0,force =0 ,device2:0,
D/AudioMTKPolicyManager(  251): getDeviceForStrategy() strategy 0, device 2
E/IJKMEDIA(15902): Option ijkapplication not found.
D/AudioMTKPolicyManager(  251): getDeviceForStrategy() strategy 3, device 2
D/AudioMTKPolicyManager(  251): getOutputsForDevice() device 0002
D/AudioMTKPolicyManager(  251): output 0 isDuplicated=0 device=11c7f
D/AudioMTKPolicyManager(  251): getOutputsForDevice() found output 2
D/AudioMTKPolicyManager(  251): getOutputsForDevice() device 0002
D/AudioMTKPolicyManager(  251): output 0 isDuplicated=0 device=11c7f
D/AudioMTKPolicyManager(  251): getOutputsForDevice() found output 2
D/AudioMTKPolicyManager(  251): mHasA2dp:1, getA2dpOutput:0, bA2DPForeceIgnore:0, mA2dpSuspended:0,force =0 ,device2:0,
D/AudioMTKPolicyManager(  251): getDeviceForStrategy() strategy 0, device 2
D/AudioMTKPolicyManager(  251): getDeviceForStrategy() strategy 1, device 1
D/AudioMTKPolicyManager(  251): mHasA2dp:1, getA2dpOutput:0, bA2DPForeceIgnore:0, mA2dpSuspended:0,force =0 ,device2:0,
D/AudioMTKPolicyManager(  251): getDeviceForStrategy() strategy 2, device 2
D/AudioMTKPolicyManager(  251): mHasA2dp:1, getA2dpOutput:0, bA2DPForeceIgnore:0, mA2dpSuspended:0,force =0 ,device2:0,
D/AudioMTKPolicyManager(  251): getDeviceForStrategy() strategy 0, device 2
D/AudioMTKPolicyManager(  251): getDeviceForStrategy() strategy 3, device 2
D/AudioMTKPolicyManager(  251): mHasA2dp:1, getA2dpOutput:0, bA2DPForeceIgnore:0, mA2dpSuspended:0,force =0 ,device2:0,
D/AudioMTKPolicyManager(  251): getDeviceForStrategy() strategy 0, device 2
D/AudioMTKPolicyManager(  251): getDeviceForStrategy() strategy 4, device 2
D/AudioMTKPolicyManager(  251): mHasA2dp:1, getA2dpOutput:0, bA2DPForeceIgnore:0, mA2dpSuspended:0,force =0 ,device2:0,
D/AudioMTKPolicyManager(  251): getDeviceForStrategy() strategy 5, device 2
D/AudioMTKPolicyManager(  251): getDeviceForStrategy() strategy 6, device 2
D/AudioMTKPolicyManager(  251): getDeviceForStrategy() strategy 7, device 2
D/AudioMTKPolicyManager(  251): releaseOutput() 2
D/AudioFlinger_Thread(  251): threadLoop_sleepTime write muted data to hw
I/Process (  800): get_ion_cache_memory totalNum:175964160
I/Process (  800): mm_heap_freelist total_size=0x0
I/Process (  800): ----------------------------------------------------
I/Process (  800):   buffer     size kmap ref hdl mod      mva sec flag pid comm(client)   v1   v2   v3   v4 dbg_name
I/Process (  800): 0xd04a4300    491
I/Process (  800): get_ion_cache_memory ionCacheTotalInByte:175964160
D/AudioFlinger_Thread(  251): threadLoop_sleepTime write muted data to hw
D/dalvikvm(15902): threadid=18: interp stack at 0x7922c000
D/AudioFlinger_Thread(  251): threadLoop_sleepTime write muted data to hw
I/IJKMEDIA(15902): SDL_Android_AudioTrack: CHANNEL_OUT_STEREO
I/IJKMEDIA(15902): SDL_Android_AudioTrack: ENCODING_PCM_16BIT
D/AudioMTKPolicyManager(  251): mHasA2dp:1, getA2dpOutput:0, bA2DPForeceIgnore:0, mA2dpSuspended:0,force =0 ,device2:0,
D/AudioMTKPolicyManager(  251): getDeviceForStrategy() strategy 0, device 2
D/AudioMTKPolicyManager(  251): getOutput() device 2, stream 3, samplingRate 0, format 0, channelMask 3, flags 0
D/AudioMTKPolicyManager(  251): getOutputsForDevice() device 0002
D/AudioMTKPolicyManager(  251): output 0 isDuplicated=0 device=11c7f
D/AudioMTKPolicyManager(  251): getOutputsForDevice() found output 2
D/AudioMTKPolicyManager(  251): getOutput() returns output 2
D/AudioMTKPolicyManager(  251): mHasA2dp:1, getA2dpOutput:0, bA2DPForeceIgnore:0, mA2dpSuspended:0,force =0 ,device2:0,
D/AudioMTKPolicyManager(  251): getDeviceForStrategy() strategy 0, device 2
D/AudioMTKPolicyManager(  251): getOutput() device 2, stream 3, samplingRate 0, format 0, channelMask 3, flags 0
D/AudioMTKPolicyManager(  251): getOutputsForDevice() device 0002
D/AudioMTKPolicyManager(  251): output 0 isDuplicated=0 device=11c7f
D/AudioMTKPolicyManager(  251): getOutputsForDevice() found output 2
D/AudioMTKPolicyManager(  251): getOutput() returns output 2
D/AudioFlinger_Thread(  251): frameCount, flag 0, streamType 3, framecount 1024, is primary thead 1
D/AudioMTKPolicyManager(  251): mHasA2dp:1, getA2dpOutput:0, bA2DPForeceIgnore:0, mA2dpSuspended:0,force =0 ,device2:0,
D/AudioMTKPolicyManager(  251): getDeviceForStrategy() strategy 0, device 2
D/AudioMTKPolicyManager(  251): getOutput() device 2, stream 3, samplingRate 0, format 0, channelMask 3, flags 0
D/AudioMTKPolicyManager(  251): getOutputsForDevice() device 0002
D/AudioMTKPolicyManager(  251): output 0 isDuplicated=0 device=11c7f
D/AudioMTKPolicyManager(  251): getOutputsForDevice() found output 2
D/AudioMTKPolicyManager(  251): getOutput() returns output 2
D/AudioTrack(15902): getMinFrameCount=2048: afFrameCount=1024, minBufCount=2, afSampleRate=44100, afLatency=23
D/AudioMTKPolicyManager(  251): mHasA2dp:1, getA2dpOutput:0, bA2DPForeceIgnore:0, mA2dpSuspended:0,force =0 ,device2:0,
D/AudioMTKPolicyManager(  251): getDeviceForStrategy() strategy 0, device 2
D/AudioMTKPolicyManager(  251): getOutput() device 2, stream 3, samplingRate 0, format 0, channelMask 3, flags 0
D/AudioMTKPolicyManager(  251): getOutputsForDevice() device 0002
D/AudioMTKPolicyManager(  251): output 0 isDuplicated=0 device=11c7f
D/AudioMTKPolicyManager(  251): getOutputsForDevice() found output 2
D/AudioMTKPolicyManager(  251): getOutput() returns output 2
D/AudioFlinger_Thread(  251): frameCount, flag 0, streamType 3, framecount 1024, is primary thead 1
D/AudioMTKPolicyManager(  251): mHasA2dp:1, getA2dpOutput:0, bA2DPForeceIgnore:0, mA2dpSuspended:0,force =0 ,device2:0,
D/AudioMTKPolicyManager(  251): getDeviceForStrategy() strategy 0, device 2
D/AudioMTKPolicyManager(  251): getOutput() device 2, stream 3, samplingRate 0, format 0, channelMask 3, flags 0
D/AudioMTKPolicyManager(  251): getOutputsForDevice() device 0002
D/AudioMTKPolicyManager(  251): output 0 isDuplicated=0 device=11c7f
D/AudioMTKPolicyManager(  251): getOutputsForDevice() found output 2
D/AudioMTKPolicyManager(  251): getOutput() returns output 2
V/AudioTrack(15902): set() streamType 3 frameCount 2048 flags 0000
D/AudioTrack(15902): audiotrack 0x87c3af08 set Type 3, rate 44100, fmt 1, chn 3, fcnt 2048, flags 0000
D/AudioMTKPolicyManager(  251): mHasA2dp:1, getA2dpOutput:0, bA2DPForeceIgnore:0, mA2dpSuspended:0,force =0 ,device2:0,
D/AudioMTKPolicyManager(  251): getDeviceForStrategy() strategy 0, device 2
D/AudioMTKPolicyManager(  251): getOutput() device 2, stream 3, samplingRate 44100, format 1, channelMask 3, flags 0
D/AudioMTKPolicyManager(  251): getOutputsForDevice() device 0002
D/AudioMTKPolicyManager(  251): output 0 isDuplicated=0 device=11c7f
D/AudioMTKPolicyManager(  251): getOutputsForDevice() found output 2
D/AudioMTKPolicyManager(  251): getOutput() returns output 2
D/AudioFlinger_Thread(  251): frameCount, flag 0, streamType 3, framecount 1024, is primary thead 1
V/AudioTrack(15902): createTrack_l() output 2 afLatency 23
V/AudioTrack(15902): afFrameCount=1024, minBufCount=1, afSampleRate=44100, afLatency=23
V/AudioTrack(15902): minFrameCount: 2048, afFrameCount=1024, minBufCount=2, sampleRate=44100, afSampleRate=44100, afLatency=23
D/AudioFlinger(  251): createTrack() sessionId: 0
D/AudioFlinger(  251): createTrack() lSessionId: 277
D/AudioFlinger(  251): Track constructor name 4101, calling pid 15902, this 0xb74e3180
D/AudioFlinger_Thread(  251): createTrack_l, mTracks.add(), track 0xb74e3180, this 0xb49d5008
D/AudioFlinger(  251): createTrack, trackHandle add, trackHand 0xb74e32f0, this 0xb734d398
D/AudioTrack(15902): createTrack_l, mAudioTrack add, mAudioTrack 0x8244a6d8, this 0x87c3af08
D/AudioFlinger_Thread(  251): PlayckThread::attachAuxEffect_l:effectid:0
D/AudioTrackCenter(15902): addTrack, trackId:0x840c4000, frameCount:2048, sampleRate:44100, trackPtr:0x87c3af08
D/AudioTrackCenter(15902): mAfSampleRate 44100, sampleRate 44100, AfFrameCount 1024 , mAfSampleRate 44100, frameCount 2048
D/AudioFlinger(  251): acquiring 277 from 15902
D/AudioFlinger(  251):  added new entry for 277
I/IJKMEDIA(15902): SDL_Android_AudioTrack_new_from_spec: init volume as 1.000000/(0.000000,1.000000)
I/IJKMEDIA(15902): audio_session_id = 277
D/dalvikvm(15902): threadid=37: interp stack at 0x7936c000
I/IJKMEDIA(15902): SDL_RunThread: [18368] ff_aout_android
D/dalvikvm(15902): threadid=48: interp stack at 0x7caac000
D/AudioTrack(15902): start
D/AudioMTKPolicyManager(  251): StartOutputSamplerate output = 2 stream = 3 session = 277 samplerate=44100 
D/AudioMTKPolicyManager(  251): AddSampleRateArray index = 0 sampleRate = 44100
D/AudioMTKPolicyManager(  251): DumpSampleRateArray
D/AudioMTKPolicyManager(  251): SampleRateArray[0] = 1 
D/AudioMTKPolicyManager(  251): SampleRateArray[1] = 0 
D/AudioMTKPolicyManager(  251): SampleRateArray[2] = 0 
D/AudioMTKPolicyManager(  251): SampleRateArray[3] = 0 
D/AudioMTKPolicyManager(  251): SampleRateArray[4] = 0 
D/AudioMTKPolicyManager(  251): SampleRateArray[5] = 0 
D/AudioMTKPolicyManager(  251): startOutput() output 2, stream 3, session 277
D/AudioMTKPolicyManager(  251): mHasA2dp:1, getA2dpOutput:0, bA2DPForeceIgnore:0, mA2dpSuspended:0,force =0 ,device2:0,
D/AudioMTKPolicyManager(  251): getDeviceForStrategy() strategy 0, device 2
D/AudioMTKPolicyManager(  251): getNewDevice() selected device 2
D/AudioMTKPolicyManager(  251): setOutputDevice() output 2 device 0002 delayMs 0
D/AudioMTKPolicyManager(  251): checkDeviceMuteStrategies outputDesc = 0xb736e030 prevDevice = 2 delayMs = 0
D/AudioMTKPolicyManager(  251): getDeviceForStrategy() strategy 7, device 2
D/AudioMTKPolicyManager(  251): getDeviceForStrategy() strategy 6, device 2
D/AudioMTKPolicyManager(  251): mHasA2dp:1, getA2dpOutput:0, bA2DPForeceIgnore:0, mA2dpSuspended:0,force =0 ,device2:0,
D/AudioMTKPolicyManager(  251): getDeviceForStrategy() strategy 5, device 2
D/AudioMTKPolicyManager(  251): mHasA2dp:1, getA2dpOutput:0, bA2DPForeceIgnore:0, mA2dpSuspended:0,force =0 ,device2:0,
D/AudioMTKPolicyManager(  251): getDeviceForStrategy() strategy 0, device 2
D/AudioMTKPolicyManager(  251): getDeviceForStrategy() strategy 4, device 2
D/AudioMTKPolicyManager(  251): mHasA2dp:1, getA2dpOutput:0, bA2DPForeceIgnore:0, mA2dpSuspended:0,force =0 ,device2:0,
D/AudioMTKPolicyManager(  251): getDeviceForStrategy() strategy 0, device 2
D/AudioMTKPolicyManager(  251): getDeviceForStrategy() strategy 3, device 2
D/AudioMTKPolicyManager(  251): mHasA2dp:1, getA2dpOutput:0, bA2DPForeceIgnore:0, mA2dpSuspended:0,force =0 ,device2:0,
D/AudioMTKPolicyManager(  251): getDeviceForStrategy() strategy 2, device 2
D/AudioMTKPolicyManager(  251): getDeviceForStrategy() strategy 1, device 1
D/AudioMTKPolicyManager(  251): mHasA2dp:1, getA2dpOutput:0, bA2DPForeceIgnore:0, mA2dpSuspended:0,force =0 ,device2:0,
D/AudioMTKPolicyManager(  251): getDeviceForStrategy() strategy 0, device 2
D/AudioMTKPolicyManager(  251): setOutputDevice() setting same device 0002 or null device for output 2
D/AudioMTKPolicyManager(  251):  checkAndSetVolume stream = 3 index = 0 output = 2 device = 0x2 delayMs = 0 force = 0
D/AudioMTKPolicyManager(  251): mHasA2dp:1, getA2dpOutput:0, bA2DPForeceIgnore:0, mA2dpSuspended:0,force =0 ,device2:0,
D/AudioMTKPolicyManager(  251): getDeviceForStrategy() strategy 0, device 2
D/AudioMTKPolicyManager(  251): getNewDevice() selected device 2
D/AudioMTKPolicyManager(  251): computeCustomVolume OutputDevice = 2
D/AudioMTKPolicyManager(  251): computeCustomVolume OutputDevice == AudioSystem::DEVICE_OUT_SPEAKER
D/AudioMTKPolicyManager(  251): +MapVoltoCustomVol vol = 0.000000 stream = 3 volmin = 56 volmax = 255
D/AudioMTKPolicyManager(  251): mHasA2dp:1, getA2dpOutput:0, bA2DPForeceIgnore:0, mA2dpSuspended:0,force =0 ,device2:0,
D/AudioMTKPolicyManager(  251): getDeviceForStrategy() strategy 0, device 2
D/AudioMTKPolicyManager(  251): getDeviceForStrategy() strategy 3, device 2
D/AudioMTKPolicyManager(  251): getOutputsForDevice() device 0002
D/AudioMTKPolicyManager(  251): output 0 isDuplicated=0 device=11c7f
D/AudioMTKPolicyManager(  251): getOutputsForDevice() found output 2
D/AudioMTKPolicyManager(  251): getOutputsForDevice() device 0002
D/AudioMTKPolicyManager(  251): output 0 isDuplicated=0 device=11c7f
D/AudioMTKPolicyManager(  251): getOutputsForDevice() found output 2
D/AudioMTKPolicyManager(  251): mHasA2dp:1, getA2dpOutput:0, bA2DPForeceIgnore:0, mA2dpSuspended:0,force =0 ,device2:0,
D/AudioMTKPolicyManager(  251): getDeviceForStrategy() strategy 0, device 2
D/AudioMTKPolicyManager(  251): getDeviceForStrategy() strategy 1, device 1
D/AudioMTKPolicyManager(  251): mHasA2dp:1, getA2dpOutput:0, bA2DPForeceIgnore:0, mA2dpSuspended:0,force =0 ,device2:0,
D/AudioMTKPolicyManager(  251): getDeviceForStrategy() strategy 2, device 2
D/AudioMTKPolicyManager(  251): mHasA2dp:1, getA2dpOutput:0, bA2DPForeceIgnore:0, mA2dpSuspended:0,force =0 ,device2:0,
D/AudioMTKPolicyManager(  251): getDeviceForStrategy() strategy 0, device 2
D/AudioMTKPolicyManager(  251): getDeviceForStrategy() strategy 3, device 2
D/AudioMTKPolicyManager(  251): mHasA2dp:1, getA2dpOutput:0, bA2DPForeceIgnore:0, mA2dpSuspended:0,force =0 ,device2:0,
D/AudioMTKPolicyManager(  251): getDeviceForStrategy() strategy 0, device 2
D/AudioMTKPolicyManager(  251): getDeviceForStrategy() strategy 4, device 2
D/AudioMTKPolicyManager(  251): mHasA2dp:1, getA2dpOutput:0, bA2DPForeceIgnore:0, mA2dpSuspended:0,force =0 ,device2:0,
D/AudioMTKPolicyManager(  251): getDeviceForStrategy() strategy 5, device 2
D/AudioMTKPolicyManager(  251): getDeviceForStrategy() strategy 6, device 2
D/AudioMTKPolicyManager(  251): getDeviceForStrategy() strategy 7, device 2
D/AudioMTKPolicyManager(  251): PolicyFirstStart stream = 3 sampleRate = 44100 
D/AudioMTKPolicyManager(  251): PrimarySupportSampleRate SampleRate = 44100
D/AudioMTKPolicyManager(  251): PrimarySupportSampleRate mSamplingRates[0] = 44100
D/AudioMTKPolicyManager(  251): SetFMIndirectMode SampleRate = 44100 
D/AudioFlinger_Thread(  251): signal playback thread
I/IJKMEDIA(15902): SDL_RunThread: [18369] ff_audio_dec
D/AudioTrack(15902): mPausedNs is 1000000000
W/IJKMEDIA(15902): fps: 30.000000 (normal)
W/IJKMEDIA(15902): fps: 30.000000 (normal)
D/IJKMEDIA(15902): FFP_MSG_VIDEO_SIZE_CHANGED: 540, 960
D/IJKMEDIA(15902): FFP_MSG_SAR_CHANGED: 0, 1
D/IJKMEDIA(15902): ijkmp_get_msg: FFP_MSG_PREPARED
D/IJKMEDIA(15902): FFP_MSG_PREPARED:
D/IJKMEDIA(15902): avcodec/Audio: first frame decoded
D/IJKMEDIA(15902): FFP_MSG_AUDIO_RENDERING_START:
I/IJKMEDIA(15902): SDL_RunThread: [18373] ff_video_dec
D/IJKMEDIA(15902): FFP_MSG_VIDEO_ROTATION_CHANGED: 0
D/AudioFlinger(  251): isReady, framesReady() 2048, mFrameCount 2048, flags 0 2
D/AudioMTKMixer(  251): resetDRC
D/AudioResampler(  251): Create MTK Resampler
D/AudioResamplerMTK32(  251): init outsampleRate 44100, insampleRate 44100
D/AudioResamplerMTK32(  251): init inChannelCount 2, OutChannelCount
D/MtkAudioLoud(  251): MtkAudioLoud Constructor
D/MtkAudioLoud(  251): +SetParameter(), paramID 0, param 0x5
D/MtkAudioLoud(  251): -SetParameter()
D/MtkAudioLoud(  251): +SetParameter(), paramID 3, param 0xac44
D/MtkAudioLoud(  251): -SetParameter()
D/MtkAudioLoud(  251): +SetParameter(), paramID 2, param 0x2
D/MtkAudioLoud(  251): -SetParameter()
D/MtkAudioLoud(  251): +SetParameter(), paramID 4, param 0x1
D/MtkAudioLoud(  251): -SetParameter()
D/MtkAudioLoud(  251): +SetParameter(), paramID 5, param 0x0
D/MtkAudioLoud(  251): Channel 2
D/MtkAudioLoud(  251): Sampling_Rate 44100
D/MtkAudioLoud(  251): PCM_Format 1
D/MtkAudioLoud(  251): copyParam mIsSepLR_Filter [0]
D/MtkAudioLoud(  251): LHSF_Coeff [0][0]=0x0, addr = 0xb7438ad8,
D/MtkAudioLoud(  251): LHSF_Coeff [0][1]=0x0, addr = 0xb7438adc,
D/MtkAudioLoud(  251): LBPF_Coeff [0][0]=0x0, addr = 0xb7438b00,
D/MtkAudioLoud(  251): LBPF_Coeff [0][1]=0x0, addr = 0xb7438b04,
D/MtkAudioLoud(  251): RHSF_Coeff [0][0]=0x0, addr = 0xb7408988,
D/MtkAudioLoud(  251): RHSF_Coeff [0][1]=0x0, addr = 0xb740898c,
D/MtkAudioLoud(  251): RBPF_Coeff [0][0]=0x0, addr = 0xb74089b0,
D/MtkAudioLoud(  251): RBPF_Coeff [0][1]=0x0, addr = 0xb74089b4,
D/MtkAudioLoud(  251): WS_Gain_Max 0
D/MtkAudioLoud(  251): WS_Gain_Min 0
D/MtkAudioLoud(  251): Filter_First 0
D/MtkAudioLoud(  251): Num_Bands 8
D/MtkAudioLoud(  251): Flt_Bank_Order 0
D/MtkAudioLoud(  251): DRC_Delay 0
D/MtkAudioLoud(  251): Lim_Th 32767
D/MtkAudioLoud(  251): Lim_Gn 32767
D/MtkAudioLoud(  251): Lim_Const 4
D/MtkAudioLoud(  251): Lim_Delay 0
D/MtkAudioLoud(  251): Sep_LR_Filter 0
D/MtkAudioLoud(  251): Att_Time[0][0] = 64000
D/MtkAudioLoud(  251): Rel_Time[0][0] = 6400
D/MtkAudioLoud(  251): Att_Time[0][1] = 64000
D/MtkAudioLoud(  251): Rel_Time[0][1] = 6400
D/MtkAudioLoud(  251): Att_Time[0][2] = 64000
D/MtkAudioLoud(  251): Rel_Time[0][2] = 6400
D/MtkAudioLoud(  251): Att_Time[0][3] = 64000
D/MtkAudioLoud(  251): Rel_Time[0][3] = 6400
D/MtkAudioLoud(  251): Att_Time[0][4] = 64000
D/MtkAudioLoud(  251): Rel_Time[0][4] = 6400
D/MtkAudioLoud(  251): Att_Time[0][5] = 64000
D/MtkAudioLoud(  251): Rel_Time[0][5] = 6400
D/MtkAudioLoud(  251): DRC_Th[0][0] = -15360
D/MtkAudioLoud(  251): DRC_Gn[0][0] = 0
D/MtkAudioLoud(  251): DRC_Th[0][1] = -12800
D/MtkAudioLoud(  251): DRC_Gn[0][1] = 0
D/MtkAudioLoud(  251): DRC_Th[0][2] = -10240
D/MtkAudioLoud(  251): DRC_Gn[0][2] = 0
D/MtkAudioLoud(  251): DRC_Th[0][3] = -7680
D/MtkAudioLoud(  251): DRC_Gn[0][3] = 0
D/MtkAudioLoud(  251): DRC_Th[0][4] = 0
D/MtkAudioLoud(  251): DRC_Gn[0][4] = 0
D/MtkAudioLoud(  251): -SetParameter()
D/MtkAudioLoud(  251): +SetParameter(), paramID 1, param 0x3
D/MtkAudioLoud(  251): -SetParameter()
D/MtkAudioLoud(  251): +SetParameter(), paramID 11, param 0x1
D/MtkAudioLoud(  251): +Open()
D/MtkAudioLoud(  251): -Open() result 0
D/AudioFlinger_Thread(  251): acquireWakeLock_l() AudioOut_2 status 0
V/AudioTrackShared(  251): mAvailToClient=0 stepCount=1024 minimum=1024
D/ADB_SERVICES(  297): adb fdevent_process list (16) (20) 
W/ADB_SERVICES(  297): create_local_service_socket() name=shell:wm size
W/ADB_SERVICES(  297): service_to_fd() name=shell:wm size
W/ADB_SERVICES(  297): read_meminfo() mem_free=99124
I/SurfaceView(15902): updateWindow -- setFrame, this = tv.danmaku.ijk.media.sample.widget.media.SurfaceRenderView{44cc0778 V.E..... ......I. 0,-97-1080,1823}
W/ADB_SERVICES(  297): create_subprocess() ret_fd=21 pid=18374
W/ADB_SERVICES(  297): LS(1157): bound to 'shell:wm size' via 21
D/ADB_SERVICES(  297): adb local_socket_ready list (20) (21) 
I/SurfaceView(15902): updateWindow -- OnPreDrawListener, mHaveFrame = true, this = tv.danmaku.ijk.media.sample.widget.media.SurfaceRenderView{44cc0778 V.E..... ......I. 0,-97-1080,1823}
D/IjkVideoView(15902): MEDIA_INFO_VIDEO_ROTATION_CHANGED: 0
W/ADB_SERVICES(18374): adb: unable to open /proc/18374/oom_adj
V/AudioTrackShared(  251): mAvailToClient=0 stepCount=1024 minimum=1024
V/AudioTrackShared(  251): mAvailToClient=0 stepCount=1024 minimum=1024
D/IJKMEDIA(15902): SDL_VoutFFmpeg_CreateOverlay(w=540, h=960, fmt=RV32(0x32335652, dp=0x85c5a050)
D/IJKMEDIA(15902): FFP_MSG_VIDEO_SIZE_CHANGED: 540, 960
V/AudioTrackShared(  251): mAvailToClient=0 stepCount=1024 minimum=1024
D/IJKMEDIA(15902): Video: first frame decoded
D/IJKMEDIA(15902): FFP_MSG_VIDEO_RENDERING_START:
D/IJKMEDIA(15902): FFP_MSG_VIDEO_SIZE_CHANGED: 540, 960
D/IJKMEDIA(15902): SDL_VoutFFmpeg_CreateOverlay(w=540, h=960, fmt=RV32(0x32335652, dp=0x85c5a050)
I/SurfaceView(15902): updateWindow -- setFrame, this = tv.danmaku.ijk.media.sample.widget.media.SurfaceRenderView{44cc0778 V.E..... ......I. 0,-97-1080,1823}
I/SurfaceView(15902): updateWindow -- OnPreDrawListener, mHaveFrame = true, this = tv.danmaku.ijk.media.sample.widget.media.SurfaceRenderView{44cc0778 V.E..... ......I. 0,-97-1080,1823}
I/tv.danmaku.ijk.media.player.IjkMediaPlayer(15902): Info: MEDIA_INFO_VIDEO_RENDERING_START
I/        (  245): [BWC INFO](245): get_bwc_mm_property success
I/BufferQueue(  245): [FrameBufferSurface_0](this:0xb7a2bd40,id:0,api:1,p:245,c:245) queueBuffer: fps=23.69 dur=1182.10 max=221.12 min=14.79
I/SurfaceFlinger(  245): [Built-in Screen (type:0)] fps:23.691334,dur:1181.87,max:221.15,min:14.78
V/AudioTrackShared(  251): mAvailToClient=0 stepCount=1024 minimum=1024
D/IJKMEDIA(15902): FFP_MSG_VIDEO_SIZE_CHANGED: 540, 960
D/IJKMEDIA(15902): SDL_VoutFFmpeg_CreateOverlay(w=540, h=960, fmt=RV32(0x32335652, dp=0x85c5a050)
I/        (  245): [BWC INFO](245): get_bwc_mm_property success
I/SurfaceView(15902): updateWindow -- setFrame, this = tv.danmaku.ijk.media.sample.widget.media.SurfaceRenderView{44cc0778 V.E..... ......I. 0,-97-1080,1823}
I/SurfaceView(15902): updateWindow -- OnPreDrawListener, mHaveFrame = true, this = tv.danmaku.ijk.media.sample.widget.media.SurfaceRenderView{44cc0778 V.E..... ......I. 0,-97-1080,1823}
V/AudioTrackShared(  251): mAvailToClient=0 stepCount=1024 minimum=1024
I/SurfaceView(15902): updateWindow -- setFrame, this = tv.danmaku.ijk.media.sample.widget.media.SurfaceRenderView{44cc0778 V.E..... ......I. 0,-97-1080,1823}
I/SurfaceView(15902): updateWindow -- OnPreDrawListener, mHaveFrame = true, this = tv.danmaku.ijk.media.sample.widget.media.SurfaceRenderView{44cc0778 V.E..... ......I. 0,-97-1080,1823}
V/AudioTrackShared(  251): mAvailToClient=0 stepCount=1024 minimum=1024
I/        (  245): [BWC INFO](245): get_bwc_mm_property success
V/AudioTrackShared(  251): mAvailToClient=0 stepCount=1024 minimum=1024
I/        (  245): [BWC INFO](245): get_bwc_mm_property success
V/AudioTrackShared(  251): mAvailToClient=0 stepCount=1024 minimum=1024
V/AudioTrackShared(  251): mAvailToClient=0 stepCount=1024 minimum=1024
I/        (  245): [BWC INFO](245): get_bwc_mm_property success
V/AudioTrackShared(  251): mAvailToClient=0 stepCount=1024 minimum=1024
I/        (  245): [BWC INFO](245): get_bwc_mm_property success
V/AudioTrackShared(  251): mAvailToClient=0 stepCount=1024 minimum=1024
V/AudioTrackShared(  251): mAvailToClient=0 stepCount=1024 minimum=1024
I/        (  245): [BWC INFO](245): get_bwc_mm_property success
V/AudioTrackShared(  251): mAvailToClient=0 stepCount=1024 minimum=1024
I/        (  245): [BWC INFO](245): get_bwc_mm_property success
V/AudioTrackShared(  251): mAvailToClient=0 stepCount=1024 minimum=1024
D/AndroidRuntime(18374): 
D/AndroidRuntime(18374): >>>>>> AndroidRuntime START com.android.internal.os.RuntimeInit <<<<<<
D/AndroidRuntime(18374): CheckJNI is OFF
D/AndroidRuntime(18374): language=-Duser.language=zh region=-Duser.region=CN
D/dalvikvm(18374): boot class : 
D/dalvikvm(18374):   (0) core.jar
D/dalvikvm(18374):   (1) conscrypt.jar
D/dalvikvm(18374):   (2) okhttp.jar
D/dalvikvm(18374):   (3) core-junit.jar
D/dalvikvm(18374):   (4) bouncycastle.jar
D/dalvikvm(18374):   (5) ext.jar
D/dalvikvm(18374):   (6) framework.jar
D/dalvikvm(18374):   (7) framework2.jar
D/dalvikvm(18374):   (8) telephony-common.jar
D/dalvikvm(18374):   (9) voip-common.jar
D/dalvikvm(18374):   (10) mms-common.jar
D/dalvikvm(18374):   (11) android.policy.jar
D/dalvikvm(18374):   (12) services.jar
D/dalvikvm(18374):   (13) apache-xml.jar
D/dalvikvm(18374):   (14) webviewchromium.jar
D/dalvikvm(18374):   (15) mediatek-common.jar
D/dalvikvm(18374):   (16) mediatek-framework.jar
D/dalvikvm(18374):   (17) CustomProperties.jar
D/dalvikvm(18374):   (18) mediatek-telephony-common.jar
D/dalvikvm(18374):   (19) mediatek-tablet.jar
D/dalvikvm(18374):   (20) oppo-framework.jar
D/dalvikvm(18374):   (21) am.jar
D/dalvikvm(18374): threadid=1: interp stack at 0x6d9a7000
D/dalvikvm(18374): dvmJarFileOpen: /system/framework/core.jar
D/dalvikvm(18374): dvmJarFileOpen: /system/framework/conscrypt.jar
D/dalvikvm(18374): dvmJarFileOpen: /system/framework/okhttp.jar
D/dalvikvm(18374): dvmJarFileOpen: /system/framework/core-junit.jar
D/dalvikvm(18374): dvmJarFileOpen: /system/framework/bouncycastle.jar
D/dalvikvm(18374): dvmJarFileOpen: /system/framework/ext.jar
D/dalvikvm(18374): dvmJarFileOpen: /system/framework/framework.jar
D/dalvikvm(18374): dvmJarFileOpen: /system/framework/framework2.jar
D/dalvikvm(18374): dvmJarFileOpen: /system/framework/telephony-common.jar
D/dalvikvm(18374): dvmJarFileOpen: /system/framework/voip-common.jar
D/dalvikvm(18374): dvmJarFileOpen: /system/framework/mms-common.jar
D/dalvikvm(18374): dvmJarFileOpen: /system/framework/android.policy.jar
D/dalvikvm(18374): dvmJarFileOpen: /system/framework/services.jar
D/dalvikvm(18374): dvmJarFileOpen: /system/framework/apache-xml.jar
D/dalvikvm(18374): dvmJarFileOpen: /system/framework/webviewchromium.jar
D/dalvikvm(18374): dvmJarFileOpen: /system/framework/mediatek-common.jar
D/dalvikvm(18374): dvmJarFileOpen: /system/framework/mediatek-framework.jar
D/dalvikvm(18374): dvmJarFileOpen: /system/framework/CustomProperties.jar
D/dalvikvm(18374): dvmJarFileOpen: /system/framework/mediatek-telephony-common.jar
D/dalvikvm(18374): dvmJarFileOpen: /system/framework/mediatek-tablet.jar
D/dalvikvm(18374): dvmJarFileOpen: /system/framework/oppo-framework.jar
D/dalvikvm(18374): open_cached_dex_file : /system/framework/oppo-framework.jar /data/dalvik-cache/system@framework@oppo-framework.jar@classes.dex
D/dalvikvm(18374): process bootclasspath ex!!
D/dalvikvm(18374): dvmJarFileOpen: /system/framework/mediatek-op.jar
D/dalvikvm(18374): open_cached_dex_file : /system/framework/mediatek-op.jar /data/dalvik-cache/system@framework@mediatek-op.jar@classes.dex
V/AudioTrackShared(  251): mAvailToClient=0 stepCount=1024 minimum=1024
D/dalvikvm(18374): Trying to load lib libjavacore.so 0x0
I/        (  245): [BWC INFO](245): get_bwc_mm_property success
D/dalvikvm(18374): Added shared lib libjavacore.so 0x0
D/dalvikvm(18374): Trying to load lib libnativehelper.so 0x0
D/dalvikvm(18374): Added shared lib libnativehelper.so 0x0
D/dalvikvm(18374): No JNI_OnLoad found in libnativehelper.so 0x0, skipping init
D/dalvikvm(18374): +++ finishing prep on main VM thread
V/AudioTrackShared(  251): mAvailToClient=0 stepCount=1024 minimum=1024
D/dalvikvm(18374): dvmJarFileOpen: /system/framework/wm.jar
I/dalvikvm(18374): DexOpt: mismatch dep name: '/data/dalvik-cache/system@framework@oppo-framework.jar@classes.dex' vs. '/system/framework/oppo-framework.odex'
D/dalvikvm(18374): == DexOpt: numDeps = 21
D/dalvikvm(18374): 0 : /system/framework/core.odex /system/framework/core.odex
D/dalvikvm(18374): 1 : /system/framework/conscrypt.odex /system/framework/conscrypt.odex
D/dalvikvm(18374): 2 : /system/framework/okhttp.odex /system/framework/okhttp.odex
D/dalvikvm(18374): 3 : /system/framework/core-junit.odex /system/framework/core-junit.odex
D/dalvikvm(18374): 4 : /system/framework/bouncycastle.odex /system/framework/bouncycastle.odex
D/dalvikvm(18374): 5 : /system/framework/ext.odex /system/framework/ext.odex
D/dalvikvm(18374): 6 : /system/framework/framework.odex /system/framework/framework.odex
D/dalvikvm(18374): 7 : /system/framework/framework2.odex /system/framework/framework2.odex
D/dalvikvm(18374): 8 : /system/framework/telephony-common.odex /system/framework/telephony-common.odex
D/dalvikvm(18374): 9 : /system/framework/voip-common.odex /system/framework/voip-common.odex
D/dalvikvm(18374): 10 : /system/framework/mms-common.odex /system/framework/mms-common.odex
D/dalvikvm(18374): 11 : /system/framework/android.policy.odex /system/framework/android.policy.odex
D/dalvikvm(18374): 12 : /system/framework/services.odex /system/framework/services.odex
D/dalvikvm(18374): 13 : /system/framework/apache-xml.odex /system/framework/apache-xml.odex
D/dalvikvm(18374): 14 : /system/framework/webviewchromium.odex /system/framework/webviewchromium.odex
D/dalvikvm(18374): 15 : /system/framework/mediatek-common.odex /system/framework/mediatek-common.odex
D/dalvikvm(18374): 16 : /system/framework/mediatek-framework.odex /system/framework/mediatek-framework.odex
D/dalvikvm(18374): 17 : /system/framework/CustomProperties.odex /system/framework/CustomProperties.odex
D/dalvikvm(18374): 18 : /system/framework/mediatek-telephony-common.odex /system/framework/mediatek-telephony-common.odex
D/dalvikvm(18374): 19 : /system/framework/mediatek-tablet.odex /system/framework/mediatek-tablet.odex
D/dalvikvm(18374): 20 : /system/framework/oppo-framework.odex /system/framework/oppo-framework.odex
D/dalvikvm(18374): 21 : NULL NULL
E/dalvikvm(18374): /system/framework/wm.jar odex has stale dependencies
D/dalvikvm(18374): open_cached_dex_file : /system/framework/wm.jar /data/dalvik-cache/system@framework@wm.jar@classes.dex
D/dalvikvm(18374): create interp thread : stack size=128KB
D/dalvikvm(18374): create new thread
D/dalvikvm(18374): new thread created
D/dalvikvm(18374): update thread list
D/dalvikvm(18374): threadid=2: interp stack at 0x72efa000
D/dalvikvm(18374): threadid=2: created from interp
D/dalvikvm(18374): start new thread
D/dalvikvm(18374): create interp thread : stack size=128KB
D/dalvikvm(18374): create new thread
D/dalvikvm(18374): new thread created
D/dalvikvm(18374): update thread list
D/dalvikvm(18374): threadid=2: notify debugger
D/dalvikvm(18374): threadid=2 (ReferenceQueueDaemon): calling run()
D/dalvikvm(18374): threadid=3: interp stack at 0x7301a000
D/dalvikvm(18374): threadid=3: created from interp
D/dalvikvm(18374): start new thread
D/dalvikvm(18374): threadid=3: notify debugger
D/dalvikvm(18374): threadid=3 (FinalizerDaemon): calling run()
D/dalvikvm(18374): create interp thread : stack size=128KB
D/dalvikvm(18374): create new thread
D/dalvikvm(18374): new thread created
D/dalvikvm(18374): update thread list
D/dalvikvm(18374): threadid=4: interp stack at 0x7313a000
D/dalvikvm(18374): threadid=4: created from interp
D/dalvikvm(18374): start new thread
D/dalvikvm(18374): threadid=4: notify debugger
D/dalvikvm(18374): threadid=4 (FinalizerWatchdogDaemon): calling run()
D/dalvikvm(18374): threadid=5: interp stack at 0x7335c000
D/dalvikvm(18374): threadid=6: interp stack at 0x7347d000
D/dalvikvm(18374): Elevating priority from 0 to -8
D/jdwp    (18374): prepping for JDWP over ADB
D/dalvikvm(18374): threadid=7: interp stack at 0x735a0000
D/jdwp    (18374): JDWP: thread running
D/jdwp    (18374): trying to receive file descriptor from ADB
D/dalvikvm(18374): threadid=8: interp stack at 0x736c1000
D/ADB_SERVICES(  297): Adding socket 22 pid 18374 to jdwp process list
I/        (  245): [BWC INFO](245): get_bwc_mm_property success
V/AudioTrackShared(  251): mAvailToClient=0 stepCount=1024 minimum=1024
D/dalvikvm(18374): Note: class Landroid/app/ActivityManagerNative; has 194 unimplemented (abstract) methods
V/AudioTrackShared(  251): mAvailToClient=0 stepCount=1024 minimum=1024
I/        (  245): [BWC INFO](245): get_bwc_mm_property success
V/AudioTrackShared(  251): mAvailToClient=0 stepCount=1024 minimum=1024
I/        (  245): [BWC INFO](245): get_bwc_mm_property success
V/AudioTrackShared(  251): mAvailToClient=0 stepCount=1024 minimum=1024
V/AudioTrackShared(  251): mAvailToClient=0 stepCount=1024 minimum=1024
I/        (  245): [BWC INFO](245): get_bwc_mm_property success
V/AudioTrackShared(  251): mAvailToClient=0 stepCount=1024 minimum=1024
I/        (  245): [BWC INFO](245): get_bwc_mm_property success
V/AudioTrackShared(  251): mAvailToClient=0 stepCount=1024 minimum=1024
E/memtrack(18374): Couldn't load memtrack module (No such file or directory)
E/android.os.Debug(18374): failed to load memtrack module: -2
I/        (  245): [BWC INFO](245): get_bwc_mm_property success
V/AudioTrackShared(  251): mAvailToClient=0 stepCount=1024 minimum=1024
I/BufferQueue(  245): [StatusBar](this:0xb7a9d6f0,id:7,api:1,p:919,c:245) queueBuffer: fps=3.66 dur=1091.93 max=479.15 min=165.98
V/AudioTrackShared(  251): mAvailToClient=0 stepCount=1024 minimum=1024
I/        (  245): [BWC INFO](245): get_bwc_mm_property success
V/AudioTrackShared(  251): mAvailToClient=0 stepCount=1024 minimum=1024
D/AndroidRuntime(18374): Calling main entry com.android.commands.wm.Wm
D/dalvikvm(18374): threadid=9: interp stack at 0x73ba4000
D/dalvikvm(18374): threadid=10: interp stack at 0x73cc4000
I/        (  245): [BWC INFO](245): get_bwc_mm_property success
D/AndroidRuntime(18374): Shutting down VM
D/dalvikvm(18374): threadid=1: bye!
D/dalvikvm(18374): DestroyJavaVM waiting for non-daemon threads to exit
D/dalvikvm(18374): threadid=1: interp stack at 0x73d01000
D/dalvikvm(18374): threadid=10: bye!
D/ADB_SERVICES(  297): adb socket read list (20) (21) 
D/ADB_SERVICES(  297): read_data=133
D/ADB_SERVICES(  297): max_read_time=0.000048 max_send_time=0.000039 
D/dalvikvm(18374): threadid=9: last non-daemon thread
D/dalvikvm(18374): threadid=9: bye!
D/dalvikvm(18374): DestroyJavaVM shutting VM down
D/dalvikvm(18374): VM shutting down
D/dalvikvm(18374): between the previous GC alloc  703K
V/AudioTrackShared(  251): mAvailToClient=0 stepCount=1024 minimum=1024
D/dalvikvm(18374): GC_CONCURRENT freed 95K (980), 15% free 608K/708K, paused 1ms+0ms, total 5ms
D/dalvikvm(18374): threadid=5: bye!
D/jdwp    (18374): JDWP shutting down net...
D/jdwp    (18374): +++ writing to wakePipe
E/jdwp    (18374): jdwp::setsockopt(SO_SNDTIMEO)
E/jdwp    (18374): jdwp::setsockopt(SO_RCVTIMEO)
D/jdwp    (18374): JDWP: thread exiting
D/dalvikvm(18374): threadid=7: bye!
D/jdwp    (18374): JDWP freeing netstate...
I/dalvikvm(18374): threadid=6: ignore signal 3
W/ADB_SERVICES(  297): terminating JDWP 18374 connection: Try again
D/ADB_SERVICES(  297): remove pid 18374 to jdwp process list
D/dalvikvm(18374): threadid=6: bye!
D/dalvikvm(18374): 123 compilations using 4096 + 14144 bytes
D/dalvikvm(18374): Compiler arena uses 6 blocks (8100 bytes each)
D/dalvikvm(18374): Compiler work queue length is 0/11
D/dalvikvm(18374): JIT: table size is 4096, entries used is 130
D/dalvikvm(18374): JIT: 130 traces, 4096 slots, 3 chains, 40 thresh, Non-blocking
D/dalvikvm(18374): JIT: 73 Translation chains, 7 interp stubs
D/dalvikvm(18374): dalvik.vm.jit.op = 0-2,7,a,c,e-f,11-14,1c-1e,21,23,28,32-39,44,46,48-49,4b,4d,50,52,54-55,59,62,70-71,8e,90,95-96,b0-b1,b5,b7,d5,d8,da,dd,e0-e2,ee,f0-f2,f4-f6,f8,
D/dalvikvm(18374): Code size stats: 0/684 (compiled/total Dalvik), 0 (native)
D/dalvikvm(18374): Compiler thread shutting down
D/dalvikvm(18374): threadid=8: bye!
D/dalvikvm(18374): Compiler thread has shut down
D/dalvikvm(18374): threadid=1: suspending daemon id=4 name='FinalizerWatchdogDaemon'
D/dalvikvm(18374): threadid=1: suspending daemon id=3 name='FinalizerDaemon'
D/dalvikvm(18374): threadid=1: suspending daemon id=2 name='ReferenceQueueDaemon'
I/BufferQueue(  245): [SurfaceView](this:0xb7acb160,id:233,api:2,p:15902,c:245) queueBuffer: fps=18.75 dur=1013.41 max=381.34 min=31.88
V/AudioTrackShared(  251): mAvailToClient=0 stepCount=1024 minimum=1024
I/        (  245): [BWC INFO](245): get_bwc_mm_property success
D/PhoneInterfaceManagerEx( 1085): [PhoneIntfMgrEx] hasIccCard  simId=0
D/PhoneInterfaceManagerEx( 1085): [PhoneIntfMgrEx] hasIccCard  simId=1
V/AudioTrackShared(  251): mAvailToClient=0 stepCount=1024 minimum=1024
I/        (  245): [BWC INFO](245): get_bwc_mm_property success
V/AudioTrackShared(  251): mAvailToClient=0 stepCount=1024 minimum=1024
V/AudioTrackShared(  251): mAvailToClient=0 stepCount=1024 minimum=1024
I/        (  245): [BWC INFO](245): get_bwc_mm_property success
V/AudioTrackShared(  251): mAvailToClient=0 stepCount=1024 minimum=1024
I/        (  245): [BWC INFO](245): get_bwc_mm_property success
V/AudioTrackShared(  251): mAvailToClient=0 stepCount=1024 minimum=1024
V/AudioTrackShared(  251): mAvailToClient=0 stepCount=1024 minimum=1024
I/        (  245): [BWC INFO](245): get_bwc_mm_property success
V/AudioTrackShared(  251): mAvailToClient=0 stepCount=1024 minimum=1024
I/        (  245): [BWC INFO](245): get_bwc_mm_property success
D/dalvikvm(18374): threadid=1: all daemons have suspended
D/dalvikvm(18374): VM cleaning up
V/AudioTrackShared(  251): mAvailToClient=0 stepCount=1024 minimum=1024
D/dalvikvm(18374): LinearAlloc 0x0 used 1395580 of 33554432 (4%)
D/ADB_SERVICES(  297):  closing because is_eof=1 r=-1 s->fde.force_eof=0
W/ADB_SERVICES(  297): entered. LS(1157) fd=21
I/        (  245): [BWC INFO](245): get_bwc_mm_property success
V/AudioTrackShared(  251): mAvailToClient=0 stepCount=1024 minimum=1024
V/AudioTrackShared(  251): mAvailToClient=0 stepCount=1024 minimum=1024
W/ADB_SERVICES(  297): create_local_service_socket() name=shell:cat /proc/meminfo
W/ADB_SERVICES(  297): service_to_fd() name=shell:cat /proc/meminfo
W/ADB_SERVICES(  297): read_meminfo() mem_free=81064
W/ADB_SERVICES(  297): create_subprocess() ret_fd=21 pid=18384
W/ADB_SERVICES(  297): LS(1158): bound to 'shell:cat /proc/meminfo' via 21
W/ADB_SERVICES(18384): adb: unable to open /proc/18384/oom_adj
D/ADB_SERVICES(  297):  closing because is_eof=1 r=-1 s->fde.force_eof=0
W/ADB_SERVICES(  297): entered. LS(1158) fd=21
I/        (  245): [BWC INFO](245): get_bwc_mm_property success
V/AudioTrackShared(  251): mAvailToClient=0 stepCount=1024 minimum=1024
W/ADB_SERVICES(  297): create_local_service_socket() name=shell:cat /system/build.prop
W/ADB_SERVICES(  297): service_to_fd() name=shell:cat /system/build.prop
W/ADB_SERVICES(  297): read_meminfo() mem_free=81064
W/ADB_SERVICES(  297): create_subprocess() ret_fd=21 pid=18385
W/ADB_SERVICES(  297): LS(1159): bound to 'shell:cat /system/build.prop' via 21
W/ADB_SERVICES(18385): adb: unable to open /proc/18385/oom_adj
D/ADB_SERVICES(  297):  closing because is_eof=1 r=-1 s->fde.force_eof=0
W/ADB_SERVICES(  297): entered. LS(1159) fd=21
I/        (  245): [BWC INFO](245): get_bwc_mm_property success
V/AudioTrackShared(  251): mAvailToClient=0 stepCount=1024 minimum=1024
W/ADB_SERVICES(  297): create_local_service_socket() name=shell:cat /proc/cpuinfo
W/ADB_SERVICES(  297): service_to_fd() name=shell:cat /proc/cpuinfo
W/ADB_SERVICES(  297): read_meminfo() mem_free=81064
W/ADB_SERVICES(  297): create_subprocess() ret_fd=21 pid=18386
W/ADB_SERVICES(  297): LS(1160): bound to 'shell:cat /proc/cpuinfo' via 21
W/ADB_SERVICES(18386): adb: unable to open /proc/18386/oom_adj
D/ADB_SERVICES(  297):  closing because is_eof=1 r=1 s->fde.force_eof=0
W/ADB_SERVICES(  297): entered. LS(1160) fd=21
V/AudioTrackShared(  251): mAvailToClient=0 stepCount=1024 minimum=1024
I/        (  245): [BWC INFO](245): get_bwc_mm_property success
I/Process (  800): get_ion_cache_memory totalNum:175964160
I/Process (  800): mm_heap_freelist total_size=0x0
