D/ActivityThread( 1108): BDC-RECEIVER handled : 0 / ReceiverData{intent=Intent { act=com.color.powermanager.battery_charging_change flg=0x10 cmp=com.color.safecenter/com.color.powermanager.receiver.AutoStartReceiver (has extras) } packageName=com.color.safecenter resultCode=-1 resultData=null resultExtras=null}
D/ActivityThread(15902): ACT-AM_ON_RESUME_CALLED ActivityRecord{43eb55a0 token=android.os.BinderProxy@432b6cc8 {com.ccvideo/com.yizhibo.video.activity.LoginMainActivity}}
V/ActivityThread(15902): Resume ActivityRecord{43eb55a0 token=android.os.BinderProxy@432b6cc8 {com.ccvideo/com.yizhibo.video.activity.LoginMainActivity}} started activity: false, hideForNow: false, finished: false
V/ActivityThread(15902): Resuming ActivityRecord{43eb55a0 token=android.os.BinderProxy@432b6cc8 {com.ccvideo/com.yizhibo.video.activity.LoginMainActivity}} with isForward=true
V/ActivityThread(15902): Scheduling idle handler for ActivityRecord{43eb55a0 token=android.os.BinderProxy@432b6cc8 {com.ccvideo/com.yizhibo.video.activity.LoginMainActivity}}
D/ActivityThread(15902): ACT-RESUME_ACTIVITY handled : 1 / android.os.BinderProxy@432b6cc8
V/ActivityManager(  800): ACT-Activity idle: Token{43833180 ActivityRecord{4315a6b0 u0 com.ccvideo/com.yizhibo.video.activity.LoginMainActivity t22}}
V/ActivityManager(  800): ensureActivitiesVisibleLocked: consider front
V/ActivityManager(  800): ensureActivitiesVisibleLocked: consider back
I/FrameworkListener(  242): onDataAvailable get 40 bytes 
I/FrameworkListener(  242): onDataAvailable get 40 bytes 
I/FrameworkListener(  242): onDataAvailable get 40 bytes 
D/SocketClient(  242): SocketClient sendDatalocked done: 222
D/SocketClient(  242): SocketClient sendDatalocked done: 222
D/SocketClient(  242): SocketClient sendDatalocked done: 
D/SocketClient(  242): SocketClient sendDatalocked done: 
D/SocketClient(  242): SocketClient sendDatalocked done: 
D/SocketClient(  242): SocketClient sendDatalocked done: 
D/SocketClient(  242): SocketClient sendDatalocked done: 
D/SocketClient(  242): SocketClient sendDatalocked done: 
D/SocketClient(  242): SocketClient sendDatalocked done: 
D/SocketClient(  242): SocketClient sendDatalocked done: 
D/SocketClient(  242): SocketClient sendDatalocked done: 
D/SocketClient(  242): SocketClient sendDatalocked done: 
D/SocketClient(  242): SocketClient sendDatalocked done: 
D/SocketClient(  242): SocketClient sendDatalocked done: 
D/SocketClient(  242): SocketClient sendDatalocked done: 
D/SocketClient(  242): SocketClient sendDatalocked done: 
D/SocketClient(  242): SocketClient sendDatalocked done: 
D/SocketClient(  242): SocketClient sendDatalocked done: 
D/SocketClient(  242): SocketClient sendDatalocked done: 
D/SocketClient(  242): SocketClient sendDatalocked done: 
D/SocketClient(  242): SocketClient sendDatalocked done: 
D/SocketClient(  242): SocketClient sendDatalocked done: 
D/SocketClient(  242): SocketClient sendDatalocked done: 
D/SocketClient(  242): SocketClient sendDatalocked done: 
D/SocketClient(  242): SocketClient sendDatalocked done: 222
D/SocketClient(  242): SocketClient sendDatalocked done: 
D/SocketClient(  242): SocketClient sendDatalocked done: 
D/SocketClient(  242): SocketClient sendDatalocked done: 
D/SocketClient(  242): SocketClient sendDatalocked done: 
D/SocketClient(  242): SocketClient sendDatalocked done: 
D/SocketClient(  242): SocketClient sendDatalocked done: 
D/SocketClient(  242): SocketClient sendDatalocked done: 
D/SocketClient(  242): SocketClient sendDatalocked done: 
D/SocketClient(  242): SocketClient sendDatalocked done: 
D/SocketClient(  242): SocketClient sendDatalocked done: 
D/SocketClient(  242): SocketClient sendDatalocked done: 
D/UsbDeviceManager(  800): Does mtp,mass_storage,adb contain accessory? index: -1
D/UsbDeviceManager(  800): handleMessage - MSG_UPDATE_STATE/MSG_UPDATE_DISCONNECT_STATE - mConnected: false, mSettingUsbCharging: false, mSettingUsbBicr: false
D/UsbDeviceManager(  800): setEnabledFunctions - functions: mtp,mass_storage,adb makeDefault: false
D/UsbDeviceManager(  800): setEnabledFunctions - mDefaultFunctions: mtp,mass_storage,adb
D/UsbDeviceManager(  800): setEnabledFunctions - mCurrentFunctions: mtp,mass_storage,adb
D/UsbDeviceManager(  800): setEnabledFunctions - mSettingFunction: mtp,mass_storage
D/UsbDeviceManager(  800): Does mtp,mass_storage,adb contain bicr? index: -1
D/UsbDeviceManager(  800): Add adb into mtp,mass_storage,adb
D/UsbDeviceManager(  800): Does mtp,mass_storage,adb contain adb? index: 17
D/UsbDeviceManager(  800): sys.usb.acm_idx=
D/UsbDeviceManager(  800): else setEnabledFunctions, functions: mtp,mass_storage,adb, mCurrentFunctions: mtp,mass_storage,adb
D/UsbDeviceManager(  800): Does mtp,mass_storage,adb contain bicr? index: -1
D/UsbDeviceManager(  800): updateUsbState - mConnected: false, mConfigured: false, mHwDisconnected: true, mCurrentFunctions: mtp,mass_storage,adb, mSettingUsbCharging: false
V/ActivityManager(  800): Broadcast sticky: Intent { act=android.hardware.usb.action.USB_STATE flg=0x20000010 (has extras) } ordered=false userid=-1 callerApp=ProcessRecord{427f5390 800:system/1000}
D/UsbDeviceManager(  800): Does mtp,mass_storage,adb contain ptp? index: -1
D/UsbDeviceManager(  800): Does mtp,mass_storage,adb contain mtp? index: 0
D/UsbDataStateTracker(  800): Broadcast received: ignore android.hardware.usb.action.USB_STATE
W/UsbDeviceManager(  800): sys.usb.mtpConnect = noneMTPConnection
D/UsbDeviceManager(  800): sys.usb.acm_idx=
D/UsbDeviceManager(  800): Does mtp,mass_storage,adb contain audio_source? index: -1
D/UsbDeviceManager(  800): handleMessage mConnected:false,mConfigured:false, mHwDisconnected:true
I/ActivityManager(  800): Start proc com.mediatek.mtklogger for broadcast com.mediatek.mtklogger/.framework.LogReceiver: pid=18059 uid=10047 gids={50047, 3003, 1028, 1015, 1023, 1035}
D/ActivityManager(  800):  (1) delay start com.mediatek.mtklogger startResult.usingWrapper false
V/ActivityManager(  800): Broadcast: Intent { act=android.intent.action.UMS_DISCONNECTED flg=0x10 } ordered=false userid=-1 callerApp=ProcessRecord{427f5390 800:system/1000}
D/OppoUsageService(  800): writeHistoryRecord[AppUsage], saveRes = 1
V/ActivityManager(  800): ensureActivitiesVisibleLocked: consider front
V/ActivityManager(  800): ensureActivitiesVisibleLocked: consider back
D/ActivityManager(  800): getContentProviderImpl: from caller=android.app.ApplicationThreadProxy@4495f870 (pid=18059, userId=0) to get content provider settings cpr=ContentProviderRecord{433fdfa8 u0 com.android.providers.settings/.SettingsProvider}
D/ActivityManager(  800): getContentProviderImpl: updateLruProcessLocked cpr.proc=ProcessRecord{427f5390 800:system/1000}
D/ActivityThread(18059): hoder:android.app.IActivityManager$ContentProviderHolder@426df730,provider,holder.Provider:android.content.ContentProviderProxy@426dfeb0
D/ActivityThread(18059): BIND_APPLICATION handled : 0 / AppBindData{appInfo=ApplicationInfo{426dcae0 com.mediatek.mtklogger}}
D/ActivityThread(18059): BDC-Calling onReceive: intent=Intent { act=android.hardware.usb.action.USB_STATE flg=0x20000010 cmp=com.mediatek.mtklogger/.framework.LogReceiver (has extras) }, ordered=true, receiver=com.mediatek.mtklogger.framework.LogReceiver@426e7180
D/ConnectivityService(  800): getActiveNetworkInfo:NetworkInfo: type: WIFI[], state: CONNECTED/CONNECTED, reason: (unspecified), extra: "bigbig", roaming: false, failover: false, isAvailable: true, isConnectedToProvisioningNetwork: false, simId: 0/1000
D/ActivityThread(18059): BDC-RECEIVER handled : 0 / ReceiverData{intent=Intent { act=android.hardware.usb.action.USB_STATE flg=0x20000010 cmp=com.mediatek.mtklogger/.framework.LogReceiver (has extras) } packageName=com.mediatek.mtklogger resultCode=-1 resultData=null resultExtras=null}
D/ActivityThread( 2184): BDC-Calling onReceive: intent=Intent { act=android.hardware.usb.action.USB_STATE flg=0x20000010 cmp=com.android.providers.media/.MtpReceiver (has extras) }, ordered=true, receiver=com.android.providers.media.MtpReceiver@4286c8a8
V/ActivityManager(  800): Broadcast: Intent { act=oppo.intent.action.MEDIA_SCAN_ALL flg=0x10 } ordered=false userid=0 callerApp=ProcessRecord{42b8a1c0 2184:android.process.media/u0a5}
D/ActivityThread( 2184): BDC-RECEIVER handled : 0 / ReceiverData{intent=Intent { act=android.hardware.usb.action.USB_STATE flg=0x20000010 cmp=com.android.providers.media/.MtpReceiver (has extras) } packageName=com.android.providers.media resultCode=0 resultData=null resultExtras=null}
D/ActivityThread( 2184): SVC-UNBIND_SERVICE handled : 0 / BindServiceData{token=android.os.BinderProxy@42c59700 intent=Intent { cmp=com.android.providers.media/.MtpService }}
D/ActivityThread( 2184): SVC-Destroying service: com.android.providers.media.MtpService@430854a8
D/ActivityThread(18007): BDC-Calling onReceive: intent=Intent { act=android.hardware.usb.action.USB_STATE flg=0x20000010 cmp=com.oppo.gesture/.receiver.OppoGestureReceiver (has extras) }, ordered=true, receiver=com.oppo.gesture.receiver.OppoGestureReceiver@427158d8
D/ActivityThread( 2184): SVC-STOP_SERVICE handled : 0 / android.os.BinderProxy@42c59700
W/ContextImpl(18007): Calling a method in the system process without a qualified user: android.app.ContextImpl.startService:1701 android.content.ContextWrapper.startService:494 android.content.ContextWrapper.startService:494 com.oppo.gesture.receiver.AsynTaskService.exeService:108 com.oppo.gesture.receiver.OppoGestureReceiver.onReceive:11 
D/ActivityThread(18007): BDC-RECEIVER handled : 0 / ReceiverData{intent=Intent { act=android.hardware.usb.action.USB_STATE flg=0x20000010 cmp=com.oppo.gesture/.receiver.OppoGestureReceiver (has extras) } packageName=com.oppo.gesture resultCode=0 resultData=null resultExtras=null}
D/ActivityThread(18007): SVC-SERVICE_ARGS handled : 0 / ServiceArgsData{token=android.os.BinderProxy@426ff918 startId=2 args=Intent { cmp=com.oppo.gesture/.receiver.AsynTaskService (has extras) }}
D/ActivityThread(10597): BDC-Calling onReceive: intent=Intent { act=android.hardware.usb.action.USB_STATE flg=0x20000010 cmp=com.oppo.usbselection/.UsbStartReceiver (has extras) }, ordered=true, receiver=com.oppo.usbselection.UsbStartReceiver@427b6060
W/ContextImpl(10597): Calling a method in the system process without a qualified user: android.app.ContextImpl.stopService:1707 android.content.ContextWrapper.stopService:499 android.content.ContextWrapper.stopService:499 com.oppo.usbselection.UsbStartReceiver.onReceive:32 android.app.ActivityThread.handleReceiver:2709 
D/ActivityThread(10597): BDC-RECEIVER handled : 0 / ReceiverData{intent=Intent { act=android.hardware.usb.action.USB_STATE flg=0x20000010 cmp=com.oppo.usbselection/.UsbStartReceiver (has extras) } packageName=com.oppo.usbselection resultCode=0 resultData=null resultExtras=null}
D/ActivityThread(13217): BDC-Calling onReceive: intent=Intent { act=android.hardware.usb.action.USB_STATE flg=0x20000010 cmp=com.oppo.pcassistant/.apk.server.usb.USBConnector (has extras) }, ordered=true, receiver=com.oppo.pcassistant.apk.server.usb.USBConnector@4282b470
I/ActivityManager(  800): Process com.oppo.pcassistant (pid 13217) has died.
D/DisplayManagerService(  800): Display listener for pid 13217 died.
W/ContextImpl(  800): Calling a method in the system process without a qualified user: android.app.ContextImpl.sendBroadcast:1345 com.android.server.am.OppoExtraActivityManagerService.setKeyLockModeNormal:47 com.android.server.am.ActivityManagerService.appDiedLocked:4501 com.android.server.am.ActivityManagerService$AppDeathRecipient.binderDied:1118 android.os.BinderProxy.sendDeathNotice:496 
V/ActivityManager(  800): Broadcast: Intent { act=com.oppo.intent.action.KEY_LOCK_MODE flg=0x10 (has extras) } ordered=false userid=0 callerApp=ProcessRecord{427f5390 800:system/1000}
D/WifiService(  800): Client connection lost with reason: 4
D/ActivityManager(  800): cleanUpApplicationRecordLocked app:ProcessRecord{439fade0 13217:com.oppo.pcassistant/u0a39}, restarting:false, allowRestart:true, index:-1
D/ActivityManager(  800): cleanUpApplicationRecordLocked from:com.android.server.am.ActivityManagerService.handleAppDiedLocked:4289 com.android.server.am.ActivityManagerService.appDiedLocked:4513 com.android.server.am.ActivityManagerService$AppDeathRecipient.binderDied:1118 android.os.BinderProxy.sendDeathNotice:496 
I/ActivityManager(  800): Start proc com.oppo.pcassistant for broadcast com.oppo.pcassistant/.apk.server.usb.USBConnector: pid=18078 uid=10039 gids={50039, 3003, 1028, 1015, 1023, 1007, 2001}
D/ActivityManager(  800):  (1) delay start com.oppo.pcassistant startResult.usingWrapper false
D/OppoUsageService(  800): writeHistoryRecord[AppUsage], saveRes = 1
V/ActivityManager(  800): ensureActivitiesVisibleLocked: consider front
V/ActivityManager(  800): ensureActivitiesVisibleLocked: consider back
D/ActivityManager(  800): getContentProviderImpl: from caller=android.app.ApplicationThreadProxy@44535500 (pid=18078, userId=0) to get content provider settings cpr=ContentProviderRecord{433fdfa8 u0 com.android.providers.settings/.SettingsProvider}
D/ActivityManager(  800): getContentProviderImpl: updateLruProcessLocked cpr.proc=ProcessRecord{427f5390 800:system/1000}
D/ActivityThread(18078): hoder:android.app.IActivityManager$ContentProviderHolder@426e2ab8,provider,holder.Provider:android.content.ContentProviderProxy@426e0960
D/ActivityThread(18078): installProvider: context.getPackageName()=com.oppo.pcassistant
D/ActivityManager(  800): publishContentProviders: from caller=android.app.ApplicationThreadProxy@44533c38 (pid=18078)
D/ActivityThread(18078): BIND_APPLICATION handled : 0 / AppBindData{appInfo=ApplicationInfo{426ddc40 com.oppo.pcassistant}}
D/ActivityThread(18078): BDC-Calling onReceive: intent=Intent { act=android.intent.action.UMS_DISCONNECTED flg=0x10 cmp=com.oppo.pcassistant/.apk.server.usb.USBConnector }, ordered=true, receiver=com.oppo.pcassistant.apk.server.usb.USBConnector@4275e518
D/ActivityThread(18078): BDC-RECEIVER handled : 0 / ReceiverData{intent=Intent { act=android.intent.action.UMS_DISCONNECTED flg=0x10 cmp=com.oppo.pcassistant/.apk.server.usb.USBConnector } packageName=com.oppo.pcassistant resultCode=-1 resultData=null resultExtras=null}
D/ActivityThread(18078): SVC-Creating service: CreateServiceData{token=android.os.BinderProxy@4274db48 className=com.oppo.pcassistant.apk.manager.phonegc.virus.EmptyTMSService packageName=com.oppo.pcassistant intent=null}
D/ActivityThread( 2184): BDC-Calling onReceive: intent=Intent { act=oppo.intent.action.MEDIA_SCAN_ALL flg=0x10 cmp=com.android.providers.media/.MediaScannerReceiver }, ordered=true, receiver=com.android.providers.media.MediaScannerReceiver@431bcfa0
D/ActivityThread( 2184): BDC-RECEIVER handled : 0 / ReceiverData{intent=Intent { act=oppo.intent.action.MEDIA_SCAN_ALL flg=0x10 cmp=com.android.providers.media/.MediaScannerReceiver } packageName=com.android.providers.media resultCode=-1 resultData=null resultExtras=null}
D/ActivityThread( 2184): SVC-SERVICE_ARGS handled : 0 / ServiceArgsData{token=android.os.BinderProxy@42a763c0 startId=8 args=Intent { cmp=com.android.providers.media/.MediaScannerService (has extras) }}
D/ActivityThread( 2184): SVC-SERVICE_ARGS handled : 0 / ServiceArgsData{token=android.os.BinderProxy@42a763c0 startId=9 args=Intent { cmp=com.android.providers.media/.MediaScannerService (has extras) }}
V/ActivityManager(  800): Broadcast: Intent { act=android.intent.action.MEDIA_SCANNER_STARTED dat=file:///storage/emulated/0 flg=0x10 } ordered=false userid=0 callerApp=ProcessRecord{42b8a1c0 2184:android.process.media/u0a5}
W/BroadcastQueue(  800): Permission Denial: broadcasting Intent { act=android.intent.action.MEDIA_SCANNER_STARTED dat=file:///storage/emulated/0 flg=0x10 } from com.android.providers.downloads (pid=2184, uid=10005) is not exported from uid 10398 due to receiver com.tencent.mobileqq/.msf.core.NetConnInfoCenter
D/WifiService(  800): getWifiServiceMessenger, pid:18078, uid:10039
D/ActivityManager(  800): getContentProviderImpl: from caller=android.app.ApplicationThreadProxy@44071390 (pid=2184, userId=0) to get content provider com.nearme.romupdate.provider.db cpr=ContentProviderRecord{43010168 u0 com.nearme.romupdate/.provider.db.RomUpdateContentProvider}
D/ActivityThread( 2184): hoder:android.app.IActivityManager$ContentProviderHolder@42b3c7c0,provider,holder.Provider:android.content.ContentProviderProxy@42b3ce98
D/WifiService(  800): New client listening to asynchronous messages
D/ActivityThread(18078): SVC-CREATE_SERVICE handled : 0 / CreateServiceData{token=android.os.BinderProxy@4274db48 className=com.oppo.pcassistant.apk.manager.phonegc.virus.EmptyTMSService packageName=com.oppo.pcassistant intent=null}
D/ActivityThread(18078): SVC-SERVICE_ARGS handled : 0 / ServiceArgsData{token=android.os.BinderProxy@4274db48 startId=1 args=Intent { cmp=com.oppo.pcassistant/.apk.manager.phonegc.virus.EmptyTMSService }}
V/ActivityManager(  800): Broadcast sticky: Intent { act=oppo.intent.action.BATTERY_PLUGGED_CHANGED flg=0x20000010 (has extras) } ordered=false userid=-1 callerApp=null
V/ActivityManager(  800): Broadcast sticky: Intent { act=android.intent.action.ADDITIONAL_BATTERY_CHANGED flg=0x60000010 (has extras) } ordered=false userid=-1 callerApp=null
V/ActivityManager(  800): Broadcast sticky: Intent { act=android.intent.action.BATTERY_CHANGED flg=0x60000010 (has extras) } ordered=false userid=-1 callerApp=null
V/ActivityManager(  800): Broadcast: Intent { act=android.intent.action.ACTION_POWER_CONNECTED flg=0x4000010 } ordered=false userid=-1 callerApp=ProcessRecord{427f5390 800:system/1000}
V/ActivityManager(  800): Broadcast sticky: Intent { act=android.intent.action.ADDITIONAL_BATTERY_CHANGED flg=0x60000010 (has extras) } ordered=false userid=-1 callerApp=null
D/WifiService(  800): onReceive, action:android.intent.action.BATTERY_CHANGED
D/UsbDeviceManager(  800): onReceive - BATTERY_CHANGED - mPlugType: 2, mSettingUsbCharging: false, mConnected: false, mSettingUsbBicr: false
D/WifiController(  800): DeviceActiveState{ when=0 what=155652 arg1=2 target=com.android.internal.util.StateMachine$SmHandler target=Handler (com.android.internal.util.StateMachine$SmHandler) {42aa5c00} }
D/WifiController(  800): StaEnabledState{ when=0 what=155652 arg1=2 target=com.android.internal.util.StateMachine$SmHandler target=Handler (com.android.internal.util.StateMachine$SmHandler) {42aa5c00} }
D/WifiController(  800): DefaultState{ when=0 what=155652 arg1=2 target=com.android.internal.util.StateMachine$SmHandler target=Handler (com.android.internal.util.StateMachine$SmHandler) {42aa5c00} }
D/WifiController(  800): battery changed pluggedType: 2
I/EntropyMixer(  800): Writing entropy...
D/ActivityThread(18007): BDC-Calling onReceive: intent=Intent { act=oppo.intent.action.BATTERY_PLUGGED_CHANGED flg=0x20000010 cmp=com.oppo.gesture/.receiver.OppoGestureReceiver (has extras) }, ordered=true, receiver=com.oppo.gesture.receiver.OppoGestureReceiver@4271bfa0
W/ContextImpl(18007): Calling a method in the system process without a qualified user: android.app.ContextImpl.startService:1701 android.content.ContextWrapper.startService:494 android.content.ContextWrapper.startService:494 com.oppo.gesture.receiver.AsynTaskService.exeService:108 com.oppo.gesture.receiver.OppoGestureReceiver.onReceive:11 
D/ActivityManager(  800): getContentProviderImpl: from caller=android.app.ApplicationThreadProxy@43829f50 (pid=8722, userId=0) to get content provider com.qihoo.appstore.MultiprocessSharedPreferences cpr=ContentProviderRecord{4381b180 u0 com.qihoo.appstore/com.qihoo.storager.MultiprocessSharedPreferences}
D/ActivityManager(  800): getContentProviderImpl: updateLruProcessLocked cpr.proc=ProcessRecord{4381b608 1670:com.qihoo.appstore/u0a92}
D/ActivityThread( 8722): hoder:android.app.IActivityManager$ContentProviderHolder@43078a38,provider,holder.Provider:android.content.ContentProviderProxy@42ece8d8
D/ActivityThread(18007): BDC-RECEIVER handled : 0 / ReceiverData{intent=Intent { act=oppo.intent.action.BATTERY_PLUGGED_CHANGED flg=0x20000010 cmp=com.oppo.gesture/.receiver.OppoGestureReceiver (has extras) } packageName=com.oppo.gesture resultCode=-1 resultData=null resultExtras=null}
D/ActivityThread(18007): SVC-SERVICE_ARGS handled : 0 / ServiceArgsData{token=android.os.BinderProxy@426ff918 startId=3 args=Intent { cmp=com.oppo.gesture/.receiver.AsynTaskService (has extras) }}
D/ActivityThread( 7657): BDC-Calling onReceive: intent=Intent { act=android.intent.action.ACTION_POWER_CONNECTED flg=0x4000010 cmp=com.eg.android.AlipayGphone/com.alipay.pushsdk.BroadcastActionReceiver }, ordered=true, receiver=com.alipay.pushsdk.BroadcastActionReceiver@42c08b60
D/ActivityThread( 7657): BDC-RECEIVER handled : 0 / ReceiverData{intent=Intent { act=android.intent.action.ACTION_POWER_CONNECTED flg=0x4000010 cmp=com.eg.android.AlipayGphone/com.alipay.pushsdk.BroadcastActionReceiver } packageName=com.eg.android.AlipayGphone resultCode=-1 resultData=null resultExtras=null}
D/ActivityThread( 7657): SVC-Creating service: CreateServiceData{token=android.os.BinderProxy@427a9798 className=com.alipay.pushsdk.push.AppInfoRecvIntentService packageName=com.eg.android.AlipayGphone intent=null}
D/ActivityThread( 7657): SVC-CREATE_SERVICE handled : 0 / CreateServiceData{token=android.os.BinderProxy@427a9798 className=com.alipay.pushsdk.push.AppInfoRecvIntentService packageName=com.eg.android.AlipayGphone intent=null}
D/ActivityThread( 7657): SVC-SERVICE_ARGS handled : 0 / ServiceArgsData{token=android.os.BinderProxy@427a9798 startId=1 args=Intent { pkg=com.eg.android.AlipayGphone cmp=com.eg.android.AlipayGphone/com.alipay.pushsdk.push.AppInfoRecvIntentService (has extras) }}
D/ConnectivityService(  800): getActiveNetworkInfo:NetworkInfo: type: WIFI[], state: CONNECTED/CONNECTED, reason: (unspecified), extra: "bigbig", roaming: false, failover: false, isAvailable: true, isConnectedToProvisioningNetwork: false, simId: 0/10532
I/ActivityManager(  800): Start proc com.nearme.feedback for broadcast com.nearme.feedback/.upgrade.service.BootCompleteReceiver: pid=18101 uid=1000 gids={41000, 3003, 1028, 1015, 1023, 3001, 3002, 3006, 2001, 1004, 2002, 1007, 3005, 1035}
D/ActivityManager(  800):  (1) delay start com.nearme.feedback startResult.usingWrapper false
D/OppoUsageService(  800): writeHistoryRecord[AppUsage], saveRes = 1
D/ConnectivityService(  800): getActiveNetworkInfo:NetworkInfo: type: WIFI[], state: CONNECTED/CONNECTED, reason: (unspecified), extra: "bigbig", roaming: false, failover: false, isAvailable: true, isConnectedToProvisioningNetwork: false, simId: 0/10532
D/ActivityThread( 7657): SVC-SERVICE_ARGS handled : 0 / ServiceArgsData{token=android.os.BinderProxy@42bfca28 startId=8 args=Intent { act=com.eg.android.AlipayGphone.push.action.START_PUSHSERVICE pkg=com.eg.android.AlipayGphone (has extras) }}
D/ActivityThread( 7657): SVC-Destroying service: com.alipay.pushsdk.push.AppInfoRecvIntentService@42c47dc0
D/ActivityThread( 7657): SVC-STOP_SERVICE handled : 0 / android.os.BinderProxy@427a9798
V/ActivityManager(  800): ensureActivitiesVisibleLocked: consider front
V/ActivityManager(  800): ensureActivitiesVisibleLocked: consider back
D/ActivityManager(  800): getContentProviderImpl: from caller=android.app.ApplicationThreadProxy@43805130 (pid=18101, userId=0) to get content provider settings cpr=ContentProviderRecord{433fdfa8 u0 com.android.providers.settings/.SettingsProvider}
D/ActivityManager(  800): getContentProviderImpl: updateLruProcessLocked cpr.proc=ProcessRecord{427f5390 800:system/1000}
D/ActivityThread(18101): hoder:android.app.IActivityManager$ContentProviderHolder@426e3c98,provider,holder.Provider:android.content.ContentProviderProxy@426e4418
D/ActivityThread(18101): installProvider: context.getPackageName()=com.nearme.feedback
D/ActivityManager(  800): publishContentProviders: from caller=android.app.ApplicationThreadProxy@43804de8 (pid=18101)
D/ActivityThread(18101): BIND_APPLICATION handled : 0 / AppBindData{appInfo=ApplicationInfo{426df080 com.nearme.feedback}}
D/ActivityThread(18101): BDC-Calling onReceive: intent=Intent { act=android.intent.action.ACTION_POWER_CONNECTED flg=0x4000010 cmp=com.nearme.feedback/.upgrade.service.BootCompleteReceiver }, ordered=true, receiver=com.nearme.feedback.upgrade.service.BootCompleteReceiver@426ee290
W/ContextImpl(18101): Calling a method in the system process without a qualified user: android.app.ContextImpl.startService:1701 android.content.ContextWrapper.startService:494 android.content.ContextWrapper.startService:494 com.nearme.feedback.upgrade.service.BootCompleteReceiver.onReceive:46 android.app.ActivityThread.handleReceiver:2709 
D/ActivityThread(18101): BDC-RECEIVER handled : 0 / ReceiverData{intent=Intent { act=android.intent.action.ACTION_POWER_CONNECTED flg=0x4000010 cmp=com.nearme.feedback/.upgrade.service.BootCompleteReceiver } packageName=com.nearme.feedback resultCode=0 resultData=null resultExtras=null}
D/ActivityThread(18101): SVC-Creating service: CreateServiceData{token=android.os.BinderProxy@426f2600 className=com.nearme.feedback.upgrade.service.EnterUpgradeService packageName=com.nearme.feedback intent=null}
D/ActivityThread(18101): SVC-CREATE_SERVICE handled : 0 / CreateServiceData{token=android.os.BinderProxy@426f2600 className=com.nearme.feedback.upgrade.service.EnterUpgradeService packageName=com.nearme.feedback intent=null}
D/ActivityThread(18101): SVC-SERVICE_ARGS handled : 0 / ServiceArgsData{token=android.os.BinderProxy@426f2600 startId=1 args=Intent { cmp=com.nearme.feedback/.upgrade.service.EnterUpgradeService (has extras) }}
D/ActivityThread(11008): BDC-Calling onReceive: intent=Intent { act=android.intent.action.ACTION_POWER_CONNECTED flg=0x4000010 cmp=com.nearme.statistics.rom/.receiver.Receiver }, ordered=true, receiver=com.nearme.statistics.rom.receiver.Receiver@429ec680
W/ContextImpl(11008): Calling a method in the system process without a qualified user: android.app.ContextImpl.startService:1701 android.content.ContextWrapper.startService:494 com.nearme.statistics.rom.receiver.Receiver.onReceive:325 android.app.ActivityThread.handleReceiver:2709 android.app.ActivityThread.access$1700:174 
D/ActivityThread(11008): BDC-RECEIVER handled : 0 / ReceiverData{intent=Intent { act=android.intent.action.ACTION_POWER_CONNECTED flg=0x4000010 cmp=com.nearme.statistics.rom/.receiver.Receiver } packageName=com.nearme.statistics.rom resultCode=0 resultData=null resultExtras=null}
D/ActivityThread(11008): SVC-Creating service: CreateServiceData{token=android.os.BinderProxy@429efb90 className=com.nearme.statistics.rom.upgrade.service.EnterUpgradeService packageName=com.nearme.statistics.rom intent=null}
D/ActivityThread(11008): SVC-CREATE_SERVICE handled : 0 / CreateServiceData{token=android.os.BinderProxy@429efb90 className=com.nearme.statistics.rom.upgrade.service.EnterUpgradeService packageName=com.nearme.statistics.rom intent=null}
D/ActivityThread(11008): SVC-SERVICE_ARGS handled : 0 / ServiceArgsData{token=android.os.BinderProxy@429efb90 startId=1 args=Intent { cmp=com.nearme.statistics.rom/.upgrade.service.EnterUpgradeService (has extras) }}
D/ActivityThread( 1367): BDC-Calling onReceive: intent=Intent { act=android.intent.action.ACTION_POWER_CONNECTED flg=0x4000010 cmp=com.oppo.exserviceui/.OppoChargeNotifyReceiver }, ordered=true, receiver=com.oppo.exserviceui.OppoChargeNotifyReceiver@42ff44a8
D/ActivityThread( 1367): BDC-RECEIVER handled : 0 / ReceiverData{intent=Intent { act=android.intent.action.ACTION_POWER_CONNECTED flg=0x4000010 cmp=com.oppo.exserviceui/.OppoChargeNotifyReceiver } packageName=com.oppo.exserviceui resultCode=0 resultData=null resultExtras=null}
D/ActivityThread(11465): BDC-Calling onReceive: intent=Intent { act=android.intent.action.ACTION_POWER_CONNECTED flg=0x4000010 cmp=com.oppo.yellowpage/com.oppo.upgrade.autoservice.BootCompleteReceiver }, ordered=true, receiver=com.oppo.upgrade.autoservice.BootCompleteReceiver@42c2b310
D/ActivityThread(11465): BDC-RECEIVER handled : 0 / ReceiverData{intent=Intent { act=android.intent.action.ACTION_POWER_CONNECTED flg=0x4000010 cmp=com.oppo.yellowpage/com.oppo.upgrade.autoservice.BootCompleteReceiver } packageName=com.oppo.yellowpage resultCode=0 resultData=null resultExtras=null}
D/ActivityThread(11465): SVC-Creating service: CreateServiceData{token=android.os.BinderProxy@42c2c018 className=com.oppo.upgrade.autoservice.EnterUpgradeService packageName=com.oppo.yellowpage intent=null}
D/ActivityThread(11465): SVC-CREATE_SERVICE handled : 0 / CreateServiceData{token=android.os.BinderProxy@42c2c018 className=com.oppo.upgrade.autoservice.EnterUpgradeService packageName=com.oppo.yellowpage intent=null}
D/ActivityThread(11465): SVC-SERVICE_ARGS handled : 0 / ServiceArgsData{token=android.os.BinderProxy@42c2c018 startId=1 args=Intent { cmp=com.oppo.yellowpage/com.oppo.upgrade.autoservice.EnterUpgradeService (has extras) }}
D/ActivityThread(11504): BDC-Calling onReceive: intent=Intent { act=android.intent.action.ACTION_POWER_CONNECTED flg=0x4000010 cmp=com.oppo.ota/.app.UpdateReceiver }, ordered=true, receiver=com.oppo.ota.app.UpdateReceiver@427598a8
D/ConnectivityService(  800): getActiveNetworkInfo:NetworkInfo: type: WIFI[], state: CONNECTED/CONNECTED, reason: (unspecified), extra: "bigbig", roaming: false, failover: false, isAvailable: true, isConnectedToProvisioningNetwork: false, simId: 0/10067
D/ActivityThread(11504): BDC-RECEIVER handled : 0 / ReceiverData{intent=Intent { act=android.intent.action.ACTION_POWER_CONNECTED flg=0x4000010 cmp=com.oppo.ota/.app.UpdateReceiver } packageName=com.oppo.ota resultCode=0 resultData=null resultExtras=null}
V/UsbDeviceManager(  800): USB UEVENT: {USB_STATE=CONNECTED, SUBSYSTEM=android_usb, DEVPATH=/devices/virtual/android_usb/android0, SEQNUM=41114, ACTION=change}
D/UsbDeviceManager(  800): mUEventObserver - onUEvent - state: CONNECTED
D/UsbDeviceManager(  800): updateState - CONNECTED
D/UsbDeviceManager(  800): updateState - RNDIS_UPDATE_DELAY  CONNECTED mSettingFunction: mtp,mass_storage,adb
D/UsbDeviceManager(  800): Does mtp,mass_storage,adb contain accessory? index: -1
D/UsbDeviceManager(  800): updateUsbState - mConnected: true, mConfigured: false, mHwDisconnected: false, mCurrentFunctions: mtp,mass_storage,adb, mSettingUsbCharging: false
D/ActivityThread(13428): BDC-Calling onReceive: intent=Intent { act=android.intent.action.ACTION_POWER_CONNECTED flg=0x4000010 cmp=com.ss.android.article.news/com.ss.android.message.MessageReceiver }, ordered=true, receiver=com.ss.android.message.MessageReceiver@42ef4b38
V/ActivityManager(  800): Broadcast sticky: Intent { act=android.hardware.usb.action.USB_STATE flg=0x20000010 (has extras) } ordered=false userid=-1 callerApp=ProcessRecord{427f5390 800:system/1000}
D/UsbDeviceManager(  800): Does mtp,mass_storage,adb contain ptp? index: -1
D/UsbDeviceManager(  800): Does mtp,mass_storage,adb contain mtp? index: 0
D/ActivityManager(  800): getContentProviderImpl: from caller=android.app.ApplicationThreadProxy@435ed518 (pid=13428, userId=0) to get content provider com.ss.android.pushmanager.setting.PushMultiProcessSharedProvider143 cpr=ContentProviderRecord{440a0910 u0 com.ss.android.article.news/com.ss.android.pushmanager.setting.PushMultiProcessSharedProvider}
D/ActivityManager(  800): getContentProviderImpl: updateLruProcessLocked cpr.proc=ProcessRecord{4320f338 13466:com.ss.android.article.news/u0a464}
D/ActivityThread(11504): SVC-SERVICE_ARGS handled : 0 / ServiceArgsData{token=android.os.BinderProxy@426de650 startId=12 args=Intent { cmp=com.oppo.ota/.app.DownloadService (has extras) }}
W/UsbDeviceManager(  800): sys.usb.mtpConnect = mtpConnection
D/UsbDataStateTracker(  800): Broadcast received: ignore android.hardware.usb.action.USB_STATE
D/UsbDeviceManager(  800): sys.usb.acm_idx=
D/UsbDeviceManager(  800): Does mtp,mass_storage,adb contain audio_source? index: -1
D/UsbDeviceManager(  800): handleMessage mConnected:true,mConfigured:false, mHwDisconnected:false
D/ActivityThread(13428): hoder:android.app.IActivityManager$ContentProviderHolder@42ef5948,provider,holder.Provider:android.content.ContentProviderProxy@42ef6118
V/ActivityManager(  800): Broadcast: Intent { act=android.intent.action.UMS_CONNECTED flg=0x10 } ordered=false userid=-1 callerApp=ProcessRecord{427f5390 800:system/1000}
D/ActivityThread(13428): BDC-RECEIVER handled : 0 / ReceiverData{intent=Intent { act=android.intent.action.ACTION_POWER_CONNECTED flg=0x4000010 cmp=com.ss.android.article.news/com.ss.android.message.MessageReceiver } packageName=com.ss.android.article.news resultCode=0 resultData=null resultExtras=null}
D/ActivityThread(13592): BDC-Calling onReceive: intent=Intent { act=android.intent.action.ACTION_POWER_CONNECTED flg=0x4000010 cmp=com.ss.android.article.news/com.alibaba.sdk.android.push.SystemEventReceiver }, ordered=true, receiver=com.alibaba.sdk.android.push.SystemEventReceiver@430a2f50
D/ActivityManager(  800): getContentProviderImpl: from caller=android.app.ApplicationThreadProxy@435c4038 (pid=13428, userId=0) to get content provider com.ss.android.pushmanager.setting.PushMultiProcessSharedProvider143 cpr=ContentProviderRecord{440a0910 u0 com.ss.android.article.news/com.ss.android.pushmanager.setting.PushMultiProcessSharedProvider}
D/ActivityManager(  800): getContentProviderImpl: updateLruProcessLocked cpr.proc=ProcessRecord{4320f338 13466:com.ss.android.article.news/u0a464}
D/ActivityThread(13428): hoder:android.app.IActivityManager$ContentProviderHolder@42ef8d40,provider,holder.Provider:android.content.ContentProviderProxy@42ef9510
D/ActivityThread(13592): BDC-RECEIVER handled : 0 / ReceiverData{intent=Intent { act=android.intent.action.ACTION_POWER_CONNECTED flg=0x4000010 cmp=com.ss.android.article.news/com.umeng.message.UmengIntentService } packageName=com.ss.android.article.news resultCode=0 resultData=null resultExtras=null}
D/ConnectivityService(  800): getActiveNetworkInfo:NetworkInfo: type: WIFI[], state: CONNECTED/CONNECTED, reason: (unspecified), extra: "bigbig", roaming: false, failover: false, isAvailable: true, isConnectedToProvisioningNetwork: false, simId: 0/10464
D/ActivityThread(13592): SVC-SERVICE_ARGS handled : 0 / ServiceArgsData{token=android.os.BinderProxy@42ea1460 startId=6 args=Intent { act=android.intent.action.ACTION_POWER_CONNECTED flg=0x4000010 cmp=com.ss.android.article.news/com.taobao.accs.ChannelService }}
D/ActivityThread(18059): BDC-Calling onReceive: intent=Intent { act=android.hardware.usb.action.USB_STATE flg=0x20000010 cmp=com.mediatek.mtklogger/.framework.LogReceiver (has extras) }, ordered=true, receiver=com.mediatek.mtklogger.framework.LogReceiver@42742e68
D/ActivityThread(13592): SVC-Creating service: CreateServiceData{token=android.os.BinderProxy@430a4de8 className=com.umeng.message.UmengIntentService packageName=com.ss.android.article.news intent=null}
D/ActivityThread(18059): BDC-RECEIVER handled : 0 / ReceiverData{intent=Intent { act=android.hardware.usb.action.USB_STATE flg=0x20000010 cmp=com.mediatek.mtklogger/.framework.LogReceiver (has extras) } packageName=com.mediatek.mtklogger resultCode=-1 resultData=null resultExtras=null}
D/ActivityThread( 2184): BDC-Calling onReceive: intent=Intent { act=android.hardware.usb.action.USB_STATE flg=0x20000010 cmp=com.android.providers.media/.MtpReceiver (has extras) }, ordered=true, receiver=com.android.providers.media.MtpReceiver@43311578
D/ActivityThread(13592): SVC-CREATE_SERVICE handled : 0 / CreateServiceData{token=android.os.BinderProxy@430a4de8 className=com.umeng.message.UmengIntentService packageName=com.ss.android.article.news intent=null}
D/ActivityThread(13592): SVC-SERVICE_ARGS handled : 0 / ServiceArgsData{token=android.os.BinderProxy@430a4de8 startId=1 args=Intent { act=android.intent.action.ACTION_POWER_CONNECTED flg=0x4000010 cmp=com.ss.android.article.news/com.umeng.message.UmengIntentService }}
D/ActivityThread( 2184): BDC-RECEIVER handled : 0 / ReceiverData{intent=Intent { act=android.hardware.usb.action.USB_STATE flg=0x20000010 cmp=com.android.providers.media/.MtpReceiver (has extras) } packageName=com.android.providers.media resultCode=0 resultData=null resultExtras=null}
D/ActivityThread(13592): SVC-Destroying service: com.umeng.message.UmengIntentService@430a89f0
D/ActivityThread(13592): SVC-STOP_SERVICE handled : 0 / android.os.BinderProxy@430a4de8
D/ActivityThread(18007): BDC-Calling onReceive: intent=Intent { act=android.hardware.usb.action.USB_STATE flg=0x20000010 cmp=com.oppo.gesture/.receiver.OppoGestureReceiver (has extras) }, ordered=true, receiver=com.oppo.gesture.receiver.OppoGestureReceiver@42722068
W/ContextImpl(18007): Calling a method in the system process without a qualified user: android.app.ContextImpl.startService:1701 android.content.ContextWrapper.startService:494 android.content.ContextWrapper.startService:494 com.oppo.gesture.receiver.AsynTaskService.exeService:108 com.oppo.gesture.receiver.OppoGestureReceiver.onReceive:11 
D/ActivityThread(13428): SVC-SERVICE_ARGS handled : 0 / ServiceArgsData{token=android.os.BinderProxy@42b51d68 startId=4 args=Intent { cmp=com.ss.android.article.news/com.ss.android.message.NotifyService (has extras) }}
V/UsbDeviceManager(  800): USB UEVENT: {USB_STATE=CONFIGURED, SUBSYSTEM=android_usb, DEVPATH=/devices/virtual/android_usb/android0, SEQNUM=41115, ACTION=change}
D/UsbDeviceManager(  800): mUEventObserver - onUEvent - state: CONFIGURED
D/UsbDeviceManager(  800): updateState - CONFIGURED
D/UsbDeviceManager(  800): updateState - RNDIS_UPDATE_DELAY  CONFIGURED mSettingFunction: mtp,mass_storage,adb
D/UsbDeviceManager(  800): Does mtp,mass_storage,adb contain accessory? index: -1
D/UsbDeviceManager(  800): updateUsbState - mConnected: true, mConfigured: true, mHwDisconnected: false, mCurrentFunctions: mtp,mass_storage,adb, mSettingUsbCharging: false
D/ActivityThread(18007): BDC-RECEIVER handled : 0 / ReceiverData{intent=Intent { act=android.hardware.usb.action.USB_STATE flg=0x20000010 cmp=com.oppo.gesture/.receiver.OppoGestureReceiver (has extras) } packageName=com.oppo.gesture resultCode=0 resultData=null resultExtras=null}
D/ActivityThread(18007): SVC-SERVICE_ARGS handled : 0 / ServiceArgsData{token=android.os.BinderProxy@426ff918 startId=4 args=Intent { cmp=com.oppo.gesture/.receiver.AsynTaskService (has extras) }}
V/ActivityManager(  800): Broadcast sticky: Intent { act=android.hardware.usb.action.USB_STATE flg=0x20000010 (has extras) } ordered=false userid=-1 callerApp=ProcessRecord{427f5390 800:system/1000}
D/UsbDeviceManager(  800): Does mtp,mass_storage,adb contain ptp? index: -1
D/UsbDeviceManager(  800): Does mtp,mass_storage,adb contain mtp? index: 0
W/UsbDeviceManager(  800): sys.usb.mtpConnect = mtpConnection
D/UsbDeviceManager(  800): sys.usb.acm_idx=
D/UsbDeviceManager(  800): Does mtp,mass_storage,adb contain audio_source? index: -1
D/UsbDeviceManager(  800): handleMessage mConnected:true,mConfigured:true, mHwDisconnected:false
D/UsbDataStateTracker(  800): Broadcast received: ignore android.hardware.usb.action.USB_STATE
D/ActivityThread(10597): BDC-Calling onReceive: intent=Intent { act=android.hardware.usb.action.USB_STATE flg=0x20000010 cmp=com.oppo.usbselection/.UsbStartReceiver (has extras) }, ordered=true, receiver=com.oppo.usbselection.UsbStartReceiver@427bd440
V/ActivityManager(  800): Broadcast: Intent { act=android.intent.action.UMS_CONNECTED flg=0x10 } ordered=false userid=-1 callerApp=ProcessRecord{427f5390 800:system/1000}
W/ContextImpl(10597): Calling a method in the system process without a qualified user: android.app.ContextImpl.startService:1701 android.content.ContextWrapper.startService:494 android.content.ContextWrapper.startService:494 com.oppo.usbselection.UsbStartReceiver.onReceive:30 android.app.ActivityThread.handleReceiver:2709 
D/ActivityThread(10597): BDC-RECEIVER handled : 0 / ReceiverData{intent=Intent { act=android.hardware.usb.action.USB_STATE flg=0x20000010 cmp=com.oppo.usbselection/.UsbStartReceiver (has extras) } packageName=com.oppo.usbselection resultCode=0 resultData=null resultExtras=null}
D/ActivityThread(10597): SVC-Creating service: CreateServiceData{token=android.os.BinderProxy@427c33d8 className=com.oppo.usbselection.UsbService packageName=com.oppo.usbselection intent=null}
D/ActivityThread(18078): BDC-Calling onReceive: intent=Intent { act=android.hardware.usb.action.USB_STATE flg=0x20000010 cmp=com.oppo.pcassistant/.apk.server.usb.USBConnector (has extras) }, ordered=true, receiver=com.oppo.pcassistant.apk.server.usb.USBConnector@42784130
D/ActivityThread(18078): BDC-RECEIVER handled : 0 / ReceiverData{intent=Intent { act=android.hardware.usb.action.USB_STATE flg=0x20000010 cmp=com.oppo.pcassistant/.apk.server.usb.USBConnector (has extras) } packageName=com.oppo.pcassistant resultCode=0 resultData=null resultExtras=null}
D/ActivityThread(10597): SVC-CREATE_SERVICE handled : 0 / CreateServiceData{token=android.os.BinderProxy@427c33d8 className=com.oppo.usbselection.UsbService packageName=com.oppo.usbselection intent=null}
D/ActivityThread(10597): SVC-SERVICE_ARGS handled : 0 / ServiceArgsData{token=android.os.BinderProxy@427c33d8 startId=1 args=Intent { act=android.intent.action.USB_PLUG_SERVICE }}
D/ActivityThread(18078): BDC-Calling onReceive: intent=Intent { act=android.intent.action.UMS_CONNECTED flg=0x10 cmp=com.oppo.pcassistant/.apk.server.usb.USBConnector }, ordered=true, receiver=com.oppo.pcassistant.apk.server.usb.USBConnector@42786780
D/ActivityThread(18078): BDC-RECEIVER handled : 0 / ReceiverData{intent=Intent { act=android.intent.action.UMS_CONNECTED flg=0x10 cmp=com.oppo.pcassistant/.apk.server.usb.USBConnector } packageName=com.oppo.pcassistant resultCode=-1 resultData=null resultExtras=null}
D/ActivityThread(18059): BDC-Calling onReceive: intent=Intent { act=android.hardware.usb.action.USB_STATE flg=0x20000010 cmp=com.mediatek.mtklogger/.framework.LogReceiver (has extras) }, ordered=true, receiver=com.mediatek.mtklogger.framework.LogReceiver@4274d070
D/ActivityThread(18059): BDC-RECEIVER handled : 0 / ReceiverData{intent=Intent { act=android.hardware.usb.action.USB_STATE flg=0x20000010 cmp=com.mediatek.mtklogger/.framework.LogReceiver (has extras) } packageName=com.mediatek.mtklogger resultCode=-1 resultData=null resultExtras=null}
D/ActivityThread( 2184): BDC-Calling onReceive: intent=Intent { act=android.hardware.usb.action.USB_STATE flg=0x20000010 cmp=com.android.providers.media/.MtpReceiver (has extras) }, ordered=true, receiver=com.android.providers.media.MtpReceiver@432ee2c8
V/NotificationService(  800): enqueueNotificationInternal: pkg=com.oppo.usbselection id=2000 notification=Notification(pri=2 contentView=com.oppo.usbselection/0x7f030000 vibrate=null sound=null defaults=0x0 flags=0x22 kind=[null])
V/NotificationService(  800): Initial score is 20.
V/NotificationService(  800): Final score is 20.
V/MoMS.NotificationController(  800): notifications are enabled for com.oppo.usbselection
V/NotificationService(  800): Assigned score=20 to Notification(pri=2 contentView=com.oppo.usbselection/0x7f030000 vibrate=null sound=null defaults=0x0 flags=0x22 kind=[null])
D/ActivityThread( 2184): BDC-RECEIVER handled : 0 / ReceiverData{intent=Intent { act=android.hardware.usb.action.USB_STATE flg=0x20000010 cmp=com.android.providers.media/.MtpReceiver (has extras) } packageName=com.android.providers.media resultCode=0 resultData=null resultExtras=null}
D/ActivityThread( 2184): SVC-Creating service: CreateServiceData{token=android.os.BinderProxy@432f0300 className=com.android.providers.media.MtpService packageName=com.android.providers.media intent=null}
D/ActivityThread(18007): BDC-Calling onReceive: intent=Intent { act=android.hardware.usb.action.USB_STATE flg=0x20000010 cmp=com.oppo.gesture/.receiver.OppoGestureReceiver (has extras) }, ordered=true, receiver=com.oppo.gesture.receiver.OppoGestureReceiver@42728728
D/ActivityThread( 8722): SVC-SERVICE_ARGS handled : 0 / ServiceArgsData{token=android.os.BinderProxy@426ea2a0 startId=423 args=Intent { pkg=com.qihoo.appstore cmp=com.qihoo.appstore/com.qihoo.core.CoreService (has extras) }}
W/ContextImpl(18007): Calling a method in the system process without a qualified user: android.app.ContextImpl.startService:1701 android.content.ContextWrapper.startService:494 android.content.ContextWrapper.startService:494 com.oppo.gesture.receiver.AsynTaskService.exeService:108 com.oppo.gesture.receiver.OppoGestureReceiver.onReceive:11 
D/ActivityThread( 8722): SVC-SERVICE_ARGS handled : 0 / ServiceArgsData{token=android.os.BinderProxy@426ea2a0 startId=424 args=Intent { pkg=com.qihoo.appstore cmp=com.qihoo.appstore/com.qihoo.core.CoreService (has extras) }}
V/ActivityManager(  800): Broadcast: Intent { act=com.qihoo.appstore.ACTION_NOTIFICATION_POSTED flg=0x10 (has extras) } ordered=false userid=0 callerApp=ProcessRecord{42996ac8 8722:com.qihoo.daemon/u0a92}
D/ActivityThread(18007): BDC-RECEIVER handled : 0 / ReceiverData{intent=Intent { act=android.hardware.usb.action.USB_STATE flg=0x20000010 cmp=com.oppo.gesture/.receiver.OppoGestureReceiver (has extras) } packageName=com.oppo.gesture resultCode=0 resultData=null resultExtras=null}
D/ActivityThread(18007): SVC-SERVICE_ARGS handled : 0 / ServiceArgsData{token=android.os.BinderProxy@426ff918 startId=5 args=Intent { cmp=com.oppo.gesture/.receiver.AsynTaskService (has extras) }}
V/NotificationService(  800): enqueueNotificationInternal: pkg=com.oppo.usbselection id=1 notification=Notification(pri=2 contentView=com.oppo.usbselection/0x7f030005 vibrate=null sound=null defaults=0x0 flags=0x22 kind=[null])
D/ActivityThread( 8722): SVC-SERVICE_ARGS handled : 0 / ServiceArgsData{token=android.os.BinderProxy@426ea2a0 startId=425 args=Intent { pkg=com.qihoo.appstore cmp=com.qihoo.appstore/com.qihoo.core.CoreService (has extras) }}
V/NotificationService(  800): Initial score is 20.
V/NotificationService(  800): Final score is 20.
V/MoMS.NotificationController(  800): notifications are enabled for com.oppo.usbselection
V/NotificationService(  800): Assigned score=20 to Notification(pri=2 contentView=com.oppo.usbselection/0x7f030005 vibrate=null sound=null defaults=0x0 flags=0x22 kind=[null])
D/UsbDeviceManager(  800): setCurrentFunctions(mtp,mass_storage) default: true
D/UsbDeviceManager(  800): setEnabledFunctions - functions: mtp,mass_storage makeDefault: true
D/UsbDeviceManager(  800): setEnabledFunctions - mDefaultFunctions: mtp,mass_storage,adb
D/UsbDeviceManager(  800): setEnabledFunctions - mCurrentFunctions: mtp,mass_storage,adb
D/UsbDeviceManager(  800): setEnabledFunctions - mSettingFunction: mtp,mass_storage,adb
D/UsbDeviceManager(  800): Does mtp,mass_storage,adb contain bicr? index: -1
D/UsbDeviceManager(  800): Add adb into mtp,mass_storage
D/UsbDeviceManager(  800): Does mtp,mass_storage contain adb? index: -1
D/UsbDeviceManager(  800): Does mtp,mass_storage contain acm? index: -1
D/UsbDeviceManager(  800): Does mtp,mass_storage,adb contain acm? index: -1
D/UsbDeviceManager(  800): sys.usb.acm_idx=,mAcmPortIdx=
D/UsbDeviceManager(  800): setEnabledFunctions - functions: mtp,mass_storage,adb
D/UsbDeviceManager(  800): Does mtp,mass_storage,adb contain bicr? index: -1
D/UsbDeviceManager(  800): Does mtp,mass_storage,adb contain rndis? index: -1
D/UsbDeviceManager(  800): handleMessage - MSG_SET_CURRENT_FUNCTION - functions: mtp,mass_storage
D/ActivityThread(10597): BDC-Calling onReceive: intent=Intent { act=android.hardware.usb.action.USB_STATE flg=0x20000010 cmp=com.oppo.usbselection/.UsbStartReceiver (has extras) }, ordered=true, receiver=com.oppo.usbselection.UsbStartReceiver@427cbc40
D/ActivityThread( 2184): SVC-CREATE_SERVICE handled : 0 / CreateServiceData{token=android.os.BinderProxy@432f0300 className=com.android.providers.media.MtpService packageName=com.android.providers.media intent=null}
I/MtpStorage( 2184): MtpStorage id: 0x00010001 path: /storage/emulated/0
D/MtpServer( 2184): void android::MtpServer::addStorage(android::MtpStorage*), storage->getStorageID() = 0x10001 
E/MtpServer( 2184): void android::MtpServer::sendEvent(android::MtpEventCode, uint32_t): Without OpenSession to send event code = 0x4004, 
D/MtpServer( 2184): void android::MtpServer::addStorage(android::MtpStorage*), mStorages.size = 1 
D/ActivityThread( 9798): SVC-SERVICE_ARGS handled : 0 / ServiceArgsData{token=android.os.BinderProxy@426e6ed0 startId=157 args=Intent { cmp=com.qihoo.appstore/com.morgoo.droidplugin.stub.ServiceStub$StubP06$P00 (has extras) }}
E/MtpServer( 2184): MtpServer::run mFD: 77
E/MtpServer( 2184): MtpServer::run mFD: 77
W/ContextImpl(10597): Calling a method in the system process without a qualified user: android.app.ContextImpl.startService:1701 android.content.ContextWrapper.startService:494 android.content.ContextWrapper.startService:494 com.oppo.usbselection.UsbStartReceiver.onReceive:30 android.app.ActivityThread.handleReceiver:2709 
E/MtpServer( 2184): MtpServer::run mFD: 77
E/MtpServer( 2184): MtpServer::run mFD: 77
D/ActivityThread( 9386): SVC-SERVICE_ARGS handled : 0 / ServiceArgsData{token=android.os.BinderProxy@426e4bd8 startId=92 args=Intent { cmp=com.qihoo.appstore/com.morgoo.droidplugin.stub.ServiceStub$StubP01$P00 (has extras) }}
V/NotificationService(  800): enqueueNotificationInternal: pkg=com.android.providers.media id=1 notification=Notification(pri=0 contentView=com.android.providers.media/0xc09041a vibrate=null sound=null defaults=0x0 flags=0x40 kind=[null])
E/MtpServer( 2184): MtpServer::run mFD: 77
V/NotificationService(  800): Initial score is 0.
V/NotificationService(  800): Final score is 0.
