V/ActivityManager(  800): Broadcast sticky: Intent { act=android.intent.action.ADDITIONAL_BATTERY_CHANGED flg=0x60000010 (has extras) } ordered=false userid=-1 callerApp=null
D/WifiController(  800): DeviceActiveState{ when=-6ms what=155652 arg1=2 target=com.android.internal.util.StateMachine$SmHandler target=Handler (com.android.internal.util.StateMachine$SmHandler) {42aa5c00} }
D/WifiController(  800): StaEnabledState{ when=-7ms what=155652 arg1=2 target=com.android.internal.util.StateMachine$SmHandler target=Handler (com.android.internal.util.StateMachine$SmHandler) {42aa5c00} }
D/WifiController(  800): DefaultState{ when=-7ms what=155652 arg1=2 target=com.android.internal.util.StateMachine$SmHandler target=Handler (com.android.internal.util.StateMachine$SmHandler) {42aa5c00} }
D/WifiController(  800): battery changed pluggedType: 2
I/ANRManager(  800): updateProcessStats
D/ConnectivityService(  800): getActiveNetworkInfo:NetworkInfo: type: WIFI[], state: CONNECTED/CONNECTED, reason: (unspecified), extra: "bigbig", roaming: false, failover: false, isAvailable: true, isConnectedToProvisioningNetwork: false, simId: 0/10532
I/FrameworkListener(  242): onDataAvailable get 45 bytes 
D/SocketClient(  242): SocketClient sendDatalocked done: 222
D/SocketClient(  242): SocketClient sendDatalocked done: 
D/SocketClient(  242): SocketClient sendDatalocked done: 
D/SocketClient(  242): SocketClient sendDatalocked done: 
D/SocketClient(  242): SocketClient sendDatalocked done: 
D/SocketClient(  242): SocketClient sendDatalocked done: 
D/SocketClient(  242): SocketClient sendDatalocked done: 
D/SocketClient(  242): SocketClient sendDatalocked done: 
D/SocketClient(  242): SocketClient sendDatalocked done: 
D/SocketClient(  242): SocketClient sendDatalocked done: 
D/SocketClient(  242): SocketClient sendDatalocked done: 
D/SocketClient(  242): SocketClient sendDatalocked done: 
D/SocketClient(  242): SocketClient sendDatalocked done: 
D/SocketClient(  242): SocketClient sendDatalocked done: 
D/SocketClient(  242): SocketClient sendDatalocked done: 
D/SocketClient(  242): SocketClient sendDatalocked done: 
D/SocketClient(  242): SocketClient sendDatalocked done: 
D/SocketClient(  242): SocketClient sendDatalocked done: 
D/SocketClient(  242): SocketClient sendDatalocked done: 
D/SocketClient(  242): SocketClient sendDatalocked done: 
D/SocketClient(  242): SocketClient sendDatalocked done: 
D/SocketClient(  242): SocketClient sendDatalocked done: 
D/SocketClient(  242): SocketClient sendDatalocked done: 
D/SocketClient(  242): SocketClient sendDatalocked done: 
D/SocketClient(  242): SocketClient sendDatalocked done: 
D/SocketClient(  242): SocketClient sendDatalocked done: 
D/SocketClient(  242): SocketClient sendDatalocked done: 
D/SocketClient(  242): SocketClient sendDatalocked done: 
D/SocketClient(  242): SocketClient sendDatalocked done: 
D/SocketClient(  242): SocketClient sendDatalocked done: 
D/SocketClient(  242): SocketClient sendDatalocked done: 
D/SocketClient(  242): SocketClient sendDatalocked done: 
D/SocketClient(  242): SocketClient sendDatalocked done: 
D/SocketClient(  242): SocketClient sendDatalocked done: 
D/SocketClient(  242): SocketClient sendDatalocked done: 
D/SocketClient(  242): SocketClient sendDatalocked done: 
D/SocketClient(  242): SocketClient sendDatalocked done: 
D/SocketClient(  242): SocketClient sendDatalocked done: 
D/SocketClient(  242): SocketClient sendDatalocked done: 
D/SocketClient(  242): SocketClient sendDatalocked done: 
D/SocketClient(  242): SocketClient sendDatalocked done: 
D/SocketClient(  242): SocketClient sendDatalocked done: 
D/ConnectivityService(  800): getActiveNetworkInfo:NetworkInfo: type: WIFI[], state: CONNECTED/CONNECTED, reason: (unspecified), extra: "bigbig", roaming: false, failover: false, isAvailable: true, isConnectedToProvisioningNetwork: false, simId: 0/1000
D/SocketClient(  242): SocketClient msg = Iface linkstate wlan0 up
D/SocketClient(  242): SocketClient sendDatalocked done: 600 Iface linkstate wlan0 up
D/SocketClient(  242): SocketClient msg = Iface linkstate wlan0 up
D/SocketClient(  242): SocketClient sendDatalocked done: 600 Iface linkstate wlan0 up
D/NetdConnector(  800): RCV <- {600 Iface linkstate wlan0 up}
D/NetdConnector(  800): RCV <- {600 Iface linkstate wlan0 up}
D/NetworkManagementService(  800): onEvent:600 Iface linkstate wlan0 up:5
D/NetworkManagementService(  800): onEvent:600 Iface linkstate wlan0 up:5
V/ActivityManager(  800): Broadcast: Intent { act=android.net.wifi.SCAN_RESULTS flg=0x4000010 (has extras) } ordered=false userid=-1 callerApp=ProcessRecord{427f5390 800:system/1000}
I/WifiNotificationController(  800): checkAndSetNotification, state:CONNECTED
D/ActivityManager(  800): getContentProviderImpl: from caller=android.app.ApplicationThreadProxy@42de31f0 (pid=8722, userId=0) to get content provider com.qihoo360.apm.apmdatamanager.ApmDataProvider cpr=null
E/ActivityThread( 8722): Failed to find provider info for com.qihoo360.apm.apmdatamanager.ApmDataProvider
D/ActivityManager(  800): getContentProviderImpl: from caller=android.app.ApplicationThreadProxy@42db2830 (pid=8722, userId=0) to get content provider com.qihoo360.apm.apmdatamanager.ApmDataProvider cpr=null
E/ActivityThread( 8722): Failed to find provider info for com.qihoo360.apm.apmdatamanager.ApmDataProvider
D/ActivityManager(  800): getContentProviderImpl: from caller=android.app.ApplicationThreadProxy@43a2a990 (pid=8722, userId=0) to get content provider com.qihoo360.apm.apmdatamanager.ApmDataProvider cpr=null
E/ActivityThread( 8722): Failed to find provider info for com.qihoo360.apm.apmdatamanager.ApmDataProvider
V/ActivityManager(  800): Broadcast sticky: Intent { act=android.intent.action.ADDITIONAL_BATTERY_CHANGED flg=0x60000010 (has extras) } ordered=false userid=-1 callerApp=null
V/ActivityManager(  800): Broadcast sticky: Intent { act=android.intent.action.BATTERY_CHANGED flg=0x60000010 (has extras) } ordered=false userid=-1 callerApp=null
D/WifiService(  800): onReceive, action:android.intent.action.BATTERY_CHANGED
D/UsbDeviceManager(  800): onReceive - BATTERY_CHANGED - mPlugType: 2, mSettingUsbCharging: false, mConnected: true, mSettingUsbBicr: false
D/WifiController(  800): DeviceActiveState{ when=0 what=155652 arg1=2 target=com.android.internal.util.StateMachine$SmHandler target=Handler (com.android.internal.util.StateMachine$SmHandler) {42aa5c00} }
D/WifiController(  800): StaEnabledState{ when=0 what=155652 arg1=2 target=com.android.internal.util.StateMachine$SmHandler target=Handler (com.android.internal.util.StateMachine$SmHandler) {42aa5c00} }
D/WifiController(  800): DefaultState{ when=0 what=155652 arg1=2 target=com.android.internal.util.StateMachine$SmHandler target=Handler (com.android.internal.util.StateMachine$SmHandler) {42aa5c00} }
D/WifiController(  800): battery changed pluggedType: 2
V/ActivityManager(  800): Broadcast sticky: Intent { act=android.intent.action.ADDITIONAL_BATTERY_CHANGED flg=0x60000010 (has extras) } ordered=false userid=-1 callerApp=null
V/ActivityManager(  800): Broadcast sticky: Intent { act=android.intent.action.ADDITIONAL_BATTERY_CHANGED flg=0x60000010 (has extras) } ordered=false userid=-1 callerApp=null
D/ConnectivityService(  800): getActiveNetworkInfo:NetworkInfo: type: WIFI[], state: CONNECTED/CONNECTED, reason: (unspecified), extra: "bigbig", roaming: false, failover: false, isAvailable: true, isConnectedToProvisioningNetwork: false, simId: 0/1000
I/thermal_repeater(  279): oh, queryMdThermalInfo (0)Bad file number
I/thermal_repeater(  279): [recvMdThermalInfo] ret=25, strLen=127,  1, 32767,,, -1, 32767, 2
V/ActivityManager(  800): Broadcast sticky: Intent { act=android.intent.action.ADDITIONAL_BATTERY_CHANGED flg=0x60000010 (has extras) } ordered=false userid=-1 callerApp=null
V/ActivityManager(  800): Broadcast sticky: Intent { act=android.intent.action.BATTERY_CHANGED flg=0x60000010 (has extras) } ordered=false userid=-1 callerApp=null
D/WifiService(  800): onReceive, action:android.intent.action.BATTERY_CHANGED
D/UsbDeviceManager(  800): onReceive - BATTERY_CHANGED - mPlugType: 2, mSettingUsbCharging: false, mConnected: true, mSettingUsbBicr: false
D/WifiController(  800): DeviceActiveState{ when=-1ms what=155652 arg1=2 target=com.android.internal.util.StateMachine$SmHandler target=Handler (com.android.internal.util.StateMachine$SmHandler) {42aa5c00} }
D/WifiController(  800): StaEnabledState{ when=-1ms what=155652 arg1=2 target=com.android.internal.util.StateMachine$SmHandler target=Handler (com.android.internal.util.StateMachine$SmHandler) {42aa5c00} }
D/WifiController(  800): DefaultState{ when=-1ms what=155652 arg1=2 target=com.android.internal.util.StateMachine$SmHandler target=Handler (com.android.internal.util.StateMachine$SmHandler) {42aa5c00} }
D/WifiController(  800): battery changed pluggedType: 2
V/ActivityManager(  800): Broadcast sticky: Intent { act=android.intent.action.ADDITIONAL_BATTERY_CHANGED flg=0x60000010 (has extras) } ordered=false userid=-1 callerApp=null
V/ActivityManager(  800): Broadcast sticky: Intent { act=android.intent.action.ADDITIONAL_BATTERY_CHANGED flg=0x60000010 (has extras) } ordered=false userid=-1 callerApp=null
D/ConnectivityService(  800): getActiveNetworkInfo:NetworkInfo: type: WIFI[], state: CONNECTED/CONNECTED, reason: (unspecified), extra: "bigbig", roaming: false, failover: false, isAvailable: true, isConnectedToProvisioningNetwork: false, simId: 0/1000
D/ConnectivityService(  800): getActiveNetworkInfo:NetworkInfo: type: WIFI[], state: CONNECTED/CONNECTED, reason: (unspecified), extra: "bigbig", roaming: false, failover: false, isAvailable: true, isConnectedToProvisioningNetwork: false, simId: 0/10419
V/ActivityManager(  800): Broadcast: Intent { act=com.tencent.mobileqq:MSF_1128482664 flg=0x94 (has extras) } ordered=true userid=0 callerApp=null
D/ActivityThread( 8931): BDC-Calling onReceive: intent=Intent { act=com.tencent.mobileqq:MSF_1128482664 flg=0x94 (has extras) }, ordered=true, receiver=com.tencent.mobileqq.msf.core.push.f@434385a8, IIntentReceiver=43472708
V/ActivityManager(  800): Broadcast: Intent { act=com.tencent.mobileqq.msf.wakeup flg=0x10 } ordered=false userid=0 callerApp=ProcessRecord{42997b80 8931:com.tencent.mobileqq:MSF/u0a398}
D/ActivityThread( 8931): BDC-Calling finishReceiver: IIntentReceiver=43472708
V/AlarmManager(  800): isAlarmNeedAlign : charging
D/ConnectivityService(  800): getActiveNetworkInfo:NetworkInfo: type: WIFI[], state: CONNECTED/CONNECTED, reason: (unspecified), extra: "bigbig", roaming: false, failover: false, isAvailable: true, isConnectedToProvisioningNetwork: false, simId: 0/1000
D/SocketClient(  242): SocketClient msg = Iface linkstate wlan0 up
D/SocketClient(  242): SocketClient sendDatalocked done: 600 Iface linkstate wlan0 up
D/SocketClient(  242): SocketClient msg = Iface linkstate wlan0 up
D/SocketClient(  242): SocketClient sendDatalocked done: 600 Iface linkstate wlan0 up
D/NetdConnector(  800): RCV <- {600 Iface linkstate wlan0 up}
D/NetdConnector(  800): RCV <- {600 Iface linkstate wlan0 up}
D/NetworkManagementService(  800): onEvent:600 Iface linkstate wlan0 up:5
D/NetworkManagementService(  800): onEvent:600 Iface linkstate wlan0 up:5
V/ActivityManager(  800): Broadcast: Intent { act=android.net.wifi.SCAN_RESULTS flg=0x4000010 (has extras) } ordered=false userid=-1 callerApp=ProcessRecord{427f5390 800:system/1000}
I/WifiNotificationController(  800): checkAndSetNotification, state:CONNECTED
D/ActivityManager(  800): getContentProviderImpl: from caller=android.app.ApplicationThreadProxy@42c088a8 (pid=8722, userId=0) to get content provider com.qihoo360.apm.apmdatamanager.ApmDataProvider cpr=null
E/ActivityThread( 8722): Failed to find provider info for com.qihoo360.apm.apmdatamanager.ApmDataProvider
D/ActivityManager(  800): getContentProviderImpl: from caller=android.app.ApplicationThreadProxy@42c07ee8 (pid=8722, userId=0) to get content provider com.qihoo360.apm.apmdatamanager.ApmDataProvider cpr=null
E/ActivityThread( 8722): Failed to find provider info for com.qihoo360.apm.apmdatamanager.ApmDataProvider
D/ActivityManager(  800): getContentProviderImpl: from caller=android.app.ApplicationThreadProxy@42b9d4f8 (pid=8722, userId=0) to get content provider com.qihoo360.apm.apmdatamanager.ApmDataProvider cpr=null
E/ActivityThread( 8722): Failed to find provider info for com.qihoo360.apm.apmdatamanager.ApmDataProvider
V/ActivityManager(  800): Broadcast sticky: Intent { act=android.intent.action.ADDITIONAL_BATTERY_CHANGED flg=0x60000010 (has extras) } ordered=false userid=-1 callerApp=null
V/ActivityManager(  800): Broadcast sticky: Intent { act=android.intent.action.BATTERY_CHANGED flg=0x60000010 (has extras) } ordered=false userid=-1 callerApp=null
V/ActivityManager(  800): Broadcast sticky: Intent { act=android.intent.action.ADDITIONAL_BATTERY_CHANGED flg=0x60000010 (has extras) } ordered=false userid=-1 callerApp=null
D/WifiService(  800): onReceive, action:android.intent.action.BATTERY_CHANGED
D/UsbDeviceManager(  800): onReceive - BATTERY_CHANGED - mPlugType: 2, mSettingUsbCharging: false, mConnected: true, mSettingUsbBicr: false
D/WifiController(  800): DeviceActiveState{ when=-1ms what=155652 arg1=2 target=com.android.internal.util.StateMachine$SmHandler target=Handler (com.android.internal.util.StateMachine$SmHandler) {42aa5c00} }
D/WifiController(  800): StaEnabledState{ when=-1ms what=155652 arg1=2 target=com.android.internal.util.StateMachine$SmHandler target=Handler (com.android.internal.util.StateMachine$SmHandler) {42aa5c00} }
D/WifiController(  800): DefaultState{ when=-1ms what=155652 arg1=2 target=com.android.internal.util.StateMachine$SmHandler target=Handler (com.android.internal.util.StateMachine$SmHandler) {42aa5c00} }
D/WifiController(  800): battery changed pluggedType: 2
V/ActivityManager(  800): Broadcast sticky: Intent { act=android.intent.action.ADDITIONAL_BATTERY_CHANGED flg=0x60000010 (has extras) } ordered=false userid=-1 callerApp=null
V/ActivityManager(  800): Broadcast sticky: Intent { act=android.intent.action.SIG_STR flg=0x10 (has extras) } ordered=false userid=-1 callerApp=ProcessRecord{427f5390 800:system/1000}
D/ConnectivityService(  800): getMobileDataEnabled returning false
D/ConnectivityService(  800): getActiveNetworkInfo:NetworkInfo: type: WIFI[], state: CONNECTED/CONNECTED, reason: (unspecified), extra: "bigbig", roaming: false, failover: false, isAvailable: true, isConnectedToProvisioningNetwork: false, simId: 0/1000
D/ConnectivityService(  800): getActiveNetworkInfo:NetworkInfo: type: WIFI[], state: CONNECTED/CONNECTED, reason: (unspecified), extra: "bigbig", roaming: false, failover: false, isAvailable: true, isConnectedToProvisioningNetwork: false, simId: 0/1000
V/ActivityManager(  800): Broadcast sticky: Intent { act=android.intent.action.ADDITIONAL_BATTERY_CHANGED flg=0x60000010 (has extras) } ordered=false userid=-1 callerApp=null
V/ActivityManager(  800): Broadcast sticky: Intent { act=android.intent.action.BATTERY_CHANGED flg=0x60000010 (has extras) } ordered=false userid=-1 callerApp=null
V/ActivityManager(  800): Broadcast sticky: Intent { act=android.intent.action.ADDITIONAL_BATTERY_CHANGED flg=0x60000010 (has extras) } ordered=false userid=-1 callerApp=null
V/ActivityManager(  800): Broadcast sticky: Intent { act=android.intent.action.ADDITIONAL_BATTERY_CHANGED flg=0x60000010 (has extras) } ordered=false userid=-1 callerApp=null
D/WifiService(  800): onReceive, action:android.intent.action.BATTERY_CHANGED
D/UsbDeviceManager(  800): onReceive - BATTERY_CHANGED - mPlugType: 2, mSettingUsbCharging: false, mConnected: true, mSettingUsbBicr: false
D/WifiController(  800): DeviceActiveState{ when=-6ms what=155652 arg1=2 target=com.android.internal.util.StateMachine$SmHandler target=Handler (com.android.internal.util.StateMachine$SmHandler) {42aa5c00} }
D/WifiController(  800): StaEnabledState{ when=-6ms what=155652 arg1=2 target=com.android.internal.util.StateMachine$SmHandler target=Handler (com.android.internal.util.StateMachine$SmHandler) {42aa5c00} }
D/WifiController(  800): DefaultState{ when=-7ms what=155652 arg1=2 target=com.android.internal.util.StateMachine$SmHandler target=Handler (com.android.internal.util.StateMachine$SmHandler) {42aa5c00} }
D/WifiController(  800): battery changed pluggedType: 2
D/ConnectivityService(  800): getActiveNetworkInfo:NetworkInfo: type: WIFI[], state: CONNECTED/CONNECTED, reason: (unspecified), extra: "bigbig", roaming: false, failover: false, isAvailable: true, isConnectedToProvisioningNetwork: false, simId: 0/1000
D/SocketClient(  242): SocketClient msg = Iface linkstate wlan0 up
D/SocketClient(  242): SocketClient sendDatalocked done: 600 Iface linkstate wlan0 up
D/SocketClient(  242): SocketClient msg = Iface linkstate wlan0 up
D/SocketClient(  242): SocketClient sendDatalocked done: 600 Iface linkstate wlan0 up
D/NetdConnector(  800): RCV <- {600 Iface linkstate wlan0 up}
D/NetdConnector(  800): RCV <- {600 Iface linkstate wlan0 up}
D/NetworkManagementService(  800): onEvent:600 Iface linkstate wlan0 up:5
D/NetworkManagementService(  800): onEvent:600 Iface linkstate wlan0 up:5
V/ActivityManager(  800): Broadcast: Intent { act=android.net.wifi.SCAN_RESULTS flg=0x4000010 (has extras) } ordered=false userid=-1 callerApp=ProcessRecord{427f5390 800:system/1000}
I/WifiNotificationController(  800): checkAndSetNotification, state:CONNECTED
D/ActivityManager(  800): getContentProviderImpl: from caller=android.app.ApplicationThreadProxy@44032828 (pid=8722, userId=0) to get content provider com.qihoo360.apm.apmdatamanager.ApmDataProvider cpr=null
E/ActivityThread( 8722): Failed to find provider info for com.qihoo360.apm.apmdatamanager.ApmDataProvider
D/ActivityManager(  800): getContentProviderImpl: from caller=android.app.ApplicationThreadProxy@43a23698 (pid=8722, userId=0) to get content provider com.qihoo360.apm.apmdatamanager.ApmDataProvider cpr=null
E/ActivityThread( 8722): Failed to find provider info for com.qihoo360.apm.apmdatamanager.ApmDataProvider
D/ActivityManager(  800): getContentProviderImpl: from caller=android.app.ApplicationThreadProxy@436b6160 (pid=8722, userId=0) to get content provider com.qihoo360.apm.apmdatamanager.ApmDataProvider cpr=null
E/ActivityThread( 8722): Failed to find provider info for com.qihoo360.apm.apmdatamanager.ApmDataProvider
V/ActivityManager(  800): Broadcast sticky: Intent { act=android.intent.action.ADDITIONAL_BATTERY_CHANGED flg=0x60000010 (has extras) } ordered=false userid=-1 callerApp=null
V/ActivityManager(  800): Broadcast sticky: Intent { act=android.intent.action.BATTERY_CHANGED flg=0x60000010 (has extras) } ordered=false userid=-1 callerApp=null
D/WifiService(  800): onReceive, action:android.intent.action.BATTERY_CHANGED
D/UsbDeviceManager(  800): onReceive - BATTERY_CHANGED - mPlugType: 2, mSettingUsbCharging: false, mConnected: true, mSettingUsbBicr: false
D/WifiController(  800): DeviceActiveState{ when=-1ms what=155652 arg1=2 target=com.android.internal.util.StateMachine$SmHandler target=Handler (com.android.internal.util.StateMachine$SmHandler) {42aa5c00} }
D/WifiController(  800): StaEnabledState{ when=-1ms what=155652 arg1=2 target=com.android.internal.util.StateMachine$SmHandler target=Handler (com.android.internal.util.StateMachine$SmHandler) {42aa5c00} }
D/WifiController(  800): DefaultState{ when=-1ms what=155652 arg1=2 target=com.android.internal.util.StateMachine$SmHandler target=Handler (com.android.internal.util.StateMachine$SmHandler) {42aa5c00} }
D/WifiController(  800): battery changed pluggedType: 2
V/ActivityManager(  800): Broadcast sticky: Intent { act=android.intent.action.ADDITIONAL_BATTERY_CHANGED flg=0x60000010 (has extras) } ordered=false userid=-1 callerApp=null
V/ActivityManager(  800): Broadcast sticky: Intent { act=android.intent.action.ADDITIONAL_BATTERY_CHANGED flg=0x60000010 (has extras) } ordered=false userid=-1 callerApp=null
D/ConnectivityService(  800): getActiveNetworkInfo:NetworkInfo: type: WIFI[], state: CONNECTED/CONNECTED, reason: (unspecified), extra: "bigbig", roaming: false, failover: false, isAvailable: true, isConnectedToProvisioningNetwork: false, simId: 0/1000
V/ActivityManager(  800): Broadcast sticky: Intent { act=android.intent.action.ADDITIONAL_BATTERY_CHANGED flg=0x60000010 (has extras) } ordered=false userid=-1 callerApp=null
V/ActivityManager(  800): Broadcast sticky: Intent { act=android.intent.action.BATTERY_CHANGED flg=0x60000010 (has extras) } ordered=false userid=-1 callerApp=null
D/WifiService(  800): onReceive, action:android.intent.action.BATTERY_CHANGED
D/UsbDeviceManager(  800): onReceive - BATTERY_CHANGED - mPlugType: 2, mSettingUsbCharging: false, mConnected: true, mSettingUsbBicr: false
V/ActivityManager(  800): Broadcast sticky: Intent { act=android.intent.action.ADDITIONAL_BATTERY_CHANGED flg=0x60000010 (has extras) } ordered=false userid=-1 callerApp=null
D/WifiController(  800): DeviceActiveState{ when=-1ms what=155652 arg1=2 target=com.android.internal.util.StateMachine$SmHandler target=Handler (com.android.internal.util.StateMachine$SmHandler) {42aa5c00} }
D/WifiController(  800): StaEnabledState{ when=-1ms what=155652 arg1=2 target=com.android.internal.util.StateMachine$SmHandler target=Handler (com.android.internal.util.StateMachine$SmHandler) {42aa5c00} }
D/WifiController(  800): DefaultState{ when=-1ms what=155652 arg1=2 target=com.android.internal.util.StateMachine$SmHandler target=Handler (com.android.internal.util.StateMachine$SmHandler) {42aa5c00} }
D/WifiController(  800): battery changed pluggedType: 2
V/ActivityManager(  800): Broadcast sticky: Intent { act=android.intent.action.ADDITIONAL_BATTERY_CHANGED flg=0x60000010 (has extras) } ordered=false userid=-1 callerApp=null
D/ConnectivityService(  800): getActiveNetworkInfo:NetworkInfo: type: WIFI[], state: CONNECTED/CONNECTED, reason: (unspecified), extra: "bigbig", roaming: false, failover: false, isAvailable: true, isConnectedToProvisioningNetwork: false, simId: 0/1000
V/ActivityManager(  800): Broadcast sticky: Intent { act=android.intent.action.SIG_STR flg=0x10 (has extras) } ordered=false userid=-1 callerApp=ProcessRecord{427f5390 800:system/1000}
D/ConnectivityService(  800): getMobileDataEnabled returning false
D/ConnectivityService(  800): getActiveNetworkInfo:NetworkInfo: type: WIFI[], state: CONNECTED/CONNECTED, reason: (unspecified), extra: "bigbig", roaming: false, failover: false, isAvailable: true, isConnectedToProvisioningNetwork: false, simId: 0/1000
D/ConnectivityService(  800): getActiveNetworkInfo:NetworkInfo: type: WIFI[], state: CONNECTED/CONNECTED, reason: (unspecified), extra: "bigbig", roaming: false, failover: false, isAvailable: true, isConnectedToProvisioningNetwork: false, simId: 0/1000
--------- beginning of /dev/log/main
D/wpa_supplicant( 1003): IEs - hexdump(len=190): 00 07 79 69 7a 68 69 62 6f 01 07 92 98 a4 b0 c8 e0 ec 03 01 24 07 0a 43 4e 20 24 08 17 95 05 21 ...
D/wpa_supplicant( 1003): Beacon IEs - hexdump(len=196): 00 07 79 69 7a 68 69 62 6f 01 07 92 98 a4 b0 c8 e0 ec 03 01 24 05 04 00 01 00 00 07 0a 43 4e 20 ...
D/wpa_supplicant( 1003): a0:63:91:c8:8d:cf freq=2452 qual=0 noise=0 level=-71 flags=0xb age=10
D/wpa_supplicant( 1003): IEs - hexdump(len=178): 00 02 77 6c 01 08 82 84 8b 96 24 30 48 6c 03 01 09 2a 01 00 32 04 0c 12 18 60 30 14 01 00 00 0f ...
D/wpa_supplicant( 1003): Beacon IEs - hexdump(len=184): 00 02 77 6c 01 08 82 84 8b 96 24 30 48 6c 03 01 09 05 04 00 01 00 00 2a 01 00 32 04 0c 12 18 60 ...
D/wpa_supplicant( 1003): 0c:da:41:0e:bf:71 freq=2412 qual=0 noise=0 level=-73 flags=0xb age=10
D/wpa_supplicant( 1003): IEs - hexdump(len=98): 00 08 70 61 72 6b 6c 61 6e 64 01 08 82 84 8b 0c 12 96 18 24 03 01 01 05 04 00 01 00 00 07 06 43 ...
D/wpa_supplicant( 1003): Beacon IEs - hexdump(len=98): 00 08 70 61 72 6b 6c 61 6e 64 01 08 82 84 8b 0c 12 96 18 24 03 01 01 05 04 00 01 00 00 07 06 43 ...
D/wpa_supplicant( 1003): a4:5e:60:f2:e9:b3 freq=2462 qual=0 noise=0 level=-74 flags=0xb age=10
D/wpa_supplicant( 1003): IEs - hexdump(len=175): 00 0c 4c 63 72 6e 69 63 65 5f 57 69 46 69 01 08 82 84 8b 96 24 30 48 6c 03 01 0b 2a 01 00 32 04 ...
D/wpa_supplicant( 1003): Beacon IEs - hexdump(len=181): 00 0c 4c 63 72 6e 69 63 65 5f 57 69 46 69 01 08 82 84 8b 96 24 30 48 6c 03 01 0b 05 04 01 03 00 ...
D/wpa_supplicant( 1003): 0c:da:41:0e:cd:71 freq=2437 qual=0 noise=0 level=-75 flags=0xb age=10
D/wpa_supplicant( 1003): IEs - hexdump(len=92): 00 08 70 61 72 6b 6c 61 6e 64 01 08 82 84 8b 0c 12 96 18 24 03 01 06 07 06 43 4e 49 01 0d 18 2a ...
D/wpa_supplicant( 1003): Beacon IEs - hexdump(len=98): 00 08 70 61 72 6b 6c 61 6e 64 01 08 82 84 8b 0c 12 96 18 24 03 01 06 05 04 00 01 00 00 07 06 43 ...
D/wpa_supplicant( 1003): 6c:40:08:a5:2e:f8 freq=2462 qual=0 noise=0 level=-75 flags=0xb age=10
D/wpa_supplicant( 1003): IEs - hexdump(len=164): 00 05 4e 57 33 36 30 01 08 82 84 8b 96 24 30 48 6c 03 01 0b 2a 01 00 32 04 0c 12 18 60 30 14 01 ...
D/wpa_supplicant( 1003): Beacon IEs - hexdump(len=170): 00 05 4e 57 33 36 30 01 08 82 84 8b 96 24 30 48 6c 03 01 0b 05 04 00 03 00 00 2a 01 00 32 04 0c ...
D/wpa_supplicant( 1003): 0c:da:41:0e:cd:70 freq=2437 qual=0 noise=0 level=-75 flags=0xb age=10
D/wpa_supplicant( 1003): IEs - hexdump(len=98): 00 0e 70 61 72 6b 6c 61 6e 64 2d 67 75 65 73 74 01 08 82 84 8b 0c 12 96 18 24 03 01 06 07 06 43 ...
D/wpa_supplicant( 1003): Beacon IEs - hexdump(len=104): 00 0e 70 61 72 6b 6c 61 6e 64 2d 67 75 65 73 74 01 08 82 84 8b 0c 12 96 18 24 03 01 06 05 04 00 ...
D/wpa_supplicant( 1003): b0:d5:9d:a4:7a:6d freq=2462 qual=0 noise=0 level=-78 flags=0xb age=10
I/Netd    (  242): Get netlink event, ifname: wlan0 action: 4
D/SocketClient(  242): SocketClient msg = Iface linkstate wlan0 up
D/SocketClient(  242): SocketClient sendDatalocked done: 600 Iface linkstate wlan0 up
I/Netd    (  242): Get netlink event, ifname: wlan0 action: 4
D/SocketClient(  242): SocketClient msg = Iface linkstate wlan0 up
D/SocketClient(  242): SocketClient sendDatalocked done: 600 Iface linkstate wlan0 up
D/agps    (  270): [agps][n][WIFI] wifi_scanned  count=6384 timestamp=66178462 num=29
D/wpa_supplicant( 1003): IEs - hexdump(len=206): 00 10 33 36 30 e5 85 8d e8 b4 b9 57 69 46 69 2d 36 44 01 08 82 84 8b 96 12 24 48 6c 03 01 0b 05 ...
D/wpa_supplicant( 1003): Beacon IEs - hexdump(len=206): 00 10 33 36 30 e5 85 8d e8 b4 b9 57 69 46 69 2d 36 44 01 08 82 84 8b 96 12 24 48 6c 03 01 0b 05 ...
D/wpa_supplicant( 1003): 70:79:90:78:d6:50 freq=5180 qual=0 noise=0 level=-85 flags=0xb age=10
D/wpa_supplicant( 1003): IEs - hexdump(len=196): 00 07 79 69 7a 68 69 62 6f 01 07 92 98 a4 b0 c8 e0 ec 03 01 24 05 04 00 01 00 00 07 0a 43 4e 20 ...
D/wpa_supplicant( 1003): Beacon IEs - hexdump(len=196): 00 07 79 69 7a 68 69 62 6f 01 07 92 98 a4 b0 c8 e0 ec 03 01 24 05 04 00 01 00 00 07 0a 43 4e 20 ...
D/wpa_supplicant( 1003): 8c:a6:df:4e:9b:00 freq=5785 qual=0 noise=0 level=-85 flags=0xb age=10
D/wpa_supplicant( 1003): IEs - hexdump(len=224): 00 0d 48 54 2d 43 68 69 6e 61 2d 4e 2d 35 47 01 08 8c 12 98 24 b0 48 60 6c 03 01 9d 07 12 43 4e ...
D/wpa_supplicant( 1003): Beacon IEs - hexdump(len=230): 00 0d 48 54 2d 43 68 69 6e 61 2d 4e 2d 35 47 01 08 8c 12 98 24 b0 48 60 6c 03 01 9d 05 04 00 01 ...
D/wpa_supplicant( 1003): fa:da:0c:0a:a9:26 freq=2437 qual=0 noise=0 level=-86 flags=0xb age=10
D/wpa_supplicant( 1003): IEs - hexdump(len=257): 00 19 48 50 2d 53 65 74 75 70 3e 32 36 2d 4d 32 37 37 20 4c 61 73 65 72 4a 65 74 01 08 8c 12 98 ...
D/wpa_supplicant( 1003): wlan0: BSS: Start scan result update 6379
D/wpa_supplicant( 1003): wlan0: BSS: Add new id 20672 BSSID fa:da:0c:0a:a9:26 SSID 'HP-Setup>26-M277 LaserJet'
D/wpa_supplicant( 1003): CTRL_IFACE monitor send - hexdump(len=39): 2f 64 61 74 61 2f 6d 69 73 63 2f 77 69 66 69 2f 73 6f 63 6b 65 74 73 2f 77 70 61 5f 63 74 72 6c ...
D/wpa_supplicant( 1003): BSS: last_scan_res_used=29/128 last_scan_full=0
D/wpa_supplicant( 1003): wlan0: Scan-only results received
D/wpa_supplicant( 1003): CTRL_IFACE monitor send - hexdump(len=39): 2f 64 61 74 61 2f 6d 69 73 63 2f 77 69 66 69 2f 73 6f 63 6b 65 74 73 2f 77 70 61 5f 63 74 72 6c ...
D/wpa_supplicant( 1003): wlan0: P2P: Station mode scan operation not pending anymore (sta_scan_pending=0 p2p_cb_on_scan_complete=0)
D/NetdConnector(  800): RCV <- {600 Iface linkstate wlan0 up}
D/NetdConnector(  800): RCV <- {600 Iface linkstate wlan0 up}
D/WifiHW  (  800): [1] get event: IFNAME=wlan0 <3>CTRL-EVENT-BSS-ADDED 20672 fa:da:0c:0a:a9:26
D/NetworkManagementService(  800): onEvent:600 Iface linkstate wlan0 up:5
V/AudioTrackShared(  251): mAvailToClient=0 stepCount=1024 minimum=1024
I/Tethering(  800): interfaceLinkStateChanged wlan0, true
I/Tethering(  800): interfaceStatusChanged wlan0, true
D/NetworkManagementService(  800): onEvent:600 Iface linkstate wlan0 up:5
I/Tethering(  800): interfaceLinkStateChanged wlan0, true
I/Tethering(  800): interfaceStatusChanged wlan0, true
D/WifiHW  (  800): [2] get event: IFNAME=wlan0 CTRL-EVENT-BSS-ADDED 20672 fa:da:0c:0a:a9:26
D/WifiMonitor(  800): Event [IFNAME=wlan0 CTRL-EVENT-BSS-ADDED 20672 fa:da:0c:0a:a9:26]
D/WifiMonitor(  800): iface wlan0
D/WifiHW  (  800): enter -->wifi_wait_on_socket buflen=2048
D/WifiHW  (  800): enter -->wifi_ctrl_recv
D/WifiHW  (  800): [1] get event: IFNAME=wlan0 <3>CTRL-EVENT-SCAN-RESULTS 
D/WifiHW  (  800): [2] get event: IFNAME=wlan0 CTRL-EVENT-SCAN-RESULTS 
D/WifiMonitor(  800): iface wlan0
D/WifiHW  (  800): enter -->wifi_wait_on_socket buflen=2048
D/WifiHW  (  800): enter -->wifi_ctrl_recv
D/WifiStateMachine(  800): ConnectedState{ when=0 what=147461 target=com.android.internal.util.StateMachine$SmHandler target=Handler (com.android.internal.util.StateMachine$SmHandler) {42c15060} }
D/WifiStateMachine(  800): L2ConnectedState{ when=-1ms what=147461 target=com.android.internal.util.StateMachine$SmHandler target=Handler (com.android.internal.util.StateMachine$SmHandler) {42c15060} }
D/WifiStateMachine(  800): ConnectModeState{ when=-1ms what=147461 target=com.android.internal.util.StateMachine$SmHandler target=Handler (com.android.internal.util.StateMachine$SmHandler) {42c15060} }
D/WifiStateMachine(  800): DriverStartedState{ when=-1ms what=147461 target=com.android.internal.util.StateMachine$SmHandler target=Handler (com.android.internal.util.StateMachine$SmHandler) {42c15060} }
D/WifiStateMachine(  800): SupplicantStartedState{ when=-1ms what=147461 target=com.android.internal.util.StateMachine$SmHandler target=Handler (com.android.internal.util.StateMachine$SmHandler) {42c15060} }
D/WifiHW  (  800): enter -->wifi_send_command cmd=IFNAME=wlan0 BSS RANGE=0- MASK=0x21987
D/wpa_supplicant( 1003): RX ctrl_iface - hexdump(len=25): 42 53 53 20 52 41 4e 47 45 3d 30 2d 20 4d 41 53 4b 3d 30 78 32 31 39 38 37
D/wpa_supplicant( 1003): wlan0: Control interface command 'BSS RANGE=0- MASK=0x21987'
D/wpa_supplicant( 1003): WPS: WFA subelement id=0 len=1
D/wpa_supplicant( 1003): WPS: WFA subelement id=0 len=1
D/wpa_supplicant( 1003): WPS: WFA subelement id=0 len=1
D/wpa_supplicant( 1003): WPS: WFA subelement id=0 len=1
D/wpa_supplicant( 1003): WPS: WFA subelement id=0 len=1
D/wpa_supplicant( 1003): WPS: WFA subelement id=0 len=1
D/wpa_ctrl(  800): reply_len=4095
D/WifiHW  (  800): leave --> reply=id=20303
D/WifiHW  (  800): bssid=a4:56:02:e3:55:01
D/WifiHW  (  800): freq=2412
D/WifiHW  (  800): level=-48
D/WifiHW  (  800): tsf=0000014588472111
D/WifiHW  (  800): flags=[WPA-PSK-CCMP][WPA2-PSK-CCMP][ESS]
D/WifiHW  (  800): ssid=bigbig
D/WifiHW  (  800): ====
D/WifiHW  (  800): id=20496
D/WifiHW  (  800): bssid=30:fc:68:a7:73:f9
D/WifiHW  (  800): freq=2412
D/WifiHW  (  800): level=-50
D/WifiHW  (  800): tsf=0000595693387680
D/WifiHW  (  800): flags=[WPA-PSK-CCMP][WPA2-PSK-CCMP][ESS]
D/WifiHW  (  800): ssid=xiulaotou
D/WifiHW  (  800): ====
D/WifiHW  (  800): id=20497
D/WifiHW  (  800): bssid=48:fd:8e:4d:81:30
D/WifiHW  (  800): freq=5180
D/WifiHW  (  800): level=-54
D/WifiHW  (  800): tsf=0000594402900544
D/WifiHW  (  800): flags=[WPA-PSK-CCMP][WPA2-PSK-CCMP][ESS]
D/WifiHW  (  800): ssid=yizhibo
D/WifiHW  (  800): ====
D/WifiHW  (  800): id=20498
D/WifiHW  (  800): bssid=48:fd:8e:4d:81:20
D/WifiHW  (  800): freq=2432
D/WifiHW  (  800): level=-52
D/WifiHW  (  800): tsf=0000594410978726
D/WifiHW  (  800): flags=[WPA-PSK-CCMP][WPA2-PSK-CCMP][ESS]
D/WifiHW  (  800): ssid=yizhibo
D/WifiHW  (  800): ====
D/WifiHW  (  800): id=20499
D/WifiHW  (  800): bssid=c0:bf:c0:b8:81:90
D/WifiHW  (  800): freq=5180
D/WifiHW  (  800): level=-56
D/WifiHW  (  800): tsf=0000594630302692
D/WifiHW  (  800): flags=[WPA-PSK-CCMP][WPA2-PSK-CCMP][ESS]
D/WifiHW  (  800): ssid=yizhibo
D/WifiHW  (  800): ====
D/WifiHW  (  800): id=20500
D/WifiHW  (  800): bssid=48:ee:0c:06:7c:36
D/WifiHW  (  800): freq=2412
D/WifiHW  (  800): level=-52
D/WifiHW  (  800): tsf=0000592969668736
D/WifiHW  (  800): flags=[WPA-PSK-CCMP][WPA2-PSK-CCMP][WPS][ESS]
D/WifiHW  (  800): ssid=xiaoyima
D/WifiHW  (  800): ====
D/WifiHW  (  800): id=20501
D/WifiHW  (  800): bssid=30:fc:68:a7:73:fb
D/WifiHW  (  800): freq=5785
D/WifiHW  (  800): level=-60
D/WifiHW  (  800): tsf=0000595311164139
D/WifiHW  (  800): flags=[WPA-PSK-CCMP][WPA2-PSK-CCMP][ESS]
D/WifiHW  (  800): ssid=xiulaotou
D/WifiHW  (  800): ====
D/WifiHW  (  800): id=20502
D/WifiHW  (  800): bssid=a4:5e:60:bf:52:9d
D/WifiHW  (  800): freq=2457
D/WifiHW  (  800): level=-52
D/WifiHW  (  800): tsf=0000016271
D/wifi    (  800): doStringCommand, buf IFNAME=wlan0 BSS RANGE=0- MASK=0x21987
I/wifi    (  800): id=20303
I/wifi    (  800): bssid=a4:56:02:e3:55:01
I/wifi    (  800): freq=2412
I/wifi    (  800): level=-48
I/wifi    (  800): tsf=0000014588472111
I/wifi    (  800): flags=[WPA-PSK-CCMP][WPA2-PSK-CCMP][ESS]
I/wifi    (  800): ssid=bigbig
I/wifi    (  800): ====
I/wifi    (  800): id=20496
I/wifi    (  800): bssid=30:fc:68:a7:73:f9
I/wifi    (  800): freq=2412
I/wifi    (  800): level=-50
I/wifi    (  800): tsf=0000595693387680
I/wifi    (  800): flags=[WPA-PSK-CCMP][WPA2-PSK-CCMP][ESS]
I/wifi    (  800): ssid=xiulaotou
I/wifi    (  800): ====
I/wifi    (  800): id=20497
I/wifi    (  800): bssid=48:fd:8e:4d:81:30
I/wifi    (  800): freq=5180
I/wifi    (  800): level=-54
I/wifi    (  800): tsf=0000594402900544
I/wifi    (  800): flags=[WPA-PSK-CCMP][WPA2-PSK-CCMP][ESS]
I/wifi    (  800): ssid=yizhibo
I/wifi    (  800): ====
I/wifi    (  800): id=20498
I/wifi    (  800): bssid=48:fd:8e:4d:81:20
I/wifi    (  800): freq=2432
I/wifi    (  800): level=-52
I/wifi    (  800): tsf=0000594410978726
I/wifi    (  800): flags=[WPA-PSK-CCMP][WPA2-PSK-CCMP][ESS]
I/wifi    (  800): ssid=yizhibo
I/wifi    (  800): ====
I/wifi    (  800): id=20499
I/wifi    (  800): bssid=c0:bf:c0:b8:81:90
I/wifi    (  800): freq=5180
I/wifi    (  800): level=-56
I/wifi    (  800): tsf=0000594630302692
I/wifi    (  800): flags=[WPA-PSK-CCMP][WPA2-PSK-CCMP][ESS]
I/wifi    (  800): ssid=yizhibo
I/wifi    (  800): ====
I/wifi    (  800): id=20500
I/wifi    (  800): bssid=48:ee:0c:06:7c:36
I/wifi    (  800): freq=2412
I/wifi    (  800): level=-52
I/wifi    (  800): tsf=0000592969668736
I/wifi    (  800): flags=[WPA-PSK-CCMP][WPA2-PSK-CCMP][WPS][ESS]
I/wifi    (  800): ssid=xiaoyima
I/wifi    (  800): ====
I/wifi    (  800): id=20501
I/wifi    (  800): bssid=30:fc:68:a7:73:fb
I/wifi    (  800): freq=5785
I/wifi    (  800): level=-60
I/wifi    (  800): tsf=0000595311164139
I/wifi    (  800): flags=[WPA-PSK-CCMP][WPA2-PSK-CCMP][ESS]
I/wifi    (  800): ssid=xiulaotou
I/wifi    (  800): ====
I/wifi    (  800): id=20502
I/wifi    (  800): bssid=a4:5e:60:bf:52:9d
I/wifi    (  800): freq=2457
I/wifi    (  800): level=-52
I/wifi    (  800): tsf=0000016271340925
I/wifi    (  800): flags=[WPA2-PSK-CCMP][ESS]
I/wifi    (  800): ssid=Joke
I/wifi    (  800): ====
I/wifi    (  800): id=20503
I/wifi    (  800): bssid=8c:a6:df:4e:9a:fe
I/wifi    (  800): freq=2437
I/wifi    (  800): level=-67
I/wifi    (  800): tsf=0000257071572006
I/wifi    (  800): flags=[WPA-PSK-CCMP][WPA2-PSK-CCMP][ESS]
I/wifi    (  800): ssid=HT-China-N
I/wifi    (  800): ====
I/wifi    (  800): id=20504
I/wifi    (  800): bssid=a8:58:40:57:64:20
I/wifi    (  800): freq=2437
I/wifi    (  800): level=-68
I/wifi    (  800): tsf=0015656578067777
I/wifi    (  800): flags=[WPA-PSK-CCMP+TKIP][WPA2-PSK-CCMP+TKIP][ESS]
I/wifi    (  800): ssid=aibinong
I/wifi    (  800): ====
I/wifi    (  800): id=20505
I/wifi    (  800): bssid=a8:58:40:57:64:21
I/wifi    (  800): freq=2437
I/wifi    (  800): level=-68
I/wifi    (  800): tsf=0015656598135442
I/wifi    (  800): flags=[WPA-PSK-CCMP+TKIP][WPA2-PSK-CCMP+TKIP][ESS]
I/wifi    (  800): ssid=aibinong-guest
I/wifi    (  800): ====
I/wifi    (  800): id=20506
I/wifi    (  800): bssid=00:36:76:19:de:5b
I/wifi    (  800): freq=2437
I/wifi    (  800): level=-62
I/wifi    (  800): tsf=0000018048595306
I/wifi    (  800): flags=[WPA-PSK-CCMP][WPA2-PSK-CCMP][ESS]
I/wifi    (  800): ssid=Guoan
I/wifi    (  800): ====
I/wifi    (  800): id=20507
I/wifi    (  800): bssid=48:fd:8e:4d:77:f0
I/wifi    (  800): freq=5180
I/wifi    (  800): level=-67
I/wifi    (  800): tsf=0000594874458541
I/wifi    (  800): flags=[WPA-PSK-CCMP][WPA2-PSK-CCMP][ESS]
I/wifi    (  800): ssid=yizhibo
I/wifi    (  800): ====
I/wifi    (  800): id=20509
I/wifi    (  800): bssid=48:fd:8e:4d:6e:50
I/wifi    (  800): freq=5180
I/wifi    (  800): level=-74
I/wifi    (  800): tsf=0000594700774615
I/wifi    (  800): flags=[WPA-PSK-CCMP][WPA2-PSK-CCMP][ESS]
I/wifi    (  800): ssid=yizhibo
I/wifi    (  800): ====
I/wifi    (  800): id=20512
I/wifi    (  800): bssid=bc:85:56:91:83:ae
I/wifi    (  800): freq=2462
I/wifi    (  800): level=-59
I/wifi    (  800): tsf=0000016820954013
I/wifi    (  800): flags=[WPA2-PSK-CCMP][ESS]
I/wifi    (  800): ssid=nba
I/wifi    (  800): ====
I/wifi    (  800): id=20513
I/wifi    (  800): bssid=b4:18:d1:ef:aa:85
I/wifi    (  800): freq=2462
I/wifi    (  800): level=-67
I/wifi    (  800): tsf=0000582780446981
I/wifi    (  800): flags=[WPA2-PSK-CCMP][ESS]
I/wifi    (  800): ssid=ipv6_001
I/wifi    (  800): ====
I/wifi    (  800): id=20518
I/wifi    (  800): bssid=8c:a6:df:4e:9b:00
I/wifi    (  800): freq=5785
I/wifi    (  800): level=-85
I/wifi    (  800): tsf=0000256921611104
I/wifi    (  800): flags=[WPA-PSK-CCMP][WPA2-PSK-CCMP][ESS]
I/wifi    (  800): ssid=HT-China-N-5G
I/wifi    (  800): ====
I/wifi    (  800): id=20522
I/wifi    (  800): bssid=c0:bf:c0:b8:81:80
I/wifi    (  800): freq=2472
I/wifi    (  800): level=-56
I/wifi    (  800): tsf=0000594640652624
I/wifi    (  800): flags=[WPA-PSK-CCMP][WPA2-PSK-CCMP][ESS]
I/wifi    (  800): ssid=yizhibo
I/wifi    (  800): ====
I/wifi    (  800): id=20523
I/wifi    (  800): bssid=88:63:df:b6:53:a7
I/wifi    (  800): freq=2462
I/wifi    (  800): level=-56
I/wifi    (  800): tsf=0000018871202811
I/wifi    (  800): flags=[WPA2-PSK-CCMP][ESS]
I/wifi    (  800): ssid=mmmmmmm
I/wifi    (  800): ====
I/wifi    (  800): id=20525
I/wifi    (  800): bssid=6c:40:08:a5:2e:f8
I/wifi    (  800): freq=2462
I/wifi    (  800): level=-75
I/wifi    (  800): tsf=0001282366686615
I/wifi    (  800): flags=[WPA2-PSK-CCMP][ESS]
I/wifi    (  800): ssid=NW360
I/wifi    (  800): ====
I/wifi    (  800): id=20526
I/wifi    (  800): bssid=48:fd:8e:4d:85:70
I/wifi    (  800): freq=5180
I/wifi    (  800): level=-80
I/wifi    (  800): tsf=0000594482073728
I/wifi    (  800): flags=[WPA-PSK-CCMP][WPA2-PSK-CCMP][ESS]
I/wifi    (  800): ssid=yizhibo
I/wifi    (  800): ====
I/wifi    (  800): id=20562
I/wifi    (  800): bssid=a4:5e:60:f3:0b:ed
I/wifi    (  800): freq=2462
I/wifi    (  800): level=-68
I/wifi    (  800): tsf=0000022165928877
I/wifi    (  800): flags=[WPA2-PSK-CCMP][ESS]
I/wifi    (  800): ssid=
I/wifi    (  800): ====
I/wifi    (  800): id=20579
I/wifi    (  800): bssid=10:da:43:6f:c4:94
I/wifi    (  800): freq=2472
I/wifi    (  800): level=-84
I/wifi    (  800): tsf=0000931910046991
I/wifi    (  800): flags=[WPA2-PSK-CCMP][WPS][ESS]
I/wifi    (  800): ssid=FreeTime
I/wifi    (  800): ====
I/wifi    (  800): id=20594
I/wifi    (  800): bssid=48:fd:8e:4d:77:e0
I/wifi    (  800): freq=2452
I/wifi    (  800): level=-68
I/wifi    (  800): tsf=0000594884471743
I/wifi    (  800): flags=[WPA-PSK-CCMP][WPA2-PSK-CCMP][ESS]
I/wifi    (  800): ssid=yizhibo
I/wifi    (  800): ====
I/wifi    (  800): id=20599
I/wifi    (  800): bssid=a0:63:91:c8:8d:cf
I/wifi    (  800): freq=2452
I/wifi    (  800): level=-71
I/wifi    (  800): tsf=0004843585538830
I/wifi    (  800): flags=[WPA-PSK-CCMP][WPA2-PSK-CCMP][ESS]
I/wifi    (  800): ssid=wl
I/wifi    (  800): ====
I/wifi    (  800): id=20625
I/wifi    (  800): bssid=80:89:17:80:e4:36
I/wifi    (  800): freq=2452
I/wifi    (  800): level=-77
I/wifi    (  800): tsf=0000501843853001
I/wifi    (  800): flags=[WPA-PSK-CCMP][WPA2-PSK-CCMP][ESS]
I/wifi    (  800): ssid=8888
I/wifi    (  800): ====
I/wifi    (  800): id=20628
I/wifi    (  800): bssid=0c:da:41:0e:cd:70
I/wifi    (  800): freq=2437
I/wifi    (  800): level=-75
I/wifi    (  800): tsf=0017606107121611
I/wifi    (  800): flags=[WPA-PSK-TKIP][ESS]
I/wifi    (  800): ssid=parkland-guest
I/wifi    (  800): ====
I/wifi    (  800): id=20643
I/wifi    (  800): bssid=08:9b:4b:96:59:09
I/wifi    (  800): freq=2462
I/wifi    (  800): level=-78
I/wifi    (  800): tsf=0000685994099644
I/wifi    (  800): flags=[WPA-PSK-CCMP][WPA2-PSK-CCMP][ESS]
I/wifi    (  800): ssid=yueyu-10
I/wifi    (  800): ====
I/wifi    (  800): id=20645
I/wifi    (  800): bssid=14:75:90:7a:f6:27
I/wifi    (  800): freq=2452
I/wifi    (  800): level=-81
I/wifi    (  800): tsf=0000088391165394
I/wifi    (  800): flags=[WPA-PSK-CCMP][WPA2-PSK-CCMP][ESS]
I/wifi    (  800): ssid=TP-test
I/wifi    (  800): ====
I/wifi    (  800): id=20647
I/wifi    (  800): bssid=b0:d5:9d:a4:7a:6d
I/wifi    (  800): freq=2462
I/wifi    (  800): level=-78
I/wifi    (  800): tsf=0000017107969430
I/wifi    (  800): flags=[WPA2-PSK-CCMP][ESS]
I/wifi    (  800): ssid=360WiFi-6D
I/wifi    (  800): ====
I/wifi    (  800): id=20648
I/wifi    (  800): bssid=0c:da:41:0e:cd:71
I/wifi    (  800): freq=2437
I/wifi    (  800): level=-75
I/wifi    (  800): tsf=0017606107133641
I/wifi    (  800): flags=[WPA-PSK-TKIP][ESS]
I/wifi    (  800): ssid=parkland
I/wifi    (  800): ====
D/WifiHW  (  800): enter -->wifi_send_command cmd=IFNAME=wlan0 BSS RANGE=20649- MASK=0x21987
D/wpa_supplicant( 1003): RX ctrl_iface - hexdump(len=29): 42 53 53 20 52 41 4e 47 45 3d 32 30 36 34 39 2d 20 4d 41 53 4b 3d 30 78 32 31 39 38 37
D/wpa_supplicant( 1003): wlan0: Control interface command 'BSS RANGE=20649- MASK=0x21987'
D/wpa_ctrl(  800): reply_len=4095
D/WifiHW  (  800): leave --> reply=id=20654
D/WifiHW  (  800): bssid=48:fd:8e:4d:85:60
D/WifiHW  (  800): freq=2472
D/WifiHW  (  800): level=-72
D/WifiHW  (  800): tsf=0000594512793984
D/WifiHW  (  800): flags=[WPA-PSK-CCMP][WPA2-PSK-CCMP][ESS]
D/WifiHW  (  800): ssid=yizhibo
D/WifiHW  (  800): ====
D/WifiHW  (  800): id=20655
D/WifiHW  (  800): bssid=52:bd:5f:1f:04:b6
D/WifiHW  (  800): freq=2412
D/WifiHW  (  800): level=-57
D/WifiHW  (  800): tsf=0000000295949440
D/WifiHW  (  800): flags=[WPA2-PSK-CCMP][ESS]
D/WifiHW  (  800): ssid=TPshuiyu
D/WifiHW  (  800): ====
D/WifiHW  (  800): id=20660
D/WifiHW  (  800): bssid=0c:da:41:0e:c9:91
D/WifiHW  (  800): freq=2462
D/WifiHW  (  800): level=-71
D/WifiHW  (  800): tsf=0000008844205696
D/WifiHW  (  800): flags=[WPA-PSK-TKIP][ESS]
D/WifiHW  (  800): ssid=parkland
D/WifiHW  (  800): ====
D/WifiHW  (  800): id=20661
D/WifiHW  (  800): bssid=0c:da:41:0e:c9:90
D/WifiHW  (  800): freq=2462
D/WifiHW  (  800): level=-70
D/WifiHW  (  800): tsf=0000008844122572
D/WifiHW  (  800): flags=[WPA-PSK-TKIP][ESS]
D/WifiHW  (  800): ssid=parkland-guest
D/WifiHW  (  800): ====
D/WifiHW  (  800): id=20664
D/WifiHW  (  800): bssid=9c:50:ee:36:c5:62
D/WifiHW  (  800): freq=2462
D/WifiHW  (  800): level=-84
D/WifiHW  (  800): tsf=0001040935029048
D/WifiHW  (  800): flags=[WPA-PSK-CCMP][WPA2-PSK-CCMP][ESS]
D/WifiHW  (  800): ssid=LZKJ
D/WifiHW  (  800): ====
D/WifiHW  (  800): id=20665
D/WifiHW  (  800): bssid=a4:5e:60:f2:e9:b3
D/WifiHW  (  800): freq=2462
D/WifiHW  (  800): level=-74
D/WifiHW  (  800): tsf=0000095040021891
D/WifiHW  (  800): flags=[WPA2-PSK-CCMP][ESS]
D/WifiHW  (  800): ssid=Lcrnice_WiFi
D/WifiHW  (  800): ====
D/WifiHW  (  800): id=20666
D/WifiHW  (  800): bssid=70:79:90:78:d6:40
D/WifiHW  (  800): freq=2472
D/WifiHW  (  800): level=-77
D/WifiHW  (  800): tsf=0000594980147584
D/WifiHW  (  800): flags=[WPA-PSK-CCMP][WPA2-PSK-CCMP][ESS]
D/WifiHW  (  800): ssid=yizhibo
D/WifiHW  (  800): ====
D/WifiHW  (  800): id=20667
D/WifiHW  (  800): bssid=d4:ee:07:54:90:60
D/WifiHW  (  800): freq=2437
D/WifiHW  (  800): level=-80
D/WifiHW  (  800): tsf=0002521081344399
D/WifiHW  (  800): flags=[WPA-PSK-CCMP][WPA2-PSK-CCMP][ESS]
D/WifiHW  (  800): ssid=MEI
D/wifi    (  800): doStringCommand, buf IFNAME=wlan0 BSS RANGE=20649- MASK=0x21987
I/wifi    (  800): id=20654
I/wifi    (  800): bssid=48:fd:8e:4d:85:60
I/wifi    (  800): freq=2472
I/wifi    (  800): level=-72
I/wifi    (  800): tsf=0000594512793984
I/wifi    (  800): flags=[WPA-PSK-CCMP][WPA2-PSK-CCMP][ESS]
I/wifi    (  800): ssid=yizhibo
I/wifi    (  800): ====
I/wifi    (  800): id=20655
I/wifi    (  800): bssid=52:bd:5f:1f:04:b6
I/wifi    (  800): freq=2412
I/wifi    (  800): level=-57
I/wifi    (  800): tsf=0000000295949440
I/wifi    (  800): flags=[WPA2-PSK-CCMP][ESS]
I/wifi    (  800): ssid=TPshuiyu
I/wifi    (  800): ====
I/wifi    (  800): id=20660
I/wifi    (  800): bssid=0c:da:41:0e:c9:91
I/wifi    (  800): freq=2462
I/wifi    (  800): level=-71
I/wifi    (  800): tsf=0000008844205696
I/wifi    (  800): flags=[WPA-PSK-TKIP][ESS]
I/wifi    (  800): ssid=parkland
I/wifi    (  800): ====
I/wifi    (  800): id=20661
I/wifi    (  800): bssid=0c:da:41:0e:c9:90
I/wifi    (  800): freq=2462
I/wifi    (  800): level=-70
I/wifi    (  800): tsf=0000008844122572
I/wifi    (  800): flags=[WPA-PSK-TKIP][ESS]
I/wifi    (  800): ssid=parkland-guest
I/wifi    (  800): ====
I/wifi    (  800): id=20664
I/wifi    (  800): bssid=9c:50:ee:36:c5:62
I/wifi    (  800): freq=2462
I/wifi    (  800): level=-84
I/wifi    (  800): tsf=0001040935029048
I/wifi    (  800): flags=[WPA-PSK-CCMP][WPA2-PSK-CCMP][ESS]
I/wifi    (  800): ssid=LZKJ
I/wifi    (  800): ====
I/wifi    (  800): id=20665
I/wifi    (  800): bssid=a4:5e:60:f2:e9:b3
I/wifi    (  800): freq=2462
I/wifi    (  800): level=-74
I/wifi    (  800): tsf=0000095040021891
I/wifi    (  800): flags=[WPA2-PSK-CCMP][ESS]
I/wifi    (  800): ssid=Lcrnice_WiFi
I/wifi    (  800): ====
I/wifi    (  800): id=20666
I/wifi    (  800): bssid=70:79:90:78:d6:40
I/wifi    (  800): freq=2472
I/wifi    (  800): level=-77
I/wifi    (  800): tsf=0000594980147584
I/wifi    (  800): flags=[WPA-PSK-CCMP][WPA2-PSK-CCMP][ESS]
I/wifi    (  800): ssid=yizhibo
I/wifi    (  800): ====
I/wifi    (  800): id=20667
I/wifi    (  800): bssid=d4:ee:07:54:90:60
I/wifi    (  800): freq=2437
I/wifi    (  800): level=-80
I/wifi    (  800): tsf=0002521081344399
I/wifi    (  800): flags=[WPA-PSK-CCMP][WPA2-PSK-CCMP][ESS]
I/wifi    (  800): ssid=MEITE
I/wifi    (  800): ====
I/wifi    (  800): id=20668
I/wifi    (  800): bssid=70:79:90:78:d6:50
I/wifi    (  800): freq=5180
I/wifi    (  800): level=-85
I/wifi    (  800): tsf=0000594979737787
I/wifi    (  800): flags=[WPA-PSK-CCMP][WPA2-PSK-CCMP][ESS]
I/wifi    (  800): ssid=yizhibo
I/wifi    (  800): ====
I/wifi    (  800): id=20669
I/wifi    (  800): bssid=0c:da:41:0e:bf:71
I/wifi    (  800): freq=2412
I/wifi    (  800): level=-73
I/wifi    (  800): tsf=0017606172881146
I/wifi    (  800): flags=[WPA-PSK-TKIP][ESS]
I/wifi    (  800): ssid=parkland
I/wifi    (  800): ====
I/wifi    (  800): id=20670
I/wifi    (  800): bssid=0a:9b:4b:96:59:09
I/wifi    (  800): freq=2462
I/wifi    (  800): level=-78
I/wifi    (  800): tsf=0000685994125184
I/wifi    (  800): flags=[WPA-PSK-CCMP][WPA2-PSK-CCMP][ESS]
I/wifi    (  800): ssid=yueyu-11
I/wifi    (  800): ====
I/wifi    (  800): id=20671
I/wifi    (  800): bssid=90:48:9a:a0:da:94
I/wifi    (  800): freq=2437
I/wifi    (  800): level=-88
I/wifi    (  800): tsf=0007530266141565
I/wifi    (  800): flags=[WPA-PSK-CCMP+TKIP][WPA2-PSK-CCMP+TKIP][ESS]
I/wifi    (  800): ssid=HP-Print-94-LaserJet Pro MFP
I/wifi    (  800): ====
I/wifi    (  800): id=20672
I/wifi    (  800): bssid=fa:da:0c:0a:a9:26
I/wifi    (  800): freq=2437
I/wifi    (  800): level=-86
I/wifi    (  800): tsf=0000528367025472
I/wifi    (  800): flags=[ESS]
I/wifi    (  800): ssid=HP-Setup>26-M277 LaserJet
I/wifi    (  800): ####
D/WifiStateMachine(  800): SCAN_RESULTS_EVENT, mScanForWeakSignal:false
V/ActivityManager(  800): Broadcast: Intent { act=android.net.wifi.SCAN_RESULTS flg=0x4000010 (has extras) } ordered=false userid=-1 callerApp=ProcessRecord{427f5390 800:system/1000}
V/AudioTrackShared(  251): mAvailToClient=0 stepCount=1024 minimum=1024
I/        (  245): [BWC INFO](245): get_bwc_mm_property success
I/WifiNotificationController(  800): checkAndSetNotification, state:CONNECTED
D/AppOps  (  800): noteOperation: allowing code 10 uid 10532 package com.ccvideo
D/AppOps  (  800): noteOperation: allowing code 10 uid 10532 package com.ccvideo
