int logctl_get(): open '/dev/hwlog_switch' fail -1, 13. Permission denied

Note: log switch off, only log_main and log_events will have logs!
--------- beginning of crash
08-03 13:54:03.205  7177  7177 F libc    : CANNOT LINK EXECUTABLE "sh": "/vendor/lib/libc++.so" is 32-bit instead of 64-bit
08-03 13:54:03.205  7177  7177 F libc    : Fatal signal 6 (SIGABRT), code -6 in tid 7177 (sh)
08-03 13:54:03.272  7178  7178 F DEBUG   : *** *** *** *** *** *** *** *** *** *** *** *** *** *** *** ***
08-03 13:54:03.272  7178  7178 F DEBUG   : Build fingerprint: 'HUAWEI/NXT-TL00/HWNXT:7.0/HUAWEINXT-TL00/C01B575:user/release-keys'
08-03 13:54:03.272  7178  7178 F DEBUG   : Revision: '0'
08-03 13:54:03.272  7178  7178 F DEBUG   : ABI: 'arm64'
08-03 13:54:03.272  7178  7178 F DEBUG   : pid: 7177, tid: 7177, name: sh  >>> sh <<<
08-03 13:54:03.272  7178  7178 F DEBUG   : signal 6 (SIGABRT), code -6 (SI_TKILL), fault addr --------
08-03 13:54:03.272  7178  7178 F DEBUG   :     x0   0000000000000000  x1   0000000000001c09  x2   0000000000000006  x3   0000000000000008
08-03 13:54:03.272  7178  7178 F DEBUG   :     x4   ffffffffffffffff  x5   0000000000000000  x6   8000000000808080  x7   7368612c33351f65
08-03 13:54:03.272  7178  7178 F DEBUG   :     x8   0000000000000083  x9   ffffffffffffffdf  x10  0000000000000000  x11  0000000000000001
08-03 13:54:03.272  7178  7178 F DEBUG   :     x12  ffffffffffffffff  x13  0000000000000000  x14  0000000000000000  x15  000310de70d76fcb
08-03 13:54:03.272  7178  7178 F DEBUG   :     x16  0000007fc9f9b6f0  x17  0000007fc9f9b5bf  x18  00000000ffffffff  x19  0000007ad7a2cb40
08-03 13:54:03.272  7178  7178 F DEBUG   :     x20  0000000000000006  x21  0000007ad7a2ca98  x22  0000000000000000  x23  0000000000000003
08-03 13:54:03.272  7178  7178 F DEBUG   :     x24  0000000000000000  x25  0000007fc9f9c350  x26  0000007fc9f9c370  x27  0000007ad7a28348
08-03 13:54:03.272  7178  7178 F DEBUG   :     x28  0000007ad7a28258  x29  0000007fc9f9c1c0  x30  0000007ad79ee1f4
08-03 13:54:03.272  7178  7178 F DEBUG   :     sp   0000007fc9f9c1a0  pc   0000007ad79eed24  pstate 0000000060000000
08-03 13:54:03.283  7178  7178 F DEBUG   : 
08-03 13:54:03.283  7178  7178 F DEBUG   : backtrace:
08-03 13:54:03.283  7178  7178 F DEBUG   :     #00 pc 0000000000073d24  /system/bin/linker64 (__dl_tgkill+8)
08-03 13:54:03.283  7178  7178 F DEBUG   :     #01 pc 00000000000731f0  /system/bin/linker64 (__dl_pthread_kill+64)
08-03 13:54:03.283  7178  7178 F DEBUG   :     #02 pc 0000000000066ce4  /system/bin/linker64 (__dl_raise+24)
08-03 13:54:03.283  7178  7178 F DEBUG   :     #03 pc 00000000000646b8  /system/bin/linker64 (__dl_abort+52)
08-03 13:54:03.283  7178  7178 F DEBUG   :     #04 pc 000000000006686c  /system/bin/linker64 (__dl___libc_fatal+104)
08-03 13:54:03.283  7178  7178 F DEBUG   :     #05 pc 000000000000fe98  /system/bin/linker64 (__dl__ZL29__linker_init_post_relocationR19KernelArgumentBlocky+3668)
08-03 13:54:03.283  7178  7178 F DEBUG   :     #06 pc 000000000000efa4  /system/bin/linker64 (__dl___linker_init+528)
08-03 13:54:03.283  7178  7178 F DEBUG   :     #07 pc 0000000000006e78  /system/bin/linker64 (_start+4)
--------- beginning of main
08-03 15:10:07.388  1058  1247 I chatty  : uid=1000(system) HuaweiWifiWatch expire 12 lines
08-03 15:10:07.720   430  5973 I gralloc : alloc_device_free:586: Free handle(0x7eb4568f00)
08-03 15:10:07.720   430  5973 I gralloc : alloc_device_free:586: Free handle(0x7eb4568000)
08-03 15:10:07.750 13285 13285 I HwPointEventFilter: support AFT
08-03 15:10:07.783   430  5973 I gralloc : alloc_device_alloc:564: Alloc handle(0x7eb4568000): interfmt=1, stride=320, size=122880, usage=0xb00
08-03 15:10:07.784   430  5973 I gralloc : alloc_device_alloc:564: Alloc handle(0x7eb4568f00): interfmt=1, stride=320, size=122880, usage=0xb00
08-03 15:10:07.784   430  5973 I gralloc : alloc_device_alloc:564: Alloc handle(0x7eb4568d00): interfmt=1, stride=320, size=122880, usage=0xb00
08-03 15:10:08.111 13285 13285 I HwPointEventFilter: ACTION_DOWN has not handle
08-03 15:10:08.159   430   430 I gralloc : alloc_device_free:586: Free handle(0x7eb6374300)
08-03 15:10:09.296 13285 13285 I HwPointEventFilter: support AFT
08-03 15:10:09.336   430   444 I gralloc : alloc_device_alloc:564: Alloc handle(0x7eb9841500): interfmt=200000001, stride=1088, size=8486912, usage=0xb00
08-03 15:10:09.341   430   444 I gralloc : alloc_device_alloc:564: Alloc handle(0x7eb9856100): interfmt=200000001, stride=1088, size=8486912, usage=0xb00
08-03 15:10:09.341   430   444 I gralloc : alloc_device_alloc:564: Alloc handle(0x7eb980ff00): interfmt=200000001, stride=1088, size=8486912, usage=0xb00
08-03 15:10:09.398 13285 13285 I cr_Ime  : ImeThread is enabled.
08-03 15:10:09.412   430  1262 I gralloc : alloc_device_free:586: Free handle(0x7eb4568800)
08-03 15:10:09.412   430  1262 I gralloc : alloc_device_free:586: Free handle(0x7eb9856e00)
08-03 15:10:09.420   430  1907 I gralloc : alloc_device_free:586: Free handle(0x7eb9856400)
08-03 15:10:09.421   430  1907 I gralloc : alloc_device_free:586: Free handle(0x7eb9863500)
08-03 15:10:09.428 13285 14994 W IJKMEDIA: func_display_overlay_l: NULL native_window
08-03 15:10:09.436 13285 13285 E chromium: [ERROR:interface_registry.cc(104)] Failed to locate a binder for interface: autofill::mojom::PasswordManagerDriver
08-03 15:10:09.719   430  1907 I gralloc : alloc_device_free:586: Free handle(0x7eb4568000)
08-03 15:10:09.719   430  1907 I gralloc : alloc_device_free:586: Free handle(0x7eb4568f00)
08-03 15:10:09.739 13285 13285 W cr_BindingManager: Cannot call determinedVisibility() - never saw a connection for the pid: 13285
08-03 15:10:09.742   430   430 I gralloc : alloc_device_free:586: Free handle(0x7eb9863300)
08-03 15:10:09.742   430   430 I gralloc : alloc_device_free:586: Free handle(0x7eb980fb00)
08-03 15:10:09.889   430   430 I gralloc : alloc_device_free:586: Free handle(0x7eb4568d00)
08-03 15:10:10.778   568   568 E Thermal-daemon: [flash_led] temp_new :35  temp_old :34
08-03 15:10:10.778   568   568 E Thermal-daemon: Report temperature: [flash_led] temp :35  report_threshold:1
08-03 15:10:10.779   568   568 E Thermal-daemon: [ap] temp_new :35  temp_old :34
08-03 15:10:10.779   568   568 E Thermal-daemon: Report temperature: [ap] temp :35  report_threshold:1
08-03 15:10:10.891 13285 13285 W cr_BindingManager: Cannot call determinedVisibility() - never saw a connection for the pid: 13285
08-03 15:10:11.223  1374  1374 I chatty  : uid=10029(com.huawei.HwMultiScreenShot) com.android.systemui expire 63 lines
08-03 15:10:11.861   606 11737 I APM_AudioPolicyManager: setStreamVolumeIndex() stream 3, device 0x0002, index 0
08-03 15:10:11.861   606   615 I AudioFlinger: setStreamVolume thread=0xefe03640; stream=3; value=0.000000
08-03 15:10:11.864   606  1049 I APM_AudioPolicyManager: setStreamVolumeIndex() stream 9, device 0x0002, index 0
08-03 15:10:11.921   430   445 I gralloc : alloc_device_alloc:564: Alloc handle(0x7eb44bae00): interfmt=1, stride=1088, size=1273856, usage=0xb00
08-03 15:10:11.923   430   445 I gralloc : alloc_device_alloc:564: Alloc handle(0x7eb4568500): interfmt=1, stride=1088, size=1273856, usage=0xb00
08-03 15:10:11.925   430   445 I gralloc : alloc_device_alloc:564: Alloc handle(0x7eb4568900): interfmt=1, stride=1088, size=1273856, usage=0xb00
08-03 15:10:12.390  1058  1058 I chatty  : uid=1000 system_server expire 82 lines
08-03 15:10:12.448 16051 16051 W InputMethodService: Window size has been changed. This may cause jankiness of resizing window: -1 -> -2
08-03 15:10:12.477 16051 16051 I LatinIME: Starting input. Cursor position = 0,0
08-03 15:10:12.485 16051 16051 W SettingsValuesEx: getDefaults:=null=null=null============
08-03 15:10:12.566  1535  1634 I chatty  : uid=1000(system) core expire 6 lines
08-03 15:10:12.568  1813  2608 W Ptm.AbnormalObserver: unhandled mesg: 4006
08-03 15:10:12.588   430   444 I gralloc : alloc_device_alloc:564: Alloc handle(0x7eb9841300): interfmt=200000001, stride=1088, size=8486912, usage=0xb00
08-03 15:10:12.588   430   444 I gralloc : alloc_device_alloc:564: Alloc handle(0x7eb9841400): interfmt=200000001, stride=1088, size=8486912, usage=0xb00
08-03 15:10:12.601   430   444 I gralloc : alloc_device_alloc:564: Alloc handle(0x7eb9856600): interfmt=200000001, stride=1088, size=7708672, usage=0xb00
08-03 15:10:12.628 16051 16051 I LatinIME: Starting input. Cursor position = 0,0
08-03 15:10:12.636 16051 16051 E RichInputConnection: Unable to connect to the editor to retrieve text.
08-03 15:10:12.653 16051 16051 W SettingsValuesEx: getDefaults:=null=null=null============
08-03 15:10:12.658 13285 13285 W cr_BindingManager: Cannot call determinedVisibility() - never saw a connection for the pid: 13285
08-03 15:10:12.666 16051 16051 E RichInputConnection: Unable to connect to the editor to retrieve text.
08-03 15:10:12.666 16051 16051 W RichInputConnection: Unable to connect to the editor. Setting caps mode without knowing text.
08-03 15:10:12.683 16051 16051 W InputMethodService: Window size has been changed. This may cause jankiness of resizing window: -1 -> -2
08-03 15:10:12.683  1813  2608 W Ptm.AbnormalObserver: unhandled mesg: 4007
08-03 15:10:12.684   430   444 I gralloc : alloc_device_free:586: Free handle(0x7eb9856600)
08-03 15:10:12.684   430   444 I gralloc : alloc_device_free:586: Free handle(0x7eb9841400)
08-03 15:10:12.684   430   444 I gralloc : alloc_device_free:586: Free handle(0x7eb9841300)
08-03 15:10:12.698 16051 16051 E RichInputConnection: Unable to connect to the editor to retrieve text.
08-03 15:10:12.716 16051 16051 E RichInputConnection: Unable to connect to the editor to retrieve text.
08-03 15:10:12.721 16051 16051 E RichInputConnection: Unable to connect to the editor to retrieve text.
08-03 15:10:12.722 16051 16051 E RichInputConnection: Unable to connect to the editor to retrieve text.
08-03 15:10:12.723 16051 16051 E RichInputConnection: Unable to connect to the editor to retrieve text.
08-03 15:10:12.723 16051 16051 E RichInputConnection: Unable to connect to the editor to retrieve text.
08-03 15:10:12.728 16051 16051 E RichInputConnection: Unable to connect to the editor to retrieve text.
08-03 15:10:12.728 16051 16051 W RichInputConnection: Unable to connect to the editor. Setting caps mode without knowing text.
08-03 15:10:12.889 13285 13285 I chromium: [INFO:CONSOLE(1)] "androidJS begin", source:  (1)
08-03 15:10:12.890 13285 13285 I chromium: [INFO:CONSOLE(1)] "androidJS end", source:  (1)
08-03 15:10:13.377   430  1907 I gralloc : alloc_device_free:586: Free handle(0x7eb44bae00)
08-03 15:10:13.377   430  1907 I gralloc : alloc_device_free:586: Free handle(0x7eb4568500)
08-03 15:10:13.396   430   430 I gralloc : alloc_device_free:586: Free handle(0x7eb4568900)
08-03 15:10:13.587  1058  1167 I chatty  : uid=1000(system) AlarmManager expire 11 lines
08-03 15:10:13.588  1813  2517 W Ptm.AbnormalObserver: unhandled mesg: 4008
08-03 15:10:13.611  2171  2261 I amsnl   : ar
08-03 15:10:13.612  2171  2261 I amsnl   : t:false, fl: false, p: 20000, ce: true, we: true
08-03 15:10:13.613  2171  2261 I amsnl   : m1: false
08-03 15:10:13.618  2171  2261 I amsnl   : m2: false, m3: false
08-03 15:10:13.618  2171  2261 I amsnl   : c: false, w: true, t: true, l: false
08-03 15:10:13.619  2171  2261 I amsnl   : crs
08-03 15:10:13.620  2171  2261 I amsnl   : qg
08-03 15:10:13.629  2171  2261 I amsc    : same acc
08-03 15:10:13.629  2171  2261 I amsc    : gt2
08-03 15:10:13.629  2171  2261 I amsc    : found: wx4gd2z, 1501743981255
08-03 15:10:13.653  2171  2261 I amsnlp  : isConnected, isIdle: false isIgnoreBatOpt: true
08-03 15:10:13.665 13285 13285 W cr_BindingManager: Cannot call determinedVisibility() - never saw a connection for the pid: 13285
08-03 15:10:13.670  2171  2261 I amsnl   : aq
08-03 15:10:13.670  2171  2261 I amsglsc : aq
08-03 15:10:13.671  2171  2261 I amsmsm  : sbrqst
08-03 15:10:13.677  1491  1728 W PhoneInterfaceManager: shouldBlockLocation running ...
08-03 15:10:13.677  1491  1728 I PhoneInterfaceManager: shouldBlockLocation  ret:false
08-03 15:10:13.682  2171  2250 I amsmsm  : sdmrrst
08-03 15:10:13.685  2171  2255 I amsshri : run
08-03 15:10:13.691  1491  8390 W PhoneInterfaceManager: shouldBlockLocation running ...
08-03 15:10:13.692  1491  8390 I PhoneInterfaceManager: shouldBlockLocation  ret:false
08-03 15:10:13.700  1491  3318 W PhoneInterfaceManager: shouldBlockLocation running ...
08-03 15:10:13.701  1491  3318 I PhoneInterfaceManager: shouldBlockLocation  ret:false
08-03 15:10:13.704  2171  2261 I amsnl   : csr
08-03 15:10:13.704  2171  2261 I amsnl   : t:false, fl: false, p: 20000, ce: true, we: true
08-03 15:10:13.706  2171  2261 I amsnl   : m1: false
08-03 15:10:13.709  2171  2261 I amsnl   : m2: false, m3: false
08-03 15:10:13.709  2171  2261 I amsnl   : rl
08-03 15:10:13.717  2171  2261 I amsnl   : c: false, w: true, t: false, l: false
08-03 15:10:13.742  2171  2250 I amsmsm  : cmplt
08-03 15:10:13.743  2171  2250 I amsglsc : aql cmplt
08-03 15:10:13.743  2171  2261 I amsnl   : aqr
08-03 15:10:13.745  2171  2261 I amsc    : same acc
08-03 15:10:13.746  2171  2261 I amsc    : gt2
08-03 15:10:13.746  2171  2261 I amsc    : found: wx4gd2z, 1501743981255
08-03 15:10:13.746  2171  2261 I amsnl   : dist: 5
08-03 15:10:13.756  2171  2261 I amsnl   : t:true, fl: false, p: 20000, ce: true, we: true
08-03 15:10:13.761  2171  2261 I amsnl   : m1: false
08-03 15:10:13.763  2171  2261 I amsnl   : m2: false, m3: false
08-03 15:10:13.763  2171  2261 I amsnl   : rl
08-03 15:10:13.763  2171  2261 I amsnl   : c: false, w: true, t: false, l: true
08-03 15:10:13.763  2171  2261 I amsst   : report
08-03 15:10:13.764  2171  2261 I amsl    : now: 9869957 lastReportTime: 9844187 periodSecs: 20
08-03 15:10:13.765  2171  2261 I amsmgrnlp: [V1.9.2.3-1-2-l4a1g0p4f4v0ofalse(r)]org-n size:1 key:amsnlp
08-03 15:10:13.766  2171  2171 I amsnlp  : REPORT-LOCATION
08-03 15:10:13.766  2171  2261 I amsst   : period: 20 enabled: true
08-03 15:10:15.714  1058  1237 I chatty  : uid=1000(system) WiFiArpStateMac expire 15 lines
08-03 15:10:16.026 13464 13564 I tnet-jni: 292 - [spdyPingRecvCallback] - 
08-03 15:10:16.026 13464 13564 I tnet-jni: 292 - [SpdySessionCallBack.spdyPingRecvCallback] - org.android.spdy.SpdySession@24a25c8
08-03 15:10:16.575  1058  1186 I chatty  : uid=1000(system) WifiStateMachin expire 11 lines
08-03 15:10:16.846 13285 13285 E chromium: [ERROR:interface_registry.cc(104)] Failed to locate a binder for interface: autofill::mojom::PasswordManagerDriver
08-03 15:10:17.232  1058  2199 I chatty  : uid=1000(system) Binder:1058_E expire 5 lines
08-03 15:10:17.239   606   606 I APM_AudioPolicyManager: setStreamVolumeIndex() stream 3, device 0x0002, index 1
08-03 15:10:17.239   606   615 I AudioFlinger: setStreamVolume thread=0xefe03640; stream=3; value=0.003087
08-03 15:10:17.240   606  8516 I APM_AudioPolicyManager: setStreamVolumeIndex() stream 9, device 0x0002, index 1
08-03 15:10:17.317   430  5973 I gralloc : alloc_device_alloc:564: Alloc handle(0x7eb980f500): interfmt=1, stride=1088, size=1273856, usage=0xb00
08-03 15:10:17.318   430  5973 I gralloc : alloc_device_alloc:564: Alloc handle(0x7eb9856400): interfmt=1, stride=1088, size=1273856, usage=0xb00
08-03 15:10:17.319   430  5973 I gralloc : alloc_device_alloc:564: Alloc handle(0x7eb9856800): interfmt=1, stride=1088, size=1273856, usage=0xb00
08-03 15:10:17.782   430  5973 I gralloc : alloc_device_free:586: Free handle(0x7eb980f500)
08-03 15:10:17.782   430  5973 I gralloc : alloc_device_free:586: Free handle(0x7eb9856400)
08-03 15:10:17.810   430   430 I gralloc : alloc_device_free:586: Free handle(0x7eb9856800)
08-03 15:10:19.265   569   600 I AwareLog: HibSTrategy::HibStrategySwapCandidateProcessAdd packagename com.android.inputmethod.latin
08-03 15:10:19.267   569  2304 I AwareLog: HiberManagerService::do_reclaim ok, pid=16051
08-03 15:10:19.345   569   600 I AwareLog: HibStrategy::HibStrategySwapCandidateProcessRemove packagename is com.android.inputmethod.latin
08-03 15:10:19.345   569   600 I AwareLog: HiberManagerService::HIBER_MANAGER_RECLAIM_INTERRUPTING:package=com.android.inputmethod.latin,reclaimpid= 16051,mReclaimState = 5
08-03 15:10:19.345   569   600 I AwareLog: HiberManagerService::do_reclaim_suspend:pid=16051
08-03 15:10:19.389   569  2304 I AwareLog: HiberManagerService::getReclaimResult:reclaim_kb=18540, swap_kb=13352, swap_us=121299
08-03 15:10:19.389   569  2304 I AwareLog: HiberManagerService::sendMessagetoHiberTask successful
08-03 15:10:19.665 13285 13285 W cr_BindingManager: Cannot call determinedVisibility() - never saw a connection for the pid: 13285
08-03 15:10:20.072 13285 16711 E chromium: [ERROR:voe_audio_processing_impl.cc(774)] SetTypingDetectionStatus: not supported
08-03 15:10:20.072 13285 16711 W chromium: [WARNING:webrtcvoiceengine.cc(820)] SetTypingDetectionStatus(0) failed, err=8003
08-03 15:10:20.078 13285 16710 E chromium: [ERROR:webrtcsession.cc(1277)] ConnectDataChannel called when data_channel_ is NULL.
08-03 15:10:20.083 13285 16710 W chromium: [WARNING:mediasession.cc(350)] Duplicate id found. Reassigning from 101 to 127
08-03 15:10:20.271 13285 14670 E chromium: [ERROR:socket_dispatcher_host.cc(90)] Failed to resolve address for x., errorcode: -105
08-03 15:10:20.272 13285 14670 E chromium: [ERROR:socket_dispatcher_host.cc(90)] Failed to resolve address for x., errorcode: -105
08-03 15:10:20.272 13285 16711 W chromium: [WARNING:stunport.cc(385)] Jingle:Port[0xb6670e00:data:1:0:local:Net[any:0.0.0.x/0:Unknown]]: StunPort: stun host lookup received error -1
08-03 15:10:20.272 13285 16711 W chromium: [WARNING:stunport.cc(385)] Jingle:Port[0xb6671080:data:1:0:local:Net[any:0:0:0:x:x:x:x:x/0:Unknown]]: StunPort: stun host lookup received error -1
08-03 15:10:20.344 13285 16711 W chromium: [WARNING:p2ptransportchannel.cc(493)] Jingle:Port[0xb0273a00:data:1:0:local:Net[any:0.0.0.x/0:Unknown]]: SetOption(5, 0) failed: 0
08-03 15:10:20.344 13285 16711 W chromium: [WARNING:p2ptransportchannel.cc(493)] Jingle:Port[0xb13ec800:data:1:0:local:Net[any:0:0:0:x:x:x:x:x/0:Unknown]]: SetOption(5, 0) failed: 0
08-03 15:10:20.392 13285 13285 W cr_BindingManager: Cannot call determinedVisibility() - never saw a connection for the pid: 13285
08-03 15:10:20.470 13285 16710 E chromium: [ERROR:webrtcsession.cc(1277)] ConnectDataChannel called when data_channel_ is NULL.
08-03 15:10:20.477 13285 16710 W chromium: [WARNING:mediasession.cc(350)] Duplicate id found. Reassigning from 101 to 127
08-03 15:10:20.500 13285 14670 E chromium: [ERROR:socket_dispatcher_host.cc(90)] Failed to resolve address for x., errorcode: -105
08-03 15:10:20.500 13285 14670 E chromium: [ERROR:socket_dispatcher_host.cc(90)] Failed to resolve address for x., errorcode: -105
08-03 15:10:20.501 13285 16711 W chromium: [WARNING:stunport.cc(385)] Jingle:Port[0xb6671080:data:1:0:local:Net[any:0.0.0.x/0:Unknown]]: StunPort: stun host lookup received error -1
08-03 15:10:20.501 13285 16711 W chromium: [WARNING:stunport.cc(385)] Jingle:Port[0xb6670e00:data:1:0:local:Net[any:0:0:0:x:x:x:x:x/0:Unknown]]: StunPort: stun host lookup received error -1
08-03 15:10:20.596 13285 16711 W chromium: [WARNING:p2ptransportchannel.cc(493)] Jingle:Port[0xb13ec800:data:1:0:local:Net[any:0.0.0.x/0:Unknown]]: SetOption(5, 0) failed: 0
08-03 15:10:20.597 13285 16711 W chromium: [WARNING:p2ptransportchannel.cc(493)] Jingle:Port[0xb0273a00:data:1:0:local:Net[any:0:0:0:x:x:x:x:x/0:Unknown]]: SetOption(5, 0) failed: 0
08-03 15:10:20.785   568   568 E Thermal-daemon: [flash_led] temp_new :34  temp_old :35
08-03 15:10:20.785   568   568 E Thermal-daemon: Report temperature: [flash_led] temp :34  report_threshold:1
08-03 15:10:20.786   568   568 E Thermal-daemon: [ap] temp_new :34  temp_old :35
08-03 15:10:20.786   568   568 E Thermal-daemon: Report temperature: [ap] temp :34  report_threshold:1
08-03 15:10:23.400  1058  1247 I chatty  : uid=1000(system) HuaweiWifiWatch expire 12 lines
08-03 15:10:23.400  1058  1245 I chatty  : uid=1000(system) Thread-11 expire 20 lines
08-03 15:10:30.340 14573 14573 I art     : System.exit called, status: 0
08-03 15:10:30.340 14573 14573 I AndroidRuntime: VM exiting with result code 0.
08-03 15:10:31.247 13285 13384 I awcn.TnetSpdySession: |[seq:23302625.AWCN1_1] ping receive Host:https://acs4public.m.taobao.com id:11
08-03 15:10:32.254  1374  1374 I chatty  : uid=10029(com.huawei.HwMultiScreenShot) com.android.systemui expire 44 lines
08-03 15:10:34.120 13120 13120 I CloudAlbum[5.3.0.303]: [CGCommonStatusReceiver] CGCommonStatusReceiver, action: android.intent.action.BATTERY_CHANGED
08-03 15:10:34.122 13120 13932 I CloudAlbum[5.3.0.303]: [ReceiverManager] ReceiverManager action: android.intent.action.BATTERY_CHANGED
08-03 15:10:34.122 13120 13932 E CloudAlbum[5.3.0.303]: [ReceiverManager] not log on ignore
08-03 15:10:34.124  1813  1813 I Ptm.AbnormalObserver: current battery level value: 100
08-03 15:10:34.127  1813  1813 W Ptm.AbnormalObserver: ljs, in checkIsAbnormalHot, Ap_temp = 33
08-03 15:10:35.539  2171  2261 I amsnl   : ar
08-03 15:10:35.540  2171  2261 I amsnl   : t:false, fl: false, p: 20000, ce: true, we: true
08-03 15:10:35.551  2171  2261 I amsnl   : m1: false
08-03 15:10:35.557  2171  2261 I amsnl   : m2: false, m3: false
08-03 15:10:35.558  2171  2261 I amsnl   : c: false, w: false, t: true, l: false
08-03 15:10:35.558  2171  2261 I amsnl   : crs
08-03 15:10:35.558  2171  2261 I amsnl   : wrs
08-03 15:10:35.571  1491  1964 W PhoneInterfaceManager: shouldBlockLocation running ...
08-03 15:10:35.571  1491  1964 I PhoneInterfaceManager: shouldBlockLocation  ret:false
08-03 15:10:35.576  1058  1196 I chatty  : uid=1000(system) WifiScanningSer expire 12 lines
08-03 15:10:35.580  1491  8384 W PhoneInterfaceManager: shouldBlockLocation running ...
08-03 15:10:35.581  1491  8384 I PhoneInterfaceManager: shouldBlockLocation  ret:false
08-03 15:10:35.586  1491  1504 W PhoneInterfaceManager: shouldBlockLocation running ...
08-03 15:10:35.586  1491  1504 I PhoneInterfaceManager: shouldBlockLocation  ret:false
08-03 15:10:35.589  2171  2261 I amsnl   : csr
08-03 15:10:35.589  2171  2261 I amsnl   : t:false, fl: false, p: 20000, ce: true, we: true
08-03 15:10:35.595  2171  2261 I amsnl   : m1: false
08-03 15:10:35.597  2171  2261 I amsnl   : m2: false, m3: false
08-03 15:10:35.598  2171  2261 I amsnl   : c: false, w: false, t: false, l: false
08-03 15:10:35.798   568   568 E Thermal-daemon: [flash_led] temp_new :33  temp_old :34
08-03 15:10:35.798   568   568 E Thermal-daemon: Report temperature: [flash_led] temp :33  report_threshold:1
08-03 15:10:35.799   568   568 E Thermal-daemon: [ap] temp_new :33  temp_old :34
08-03 15:10:35.799   568   568 E Thermal-daemon: Report temperature: [ap] temp :33  report_threshold:1
08-03 15:10:35.847 13120 13120 I CloudAlbum[5.3.0.303]: [CGCommonStatusReceiver] CGCommonStatusReceiver, action: android.intent.action.BATTERY_CHANGED
08-03 15:10:35.849 13120 13932 I CloudAlbum[5.3.0.303]: [ReceiverManager] ReceiverManager action: android.intent.action.BATTERY_CHANGED
08-03 15:10:35.850  1813  1813 I Ptm.AbnormalObserver: current battery level value: 100
08-03 15:10:35.850 13120 13932 E CloudAlbum[5.3.0.303]: [ReceiverManager] not log on ignore
08-03 15:10:35.859  1813  1813 W Ptm.AbnormalObserver: ljs, in checkIsAbnormalHot, Ap_temp = 33
08-03 15:10:36.767  1058  1237 I chatty  : uid=1000(system) WiFiArpStateMac expire 19 lines
08-03 15:10:37.968  2171  2261 I amsnl   : wsr
08-03 15:10:37.972  2171  2261 I amsnl   : t:false, fl: false, p: 20000, ce: true, we: true
08-03 15:10:37.976  2171  2261 I amsnl   : m1: false
08-03 15:10:37.978  2171  2261 I amsnl   : m2: false, m3: false
08-03 15:10:37.979  2171  2261 I amsnl   : rl
08-03 15:10:37.979  2171  2261 I amsnl   : c: false, w: true, t: false, l: false
08-03 15:10:37.979  2171  2261 I amsnl   : qg
08-03 15:10:37.988  2171  2261 I amsc    : same acc
08-03 15:10:37.989  2171  2261 I amsc    : gt2
08-03 15:10:37.989  2171  2261 I amsc    : found: wx4gd2z, 1501743981255
08-03 15:10:37.995  1058  1330 I chatty  : uid=1000(system) Binder:1058_6 expire 8 lines
08-03 15:10:38.010  1058  1069 I chatty  : uid=1000(system) Binder:1058_2 expire 8 lines
08-03 15:10:38.010  1058  1806 I chatty  : uid=1000(system) Binder:1058_C expire 7 lines
08-03 15:10:38.022  2171  2261 I amsnlp  : isConnected, isIdle: false isIgnoreBatOpt: true
08-03 15:10:38.032  2171  2261 I amsnl   : aq
08-03 15:10:38.032  2171  2261 I amsglsc : aq
08-03 15:10:38.032  2171  2261 I amsmsm  : sbrqst
08-03 15:10:38.043  2171  2250 I amsmsm  : sdmrrst
08-03 15:10:38.044  2171  2254 I amsshri : run
08-03 15:10:38.105  2171  2250 I amsmsm  : cmplt
08-03 15:10:38.106  2171  2250 I amsglsc : aql cmplt
08-03 15:10:38.106  2171  2261 I amsnl   : aqr
08-03 15:10:38.108  2171  2261 I amsc    : same acc
08-03 15:10:38.108  2171  2261 I amsc    : gt2
08-03 15:10:38.109  2171  2261 I amsc    : found: wx4gd2z, 1501743981255
08-03 15:10:38.109  2171  2261 I amsnl   : dist: 6
08-03 15:10:38.119  2171  2261 I amsnl   : t:true, fl: false, p: 20000, ce: true, we: true
08-03 15:10:38.121  2171  2261 I amsnl   : m1: false
08-03 15:10:38.122  2171  2261 I amsnl   : m2: false, m3: false
08-03 15:10:38.123  2171  2261 I amsnl   : rl
08-03 15:10:38.123  2171  2261 I amsnl   : c: false, w: true, t: false, l: true
08-03 15:10:38.123  2171  2261 I amsst   : report
08-03 15:10:38.124  2171  2261 I amsl    : now: 9894317 lastReportTime: 9869957 periodSecs: 20
08-03 15:10:38.124  2171  2261 I amsmgrnlp: [V1.9.2.3-1-2-l4a1g0p4f4v0ofalse(r)]org-n size:1 key:amsnlp
08-03 15:10:38.125  2171  2171 I amsnlp  : REPORT-LOCATION
08-03 15:10:38.125  2171  2261 I amsst   : period: 20 enabled: true
08-03 15:10:38.127  1058  1488 I chatty  : uid=1000(system) LocationThread expire 10 lines
08-03 15:10:38.534   569   600 I AwareLog: HibSTrategy::HibStrategySwapCandidateProcessAdd packagename com.android.inputmethod.latin
08-03 15:10:38.537   569  2304 I AwareLog: HibStrategy::HibStrategySwapCandidateProcessRemove packagename is com.android.inputmethod.latin
08-03 15:10:38.537   569  2304 I AwareLog: HiberManagerService::sendMessagetoHiberTask successful
08-03 15:10:38.537   569   600 I AwareLog: HibSTrategy::HibStrategySwapCandidateProcessAdd packagename com.ccvideo
08-03 15:10:38.539   569   600 I AwareLog: HibStrategy::HibStrategySwapCandidateProcessRemove packagename is com.ccvideo
08-03 15:10:38.540   569   600 I AwareLog: HibSTrategy::HibStrategySwapCandidateProcessAdd packagename com.android.calendar
08-03 15:10:38.541   569  2304 I AwareLog: HiberManagerService::do_reclaim ok, pid=10467
08-03 15:10:38.597   569  2304 I AwareLog: HiberManagerService::getReclaimResult:reclaim_kb=4944, swap_kb=3552, swap_us=55258
08-03 15:10:38.597   569  2304 I AwareLog: HibStrategy::HibStrategySwapCandidateProcessRemove packagename is com.android.calendar
08-03 15:10:38.597   569  2304 I AwareLog: HiberManagerService::sendMessagetoHiberTask successful
08-03 15:10:39.412  1058  1186 I chatty  : uid=1000(system) WifiStateMachin expire 16 lines
08-03 15:10:39.415  1058  1058 I chatty  : uid=1000 system_server expire 99 lines
08-03 15:10:39.416  1058  1247 I chatty  : uid=1000(system) HuaweiWifiWatch expire 18 lines
08-03 15:10:40.801   568   568 E Thermal-daemon: [charger_ic] temp_new :32  temp_old :33
08-03 15:10:40.802   568   568 E Thermal-daemon: Report temperature: [charger_ic] temp :32  report_threshold:1
08-03 15:10:43.651  1813  1813 W PTM.PeriodCheckManager: getPeriodCheckStatsInfo
08-03 15:10:43.653  1813  1813 W PTM.PeriodCheckManager: getPeriodCheckStatsInfo:powergenie_mode=2; backlight=2109; discharging=-70; system_h=34; pa_0=29; soc_thermal=42; gpu=39; CpuFreqBig=1805000; CpuFreqlittle=1210000; DDRFreq=533000000; GpuFreq=360000000; 
08-03 15:10:43.653  1813  1813 W PTM.PeriodCheckManager: mPeriodHanlder start
08-03 15:10:43.670  1813  1813 W PTM.PeriodCheckManager: enter the sendData func.
08-03 15:10:43.670  1813  1813 W PTM.PeriodCheckManager: sendData ready!
08-03 15:10:43.672  1813  1813 I iMonitor: create: 903001011
08-03 15:10:43.681  1813  1813 I iMonitor: send: 903001011
08-03 15:10:43.682   584  1053 I logserver: handle_exception_events enter
08-03 15:10:43.683  1813  1813 W PTM.PeriodCheckManager: mSendService start
08-03 15:10:43.711  1813  1838 E LogCollectService: illegal eventid
08-03 15:10:44.301  1374  1374 I chatty  : uid=10029(com.huawei.HwMultiScreenShot) com.android.systemui expire 32 lines
08-03 15:10:45.109  1813  4071 W Ptm.AbnormalObserver: unhandled mesg: 4008
08-03 15:10:46.105  1535 12883 I chatty  : uid=1000(system) traffic stats expire 2 lines
08-03 15:10:55.793   606   867 I AudioTrackShared: server obtain null buf part1:0 rear:9646080 front:9646080 mFrameCount:3544
08-03 15:10:55.817   568   568 E Thermal-daemon: [flash_led] temp_new :32  temp_old :33
08-03 15:10:55.818   568   568 E Thermal-daemon: Report temperature: [flash_led] temp :32  report_threshold:1
08-03 15:10:55.818   568   568 E Thermal-daemon: [ap] temp_new :32  temp_old :33
08-03 15:10:55.818   568   568 E Thermal-daemon: Report temperature: [ap] temp :32  report_threshold:1
08-03 15:10:56.277   606   867 I AudioFlinger: BUFFER TIMEOUT: remove(4099) from active list on thread 0xefe03640
08-03 15:10:56.292   606   616 I APM_AudioPolicyManager: stopOutput() output 13, stream 3, session 257
08-03 15:10:56.293   606   616 I APM_AudioPolicyManager: getNewOutputDevice() selected device 0
08-03 15:10:56.293   606   616 I APM_AudioPolicyManager: setOutputDevice() device 0x0000 delayMs 80 force 0
08-03 15:10:56.293   606   616 I APM_AudioPolicyManager: setOutputDevice() setting same device 0x0000 or null device
08-03 15:10:56.294   606   616 I APM_AudioPolicyManager: checkOutputForStrategy() getDeviceForStrategy strategy=3 newDevice=2 oldDevice=2
08-03 15:10:56.338  1374  1374 I chatty  : uid=10029(com.huawei.HwMultiScreenShot) com.android.systemui expire 55 lines
08-03 15:10:57.828  1058  1237 I chatty  : uid=1000(system) WiFiArpStateMac expire 20 lines
08-03 15:10:58.803   606   867 I audio_hw_primary: do_out_standby standby: 0, out_device: 2
08-03 15:10:58.816   606   867 I audio_hw_primary: select_devices++ mode[0]
08-03 15:10:58.817   606   867 I audio_hw_primary: output_device_id is 0, output_route is null;input_source_id is 0, input_route is null.
08-03 15:10:58.818   606   867 I MAX98925_SPK: set  MAX98925 SINGLE SPK POWER OFF
08-03 15:10:58.820   606   867 I MAX98925_SPK: MAX98925 SPK POWER OFF
08-03 15:10:58.820   606   867 I dsp_common: dsp_common_control_algo:set device = 0
08-03 15:10:58.821   606   867 I dsp_maxim_ctl: maxim_get_prop: get codec_name succ, codec_name = hi6402
08-03 15:10:58.821   606   867 I dsp_maxim_ctl: maxim_get_prop: get multi mic function enable succ, multi_mic_enable = 1
08-03 15:10:58.826   606   867 I dsp_codec_ctl: codec_adsp_send_sync_cmd:ioctl ret=0
08-03 15:10:58.827   606   867 I dsp_maxim_ctl: smartpa_control succ with value:0
08-03 15:10:58.827   606   867 I audio_hw_primary: notify hifi set route++
08-03 15:10:58.831   606   867 I audio_pop: pop change S4 OL SWITCH SWITCH dir 0
08-03 15:10:58.833   606   867 I audio_pop: pop change S4 OR SWITCH SWITCH dir 0
08-03 15:10:58.838   606   867 I audio_pop: pop change SP IL SWITCH SWITCH dir 0
08-03 15:10:58.839   606   867 I audio_pop: pop change SP IR SWITCH SWITCH dir 0
08-03 15:10:58.843   606   867 I audio_hw_primary: notify hifi set route--
08-03 15:10:58.843   606   867 I audio_hw_primary: source[0], mode[0]
08-03 15:10:58.843   606   867 I dsp_common: dsp_common_control_algo:set device = 0
08-03 15:10:58.844   606   867 I dsp_maxim_ctl: maxim_get_prop: get codec_name succ, codec_name = hi6402
08-03 15:10:58.844   606   867 I dsp_maxim_ctl: maxim_get_prop: get multi mic function enable succ, multi_mic_enable = 1
08-03 15:10:58.844   606   867 I audio_hw_primary: select_devices--
08-03 15:11:00.070  2201  2201 I HwLauncher: Model  onReceive intent=Intent { act=android.intent.action.TIME_TICK flg=0x50000014 (has extras) }
08-03 15:11:00.070  2201  2201 I HwLauncher: Model  onReceive user=UserHandle{0}
08-03 15:11:00.079  2201  2201 I TotemWeather: WeatherDataObserver info:receive action = #Intent;action=android.intent.action.TIME_TICK;launchFlags=0x50000014;i.android.intent.extra.ALARM_COUNT=1;end
08-03 15:11:00.091  2201  2201 I HwLauncher: ClockDynamicUpdater date changed begin
08-03 15:11:00.091  2201  2201 I HwLauncher: ClockDynamicUpdater date changed end
08-03 15:11:00.092  2201  2358 E HwLauncher: SettingsEx , no such field.
08-03 15:11:00.092  2201  2358 W HwLauncher: Clock getDataFormat the getSystemString failed.
08-03 15:11:00.095  2201  2358 I HwLauncher: ClockDynamicUpdater clock update folder at ClockDynamicUpdater
08-03 15:11:00.095  2201  2201 I HwLauncher: CalenderDynamicUpdater date changed begin
08-03 15:11:00.095  2201  2358 I HwLauncher: DynamicUpdater updateBitmap end and send update message
08-03 15:11:00.095  2201  2201 I HwLauncher: CalenderDynamicUpdater date changed end
08-03 15:11:00.096  2201  2201 I HwLauncher: DynamicUpdater call updateFolder
08-03 15:11:00.105  2201  2201 I TotemWeather: DateTimeView info:,Time =3:11,[:] timezone=中国标准时间
08-03 15:11:00.111  2201  2201 I TotemWeather: DateTimeView info:updateNextData nextTime: 60890
08-03 15:11:00.130  2201  2201 I TotemWeather: DateTimeView info:onTimeChanged
08-03 15:11:00.131  2201  2201 I TotemWeather: DateTimeView info:updateNextData nextTime: 0
08-03 15:11:00.131  2201  2201 I TotemWeather: DateTimeView info:onTimeChanged
08-03 15:11:00.131  2201  2201 I TotemWeather: DateTimeView info:updateNextData nextTime: 0
08-03 15:11:00.136  2201  2201 I TotemWeather: DateTimeView info:,Time =3:11,[:] timezone=中国标准时间
08-03 15:11:00.140  2201  2201 I TotemWeather: DateTimeView info:updateNextData nextTime: 60861
08-03 15:11:00.277  1813  1826 W Ptm.AbnormalObserver: unhandled mesg: 4008
08-03 15:11:00.319  1813  2517 W Ptm.AbnormalObserver: unhandled mesg: 4008
08-03 15:11:00.320  1813  2914 W Ptm.AbnormalObserver: unhandled mesg: 4008
08-03 15:11:00.336  2171  2261 I amsnl   : ar
08-03 15:11:00.337  2171  2261 I amsnl   : t:false, fl: false, p: 20000, ce: true, we: true
08-03 15:11:00.341  2171  2261 I amsnl   : m1: false
08-03 15:11:00.354  2171  2261 I amsnl   : m2: false, m3: false
08-03 15:11:00.354  2171  2261 I amsnl   : c: false, w: true, t: true, l: false
08-03 15:11:00.355  2171  2261 I amsnl   : crs
08-03 15:11:00.355  2171  2261 I amsnl   : qg
08-03 15:11:00.355  1568  1568 W HwSystemManager: AbsRecordInfo:createRecordFromBundle type provider or service
08-03 15:11:00.356  1568  1568 W HwSystemManager: AbsRecordInfo:createRecordFromBundle type provider or service
08-03 15:11:00.357  1568  1568 W HwSystemManager: AbsRecordInfo:createRecordFromBundle type provider or service
08-03 15:11:00.391  2171  2261 I amsc    : same acc
08-03 15:11:00.391  2171  2261 I amsc    : gt2
08-03 15:11:00.392  2171  2261 I amsc    : found: wx4gd2z, 1501743981255
08-03 15:11:00.430  1568  1568 W HwSystemManager: AbsRecordInfo:createRecordFromBundle type provider or service
08-03 15:11:00.431 14378 14378 I SendBroadcastPermission: action:null, mPermissionType:0
08-03 15:11:00.432  1568  1568 W HwSystemManager: AbsRecordInfo:createRecordFromBundle type provider or service
08-03 15:11:00.439  1568  1568 W HwSystemManager: AbsRecordInfo:createRecordFromBundle type provider or service
08-03 15:11:00.460  2171  2261 I amsnlp  : isConnected, isIdle: false isIgnoreBatOpt: true
08-03 15:11:00.473  2171  2261 I amsnl   : aq
08-03 15:11:00.473  2171  2261 I amsglsc : aq
08-03 15:11:00.473  2171  2261 I amsmsm  : sbrqst
08-03 15:11:00.476  1491  1504 W PhoneInterfaceManager: shouldBlockLocation running ...
08-03 15:11:00.476  1491  1504 I PhoneInterfaceManager: shouldBlockLocation  ret:false
08-03 15:11:00.481  1491  1728 W PhoneInterfaceManager: shouldBlockLocation running ...
08-03 15:11:00.481  1491  1728 I PhoneInterfaceManager: shouldBlockLocation  ret:false
08-03 15:11:00.483  2171  2250 I amsmsm  : sdmrrst
08-03 15:11:00.484  2171  2255 I amsshri : run
08-03 15:11:00.488  1491  3318 W PhoneInterfaceManager: shouldBlockLocation running ...
08-03 15:11:00.488  1491  3318 I PhoneInterfaceManager: shouldBlockLocation  ret:false
08-03 15:11:00.491  2171  2261 I amsnl   : csr
08-03 15:11:00.492  2171  2261 I amsnl   : t:false, fl: false, p: 20000, ce: true, we: true
08-03 15:11:00.493  2171  2261 I amsnl   : m1: false
08-03 15:11:00.494  2171  2261 I amsnl   : m2: false, m3: false
08-03 15:11:00.495  2171  2261 I amsnl   : rl
08-03 15:11:00.495  2171  2261 I amsnl   : c: false, w: true, t: false, l: false
08-03 15:11:00.513  1568  1568 W HwSystemManager: AbsRecordInfo:createRecordFromBundle type provider or service
08-03 15:11:00.514  1568  1568 W HwSystemManager: AbsRecordInfo:createRecordFromBundle type provider or service
08-03 15:11:00.516  1058  1070 I chatty  : uid=1000(system) android.bg expire 1 line
08-03 15:11:00.521  1568  1568 W HwSystemManager: AbsRecordInfo:createRecordFromBundle type provider or service
08-03 15:11:00.523  1568  1568 W HwSystemManager: AbsRecordInfo:createRecordFromBundle type provider or service
08-03 15:11:00.531  1568  1568 W HwSystemManager: AbsRecordInfo:createRecordFromBundle type provider or service
08-03 15:11:00.531  1568  1568 W HwSystemManager: AbsRecordInfo:createRecordFromBundle type provider or service
08-03 15:11:00.533  1568  1568 W HwSystemManager: AbsRecordInfo:createRecordFromBundle type provider or service
08-03 15:11:00.536  1568  1568 W HwSystemManager: AbsRecordInfo:createRecordFromBundle type provider or service
08-03 15:11:00.538  2171  2250 I amsmsm  : cmplt
08-03 15:11:00.539  2171  2250 I amsglsc : aql cmplt
08-03 15:11:00.540  2171  2261 I amsnl   : aqr
08-03 15:11:00.542  2171  2261 I amsc    : same acc
08-03 15:11:00.542  2171  2261 I amsc    : gt2
08-03 15:11:00.542  2171  2261 I amsc    : found: wx4gd2z, 1501743981255
08-03 15:11:00.543  2171  2261 I amsnl   : dist: 6
08-03 15:11:00.562  2171  2261 I amsnl   : t:true, fl: false, p: 20000, ce: true, we: true
08-03 15:11:00.564  2171  2261 I amsnl   : m1: false
08-03 15:11:00.566  2171  2261 I amsnl   : m2: false, m3: false
08-03 15:11:00.566  2171  2261 I amsnl   : rl
08-03 15:11:00.566  2171  2261 I amsnl   : c: false, w: true, t: false, l: true
08-03 15:11:00.567  2171  2261 I amsst   : report
08-03 15:11:00.567  2171  2261 I amsl    : now: 9916760 lastReportTime: 9894317 periodSecs: 20
08-03 15:11:00.568  2171  2261 I amsmgrnlp: [V1.9.2.3-1-2-l4a1g0p4f4v0ofalse(r)]org-n size:1 key:amsnlp
08-03 15:11:00.568  2171  2171 I amsnlp  : REPORT-LOCATION
08-03 15:11:00.568  2171  2261 I amsst   : period: 20 enabled: true
08-03 15:11:03.453  1058  1245 I chatty  : uid=1000(system) Thread-11 expire 16 lines
08-03 15:11:03.453  1058  1247 I chatty  : uid=1000(system) HuaweiWifiWatch expire 18 lines
08-03 15:11:03.472  1058  3170 I chatty  : uid=1000(system) MobileQosDetect expire 10 lines
08-03 15:11:03.590 13145 13145 I SendBroadcastPermission: action:com.qihoo.appstore.ACTION_NOTIFICATION_POSTED, mPermissionType:0
08-03 15:11:03.638 16859 16859 I         : power log dlsym ok
08-03 15:11:03.642 16859 16859 I art     : Reinit property: dalvik.vm.checkjni= false
08-03 15:11:03.657 13145 13145 I SendBroadcastPermission: action:com.qihoo.appstore.ACTION_NOTIFICATION_POSTED, mPermissionType:0
08-03 15:11:03.668   430  1907 I gralloc : alloc_device_alloc:564: Alloc handle(0x7eb4568500): interfmt=1, stride=64, size=4096, usage=0x100
08-03 15:11:03.683   430  1262 I gralloc : alloc_device_free:586: Free handle(0x7eb4568500)
08-03 15:11:03.705 16859 16859 W art     : JIT profile information will not be recorded: profile file does not exits.
08-03 15:11:03.728 16859 16859 I MultiDex: VM with version 2.1.0 has multidex support
08-03 15:11:03.728 16859 16859 I MultiDex: install
08-03 15:11:03.728 16859 16859 I MultiDex: VM has multidex support, MultiDex support library is disabled.
08-03 15:11:04.059   429   429 E SELinux : avc:  denied  { find } for service=network_score pid=16859 uid=10164 scontext=u:r:untrusted_app:s0:c512,c768 tcontext=u:object_r:network_score_service:s0 tclass=service_manager permissive=0
08-03 15:11:04.059   429   429 E ServiceManager: try to find service failed, svc can not find service.
08-03 15:11:04.061   429   429 E SELinux : avc:  denied  { find } for service=serial pid=16859 uid=10164 scontext=u:r:untrusted_app:s0:c512,c768 tcontext=u:object_r:serial_service:s0 tclass=service_manager permissive=0
08-03 15:11:04.061   429   429 E ServiceManager: try to find service failed, svc can not find service.
08-03 15:11:04.122   429   429 E SELinux : avc:  denied  { find } for service=recovery pid=16859 uid=10164 scontext=u:r:untrusted_app:s0:c512,c768 tcontext=u:object_r:recovery_service:s0 tclass=service_manager permissive=0
08-03 15:11:04.122   429   429 E ServiceManager: try to find service failed, svc can not find service.
08-03 15:11:04.125 16859 16859 E SystemServiceRegistry: Failed to get recovery service.
08-03 15:11:04.136   584  1052 I logserver: handle_logfile_events, Object Path:/data/system/dropbox/, mask=0x00000080
08-03 15:11:04.136   584  1052 I logserver: process_one_event, event->len=32, name=data_app_wtf@1501744264136.txt
08-03 15:11:04.160 16859 16859 I HwCust  : Constructor found for class android.app.HwCustHwWallpaperManagerImpl
08-03 15:11:04.383 16859 16859 W el      : Try to initialize ImageLoader which had already been initialized before. To re-init ImageLoader with new configuration call ImageLoader.destroy() at first.
08-03 15:11:04.597 16859 16859 I SendBroadcastPermission: action:com.qihoo.appstore.ACTION_NOTIFICATION_POSTED, mPermissionType:0
08-03 15:11:04.602 16859 16859 I SendBroadcastPermission: action:com.qihoo.appstore.ACTION_NOTIFICATION_POSTED, mPermissionType:0
08-03 15:11:05.597 13285 16843 W InstanceID/Rpc: No response android.os.ConditionVariable@2c721ca
08-03 15:11:06.007 13120 13120 I CloudAlbum[5.3.0.303]: [CGCommonStatusReceiver] CGCommonStatusReceiver, action: android.intent.action.BATTERY_CHANGED
08-03 15:11:06.009 13120 13932 I CloudAlbum[5.3.0.303]: [ReceiverManager] ReceiverManager action: android.intent.action.BATTERY_CHANGED
08-03 15:11:06.009 13120 13932 E CloudAlbum[5.3.0.303]: [ReceiverManager] not log on ignore
08-03 15:11:06.011  1813  1813 I Ptm.AbnormalObserver: current battery level value: 100
08-03 15:11:06.013  1813  1813 W Ptm.AbnormalObserver: ljs, in checkIsAbnormalHot, Ap_temp = 32
08-03 15:11:09.117  1535  1634 I AppManager: no high cpu load
08-03 15:11:09.484  1058  1058 I chatty  : uid=1000 system_server expire 36 lines
08-03 15:11:10.847  1058  1186 I chatty  : uid=1000(system) WifiStateMachin expire 10 lines
08-03 15:11:11.389  1374  1374 I chatty  : uid=10029(com.huawei.HwMultiScreenShot) com.android.systemui expire 40 lines
08-03 15:11:12.897  1058  1237 I chatty  : uid=1000(system) WiFiArpStateMac expire 18 lines
08-03 15:11:16.309 13285 13384 I awcn.TnetSpdySession: |[seq:23302625.AWCN1_1] ping receive Host:https://acs4public.m.taobao.com id:13
08-03 15:11:18.733 14206 14206 E XmlParser: open file:/vendor/etc/HwFrameworkNormalization.xml filed in parseXml
08-03 15:11:18.733 14206 14206 E XmlParser: parse File:/vendor/etc/HwFrameworkNormalization.xml failed
08-03 15:11:18.733 14206 14206 I libEGL  : egl_cache_t() !XML_VALUE_GETCORRECT NAME_MAXKEYSIZE
08-03 15:11:18.733 14206 14206 E XmlParser: open file:/vendor/etc/HwFrameworkNormalization.xml filed in parseXml
08-03 15:11:18.733 14206 14206 E XmlParser: parse File:/vendor/etc/HwFrameworkNormalization.xml failed
08-03 15:11:18.733 14206 14206 I libEGL  : egl_cache_t() !XML_VALUE_GETCORRECT NAME_MAXTOTLESIZE
08-03 15:11:18.733 14206 14206 I libEGL  : egl_cache_t() maxKeySize:1024  maxTotalSize:65536
08-03 15:11:18.738 14206 14206 I appproc : CLASSPATH=/system/framework/am.jar
08-03 15:11:18.738 14206 14206 I appproc : Command=app_process /system/bin com.android.commands.am.Am startservice --user 0 -n com.ccvideo/com.easemob.chat.EMChatService 
08-03 15:11:18.740 14206 14206 I AndroidRuntime: readDownloadBoosterConfig: 'false'
08-03 15:11:18.805 14206 14206 I art     : Reinit property: dalvik.vm.checkjni= false
08-03 15:11:18.817 14206 14206 I HWSERVICES: hwnative_get_component_register:libdrmbitmap,JNI
08-03 15:11:18.820 14206 14206 I Radio-JNI: register_android_hardware_Radio DONE
08-03 15:11:18.822 14206 14206 I android_hardware_fm.cpp: register_android_hardware_fm_fmradio
08-03 15:11:18.822 14206 14206 I android_hardware_fm.cpp: ========64bit long size = 8
08-03 15:11:18.822 14206 14206 I android_hardware_fm.cpp: FM: get chip type = bcm43xx
08-03 15:11:18.823 14206 14206 E fm_if.c : find the id:fm and begins to open the devices
08-03 15:11:18.823 14206 14206 I android_hardware_fm.cpp: register_android_hardware_fm_fmradio, ret is 0
08-03 15:11:20.840   568   568 E Thermal-daemon: [charger_ic] temp_new :31  temp_old :32
08-03 15:11:20.841   568   568 E Thermal-daemon: Report temperature: [charger_ic] temp :31  report_threshold:1
08-03 15:11:21.503  1058  1058 I chatty  : uid=1000 system_server expire 28 lines
08-03 15:11:24.283  7964  7976 E LockboxBrokerService: Could not query UDC's getDeviceDataUploadOptInStatus; 15 null
08-03 15:11:24.288  7964  8125 W UdcContextManagerHelper: Failure reading udc context: 15
08-03 15:11:24.288  7964  8125 W UdcContextManagerHelper: Empty context buffer. Thus might mean that the context is not synced down.
08-03 15:11:24.289  7964  8125 W GetDeviceDataUploadOptInStatusOp: Empty context model while retrieving upload opt-in status!
08-03 15:11:26.467  1374  1374 I chatty  : uid=10029(com.huawei.HwMultiScreenShot) com.android.systemui expire 76 lines
08-03 15:11:27.464  1058  1247 I chatty  : uid=1000(system) HuaweiWifiWatch expire 18 lines
08-03 15:11:28.929  1058  1237 I chatty  : uid=1000(system) WiFiArpStateMac expire 27 lines
08-03 15:11:30.196  2171  2261 I amsnl   : ar
08-03 15:11:30.198  2171  2261 I amsnl   : t:false, fl: false, p: 20000, ce: true, we: true
08-03 15:11:30.207  2171  2261 I amsnl   : m1: false
08-03 15:11:30.233  2171  2261 I amsnl   : m2: false, m3: false
08-03 15:11:30.234  2171  2261 I amsnl   : c: false, w: false, t: true, l: false
08-03 15:11:30.234  2171  2261 I amsnl   : crs
08-03 15:11:30.234  2171  2261 I amsnl   : wrs
08-03 15:11:30.267  1491  8384 W PhoneInterfaceManager: shouldBlockLocation running ...
08-03 15:11:30.267  1491  8384 I PhoneInterfaceManager: shouldBlockLocation  ret:false
08-03 15:11:30.273  1491  1964 W PhoneInterfaceManager: shouldBlockLocation running ...
08-03 15:11:30.274  1491  1964 I PhoneInterfaceManager: shouldBlockLocation  ret:false
08-03 15:11:30.278  1491  1502 W PhoneInterfaceManager: shouldBlockLocation running ...
08-03 15:11:30.278  1491  1502 I PhoneInterfaceManager: shouldBlockLocation  ret:false
08-03 15:11:30.280  2171  2261 I amsnl   : csr
08-03 15:11:30.281  2171  2261 I amsnl   : t:false, fl: false, p: 20000, ce: true, we: true
08-03 15:11:30.282  2171  2261 I amsnl   : m1: false
08-03 15:11:30.284  2171  2261 I amsnl   : m2: false, m3: false
08-03 15:11:30.284  2171  2261 I amsnl   : c: false, w: false, t: false, l: false
08-03 15:11:30.851   568   568 E Thermal-daemon: [ap] temp_new :31  temp_old :32
08-03 15:11:30.851   568   568 E Thermal-daemon: Report temperature: [ap] temp :31  report_threshold:1
08-03 15:11:31.976  1058  1186 I chatty  : uid=1000(system) WifiStateMachin expire 12 lines
08-03 15:11:32.604  2171  2261 I amsnl   : wsr
08-03 15:11:32.609  2171  2261 I amsnl   : t:false, fl: false, p: 20000, ce: true, we: true
08-03 15:11:32.613  2171  2261 I amsnl   : m1: false
08-03 15:11:32.615  2171  2261 I amsnl   : m2: false, m3: false
08-03 15:11:32.615  2171  2261 I amsnl   : rl
08-03 15:11:32.616  2171  2261 I amsnl   : c: false, w: true, t: false, l: false
08-03 15:11:32.616  2171  2261 I amsnl   : qg
08-03 15:11:32.638  2171  2261 I amsc    : same acc
08-03 15:11:32.639  2171  2261 I amsc    : gt2
08-03 15:11:32.639  2171  2261 I amsc    : found: wx4gd2z, 1501743981255
08-03 15:11:32.668  2171  2261 I amsnlp  : isConnected, isIdle: false isIgnoreBatOpt: true
08-03 15:11:32.677  2171  2261 I amsnl   : aq
08-03 15:11:32.677  2171  2261 I amsglsc : aq
08-03 15:11:32.677  2171  2261 I amsmsm  : sbrqst
08-03 15:11:32.688  2171  2250 I amsmsm  : sdmrrst
08-03 15:11:32.688  2171  2253 I amsshri : run
08-03 15:11:32.746  2171  2250 I amsmsm  : cmplt
08-03 15:11:32.749  2171  2250 I amsglsc : aql cmplt
08-03 15:11:32.749  2171  2261 I amsnl   : aqr
08-03 15:11:32.751  2171  2261 I amsc    : same acc
08-03 15:11:32.751  2171  2261 I amsc    : gt2
08-03 15:11:32.751  2171  2261 I amsc    : found: wx4gd2z, 1501743981255
08-03 15:11:32.752  2171  2261 I amsnl   : dist: 11
08-03 15:11:32.762  2171  2261 I amsnl   : t:true, fl: false, p: 20000, ce: true, we: true
08-03 15:11:32.764  2171  2261 I amsnl   : m1: false
08-03 15:11:32.766  2171  2261 I amsnl   : m2: false, m3: false
08-03 15:11:32.766  2171  2261 I amsnl   : rl
08-03 15:11:32.767  2171  2261 I amsnl   : c: false, w: true, t: false, l: true
08-03 15:11:32.767  2171  2261 I amsst   : report
08-03 15:11:32.768  2171  2261 I amsl    : now: 9948960 lastReportTime: 9916760 periodSecs: 20
08-03 15:11:32.768  2171  2261 I amsmgrnlp: [V1.9.2.3-1-2-l4a1g0p4f4v0ofalse(r)]org-n size:1 key:amsnlp
08-03 15:11:32.768  2171  2261 I amsst   : period: 20 enabled: true
08-03 15:11:32.768  2171  2171 I amsnlp  : REPORT-LOCATION
08-03 15:11:33.525  1058  1058 I chatty  : uid=1000 system_server expire 60 lines
08-03 15:11:34.136 13120 13120 I CloudAlbum[5.3.0.303]: [CGCommonStatusReceiver] CGCommonStatusReceiver, action: android.intent.action.BATTERY_CHANGED
08-03 15:11:34.148 13120 13932 I CloudAlbum[5.3.0.303]: [ReceiverManager] ReceiverManager action: android.intent.action.BATTERY_CHANGED
