08-03 15:23:16.952  1374  1374 I NetworkSpeedManagerEx:  value = 237.66667
08-03 15:23:16.955  1374  1374 I NetworkSpeedManagerEx: speed = 238B/s
08-03 15:23:16.956  1374  1374 I NetworkSpeedView: /update(), speed=238B/s parent class:class com.android.systemui.statusbar.HwSystemIcons
08-03 15:23:16.992  1374  1374 I NetworkSpeedManagerEx: mIsStop = false
08-03 15:23:16.995  1374  1374 I NetworkSpeedManagerEx:  value = 237.66667
08-03 15:23:16.998  1374  1374 I NetworkSpeedManagerEx: speed = 238B/s
08-03 15:23:16.998  1374  1374 I NetworkSpeedView: /update(), speed=238B/s parent class:class com.android.systemui.statusbar.HwSystemIcons
08-03 15:23:17.159 13285 13384 I awcn.TnetSpdySession: |[seq:23302625.AWCN1_1] ping receive Host:https://acs4public.m.taobao.com id:45
08-03 15:23:18.461  1058  1167 I chatty  : uid=1000(system) AlarmManager expire 1 line
08-03 15:23:18.467  1813  2517 W Ptm.AbnormalObserver: unhandled mesg: 4008
08-03 15:23:19.957  1374  1374 I NetworkSpeedManagerEx: mIsStop = false
08-03 15:23:19.960  1374  1374 I NetworkSpeedManagerEx:  value = 323.33334
08-03 15:23:19.963  1374  1374 I NetworkSpeedManagerEx: speed = 323B/s
08-03 15:23:19.963  1374  1374 I NetworkSpeedView: /update(), speed=323B/s parent class:class com.android.systemui.statusbar.HwSystemIcons
08-03 15:23:19.999  1374  1374 I NetworkSpeedManagerEx: mIsStop = false
08-03 15:23:20.001  1374  1374 I NetworkSpeedManagerEx:  value = 323.33334
08-03 15:23:20.002  1374  1374 I NetworkSpeedManagerEx: speed = 323B/s
08-03 15:23:20.003  1374  1374 I NetworkSpeedView: /update(), speed=323B/s parent class:class com.android.systemui.statusbar.HwSystemIcons
08-03 15:23:20.103  1058  1245 I chatty  : uid=1000(system) Thread-11 expire 10 lines
08-03 15:23:22.811  2171  2261 I amsnl   : ar
08-03 15:23:22.811  2171  2261 I amsnl   : t:false, fl: false, p: 20000, ce: true, we: true
08-03 15:23:22.815  2171  2261 I amsnl   : m1: false
08-03 15:23:22.822  2171  2261 I amsnl   : m2: false, m3: false
08-03 15:23:22.822  2171  2261 I amsnl   : c: false, w: false, t: true, l: false
08-03 15:23:22.823  2171  2261 I amsnl   : crs
08-03 15:23:22.823  2171  2261 I amsnl   : wrs
08-03 15:23:22.829  1491  8385 W PhoneInterfaceManager: shouldBlockLocation running ...
08-03 15:23:22.829  1491  8385 I PhoneInterfaceManager: shouldBlockLocation  ret:false
08-03 15:23:22.831  1058  1196 I chatty  : uid=1000(system) WifiScanningSer expire 3 lines
08-03 15:23:22.841  1491  1964 W PhoneInterfaceManager: shouldBlockLocation running ...
08-03 15:23:22.841  1491  1964 I PhoneInterfaceManager: shouldBlockLocation  ret:false
08-03 15:23:22.847  1491  8389 W PhoneInterfaceManager: shouldBlockLocation running ...
08-03 15:23:22.848  1491  8389 I PhoneInterfaceManager: shouldBlockLocation  ret:false
08-03 15:23:22.851  2171  2261 I amsnl   : csr
08-03 15:23:22.851  2171  2261 I amsnl   : t:false, fl: false, p: 20000, ce: true, we: true
08-03 15:23:22.853  2171  2261 I amsnl   : m1: false
08-03 15:23:22.856  2171  2261 I amsnl   : m2: false, m3: false
08-03 15:23:22.856  2171  2261 I amsnl   : c: false, w: false, t: false, l: false
08-03 15:23:22.967  1374  1374 I NetworkSpeedManagerEx: mIsStop = false
08-03 15:23:22.968  1374  1374 I NetworkSpeedManagerEx:  value = 348.0
08-03 15:23:22.970  1374  1374 I NetworkSpeedManagerEx: speed = 348B/s
08-03 15:23:22.970  1374  1374 I NetworkSpeedView: /update(), speed=348B/s parent class:class com.android.systemui.statusbar.HwSystemIcons
08-03 15:23:23.003  1374  1374 I NetworkSpeedManagerEx: mIsStop = false
08-03 15:23:23.004  1374  1374 I NetworkSpeedManagerEx:  value = 348.0
08-03 15:23:23.006  1374  1374 I NetworkSpeedManagerEx: speed = 348B/s
08-03 15:23:23.006  1374  1374 I NetworkSpeedView: /update(), speed=348B/s parent class:class com.android.systemui.statusbar.HwSystemIcons
08-03 15:23:24.126  1058  1058 I chatty  : uid=1000 system_server expire 30 lines
08-03 15:23:25.186  1058  1244 I chatty  : uid=1000(system) HwIntelligenceS expire 1 line
08-03 15:23:25.215  2171  2261 I amsnl   : wsr
08-03 15:23:25.222  2171  2261 I amsnl   : t:false, fl: false, p: 20000, ce: true, we: true
08-03 15:23:25.226  2171  2261 I amsnl   : m1: false
08-03 15:23:25.228  1058  1314 I chatty  : uid=1000(system) Binder:1058_4 expire 1 line
08-03 15:23:25.228  2171  2261 I amsnl   : m2: false, m3: false
08-03 15:23:25.228  2171  2261 I amsnl   : rl
08-03 15:23:25.228  1058  1295 I chatty  : uid=1000(system) Binder:1058_3 expire 1 line
08-03 15:23:25.229  2171  2261 I amsnl   : c: false, w: true, t: false, l: false
08-03 15:23:25.229  2171  2261 I amsnl   : qg
08-03 15:23:25.236  2171  2261 I amsc    : same acc
08-03 15:23:25.236  1058  1806 I chatty  : uid=1000(system) Binder:1058_C expire 1 line
08-03 15:23:25.237  1058  2490 I chatty  : uid=1000(system) Binder:1058_10 expire 1 line
08-03 15:23:25.239  2171  2261 I amsc    : gt2
08-03 15:23:25.239  2171  2261 I amsc    : found: wx4gd2z, 1501743981255
08-03 15:23:25.277  2171  2261 I amsnlp  : isConnected, isIdle: false isIgnoreBatOpt: true
08-03 15:23:25.285  2171  2261 I amsnl   : aq
08-03 15:23:25.286  2171  2261 I amsglsc : aq
08-03 15:23:25.286  2171  2261 I amsmsm  : sbrqst
08-03 15:23:25.297  2171  2250 I amsmsm  : sdmrrst
08-03 15:23:25.297  2171  2254 I amsshri : run
08-03 15:23:25.358  2171  2250 I amsmsm  : cmplt
08-03 15:23:25.359  2171  2250 I amsglsc : aql cmplt
08-03 15:23:25.360  2171  2261 I amsnl   : aqr
08-03 15:23:25.366  2171  2261 I amsc    : same acc
08-03 15:23:25.366  2171  2261 I amsc    : gt2
08-03 15:23:25.366  2171  2261 I amsc    : found: wx4gd2z, 1501743981255
08-03 15:23:25.367  2171  2261 I amsnl   : dist: 6
08-03 15:23:25.378  2171  2261 I amsnl   : t:true, fl: false, p: 20000, ce: true, we: true
08-03 15:23:25.380  2171  2261 I amsnl   : m1: false
08-03 15:23:25.382  2171  2261 I amsnl   : m2: false, m3: false
08-03 15:23:25.382  2171  2261 I amsnl   : rl
08-03 15:23:25.382  2171  2261 I amsnl   : c: false, w: true, t: false, l: true
08-03 15:23:25.383  2171  2261 I amsst   : report
08-03 15:23:25.383  2171  2261 I amsl    : now: 10661576 lastReportTime: 10639176 periodSecs: 20
08-03 15:23:25.384  2171  2261 I amsmgrnlp: [V1.9.2.3-1-2-l4a1g0p4f4v0ofalse(r)]org-n size:1 key:amsnlp
08-03 15:23:25.384  2171  2171 I amsnlp  : REPORT-LOCATION
08-03 15:23:25.384  2171  2261 I amsst   : period: 20 enabled: true
08-03 15:23:25.386  1058  1488 I chatty  : uid=1000(system) LocationThread expire 2 lines
08-03 15:23:25.971  1374  1374 I NetworkSpeedManagerEx: mIsStop = false
08-03 15:23:25.974  1374  1374 I NetworkSpeedManagerEx:  value = 1054.0
08-03 15:23:25.977  1374  1374 I NetworkSpeedManagerEx: speed = 1K/s
08-03 15:23:25.977  1374  1374 I NetworkSpeedView: /update(), speed=1K/s parent class:class com.android.systemui.statusbar.HwSystemIcons
08-03 15:23:26.007  1374  1374 I NetworkSpeedManagerEx: mIsStop = false
08-03 15:23:26.010  1374  1374 I NetworkSpeedManagerEx:  value = 1054.0
08-03 15:23:26.013  1374  1374 I NetworkSpeedManagerEx: speed = 1K/s
08-03 15:23:26.013  1374  1374 I NetworkSpeedView: /update(), speed=1K/s parent class:class com.android.systemui.statusbar.HwSystemIcons
08-03 15:23:28.122  1058  1247 I chatty  : uid=1000(system) HuaweiWifiWatch expire 15 lines
08-03 15:23:28.979  1374  1374 I NetworkSpeedManagerEx: mIsStop = false
08-03 15:23:28.980  1374  1374 I NetworkSpeedManagerEx:  value = 189.66667
08-03 15:23:28.982  1374  1374 I NetworkSpeedManagerEx: speed = 190B/s
08-03 15:23:28.982  1374  1374 I NetworkSpeedView: /update(), speed=190B/s parent class:class com.android.systemui.statusbar.HwSystemIcons
08-03 15:23:29.013  1374  1374 I NetworkSpeedManagerEx: mIsStop = false
08-03 15:23:29.016  1374  1374 I NetworkSpeedManagerEx:  value = 189.66667
08-03 15:23:29.019  1374  1374 I NetworkSpeedManagerEx: speed = 190B/s
08-03 15:23:29.019  1374  1374 I NetworkSpeedView: /update(), speed=190B/s parent class:class com.android.systemui.statusbar.HwSystemIcons
08-03 15:23:29.885  1058  1237 I chatty  : uid=1000(system) WiFiArpStateMac expire 16 lines
08-03 15:23:31.554   568   568 E Thermal-daemon: [ap] temp_new :31  temp_old :30
08-03 15:23:31.554   568   568 E Thermal-daemon: Report temperature: [ap] temp :31  report_threshold:1
08-03 15:23:31.985  1374  1374 I NetworkSpeedManagerEx: mIsStop = false
08-03 15:23:31.988  1374  1374 I NetworkSpeedManagerEx:  value = 426.66666
08-03 15:23:31.993  1374  1374 I NetworkSpeedManagerEx: speed = 427B/s
08-03 15:23:31.993  1374  1374 I NetworkSpeedView: /update(), speed=427B/s parent class:class com.android.systemui.statusbar.HwSystemIcons
08-03 15:23:32.020  1374  1374 I NetworkSpeedManagerEx: mIsStop = false
08-03 15:23:32.026  1374  1374 I NetworkSpeedManagerEx:  value = 426.66666
08-03 15:23:32.030  1374  1374 I NetworkSpeedManagerEx: speed = 427B/s
08-03 15:23:32.030  1374  1374 I NetworkSpeedView: /update(), speed=427B/s parent class:class com.android.systemui.statusbar.HwSystemIcons
08-03 15:23:34.996  1374  1374 I NetworkSpeedManagerEx: mIsStop = false
08-03 15:23:35.000  1374  1374 I NetworkSpeedManagerEx:  value = 599.0
08-03 15:23:35.002  1374  1374 I NetworkSpeedManagerEx: speed = 599B/s
08-03 15:23:35.003  1374  1374 I NetworkSpeedView: /update(), speed=599B/s parent class:class com.android.systemui.statusbar.HwSystemIcons
08-03 15:23:35.031  1374  1374 I NetworkSpeedManagerEx: mIsStop = false
08-03 15:23:35.033  1374  1374 I NetworkSpeedManagerEx:  value = 599.0
08-03 15:23:35.036  1374  1374 I NetworkSpeedManagerEx: speed = 599B/s
08-03 15:23:35.036  1374  1374 I NetworkSpeedView: /update(), speed=599B/s parent class:class com.android.systemui.statusbar.HwSystemIcons
08-03 15:23:35.275  1058  1078 I chatty  : uid=1000(system) android.fg expire 1 line
08-03 15:23:36.126  1058  1186 I chatty  : uid=1000(system) WifiStateMachin expire 10 lines
08-03 15:23:36.136  1058  1058 I chatty  : uid=1000 system_server expire 32 lines
08-03 15:23:36.809 13464 13564 I tnet-jni: 292 - [spdyPingRecvCallback] - 
08-03 15:23:36.810 13464 13564 I tnet-jni: 292 - [SpdySessionCallBack.spdyPingRecvCallback] - org.android.spdy.SpdySession@24a25c8
08-03 15:23:38.004  1374  1374 I NetworkSpeedManagerEx: mIsStop = false
08-03 15:23:38.007  1374  1374 I NetworkSpeedManagerEx:  value = 121.666664
08-03 15:23:38.009  1374  1374 I NetworkSpeedManagerEx: speed = 122B/s
08-03 15:23:38.009  1374  1374 I NetworkSpeedView: /update(), speed=122B/s parent class:class com.android.systemui.statusbar.HwSystemIcons
08-03 15:23:38.037  1374  1374 I NetworkSpeedManagerEx: mIsStop = false
08-03 15:23:38.038  1374  1374 I NetworkSpeedManagerEx:  value = 121.666664
08-03 15:23:38.040  1374  1374 I NetworkSpeedManagerEx: speed = 122B/s
08-03 15:23:38.040  1374  1374 I NetworkSpeedView: /update(), speed=122B/s parent class:class com.android.systemui.statusbar.HwSystemIcons
08-03 15:23:39.811 13120 13138 I AppLogManager: PrintWoker poll timeout , shutdown
08-03 15:23:40.096  1374  1374 W KeyguardUpdateMonitor: ACTION_BATTERY_CHANGED AMP: 0; Volt: 0
08-03 15:23:40.109 13120 13120 I CloudAlbum[5.3.0.303]: [CGCommonStatusReceiver] CGCommonStatusReceiver, action: android.intent.action.BATTERY_CHANGED
08-03 15:23:40.112 13120 17041 I CloudAlbum[5.3.0.303]: [ReceiverManager] ReceiverManager action: android.intent.action.BATTERY_CHANGED
08-03 15:23:40.113 13120 17041 E CloudAlbum[5.3.0.303]: [ReceiverManager] not log on ignore
08-03 15:23:40.121  1813  1813 I Ptm.AbnormalObserver: current battery level value: 100
08-03 15:23:40.126  1813  1813 W Ptm.AbnormalObserver: ljs, in checkIsAbnormalHot, Ap_temp = 30
08-03 15:23:40.134  1374  1374 W KeyguardUpdateMonitor: ChargingSpeed  Wattage: -1 ST: 5000000 --> 7500000
08-03 15:23:40.134  1374  1374 I KgBattery: BatteryInfo updated:  5lPC-1
08-03 15:23:40.134  1374  1374 W AppHandler: sendMessage with obj100
08-03 15:23:40.147  1374  1374 W HwLockScreenPanel: refreshBatteryInfo: null
08-03 15:23:40.147  1374  1374 W HwLockScreenPanel: Handle message: 100
08-03 15:23:41.010  1374  1374 I NetworkSpeedManagerEx: mIsStop = false
08-03 15:23:41.013  1374  1374 I NetworkSpeedManagerEx:  value = 146.0
08-03 15:23:41.016  1374  1374 I NetworkSpeedManagerEx: speed = 146B/s
08-03 15:23:41.016  1374  1374 I NetworkSpeedView: /update(), speed=146B/s parent class:class com.android.systemui.statusbar.HwSystemIcons
08-03 15:23:41.041  1374  1374 I NetworkSpeedManagerEx: mIsStop = false
08-03 15:23:41.043  1374  1374 I NetworkSpeedManagerEx:  value = 146.0
08-03 15:23:41.047  1374  1374 I NetworkSpeedManagerEx: speed = 146B/s
08-03 15:23:41.047  1374  1374 I NetworkSpeedView: /update(), speed=146B/s parent class:class com.android.systemui.statusbar.HwSystemIcons
08-03 15:23:42.824  2171  2261 I amsnl   : ar
08-03 15:23:42.826  2171  2261 I amsnl   : t:false, fl: false, p: 20000, ce: true, we: true
08-03 15:23:42.837  2171  2261 I amsnl   : m1: false
08-03 15:23:42.857  2171  2261 I amsnl   : m2: false, m3: false
08-03 15:23:42.859  2171  2261 I amsnl   : c: false, w: true, t: true, l: false
08-03 15:23:42.860  2171  2261 I amsnl   : crs
08-03 15:23:42.860  2171  2261 I amsnl   : qg
08-03 15:23:42.873  2171  2261 I amsc    : same acc
08-03 15:23:42.873  2171  2261 I amsc    : gt2
08-03 15:23:42.873  2171  2261 I amsc    : found: wx4gd2z, 1501743981255
08-03 15:23:42.890  2171  2261 I amsnl   : uc
08-03 15:23:42.892  2171  2261 I amsnl   : report_loc:ODtbr4MKkiipA2NUkIEujewHzLh9n3AmT62Cke51vh8skjeXUwh0JmzjdYpmA7KUV+DyntBR7XVO
08-03 15:23:42.892  2171  2261 I amsnl   : dzA9j435+BIa4Ea6VL43bmoFo89bjJsLzFdb0gvAjMbsgUy4FMH6KDSo3k8xJmCVqpfK+JV55TGc
08-03 15:23:42.892  2171  2261 I amsnl   : xUYri6xzS0gVf9WO5MSDBd/c/jfW/1ptWH/kja5zPfzq8uqOCU+kXmP/IsNT+UdqLhQgXjJRHR6l
08-03 15:23:42.892  2171  2261 I amsnl   : dJ+/pt2siyLYwC2Nf5KGrEmOhLhPmU/pEByimnZkUJdiRZgytA
08-03 15:23:42.893  2171  2261 I amsst   : report
08-03 15:23:42.894  2171  2261 I amsl    : now: 10679087 lastReportTime: 10661576 periodSecs: 20
08-03 15:23:42.894  2171  2261 I amsl    : igore too fast report!
08-03 15:23:42.895  2171  2261 I amsst   : period: 20 enabled: true
08-03 15:23:42.900  1491  1504 W PhoneInterfaceManager: shouldBlockLocation running ...
08-03 15:23:42.900  1491  1504 I PhoneInterfaceManager: shouldBlockLocation  ret:false
08-03 15:23:42.911  1491  1502 W PhoneInterfaceManager: shouldBlockLocation running ...
08-03 15:23:42.911  1491  1502 I PhoneInterfaceManager: shouldBlockLocation  ret:false
08-03 15:23:42.929  1491  1728 W PhoneInterfaceManager: shouldBlockLocation running ...
08-03 15:23:42.929  1491  1728 I PhoneInterfaceManager: shouldBlockLocation  ret:false
08-03 15:23:42.932  2171  2261 I amsnl   : csr
08-03 15:23:42.932  2171  2261 I amsnl   : t:false, fl: false, p: 20000, ce: true, we: true
08-03 15:23:42.934  2171  2261 I amsnl   : m1: false
08-03 15:23:42.937  2171  2261 I amsnl   : m2: false, m3: false
08-03 15:23:42.937  2171  2261 I amsnl   : rl
08-03 15:23:42.937  2171  2261 I amsnl   : c: false, w: true, t: false, l: false
08-03 15:23:44.018  1374  1374 I NetworkSpeedManagerEx: mIsStop = false
08-03 15:23:44.020  1374  1374 I NetworkSpeedManagerEx:  value = 272.66666
08-03 15:23:44.021  1374  1374 I NetworkSpeedManagerEx: speed = 273B/s
08-03 15:23:44.021  1374  1374 I NetworkSpeedView: /update(), speed=273B/s parent class:class com.android.systemui.statusbar.HwSystemIcons
08-03 15:23:44.048  1374  1374 I NetworkSpeedManagerEx: mIsStop = false
08-03 15:23:44.050  1374  1374 I NetworkSpeedManagerEx:  value = 272.66666
08-03 15:23:44.052  1374  1374 I NetworkSpeedManagerEx: speed = 273B/s
08-03 15:23:44.052  1374  1374 I NetworkSpeedView: /update(), speed=273B/s parent class:class com.android.systemui.statusbar.HwSystemIcons
08-03 15:23:44.127  1058  1245 I chatty  : uid=1000(system) Thread-11 expire 8 lines
08-03 15:23:44.912  1058  1237 I chatty  : uid=1000(system) WiFiArpStateMac expire 16 lines
08-03 15:23:47.026  1374  1374 I NetworkSpeedManagerEx: mIsStop = false
08-03 15:23:47.030  1374  1374 I NetworkSpeedManagerEx:  value = 2664.6667
08-03 15:23:47.036  1374  1374 I NetworkSpeedManagerEx: speed = 2.6K/s
08-03 15:23:47.036  1374  1374 I NetworkSpeedView: /update(), speed=2.6K/s parent class:class com.android.systemui.statusbar.HwSystemIcons
08-03 15:23:47.064  1374  1374 I NetworkSpeedManagerEx: mIsStop = false
08-03 15:23:47.070  1374  1374 I NetworkSpeedManagerEx:  value = 2664.6667
08-03 15:23:47.075  1374  1374 I NetworkSpeedManagerEx: speed = 2.6K/s
08-03 15:23:47.076  1374  1374 I NetworkSpeedView: /update(), speed=2.6K/s parent class:class com.android.systemui.statusbar.HwSystemIcons
08-03 15:23:48.168  1058  1058 I chatty  : uid=1000 system_server expire 28 lines
08-03 15:23:50.040  1374  1374 I NetworkSpeedManagerEx: mIsStop = false
08-03 15:23:50.042  1374  1374 I NetworkSpeedManagerEx:  value = 223.66667
08-03 15:23:50.044  1374  1374 I NetworkSpeedManagerEx: speed = 224B/s
08-03 15:23:50.044  1374  1374 I NetworkSpeedView: /update(), speed=224B/s parent class:class com.android.systemui.statusbar.HwSystemIcons
08-03 15:23:50.077  1374  1374 I NetworkSpeedManagerEx: mIsStop = false
08-03 15:23:50.080  1374  1374 I NetworkSpeedManagerEx:  value = 223.66667
08-03 15:23:50.082  1374  1374 I NetworkSpeedManagerEx: speed = 224B/s
08-03 15:23:50.082  1374  1374 I NetworkSpeedView: /update(), speed=224B/s parent class:class com.android.systemui.statusbar.HwSystemIcons
08-03 15:23:52.148  1058  1247 I chatty  : uid=1000(system) HuaweiWifiWatch expire 6 lines
08-03 15:23:53.048  1374  1374 I NetworkSpeedManagerEx: mIsStop = false
08-03 15:23:53.052  1374  1374 I NetworkSpeedManagerEx:  value = 161.66667
08-03 15:23:53.057  1374  1374 I NetworkSpeedManagerEx: speed = 162B/s
08-03 15:23:53.057  1374  1374 I NetworkSpeedView: /update(), speed=162B/s parent class:class com.android.systemui.statusbar.HwSystemIcons
08-03 15:23:53.084  1374  1374 I NetworkSpeedManagerEx: mIsStop = false
08-03 15:23:53.090  1374  1374 I NetworkSpeedManagerEx:  value = 161.66667
08-03 15:23:53.094  1374  1374 I NetworkSpeedManagerEx: speed = 162B/s
08-03 15:23:53.095  1374  1374 I NetworkSpeedView: /update(), speed=162B/s parent class:class com.android.systemui.statusbar.HwSystemIcons
08-03 15:23:56.060  1374  1374 I NetworkSpeedManagerEx: mIsStop = false
08-03 15:23:56.064  1374  1374 I NetworkSpeedManagerEx:  value = 427.0
08-03 15:23:56.069  1374  1374 I NetworkSpeedManagerEx: speed = 427B/s
08-03 15:23:56.069  1374  1374 I NetworkSpeedView: /update(), speed=427B/s parent class:class com.android.systemui.statusbar.HwSystemIcons
08-03 15:23:56.099  1374  1374 I NetworkSpeedManagerEx: mIsStop = false
08-03 15:23:56.103  1374  1374 I NetworkSpeedManagerEx:  value = 427.0
08-03 15:23:56.110  1374  1374 I NetworkSpeedManagerEx: speed = 427B/s
08-03 15:23:56.110  1374  1374 I NetworkSpeedView: /update(), speed=427B/s parent class:class com.android.systemui.statusbar.HwSystemIcons
08-03 15:23:56.590   568   568 E Thermal-daemon: [ap] temp_new :30  temp_old :31
08-03 15:23:56.590   568   568 E Thermal-daemon: Report temperature: [ap] temp :30  report_threshold:1
08-03 15:23:57.313  1058  1186 I chatty  : uid=1000(system) WifiStateMachin expire 10 lines
08-03 15:23:59.074  1374  1374 I NetworkSpeedManagerEx: mIsStop = false
08-03 15:23:59.076  1374  1374 I NetworkSpeedManagerEx:  value = 346.66666
08-03 15:23:59.077  1374  1374 I NetworkSpeedManagerEx: speed = 347B/s
08-03 15:23:59.077  1374  1374 I NetworkSpeedView: /update(), speed=347B/s parent class:class com.android.systemui.statusbar.HwSystemIcons
08-03 15:23:59.111  1374  1374 I NetworkSpeedManagerEx: mIsStop = false
08-03 15:23:59.113  1374  1374 I NetworkSpeedManagerEx:  value = 346.66666
08-03 15:23:59.116  1374  1374 I NetworkSpeedManagerEx: speed = 347B/s
08-03 15:23:59.116  1374  1374 I NetworkSpeedView: /update(), speed=347B/s parent class:class com.android.systemui.statusbar.HwSystemIcons
08-03 15:24:00.029  1374  1374 I EventCenter: EventCenter Get :android.intent.action.TIME_TICK
08-03 15:24:00.038  1374  1374 W ResourceType: Failure getting entry for 0xffffffff (t=254 e=65535) (error -2147483647)
08-03 15:24:00.038  1374  1374 E DateLunarView: mDateString is: 8月3日星期四
08-03 15:24:00.040  1374  1374 W ResourceType: Failure getting entry for 0xffffffff (t=254 e=65535) (error -2147483647)
08-03 15:24:00.040  1374  1374 E DateLunarView: mDateString is: 8月3日星期四
08-03 15:24:00.048  2201  2201 I HwLauncher: Model  onReceive intent=Intent { act=android.intent.action.TIME_TICK flg=0x50000014 (has extras) }
08-03 15:24:00.049  2201  2201 I HwLauncher: Model  onReceive user=UserHandle{0}
08-03 15:24:00.057  2201  2201 I TotemWeather: WeatherDataObserver info:receive action = #Intent;action=android.intent.action.TIME_TICK;launchFlags=0x50000014;i.android.intent.extra.ALARM_COUNT=1;end
08-03 15:24:00.065  2201  2201 I HwLauncher: ClockDynamicUpdater date changed begin
08-03 15:24:00.065  2201  2201 I HwLauncher: ClockDynamicUpdater date changed end
08-03 15:24:00.066  2201  2358 E HwLauncher: SettingsEx , no such field.
08-03 15:24:00.066  2201  2358 W HwLauncher: Clock getDataFormat the getSystemString failed.
08-03 15:24:00.068  2201  2358 I HwLauncher: ClockDynamicUpdater clock update folder at ClockDynamicUpdater
08-03 15:24:00.068  2201  2358 I HwLauncher: DynamicUpdater updateBitmap end and send update message
08-03 15:24:00.068  2201  2201 I HwLauncher: DynamicUpdater call updateFolder
08-03 15:24:00.084  2201  2201 I HwLauncher: CalenderDynamicUpdater date changed begin
08-03 15:24:00.084  2201  2201 I HwLauncher: CalenderDynamicUpdater date changed end
08-03 15:24:00.108  2201  2201 I TotemWeather: DateTimeView info:onTimeChanged
08-03 15:24:00.108  2201  2201 I TotemWeather: DateTimeView info:updateNextData nextTime: 0
08-03 15:24:00.108  2201  2201 I TotemWeather: DateTimeView info:onTimeChanged
08-03 15:24:00.108  2201  2201 I TotemWeather: DateTimeView info:updateNextData nextTime: 0
08-03 15:24:00.113  2201  2201 I TotemWeather: DateTimeView info:,Time =3:24,[:] timezone=中国标准时间
08-03 15:24:00.117  2201  2201 I TotemWeather: DateTimeView info:updateNextData nextTime: 60884
08-03 15:24:00.144  1058  1058 I chatty  : uid=1000 system_server expire 34 lines
08-03 15:24:00.144  1058  1247 I chatty  : uid=1000(system) HuaweiWifiWatch expire 12 lines
08-03 15:24:00.144  1058  1245 I chatty  : uid=1000(system) Thread-11 expire 12 lines
08-03 15:24:00.147  1058  3170 I chatty  : uid=1000(system) MobileQosDetect expire 5 lines
08-03 15:24:00.988  1058  1237 I chatty  : uid=1000(system) WiFiArpStateMac expire 15 lines
08-03 15:24:01.598   568   568 E Thermal-daemon: [flash_led] temp_new :31  temp_old :30
08-03 15:24:01.599   568   568 E Thermal-daemon: Report temperature: [flash_led] temp :31  report_threshold:1
08-03 15:24:02.083  1374  1374 I NetworkSpeedManagerEx: mIsStop = false
08-03 15:24:02.088  1374  1374 I NetworkSpeedManagerEx:  value = 359.0
08-03 15:24:02.092  1374  1374 I NetworkSpeedManagerEx: speed = 359B/s
08-03 15:24:02.092  1374  1374 I NetworkSpeedView: /update(), speed=359B/s parent class:class com.android.systemui.statusbar.HwSystemIcons
08-03 15:24:02.118  1374  1374 I NetworkSpeedManagerEx: mIsStop = false
08-03 15:24:02.123  1374  1374 I NetworkSpeedManagerEx:  value = 359.0
08-03 15:24:02.129  1374  1374 I NetworkSpeedManagerEx: speed = 359B/s
08-03 15:24:02.129  1374  1374 I NetworkSpeedView: /update(), speed=359B/s parent class:class com.android.systemui.statusbar.HwSystemIcons
08-03 15:24:02.209 13285 13384 I awcn.TnetSpdySession: |[seq:23302625.AWCN1_1] ping receive Host:https://acs4public.m.taobao.com id:47
08-03 15:24:02.835  2171  2261 I amsnl   : ar
08-03 15:24:02.837  2171  2261 I amsnl   : t:false, fl: false, p: 20000, ce: true, we: true
08-03 15:24:02.847  2171  2261 I amsnl   : m1: false
08-03 15:24:02.863  2171  2261 I amsnl   : m2: false, m3: false
08-03 15:24:02.865  2171  2261 I amsnl   : c: false, w: true, t: true, l: false
08-03 15:24:02.866  2171  2261 I amsnl   : crs
08-03 15:24:02.867  2171  2261 I amsnl   : qg
08-03 15:24:02.891  2171  2261 I amsc    : same acc
08-03 15:24:02.893  2171  2261 I amsc    : gt2
08-03 15:24:02.893  2171  2261 I amsc    : found: wx4gd2z, 1501743981255
08-03 15:24:02.925  2171  2261 I amsnlp  : isConnected, isIdle: false isIgnoreBatOpt: true
08-03 15:24:02.963  2171  2261 I amsnl   : aq
08-03 15:24:02.965  2171  2261 I amsglsc : aq
08-03 15:24:02.966  2171  2261 I amsmsm  : sbrqst
08-03 15:24:02.978  2171  2250 I amsmsm  : sdmrrst
08-03 15:24:02.981  2171  2255 I amsshri : run
08-03 15:24:02.984  1491  8390 W PhoneInterfaceManager: shouldBlockLocation running ...
08-03 15:24:02.986  1491  8390 I PhoneInterfaceManager: shouldBlockLocation  ret:false
08-03 15:24:03.014  1491  3318 W PhoneInterfaceManager: shouldBlockLocation running ...
08-03 15:24:03.016  1491  3318 I PhoneInterfaceManager: shouldBlockLocation  ret:false
08-03 15:24:03.052  1491  1964 W PhoneInterfaceManager: shouldBlockLocation running ...
08-03 15:24:03.053  1491  1964 I PhoneInterfaceManager: shouldBlockLocation  ret:false
08-03 15:24:03.056  2171  2250 I amsmsm  : cmplt
08-03 15:24:03.059  2171  2250 I amsglsc : aql cmplt
08-03 15:24:03.060  2171  2261 I amsnl   : csr
08-03 15:24:03.060  2171  2261 I amsnl   : t:false, fl: false, p: 20000, ce: true, we: true
08-03 15:24:03.067  2171  2261 I amsnl   : m1: false
08-03 15:24:03.072  2171  2261 I amsnl   : m2: false, m3: false
08-03 15:24:03.073  2171  2261 I amsnl   : rl
08-03 15:24:03.073  2171  2261 I amsnl   : c: false, w: true, t: false, l: false
08-03 15:24:03.076  2171  2261 I amsnl   : aqr
08-03 15:24:03.079  2171  2261 I amsc    : same acc
08-03 15:24:03.081  2171  2261 I amsc    : gt2
08-03 15:24:03.082  2171  2261 I amsc    : found: wx4gd2z, 1501743981255
08-03 15:24:03.082  2171  2261 I amsnl   : dist: 6
08-03 15:24:03.095  2171  2261 I amsnl   : t:true, fl: false, p: 20000, ce: true, we: true
08-03 15:24:03.098  2171  2261 I amsnl   : m1: false
08-03 15:24:03.100  2171  2261 I amsnl   : m2: false, m3: false
08-03 15:24:03.101  2171  2261 I amsnl   : rl
08-03 15:24:03.101  2171  2261 I amsnl   : c: false, w: true, t: false, l: true
08-03 15:24:03.101  2171  2261 I amsst   : report
08-03 15:24:03.103  2171  2261 I amsl    : now: 10699295 lastReportTime: 10661576 periodSecs: 20
08-03 15:24:03.103  2171  2261 I amsmgrnlp: [V1.9.2.3-1-2-l4a1g0p4f4v0ofalse(r)]org-n size:1 key:amsnlp
08-03 15:24:03.104  2171  2171 I amsnlp  : REPORT-LOCATION
08-03 15:24:03.106  2171  2261 I amsst   : period: 20 enabled: true
08-03 15:24:03.107  1058  1488 I chatty  : uid=1000(system) LocationThread expire 2 lines
08-03 15:24:05.094  1374  1374 I NetworkSpeedManagerEx: mIsStop = false
08-03 15:24:05.098  1374  1374 I NetworkSpeedManagerEx:  value = 3290.6667
08-03 15:24:05.102  1374  1374 I NetworkSpeedManagerEx: speed = 3.2K/s
08-03 15:24:05.102  1374  1374 I NetworkSpeedView: /update(), speed=3.2K/s parent class:class com.android.systemui.statusbar.HwSystemIcons
08-03 15:24:05.130  1374  1374 I NetworkSpeedManagerEx: mIsStop = false
08-03 15:24:05.135  1374  1374 I NetworkSpeedManagerEx:  value = 3290.6667
08-03 15:24:05.140  1374  1374 I NetworkSpeedManagerEx: speed = 3.2K/s
08-03 15:24:05.140  1374  1374 I NetworkSpeedView: /update(), speed=3.2K/s parent class:class com.android.systemui.statusbar.HwSystemIcons
08-03 15:24:05.145  1058  1167 I chatty  : uid=1000(system) AlarmManager expire 1 line
08-03 15:24:05.149  1813  1825 W Ptm.AbnormalObserver: unhandled mesg: 4008
08-03 15:24:05.158  1058  1196 I chatty  : uid=1000(system) WifiScanningSer expire 6 lines
08-03 15:24:05.275  1058  1078 I chatty  : uid=1000(system) android.fg expire 1 line
08-03 15:24:06.608   568   568 E Thermal-daemon: [flash_led] temp_new :30  temp_old :31
08-03 15:24:06.609   568   568 E Thermal-daemon: Report temperature: [flash_led] temp :30  report_threshold:1
08-03 15:24:08.108  1374  1374 I NetworkSpeedManagerEx: mIsStop = false
08-03 15:24:08.113  1374  1374 I NetworkSpeedManagerEx:  value = 120.0
08-03 15:24:08.117  1374  1374 I NetworkSpeedManagerEx: speed = 120B/s
08-03 15:24:08.118  1374  1374 I NetworkSpeedView: /update(), speed=120B/s parent class:class com.android.systemui.statusbar.HwSystemIcons
08-03 15:24:08.156  1374  1374 I NetworkSpeedManagerEx: mIsStop = false
08-03 15:24:08.165  1374  1374 I NetworkSpeedManagerEx:  value = 120.0
08-03 15:24:08.171  1374  1374 I NetworkSpeedManagerEx: speed = 120B/s
08-03 15:24:08.171  1374  1374 I NetworkSpeedView: /update(), speed=120B/s parent class:class com.android.systemui.statusbar.HwSystemIcons
08-03 15:24:10.259  1374  1374 W KeyguardUpdateMonitor: ACTION_BATTERY_CHANGED AMP: 0; Volt: 0
08-03 15:24:10.260  1374  1374 W KeyguardUpdateMonitor: ChargingSpeed  Wattage: -1 ST: 5000000 --> 7500000
08-03 15:24:10.260  1374  1374 I KgBattery: BatteryInfo updated:  5lPC-1
08-03 15:24:10.260  1374  1374 W AppHandler: sendMessage with obj100
08-03 15:24:10.272 13120 13120 I CloudAlbum[5.3.0.303]: [CGCommonStatusReceiver] CGCommonStatusReceiver, action: android.intent.action.BATTERY_CHANGED
08-03 15:24:10.276  1374  1374 W HwLockScreenPanel: refreshBatteryInfo: null
08-03 15:24:10.276  1374  1374 W HwLockScreenPanel: Handle message: 100
08-03 15:24:10.276 13120 17041 I CloudAlbum[5.3.0.303]: [ReceiverManager] ReceiverManager action: android.intent.action.BATTERY_CHANGED
08-03 15:24:10.277 13120 17041 E CloudAlbum[5.3.0.303]: [ReceiverManager] not log on ignore
08-03 15:24:10.301  1813  1813 I Ptm.AbnormalObserver: current battery level value: 100
08-03 15:24:10.302  1813  1813 W Ptm.AbnormalObserver: ljs, in checkIsAbnormalHot, Ap_temp = 30
08-03 15:24:11.120  1374  1374 I NetworkSpeedManagerEx: mIsStop = false
08-03 15:24:11.123  1374  1374 I NetworkSpeedManagerEx:  value = 101.0
08-03 15:24:11.126  1374  1374 I NetworkSpeedManagerEx: speed = 101B/s
08-03 15:24:11.127  1374  1374 I NetworkSpeedView: /update(), speed=101B/s parent class:class com.android.systemui.statusbar.HwSystemIcons
08-03 15:24:11.172  1374  1374 I NetworkSpeedManagerEx: mIsStop = false
08-03 15:24:11.175  1374  1374 I NetworkSpeedManagerEx:  value = 101.0
08-03 15:24:11.178  1374  1374 I NetworkSpeedManagerEx: speed = 101B/s
08-03 15:24:11.178  1374  1374 I NetworkSpeedView: /update(), speed=101B/s parent class:class com.android.systemui.statusbar.HwSystemIcons
08-03 15:24:11.614   568   568 E Thermal-daemon: [flash_led] temp_new :31  temp_old :30
08-03 15:24:11.614   568   568 E Thermal-daemon: Report temperature: [flash_led] temp :31  report_threshold:1
08-03 15:24:12.218  1058  1058 I chatty  : uid=1000 system_server expire 28 lines
08-03 15:24:14.129  1374  1374 I NetworkSpeedManagerEx: mIsStop = false
08-03 15:24:14.132  1374  1374 I NetworkSpeedManagerEx:  value = 1213.3334
08-03 15:24:14.138  1374  1374 I NetworkSpeedManagerEx: speed = 1.2K/s
08-03 15:24:14.138  1374  1374 I NetworkSpeedView: /update(), speed=1.2K/s parent class:class com.android.systemui.statusbar.HwSystemIcons
08-03 15:24:14.179  1374  1374 I NetworkSpeedManagerEx: mIsStop = false
08-03 15:24:14.180  1374  1374 I NetworkSpeedManagerEx:  value = 1213.3334
08-03 15:24:14.182  1374  1374 I NetworkSpeedManagerEx: speed = 1.2K/s
08-03 15:24:14.182  1374  1374 I NetworkSpeedView: /update(), speed=1.2K/s parent class:class com.android.systemui.statusbar.HwSystemIcons
08-03 15:24:15.416  1058  1186 I chatty  : uid=1000(system) WifiStateMachin expire 7 lines
08-03 15:24:16.020  1058  1237 I chatty  : uid=1000(system) WiFiArpStateMac expire 8 lines
08-03 15:24:16.178  1058  1247 I chatty  : uid=1000(system) HuaweiWifiWatch expire 15 lines
08-03 15:24:17.141  1374  1374 I NetworkSpeedManagerEx: mIsStop = false
08-03 15:24:17.145  1374  1374 I NetworkSpeedManagerEx:  value = 156.66667
08-03 15:24:17.147  1374  1374 I NetworkSpeedManagerEx: speed = 157B/s
08-03 15:24:17.148  1374  1374 I NetworkSpeedView: /update(), speed=157B/s parent class:class com.android.systemui.statusbar.HwSystemIcons
08-03 15:24:17.183  1374  1374 I NetworkSpeedManagerEx: mIsStop = false
08-03 15:24:17.186  1374  1374 I NetworkSpeedManagerEx:  value = 156.66667
08-03 15:24:17.188  1374  1374 I NetworkSpeedManagerEx: speed = 157B/s
08-03 15:24:17.188  1374  1374 I NetworkSpeedView: /update(), speed=157B/s parent class:class com.android.systemui.statusbar.HwSystemIcons
08-03 15:24:20.148  1374  1374 I NetworkSpeedManagerEx: mIsStop = false
08-03 15:24:20.151  1374  1374 I NetworkSpeedManagerEx:  value = 1095.6666
08-03 15:24:20.154  1374  1374 I NetworkSpeedManagerEx: speed = 1.1K/s
08-03 15:24:20.155  1374  1374 I NetworkSpeedView: /update(), speed=1.1K/s parent class:class com.android.systemui.statusbar.HwSystemIcons
08-03 15:24:20.189  1374  1374 I NetworkSpeedManagerEx: mIsStop = false
08-03 15:24:20.191  1374  1374 I NetworkSpeedManagerEx:  value = 1095.6666
08-03 15:24:20.194  1374  1374 I NetworkSpeedManagerEx: speed = 1.1K/s
08-03 15:24:20.195  1374  1374 I NetworkSpeedView: /update(), speed=1.1K/s parent class:class com.android.systemui.statusbar.HwSystemIcons
08-03 15:24:21.633   568   568 E Thermal-daemon: [flash_led] temp_new :30  temp_old :31
08-03 15:24:21.633   568   568 E Thermal-daemon: Report temperature: [flash_led] temp :30  report_threshold:1
08-03 15:24:21.845  1058  2199 I chatty  : uid=1000(system) Binder:1058_E expire 2 lines
08-03 15:24:21.848  1058  2489 I chatty  : uid=1000(system) Binder:1058_F expire 3 lines
08-03 15:24:22.848  2171  2261 I amsnl   : ar
08-03 15:24:22.850  2171  2261 I amsnl   : t:false, fl: false, p: 20000, ce: true, we: true
08-03 15:24:22.860  2171  2261 I amsnl   : m1: false
08-03 15:24:22.876  2171  2261 I amsnl   : m2: false, m3: false
08-03 15:24:22.878  2171  2261 I amsnl   : c: false, w: false, t: true, l: false
08-03 15:24:22.878  2171  2261 I amsnl   : crs
08-03 15:24:22.879  2171  2261 I amsnl   : wrs
08-03 15:24:22.900  1491  1504 W PhoneInterfaceManager: shouldBlockLocation running ...
08-03 15:24:22.901  1491  1504 I PhoneInterfaceManager: shouldBlockLocation  ret:false
08-03 15:24:22.930  1491  1502 W PhoneInterfaceManager: shouldBlockLocation running ...
08-03 15:24:22.931  1491  1502 I PhoneInterfaceManager: shouldBlockLocation  ret:false
08-03 15:24:22.951  1491  1728 W PhoneInterfaceManager: shouldBlockLocation running ...
08-03 15:24:22.952  1491  1728 I PhoneInterfaceManager: shouldBlockLocation  ret:false
08-03 15:24:22.963  2171  2261 I amsnl   : csr
08-03 15:24:22.965  2171  2261 I amsnl   : t:false, fl: false, p: 20000, ce: true, we: true
08-03 15:24:22.972  2171  2261 I amsnl   : m1: false
08-03 15:24:22.980  2171  2261 I amsnl   : m2: false, m3: false
08-03 15:24:22.981  2171  2261 I amsnl   : c: false, w: false, t: false, l: false
08-03 15:24:23.156  1374  1374 I NetworkSpeedManagerEx: mIsStop = false
08-03 15:24:23.159  1374  1374 I NetworkSpeedManagerEx:  value = 1089.6666
08-03 15:24:23.162  1374  1374 I NetworkSpeedManagerEx: speed = 1.1K/s
08-03 15:24:23.163  1374  1374 I NetworkSpeedView: /update(), speed=1.1K/s parent class:class com.android.systemui.statusbar.HwSystemIcons
08-03 15:24:23.196  1374  1374 I NetworkSpeedManagerEx: mIsStop = false
08-03 15:24:23.199  1374  1374 I NetworkSpeedManagerEx:  value = 1089.6666
08-03 15:24:23.202  1374  1374 I NetworkSpeedManagerEx: speed = 1.1K/s
08-03 15:24:23.202  1374  1374 I NetworkSpeedView: /update(), speed=1.1K/s parent class:class com.android.systemui.statusbar.HwSystemIcons
08-03 15:24:24.187  1058  1058 I chatty  : uid=1000 system_server expire 9 lines
08-03 15:24:24.188  1058  1245 I chatty  : uid=1000(system) Thread-11 expire 4 lines
08-03 15:24:25.214  1058  1244 I chatty  : uid=1000(system) HwIntelligenceS expire 1 line
08-03 15:24:25.232  2171  2261 I amsnl   : wsr
08-03 15:24:25.235  1058  1323 I chatty  : uid=1000(system) Binder:1058_5 expire 5 lines
08-03 15:24:25.237  1058  1776 I chatty  : uid=1000(system) Binder:1058_8 expire 4 lines
08-03 15:24:25.245  2171  2261 I amsnl   : t:false, fl: false, p: 20000, ce: true, we: true
08-03 15:24:25.249  2171  2261 I amsnl   : m1: false
08-03 15:24:25.257  1058  1804 I chatty  : uid=1000(system) Binder:1058_B expire 4 lines
08-03 15:24:25.259  2171  2261 I amsnl   : m2: false, m3: false
08-03 15:24:25.259  2171  2261 I amsnl   : rl
08-03 15:24:25.259  2171  2261 I amsnl   : c: false, w: true, t: false, l: false
08-03 15:24:25.260  2171  2261 I amsnl   : qg
08-03 15:24:25.268  2171  2261 I amsc    : same acc
08-03 15:24:25.269  2171  2261 I amsc    : gt2
08-03 15:24:25.269  2171  2261 I amsc    : found: wx4gd2z, 1501743981255
08-03 15:24:25.271  1058  2169 I chatty  : uid=1000(system) Binder:1058_D expire 3 lines
08-03 15:24:25.272  1058  7416 I chatty  : uid=1000(system) Binder:1058_11 expire 4 lines
08-03 15:24:25.283  1058  1563 I chatty  : uid=1000(system) Binder:1058_7 expire 2 lines
08-03 15:24:25.297  1058  1802 I chatty  : uid=1000(system) Binder:1058_9 expire 2 lines
08-03 15:24:25.298  1058  1069 I chatty  : uid=1000(system) Binder:1058_2 expire 3 lines
08-03 15:24:25.303  1058  1803 I chatty  : uid=1000(system) Binder:1058_A expire 3 lines
08-03 15:24:25.304  1058  1068 I chatty  : uid=1000(system) Binder:1058_1 expire 2 lines
08-03 15:24:25.307  2171  2261 I amsnlp  : isConnected, isIdle: false isIgnoreBatOpt: true
08-03 15:24:25.317  2171  2261 I amsnl   : aq
08-03 15:24:25.318  2171  2261 I amsglsc : aq
08-03 15:24:25.318  2171  2261 I amsmsm  : sbrqst
08-03 15:24:25.329  2171  2250 I amsmsm  : sdmrrst
08-03 15:24:25.329  2171  2254 I amsshri : run
08-03 15:24:25.331  1058  2490 I chatty  : uid=1000(system) Binder:1058_10 expire 2 lines
08-03 15:24:25.338  1058  1295 I chatty  : uid=1000(system) Binder:1058_3 expire 2 lines
08-03 15:24:25.383  1058  1330 I chatty  : uid=1000(system) Binder:1058_6 expire 1 line
08-03 15:24:25.389  2171  2250 I amsmsm  : cmplt
08-03 15:24:25.390  2171  2250 I amsglsc : aql cmplt
08-03 15:24:25.391  2171  2261 I amsnl   : aqr
08-03 15:24:25.393  2171  2261 I amsc    : same acc
08-03 15:24:25.393  2171  2261 I amsc    : gt2
08-03 15:24:25.393  2171  2261 I amsc    : found: wx4gd2z, 1501743981255
08-03 15:24:25.393  2171  2261 I amsnl   : dist: 5
08-03 15:24:25.398  1058  1806 I chatty  : uid=1000(system) Binder:1058_C expire 1 line
08-03 15:24:25.399  1058  1803 I chatty  : uid=1000(system) Binder:1058_A expire 1 line
08-03 15:24:25.405  1058  2169 I chatty  : uid=1000(system) Binder:1058_D expire 1 line
08-03 15:24:25.405  1058  1314 I chatty  : uid=1000(system) Binder:1058_4 expire 1 line
08-03 15:24:25.411  1058  2490 I chatty  : uid=1000(system) Binder:1058_10 expire 1 line
08-03 15:24:25.412  1058  7416 I chatty  : uid=1000(system) Binder:1058_11 expire 1 line
08-03 15:24:25.418  1058  1295 I chatty  : uid=1000(system) Binder:1058_3 expire 1 line
08-03 15:24:25.418  1058  1804 I chatty  : uid=1000(system) Binder:1058_B expire 1 line
08-03 15:24:25.424  2171  2261 I amsnl   : t:true, fl: false, p: 20000, ce: true, we: true
08-03 15:24:25.426  2171  2261 I amsnl   : m1: false
08-03 15:24:25.427  2171  2261 I amsnl   : m2: false, m3: false
08-03 15:24:25.427  2171  2261 I amsnl   : rl
08-03 15:24:25.428  2171  2261 I amsnl   : c: false, w: true, t: false, l: true
08-03 15:24:25.428  2171  2261 I amsst   : report
08-03 15:24:25.429  2171  2261 I amsl    : now: 10721621 lastReportTime: 10699295 periodSecs: 20
08-03 15:24:25.429  2171  2261 I amsmgrnlp: [V1.9.2.3-1-2-l4a1g0p4f4v0ofalse(r)]org-n size:1 key:amsnlp
08-03 15:24:25.430  2171  2261 I amsst   : period: 20 enabled: true
08-03 15:24:25.430  2171  2171 I amsnlp  : REPORT-LOCATION
08-03 15:24:25.433  1058  1488 I chatty  : uid=1000(system) LocationThread expire 2 lines
08-03 15:24:26.164  1374  1374 I NetworkSpeedManagerEx: mIsStop = false
08-03 15:24:26.167  1374  1374 I NetworkSpeedManagerEx:  value = 1611.0
08-03 15:24:26.170  1374  1374 I NetworkSpeedManagerEx: speed = 1.6K/s
08-03 15:24:26.170  1374  1374 I NetworkSpeedView: /update(), speed=1.6K/s parent class:class com.android.systemui.statusbar.HwSystemIcons
08-03 15:24:26.203  1374  1374 I NetworkSpeedManagerEx: mIsStop = false
08-03 15:24:26.206  1374  1374 I NetworkSpeedManagerEx:  value = 1611.0
08-03 15:24:26.209  1374  1374 I NetworkSpeedManagerEx: speed = 1.6K/s
08-03 15:24:26.209  1374  1374 I NetworkSpeedView: /update(), speed=1.6K/s parent class:class com.android.systemui.statusbar.HwSystemIcons
08-03 15:24:26.247  1058  1058 I chatty  : uid=1000 system_server expire 30 lines
08-03 15:24:26.641   568   568 E Thermal-daemon: [flash_led] temp_new :31  temp_old :30
08-03 15:24:26.642   568   568 E Thermal-daemon: Report temperature: [flash_led] temp :31  report_threshold:1
08-03 15:24:26.643   568   568 E Thermal-daemon: [ap] temp_new :31  temp_old :30
08-03 15:24:26.643   568   568 E Thermal-daemon: Report temperature: [ap] temp :31  report_threshold:1
08-03 15:24:27.029  1058  1237 I chatty  : uid=1000(system) WiFiArpStateMac expire 16 lines
08-03 15:24:27.496  1058  1186 I chatty  : uid=1000(system) WifiStateMachin expire 7 lines
08-03 15:24:29.171  1374  1374 I NetworkSpeedManagerEx: mIsStop = false
08-03 15:24:29.174  1374  1374 I NetworkSpeedManagerEx:  value = 307.0
08-03 15:24:29.176  1374  1374 I NetworkSpeedManagerEx: speed = 307B/s
08-03 15:24:29.176  1374  1374 I NetworkSpeedView: /update(), speed=307B/s parent class:class com.android.systemui.statusbar.HwSystemIcons
08-03 15:24:29.210  1374  1374 I NetworkSpeedManagerEx: mIsStop = false
08-03 15:24:29.211  1374  1374 I NetworkSpeedManagerEx:  value = 307.0
08-03 15:24:29.213  1374  1374 I NetworkSpeedManagerEx: speed = 307B/s
08-03 15:24:29.214  1374  1374 I NetworkSpeedView: /update(), speed=307B/s parent class:class com.android.systemui.statusbar.HwSystemIcons
08-03 15:24:32.176  1058  1247 I chatty  : uid=1000(system) HuaweiWifiWatch expire 9 lines
08-03 15:24:32.176  1058  1245 I chatty  : uid=1000(system) Thread-11 expire 6 lines
08-03 15:24:32.177  1374  1374 I NetworkSpeedManagerEx: mIsStop = false
08-03 15:24:32.180  1374  1374 I NetworkSpeedManagerEx:  value = 155.0
08-03 15:24:32.183  1374  1374 I NetworkSpeedManagerEx: speed = 155B/s
08-03 15:24:32.183  1374  1374 I NetworkSpeedView: /update(), speed=155B/s parent class:class com.android.systemui.statusbar.HwSystemIcons
08-03 15:24:32.187  1058  3170 I chatty  : uid=1000(system) MobileQosDetect expire 2 lines
08-03 15:24:32.214  1374  1374 I NetworkSpeedManagerEx: mIsStop = false
08-03 15:24:32.218  1374  1374 I NetworkSpeedManagerEx:  value = 155.0
08-03 15:24:32.220  1374  1374 I NetworkSpeedManagerEx: speed = 155B/s
08-03 15:24:32.221  1374  1374 I NetworkSpeedView: /update(), speed=155B/s parent class:class com.android.systemui.statusbar.HwSystemIcons
08-03 15:24:35.188  1374  1374 I NetworkSpeedManagerEx: mIsStop = false
08-03 15:24:35.191  1374  1374 I NetworkSpeedManagerEx:  value = 458.0
08-03 15:24:35.194  1374  1374 I NetworkSpeedManagerEx: speed = 458B/s
08-03 15:24:35.194  1374  1374 I NetworkSpeedView: /update(), speed=458B/s parent class:class com.android.systemui.statusbar.HwSystemIcons
08-03 15:24:35.221  1374  1374 I NetworkSpeedManagerEx: mIsStop = false
08-03 15:24:35.224  1374  1374 I NetworkSpeedManagerEx:  value = 458.0
08-03 15:24:35.227  1374  1374 I NetworkSpeedManagerEx: speed = 458B/s
08-03 15:24:35.228  1374  1374 I NetworkSpeedView: /update(), speed=458B/s parent class:class com.android.systemui.statusbar.HwSystemIcons
08-03 15:24:35.276  1058  1078 I chatty  : uid=1000(system) android.fg expire 1 line
08-03 15:24:38.201  1374  1374 I NetworkSpeedManagerEx: mIsStop = false
08-03 15:24:38.206  1374  1374 I NetworkSpeedManagerEx:  value = 225.66667
08-03 15:24:38.211  1374  1374 I NetworkSpeedManagerEx: speed = 226B/s
08-03 15:24:38.211  1374  1374 I NetworkSpeedView: /update(), speed=226B/s parent class:class com.android.systemui.statusbar.HwSystemIcons
08-03 15:24:38.227  1374  1374 I NetworkSpeedManagerEx: mIsStop = false
08-03 15:24:38.233  1374  1374 I NetworkSpeedManagerEx:  value = 225.66667
08-03 15:24:38.239  1374  1374 I NetworkSpeedManagerEx: speed = 226B/s
08-03 15:24:38.239  1374  1374 I NetworkSpeedView: /update(), speed=226B/s parent class:class com.android.systemui.statusbar.HwSystemIcons
08-03 15:24:38.274  1058  1058 I chatty  : uid=1000 system_server expire 27 lines
08-03 15:24:40.416  1374  1374 W KeyguardUpdateMonitor: ACTION_BATTERY_CHANGED AMP: 0; Volt: 0
08-03 15:24:40.429  1374  1374 W KeyguardUpdateMonitor: ChargingSpeed  Wattage: -1 ST: 5000000 --> 7500000
08-03 15:24:40.429  1374  1374 I KgBattery: BatteryInfo updated:  5lPC-1
08-03 15:24:40.430  1374  1374 W AppHandler: sendMessage with obj100
08-03 15:24:40.436 13120 13120 I CloudAlbum[5.3.0.303]: [CGCommonStatusReceiver] CGCommonStatusReceiver, action: android.intent.action.BATTERY_CHANGED
08-03 15:24:40.443 13120 17041 I CloudAlbum[5.3.0.303]: [ReceiverManager] ReceiverManager action: android.intent.action.BATTERY_CHANGED
08-03 15:24:40.445 13120 17041 E CloudAlbum[5.3.0.303]: [ReceiverManager] not log on ignore
08-03 15:24:40.446  1813  1813 I Ptm.AbnormalObserver: current battery level value: 100
08-03 15:24:40.451  1813  1813 W Ptm.AbnormalObserver: ljs, in checkIsAbnormalHot, Ap_temp = 30
08-03 15:24:40.462  1374  1374 W HwLockScreenPanel: refreshBatteryInfo: null
08-03 15:24:40.462  1374  1374 W HwLockScreenPanel: Handle message: 100
08-03 15:24:41.214  1374  1374 I NetworkSpeedManagerEx: mIsStop = false
08-03 15:24:41.219  1374  1374 I NetworkSpeedManagerEx:  value = 357.66666
08-03 15:24:41.224  1374  1374 I NetworkSpeedManagerEx: speed = 358B/s
08-03 15:24:41.224  1374  1374 I NetworkSpeedView: /update(), speed=358B/s parent class:class com.android.systemui.statusbar.HwSystemIcons
08-03 15:24:41.251  1374  1374 I NetworkSpeedManagerEx: mIsStop = false
08-03 15:24:41.257  1374  1374 I NetworkSpeedManagerEx:  value = 357.66666
08-03 15:24:41.262  1374  1374 I NetworkSpeedManagerEx: speed = 358B/s
08-03 15:24:41.262  1374  1374 I NetworkSpeedView: /update(), speed=358B/s parent class:class com.android.systemui.statusbar.HwSystemIcons
08-03 15:24:42.127  1058  1237 I chatty  : uid=1000(system) WiFiArpStateMac expire 12 lines
08-03 15:24:42.622  1058  1186 I chatty  : uid=1000(system) WifiStateMachin expire 11 lines
08-03 15:24:42.862  2171  2261 I amsnl   : ar
08-03 15:24:42.864  2171  2261 I amsnl   : t:false, fl: false, p: 20000, ce: true, we: true
08-03 15:24:42.874  2171  2261 I amsnl   : m1: false
08-03 15:24:42.893  2171  2261 I amsnl   : m2: false, m3: false
08-03 15:24:42.893  2171  2261 I amsnl   : c: false, w: true, t: true, l: false
08-03 15:24:42.894  2171  2261 I amsnl   : crs
08-03 15:24:42.894  2171  2261 I amsnl   : qg
08-03 15:24:42.903  2171  2261 I amsc    : same acc
08-03 15:24:42.904  2171  2261 I amsc    : gt2
08-03 15:24:42.904  2171  2261 I amsc    : found: wx4gd2z, 1501743981255
08-03 15:24:42.918  2171  2261 I amsnl   : uc
08-03 15:24:42.920  2171  2261 I amsnl   : report_loc:ODtbr4MKkiipA2NUkIEujewHzLh9n3AmT62Cke51vh8skjeXUwh0JmzjdYpmA7KUc1n3Tp0DS0fR
08-03 15:24:42.920  2171  2261 I amsnl   : qiFbMtuYPHiRQ5snan1j91kJm2nZ9ik+FkfQBe1bPgBQ8OsZXYu34N7Lruv/oTkfRZJgao4nlIFG
08-03 15:24:42.920  2171  2261 I amsnl   : tw8zvZrkETaQSxks0lJa5EtWe1YAOAB6BX+Z/rmH7ViQRhtW+lZ8PG/yIK3k+OVnEowrHJBu8RVW
08-03 15:24:42.920  2171  2261 I amsnl   : 87Y828HB3xRcsyKTBVtxOqBU2eokJKACJUmdDjyrrmlOo+y43g
08-03 15:24:42.920  2171  2261 I amsst   : report
08-03 15:24:42.921  2171  2261 I amsl    : now: 10739114 lastReportTime: 10721621 periodSecs: 20
08-03 15:24:42.922  2171  2261 I amsl    : igore too fast report!
08-03 15:24:42.922  2171  2261 I amsst   : period: 20 enabled: true
08-03 15:24:42.927  1491  1504 W PhoneInterfaceManager: shouldBlockLocation running ...
08-03 15:24:42.927  1491  1504 I PhoneInterfaceManager: shouldBlockLocation  ret:false
08-03 15:24:42.933  1491  1502 W PhoneInterfaceManager: shouldBlockLocation running ...
08-03 15:24:42.934  1491  1502 I PhoneInterfaceManager: shouldBlockLocation  ret:false
08-03 15:24:42.939  1491  1728 W PhoneInterfaceManager: shouldBlockLocation running ...
08-03 15:24:42.939  1491  1728 I PhoneInterfaceManager: shouldBlockLocation  ret:false
08-03 15:24:42.941  2171  2261 I amsnl   : csr
08-03 15:24:42.941  2171  2261 I amsnl   : t:false, fl: false, p: 20000, ce: true, we: true
08-03 15:24:42.943  2171  2261 I amsnl   : m1: false
08-03 15:24:42.944  2171  2261 I amsnl   : m2: false, m3: false
08-03 15:24:42.944  2171  2261 I amsnl   : rl
08-03 15:24:42.945  2171  2261 I amsnl   : c: false, w: true, t: false, l: false
08-03 15:24:43.859  1813  1813 W PTM.PeriodCheckManager: getPeriodCheckStatsInfo
08-03 15:24:43.862  1813  1813 W PTM.PeriodCheckManager: getPeriodCheckStatsInfo:powergenie_mode=2; backlight=2109; discharging=0; system_h=30; pa_0=29; soc_thermal=33; gpu=32; CpuFreqBig=1306000; CpuFreqlittle=807000; DDRFreq=360000000; GpuFreq=360000000; 
08-03 15:24:43.862  1813  1813 W PTM.PeriodCheckManager: mPeriodHanlder start
08-03 15:24:43.890  1813  1813 W PTM.PeriodCheckManager: enter the sendData func.
08-03 15:24:43.890  1813  1813 W PTM.PeriodCheckManager: sendData ready!
08-03 15:24:43.893  1813  1813 I iMonitor: create: 903001011
08-03 15:24:43.904  1813  1813 I iMonitor: send: 903001011
08-03 15:24:43.905   584  1053 I logserver: handle_exception_events enter
08-03 15:24:43.906  1813  1813 W PTM.PeriodCheckManager: mSendService start
08-03 15:24:43.931  1813  1838 E LogCollectService: illegal eventid
08-03 15:24:44.226  1374  1374 I NetworkSpeedManagerEx: mIsStop = false
08-03 15:24:44.229  1374  1374 I NetworkSpeedManagerEx:  value = 222.33333
08-03 15:24:44.232  1374  1374 I NetworkSpeedManagerEx: speed = 222B/s
08-03 15:24:44.232  1374  1374 I NetworkSpeedView: /update(), speed=222B/s parent class:class com.android.systemui.statusbar.HwSystemIcons
08-03 15:24:44.263  1374  1374 I NetworkSpeedManagerEx: mIsStop = false
08-03 15:24:44.266  1374  1374 I NetworkSpeedManagerEx:  value = 222.33333
08-03 15:24:44.269  1374  1374 I NetworkSpeedManagerEx: speed = 222B/s
