08-03 15:20:21.712  1058  1323 I chatty  : uid=1000(system) Binder:1058_5 expire 4 lines
08-03 15:20:21.714  1058  7416 I chatty  : uid=1000(system) Binder:1058_11 expire 6 lines
08-03 15:20:23.249  1058  1237 I chatty  : uid=1000(system) WiFiArpStateMac expire 15 lines
08-03 15:20:24.833  1058  1067 I chatty  : uid=1000(system) HeapTaskDaemon expire 2 lines
08-03 15:20:31.965  1058  1247 I chatty  : uid=1000(system) HuaweiWifiWatch expire 18 lines
08-03 15:20:32.381  2171  2261 I amsnl   : ar
08-03 15:20:32.386  2171  2261 I amsnl   : t:false, fl: false, p: 20000, ce: true, we: true
08-03 15:20:32.395  2171  2261 I amsnl   : m1: false
08-03 15:20:32.409  2171  2261 I amsnl   : m2: false, m3: false
08-03 15:20:32.411  2171  2261 I amsnl   : c: false, w: false, t: true, l: false
08-03 15:20:32.412  2171  2261 I amsnl   : crs
08-03 15:20:32.412  2171  2261 I amsnl   : wrs
08-03 15:20:32.428  1058  1196 I chatty  : uid=1000(system) WifiScanningSer expire 3 lines
08-03 15:20:32.439  1491  1502 W PhoneInterfaceManager: shouldBlockLocation running ...
08-03 15:20:32.440  1491  1502 I PhoneInterfaceManager: shouldBlockLocation  ret:false
08-03 15:20:32.450  1491  8389 W PhoneInterfaceManager: shouldBlockLocation running ...
08-03 15:20:32.450  1491  8389 I PhoneInterfaceManager: shouldBlockLocation  ret:false
08-03 15:20:32.458  1491  1504 W PhoneInterfaceManager: shouldBlockLocation running ...
08-03 15:20:32.459  1491  1504 I PhoneInterfaceManager: shouldBlockLocation  ret:false
08-03 15:20:32.463  2171  2261 I amsnl   : csr
08-03 15:20:32.463  2171  2261 I amsnl   : t:false, fl: false, p: 20000, ce: true, we: true
08-03 15:20:32.466  2171  2261 I amsnl   : m1: false
08-03 15:20:32.468  2171  2261 I amsnl   : m2: false, m3: false
08-03 15:20:32.468  2171  2261 I amsnl   : c: false, w: false, t: false, l: false
08-03 15:20:34.348  1374  1374 I chatty  : uid=10029(com.huawei.HwMultiScreenShot) com.android.systemui expire 41 lines
08-03 15:20:34.772  1058  1186 I chatty  : uid=1000(system) WifiStateMachin expire 12 lines
08-03 15:20:34.774  1058  1244 I chatty  : uid=1000(system) HwIntelligenceS expire 1 line
08-03 15:20:34.796  1058  2169 I chatty  : uid=1000(system) Binder:1058_D expire 7 lines
08-03 15:20:34.797  1058  1803 I chatty  : uid=1000(system) Binder:1058_A expire 6 lines
08-03 15:20:34.798  2171  2261 I amsnl   : wsr
08-03 15:20:34.802  2171  2261 I amsnl   : t:false, fl: false, p: 20000, ce: true, we: true
08-03 15:20:34.806  2171  2261 I amsnl   : m1: false
08-03 15:20:34.808  1058  1776 I chatty  : uid=1000(system) Binder:1058_8 expire 5 lines
08-03 15:20:34.809  1058  1330 I chatty  : uid=1000(system) Binder:1058_6 expire 5 lines
08-03 15:20:34.810  2171  2261 I amsnl   : m2: false, m3: false
08-03 15:20:34.810  2171  2261 I amsnl   : rl
08-03 15:20:34.811  2171  2261 I amsnl   : c: false, w: true, t: false, l: false
08-03 15:20:34.811  2171  2261 I amsnl   : qg
08-03 15:20:34.818  1058  1563 I chatty  : uid=1000(system) Binder:1058_7 expire 3 lines
08-03 15:20:34.819  1058  1295 I chatty  : uid=1000(system) Binder:1058_3 expire 4 lines
08-03 15:20:34.825  2171  2261 I amsc    : same acc
08-03 15:20:34.825  2171  2261 I amsc    : gt2
08-03 15:20:34.826  2171  2261 I amsc    : found: wx4gd2z, 1501743981255
08-03 15:20:34.836  1058  1806 I chatty  : uid=1000(system) Binder:1058_C expire 3 lines
08-03 15:20:34.837  1058  1314 I chatty  : uid=1000(system) Binder:1058_4 expire 5 lines
08-03 15:20:34.844  1058  1802 I chatty  : uid=1000(system) Binder:1058_9 expire 3 lines
08-03 15:20:34.851  1058  2199 I chatty  : uid=1000(system) Binder:1058_E expire 4 lines
08-03 15:20:34.852  1058  2490 I chatty  : uid=1000(system) Binder:1058_10 expire 4 lines
08-03 15:20:34.859  1058  1804 I chatty  : uid=1000(system) Binder:1058_B expire 4 lines
08-03 15:20:34.865  1058  1069 I chatty  : uid=1000(system) Binder:1058_2 expire 2 lines
08-03 15:20:34.865  1058  1068 I chatty  : uid=1000(system) Binder:1058_1 expire 4 lines
08-03 15:20:34.872  2171  2261 I amsnlp  : isConnected, isIdle: false isIgnoreBatOpt: true
08-03 15:20:34.884  2171  2261 I amsnl   : aq
08-03 15:20:34.884  2171  2261 I amsglsc : aq
08-03 15:20:34.885  2171  2261 I amsmsm  : sbrqst
08-03 15:20:34.896  2171  2250 I amsmsm  : sdmrrst
08-03 15:20:34.896  2171  2253 I amsshri : run
08-03 15:20:34.902  1058  2489 I chatty  : uid=1000(system) Binder:1058_F expire 3 lines
08-03 15:20:34.956  2171  2250 I amsmsm  : cmplt
08-03 15:20:34.957  2171  2250 I amsglsc : aql cmplt
08-03 15:20:34.957  2171  2261 I amsnl   : aqr
08-03 15:20:34.959  2171  2261 I amsc    : same acc
08-03 15:20:34.960  2171  2261 I amsc    : gt2
08-03 15:20:34.960  2171  2261 I amsc    : found: wx4gd2z, 1501743981255
08-03 15:20:34.960  2171  2261 I amsnl   : dist: 5
08-03 15:20:35.000  2171  2261 I amsnl   : t:true, fl: false, p: 20000, ce: true, we: true
08-03 15:20:35.002  2171  2261 I amsnl   : m1: false
08-03 15:20:35.003  2171  2261 I amsnl   : m2: false, m3: false
08-03 15:20:35.003  2171  2261 I amsnl   : rl
08-03 15:20:35.004  2171  2261 I amsnl   : c: false, w: true, t: false, l: true
08-03 15:20:35.004  2171  2261 I amsst   : report
08-03 15:20:35.005  2171  2261 I amsl    : now: 10491198 lastReportTime: 10468731 periodSecs: 20
08-03 15:20:35.005  2171  2261 I amsmgrnlp: [V1.9.2.3-1-2-l4a1g0p4f4v0ofalse(r)]org-n size:1 key:amsnlp
08-03 15:20:35.006  2171  2171 I amsnlp  : REPORT-LOCATION
08-03 15:20:35.006  2171  2261 I amsst   : period: 20 enabled: true
08-03 15:20:35.008  1058  1488 I chatty  : uid=1000(system) LocationThread expire 4 lines
08-03 15:20:35.269  1058  1078 I chatty  : uid=1000(system) android.fg expire 1 line
08-03 15:20:36.753  1058  1058 I chatty  : uid=1000 system_server expire 39 lines
08-03 15:20:38.290  1058  1237 I chatty  : uid=1000(system) WiFiArpStateMac expire 17 lines
08-03 15:20:39.978  1058  1245 I chatty  : uid=1000(system) Thread-11 expire 12 lines
08-03 15:20:43.784  1813  1813 W PTM.PeriodCheckManager: getPeriodCheckStatsInfo
08-03 15:20:43.788  1813  1813 W PTM.PeriodCheckManager: getPeriodCheckStatsInfo:powergenie_mode=2; backlight=2109; discharging=0; system_h=30; pa_0=29; soc_thermal=33; gpu=32; CpuFreqBig=480000; CpuFreqlittle=807000; DDRFreq=533000000; GpuFreq=360000000; 
08-03 15:20:43.788  1813  1813 W PTM.PeriodCheckManager: mPeriodHanlder start
08-03 15:20:43.813  1813  1813 W PTM.PeriodCheckManager: enter the sendData func.
08-03 15:20:43.814  1813  1813 W PTM.PeriodCheckManager: sendData ready!
08-03 15:20:43.816  1813  1813 I iMonitor: create: 903001011
08-03 15:20:43.823  1813  1813 I iMonitor: send: 903001011
08-03 15:20:43.823   584  1053 I logserver: handle_exception_events enter
08-03 15:20:43.823  1813  1813 W PTM.PeriodCheckManager: mSendService start
08-03 15:20:43.844  1813  1838 E LogCollectService: illegal eventid
08-03 15:20:44.107  1058  1167 I chatty  : uid=1000(system) AlarmManager expire 1 line
08-03 15:20:44.113  1813  1825 W Ptm.AbnormalObserver: unhandled mesg: 4008
08-03 15:20:44.233  4805 12961 I PushLog2824: [SocketRead_15:05:43-445]received a msg cmdId:DB(android/null:-1)
08-03 15:20:44.253  4805 12961 I PushLog2824: [SocketRead_15:05:43-445]broadcast(),and mReceivers  4(android/null:-1)
08-03 15:20:49.394  1374  1374 I NetworkSpeedManagerEx:  value = 343.66666
08-03 15:20:49.396  1374  1374 I NetworkSpeedManagerEx: speed = 344B/s
08-03 15:20:49.396  1374  1374 I NetworkSpeedView: /update(), speed=344B/s parent class:class com.android.systemui.statusbar.HwSystemIcons
08-03 15:20:49.435  1374  1374 I NetworkSpeedManagerEx: mIsStop = false
08-03 15:20:49.438  1374  1374 I NetworkSpeedManagerEx:  value = 343.66666
08-03 15:20:49.441  1374  1374 I NetworkSpeedManagerEx: speed = 344B/s
08-03 15:20:49.441  1374  1374 I NetworkSpeedView: /update(), speed=344B/s parent class:class com.android.systemui.statusbar.HwSystemIcons
08-03 15:20:50.792  1058  1058 I chatty  : uid=1000 system_server expire 28 lines
08-03 15:20:52.401  1374  1374 I NetworkSpeedManagerEx: mIsStop = false
08-03 15:20:52.406  1374  1374 I NetworkSpeedManagerEx:  value = 316.33334
08-03 15:20:52.410  1374  1374 I NetworkSpeedManagerEx: speed = 316B/s
08-03 15:20:52.410  1374  1374 I NetworkSpeedView: /update(), speed=316B/s parent class:class com.android.systemui.statusbar.HwSystemIcons
08-03 15:20:52.442  1374  1374 I NetworkSpeedManagerEx: mIsStop = false
08-03 15:20:52.446  1374  1374 I NetworkSpeedManagerEx:  value = 316.33334
08-03 15:20:52.450  1374  1374 I NetworkSpeedManagerEx: speed = 316B/s
08-03 15:20:52.451  1374  1374 I NetworkSpeedView: /update(), speed=316B/s parent class:class com.android.systemui.statusbar.HwSystemIcons
08-03 15:20:54.348  1058  1237 I chatty  : uid=1000(system) WiFiArpStateMac expire 11 lines
08-03 15:20:55.412  1374  1374 I NetworkSpeedManagerEx: mIsStop = false
08-03 15:20:55.415  1374  1374 I NetworkSpeedManagerEx:  value = 427.0
08-03 15:20:55.418  1374  1374 I NetworkSpeedManagerEx: speed = 427B/s
08-03 15:20:55.418  1374  1374 I NetworkSpeedView: /update(), speed=427B/s parent class:class com.android.systemui.statusbar.HwSystemIcons
08-03 15:20:55.452  1374  1374 I NetworkSpeedManagerEx: mIsStop = false
08-03 15:20:55.455  1374  1374 I NetworkSpeedManagerEx:  value = 520.6667
08-03 15:20:55.458  1374  1374 I NetworkSpeedManagerEx: speed = 521B/s
08-03 15:20:55.458  1374  1374 I NetworkSpeedView: /update(), speed=521B/s parent class:class com.android.systemui.statusbar.HwSystemIcons
08-03 15:20:55.979  1058  1247 I chatty  : uid=1000(system) HuaweiWifiWatch expire 7 lines
08-03 15:20:56.649 13464 13564 I tnet-jni: 292 - [spdyPingRecvCallback] - 
08-03 15:20:56.649 13464 13564 I tnet-jni: 292 - [SpdySessionCallBack.spdyPingRecvCallback] - org.android.spdy.SpdySession@24a25c8
08-03 15:20:58.206  2171  2261 I amsnl   : ar
08-03 15:20:58.208  2171  2261 I amsnl   : t:false, fl: false, p: 20000, ce: true, we: true
08-03 15:20:58.219  2171  2261 I amsnl   : m1: false
08-03 15:20:58.227  2171  2261 I amsnl   : m2: false, m3: false
08-03 15:20:58.228  2171  2261 I amsnl   : c: false, w: true, t: true, l: false
08-03 15:20:58.228  2171  2261 I amsnl   : crs
08-03 15:20:58.229  2171  2261 I amsnl   : qg
08-03 15:20:58.252  2171  2261 I amsc    : same acc
08-03 15:20:58.252  2171  2261 I amsc    : gt2
08-03 15:20:58.252  2171  2261 I amsc    : found: wx4gd2z, 1501743981255
08-03 15:20:58.276  2171  2261 I amsnlp  : isConnected, isIdle: false isIgnoreBatOpt: true
08-03 15:20:58.286  2171  2261 I amsnl   : aq
08-03 15:20:58.286  2171  2261 I amsglsc : aq
08-03 15:20:58.286  2171  2261 I amsmsm  : sbrqst
08-03 15:20:58.290  1491  8390 W PhoneInterfaceManager: shouldBlockLocation running ...
08-03 15:20:58.290  1491  8390 I PhoneInterfaceManager: shouldBlockLocation  ret:false
08-03 15:20:58.295  1491  1964 W PhoneInterfaceManager: shouldBlockLocation running ...
08-03 15:20:58.295  1491  1964 I PhoneInterfaceManager: shouldBlockLocation  ret:false
08-03 15:20:58.296  2171  2250 I amsmsm  : sdmrrst
08-03 15:20:58.297  2171  2254 I amsshri : run
08-03 15:20:58.300  1491  3318 W PhoneInterfaceManager: shouldBlockLocation running ...
08-03 15:20:58.301  1491  3318 I PhoneInterfaceManager: shouldBlockLocation  ret:false
08-03 15:20:58.303  2171  2261 I amsnl   : csr
08-03 15:20:58.304  2171  2261 I amsnl   : t:false, fl: false, p: 20000, ce: true, we: true
08-03 15:20:58.305  2171  2261 I amsnl   : m1: false
08-03 15:20:58.307  2171  2261 I amsnl   : m2: false, m3: false
08-03 15:20:58.307  2171  2261 I amsnl   : rl
08-03 15:20:58.308  2171  2261 I amsnl   : c: false, w: true, t: false, l: false
08-03 15:20:58.383  2171  2250 I amsmsm  : cmplt
08-03 15:20:58.385  2171  2250 I amsglsc : aql cmplt
08-03 15:20:58.386  2171  2261 I amsnl   : aqr
08-03 15:20:58.388  2171  2261 I amsc    : same acc
08-03 15:20:58.388  2171  2261 I amsc    : gt2
08-03 15:20:58.388  2171  2261 I amsc    : found: wx4gd2z, 1501743981255
08-03 15:20:58.388  2171  2261 I amsnl   : dist: 5
08-03 15:20:58.398  2171  2261 I amsnl   : t:true, fl: false, p: 20000, ce: true, we: true
08-03 15:20:58.400  2171  2261 I amsnl   : m1: false
08-03 15:20:58.402  2171  2261 I amsnl   : m2: false, m3: false
08-03 15:20:58.402  2171  2261 I amsnl   : rl
08-03 15:20:58.402  2171  2261 I amsnl   : c: false, w: true, t: false, l: true
08-03 15:20:58.402  2171  2261 I amsst   : report
08-03 15:20:58.403  2171  2261 I amsl    : now: 10514596 lastReportTime: 10491198 periodSecs: 20
08-03 15:20:58.404  2171  2261 I amsmgrnlp: [V1.9.2.3-1-2-l4a1g0p4f4v0ofalse(r)]org-n size:1 key:amsnlp
08-03 15:20:58.404  2171  2171 I amsnlp  : REPORT-LOCATION
08-03 15:20:58.404  2171  2261 I amsst   : period: 20 enabled: true
08-03 15:20:58.419  1374  1374 I NetworkSpeedManagerEx: mIsStop = false
08-03 15:20:58.420  1374  1374 I NetworkSpeedManagerEx:  value = 1106.6666
08-03 15:20:58.421  1374  1374 I NetworkSpeedManagerEx: speed = 1.1K/s
08-03 15:20:58.421  1374  1374 I NetworkSpeedView: /update(), speed=1.1K/s parent class:class com.android.systemui.statusbar.HwSystemIcons
08-03 15:20:58.458  1374  1374 I NetworkSpeedManagerEx: mIsStop = false
08-03 15:20:58.459  1374  1374 I NetworkSpeedManagerEx:  value = 1013.0
08-03 15:20:58.460  1374  1374 I NetworkSpeedManagerEx: speed = 1K/s
08-03 15:20:58.460  1374  1374 I NetworkSpeedView: /update(), speed=1K/s parent class:class com.android.systemui.statusbar.HwSystemIcons
08-03 15:20:59.335  1058  1186 I chatty  : uid=1000(system) WifiStateMachin expire 3 lines
08-03 15:21:00.053  1374  1374 I EventCenter: EventCenter Get :android.intent.action.TIME_TICK
08-03 15:21:00.077  1374  1374 W ResourceType: Failure getting entry for 0xffffffff (t=254 e=65535) (error -2147483647)
08-03 15:21:00.078  1374  1374 E DateLunarView: mDateString is: 8月3日星期四
08-03 15:21:00.080  1374  1374 W ResourceType: Failure getting entry for 0xffffffff (t=254 e=65535) (error -2147483647)
08-03 15:21:00.080  1374  1374 E DateLunarView: mDateString is: 8月3日星期四
08-03 15:21:00.089  2201  2201 I HwLauncher: Model  onReceive intent=Intent { act=android.intent.action.TIME_TICK flg=0x50000014 (has extras) }
08-03 15:21:00.089  2201  2201 I HwLauncher: Model  onReceive user=UserHandle{0}
08-03 15:21:00.099  2201  2201 I TotemWeather: WeatherDataObserver info:receive action = #Intent;action=android.intent.action.TIME_TICK;launchFlags=0x50000014;i.android.intent.extra.ALARM_COUNT=1;end
08-03 15:21:00.110  2201  2201 I HwLauncher: ClockDynamicUpdater date changed begin
08-03 15:21:00.110  2201  2201 I HwLauncher: ClockDynamicUpdater date changed end
08-03 15:21:00.111  2201  2358 E HwLauncher: SettingsEx , no such field.
08-03 15:21:00.111  2201  2358 W HwLauncher: Clock getDataFormat the getSystemString failed.
08-03 15:21:00.113  2201  2358 I HwLauncher: ClockDynamicUpdater clock update folder at ClockDynamicUpdater
08-03 15:21:00.113  2201  2358 I HwLauncher: DynamicUpdater updateBitmap end and send update message
08-03 15:21:00.114  2201  2201 I HwLauncher: DynamicUpdater call updateFolder
08-03 15:21:00.132  2201  2201 I HwLauncher: CalenderDynamicUpdater date changed begin
08-03 15:21:00.132  2201  2201 I HwLauncher: CalenderDynamicUpdater date changed end
08-03 15:21:00.137  2201  2201 I TotemWeather: DateTimeView info:,Time =3:21,[:] timezone=中国标准时间
08-03 15:21:00.141  2201  2201 I TotemWeather: DateTimeView info:updateNextData nextTime: 60860
08-03 15:21:00.150  2201  2201 I TotemWeather: DateTimeView info:onTimeChanged
08-03 15:21:00.151  2201  2201 I TotemWeather: DateTimeView info:updateNextData nextTime: 0
08-03 15:21:00.151  2201  2201 I TotemWeather: DateTimeView info:onTimeChanged
08-03 15:21:00.151  2201  2201 I TotemWeather: DateTimeView info:updateNextData nextTime: 0
08-03 15:21:00.155  2201  2201 I TotemWeather: DateTimeView info:,Time =3:21,[:] timezone=中国标准时间
08-03 15:21:00.160  2201  2201 I TotemWeather: DateTimeView info:updateNextData nextTime: 60841
08-03 15:21:01.419  1374  1387 I art     : Background partial concurrent mark sweep GC freed 330788(14MB) AllocSpace objects, 9(916KB) LOS objects, 33% free, 32MB/48MB, paused 976us total 101.076ms
08-03 15:21:01.422  1374  1374 I NetworkSpeedManagerEx: mIsStop = false
08-03 15:21:01.423  1374  1374 I NetworkSpeedManagerEx:  value = 532.3333
08-03 15:21:01.447  1374  1374 I NetworkSpeedManagerEx: speed = 532B/s
08-03 15:21:01.447  1374  1374 I NetworkSpeedView: /update(), speed=532B/s parent class:class com.android.systemui.statusbar.HwSystemIcons
08-03 15:21:01.461  1374  1374 I NetworkSpeedManagerEx: mIsStop = false
08-03 15:21:01.462  1374  1374 I NetworkSpeedManagerEx:  value = 532.3333
08-03 15:21:01.464  1374  1374 I NetworkSpeedManagerEx: speed = 532B/s
08-03 15:21:01.464  1374  1374 I NetworkSpeedView: /update(), speed=532B/s parent class:class com.android.systemui.statusbar.HwSystemIcons
08-03 15:21:02.002 13285 13384 I awcn.TnetSpdySession: |[seq:23302625.AWCN1_1] ping receive Host:https://acs4public.m.taobao.com id:39
08-03 15:21:02.820  1058  1058 I chatty  : uid=1000 system_server expire 8 lines
08-03 15:21:03.737 13145 13145 I SendBroadcastPermission: action:com.qihoo.appstore.ACTION_NOTIFICATION_POSTED, mPermissionType:0
08-03 15:21:03.759  1374  1374 W NotificationContentView: getMinContentHeightHint::mContractedChild is null
08-03 15:21:03.759  1374  1374 W NotificationContentView: getMinContentHeightHint::mContractedChild is null
08-03 15:21:03.766 16859 16859 I SendBroadcastPermission: action:com.qihoo.appstore.ACTION_NOTIFICATION_POSTED, mPermissionType:0
08-03 15:21:03.782 13145 13145 I SendBroadcastPermission: action:com.qihoo.appstore.ACTION_NOTIFICATION_POSTED, mPermissionType:0
08-03 15:21:03.787  1374  1374 W NotificationContentView: getMinContentHeightHint::mContractedChild is null
08-03 15:21:03.787  1374  1374 W NotificationContentView: getMinContentHeightHint::mContractedChild is null
08-03 15:21:03.806 16859 16859 I SendBroadcastPermission: action:com.qihoo.appstore.ACTION_NOTIFICATION_POSTED, mPermissionType:0
08-03 15:21:03.984  1058  1245 I chatty  : uid=1000(system) Thread-11 expire 10 lines
08-03 15:21:03.984  1058  1058 I chatty  : uid=1000 system_server expire 30 lines
08-03 15:21:03.984  1058  1247 I chatty  : uid=1000(system) HuaweiWifiWatch expire 11 lines
08-03 15:21:03.991  1058  3170 I chatty  : uid=1000(system) MobileQosDetect expire 4 lines
08-03 15:21:04.368  1058  1237 I chatty  : uid=1000(system) WiFiArpStateMac expire 16 lines
08-03 15:21:04.448  1374  1374 I NetworkSpeedManagerEx: mIsStop = false
08-03 15:21:04.453  1374  1374 I NetworkSpeedManagerEx:  value = 422.0
08-03 15:21:04.458  1374  1374 I NetworkSpeedManagerEx: speed = 422B/s
08-03 15:21:04.458  1374  1374 I NetworkSpeedView: /update(), speed=422B/s parent class:class com.android.systemui.statusbar.HwSystemIcons
08-03 15:21:04.478  1374  1374 I NetworkSpeedManagerEx: mIsStop = false
08-03 15:21:04.483  1374  1374 I NetworkSpeedManagerEx:  value = 422.0
08-03 15:21:04.489  1374  1374 I NetworkSpeedManagerEx: speed = 422B/s
08-03 15:21:04.489  1374  1374 I NetworkSpeedView: /update(), speed=422B/s parent class:class com.android.systemui.statusbar.HwSystemIcons
08-03 15:21:05.270  1058  1078 I chatty  : uid=1000(system) android.fg expire 2 lines
08-03 15:21:05.376  1058  1186 I chatty  : uid=1000(system) WifiStateMachin expire 10 lines
08-03 15:21:07.463  1374  1374 I NetworkSpeedManagerEx: mIsStop = false
08-03 15:21:07.468  1374  1374 I NetworkSpeedManagerEx:  value = 2513.0
08-03 15:21:07.473  1374  1374 I NetworkSpeedManagerEx: speed = 2.5K/s
08-03 15:21:07.473  1374  1374 I NetworkSpeedView: /update(), speed=2.5K/s parent class:class com.android.systemui.statusbar.HwSystemIcons
08-03 15:21:07.500  1374  1374 I NetworkSpeedManagerEx: mIsStop = false
08-03 15:21:07.505  1374  1374 I NetworkSpeedManagerEx:  value = 2513.0
08-03 15:21:07.511  1374  1374 I NetworkSpeedManagerEx: speed = 2.5K/s
08-03 15:21:07.513  1374  1374 I NetworkSpeedView: /update(), speed=2.5K/s parent class:class com.android.systemui.statusbar.HwSystemIcons
08-03 15:21:09.170  1535  1634 I AppManager: no high cpu load
08-03 15:21:09.291  1374  1374 W KeyguardUpdateMonitor: ACTION_BATTERY_CHANGED AMP: 0; Volt: 0
08-03 15:21:09.296  1374  1374 W KeyguardUpdateMonitor: ChargingSpeed  Wattage: -1 ST: 5000000 --> 7500000
08-03 15:21:09.296  1374  1374 I KgBattery: BatteryInfo updated:  5lPC-1
08-03 15:21:09.296  1374  1374 W AppHandler: sendMessage with obj100
08-03 15:21:09.297 13120 13120 I CloudAlbum[5.3.0.303]: [CGCommonStatusReceiver] CGCommonStatusReceiver, action: android.intent.action.BATTERY_CHANGED
08-03 15:21:09.325 13120 17041 I CloudAlbum[5.3.0.303]: [ReceiverManager] ReceiverManager action: android.intent.action.BATTERY_CHANGED
08-03 15:21:09.328 13120 17041 E CloudAlbum[5.3.0.303]: [ReceiverManager] not log on ignore
08-03 15:21:09.338  1813  1813 I Ptm.AbnormalObserver: current battery level value: 100
08-03 15:21:09.340  1813  1813 W Ptm.AbnormalObserver: ljs, in checkIsAbnormalHot, Ap_temp = 30
08-03 15:21:09.352  1374  1374 W HwLockScreenPanel: refreshBatteryInfo: null
08-03 15:21:09.352  1374  1374 W HwLockScreenPanel: Handle message: 100
08-03 15:21:10.477  1374  1374 I NetworkSpeedManagerEx: mIsStop = false
08-03 15:21:10.481  1374  1374 I NetworkSpeedManagerEx:  value = 504.66666
08-03 15:21:10.486  1374  1374 I NetworkSpeedManagerEx: speed = 505B/s
08-03 15:21:10.486  1374  1374 I NetworkSpeedView: /update(), speed=505B/s parent class:class com.android.systemui.statusbar.HwSystemIcons
08-03 15:21:10.514  1374  1374 I NetworkSpeedManagerEx: mIsStop = false
08-03 15:21:10.520  1374  1374 I NetworkSpeedManagerEx:  value = 504.66666
08-03 15:21:10.525  1374  1374 I NetworkSpeedManagerEx: speed = 505B/s
08-03 15:21:10.526  1374  1374 I NetworkSpeedView: /update(), speed=505B/s parent class:class com.android.systemui.statusbar.HwSystemIcons
08-03 15:21:13.491  1374  1374 I NetworkSpeedManagerEx: mIsStop = false
08-03 15:21:13.496  1374  1374 I NetworkSpeedManagerEx:  value = 348.0
08-03 15:21:13.500  1374  1374 I NetworkSpeedManagerEx: speed = 348B/s
08-03 15:21:13.501  1374  1374 I NetworkSpeedView: /update(), speed=348B/s parent class:class com.android.systemui.statusbar.HwSystemIcons
08-03 15:21:13.527  1374  1374 I NetworkSpeedManagerEx: mIsStop = false
08-03 15:21:13.528  1374  1374 I NetworkSpeedManagerEx:  value = 348.0
08-03 15:21:13.530  1374  1374 I NetworkSpeedManagerEx: speed = 348B/s
08-03 15:21:13.530  1374  1374 I NetworkSpeedView: /update(), speed=348B/s parent class:class com.android.systemui.statusbar.HwSystemIcons
08-03 15:21:16.503  1374  1374 I NetworkSpeedManagerEx: mIsStop = false
08-03 15:21:16.506  1374  1374 I NetworkSpeedManagerEx:  value = 597.3333
08-03 15:21:16.509  1374  1374 I NetworkSpeedManagerEx: speed = 597B/s
08-03 15:21:16.509  1374  1374 I NetworkSpeedView: /update(), speed=597B/s parent class:class com.android.systemui.statusbar.HwSystemIcons
08-03 15:21:16.530  1374  1374 I NetworkSpeedManagerEx: mIsStop = false
08-03 15:21:16.533  1374  1374 I NetworkSpeedManagerEx:  value = 597.3333
08-03 15:21:16.537  1374  1374 I NetworkSpeedManagerEx: speed = 597B/s
08-03 15:21:16.537  1374  1374 I NetworkSpeedView: /update(), speed=597B/s parent class:class com.android.systemui.statusbar.HwSystemIcons
08-03 15:21:16.846  1058  1058 I chatty  : uid=1000 system_server expire 36 lines
08-03 15:21:17.839   430  1262 I gralloc : alloc_device_alloc:564: Alloc handle(0x7eb9856000): interfmt=200000001, stride=1088, size=8486912, usage=0xb00
08-03 15:21:17.845   430  1907 I gralloc : alloc_device_alloc:564: Alloc handle(0x7eb9856700): interfmt=200000001, stride=1088, size=8486912, usage=0xb00
08-03 15:21:17.866 13285 14678 W IInputConnectionWrapper: finishComposingText on inactive InputConnection
08-03 15:21:17.870   430  1262 I gralloc : alloc_device_alloc:564: Alloc handle(0x7eb9856800): interfmt=200000001, stride=1088, size=8486912, usage=0xb00
08-03 15:21:17.890   430  1262 I gralloc : alloc_device_free:586: Free handle(0x7eb980ff00)
08-03 15:21:17.900 13285 15017 I IJKMEDIA: SDL_JNI_DetachThreadEnv: [15017]
08-03 15:21:17.900 13285 14993 I IJKMEDIA: SDL_JNI_DetachThreadEnv: [14993]
08-03 15:21:17.900 13285 15007 I IJKMEDIA: SDL_JNI_DetachThreadEnv: [15007]
08-03 15:21:17.910 13285 14994 I IJKMEDIA: SDL_JNI_DetachThreadEnv: [14994]
08-03 15:21:18.005 13285 14995 I IJKMEDIA: SDL_JNI_DetachThreadEnv: [14995]
08-03 15:21:18.006 13285 15006 W AudioTrack: releaseBuffer() track 0xcb431200 disabled due to previous underrun, restarting
08-03 15:21:18.006   606  1049 I APM_AudioPolicyManager: startOutput() output 13, stream 3, session 257
08-03 15:21:18.006   606  1049 I APM_AudioPolicyManager: getNewOutputDevice() selected device 2
08-03 15:21:18.006   606  1049 I APM_AudioPolicyManager: setOutputDevice() device 0x0002 delayMs 0 force 1
08-03 15:21:18.006   606  1049 I APM_AudioPolicyManager: setOutputDevice() changing to device 0x0002 , muteWaitMs 0
08-03 15:21:18.007  1535  1634 I PGServer: report state:2 event type:1 pid:13285 uid:10383 pkg:null to pid: 1058
08-03 15:21:18.007   606   867 I soundtrigger_msg: sound_trigger_set_parameters:set_parameters string![srs_cfg:trumedia_enable=1]
08-03 15:21:18.008   606  1049 I APM_AudioPolicyManager: setOutputDevice() createAudioPatch returned 0 patchHandle 188 num_sources 1 num_sinks 1
08-03 15:21:18.008   606   615 I AudioFlinger: setStreamVolume thread=0xefe03640; stream=10; value=0.003087
08-03 15:21:18.008   606  1049 I APM_AudioPolicyManager: checkOutputForStrategy() getDeviceForStrategy strategy=3 newDevice=2 oldDevice=2
08-03 15:21:18.008   606  1049 I AudioTrackShared: server obtain null buf part1:0 rear:9646080 front:9646080 mFrameCount:3544
08-03 15:21:18.009   606   867 I audio_hw_primary: start_output_stream++: out_type = 0, out_device = 0
08-03 15:21:18.010  1058  1802 I chatty  : uid=1000(system) Binder:1058_9 expire 2 lines
08-03 15:21:18.010   606   867 I audio_hw_primary: select_devices++ mode[0]
08-03 15:21:18.010   606   867 I audio_hw_primary: output_device_id is 2, output_route is media-speaker;input_source_id is 0, input_route is null.
08-03 15:21:18.010   606   867 I dsp_common: dsp_common_control_algo:set device = 2
08-03 15:21:18.010   606   867 I dsp_maxim_ctl: get_smartpa_sence:device = 0x2
08-03 15:21:18.010   606   867 I dsp_maxim_ctl: maxim_get_prop: get codec_name succ, codec_name = hi6402
08-03 15:21:18.010   606   867 I dsp_maxim_ctl: maxim_get_prop: get multi mic function enable succ, multi_mic_enable = 1
08-03 15:21:18.010   606   867 I audio_hw_primary: notify hifi set route++
08-03 15:21:18.016 13285 15006 I IJKMEDIA: SDL_JNI_DetachThreadEnv: [15006]
08-03 15:21:18.016  1535  1634 I PGServer: report state:2 event type:2 pid:13285 uid:10383 pkg:null to pid: 1058
08-03 15:21:18.023 13285 13285 E IJKMEDIA: SDL_Overlay(ffmpeg): overlay_free_l(0xaf375b00)
08-03 15:21:18.023 13285 13285 E IJKMEDIA: SDL_Overlay(ffmpeg): overlay_free_l(0xaf375b80)
08-03 15:21:18.023 13285 13285 E IJKMEDIA: SDL_Overlay(ffmpeg): overlay_free_l(0xaf375c00)
08-03 15:21:18.024 13285 13285 I AudioManager: abandonAudioFocus
08-03 15:21:18.025  1058  1295 I chatty  : uid=1000(system) Binder:1058_3 expire 2 lines
08-03 15:21:18.026  1058  1069 I chatty  : uid=1000(system) Binder:1058_2 expire 1 line
08-03 15:21:18.027  1535  1634 I AppManager: audio start play: com.ccvideo
08-03 15:21:18.027 13285 13285 W IJKMEDIA: remove 'timeout' option for rtmp.
08-03 15:21:18.028 13285 17050 I IJKMEDIA: SDL_RunThread: [17050] ff_msg_loop
08-03 15:21:18.029 13285 17052 I IJKMEDIA: SDL_RunThread: [17052] ff_read
08-03 15:21:18.029 13285 17052 W IJKMEDIA: remove 'timeout' option for rtmp.
08-03 15:21:18.029 13285 17051 I IJKMEDIA: SDL_RunThread: [17051] ff_vout
08-03 15:21:18.060   606   867 I audio_pop: pop change S4 OL SWITCH SWITCH dir 1
08-03 15:21:18.061   606   867 I audio_pop: pop change S4 OR SWITCH SWITCH dir 1
08-03 15:21:18.061   606   867 I audio_pop: pop change SP IL SWITCH SWITCH dir 1
08-03 15:21:18.061   606   867 I audio_pop: pop change SP IR SWITCH SWITCH dir 1
08-03 15:21:18.061   606   867 I audio_hw_primary: notify hifi set route--
08-03 15:21:18.061   606   867 I audio_hw_primary: source[0], mode[0]
08-03 15:21:18.061   606   867 I dsp_common: dsp_common_control_algo:set device = 2
08-03 15:21:18.061   606   867 I dsp_maxim_ctl: get_smartpa_sence:device = 0x2
08-03 15:21:18.061   606   867 I dsp_maxim_ctl: maxim_get_prop: get codec_name succ, codec_name = hi6402
08-03 15:21:18.061   606   867 I dsp_maxim_ctl: maxim_get_prop: get multi mic function enable succ, multi_mic_enable = 1
08-03 15:21:18.061   606   867 I dsp_maxim_ctl: maxim_control_algo : product_name_spec = NEXT
08-03 15:21:18.066   606   867 I dsp_codec_ctl: codec_adsp_send_sync_cmd:ioctl ret=0
08-03 15:21:18.066   606   867 I dsp_maxim_ctl: smartpa_control succ with value:1
08-03 15:21:18.066   606   867 I MAX98925_SPK: set  MAX98925 SINGLE SPK POWER ON
08-03 15:21:18.067   606   867 I MAX98925_SPK: MAX98925 SPK POWER ON
08-03 15:21:18.067   606   867 I audio_hw_primary: select_devices--
08-03 15:21:18.067   606   867 I audio_hw_primary: start_output_stream--
08-03 15:21:18.088   606   867 I AudioMixer: Pid:606 deleteTrackName(3)
08-03 15:21:18.090  1535  1634 I DeviceMonitor: last release audio mix uid:10383 pid:-2
08-03 15:21:18.099   606   616 I APM_AudioPolicyManager: stopOutput() output 13, stream 3, session 257
08-03 15:21:18.099   606   616 I APM_AudioPolicyManager: getNewOutputDevice() selected device 0
08-03 15:21:18.099   606   616 I APM_AudioPolicyManager: setOutputDevice() device 0x0000 delayMs 80 force 0
08-03 15:21:18.099   606   616 I APM_AudioPolicyManager: setOutputDevice() setting same device 0x0000 or null device
08-03 15:21:18.099   606   616 I APM_AudioPolicyManager: checkOutputForStrategy() getDeviceForStrategy strategy=3 newDevice=2 oldDevice=2
08-03 15:21:18.100  1535  1634 W AudioState: audio stop and not found session about sessionId: 257
08-03 15:21:19.512  1374  1374 I NetworkSpeedManagerEx: mIsStop = false
08-03 15:21:19.513  1374  1374 I NetworkSpeedManagerEx:  value = 7498.6665
08-03 15:21:19.515  1374  1374 I NetworkSpeedManagerEx: speed = 7.3K/s
08-03 15:21:19.515  1374  1374 I NetworkSpeedView: /update(), speed=7.3K/s parent class:class com.android.systemui.statusbar.HwSystemIcons
08-03 15:21:19.538  1374  1374 I NetworkSpeedManagerEx: mIsStop = false
08-03 15:21:19.539  1374  1374 I NetworkSpeedManagerEx:  value = 7498.6665
08-03 15:21:19.540  1374  1374 I NetworkSpeedManagerEx: speed = 7.3K/s
08-03 15:21:19.540  1374  1374 I NetworkSpeedView: /update(), speed=7.3K/s parent class:class com.android.systemui.statusbar.HwSystemIcons
08-03 15:21:19.787 16970 16970 E XmlParser: open file:/vendor/etc/HwFrameworkNormalization.xml filed in parseXml
08-03 15:21:19.787 16970 16970 E XmlParser: parse File:/vendor/etc/HwFrameworkNormalization.xml failed
08-03 15:21:19.787 16970 16970 I libEGL  : egl_cache_t() !XML_VALUE_GETCORRECT NAME_MAXKEYSIZE
08-03 15:21:19.787 16970 16970 E XmlParser: open file:/vendor/etc/HwFrameworkNormalization.xml filed in parseXml
08-03 15:21:19.787 16970 16970 E XmlParser: parse File:/vendor/etc/HwFrameworkNormalization.xml failed
08-03 15:21:19.787 16970 16970 I libEGL  : egl_cache_t() !XML_VALUE_GETCORRECT NAME_MAXTOTLESIZE
08-03 15:21:19.787 16970 16970 I libEGL  : egl_cache_t() maxKeySize:1024  maxTotalSize:65536
08-03 15:21:19.792 16970 16970 I appproc : CLASSPATH=/system/framework/am.jar
08-03 15:21:19.792 16970 16970 I appproc : Command=app_process /system/bin com.android.commands.am.Am startservice --user 0 -n com.ccvideo/com.easemob.chat.EMChatService 
08-03 15:21:19.794 16970 16970 I AndroidRuntime: readDownloadBoosterConfig: 'false'
08-03 15:21:19.846 16970 16970 I art     : Reinit property: dalvik.vm.checkjni= false
08-03 15:21:19.854 16970 16970 I HWSERVICES: hwnative_get_component_register:libdrmbitmap,JNI
08-03 15:21:19.857 16970 16970 I Radio-JNI: register_android_hardware_Radio DONE
08-03 15:21:19.860 16970 16970 I android_hardware_fm.cpp: register_android_hardware_fm_fmradio
08-03 15:21:19.860 16970 16970 I android_hardware_fm.cpp: ========64bit long size = 8
08-03 15:21:19.860 16970 16970 I android_hardware_fm.cpp: FM: get chip type = bcm43xx
08-03 15:21:19.860 16970 16970 E fm_if.c : find the id:fm and begins to open the devices
08-03 15:21:19.861 16970 16970 I android_hardware_fm.cpp: register_android_hardware_fm_fmradio, ret is 0
08-03 15:21:19.990  1058  1247 I chatty  : uid=1000(system) HuaweiWifiWatch expire 15 lines
08-03 15:21:20.157  1535 12883 I DownloadState: @@@@@@@@@@@@ uid :10383 download :true
08-03 15:21:20.157  1535 12883 I PGServer: report state:5 event type:1 pid:0 uid:10383 pkg:null to pid: 1058
08-03 15:21:20.357  1058  1237 I chatty  : uid=1000(system) WiFiArpStateMac expire 14 lines
08-03 15:21:21.009   606   867 I audio_hw_primary: do_out_standby standby: 0, out_device: 2
08-03 15:21:21.025   606   867 I audio_hw_primary: select_devices++ mode[0]
08-03 15:21:21.025   606   867 I audio_hw_primary: output_device_id is 0, output_route is null;input_source_id is 0, input_route is null.
08-03 15:21:21.026   606   867 I MAX98925_SPK: set  MAX98925 SINGLE SPK POWER OFF
08-03 15:21:21.026   606   867 I MAX98925_SPK: MAX98925 SPK POWER OFF
08-03 15:21:21.027   606   867 I dsp_common: dsp_common_control_algo:set device = 0
08-03 15:21:21.027   606   867 I dsp_maxim_ctl: maxim_get_prop: get codec_name succ, codec_name = hi6402
08-03 15:21:21.027   606   867 I dsp_maxim_ctl: maxim_get_prop: get multi mic function enable succ, multi_mic_enable = 1
08-03 15:21:21.030   606   867 I dsp_codec_ctl: codec_adsp_send_sync_cmd:ioctl ret=0
08-03 15:21:21.030   606   867 I dsp_maxim_ctl: smartpa_control succ with value:0
08-03 15:21:21.030   606   867 I audio_hw_primary: notify hifi set route++
08-03 15:21:21.032   606   867 I audio_pop: pop change S4 OL SWITCH SWITCH dir 0
08-03 15:21:21.033   606   867 I audio_pop: pop change S4 OR SWITCH SWITCH dir 0
08-03 15:21:21.036   606   867 I audio_pop: pop change SP IL SWITCH SWITCH dir 0
08-03 15:21:21.037   606   867 I audio_pop: pop change SP IR SWITCH SWITCH dir 0
08-03 15:21:21.038   606   867 I audio_hw_primary: notify hifi set route--
08-03 15:21:21.038   606   867 I audio_hw_primary: source[0], mode[0]
08-03 15:21:21.039   606   867 I dsp_common: dsp_common_control_algo:set device = 0
08-03 15:21:21.039   606   867 I dsp_maxim_ctl: maxim_get_prop: get codec_name succ, codec_name = hi6402
08-03 15:21:21.039   606   867 I dsp_maxim_ctl: maxim_get_prop: get multi mic function enable succ, multi_mic_enable = 1
08-03 15:21:21.039   606   867 I audio_hw_primary: select_devices--
08-03 15:21:22.515  1374  1374 I NetworkSpeedManagerEx: mIsStop = false
08-03 15:21:22.516  1374  1374 I NetworkSpeedManagerEx:  value = 1583.6666
08-03 15:21:22.518  1374  1374 I NetworkSpeedManagerEx: speed = 1.5K/s
08-03 15:21:22.518  1374  1374 I NetworkSpeedView: /update(), speed=1.5K/s parent class:class com.android.systemui.statusbar.HwSystemIcons
08-03 15:21:22.541  1374  1374 I NetworkSpeedManagerEx: mIsStop = false
08-03 15:21:22.542  1374  1374 I NetworkSpeedManagerEx:  value = 1583.6666
08-03 15:21:22.544  1374  1374 I NetworkSpeedManagerEx: speed = 1.5K/s
08-03 15:21:22.544  1374  1374 I NetworkSpeedView: /update(), speed=1.5K/s parent class:class com.android.systemui.statusbar.HwSystemIcons
08-03 15:21:22.580  2201  2212 I HwLauncher: Launcher.LauncherProvider  launcher call - method:change_badge arg:null extras:[package=com.ccvideo][badgenumber=0][class=com.yizhibo.video.activity.SplashActivity] uid =10383 pid =13285
08-03 15:21:22.580  2201  2212 I HwLauncher: Launcher.Settings  isChangeBadgeEnable = true
08-03 15:21:22.580  2201  2212 I HwLauncher: Launcher.Settings  isOpenModeChangeBadgeEnable = true
08-03 15:21:22.581  2201  2212 I HwLauncher: ProviderCallUtils rperm===com.huawei.android.launcher.permission.CHANGE_BADGE
08-03 15:21:22.581  2201  2212 I HwLauncher: ProviderCallUtils begin check permission at checkPathPermissionForChangeBadge()
08-03 15:21:22.581  2201  2212 I HwLauncher: ProviderCallUtils callBadge isCloned = false className = com.yizhibo.video.activity.SplashActivity,unreadcount=0
08-03 15:21:22.582  2201  2212 I HwLauncher: ProviderCallUtils badge table already has item ,execut update operation
08-03 15:21:22.599  2201  2358 I HwLauncher: BadgeContentObserver onChange() : mComponentName = ComponentInfo{com.ccvideo/com.yizhibo.video.activity.SplashActivity} com.huawei.android.launcher.BadgeContentObserver@ca1bdd6
08-03 15:21:22.614   430   444 I gralloc : alloc_device_alloc:564: Alloc handle(0x7eb9856900): interfmt=200000001, stride=1088, size=8486912, usage=0xb00
08-03 15:21:22.619   430   444 I gralloc : alloc_device_alloc:564: Alloc handle(0x7eb9841700): interfmt=200000001, stride=1088, size=8486912, usage=0xb00
08-03 15:21:22.619   430   444 I gralloc : alloc_device_alloc:564: Alloc handle(0x7eb9856a00): interfmt=200000001, stride=1088, size=8486912, usage=0xb00
08-03 15:21:22.645 13285 13285 I SendBroadcastPermission: action:action_hide_new_message_icon, mPermissionType:0
08-03 15:21:22.672  1535  1634 I ScenarioService: check surface view pkg: com.ccvideo
08-03 15:21:22.673   430   445 I gralloc : alloc_device_free:586: Free handle(0x7eb9856000)
08-03 15:21:22.673   430   445 I gralloc : alloc_device_free:586: Free handle(0x7eb9856700)
08-03 15:21:22.705   430   430 I gralloc : alloc_device_free:586: Free handle(0x7eb9856100)
08-03 15:21:22.706   430   430 I gralloc : alloc_device_free:586: Free handle(0x7eb9841500)
08-03 15:21:22.951 13285 17050 I IJKMEDIA: SDL_JNI_DetachThreadEnv: [17050]
08-03 15:21:22.958 13285 17051 I IJKMEDIA: SDL_JNI_DetachThreadEnv: [17051]
08-03 15:21:22.977 13285 17052 E IJKMEDIA: rtmp://wsrtmp.yizhibo.tv:1935/record/ml4AIk8xxauxLN: I/O error
08-03 15:21:22.977 13285 17052 I IJKMEDIA: SDL_JNI_DetachThreadEnv: [17052]
08-03 15:21:22.979 13285 13285 I AudioManager: abandonAudioFocus
08-03 15:21:22.979  1058  2490 I chatty  : uid=1000(system) Binder:1058_10 expire 2 lines
08-03 15:21:22.981 13285 13285 W ccvideo-streamer-a: This is player helper!! Can't  hide request list dialog!!
08-03 15:21:22.997 13285 13285 W ccvideo-RequestCallBack: Error info: E_USER_NOT_EXIST
08-03 15:21:22.997 13285 13285 W ccvideo-RequestCallBack: Error info: E_USER_NOT_EXIST   Error tips=
08-03 15:21:23.029   430   430 I gralloc : alloc_device_free:586: Free handle(0x7eb9856800)
08-03 15:21:23.102  2201  2358 I HwLauncher: Launcher.LauncherProvider  queried count: 1
08-03 15:21:23.103  2201  2358 I HwLauncher: BadgeContentObserver  getBadgeNumber: 0 mComponentName :ComponentInfo{com.ccvideo/com.yizhibo.video.activity.SplashActivity}
08-03 15:21:23.103  2201  2358 I HwLauncher: BadgeContentObserver newBadgeNumber:0,oldBadgeNumber:0 mComponentName : ComponentInfo{com.ccvideo/com.yizhibo.video.activity.SplashActivity}
08-03 15:21:25.139  1058  1167 I chatty  : uid=1000(system) AlarmManager expire 2 lines
08-03 15:21:25.142  1813  1826 W Ptm.AbnormalObserver: unhandled mesg: 4008
08-03 15:21:25.143  1058  1186 I chatty  : uid=1000(system) WifiStateMachin expire 10 lines
08-03 15:21:25.152  1058  1196 I chatty  : uid=1000(system) WifiScanningSer expire 6 lines
08-03 15:21:25.519  1374  1374 I NetworkSpeedManagerEx: mIsStop = false
08-03 15:21:25.521  1374  1374 I NetworkSpeedManagerEx:  value = 6253.0
08-03 15:21:25.522  1374  1374 I NetworkSpeedManagerEx: speed = 6.1K/s
08-03 15:21:25.523  1374  1374 I NetworkSpeedView: /update(), speed=6.1K/s parent class:class com.android.systemui.statusbar.HwSystemIcons
08-03 15:21:25.543  1374  1374 I NetworkSpeedManagerEx: mIsStop = false
08-03 15:21:25.545  1374  1374 I NetworkSpeedManagerEx:  value = 6253.0
08-03 15:21:25.547  1374  1374 I NetworkSpeedManagerEx: speed = 6.1K/s
08-03 15:21:25.547  1374  1374 I NetworkSpeedView: /update(), speed=6.1K/s parent class:class com.android.systemui.statusbar.HwSystemIcons
08-03 15:21:26.166  1535 12883 I DownloadState: @@@@@@@@@@@@ uid :10383 download :false
08-03 15:21:26.167  1535 12883 I PGServer: report state:5 event type:2 pid:0 uid:10383 pkg:null to pid: 1058
08-03 15:21:26.387   568   568 E Thermal-daemon: [flash_led] temp_new :31  temp_old :30
08-03 15:21:26.387   568   568 E Thermal-daemon: Report temperature: [flash_led] temp :31  report_threshold:1
08-03 15:21:26.388   568   568 E Thermal-daemon: [ap] temp_new :31  temp_old :30
08-03 15:21:26.388   568   568 E Thermal-daemon: Report temperature: [ap] temp :31  report_threshold:1
08-03 15:21:28.007  1058  1245 I chatty  : uid=1000(system) Thread-11 expire 10 lines
08-03 15:21:28.525  1374  1374 I NetworkSpeedManagerEx: mIsStop = false
08-03 15:21:28.530  1374  1374 I NetworkSpeedManagerEx:  value = 2709.0
08-03 15:21:28.534  1374  1374 I NetworkSpeedManagerEx: speed = 2.6K/s
08-03 15:21:28.535  1374  1374 I NetworkSpeedView: /update(), speed=2.6K/s parent class:class com.android.systemui.statusbar.HwSystemIcons
08-03 15:21:28.563  1374  1374 I NetworkSpeedManagerEx: mIsStop = false
08-03 15:21:28.573  1374  1374 I NetworkSpeedManagerEx:  value = 2709.0
08-03 15:21:28.579  1374  1374 I NetworkSpeedManagerEx: speed = 2.6K/s
08-03 15:21:28.579  1374  1374 I NetworkSpeedView: /update(), speed=2.6K/s parent class:class com.android.systemui.statusbar.HwSystemIcons
08-03 15:21:28.862  1058  1058 I chatty  : uid=1000 system_server expire 27 lines
08-03 15:21:30.189  1813  2517 W Ptm.AbnormalObserver: unhandled mesg: 4008
08-03 15:21:30.208  2171  2261 I amsnl   : ar
08-03 15:21:30.208  2171  2261 I amsnl   : t:false, fl: false, p: 20000, ce: true, we: true
08-03 15:21:30.215  2171  2261 I amsnl   : m1: false
08-03 15:21:30.219  2171  2261 I amsnl   : m2: false, m3: false
08-03 15:21:30.219  2171  2261 I amsnl   : c: false, w: false, t: true, l: false
08-03 15:21:30.220  2171  2261 I amsnl   : crs
08-03 15:21:30.220  2171  2261 I amsnl   : wrs
08-03 15:21:30.234  1491  1502 W PhoneInterfaceManager: shouldBlockLocation running ...
08-03 15:21:30.234  1491  1502 I PhoneInterfaceManager: shouldBlockLocation  ret:false
08-03 15:21:30.248  1491  8389 W PhoneInterfaceManager: shouldBlockLocation running ...
08-03 15:21:30.248  1491  8389 I PhoneInterfaceManager: shouldBlockLocation  ret:false
08-03 15:21:30.254  1491  1504 W PhoneInterfaceManager: shouldBlockLocation running ...
08-03 15:21:30.255  1491  1504 I PhoneInterfaceManager: shouldBlockLocation  ret:false
08-03 15:21:30.257  2171  2261 I amsnl   : csr
08-03 15:21:30.257  2171  2261 I amsnl   : t:false, fl: false, p: 20000, ce: true, we: true
08-03 15:21:30.259  2171  2261 I amsnl   : m1: false
08-03 15:21:30.260  2171  2261 I amsnl   : m2: false, m3: false
08-03 15:21:30.260  2171  2261 I amsnl   : c: false, w: false, t: false, l: false
08-03 15:21:31.541  1374  1374 I NetworkSpeedManagerEx: mIsStop = false
08-03 15:21:31.546  1374  1374 I NetworkSpeedManagerEx:  value = 326.33334
08-03 15:21:31.551  1374  1374 I NetworkSpeedManagerEx: speed = 326B/s
08-03 15:21:31.551  1374  1374 I NetworkSpeedView: /update(), speed=326B/s parent class:class com.android.systemui.statusbar.HwSystemIcons
08-03 15:21:31.581  1374  1374 I NetworkSpeedManagerEx: mIsStop = false
08-03 15:21:31.587  1374  1374 I NetworkSpeedManagerEx:  value = 326.33334
08-03 15:21:31.591  1374  1374 I NetworkSpeedManagerEx: speed = 326B/s
08-03 15:21:31.592  1374  1374 I NetworkSpeedView: /update(), speed=326B/s parent class:class com.android.systemui.statusbar.HwSystemIcons
08-03 15:21:32.548  1058  1244 I chatty  : uid=1000(system) HwIntelligenceS expire 1 line
08-03 15:21:32.566  1058  2199 I chatty  : uid=1000(system) Binder:1058_E expire 1 line
08-03 15:21:32.567  1058  1563 I chatty  : uid=1000(system) Binder:1058_7 expire 1 line
08-03 15:21:32.570  2171  2261 I amsnl   : wsr
08-03 15:21:32.578  1058  2489 I chatty  : uid=1000(system) Binder:1058_F expire 1 line
08-03 15:21:32.581  2171  2261 I amsnl   : t:false, fl: false, p: 20000, ce: true, we: true
08-03 15:21:32.583  2171  2261 I amsnl   : m1: false
08-03 15:21:32.586  2171  2261 I amsnl   : m2: false, m3: false
08-03 15:21:32.586  2171  2261 I amsnl   : rl
08-03 15:21:32.587  2171  2261 I amsnl   : c: false, w: true, t: false, l: false
08-03 15:21:32.587  2171  2261 I amsnl   : qg
08-03 15:21:32.587  1058  1330 I chatty  : uid=1000(system) Binder:1058_6 expire 1 line
08-03 15:21:32.588  1058  1806 I chatty  : uid=1000(system) Binder:1058_C expire 1 line
08-03 15:21:32.597  1058  1776 I chatty  : uid=1000(system) Binder:1058_8 expire 1 line
08-03 15:21:32.599  2171  2261 I amsc    : same acc
08-03 15:21:32.600  2171  2261 I amsc    : gt2
08-03 15:21:32.600  2171  2261 I amsc    : found: wx4gd2z, 1501743981255
08-03 15:21:32.605  1058  1804 I chatty  : uid=1000(system) Binder:1058_B expire 1 line
08-03 15:21:32.606  1058  7416 I chatty  : uid=1000(system) Binder:1058_11 expire 1 line
08-03 15:21:32.612  1058  1803 I chatty  : uid=1000(system) Binder:1058_A expire 1 line
08-03 15:21:32.613  1058  1323 I chatty  : uid=1000(system) Binder:1058_5 expire 1 line
08-03 15:21:32.618  2171  2261 I amsnlp  : isConnected, isIdle: false isIgnoreBatOpt: true
08-03 15:21:32.631  2171  2261 I amsnl   : aq
08-03 15:21:32.631  2171  2261 I amsglsc : aq
08-03 15:21:32.632  2171  2261 I amsmsm  : sbrqst
08-03 15:21:32.642  2171  2250 I amsmsm  : sdmrrst
08-03 15:21:32.643  2171  2255 I amsshri : run
08-03 15:21:32.698  2171  2250 I amsmsm  : cmplt
08-03 15:21:32.699  2171  2250 I amsglsc : aql cmplt
08-03 15:21:32.699  2171  2261 I amsnl   : aqr
08-03 15:21:32.701  2171  2261 I amsc    : same acc
08-03 15:21:32.702  2171  2261 I amsc    : gt2
08-03 15:21:32.702  2171  2261 I amsc    : found: wx4gd2z, 1501743981255
08-03 15:21:32.702  2171  2261 I amsnl   : dist: 5
08-03 15:21:32.711  2171  2261 I amsnl   : t:true, fl: false, p: 20000, ce: true, we: true
08-03 15:21:32.713  2171  2261 I amsnl   : m1: false
08-03 15:21:32.715  2171  2261 I amsnl   : m2: false, m3: false
08-03 15:21:32.715  2171  2261 I amsnl   : rl
08-03 15:21:32.715  2171  2261 I amsnl   : c: false, w: true, t: false, l: true
08-03 15:21:32.715  2171  2261 I amsst   : report
08-03 15:21:32.716  2171  2261 I amsl    : now: 10548909 lastReportTime: 10514596 periodSecs: 20
08-03 15:21:32.717  2171  2261 I amsmgrnlp: [V1.9.2.3-1-2-l4a1g0p4f4v0ofalse(r)]org-n size:1 key:amsnlp
08-03 15:21:32.717  2171  2261 I amsst   : period: 20 enabled: true
08-03 15:21:32.717  2171  2171 I amsnlp  : REPORT-LOCATION
08-03 15:21:32.719  1058  1488 I chatty  : uid=1000(system) LocationThread expire 2 lines
08-03 15:21:34.553  1374  1374 I NetworkSpeedManagerEx: mIsStop = false
08-03 15:21:34.555  1374  1374 I NetworkSpeedManagerEx:  value = 1297.0
08-03 15:21:34.557  1374  1374 I NetworkSpeedManagerEx: speed = 1.3K/s
08-03 15:21:34.557  1374  1374 I NetworkSpeedView: /update(), speed=1.3K/s parent class:class com.android.systemui.statusbar.HwSystemIcons
08-03 15:21:34.593  1374  1374 I NetworkSpeedManagerEx: mIsStop = false
08-03 15:21:34.594  1374  1374 I NetworkSpeedManagerEx:  value = 1297.0
08-03 15:21:34.596  1374  1374 I NetworkSpeedManagerEx: speed = 1.3K/s
08-03 15:21:34.597  1374  1374 I NetworkSpeedView: /update(), speed=1.3K/s parent class:class com.android.systemui.statusbar.HwSystemIcons
08-03 15:21:35.435  1058  1237 I chatty  : uid=1000(system) WiFiArpStateMac expire 13 lines
08-03 15:21:36.031  1058  1247 I chatty  : uid=1000(system) HuaweiWifiWatch expire 9 lines
08-03 15:21:37.560  1374  1374 I NetworkSpeedManagerEx: mIsStop = false
08-03 15:21:37.565  1374  1374 I NetworkSpeedManagerEx:  value = 364.66666
08-03 15:21:37.569  1374  1374 I NetworkSpeedManagerEx: speed = 365B/s
08-03 15:21:37.570  1374  1374 I NetworkSpeedView: /update(), speed=365B/s parent class:class com.android.systemui.statusbar.HwSystemIcons
08-03 15:21:37.598  1374  1374 I NetworkSpeedManagerEx: mIsStop = false
08-03 15:21:37.603  1374  1374 I NetworkSpeedManagerEx:  value = 364.66666
08-03 15:21:37.609  1374  1374 I NetworkSpeedManagerEx: speed = 365B/s
08-03 15:21:37.609  1374  1374 I NetworkSpeedView: /update(), speed=365B/s parent class:class com.android.systemui.statusbar.HwSystemIcons
08-03 15:21:39.447  1374  1374 W KeyguardUpdateMonitor: ACTION_BATTERY_CHANGED AMP: 0; Volt: 0
08-03 15:21:39.451  1374  1374 W KeyguardUpdateMonitor: ChargingSpeed  Wattage: -1 ST: 5000000 --> 7500000
08-03 15:21:39.451  1374  1374 I KgBattery: BatteryInfo updated:  5lPC-1
08-03 15:21:39.451  1374  1374 W AppHandler: sendMessage with obj100
08-03 15:21:39.465 13120 13120 I CloudAlbum[5.3.0.303]: [CGCommonStatusReceiver] CGCommonStatusReceiver, action: android.intent.action.BATTERY_CHANGED
08-03 15:21:39.467  1813  1813 I Ptm.AbnormalObserver: current battery level value: 100
08-03 15:21:39.469  1813  1813 W Ptm.AbnormalObserver: ljs, in checkIsAbnormalHot, Ap_temp = 31
08-03 15:21:39.477  1374  1374 W HwLockScreenPanel: refreshBatteryInfo: null
08-03 15:21:39.477  1374  1374 W HwLockScreenPanel: Handle message: 100
08-03 15:21:39.480 13120 17041 I CloudAlbum[5.3.0.303]: [ReceiverManager] ReceiverManager action: android.intent.action.BATTERY_CHANGED
08-03 15:21:39.480 13120 17041 E CloudAlbum[5.3.0.303]: [ReceiverManager] not log on ignore
08-03 15:21:39.872  1058  1058 I chatty  : uid=1000 system_server expire 11 lines
08-03 15:21:40.573  1374  1374 I NetworkSpeedManagerEx: mIsStop = false
08-03 15:21:40.578  1374  1374 I NetworkSpeedManagerEx:  value = 337.0
08-03 15:21:40.582  1374  1374 I NetworkSpeedManagerEx: speed = 337B/s
08-03 15:21:40.582  1374  1374 I NetworkSpeedView: /update(), speed=337B/s parent class:class com.android.systemui.statusbar.HwSystemIcons
08-03 15:21:40.611  1374  1374 I NetworkSpeedManagerEx: mIsStop = false
08-03 15:21:40.615  1374  1374 I NetworkSpeedManagerEx:  value = 337.0
08-03 15:21:40.619  1374  1374 I NetworkSpeedManagerEx: speed = 337B/s
