08-03 15:11:34.149 13120 13932 E CloudAlbum[5.3.0.303]: [ReceiverManager] not log on ignore
08-03 15:11:34.153  1813  1813 I Ptm.AbnormalObserver: current battery level value: 100
08-03 15:11:34.155  1813  1813 W Ptm.AbnormalObserver: ljs, in checkIsAbnormalHot, Ap_temp = 31
08-03 15:11:35.483  1058  1245 I chatty  : uid=1000(system) Thread-11 expire 12 lines
08-03 15:11:35.855   568   568 E Thermal-daemon: [flash_led] temp_new :31  temp_old :32
08-03 15:11:35.855   568   568 E Thermal-daemon: Report temperature: [flash_led] temp :31  report_threshold:1
08-03 15:11:36.065 13464 13564 I tnet-jni: 292 - [spdyPingRecvCallback] - 
08-03 15:11:36.066 13464 13564 I tnet-jni: 292 - [SpdySessionCallBack.spdyPingRecvCallback] - org.android.spdy.SpdySession@24a25c8
08-03 15:11:36.175 13120 13120 I CloudAlbum[5.3.0.303]: [CGCommonStatusReceiver] CGCommonStatusReceiver, action: android.intent.action.BATTERY_CHANGED
08-03 15:11:36.176 13120 13932 I CloudAlbum[5.3.0.303]: [ReceiverManager] ReceiverManager action: android.intent.action.BATTERY_CHANGED
08-03 15:11:36.177 13120 13932 E CloudAlbum[5.3.0.303]: [ReceiverManager] not log on ignore
08-03 15:11:36.221  1813  1813 I Ptm.AbnormalObserver: current battery level value: 100
08-03 15:11:36.223  1813  1813 W Ptm.AbnormalObserver: ljs, in checkIsAbnormalHot, Ap_temp = 31
08-03 15:11:50.208  2171  2261 I amsnl   : ar
08-03 15:11:50.210  2171  2261 I amsnl   : t:false, fl: false, p: 20000, ce: true, we: true
08-03 15:11:50.220  2171  2261 I amsnl   : m1: false
08-03 15:11:50.236  2171  2261 I amsnl   : m2: false, m3: false
08-03 15:11:50.237  2171  2261 I amsnl   : c: false, w: true, t: true, l: false
08-03 15:11:50.237  2171  2261 I amsnl   : crs
08-03 15:11:50.237  2171  2261 I amsnl   : qg
08-03 15:11:50.248  2171  2261 I amsc    : same acc
08-03 15:11:50.249  2171  2261 I amsc    : gt2
08-03 15:11:50.249  2171  2261 I amsc    : found: wx4gd2z, 1501743981255
08-03 15:11:50.263  2171  2261 I amsnl   : uc
08-03 15:11:50.265  2171  2261 I amsnl   : report_loc:ODtbr4MKkiipA2NUkIEujewHzLh9n3AmT62Cke51vh8skjeXUwh0JmzjdYpmA7KUV+DyntBR7XVO
08-03 15:11:50.265  2171  2261 I amsnl   : dzA9j435+BIa4Ea6VL43bmoFo89bjJuv/zeKACToL/5PNNEHJiWh8XXQgp/7msy1ZqKDKQOl/KZ6
08-03 15:11:50.265  2171  2261 I amsnl   : KZuFsU+/T4jczNCWpaWHOGlNe9bnsv7yHrLCM8iEMZNAy5e+J70+Hd/ZOz6PL/vZEs+aGOGH6F/a
08-03 15:11:50.265  2171  2261 I amsnl   : HcD9CV1I1Ov8yJCiacKjmiIi93foNTpH7ZvMui02GMA9vB27mg
08-03 15:11:50.266  2171  2261 I amsst   : report
08-03 15:11:50.267  2171  2261 I amsl    : now: 9966460 lastReportTime: 9948960 periodSecs: 20
08-03 15:11:50.267  2171  2261 I amsl    : igore too fast report!
08-03 15:11:50.268  2171  2261 I amsst   : period: 20 enabled: true
08-03 15:11:50.272  1491  1504 W PhoneInterfaceManager: shouldBlockLocation running ...
08-03 15:11:50.272  1491  1504 I PhoneInterfaceManager: shouldBlockLocation  ret:false
08-03 15:11:50.278  1491  1502 W PhoneInterfaceManager: shouldBlockLocation running ...
08-03 15:11:50.278  1491  1502 I PhoneInterfaceManager: shouldBlockLocation  ret:false
08-03 15:11:50.282  1491  1728 W PhoneInterfaceManager: shouldBlockLocation running ...
08-03 15:11:50.282  1491  1728 I PhoneInterfaceManager: shouldBlockLocation  ret:false
08-03 15:11:50.284  2171  2261 I amsnl   : csr
08-03 15:11:50.284  2171  2261 I amsnl   : t:false, fl: false, p: 20000, ce: true, we: true
08-03 15:11:50.286  2171  2261 I amsnl   : m1: false
08-03 15:11:50.287  2171  2261 I amsnl   : m2: false, m3: false
08-03 15:11:50.287  2171  2261 I amsnl   : rl
08-03 15:11:50.288  2171  2261 I amsnl   : c: false, w: true, t: false, l: false
08-03 15:11:50.570  1374  1374 I chatty  : uid=10029(com.huawei.HwMultiScreenShot) com.android.systemui expire 37 lines
08-03 15:11:51.497  1058  1247 I chatty  : uid=1000(system) HuaweiWifiWatch expire 12 lines
08-03 15:11:54.058  1058  1237 I chatty  : uid=1000(system) WiFiArpStateMac expire 42 lines
08-03 15:11:54.561  1058  1058 I chatty  : uid=1000 system_server expire 104 lines
08-03 15:11:56.114  1058  1186 I chatty  : uid=1000(system) WifiStateMachin expire 10 lines
08-03 15:11:59.504  1058  1245 I chatty  : uid=1000(system) Thread-11 expire 10 lines
08-03 15:11:59.520  1058  3170 I chatty  : uid=1000(system) MobileQosDetect expire 15 lines
08-03 15:12:00.039  2201  2201 I HwLauncher: Model  onReceive intent=Intent { act=android.intent.action.TIME_TICK flg=0x50000014 (has extras) }
08-03 15:12:00.039  2201  2201 I HwLauncher: Model  onReceive user=UserHandle{0}
08-03 15:12:00.049  2201  2201 I TotemWeather: WeatherDataObserver info:receive action = #Intent;action=android.intent.action.TIME_TICK;launchFlags=0x50000014;i.android.intent.extra.ALARM_COUNT=1;end
08-03 15:12:00.060  2201  2201 I HwLauncher: ClockDynamicUpdater date changed begin
08-03 15:12:00.060  2201  2201 I HwLauncher: ClockDynamicUpdater date changed end
08-03 15:12:00.060  2201  2358 E HwLauncher: SettingsEx , no such field.
08-03 15:12:00.061  2201  2358 W HwLauncher: Clock getDataFormat the getSystemString failed.
08-03 15:12:00.063  2201  2358 I HwLauncher: ClockDynamicUpdater clock update folder at ClockDynamicUpdater
08-03 15:12:00.063  2201  2358 I HwLauncher: DynamicUpdater updateBitmap end and send update message
08-03 15:12:00.064  2201  2201 I HwLauncher: DynamicUpdater call updateFolder
08-03 15:12:00.064  2201  2201 I HwLauncher: CalenderDynamicUpdater date changed begin
08-03 15:12:00.064  2201  2201 I HwLauncher: CalenderDynamicUpdater date changed end
08-03 15:12:00.099  2201  2201 I TotemWeather: DateTimeView info:onTimeChanged
08-03 15:12:00.100  2201  2201 I TotemWeather: DateTimeView info:updateNextData nextTime: 0
08-03 15:12:00.100  2201  2201 I TotemWeather: DateTimeView info:onTimeChanged
08-03 15:12:00.100  2201  2201 I TotemWeather: DateTimeView info:updateNextData nextTime: 0
08-03 15:12:00.104  2201  2201 I TotemWeather: DateTimeView info:,Time =3:12,[:] timezone=中国标准时间
08-03 15:12:00.110  2201  2201 I TotemWeather: DateTimeView info:updateNextData nextTime: 60891
08-03 15:12:01.355 13285 13384 I awcn.TnetSpdySession: |[seq:23302625.AWCN1_1] ping receive Host:https://acs4public.m.taobao.com id:15
08-03 15:12:02.627  1374  1374 I chatty  : uid=10029(com.huawei.HwMultiScreenShot) com.android.systemui expire 80 lines
08-03 15:12:03.141  7964  8033 E Auth    : [GoogleAccountDataServiceImpl] getToken() -> NETWORK_ERROR. Account: <ELLIDED:718006122>, App: com.google.android.gms, Service: oauth2:https://www.googleapis.com/auth/contextcontroller
08-03 15:12:03.141  7964  8033 E Auth    : ech: Error when calling server.
08-03 15:12:03.141  7964  8033 E Auth    : 	at eci.b(:com.google.android.gms:15)
08-03 15:12:03.141  7964  8033 E Auth    : 	at eci.a(:com.google.android.gms:16)
08-03 15:12:03.141  7964  8033 E Auth    : 	at eav.a(:com.google.android.gms:61)
08-03 15:12:03.141  7964  8033 E Auth    : 	at fjb.a(:com.google.android.gms:7)
08-03 15:12:03.141  7964  8033 E Auth    : 	at fjb.a(:com.google.android.gms:3)
08-03 15:12:03.141  7964  8033 E Auth    : 	at fic.a(:com.google.android.gms:1)
08-03 15:12:03.141  7964  8033 E Auth    : 	at fia.a(:com.google.android.gms:16)
08-03 15:12:03.141  7964  8033 E Auth    : 	at fia.a(:com.google.android.gms:5)
08-03 15:12:03.141  7964  8033 E Auth    : 	at bsc.a(:com.google.android.gms:188)
08-03 15:12:03.141  7964  8033 E Auth    : 	at bsc.a(:com.google.android.gms:63)
08-03 15:12:03.141  7964  8033 E Auth    : 	at dxu.a(:com.google.android.gms:5)
08-03 15:12:03.141  7964  8033 E Auth    : 	at dxt.a(:com.google.android.gms:1)
08-03 15:12:03.141  7964  8033 E Auth    : 	at dxt.e(:com.google.android.gms:5)
08-03 15:12:03.141  7964  8033 E Auth    : 	at dxt.d(:com.google.android.gms:0)
08-03 15:12:03.141  7964  8033 E Auth    : 	at dxr.b(:com.google.android.gms:0)
08-03 15:12:03.141  7964  8033 E Auth    : 	at mbe.a(:com.google.android.gms:0)
08-03 15:12:03.141  7964  8033 E Auth    : 	at lzv.a(:com.google.android.gms:2)
08-03 15:12:03.141  7964  8033 E Auth    : 	at cij.a(:com.google.android.gms:58)
08-03 15:12:03.141  7964  8033 E Auth    : 	at cdn.run(:com.google.android.gms:1)
08-03 15:12:03.141  7964  8033 E Auth    : 	at cdl.handleMessage(:com.google.android.gms:2)
08-03 15:12:03.141  7964  8033 E Auth    : 	at mfu.run(:com.google.android.gms:5)
08-03 15:12:03.141  7964  8033 E Auth    : 	at mge.run(:com.google.android.gms:24)
08-03 15:12:03.141  7964  8033 E Auth    : 	at java.util.concurrent.ThreadPoolExecutor.runWorker(ThreadPoolExecutor.java:1133)
08-03 15:12:03.141  7964  8033 E Auth    : 	at java.util.concurrent.ThreadPoolExecutor$Worker.run(ThreadPoolExecutor.java:607)
08-03 15:12:03.141  7964  8033 E Auth    : 	at mlf.run(:com.google.android.gms:0)
08-03 15:12:03.141  7964  8033 E Auth    : 	at java.lang.Thread.run(Thread.java:776)
08-03 15:12:03.141  7964  8033 E Auth    : Caused by: java.net.SocketTimeoutException: connect timed out
08-03 15:12:03.141  7964  8033 E Auth    : 	at java.net.PlainSocketImpl.socketConnect(Native Method)
08-03 15:12:03.141  7964  8033 E Auth    : 	at java.net.AbstractPlainSocketImpl.doConnect(AbstractPlainSocketImpl.java:334)
08-03 15:12:03.141  7964  8033 E Auth    : 	at java.net.AbstractPlainSocketImpl.connectToAddress(AbstractPlainSocketImpl.java:196)
08-03 15:12:03.141  7964  8033 E Auth    : 	at java.net.AbstractPlainSocketImpl.connect(AbstractPlainSocketImpl.java:178)
08-03 15:12:03.141  7964  8033 E Auth    : 	at java.net.SocksSocketImpl.connect(SocksSocketImpl.java:356)
08-03 15:12:03.141  7964  8033 E Auth    : 	at java.net.Socket.connect(Socket.java:592)
08-03 15:12:03.141  7964  8033 E Auth    : 	at com.android.okhttp.internal.Platform.connectSocket(Platform.java:113)
08-03 15:12:03.141  7964  8033 E Auth    : 	at com.android.okhttp.Connection.connectSocket(Connection.java:196)
08-03 15:12:03.141  7964  8033 E Auth    : 	at com.android.okhttp.Connection.connect(Connection.java:172)
08-03 15:12:03.141  7964  8033 E Auth    : 	at com.android.okhttp.Connection.connectAndSetOwner(Connection.java:367)
08-03 15:12:03.141  7964  8033 E Auth    : 	at com.android.okhttp.OkHttpClient$1.connectAndSetOwner(OkHttpClient.java:130)
08-03 15:12:03.141  7964  8033 E Auth    : 	at com.android.okhttp.internal.http.HttpEngine.connect(HttpEngine.java:329)
08-03 15:12:03.141  7964  8033 E Auth    : 	at com.android.okhttp.internal.http.HttpEngine.sendRequest(HttpEngine.java:246)
08-03 15:12:03.141  7964  8033 E Auth    : 	at com.android.okhttp.internal.huc.HttpURLConnectionImpl.execute(HttpURLConnectionImpl.java:457)
08-03 15:12:03.141  7964  8033 E Auth    : 	at com.android.okhttp.internal.huc.HttpURLConnectionImpl.connect(HttpURLConnectionImpl.java:126)
08-03 15:12:03.141  7964  8033 E Auth    : 	at com.android.okhttp.internal.huc.HttpURLConnectionImpl.getOutputStream(HttpURLConnectionImpl.java:257)
08-03 15:12:03.141  7964  8033 E Auth    : 	at com.android.okhttp.internal.huc.DelegatingHttpsURLConnection.getOutputStream(DelegatingHttpsURLConnection.java:218)
08-03 15:12:03.141  7964  8033 E Auth    : 	at com.android.okhttp.internal.huc.HttpsURLConnectionImpl.getOutputStream(HttpsURLConnectionImpl.java)
08-03 15:12:03.141  7964  8033 E Auth    : 	at thk.a(:com.google.android.gms:50)
08-03 15:12:03.141  7964  8033 E Auth    : 	at thk.a(:com.google.android.gms:77)
08-03 15:12:03.141  7964  8033 E Auth    : 	at fow.a(:com.google.android.gms:7)
08-03 15:12:03.141  7964  8033 E Auth    : 	at fow.a(:com.google.android.gms:2)
08-03 15:12:03.141  7964  8033 E Auth    : 	at eci.b(:com.google.android.gms:12)
08-03 15:12:03.141  7964  8033 E Auth    : 	... 25 more
08-03 15:12:03.142  7964  8033 W Auth    : [GetToken] GetToken failed with status code: NetworkError
08-03 15:12:03.143  7964  8033 W AuthSessionAuthenticato: Auth related exception is being ignored: NetworkError
08-03 15:12:03.168  7964  8033 E ctxmgr  : [BaseServerTask]Server task (FetchAclSet) got error statusCode=-1.
08-03 15:12:03.168  7964  8033 E ctxmgr  : com.android.volley.VolleyError: Unable to obtain auth token - is the device online?
08-03 15:12:03.168  7964  8033 E ctxmgr  : 	at cij.a(:com.google.android.gms:66)
08-03 15:12:03.168  7964  8033 E ctxmgr  : 	at cdn.run(:com.google.android.gms:1)
08-03 15:12:03.168  7964  8033 E ctxmgr  : 	at cdl.handleMessage(:com.google.android.gms:2)
08-03 15:12:03.168  7964  8033 E ctxmgr  : 	at mfu.run(:com.google.android.gms:5)
08-03 15:12:03.168  7964  8033 E ctxmgr  : 	at mge.run(:com.google.android.gms:24)
08-03 15:12:03.168  7964  8033 E ctxmgr  : 	at java.util.concurrent.ThreadPoolExecutor.runWorker(ThreadPoolExecutor.java:1133)
08-03 15:12:03.168  7964  8033 E ctxmgr  : 	at java.util.concurrent.ThreadPoolExecutor$Worker.run(ThreadPoolExecutor.java:607)
08-03 15:12:03.168  7964  8033 E ctxmgr  : 	at mlf.run(:com.google.android.gms:0)
08-03 15:12:03.168  7964  8033 E ctxmgr  : 	at java.lang.Thread.run(Thread.java:776)
08-03 15:12:03.170  7964  8033 W ctxmgr  : [WorkManager]Long workInfo: pkg=com.google.android.gms, lbl=NetworkManager#getAcl, start=2017-08-03 15:09:02.560+0800, stop=2017-08-03 15:12:03.169+0800, durtn=180609ms
08-03 15:12:03.183  7964  8033 E ctxmgr  : [AccountAclCallback]Failed Acl fetch: network status=-1
08-03 15:12:07.510  1058  1247 I chatty  : uid=1000(system) HuaweiWifiWatch expire 24 lines
08-03 15:12:10.218  2171  2261 I amsnl   : ar
08-03 15:12:10.220  2171  2261 I amsnl   : t:false, fl: false, p: 20000, ce: true, we: true
08-03 15:12:10.230  2171  2261 I amsnl   : m1: false
08-03 15:12:10.240  2171  2261 I amsnl   : m2: false, m3: false
08-03 15:12:10.240  2171  2261 I amsnl   : c: false, w: true, t: true, l: false
08-03 15:12:10.241  2171  2261 I amsnl   : crs
08-03 15:12:10.241  2171  2261 I amsnl   : qg
08-03 15:12:10.252  2171  2261 I amsc    : same acc
08-03 15:12:10.253  2171  2261 I amsc    : gt2
08-03 15:12:10.253  2171  2261 I amsc    : found: wx4gd2z, 1501743981255
08-03 15:12:10.270  2171  2261 I amsnlp  : isConnected, isIdle: false isIgnoreBatOpt: true
08-03 15:12:10.282  2171  2261 I amsnl   : aq
08-03 15:12:10.282  2171  2261 I amsglsc : aq
08-03 15:12:10.283  2171  2261 I amsmsm  : sbrqst
08-03 15:12:10.287  1491  1502 W PhoneInterfaceManager: shouldBlockLocation running ...
08-03 15:12:10.288  1491  1502 I PhoneInterfaceManager: shouldBlockLocation  ret:false
08-03 15:12:10.293  2171  2250 I amsmsm  : sdmrrst
08-03 15:12:10.294  2171  2253 I amsshri : run
08-03 15:12:10.297  1491  8384 W PhoneInterfaceManager: shouldBlockLocation running ...
08-03 15:12:10.297  1491  8384 I PhoneInterfaceManager: shouldBlockLocation  ret:false
08-03 15:12:10.303  1491  1504 W PhoneInterfaceManager: shouldBlockLocation running ...
08-03 15:12:10.303  1491  1504 I PhoneInterfaceManager: shouldBlockLocation  ret:false
08-03 15:12:10.306  2171  2261 I amsnl   : csr
08-03 15:12:10.307  2171  2261 I amsnl   : t:false, fl: false, p: 20000, ce: true, we: true
08-03 15:12:10.309  2171  2261 I amsnl   : m1: false
08-03 15:12:10.310  2171  2261 I amsnl   : m2: false, m3: false
08-03 15:12:10.311  2171  2261 I amsnl   : rl
08-03 15:12:10.311  2171  2261 I amsnl   : c: false, w: true, t: false, l: false
08-03 15:12:10.351  2171  2250 I amsmsm  : cmplt
08-03 15:12:10.353  2171  2250 I amsglsc : aql cmplt
08-03 15:12:10.353  2171  2261 I amsnl   : aqr
08-03 15:12:10.357  2171  2261 I amsc    : same acc
08-03 15:12:10.358  2171  2261 I amsc    : gt2
08-03 15:12:10.358  2171  2261 I amsc    : found: wx4gd2z, 1501743981255
08-03 15:12:10.359  2171  2261 I amsnl   : dist: 11
08-03 15:12:10.372  2171  2261 I amsnl   : t:true, fl: false, p: 20000, ce: true, we: true
08-03 15:12:10.377  2171  2261 I amsnl   : m1: false
08-03 15:12:10.380  2171  2261 I amsnl   : m2: false, m3: false
08-03 15:12:10.381  2171  2261 I amsnl   : rl
08-03 15:12:10.381  2171  2261 I amsnl   : c: false, w: true, t: false, l: true
08-03 15:12:10.382  2171  2261 I amsst   : report
08-03 15:12:10.383  2171  2261 I amsl    : now: 9986576 lastReportTime: 9948960 periodSecs: 20
08-03 15:12:10.384  2171  2261 I amsmgrnlp: [V1.9.2.3-1-2-l4a1g0p4f4v0ofalse(r)]org-n size:1 key:amsnlp
08-03 15:12:10.385  2171  2171 I amsnlp  : REPORT-LOCATION
08-03 15:12:10.385  2171  2261 I amsst   : period: 20 enabled: true
08-03 15:12:15.507  1058  1245 I chatty  : uid=1000(system) Thread-11 expire 10 lines
08-03 15:12:17.245  1058  1186 I chatty  : uid=1000(system) WifiStateMachin expire 19 lines
08-03 15:12:30.234  2171  2261 I amsnl   : ar
08-03 15:12:30.236  2171  2261 I amsnl   : t:false, fl: false, p: 20000, ce: true, we: true
08-03 15:12:30.245  2171  2261 I amsnl   : m1: false
08-03 15:12:30.257  2171  2261 I amsnl   : m2: false, m3: false
08-03 15:12:30.258  2171  2261 I amsnl   : c: false, w: false, t: true, l: false
08-03 15:12:30.259  2171  2261 I amsnl   : crs
08-03 15:12:30.259  2171  2261 I amsnl   : wrs
08-03 15:12:30.265  1491  8385 W PhoneInterfaceManager: shouldBlockLocation running ...
08-03 15:12:30.266  1491  8385 I PhoneInterfaceManager: shouldBlockLocation  ret:false
08-03 15:12:30.276  1491  8389 W PhoneInterfaceManager: shouldBlockLocation running ...
08-03 15:12:30.277  1491  8389 I PhoneInterfaceManager: shouldBlockLocation  ret:false
08-03 15:12:30.298  1491  8384 W PhoneInterfaceManager: shouldBlockLocation running ...
08-03 15:12:30.298  1491  8384 I PhoneInterfaceManager: shouldBlockLocation  ret:false
08-03 15:12:30.300  2171  2261 I amsnl   : csr
08-03 15:12:30.301  2171  2261 I amsnl   : t:false, fl: false, p: 20000, ce: true, we: true
08-03 15:12:30.302  2171  2261 I amsnl   : m1: false
08-03 15:12:30.304  2171  2261 I amsnl   : m2: false, m3: false
08-03 15:12:30.304  2171  2261 I amsnl   : c: false, w: false, t: false, l: false
08-03 15:12:31.179  1058  1237 I chatty  : uid=1000(system) WiFiArpStateMac expire 20 lines
08-03 15:12:32.590  2171  2261 I amsnl   : wsr
08-03 15:12:32.597  2171  2261 I amsnl   : t:false, fl: false, p: 20000, ce: true, we: true
08-03 15:12:32.599  2171  2261 I amsnl   : m1: false
08-03 15:12:32.601  2171  2261 I amsnl   : m2: false, m3: false
08-03 15:12:32.601  1058  1295 I chatty  : uid=1000(system) Binder:1058_3 expire 5 lines
08-03 15:12:32.601  2171  2261 I amsnl   : rl
08-03 15:12:32.602  2171  2261 I amsnl   : c: false, w: true, t: false, l: false
08-03 15:12:32.602  2171  2261 I amsnl   : qg
08-03 15:12:32.613  2171  2261 I amsc    : same acc
08-03 15:12:32.614  2171  2261 I amsc    : gt2
08-03 15:12:32.614  2171  2261 I amsc    : found: wx4gd2z, 1501743981255
08-03 15:12:32.634  1058  2490 I chatty  : uid=1000(system) Binder:1058_10 expire 6 lines
08-03 15:12:32.659  2171  2261 I amsnlp  : isConnected, isIdle: false isIgnoreBatOpt: true
08-03 15:12:32.671  2171  2261 I amsnl   : aq
08-03 15:12:32.672  2171  2261 I amsglsc : aq
08-03 15:12:32.672  2171  2261 I amsmsm  : sbrqst
08-03 15:12:32.684  2171  2250 I amsmsm  : sdmrrst
08-03 15:12:32.684  2171  2253 I amsshri : run
08-03 15:12:32.747  1374  1374 I chatty  : uid=10029(com.huawei.HwMultiScreenShot) com.android.systemui expire 44 lines
08-03 15:12:32.780  2171  2250 I amsmsm  : cmplt
08-03 15:12:32.781  2171  2250 I amsglsc : aql cmplt
08-03 15:12:32.784  2171  2261 I amsnl   : aqr
08-03 15:12:32.788  2171  2261 I amsc    : same acc
08-03 15:12:32.789  2171  2261 I amsc    : gt2
08-03 15:12:32.789  2171  2261 I amsc    : found: wx4gd2z, 1501743981255
08-03 15:12:32.789  2171  2261 I amsnl   : dist: 6
08-03 15:12:32.791  1058  1803 I chatty  : uid=1000(system) Binder:1058_A expire 2 lines
08-03 15:12:32.805  1058  1563 I chatty  : uid=1000(system) Binder:1058_7 expire 2 lines
08-03 15:12:32.823  2171  2261 I amsnl   : t:true, fl: false, p: 20000, ce: true, we: true
08-03 15:12:32.825  1058  1802 I chatty  : uid=1000(system) Binder:1058_9 expire 4 lines
08-03 15:12:32.825  2171  2261 I amsnl   : m1: false
08-03 15:12:32.828  2171  2261 I amsnl   : m2: false, m3: false
08-03 15:12:32.829  2171  2261 I amsnl   : rl
08-03 15:12:32.829  2171  2261 I amsnl   : c: false, w: true, t: false, l: true
08-03 15:12:32.829  2171  2261 I amsst   : report
08-03 15:12:32.830  2171  2261 I amsl    : now: 10009023 lastReportTime: 9986576 periodSecs: 20
08-03 15:12:32.830  2171  2261 I amsmgrnlp: [V1.9.2.3-1-2-l4a1g0p4f4v0ofalse(r)]org-n size:1 key:amsnlp
08-03 15:12:32.831  2171  2171 I amsnlp  : REPORT-LOCATION
08-03 15:12:32.831  2171  2261 I amsst   : period: 20 enabled: true
08-03 15:12:33.660  1058  1058 I chatty  : uid=1000 system_server expire 27 lines
08-03 15:12:34.133 13120 13120 I CloudAlbum[5.3.0.303]: [CGCommonStatusReceiver] CGCommonStatusReceiver, action: android.intent.action.BATTERY_CHANGED
08-03 15:12:34.140 13120 13932 I CloudAlbum[5.3.0.303]: [ReceiverManager] ReceiverManager action: android.intent.action.BATTERY_CHANGED
08-03 15:12:34.141 13120 13932 E CloudAlbum[5.3.0.303]: [ReceiverManager] not log on ignore
08-03 15:12:34.160  1813  1813 I iMonitor: create: 903001012
08-03 15:12:34.166  1813  1813 I iMonitor: send: 903001012
08-03 15:12:34.166   584  1053 I logserver: handle_exception_events enter
08-03 15:12:34.170  1813  1813 I Ptm.AbnormalObserver: current battery level value: 100
08-03 15:12:34.171  1813  1813 W Ptm.AbnormalObserver: ljs, in checkIsAbnormalHot, Ap_temp = 31
08-03 15:12:34.185  1813  1838 E LogCollectService: illegal eventid
08-03 15:12:36.499  1813  1813 I Ptm.AbnormalObserver: current battery level value: 100
08-03 15:12:36.499 13120 13120 I CloudAlbum[5.3.0.303]: [CGCommonStatusReceiver] CGCommonStatusReceiver, action: android.intent.action.BATTERY_CHANGED
08-03 15:12:36.504  1813  1813 W Ptm.AbnormalObserver: ljs, in checkIsAbnormalHot, Ap_temp = 31
08-03 15:12:36.511 13120 13932 I CloudAlbum[5.3.0.303]: [ReceiverManager] ReceiverManager action: android.intent.action.BATTERY_CHANGED
08-03 15:12:36.512 13120 13932 E CloudAlbum[5.3.0.303]: [ReceiverManager] not log on ignore
08-03 15:12:39.537  1058  1247 I chatty  : uid=1000(system) HuaweiWifiWatch expire 12 lines
08-03 15:12:39.538  1058  1245 I chatty  : uid=1000(system) Thread-11 expire 12 lines
08-03 15:12:43.677  1813  1813 W PTM.PeriodCheckManager: getPeriodCheckStatsInfo
08-03 15:12:43.681  1813  1813 W PTM.PeriodCheckManager: getPeriodCheckStatsInfo:powergenie_mode=2; backlight=2109; discharging=107; system_h=33; pa_0=30; soc_thermal=36; gpu=35; CpuFreqBig=480000; CpuFreqlittle=807000; DDRFreq=360000000; GpuFreq=360000000; 
08-03 15:12:43.681  1813  1813 W PTM.PeriodCheckManager: mPeriodHanlder start
08-03 15:12:43.681  1058  1058 I chatty  : uid=1000 system_server expire 63 lines
08-03 15:12:43.713  1813  1813 W PTM.PeriodCheckManager: enter the sendData func.
08-03 15:12:43.714  1813  1813 W PTM.PeriodCheckManager: sendData ready!
08-03 15:12:43.717  1813  1813 I iMonitor: create: 903001011
08-03 15:12:43.737  1813  1813 I iMonitor: send: 903001011
08-03 15:12:43.738   584  1053 I logserver: handle_exception_events enter
08-03 15:12:43.739  1813  1813 W PTM.PeriodCheckManager: mSendService start
08-03 15:12:43.760  1813  1838 E LogCollectService: illegal eventid
08-03 15:12:44.780  1374  1374 I chatty  : uid=10029(com.huawei.HwMultiScreenShot) com.android.systemui expire 32 lines
08-03 15:12:46.401 13285 13384 I awcn.TnetSpdySession: |[seq:23302625.AWCN1_1] ping receive Host:https://acs4public.m.taobao.com id:17
08-03 15:12:50.242  2171  2261 I amsnl   : ar
08-03 15:12:50.243  2171  2261 I amsnl   : t:false, fl: false, p: 20000, ce: true, we: true
08-03 15:12:50.249  2171  2261 I amsnl   : m1: false
08-03 15:12:50.259  2171  2261 I amsnl   : m2: false, m3: false
08-03 15:12:50.260  2171  2261 I amsnl   : c: false, w: true, t: true, l: false
08-03 15:12:50.260  2171  2261 I amsnl   : crs
08-03 15:12:50.260  2171  2261 I amsnl   : qg
08-03 15:12:50.271  2171  2261 I amsc    : same acc
08-03 15:12:50.272  2171  2261 I amsc    : gt2
08-03 15:12:50.272  2171  2261 I amsc    : found: wx4gd2z, 1501743981255
08-03 15:12:50.285  2171  2261 I amsnl   : uc
08-03 15:12:50.287  2171  2261 I amsnl   : report_loc:ODtbr4MKkiipA2NUkIEujewHzLh9n3AmT62Cke51vh8skjeXUwh0JmzjdYpmA7KUV+DyntBR7XVO
08-03 15:12:50.287  2171  2261 I amsnl   : dzA9j435+BIa4Ea6VL43bmoFo89bjJuv/zeKACToL/5PNNEHJiWhcDPa4IRPkUcWIYL/UIFzuKF+
08-03 15:12:50.287  2171  2261 I amsnl   : VqKveO29ywb9ddrWbZC1XVEWM76zx142k5d9c6vgvQyq9eggbGo2DNdkHlj+ZWq3rA7zz3jtDUBO
08-03 15:12:50.287  2171  2261 I amsnl   : nu/RsgQQTbveRh7ygzVpqmFfbuepp5Hi8UI8z7JcvrBuzQCiOA
08-03 15:12:50.288  2171  2261 I amsst   : report
08-03 15:12:50.289  2171  2261 I amsl    : now: 10026482 lastReportTime: 10009023 periodSecs: 20
08-03 15:12:50.290  2171  2261 I amsl    : igore too fast report!
08-03 15:12:50.290  2171  2261 I amsst   : period: 20 enabled: true
08-03 15:12:50.294  1491  8389 W PhoneInterfaceManager: shouldBlockLocation running ...
08-03 15:12:50.295  1491  8389 I PhoneInterfaceManager: shouldBlockLocation  ret:false
08-03 15:12:50.301  1491  8385 W PhoneInterfaceManager: shouldBlockLocation running ...
08-03 15:12:50.302  1491  8385 I PhoneInterfaceManager: shouldBlockLocation  ret:false
08-03 15:12:50.306  1491  1502 W PhoneInterfaceManager: shouldBlockLocation running ...
08-03 15:12:50.306  1491  1502 I PhoneInterfaceManager: shouldBlockLocation  ret:false
08-03 15:12:50.309  2171  2261 I amsnl   : csr
08-03 15:12:50.309  2171  2261 I amsnl   : t:false, fl: false, p: 20000, ce: true, we: true
08-03 15:12:50.311  2171  2261 I amsnl   : m1: false
08-03 15:12:50.312  2171  2261 I amsnl   : m2: false, m3: false
08-03 15:12:50.312  2171  2261 I amsnl   : rl
08-03 15:12:50.313  2171  2261 I amsnl   : c: false, w: true, t: false, l: false
08-03 15:12:51.323  1058  1237 I chatty  : uid=1000(system) WiFiArpStateMac expire 18 lines
08-03 15:12:55.555  1058  1247 I chatty  : uid=1000(system) HuaweiWifiWatch expire 12 lines
08-03 15:12:56.186 13464 13564 I tnet-jni: 292 - [spdyPingRecvCallback] - 
08-03 15:12:56.187 13464 13564 I tnet-jni: 292 - [SpdySessionCallBack.spdyPingRecvCallback] - org.android.spdy.SpdySession@24a25c8
08-03 15:12:56.469  1058  1186 I chatty  : uid=1000(system) WifiStateMachin expire 10 lines
08-03 15:12:56.823  1374  1374 I chatty  : uid=10029(com.huawei.HwMultiScreenShot) com.android.systemui expire 51 lines
08-03 15:13:00.065  2201  2201 I HwLauncher: Model  onReceive intent=Intent { act=android.intent.action.TIME_TICK flg=0x50000014 (has extras) }
08-03 15:13:00.065  2201  2201 I HwLauncher: Model  onReceive user=UserHandle{0}
08-03 15:13:00.074  2201  2201 I TotemWeather: WeatherDataObserver info:receive action = #Intent;action=android.intent.action.TIME_TICK;launchFlags=0x50000014;i.android.intent.extra.ALARM_COUNT=1;end
08-03 15:13:00.086  2201  2201 I HwLauncher: ClockDynamicUpdater date changed begin
08-03 15:13:00.086  2201  2201 I HwLauncher: ClockDynamicUpdater date changed end
08-03 15:13:00.087  2201  2358 E HwLauncher: SettingsEx , no such field.
08-03 15:13:00.087  2201  2358 W HwLauncher: Clock getDataFormat the getSystemString failed.
08-03 15:13:00.089  2201  2358 I HwLauncher: ClockDynamicUpdater clock update folder at ClockDynamicUpdater
08-03 15:13:00.090  2201  2358 I HwLauncher: DynamicUpdater updateBitmap end and send update message
08-03 15:13:00.090  2201  2201 I HwLauncher: DynamicUpdater call updateFolder
08-03 15:13:00.090  2201  2201 I HwLauncher: CalenderDynamicUpdater date changed begin
08-03 15:13:00.090  2201  2201 I HwLauncher: CalenderDynamicUpdater date changed end
08-03 15:13:00.115  2201  2201 I TotemWeather: DateTimeView info:,Time =3:13,[:] timezone=中国标准时间
08-03 15:13:00.120  2201  2201 I TotemWeather: DateTimeView info:updateNextData nextTime: 60880
08-03 15:13:00.124  2201  2201 I TotemWeather: DateTimeView info:onTimeChanged
08-03 15:13:00.125  2201  2201 I TotemWeather: DateTimeView info:updateNextData nextTime: 0
08-03 15:13:00.125  2201  2201 I TotemWeather: DateTimeView info:onTimeChanged
08-03 15:13:00.126  2201  2201 I TotemWeather: DateTimeView info:updateNextData nextTime: 0
08-03 15:13:00.130  2201  2201 I TotemWeather: DateTimeView info:,Time =3:13,[:] timezone=中国标准时间
08-03 15:13:00.134  2201  2201 I TotemWeather: DateTimeView info:updateNextData nextTime: 60867
08-03 15:13:03.558  1058  1245 I chatty  : uid=1000(system) Thread-11 expire 20 lines
08-03 15:13:06.669 13120 13120 I CloudAlbum[5.3.0.303]: [CGCommonStatusReceiver] CGCommonStatusReceiver, action: android.intent.action.BATTERY_CHANGED
08-03 15:13:06.677 13120 13932 I CloudAlbum[5.3.0.303]: [ReceiverManager] ReceiverManager action: android.intent.action.BATTERY_CHANGED
08-03 15:13:06.678 13120 13932 E CloudAlbum[5.3.0.303]: [ReceiverManager] not log on ignore
08-03 15:13:06.680  1813  1813 I Ptm.AbnormalObserver: current battery level value: 100
08-03 15:13:06.683  1813  1813 W Ptm.AbnormalObserver: ljs, in checkIsAbnormalHot, Ap_temp = 31
08-03 15:13:06.732  1058  1058 I chatty  : uid=1000 system_server expire 64 lines
08-03 15:13:07.398  1058  1237 I chatty  : uid=1000(system) WiFiArpStateMac expire 26 lines
08-03 15:13:10.253  2171  2261 I amsnl   : ar
08-03 15:13:10.255  2171  2261 I amsnl   : t:false, fl: false, p: 20000, ce: true, we: true
08-03 15:13:10.262  2171  2261 I amsnl   : m1: false
08-03 15:13:10.268  2171  2261 I amsnl   : m2: false, m3: false
08-03 15:13:10.268  2171  2261 I amsnl   : c: false, w: true, t: true, l: false
08-03 15:13:10.269  2171  2261 I amsnl   : crs
08-03 15:13:10.269  2171  2261 I amsnl   : qg
08-03 15:13:10.280  2171  2261 I amsc    : same acc
08-03 15:13:10.280  2171  2261 I amsc    : gt2
08-03 15:13:10.280  2171  2261 I amsc    : found: wx4gd2z, 1501743981255
08-03 15:13:10.296  2171  2261 I amsnlp  : isConnected, isIdle: false isIgnoreBatOpt: true
08-03 15:13:10.306  2171  2261 I amsnl   : aq
08-03 15:13:10.306  2171  2261 I amsglsc : aq
08-03 15:13:10.306  2171  2261 I amsmsm  : sbrqst
08-03 15:13:10.310  1491  8389 W PhoneInterfaceManager: shouldBlockLocation running ...
08-03 15:13:10.311  1491  8389 I PhoneInterfaceManager: shouldBlockLocation  ret:false
08-03 15:13:10.316  2171  2250 I amsmsm  : sdmrrst
08-03 15:13:10.317  2171  2255 I amsshri : run
08-03 15:13:10.318  1491  8385 W PhoneInterfaceManager: shouldBlockLocation running ...
08-03 15:13:10.318  1491  8385 I PhoneInterfaceManager: shouldBlockLocation  ret:false
08-03 15:13:10.322  1491  1502 W PhoneInterfaceManager: shouldBlockLocation running ...
08-03 15:13:10.323  1491  1502 I PhoneInterfaceManager: shouldBlockLocation  ret:false
08-03 15:13:10.326  2171  2261 I amsnl   : csr
08-03 15:13:10.327  2171  2261 I amsnl   : t:false, fl: false, p: 20000, ce: true, we: true
08-03 15:13:10.329  2171  2261 I amsnl   : m1: false
08-03 15:13:10.330  2171  2261 I amsnl   : m2: false, m3: false
08-03 15:13:10.330  2171  2261 I amsnl   : rl
08-03 15:13:10.331  2171  2261 I amsnl   : c: false, w: true, t: false, l: false
08-03 15:13:10.382  2171  2250 I amsmsm  : cmplt
08-03 15:13:10.384  2171  2250 I amsglsc : aql cmplt
08-03 15:13:10.385  2171  2261 I amsnl   : aqr
08-03 15:13:10.388  2171  2261 I amsc    : same acc
08-03 15:13:10.389  2171  2261 I amsc    : gt2
08-03 15:13:10.389  2171  2261 I amsc    : found: wx4gd2z, 1501743981255
08-03 15:13:10.390  2171  2261 I amsnl   : dist: 6
08-03 15:13:10.403  2171  2261 I amsnl   : t:true, fl: false, p: 20000, ce: true, we: true
08-03 15:13:10.407  2171  2261 I amsnl   : m1: false
08-03 15:13:10.409  2171  2261 I amsnl   : m2: false, m3: false
08-03 15:13:10.410  2171  2261 I amsnl   : rl
08-03 15:13:10.410  2171  2261 I amsnl   : c: false, w: true, t: false, l: true
08-03 15:13:10.410  2171  2261 I amsst   : report
08-03 15:13:10.412  2171  2261 I amsl    : now: 10046605 lastReportTime: 10009023 periodSecs: 20
08-03 15:13:10.412  2171  2261 I amsmgrnlp: [V1.9.2.3-1-2-l4a1g0p4f4v0ofalse(r)]org-n size:1 key:amsnlp
08-03 15:13:10.413  2171  2261 I amsst   : period: 20 enabled: true
08-03 15:13:10.413  2171  2171 I amsnlp  : REPORT-LOCATION
08-03 15:13:10.417  1058  1488 I chatty  : uid=1000(system) LocationThread expire 10 lines
08-03 15:13:10.934   568   568 E Thermal-daemon: [charger_ic] temp_new :30  temp_old :31
08-03 15:13:10.935   568   568 E Thermal-daemon: Report temperature: [charger_ic] temp :30  report_threshold:1
08-03 15:13:11.568  1058  1247 I chatty  : uid=1000(system) HuaweiWifiWatch expire 12 lines
08-03 15:13:11.877  1374  1374 I chatty  : uid=10029(com.huawei.HwMultiScreenShot) com.android.systemui expire 40 lines
08-03 15:13:19.561  1058  1186 I chatty  : uid=1000(system) WifiStateMachin expire 10 lines
08-03 15:13:25.116  1813  4071 W Ptm.AbnormalObserver: unhandled mesg: 4008
08-03 15:13:25.129  1058  1196 I chatty  : uid=1000(system) WifiScanningSer expire 12 lines
08-03 15:13:26.934  1374  1374 I chatty  : uid=10029(com.huawei.HwMultiScreenShot) com.android.systemui expire 62 lines
08-03 15:13:27.574  1058  1247 I chatty  : uid=1000(system) HuaweiWifiWatch expire 24 lines
08-03 15:13:30.266  2171  2261 I amsnl   : ar
08-03 15:13:30.268  2171  2261 I amsnl   : t:false, fl: false, p: 20000, ce: true, we: true
08-03 15:13:30.277  2171  2261 I amsnl   : m1: false
08-03 15:13:30.293  2171  2261 I amsnl   : m2: false, m3: false
08-03 15:13:30.294  2171  2261 I amsnl   : c: false, w: false, t: true, l: false
08-03 15:13:30.295  2171  2261 I amsnl   : crs
08-03 15:13:30.295  2171  2261 I amsnl   : wrs
08-03 15:13:30.303  1491  8389 W PhoneInterfaceManager: shouldBlockLocation running ...
08-03 15:13:30.304  1491  8389 I PhoneInterfaceManager: shouldBlockLocation  ret:false
08-03 15:13:30.314  1491  8385 W PhoneInterfaceManager: shouldBlockLocation running ...
08-03 15:13:30.315  1491  8385 I PhoneInterfaceManager: shouldBlockLocation  ret:false
08-03 15:13:30.322  1491  1502 W PhoneInterfaceManager: shouldBlockLocation running ...
08-03 15:13:30.322  1491  1502 I PhoneInterfaceManager: shouldBlockLocation  ret:false
08-03 15:13:30.325  2171  2261 I amsnl   : csr
08-03 15:13:30.326  2171  2261 I amsnl   : t:false, fl: false, p: 20000, ce: true, we: true
08-03 15:13:30.328  2171  2261 I amsnl   : m1: false
08-03 15:13:30.330  2171  2261 I amsnl   : m2: false, m3: false
08-03 15:13:30.331  2171  2261 I amsnl   : c: false, w: false, t: false, l: false
08-03 15:13:30.793  1058  1058 I chatty  : uid=1000 system_server expire 52 lines
08-03 15:13:31.480 13285 13384 I awcn.TnetSpdySession: |[seq:23302625.AWCN1_1] ping receive Host:https://acs4public.m.taobao.com id:19
08-03 15:13:32.673  2171  2261 I amsnl   : wsr
08-03 15:13:32.677  2171  2261 I amsnl   : t:false, fl: false, p: 20000, ce: true, we: true
08-03 15:13:32.680  2171  2261 I amsnl   : m1: false
08-03 15:13:32.682  2171  2261 I amsnl   : m2: false, m3: false
08-03 15:13:32.683  2171  2261 I amsnl   : rl
08-03 15:13:32.688  2171  2261 I amsnl   : c: false, w: true, t: false, l: false
08-03 15:13:32.688  2171  2261 I amsnl   : qg
08-03 15:13:32.698  2171  2261 I amsc    : same acc
08-03 15:13:32.698  2171  2261 I amsc    : gt2
08-03 15:13:32.699  2171  2261 I amsc    : found: wx4gd2z, 1501743981255
08-03 15:13:32.700  1058  2489 I chatty  : uid=1000(system) Binder:1058_F expire 1 line
08-03 15:13:32.722  1058  1068 I chatty  : uid=1000(system) Binder:1058_1 expire 1 line
08-03 15:13:32.725  1058  1067 I chatty  : uid=1000(system) HeapTaskDaemon expire 1 line
08-03 15:13:32.738  2171  2261 I amsnlp  : isConnected, isIdle: false isIgnoreBatOpt: true
08-03 15:13:32.748  2171  2261 I amsnl   : aq
08-03 15:13:32.748  2171  2261 I amsglsc : aq
08-03 15:13:32.748  2171  2261 I amsmsm  : sbrqst
08-03 15:13:32.759  2171  2250 I amsmsm  : sdmrrst
08-03 15:13:32.759  2171  2255 I amsshri : run
08-03 15:13:32.817  2171  2250 I amsmsm  : cmplt
08-03 15:13:32.819  2171  2250 I amsglsc : aql cmplt
08-03 15:13:32.820  2171  2261 I amsnl   : aqr
08-03 15:13:32.822  2171  2261 I amsc    : same acc
08-03 15:13:32.822  2171  2261 I amsc    : gt2
08-03 15:13:32.822  2171  2261 I amsc    : found: wx4gd2z, 1501743981255
08-03 15:13:32.822  2171  2261 I amsnl   : dist: 6
08-03 15:13:32.833  2171  2261 I amsnl   : t:true, fl: false, p: 20000, ce: true, we: true
08-03 15:13:32.835  2171  2261 I amsnl   : m1: false
08-03 15:13:32.837  2171  2261 I amsnl   : m2: false, m3: false
08-03 15:13:32.838  2171  2261 I amsnl   : rl
08-03 15:13:32.838  2171  2261 I amsnl   : c: false, w: true, t: false, l: true
08-03 15:13:32.838  2171  2261 I amsst   : report
08-03 15:13:32.839  2171  2261 I amsl    : now: 10069031 lastReportTime: 10046605 periodSecs: 20
08-03 15:13:32.839  2171  2261 I amsmgrnlp: [V1.9.2.3-1-2-l4a1g0p4f4v0ofalse(r)]org-n size:1 key:amsnlp
08-03 15:13:32.839  2171  2171 I amsnlp  : REPORT-LOCATION
08-03 15:13:32.839  2171  2261 I amsst   : period: 20 enabled: true
08-03 15:13:33.439  1058  1237 I chatty  : uid=1000(system) WiFiArpStateMac expire 20 lines
08-03 15:13:34.145 13120 13120 I CloudAlbum[5.3.0.303]: [CGCommonStatusReceiver] CGCommonStatusReceiver, action: android.intent.action.BATTERY_CHANGED
08-03 15:13:34.154  1813  1813 I Ptm.AbnormalObserver: current battery level value: 100
08-03 15:13:34.160 13120 13932 I CloudAlbum[5.3.0.303]: [ReceiverManager] ReceiverManager action: android.intent.action.BATTERY_CHANGED
08-03 15:13:34.161 13120 13932 E CloudAlbum[5.3.0.303]: [ReceiverManager] not log on ignore
08-03 15:13:34.166  1813  1813 W Ptm.AbnormalObserver: ljs, in checkIsAbnormalHot, Ap_temp = 31
08-03 15:13:35.577  1058  1186 I chatty  : uid=1000(system) WifiStateMachin expire 10 lines
08-03 15:13:43.583  1058  1245 I chatty  : uid=1000(system) Thread-11 expire 20 lines
08-03 15:13:43.595  1058  3170 I chatty  : uid=1000(system) MobileQosDetect expire 13 lines
08-03 15:13:45.965   568   568 E Thermal-daemon: [pa_0] temp_new :29  temp_old :30
08-03 15:13:45.966   568   568 E Thermal-daemon: Report temperature: [pa_0] temp :29  report_threshold:1
08-03 15:13:48.003  1374  1374 I chatty  : uid=10029(com.huawei.HwMultiScreenShot) com.android.systemui expire 41 lines
08-03 15:13:50.326  2171  2261 I amsnl   : ar
08-03 15:13:50.326  2171  2261 I amsnl   : t:false, fl: false, p: 20000, ce: true, we: true
08-03 15:13:50.330  2171  2261 I amsnl   : m1: false
08-03 15:13:50.336  2171  2261 I amsnl   : m2: false, m3: false
08-03 15:13:50.336  2171  2261 I amsnl   : c: false, w: true, t: true, l: false
08-03 15:13:50.337  2171  2261 I amsnl   : crs
08-03 15:13:50.337  2171  2261 I amsnl   : qg
08-03 15:13:50.347  2171  2261 I amsc    : same acc
08-03 15:13:50.348  2171  2261 I amsc    : gt2
08-03 15:13:50.348  2171  2261 I amsc    : found: wx4gd2z, 1501743981255
08-03 15:13:50.362  2171  2261 I amsnl   : uc
08-03 15:13:50.364  2171  2261 I amsnl   : report_loc:ODtbr4MKkiipA2NUkIEujewHzLh9n3AmT62Cke51vh8skjeXUwh0JmzjdYpmA7KUV+DyntBR7XVO
08-03 15:13:50.364  2171  2261 I amsnl   : dzA9j435+BIa4Ea6VL43bmoFo89bjJuv/zeKACToL/5PNNEHJiWhcDPa4IRPkUcWIYL/UIFzuKF+
08-03 15:13:50.364  2171  2261 I amsnl   : VqKveO29ywb9ddrWbZC1XVEWM76zx142k5d9c6vg03F4PA0sStGjpL8pVxqh/x7j6S7U3bQShrtS
08-03 15:13:50.364  2171  2261 I amsnl   : OU3CfgTkIc2XflDM6fu+8uZEB+lM4NHSjww9FQHoWjdvC3dBeQ
08-03 15:13:50.364  2171  2261 I amsst   : report
08-03 15:13:50.365  2171  2261 I amsl    : now: 10086558 lastReportTime: 10069031 periodSecs: 20
08-03 15:13:50.366  2171  2261 I amsl    : igore too fast report!
08-03 15:13:50.366  2171  2261 I amsst   : period: 20 enabled: true
08-03 15:13:50.374  1491  1504 W PhoneInterfaceManager: shouldBlockLocation running ...
08-03 15:13:50.375  1491  1504 I PhoneInterfaceManager: shouldBlockLocation  ret:false
08-03 15:13:50.380  1491  1964 W PhoneInterfaceManager: shouldBlockLocation running ...
08-03 15:13:50.380  1491  1964 I PhoneInterfaceManager: shouldBlockLocation  ret:false
08-03 15:13:50.384  1491  1728 W PhoneInterfaceManager: shouldBlockLocation running ...
08-03 15:13:50.384  1491  1728 I PhoneInterfaceManager: shouldBlockLocation  ret:false
08-03 15:13:50.387  2171  2261 I amsnl   : csr
08-03 15:13:50.387  2171  2261 I amsnl   : t:false, fl: false, p: 20000, ce: true, we: true
08-03 15:13:50.389  2171  2261 I amsnl   : m1: false
08-03 15:13:50.390  2171  2261 I amsnl   : m2: false, m3: false
08-03 15:13:50.391  2171  2261 I amsnl   : rl
08-03 15:13:50.391  2171  2261 I amsnl   : c: false, w: true, t: false, l: false
08-03 15:13:51.588  1058  1058 I chatty  : uid=1000 system_server expire 51 lines
08-03 15:13:53.559  1058  1237 I chatty  : uid=1000(system) WiFiArpStateMac expire 25 lines
08-03 15:13:56.836  1058  1186 I chatty  : uid=1000(system) WifiStateMachin expire 12 lines
08-03 15:13:59.606  1058  1247 I chatty  : uid=1000(system) HuaweiWifiWatch expire 12 lines
08-03 15:14:00.098  2201  2201 I HwLauncher: Model  onReceive intent=Intent { act=android.intent.action.TIME_TICK flg=0x50000014 (has extras) }
08-03 15:14:00.098  2201  2201 I HwLauncher: Model  onReceive user=UserHandle{0}
08-03 15:14:00.099  1374  1374 I chatty  : uid=10029(com.huawei.HwMultiScreenShot) com.android.systemui expire 34 lines
08-03 15:14:00.109  2201  2201 I TotemWeather: WeatherDataObserver info:receive action = #Intent;action=android.intent.action.TIME_TICK;launchFlags=0x50000014;i.android.intent.extra.ALARM_COUNT=1;end
08-03 15:14:00.120  2201  2201 I HwLauncher: ClockDynamicUpdater date changed begin
08-03 15:14:00.120  2201  2201 I HwLauncher: ClockDynamicUpdater date changed end
08-03 15:14:00.121  2201  2358 E HwLauncher: SettingsEx , no such field.
08-03 15:14:00.121  2201  2358 W HwLauncher: Clock getDataFormat the getSystemString failed.
08-03 15:14:00.122  2201  2358 I HwLauncher: ClockDynamicUpdater clock update folder at ClockDynamicUpdater
08-03 15:14:00.122  2201  2358 I HwLauncher: DynamicUpdater updateBitmap end and send update message
08-03 15:14:00.123  2201  2201 I HwLauncher: DynamicUpdater call updateFolder
08-03 15:14:00.128  2201  2201 I HwLauncher: CalenderDynamicUpdater date changed begin
08-03 15:14:00.128  2201  2201 I HwLauncher: CalenderDynamicUpdater date changed end
08-03 15:14:00.138  2201  2201 I TotemWeather: DateTimeView info:,Time =3:14,[:] timezone=中国标准时间
08-03 15:14:00.143  2201  2201 I TotemWeather: DateTimeView info:updateNextData nextTime: 60857
08-03 15:14:00.159  2201  2201 I TotemWeather: DateTimeView info:onTimeChanged
08-03 15:14:00.159  2201  2201 I TotemWeather: DateTimeView info:updateNextData nextTime: 0
08-03 15:14:00.159  2201  2201 I TotemWeather: DateTimeView info:onTimeChanged
08-03 15:14:00.160  2201  2201 I TotemWeather: DateTimeView info:updateNextData nextTime: 0
08-03 15:14:00.164  2201  2201 I TotemWeather: DateTimeView info:,Time =3:14,[:] timezone=中国标准时间
08-03 15:14:00.169  2201  2201 I TotemWeather: DateTimeView info:updateNextData nextTime: 60832
08-03 15:14:00.981   568   568 E Thermal-daemon: [ap] temp_new :30  temp_old :31
08-03 15:14:00.981   568   568 E Thermal-daemon: Report temperature: [ap] temp :30  report_threshold:1
08-03 15:14:05.984   568   568 E Thermal-daemon: [flash_led] temp_new :30  temp_old :31
08-03 15:14:05.984   568   568 E Thermal-daemon: Report temperature: [flash_led] temp :30  report_threshold:1
08-03 15:14:05.985   568   568 E Thermal-daemon: [ap] temp_new :31  temp_old :30
08-03 15:14:05.985   568   568 E Thermal-daemon: Report temperature: [ap] temp :31  report_threshold:1
08-03 15:14:06.996 13120 13120 I CloudAlbum[5.3.0.303]: [CGCommonStatusReceiver] CGCommonStatusReceiver, action: android.intent.action.BATTERY_CHANGED
08-03 15:14:07.005 13120 13932 I CloudAlbum[5.3.0.303]: [ReceiverManager] ReceiverManager action: android.intent.action.BATTERY_CHANGED
08-03 15:14:07.006 13120 13932 E CloudAlbum[5.3.0.303]: [ReceiverManager] not log on ignore
08-03 15:14:07.008  1813  1813 I Ptm.AbnormalObserver: current battery level value: 100
08-03 15:14:07.014  1813  1813 W Ptm.AbnormalObserver: ljs, in checkIsAbnormalHot, Ap_temp = 30
08-03 15:14:10.336  2171  2261 I amsnl   : ar
08-03 15:14:10.337  2171  2261 I amsnl   : t:false, fl: false, p: 20000, ce: true, we: true
08-03 15:14:10.350  2171  2261 I amsnl   : m1: false
08-03 15:14:10.364  2171  2261 I amsnl   : m2: false, m3: false
08-03 15:14:10.364  2171  2261 I amsnl   : c: false, w: true, t: true, l: false
08-03 15:14:10.365  2171  2261 I amsnl   : crs
08-03 15:14:10.365  2171  2261 I amsnl   : qg
08-03 15:14:10.375  2171  2261 I amsc    : same acc
08-03 15:14:10.376  2171  2261 I amsc    : gt2
08-03 15:14:10.376  2171  2261 I amsc    : found: wx4gd2z, 1501743981255
08-03 15:14:10.395  2171  2261 I amsnlp  : isConnected, isIdle: false isIgnoreBatOpt: true
08-03 15:14:10.408  2171  2261 I amsnl   : aq
08-03 15:14:10.409  2171  2261 I amsglsc : aq
08-03 15:14:10.409  2171  2261 I amsmsm  : sbrqst
08-03 15:14:10.414  1491  1502 W PhoneInterfaceManager: shouldBlockLocation running ...
08-03 15:14:10.415  1491  1502 I PhoneInterfaceManager: shouldBlockLocation  ret:false
08-03 15:14:10.420  2171  2250 I amsmsm  : sdmrrst
08-03 15:14:10.421  2171  2253 I amsshri : run
08-03 15:14:10.423  1491  8389 W PhoneInterfaceManager: shouldBlockLocation running ...
08-03 15:14:10.423  1491  8389 I PhoneInterfaceManager: shouldBlockLocation  ret:false
08-03 15:14:10.430  1491  8384 W PhoneInterfaceManager: shouldBlockLocation running ...
08-03 15:14:10.430  1491  8384 I PhoneInterfaceManager: shouldBlockLocation  ret:false
08-03 15:14:10.433  2171  2261 I amsnl   : csr
08-03 15:14:10.433  2171  2261 I amsnl   : t:false, fl: false, p: 20000, ce: true, we: true
08-03 15:14:10.435  2171  2261 I amsnl   : m1: false
08-03 15:14:10.437  2171  2261 I amsnl   : m2: false, m3: false
08-03 15:14:10.438  2171  2261 I amsnl   : rl
08-03 15:14:10.438  2171  2261 I amsnl   : c: false, w: true, t: false, l: false
08-03 15:14:10.485  2171  2250 I amsmsm  : cmplt
08-03 15:14:10.487  2171  2250 I amsglsc : aql cmplt
08-03 15:14:10.488  2171  2261 I amsnl   : aqr
08-03 15:14:10.491  2171  2261 I amsc    : same acc
08-03 15:14:10.492  2171  2261 I amsc    : gt2
08-03 15:14:10.492  2171  2261 I amsc    : found: wx4gd2z, 1501743981255
08-03 15:14:10.492  2171  2261 I amsnl   : dist: 6
08-03 15:14:10.506  2171  2261 I amsnl   : t:true, fl: false, p: 20000, ce: true, we: true
08-03 15:14:10.510  2171  2261 I amsnl   : m1: false
08-03 15:14:10.513  2171  2261 I amsnl   : m2: false, m3: false
08-03 15:14:10.514  2171  2261 I amsnl   : rl
08-03 15:14:10.514  2171  2261 I amsnl   : c: false, w: true, t: false, l: true
08-03 15:14:10.515  2171  2261 I amsst   : report
08-03 15:14:10.517  2171  2261 I amsl    : now: 10106709 lastReportTime: 10069031 periodSecs: 20
08-03 15:14:10.517  2171  2261 I amsmgrnlp: [V1.9.2.3-1-2-l4a1g0p4f4v0ofalse(r)]org-n size:1 key:amsnlp
08-03 15:14:10.518  2171  2171 I amsnlp  : REPORT-LOCATION
08-03 15:14:10.518  2171  2261 I amsst   : period: 20 enabled: true
08-03 15:14:10.991   568   568 E Thermal-daemon: [ap] temp_new :30  temp_old :31
08-03 15:14:10.991   568   568 E Thermal-daemon: Report temperature: [ap] temp :30  report_threshold:1
08-03 15:14:11.888  1058  1058 I chatty  : uid=1000 system_server expire 67 lines
08-03 15:14:12.127  1374  1374 I chatty  : uid=10029(com.huawei.HwMultiScreenShot) com.android.systemui expire 56 lines
08-03 15:14:15.624  1058  1247 I chatty  : uid=1000(system) HuaweiWifiWatch expire 12 lines
08-03 15:14:16.263 13464 13564 I tnet-jni: 292 - [spdyPingRecvCallback] - 
08-03 15:14:16.264 13464 13564 I tnet-jni: 292 - [SpdySessionCallBack.spdyPingRecvCallback] - org.android.spdy.SpdySession@24a25c8
08-03 15:14:16.517 13285 13384 I awcn.TnetSpdySession: |[seq:23302625.AWCN1_1] ping receive Host:https://acs4public.m.taobao.com id:21
08-03 15:14:19.682  1058  1237 I chatty  : uid=1000(system) WiFiArpStateMac expire 27 lines
08-03 15:14:20.351 13285 16926 W InstanceID/Rpc: No response android.os.ConditionVariable@62d2f5
08-03 15:14:23.614  1058  1186 I chatty  : uid=1000(system) WifiStateMachin expire 13 lines
08-03 15:14:23.618  1058  1245 I chatty  : uid=1000(system) Thread-11 expire 15 lines
08-03 15:14:30.342  2171  2261 I amsnl   : ar
08-03 15:14:30.344  2171  2261 I amsnl   : t:false, fl: false, p: 20000, ce: true, we: true
08-03 15:14:30.354  2171  2261 I amsnl   : m1: false
08-03 15:14:30.368  2171  2261 I amsnl   : m2: false, m3: false
08-03 15:14:30.369  2171  2261 I amsnl   : c: false, w: false, t: true, l: false
08-03 15:14:30.370  2171  2261 I amsnl   : crs
08-03 15:14:30.370  2171  2261 I amsnl   : wrs
08-03 15:14:30.389  1491  8390 W PhoneInterfaceManager: shouldBlockLocation running ...
08-03 15:14:30.389  1491  8390 I PhoneInterfaceManager: shouldBlockLocation  ret:false
08-03 15:14:30.399  1491  1728 W PhoneInterfaceManager: shouldBlockLocation running ...
08-03 15:14:30.399  1491  1728 I PhoneInterfaceManager: shouldBlockLocation  ret:false
08-03 15:14:30.406  1491  3318 W PhoneInterfaceManager: shouldBlockLocation running ...
08-03 15:14:30.406  1491  3318 I PhoneInterfaceManager: shouldBlockLocation  ret:false
08-03 15:14:30.410  2171  2261 I amsnl   : csr
08-03 15:14:30.410  2171  2261 I amsnl   : t:false, fl: false, p: 20000, ce: true, we: true
08-03 15:14:30.412  2171  2261 I amsnl   : m1: false
08-03 15:14:30.414  2171  2261 I amsnl   : m2: false, m3: false
08-03 15:14:30.415  2171  2261 I amsnl   : c: false, w: false, t: false, l: false
08-03 15:14:31.310  1813  2914 W Ptm.AbnormalObserver: unhandled mesg: 4008
08-03 15:14:31.637  1058  1247 I chatty  : uid=1000(system) HuaweiWifiWatch expire 12 lines
08-03 15:14:32.783  1058  1323 I chatty  : uid=1000(system) Binder:1058_5 expire 1 line
08-03 15:14:32.788  2171  2261 I amsnl   : wsr
08-03 15:14:32.793  2171  2261 I amsnl   : t:false, fl: false, p: 20000, ce: true, we: true
08-03 15:14:32.802  2171  2261 I amsnl   : m1: false
08-03 15:14:32.804  2171  2261 I amsnl   : m2: false, m3: false
08-03 15:14:32.805  2171  2261 I amsnl   : rl
08-03 15:14:32.805  2171  2261 I amsnl   : c: false, w: true, t: false, l: false
08-03 15:14:32.806  2171  2261 I amsnl   : qg
08-03 15:14:32.818  2171  2261 I amsc    : same acc
08-03 15:14:32.819  2171  2261 I amsc    : gt2
08-03 15:14:32.819  2171  2261 I amsc    : found: wx4gd2z, 1501743981255
