D/ConnectivityService(  795): getActiveNetworkInfo:NetworkInfo: type: WIFI[], state: CONNECTED/CONNECTED, reason: (unspecified), extra: "yizhibo", roaming: false, failover: false, isAvailable: true, isConnectedToProvisioningNetwork: false, simId: 0/10464
D/ConnectivityService(  795): getActiveNetworkInfo:NetworkInfo: type: WIFI[], state: CONNECTED/CONNECTED, reason: (unspecified), extra: "yizhibo", roaming: false, failover: false, isAvailable: true, isConnectedToProvisioningNetwork: false, simId: 0/10464
D/ActivityThread( 7421): SVC-Creating service: CreateServiceData{token=android.os.BinderProxy@42a5fc00 className=com.ss.android.message.NotifyService packageName=com.ss.android.article.news intent=null}
D/ActivityManager(  795): getContentProviderImpl: from caller=android.app.ApplicationThreadProxy@42e25dc8 (pid=7421, userId=0) to get content provider com.ss.android.pushmanager.setting.PushMultiProcessSharedProvider143 cpr=ContentProviderRecord{42b6f1b8 u0 com.ss.android.article.news/com.ss.android.pushmanager.setting.PushMultiProcessSharedProvider}
D/ActivityManager(  795): getContentProviderImpl: updateLruProcessLocked cpr.proc=ProcessRecord{4390e228 7446:com.ss.android.article.news/u0a464}
D/ActivityThread( 7421): hoder:android.app.IActivityManager$ContentProviderHolder@42a6ed18,provider,holder.Provider:android.content.ContentProviderProxy@42a6f548
V/NotificationService(  795): enqueueNotificationInternal: pkg=com.ss.android.article.news id=1 notification=Notification(pri=0 contentView=com.ss.android.article.news/0xc09041a vibrate=null sound=null defaults=0x0 flags=0x40 kind=[null])
V/NotificationService(  795): Initial score is 0.
V/NotificationService(  795): Final score is 0.
V/MoMS.NotificationController(  795): notifications are enabled for com.ss.android.article.news
V/NotificationService(  795): notifications are disabled by AppOps for com.ss.android.article.news
E/NotificationService(  795): Suppressing notification from package com.ss.android.article.news by user request.
V/NotificationService(  795): Assigned score=-1000 to Notification(pri=0 contentView=com.ss.android.article.news/0xc09041a vibrate=null sound=null defaults=0x0 flags=0x40 kind=[null])
D/ConnectivityService(  795): getActiveNetworkInfo:NetworkInfo: type: WIFI[], state: CONNECTED/CONNECTED, reason: (unspecified), extra: "yizhibo", roaming: false, failover: false, isAvailable: true, isConnectedToProvisioningNetwork: false, simId: 0/10464
D/ActivityManager(  795): getContentProviderImpl: from caller=android.app.ApplicationThreadProxy@43957608 (pid=7525, userId=0) to get content provider com.ss.android.pushmanager.setting.PushMultiProcessSharedProvider143 cpr=ContentProviderRecord{42b6f1b8 u0 com.ss.android.article.news/com.ss.android.pushmanager.setting.PushMultiProcessSharedProvider}
D/ActivityManager(  795): getContentProviderImpl: updateLruProcessLocked cpr.proc=ProcessRecord{4390e228 7446:com.ss.android.article.news/u0a464}
D/ActivityThread( 7525): hoder:android.app.IActivityManager$ContentProviderHolder@42855480,provider,holder.Provider:android.content.ContentProviderProxy@42855cb0
D/ConnectivityService(  795): getActiveNetworkInfo:NetworkInfo: type: WIFI[], state: CONNECTED/CONNECTED, reason: (unspecified), extra: "yizhibo", roaming: false, failover: false, isAvailable: true, isConnectedToProvisioningNetwork: false, simId: 0/10464
D/ConnectivityService(  795): getActiveNetworkInfo:NetworkInfo: type: WIFI[], state: CONNECTED/CONNECTED, reason: (unspecified), extra: "yizhibo", roaming: false, failover: false, isAvailable: true, isConnectedToProvisioningNetwork: false, simId: 0/10464
D/ActivityThread( 7421): SVC-CREATE_SERVICE handled : 0 / CreateServiceData{token=android.os.BinderProxy@42a5fc00 className=com.ss.android.message.NotifyService packageName=com.ss.android.article.news intent=null}
D/VoldConnector(  795): SND -> {25 volume mkdirs /storage/sdcard1/Android/data/com.ss.android.article.news/files/}
I/FrameworkListener(  233): onDataAvailable get 82 bytes 
D/VoldCmdListener(  233): volume mkdirs /storage/sdcard1/Android/data/com.ss.android.article.news/files/
W/Vold    (  233): Returning OperationFailed - no handler for errno 30
D/SocketClient(  233): SocketClient msg = volume operation failed
D/SocketClient(  233): SocketClient sendDatalocked done: 400 25 volume operation failed (Read-only file system)
D/VoldConnector(  795): RCV <- {400 25 volume operation failed (Read-only file system)}
D/VoldConnector(  795): RMV <- {400 25 volume operation failed (Read-only file system)}
D/ActivityThread( 7421): SVC-SERVICE_ARGS handled : 0 / ServiceArgsData{token=android.os.BinderProxy@42a5fc00 startId=1 args=Intent { cmp=com.ss.android.article.news/com.ss.android.message.NotifyService }}
D/ConnectivityService(  795): getActiveNetworkInfo:NetworkInfo: type: WIFI[], state: CONNECTED/CONNECTED, reason: (unspecified), extra: "yizhibo", roaming: false, failover: false, isAvailable: true, isConnectedToProvisioningNetwork: false, simId: 0/10464
D/ActivityThread( 7421): SVC-BIND_SERVICE handled : 0 / BindServiceData{token=android.os.BinderProxy@42a5fc00 intent=Intent { cmp=com.ss.android.article.news/com.ss.android.message.NotifyService }}
D/ActivityThread( 7421): SVC-Creating service: CreateServiceData{token=android.os.BinderProxy@42a70200 className=com.ss.android.message.NotifyIntentService packageName=com.ss.android.article.news intent=null}
D/ActivityThread( 7421): SVC-CREATE_SERVICE handled : 0 / CreateServiceData{token=android.os.BinderProxy@42a70200 className=com.ss.android.message.NotifyIntentService packageName=com.ss.android.article.news intent=null}
D/ActivityThread( 7421): SVC-SERVICE_ARGS handled : 0 / ServiceArgsData{token=android.os.BinderProxy@42a70200 startId=1 args=Intent { cmp=com.ss.android.article.news/com.ss.android.message.NotifyIntentService }}
V/NotificationService(  795): enqueueNotificationInternal: pkg=com.ss.android.article.news id=1 notification=Notification(pri=0 contentView=com.ss.android.article.news/0xc09041a vibrate=null sound=null defaults=0x0 flags=0x40 kind=[null])
V/NotificationService(  795): Initial score is 0.
V/NotificationService(  795): Final score is 0.
V/MoMS.NotificationController(  795): notifications are enabled for com.ss.android.article.news
V/NotificationService(  795): notifications are disabled by AppOps for com.ss.android.article.news
E/NotificationService(  795): Suppressing notification from package com.ss.android.article.news by user request.
D/ActivityThread( 7421): SVC-Destroying service: com.ss.android.message.NotifyIntentService@42ad77d0
V/NotificationService(  795): Assigned score=-1000 to Notification(pri=0 contentView=com.ss.android.article.news/0xc09041a vibrate=null sound=null defaults=0x0 flags=0x40 kind=[null])
D/ActivityThread( 7421): SVC-STOP_SERVICE handled : 0 / android.os.BinderProxy@42a70200
D/ActivityManager(  795): getContentProviderImpl: from caller=android.app.ApplicationThreadProxy@42ca5950 (pid=7421, userId=0) to get content provider com.ss.android.common.multiprocess.SHARE_PROVIDER_AUTHORITY143 cpr=ContentProviderRecord{436d17a8 u0 com.ss.android.article.news/com.ss.android.common.util.MultiProcessSharedProvider}
D/ConnectivityService(  795): getActiveNetworkInfo:NetworkInfo: type: WIFI[], state: CONNECTED/CONNECTED, reason: (unspecified), extra: "yizhibo", roaming: false, failover: false, isAvailable: true, isConnectedToProvisioningNetwork: false, simId: 0/10464
D/ActivityManager(  795): getContentProviderImpl: updateLruProcessLocked cpr.proc=ProcessRecord{4390e228 7446:com.ss.android.article.news/u0a464}
D/ActivityThread( 7421): hoder:android.app.IActivityManager$ContentProviderHolder@42ae1270,provider,holder.Provider:android.content.ContentProviderProxy@42ae1a20
D/ConnectivityService(  795): getActiveNetworkInfo:NetworkInfo: type: WIFI[], state: CONNECTED/CONNECTED, reason: (unspecified), extra: "yizhibo", roaming: false, failover: false, isAvailable: true, isConnectedToProvisioningNetwork: false, simId: 0/10464
D/ConnectivityService(  795): getActiveNetworkInfo:NetworkInfo: type: WIFI[], state: CONNECTED/CONNECTED, reason: (unspecified), extra: "yizhibo", roaming: false, failover: false, isAvailable: true, isConnectedToProvisioningNetwork: false, simId: 0/10464
D/VoldConnector(  795): SND -> {26 volume mkdirs /storage/sdcard1/Android/data/com.ss.android.article.news/files/tnetlogs/}
I/FrameworkListener(  233): onDataAvailable get 91 bytes 
D/VoldCmdListener(  233): volume mkdirs /storage/sdcard1/Android/data/com.ss.android.article.news/files/tnetlogs/
W/Vold    (  233): Returning OperationFailed - no handler for errno 30
D/SocketClient(  233): SocketClient msg = volume operation failed
D/SocketClient(  233): SocketClient sendDatalocked done: 400 26 volume operation failed (Read-only file system)
D/VoldConnector(  795): RCV <- {400 26 volume operation failed (Read-only file system)}
D/VoldConnector(  795): RMV <- {400 26 volume operation failed (Read-only file system)}
D/ActivityManager(  795): getContentProviderImpl: from caller=android.app.ApplicationThreadProxy@42b776b0 (pid=7421, userId=0) to get content provider com.ss.android.common.multiprocess.SHARE_PROVIDER_AUTHORITY143 cpr=ContentProviderRecord{436d17a8 u0 com.ss.android.article.news/com.ss.android.common.util.MultiProcessSharedProvider}
D/ActivityManager(  795): getContentProviderImpl: updateLruProcessLocked cpr.proc=ProcessRecord{4390e228 7446:com.ss.android.article.news/u0a464}
D/ActivityThread( 7421): hoder:android.app.IActivityManager$ContentProviderHolder@42aebf80,provider,holder.Provider:android.content.ContentProviderProxy@42aec730
D/ActivityManager(  795): getContentProviderImpl: from caller=android.app.ApplicationThreadProxy@42f1f7b8 (pid=7421, userId=0) to get content provider com.ss.android.common.multiprocess.SHARE_PROVIDER_AUTHORITY143 cpr=ContentProviderRecord{436d17a8 u0 com.ss.android.article.news/com.ss.android.common.util.MultiProcessSharedProvider}
D/ActivityManager(  795): getContentProviderImpl: updateLruProcessLocked cpr.proc=ProcessRecord{4390e228 7446:com.ss.android.article.news/u0a464}
D/ActivityThread( 7421): hoder:android.app.IActivityManager$ContentProviderHolder@42aeda78,provider,holder.Provider:android.content.ContentProviderProxy@42aee228
D/ActivityManager(  795): getContentProviderImpl: from caller=android.app.ApplicationThreadProxy@438b16e8 (pid=7421, userId=0) to get content provider com.ss.android.common.multiprocess.SHARE_PROVIDER_AUTHORITY143 cpr=ContentProviderRecord{436d17a8 u0 com.ss.android.article.news/com.ss.android.common.util.MultiProcessSharedProvider}
D/ActivityManager(  795): getContentProviderImpl: updateLruProcessLocked cpr.proc=ProcessRecord{4390e228 7446:com.ss.android.article.news/u0a464}
D/ActivityThread( 7421): hoder:android.app.IActivityManager$ContentProviderHolder@42aef570,provider,holder.Provider:android.content.ContentProviderProxy@42aefd20
D/ActivityThread( 7446): SVC-Destroying service: com.ss.android.newmedia.message.MessageHandler@43625850
D/ActivityThread( 7446): SVC-STOP_SERVICE handled : 0 / android.os.BinderProxy@428e88d8
D/ActivityThread( 7446): SVC-Creating service: CreateServiceData{token=android.os.BinderProxy@42b441c8 className=com.xiaomi.mipush.sdk.PushMessageHandler packageName=com.ss.android.article.news intent=null}
D/ActivityManager(  795): getContentProviderImpl: from caller=android.app.ApplicationThreadProxy@43bb9f70 (pid=7421, userId=0) to get content provider com.ss.android.common.multiprocess.SHARE_PROVIDER_AUTHORITY143 cpr=ContentProviderRecord{436d17a8 u0 com.ss.android.article.news/com.ss.android.common.util.MultiProcessSharedProvider}
D/ActivityManager(  795): getContentProviderImpl: updateLruProcessLocked cpr.proc=ProcessRecord{4390e228 7446:com.ss.android.article.news/u0a464}
D/ActivityThread( 7421): hoder:android.app.IActivityManager$ContentProviderHolder@42af1058,provider,holder.Provider:android.content.ContentProviderProxy@42af1808
D/ActivityThread( 7446): SVC-CREATE_SERVICE handled : 0 / CreateServiceData{token=android.os.BinderProxy@42b441c8 className=com.xiaomi.mipush.sdk.PushMessageHandler packageName=com.ss.android.article.news intent=null}
D/ActivityManager(  795): getContentProviderImpl: from caller=android.app.ApplicationThreadProxy@42bfc7f8 (pid=7421, userId=0) to get content provider com.ss.android.common.multiprocess.SHARE_PROVIDER_AUTHORITY143 cpr=ContentProviderRecord{436d17a8 u0 com.ss.android.article.news/com.ss.android.common.util.MultiProcessSharedProvider}
D/ActivityManager(  795): getContentProviderImpl: updateLruProcessLocked cpr.proc=ProcessRecord{4390e228 7446:com.ss.android.article.news/u0a464}
D/ActivityThread( 7446): SVC-SERVICE_ARGS handled : 0 / ServiceArgsData{token=android.os.BinderProxy@42b441c8 startId=1 args=Intent { act=com.xiaomi.mipush.RECEIVE_MESSAGE cmp=com.ss.android.article.news/com.xiaomi.mipush.sdk.PushMessageHandler (has extras) }}
D/ActivityThread( 7421): hoder:android.app.IActivityManager$ContentProviderHolder@42af2b48,provider,holder.Provider:android.content.ContentProviderProxy@42af32f8
D/ActivityManager(  795): getContentProviderImpl: from caller=android.app.ApplicationThreadProxy@43becec8 (pid=7421, userId=0) to get content provider com.ss.android.common.multiprocess.SHARE_PROVIDER_AUTHORITY143 cpr=ContentProviderRecord{436d17a8 u0 com.ss.android.article.news/com.ss.android.common.util.MultiProcessSharedProvider}
D/ActivityManager(  795): getContentProviderImpl: updateLruProcessLocked cpr.proc=ProcessRecord{4390e228 7446:com.ss.android.article.news/u0a464}
D/ActivityThread( 7421): hoder:android.app.IActivityManager$ContentProviderHolder@42af59c8,provider,holder.Provider:android.content.ContentProviderProxy@42af6178
D/ActivityThread( 7421): SVC-Creating service: CreateServiceData{token=android.os.BinderProxy@42af6ab8 className=com.ss.android.message.log.LogService packageName=com.ss.android.article.news intent=null}
D/ConnectivityService(  795): getActiveNetworkInfo:NetworkInfo: type: WIFI[], state: CONNECTED/CONNECTED, reason: (unspecified), extra: "yizhibo", roaming: false, failover: false, isAvailable: true, isConnectedToProvisioningNetwork: false, simId: 0/10464
D/ActivityThread( 7421): SVC-CREATE_SERVICE handled : 0 / CreateServiceData{token=android.os.BinderProxy@42af6ab8 className=com.ss.android.message.log.LogService packageName=com.ss.android.article.news intent=null}
D/ActivityThread( 7421): SVC-BIND_SERVICE handled : 0 / BindServiceData{token=android.os.BinderProxy@42af6ab8 intent=Intent { cmp=com.ss.android.article.news/com.ss.android.message.log.LogService }}
D/ActivityManager(  795): getContentProviderImpl: from caller=android.app.ApplicationThreadProxy@42bcbd60 (pid=7421, userId=0) to get content provider com.ss.android.pushmanager.setting.PushMultiProcessSharedProvider143 cpr=ContentProviderRecord{42b6f1b8 u0 com.ss.android.article.news/com.ss.android.pushmanager.setting.PushMultiProcessSharedProvider}
D/ActivityManager(  795): getContentProviderImpl: updateLruProcessLocked cpr.proc=ProcessRecord{4390e228 7446:com.ss.android.article.news/u0a464}
D/ActivityManager(  795): getContentProviderImpl: from caller=android.app.ApplicationThreadProxy@42bc94c8 (pid=7421, userId=0) to get content provider com.ss.android.common.multiprocess.SHARE_PROVIDER_AUTHORITY143 cpr=ContentProviderRecord{436d17a8 u0 com.ss.android.article.news/com.ss.android.common.util.MultiProcessSharedProvider}
D/ActivityManager(  795): getContentProviderImpl: updateLruProcessLocked cpr.proc=ProcessRecord{4390e228 7446:com.ss.android.article.news/u0a464}
D/ActivityThread( 7421): hoder:android.app.IActivityManager$ContentProviderHolder@42afba50,provider,holder.Provider:android.content.ContentProviderProxy@42afc750
D/ActivityThread( 7421): hoder:android.app.IActivityManager$ContentProviderHolder@42afc0f0,provider,holder.Provider:android.content.ContentProviderProxy@42afca40
D/ActivityManager(  795): getContentProviderImpl: from caller=android.app.ApplicationThreadProxy@42b666b0 (pid=7421, userId=0) to get content provider com.ss.android.pushmanager.setting.PushMultiProcessSharedProvider143 cpr=ContentProviderRecord{42b6f1b8 u0 com.ss.android.article.news/com.ss.android.pushmanager.setting.PushMultiProcessSharedProvider}
D/ActivityManager(  795): getContentProviderImpl: updateLruProcessLocked cpr.proc=ProcessRecord{4390e228 7446:com.ss.android.article.news/u0a464}
D/ActivityThread( 7421): hoder:android.app.IActivityManager$ContentProviderHolder@42afe3a8,provider,holder.Provider:android.content.ContentProviderProxy@42afeb78
D/ConnectivityService(  795): getActiveNetworkInfo:NetworkInfo: type: WIFI[], state: CONNECTED/CONNECTED, reason: (unspecified), extra: "yizhibo", roaming: false, failover: false, isAvailable: true, isConnectedToProvisioningNetwork: false, simId: 0/10464
D/ActivityManager(  795): getContentProviderImpl: from caller=android.app.ApplicationThreadProxy@42b61fe8 (pid=7421, userId=0) to get content provider com.ss.android.common.multiprocess.SHARE_PROVIDER_AUTHORITY143 cpr=ContentProviderRecord{436d17a8 u0 com.ss.android.article.news/com.ss.android.common.util.MultiProcessSharedProvider}
D/ActivityThread( 7421): SVC-UNBIND_SERVICE handled : 0 / BindServiceData{token=android.os.BinderProxy@42a5fc00 intent=Intent { cmp=com.ss.android.article.news/com.ss.android.message.NotifyService }}
D/ActivityManager(  795): getContentProviderImpl: updateLruProcessLocked cpr.proc=ProcessRecord{4390e228 7446:com.ss.android.article.news/u0a464}
D/ActivityThread( 7421): hoder:android.app.IActivityManager$ContentProviderHolder@42b04688,provider,holder.Provider:android.content.ContentProviderProxy@42b04e38
D/ConnectivityService(  795): getActiveNetworkInfo:NetworkInfo: type: WIFI[], state: CONNECTED/CONNECTED, reason: (unspecified), extra: "yizhibo", roaming: false, failover: false, isAvailable: true, isConnectedToProvisioningNetwork: false, simId: 0/10464
D/ConnectivityService(  795): getActiveNetworkInfo:NetworkInfo: type: WIFI[], state: CONNECTED/CONNECTED, reason: (unspecified), extra: "yizhibo", roaming: false, failover: false, isAvailable: true, isConnectedToProvisioningNetwork: false, simId: 0/10464
D/ConnectivityService(  795): getActiveNetworkInfo:NetworkInfo: type: WIFI[], state: CONNECTED/CONNECTED, reason: (unspecified), extra: "yizhibo", roaming: false, failover: false, isAvailable: true, isConnectedToProvisioningNetwork: false, simId: 0/10464
D/ConnectivityService(  795): getActiveNetworkInfo:NetworkInfo: type: WIFI[], state: CONNECTED/CONNECTED, reason: (unspecified), extra: "yizhibo", roaming: false, failover: false, isAvailable: true, isConnectedToProvisioningNetwork: false, simId: 0/10464
D/ConnectivityService(  795): getActiveNetworkInfo:NetworkInfo: type: WIFI[], state: CONNECTED/CONNECTED, reason: (unspecified), extra: "yizhibo", roaming: false, failover: false, isAvailable: true, isConnectedToProvisioningNetwork: false, simId: 0/10464
D/ConnectivityService(  795): getActiveNetworkInfo:NetworkInfo: type: WIFI[], state: CONNECTED/CONNECTED, reason: (unspecified), extra: "yizhibo", roaming: false, failover: false, isAvailable: true, isConnectedToProvisioningNetwork: false, simId: 0/10464
D/ConnectivityService(  795): getActiveNetworkInfo:NetworkInfo: type: WIFI[], state: CONNECTED/CONNECTED, reason: (unspecified), extra: "yizhibo", roaming: false, failover: false, isAvailable: true, isConnectedToProvisioningNetwork: false, simId: 0/10464
D/ConnectivityService(  795): getActiveNetworkInfo:NetworkInfo: type: WIFI[], state: CONNECTED/CONNECTED, reason: (unspecified), extra: "yizhibo", roaming: false, failover: false, isAvailable: true, isConnectedToProvisioningNetwork: false, simId: 0/10464
D/ConnectivityService(  795): getActiveNetworkInfo:NetworkInfo: type: WIFI[], state: CONNECTED/CONNECTED, reason: (unspecified), extra: "yizhibo", roaming: false, failover: false, isAvailable: true, isConnectedToProvisioningNetwork: false, simId: 0/10464
D/ConnectivityService(  795): getActiveNetworkInfo:NetworkInfo: type: WIFI[], state: CONNECTED/CONNECTED, reason: (unspecified), extra: "yizhibo", roaming: false, failover: false, isAvailable: true, isConnectedToProvisioningNetwork: false, simId: 0/10464
D/ConnectivityService(  795): getActiveNetworkInfo:NetworkInfo: type: WIFI[], state: CONNECTED/CONNECTED, reason: (unspecified), extra: "yizhibo", roaming: false, failover: false, isAvailable: true, isConnectedToProvisioningNetwork: false, simId: 0/10464
D/ConnectivityService(  795): getActiveNetworkInfo:NetworkInfo: type: WIFI[], state: CONNECTED/CONNECTED, reason: (unspecified), extra: "yizhibo", roaming: false, failover: false, isAvailable: true, isConnectedToProvisioningNetwork: false, simId: 0/10464
D/ConnectivityService(  795): getActiveNetworkInfo:NetworkInfo: type: WIFI[], state: CONNECTED/CONNECTED, reason: (unspecified), extra: "yizhibo", roaming: false, failover: false, isAvailable: true, isConnectedToProvisioningNetwork: false, simId: 0/10464
D/ConnectivityService(  795): getActiveNetworkInfo:NetworkInfo: type: WIFI[], state: CONNECTED/CONNECTED, reason: (unspecified), extra: "yizhibo", roaming: false, failover: false, isAvailable: true, isConnectedToProvisioningNetwork: false, simId: 0/10464
D/ConnectivityService(  795): getActiveNetworkInfo:NetworkInfo: type: WIFI[], state: CONNECTED/CONNECTED, reason: (unspecified), extra: "yizhibo", roaming: false, failover: false, isAvailable: true, isConnectedToProvisioningNetwork: false, simId: 0/10464
D/ConnectivityService(  795): getActiveNetworkInfo:NetworkInfo: type: WIFI[], state: CONNECTED/CONNECTED, reason: (unspecified), extra: "yizhibo", roaming: false, failover: false, isAvailable: true, isConnectedToProvisioningNetwork: false, simId: 0/10464
D/ConnectivityService(  795): getActiveNetworkInfo:NetworkInfo: type: WIFI[], state: CONNECTED/CONNECTED, reason: (unspecified), extra: "yizhibo", roaming: false, failover: false, isAvailable: true, isConnectedToProvisioningNetwork: false, simId: 0/10464
D/ConnectivityService(  795): getActiveNetworkInfo:NetworkInfo: type: WIFI[], state: CONNECTED/CONNECTED, reason: (unspecified), extra: "yizhibo", roaming: false, failover: false, isAvailable: true, isConnectedToProvisioningNetwork: false, simId: 0/10464
D/ActivityThread( 7446): SVC-Creating service: CreateServiceData{token=android.os.BinderProxy@42da7870 className=com.umeng.message.UmengMessageCallbackHandlerService packageName=com.ss.android.article.news intent=null}
D/ActivityThread( 7446): SVC-CREATE_SERVICE handled : 0 / CreateServiceData{token=android.os.BinderProxy@42da7870 className=com.umeng.message.UmengMessageCallbackHandlerService packageName=com.ss.android.article.news intent=null}
D/ActivityThread( 7446): SVC-SERVICE_ARGS handled : 0 / ServiceArgsData{token=android.os.BinderProxy@42da7870 startId=1 args=Intent { act=com.umeng.messge.registercallback.action pkg=com.ss.android.article.news (has extras) }}
D/ActivityThread( 7446): SVC-Creating service: CreateServiceData{token=android.os.BinderProxy@42c599e0 className=com.xiaomi.mipush.sdk.MessageHandleService packageName=com.ss.android.article.news intent=null}
D/ActivityThread( 7446): SVC-CREATE_SERVICE handled : 0 / CreateServiceData{token=android.os.BinderProxy@42c599e0 className=com.xiaomi.mipush.sdk.MessageHandleService packageName=com.ss.android.article.news intent=null}
D/ActivityThread( 7446): SVC-SERVICE_ARGS handled : 0 / ServiceArgsData{token=android.os.BinderProxy@42c599e0 startId=1 args=Intent { cmp=com.ss.android.article.news/com.xiaomi.mipush.sdk.MessageHandleService }}
D/ActivityThread( 7446): SVC-Destroying service: com.xiaomi.mipush.sdk.PushMessageHandler@42ed83e8
D/ActivityThread( 7446): SVC-STOP_SERVICE handled : 0 / android.os.BinderProxy@42b441c8
D/ConnectivityService(  795): getActiveNetworkInfo:NetworkInfo: type: WIFI[], state: CONNECTED/CONNECTED, reason: (unspecified), extra: "yizhibo", roaming: false, failover: false, isAvailable: true, isConnectedToProvisioningNetwork: false, simId: 0/10464
D/ActivityThread( 7421): SVC-UNBIND_SERVICE handled : 0 / BindServiceData{token=android.os.BinderProxy@42af6ab8 intent=Intent { cmp=com.ss.android.article.news/com.ss.android.message.log.LogService }}
D/ActivityThread( 7421): SVC-Destroying service: com.ss.android.message.log.LogService@42af7558
D/ActivityThread( 7446): SVC-Creating service: CreateServiceData{token=android.os.BinderProxy@4298d710 className=com.ss.android.newmedia.message.MessageHandler packageName=com.ss.android.article.news intent=null}
D/ActivityThread( 7446): SVC-CREATE_SERVICE handled : 0 / CreateServiceData{token=android.os.BinderProxy@4298d710 className=com.ss.android.newmedia.message.MessageHandler packageName=com.ss.android.article.news intent=null}
D/ActivityThread( 7446): SVC-SERVICE_ARGS handled : 0 / ServiceArgsData{token=android.os.BinderProxy@4298d710 startId=1 args=Intent { act=com.ss.android.xiaomi.message pkg=com.ss.android.article.news (has extras) }}
D/ActivityThread( 7446): SVC-Destroying service: com.xiaomi.mipush.sdk.MessageHandleService@42d34d00
D/ActivityThread( 7446): SVC-STOP_SERVICE handled : 0 / android.os.BinderProxy@42c599e0
I/FrameworkListener(  243): onDataAvailable get 46 bytes 
D/ActivityThread( 7446): SVC-Creating service: CreateServiceData{token=android.os.BinderProxy@42bf4ae8 className=com.xiaomi.mipush.sdk.PushMessageHandler packageName=com.ss.android.article.news intent=null}
D/SocketClient(  243): SocketClient sendDatalocked done: 222
D/SocketClient(  243): SocketClient sendDatalocked done: 
D/SocketClient(  243): SocketClient sendDatalocked done: 
D/SocketClient(  243): SocketClient sendDatalocked done: 
D/SocketClient(  243): SocketClient sendDatalocked done: 
D/SocketClient(  243): SocketClient sendDatalocked done: 
D/SocketClient(  243): SocketClient sendDatalocked done: 
D/SocketClient(  243): SocketClient sendDatalocked done: 
D/SocketClient(  243): SocketClient sendDatalocked done: 
D/SocketClient(  243): SocketClient sendDatalocked done: 
D/SocketClient(  243): SocketClient sendDatalocked done: 
D/SocketClient(  243): SocketClient sendDatalocked done: 
D/SocketClient(  243): SocketClient sendDatalocked done: 
D/SocketClient(  243): SocketClient sendDatalocked done: 
D/SocketClient(  243): SocketClient sendDatalocked done: 
D/SocketClient(  243): SocketClient sendDatalocked done: 
D/SocketClient(  243): SocketClient sendDatalocked done: 
D/SocketClient(  243): SocketClient sendDatalocked done: 
D/SocketClient(  243): SocketClient sendDatalocked done: 
D/SocketClient(  243): SocketClient sendDatalocked done: 
D/SocketClient(  243): SocketClient sendDatalocked done: 
D/SocketClient(  243): SocketClient sendDatalocked done: 
D/ActivityThread( 7421): SVC-STOP_SERVICE handled : 0 / android.os.BinderProxy@42af6ab8
D/ActivityThread( 7446): SVC-CREATE_SERVICE handled : 0 / CreateServiceData{token=android.os.BinderProxy@42bf4ae8 className=com.xiaomi.mipush.sdk.PushMessageHandler packageName=com.ss.android.article.news intent=null}
D/ConnectivityService(  795): getActiveNetworkInfo:NetworkInfo: type: WIFI[], state: CONNECTED/CONNECTED, reason: (unspecified), extra: "yizhibo", roaming: false, failover: false, isAvailable: true, isConnectedToProvisioningNetwork: false, simId: 0/10464
D/ActivityThread( 7446): SVC-SERVICE_ARGS handled : 0 / ServiceArgsData{token=android.os.BinderProxy@42bf4ae8 startId=1 args=Intent { act=com.xiaomi.mipush.RECEIVE_MESSAGE cmp=com.ss.android.article.news/com.xiaomi.mipush.sdk.PushMessageHandler (has extras) }}
D/ActivityThread( 7446): SVC-Destroying service: com.ss.android.newmedia.message.MessageHandler@42d45b80
D/ActivityThread( 7446): SVC-STOP_SERVICE handled : 0 / android.os.BinderProxy@4298d710
D/ConnectivityService(  795): getActiveNetworkInfo:NetworkInfo: type: WIFI[], state: CONNECTED/CONNECTED, reason: (unspecified), extra: "yizhibo", roaming: false, failover: false, isAvailable: true, isConnectedToProvisioningNetwork: false, simId: 0/10464
D/ConnectivityService(  795): getActiveNetworkInfo:NetworkInfo: type: WIFI[], state: CONNECTED/CONNECTED, reason: (unspecified), extra: "yizhibo", roaming: false, failover: false, isAvailable: true, isConnectedToProvisioningNetwork: false, simId: 0/10464
D/ActivityThread( 7446): SVC-Creating service: CreateServiceData{token=android.os.BinderProxy@42bf94b8 className=com.xiaomi.mipush.sdk.MessageHandleService packageName=com.ss.android.article.news intent=null}
D/ActivityThread( 7446): SVC-CREATE_SERVICE handled : 0 / CreateServiceData{token=android.os.BinderProxy@42bf94b8 className=com.xiaomi.mipush.sdk.MessageHandleService packageName=com.ss.android.article.news intent=null}
D/ActivityThread( 7446): SVC-SERVICE_ARGS handled : 0 / ServiceArgsData{token=android.os.BinderProxy@42bf94b8 startId=1 args=Intent { cmp=com.ss.android.article.news/com.xiaomi.mipush.sdk.MessageHandleService }}
D/ActivityThread( 7446): SVC-Destroying service: com.xiaomi.mipush.sdk.PushMessageHandler@42ea2878
D/ActivityThread( 7446): SVC-STOP_SERVICE handled : 0 / android.os.BinderProxy@42bf4ae8
D/ConnectivityService(  795): getActiveNetworkInfo:NetworkInfo: type: WIFI[], state: CONNECTED/CONNECTED, reason: (unspecified), extra: "yizhibo", roaming: false, failover: false, isAvailable: true, isConnectedToProvisioningNetwork: false, simId: 0/10464
D/ConnectivityService(  795): getActiveNetworkInfo:NetworkInfo: type: WIFI[], state: CONNECTED/CONNECTED, reason: (unspecified), extra: "yizhibo", roaming: false, failover: false, isAvailable: true, isConnectedToProvisioningNetwork: false, simId: 0/10464
D/ActivityThread( 7446): SVC-Destroying service: com.xiaomi.mipush.sdk.MessageHandleService@42c9ea18
D/ActivityThread( 7446): SVC-STOP_SERVICE handled : 0 / android.os.BinderProxy@42bf94b8
D/ConnectivityService(  795): getActiveNetworkInfo:NetworkInfo: type: WIFI[], state: CONNECTED/CONNECTED, reason: (unspecified), extra: "yizhibo", roaming: false, failover: false, isAvailable: true, isConnectedToProvisioningNetwork: false, simId: 0/10464
D/ConnectivityService(  795): getActiveNetworkInfo:NetworkInfo: type: WIFI[], state: CONNECTED/CONNECTED, reason: (unspecified), extra: "yizhibo", roaming: false, failover: false, isAvailable: true, isConnectedToProvisioningNetwork: false, simId: 0/10464
D/ActivityThread( 7446): SVC-Creating service: CreateServiceData{token=android.os.BinderProxy@4286f3f8 className=com.ss.android.newmedia.message.MessageHandler packageName=com.ss.android.article.news intent=null}
D/ActivityThread( 7446): SVC-CREATE_SERVICE handled : 0 / CreateServiceData{token=android.os.BinderProxy@4286f3f8 className=com.ss.android.newmedia.message.MessageHandler packageName=com.ss.android.article.news intent=null}
D/ActivityThread( 7446): SVC-SERVICE_ARGS handled : 0 / ServiceArgsData{token=android.os.BinderProxy@4286f3f8 startId=1 args=Intent { act=com.ss.android.umeng.message pkg=com.ss.android.article.news (has extras) }}
D/ActivityThread( 7446): SVC-Destroying service: com.umeng.message.UmengMessageCallbackHandlerService@427deca0
D/ActivityThread( 7446): SVC-STOP_SERVICE handled : 0 / android.os.BinderProxy@42da7870
D/ActivityThread( 7446): SVC-Destroying service: com.ss.android.newmedia.message.MessageHandler@42b83cc0
D/ActivityThread( 7446): SVC-STOP_SERVICE handled : 0 / android.os.BinderProxy@4286f3f8
D/ConnectivityService(  795): getActiveNetworkInfo:NetworkInfo: type: WIFI[], state: CONNECTED/CONNECTED, reason: (unspecified), extra: "yizhibo", roaming: false, failover: false, isAvailable: true, isConnectedToProvisioningNetwork: false, simId: 0/10464
D/ConnectivityService(  795): getActiveNetworkInfo:NetworkInfo: type: WIFI[], state: CONNECTED/CONNECTED, reason: (unspecified), extra: "yizhibo", roaming: false, failover: false, isAvailable: true, isConnectedToProvisioningNetwork: false, simId: 0/10464
D/ConnectivityService(  795): getActiveNetworkInfo:NetworkInfo: type: WIFI[], state: CONNECTED/CONNECTED, reason: (unspecified), extra: "yizhibo", roaming: false, failover: false, isAvailable: true, isConnectedToProvisioningNetwork: false, simId: 0/10464
D/ConnectivityService(  795): getActiveNetworkInfo:NetworkInfo: type: WIFI[], state: CONNECTED/CONNECTED, reason: (unspecified), extra: "yizhibo", roaming: false, failover: false, isAvailable: true, isConnectedToProvisioningNetwork: false, simId: 0/10464
D/ActivityThread( 7446): SVC-Creating service: CreateServiceData{token=android.os.BinderProxy@42cf8438 className=com.taobao.accs.data.MsgDistributeService packageName=com.ss.android.article.news intent=null}
D/ActivityThread( 7446): SVC-CREATE_SERVICE handled : 0 / CreateServiceData{token=android.os.BinderProxy@42cf8438 className=com.taobao.accs.data.MsgDistributeService packageName=com.ss.android.article.news intent=null}
D/ActivityThread( 7446): SVC-SERVICE_ARGS handled : 0 / ServiceArgsData{token=android.os.BinderProxy@42cf8438 startId=1 args=Intent { act=com.taobao.accs.intent.action.RECEIVE pkg=com.ss.android.article.news cmp=com.ss.android.article.news/com.taobao.accs.data.MsgDistributeService (has extras) }}
V/ActivityManager(  795): Broadcast: Intent { act=com.taobao.accs.intent.action.CONNECTINFO flg=0x10 pkg=com.ss.android.article.news (has extras) } ordered=false userid=0 callerApp=ProcessRecord{4390e228 7446:com.ss.android.article.news/u0a464}
D/ConnectivityService(  795): getActiveNetworkInfo:NetworkInfo: type: WIFI[], state: CONNECTED/CONNECTED, reason: (unspecified), extra: "yizhibo", roaming: false, failover: false, isAvailable: true, isConnectedToProvisioningNetwork: false, simId: 0/10464
D/ConnectivityService(  795): getActiveNetworkInfo:NetworkInfo: type: WIFI[], state: CONNECTED/CONNECTED, reason: (unspecified), extra: "yizhibo", roaming: false, failover: false, isAvailable: true, isConnectedToProvisioningNetwork: false, simId: 0/10464
D/ConnectivityService(  795): getActiveNetworkInfo:NetworkInfo: type: WIFI[], state: CONNECTED/CONNECTED, reason: (unspecified), extra: "yizhibo", roaming: false, failover: false, isAvailable: true, isConnectedToProvisioningNetwork: false, simId: 0/10464
D/ConnectivityService(  795): getActiveNetworkInfo:NetworkInfo: type: WIFI[], state: CONNECTED/CONNECTED, reason: (unspecified), extra: "yizhibo", roaming: false, failover: false, isAvailable: true, isConnectedToProvisioningNetwork: false, simId: 0/10464
D/ConnectivityService(  795): getActiveNetworkInfo:NetworkInfo: type: WIFI[], state: CONNECTED/CONNECTED, reason: (unspecified), extra: "yizhibo", roaming: false, failover: false, isAvailable: true, isConnectedToProvisioningNetwork: false, simId: 0/10464
D/ConnectivityService(  795): getActiveNetworkInfo:NetworkInfo: type: WIFI[], state: CONNECTED/CONNECTED, reason: (unspecified), extra: "yizhibo", roaming: false, failover: false, isAvailable: true, isConnectedToProvisioningNetwork: false, simId: 0/10464
D/ConnectivityService(  795): getActiveNetworkInfo:NetworkInfo: type: WIFI[], state: CONNECTED/CONNECTED, reason: (unspecified), extra: "yizhibo", roaming: false, failover: false, isAvailable: true, isConnectedToProvisioningNetwork: false, simId: 0/10464
D/ConnectivityService(  795): getActiveNetworkInfo:NetworkInfo: type: WIFI[], state: CONNECTED/CONNECTED, reason: (unspecified), extra: "yizhibo", roaming: false, failover: false, isAvailable: true, isConnectedToProvisioningNetwork: false, simId: 0/10464
D/ActivityThread( 7446): SVC-Creating service: CreateServiceData{token=android.os.BinderProxy@42bb78b8 className=org.android.agoo.accs.AgooService packageName=com.ss.android.article.news intent=null}
D/ActivityThread( 7446): SVC-CREATE_SERVICE handled : 0 / CreateServiceData{token=android.os.BinderProxy@42bb78b8 className=org.android.agoo.accs.AgooService packageName=com.ss.android.article.news intent=null}
D/ActivityThread( 7446): SVC-SERVICE_ARGS handled : 0 / ServiceArgsData{token=android.os.BinderProxy@42bb78b8 startId=1 args=Intent { act=com.taobao.accs.intent.action.RECEIVE pkg=com.ss.android.article.news cmp=com.ss.android.article.news/org.android.agoo.accs.AgooService (has extras) }}
D/ActivityThread( 7446): SVC-Creating service: CreateServiceData{token=android.os.BinderProxy@43763e50 className=com.umeng.message.UmengMessageCallbackHandlerService packageName=com.ss.android.article.news intent=null}
D/ActivityThread( 7446): SVC-CREATE_SERVICE handled : 0 / CreateServiceData{token=android.os.BinderProxy@43763e50 className=com.umeng.message.UmengMessageCallbackHandlerService packageName=com.ss.android.article.news intent=null}
D/ActivityThread( 7446): SVC-SERVICE_ARGS handled : 0 / ServiceArgsData{token=android.os.BinderProxy@43763e50 startId=1 args=Intent { act=com.umeng.message.enablecallback.action pkg=com.ss.android.article.news (has extras) }}
D/ActivityThread( 7446): SVC-Destroying service: com.umeng.message.UmengMessageCallbackHandlerService@42cdd8a0
D/ActivityThread( 7446): SVC-STOP_SERVICE handled : 0 / android.os.BinderProxy@43763e50
D/VoldConnector(  795): SND -> {27 volume mkdirs /storage/sdcard1/Android/data/com.ss.android.article.news/cache/}
I/FrameworkListener(  233): onDataAvailable get 82 bytes 
D/VoldCmdListener(  233): volume mkdirs /storage/sdcard1/Android/data/com.ss.android.article.news/cache/
W/Vold    (  233): Returning OperationFailed - no handler for errno 30
D/SocketClient(  233): SocketClient msg = volume operation failed
D/SocketClient(  233): SocketClient sendDatalocked done: 400 27 volume operation failed (Read-only file system)
D/VoldConnector(  795): RCV <- {400 27 volume operation failed (Read-only file system)}
D/VoldConnector(  795): RMV <- {400 27 volume operation failed (Read-only file system)}
D/VoldConnector(  795): SND -> {28 volume mkdirs /storage/sdcard1/Android/data/com.ss.android.article.news/cache/}
I/FrameworkListener(  233): onDataAvailable get 82 bytes 
D/VoldCmdListener(  233): volume mkdirs /storage/sdcard1/Android/data/com.ss.android.article.news/cache/
W/Vold    (  233): Returning OperationFailed - no handler for errno 30
D/SocketClient(  233): SocketClient msg = volume operation failed
D/SocketClient(  233): SocketClient sendDatalocked done: 400 28 volume operation failed (Read-only file system)
D/VoldConnector(  795): RCV <- {400 28 volume operation failed (Read-only file system)}
D/VoldConnector(  795): RMV <- {400 28 volume operation failed (Read-only file system)}
D/ActivityThread( 7525): BIND_APPLICATION handled : 0 / AppBindData{appInfo=ApplicationInfo{427ab598 com.ss.android.article.news}}
D/ActivityThread( 7525): SVC-Creating service: CreateServiceData{token=android.os.BinderProxy@427ac1f8 className=com.xiaomi.push.service.XMPushService packageName=com.ss.android.article.news intent=null}
D/ConnectivityService(  795): getActiveNetworkInfo:NetworkInfo: type: WIFI[], state: CONNECTED/CONNECTED, reason: (unspecified), extra: "yizhibo", roaming: false, failover: false, isAvailable: true, isConnectedToProvisioningNetwork: false, simId: 0/10464
D/WifiService(  795): getWifiServiceMessenger, pid:7525, uid:10464
D/WifiService(  795): New client listening to asynchronous messages
V/ActivityManager(  795): Broadcast: Intent { act=com.xiaomi.push.service_started flg=0x10 } ordered=false userid=0 callerApp=ProcessRecord{4394df70 7525:com.ss.android.article.news:pushservice/u0a464}
D/ConnectivityService(  795): getActiveNetworkInfo:NetworkInfo: type: WIFI[], state: CONNECTED/CONNECTED, reason: (unspecified), extra: "yizhibo", roaming: false, failover: false, isAvailable: true, isConnectedToProvisioningNetwork: false, simId: 0/10464
D/ConnectivityService(  795): getActiveNetworkInfo:NetworkInfo: type: WIFI[], state: CONNECTED/CONNECTED, reason: (unspecified), extra: "yizhibo", roaming: false, failover: false, isAvailable: true, isConnectedToProvisioningNetwork: false, simId: 0/10464
D/ConnectivityService(  795): getActiveNetworkInfo:NetworkInfo: type: WIFI[], state: CONNECTED/CONNECTED, reason: (unspecified), extra: "yizhibo", roaming: false, failover: false, isAvailable: true, isConnectedToProvisioningNetwork: false, simId: 0/10464
D/ActivityThread( 7525): SVC-CREATE_SERVICE handled : 0 / CreateServiceData{token=android.os.BinderProxy@427ac1f8 className=com.xiaomi.push.service.XMPushService packageName=com.ss.android.article.news intent=null}
D/ActivityThread( 7525): SVC-SERVICE_ARGS handled : 0 / ServiceArgsData{token=android.os.BinderProxy@427ac1f8 startId=1 args=Intent { cmp=com.ss.android.article.news/com.xiaomi.push.service.XMPushService (has extras) }}
D/ActivityThread( 7525): SVC-SERVICE_ARGS handled : 0 / ServiceArgsData{token=android.os.BinderProxy@427ac1f8 startId=2 args=Intent { act=com.xiaomi.mipush.SEND_MESSAGE cmp=com.ss.android.article.news/com.xiaomi.push.service.XMPushService (has extras) }}
D/ConnectivityService(  795): getActiveNetworkInfo:NetworkInfo: type: WIFI[], state: CONNECTED/CONNECTED, reason: (unspecified), extra: "yizhibo", roaming: false, failover: false, isAvailable: true, isConnectedToProvisioningNetwork: false, simId: 0/10464
V/AlarmManager(  795): isAlarmNeedAlign : charging
D/ConnectivityService(  795): getActiveNetworkInfo:NetworkInfo: type: WIFI[], state: CONNECTED/CONNECTED, reason: (unspecified), extra: "yizhibo", roaming: false, failover: false, isAvailable: true, isConnectedToProvisioningNetwork: false, simId: 0/10464
D/ConnectivityService(  795): getActiveNetworkInfo:NetworkInfo: type: WIFI[], state: CONNECTED/CONNECTED, reason: (unspecified), extra: "yizhibo", roaming: false, failover: false, isAvailable: true, isConnectedToProvisioningNetwork: false, simId: 0/10464
D/ConnectivityService(  795): getActiveNetworkInfo:NetworkInfo: type: WIFI[], state: CONNECTED/CONNECTED, reason: (unspecified), extra: "yizhibo", roaming: false, failover: false, isAvailable: true, isConnectedToProvisioningNetwork: false, simId: 0/10464
D/ConnectivityService(  795): getActiveNetworkInfo:NetworkInfo: type: WIFI[], state: CONNECTED/CONNECTED, reason: (unspecified), extra: "yizhibo", roaming: false, failover: false, isAvailable: true, isConnectedToProvisioningNetwork: false, simId: 0/10464
D/ConnectivityService(  795): getActiveNetworkInfo:NetworkInfo: type: WIFI[], state: CONNECTED/CONNECTED, reason: (unspecified), extra: "yizhibo", roaming: false, failover: false, isAvailable: true, isConnectedToProvisioningNetwork: false, simId: 0/10464
D/ConnectivityService(  795): getActiveNetworkInfo:NetworkInfo: type: WIFI[], state: CONNECTED/CONNECTED, reason: (unspecified), extra: "yizhibo", roaming: false, failover: false, isAvailable: true, isConnectedToProvisioningNetwork: false, simId: 0/10464
D/ConnectivityService(  795): getActiveNetworkInfo:NetworkInfo: type: WIFI[], state: CONNECTED/CONNECTED, reason: (unspecified), extra: "yizhibo", roaming: false, failover: false, isAvailable: true, isConnectedToProvisioningNetwork: false, simId: 0/10464
D/ConnectivityService(  795): getActiveNetworkInfo:NetworkInfo: type: WIFI[], state: CONNECTED/CONNECTED, reason: (unspecified), extra: "yizhibo", roaming: false, failover: false, isAvailable: true, isConnectedToProvisioningNetwork: false, simId: 0/10464
D/ConnectivityService(  795): getActiveNetworkInfo:NetworkInfo: type: WIFI[], state: CONNECTED/CONNECTED, reason: (unspecified), extra: "yizhibo", roaming: false, failover: false, isAvailable: true, isConnectedToProvisioningNetwork: false, simId: 0/10464
D/VoldConnector(  795): SND -> {29 volume mkdirs /storage/sdcard1/Android/data/com.ss.android.article.news/files/}
I/FrameworkListener(  233): onDataAvailable get 82 bytes 
D/VoldCmdListener(  233): volume mkdirs /storage/sdcard1/Android/data/com.ss.android.article.news/files/
W/Vold    (  233): Returning OperationFailed - no handler for errno 30
D/SocketClient(  233): SocketClient msg = volume operation failed
D/SocketClient(  233): SocketClient sendDatalocked done: 400 29 volume operation failed (Read-only file system)
D/VoldConnector(  795): RCV <- {400 29 volume operation failed (Read-only file system)}
D/VoldConnector(  795): RMV <- {400 29 volume operation failed (Read-only file system)}
D/ConnectivityService(  795): getActiveNetworkInfo:NetworkInfo: type: WIFI[], state: CONNECTED/CONNECTED, reason: (unspecified), extra: "yizhibo", roaming: false, failover: false, isAvailable: true, isConnectedToProvisioningNetwork: false, simId: 0/10464
D/ConnectivityService(  795): getActiveNetworkInfo:NetworkInfo: type: WIFI[], state: CONNECTED/CONNECTED, reason: (unspecified), extra: "yizhibo", roaming: false, failover: false, isAvailable: true, isConnectedToProvisioningNetwork: false, simId: 0/10464
D/ConnectivityService(  795): getActiveNetworkInfo:NetworkInfo: type: WIFI[], state: CONNECTED/CONNECTED, reason: (unspecified), extra: "yizhibo", roaming: false, failover: false, isAvailable: true, isConnectedToProvisioningNetwork: false, simId: 0/10464
D/ConnectivityService(  795): getActiveNetworkInfo:NetworkInfo: type: WIFI[], state: CONNECTED/CONNECTED, reason: (unspecified), extra: "yizhibo", roaming: false, failover: false, isAvailable: true, isConnectedToProvisioningNetwork: false, simId: 0/10464
D/ConnectivityService(  795): getActiveNetworkInfo:NetworkInfo: type: WIFI[], state: CONNECTED/CONNECTED, reason: (unspecified), extra: "yizhibo", roaming: false, failover: false, isAvailable: true, isConnectedToProvisioningNetwork: false, simId: 0/10464
D/ConnectivityService(  795): getActiveNetworkInfo:NetworkInfo: type: WIFI[], state: CONNECTED/CONNECTED, reason: (unspecified), extra: "yizhibo", roaming: false, failover: false, isAvailable: true, isConnectedToProvisioningNetwork: false, simId: 0/10464
D/ConnectivityService(  795): getActiveNetworkInfo:NetworkInfo: type: WIFI[], state: CONNECTED/CONNECTED, reason: (unspecified), extra: "yizhibo", roaming: false, failover: false, isAvailable: true, isConnectedToProvisioningNetwork: false, simId: 0/10464
D/ConnectivityService(  795): getActiveNetworkInfo:NetworkInfo: type: WIFI[], state: CONNECTED/CONNECTED, reason: (unspecified), extra: "yizhibo", roaming: false, failover: false, isAvailable: true, isConnectedToProvisioningNetwork: false, simId: 0/10464
D/ConnectivityService(  795): getActiveNetworkInfo:NetworkInfo: type: WIFI[], state: CONNECTED/CONNECTED, reason: (unspecified), extra: "yizhibo", roaming: false, failover: false, isAvailable: true, isConnectedToProvisioningNetwork: false, simId: 0/10464
I/FrameworkListener(  243): onDataAvailable get 51 bytes 
D/SocketClient(  243): SocketClient sendDatalocked done: 222
D/SocketClient(  243): SocketClient sendDatalocked done: 
D/SocketClient(  243): SocketClient sendDatalocked done: 
D/SocketClient(  243): SocketClient sendDatalocked done: 
D/SocketClient(  243): SocketClient sendDatalocked done: 
D/SocketClient(  243): SocketClient sendDatalocked done: 
D/SocketClient(  243): SocketClient sendDatalocked done: 
D/SocketClient(  243): SocketClient sendDatalocked done: 
D/SocketClient(  243): SocketClient sendDatalocked done: 
D/SocketClient(  243): SocketClient sendDatalocked done: 
D/SocketClient(  243): SocketClient sendDatalocked done: 
D/SocketClient(  243): SocketClient sendDatalocked done: 
V/ActivityManager(  795): Broadcast: Intent { act=miui.intent.action.NETWORK_CONNECTED flg=0x10 } ordered=false userid=0 callerApp=ProcessRecord{4394df70 7525:com.ss.android.article.news:pushservice/u0a464}
D/ConnectivityService(  795): getActiveNetworkInfo:NetworkInfo: type: WIFI[], state: CONNECTED/CONNECTED, reason: (unspecified), extra: "yizhibo", roaming: false, failover: false, isAvailable: true, isConnectedToProvisioningNetwork: false, simId: 0/10464
D/ConnectivityService(  795): getActiveNetworkInfo:NetworkInfo: type: WIFI[], state: CONNECTED/CONNECTED, reason: (unspecified), extra: "yizhibo", roaming: false, failover: false, isAvailable: true, isConnectedToProvisioningNetwork: false, simId: 0/10464
D/ConnectivityService(  795): getActiveNetworkInfo:NetworkInfo: type: WIFI[], state: CONNECTED/CONNECTED, reason: (unspecified), extra: "yizhibo", roaming: false, failover: false, isAvailable: true, isConnectedToProvisioningNetwork: false, simId: 0/10464
D/ConnectivityService(  795): getActiveNetworkInfo:NetworkInfo: type: WIFI[], state: CONNECTED/CONNECTED, reason: (unspecified), extra: "yizhibo", roaming: false, failover: false, isAvailable: true, isConnectedToProvisioningNetwork: false, simId: 0/10464
D/ConnectivityService(  795): getActiveNetworkInfo:NetworkInfo: type: WIFI[], state: CONNECTED/CONNECTED, reason: (unspecified), extra: "yizhibo", roaming: false, failover: false, isAvailable: true, isConnectedToProvisioningNetwork: false, simId: 0/10464
D/ConnectivityService(  795): getActiveNetworkInfo:NetworkInfo: type: WIFI[], state: CONNECTED/CONNECTED, reason: (unspecified), extra: "yizhibo", roaming: false, failover: false, isAvailable: true, isConnectedToProvisioningNetwork: false, simId: 0/10464
D/ConnectivityService(  795): getActiveNetworkInfo:NetworkInfo: type: WIFI[], state: CONNECTED/CONNECTED, reason: (unspecified), extra: "yizhibo", roaming: false, failover: false, isAvailable: true, isConnectedToProvisioningNetwork: false, simId: 0/10464
D/ConnectivityService(  795): getActiveNetworkInfo:NetworkInfo: type: WIFI[], state: CONNECTED/CONNECTED, reason: (unspecified), extra: "yizhibo", roaming: false, failover: false, isAvailable: true, isConnectedToProvisioningNetwork: false, simId: 0/10464
V/ActivityManager(  795): Broadcast: Intent { act=com.xiaomi.mipush.RECEIVE_MESSAGE flg=0x10 pkg=com.ss.android.article.news (has extras) } ordered=false userid=0 callerApp=ProcessRecord{4394df70 7525:com.ss.android.article.news:pushservice/u0a464}
