D/OpenSSLLib( 7446): OpensslErr:Module:13(114:155); file:external/openssl/crypto/asn1/asn1_lib.c ;Line:142;Function:ASN1_get_object
V/AlarmManager(  795): Adding Alarm{43c72c50 type 0 com.android.email} to Batch{439ab688 num=5 start=11607686 end=11994552}
V/AlarmManager(  795):     => now Batch{439ab688 num=5 start=11607686 end=11994552}
V/AlarmManager(  795): isAlarmNeedAlign : charging
D/OpenSSLLib( 7446): OpensslErr:Module:13(114:155); file:external/openssl/crypto/asn1/asn1_lib.c ;Line:142;Function:ASN1_get_object
V/AlarmManager(  795): Adding Alarm{43c73678 type 0 com.nearme.gamecenter} to Batch{43c735f0 num=2 start=14086573 end=23826646}
V/AlarmManager(  795):     => now Batch{43c735f0 num=2 start=18402228 end=18402228}
V/AlarmManager(  795): isAlarmNeedAlign : charging
V/AlarmManager(  795): isAlarmNeedAlign : charging
V/AlarmManager(  795): Adding Alarm{43c74340 type 0 com.android.browser} to Batch{43c742b8 num=2 start=28825994 end=50425994}
V/AlarmManager(  795):     => now Batch{43c742b8 num=2 start=28825994 end=39386889}
V/AlarmManager(  795): Adding Alarm{43c74ca8 type 1 com.oppo.yellowpage} to Batch{43c742b8 num=3 start=28825994 end=39386889}
V/AlarmManager(  795):     => now Batch{43c742b8 num=3 start=29623598 end=29623598}
V/AlarmManager(  795): isAlarmNeedAlign : charging
V/AlarmManager(  795): isAlarmNeedAlign : charging
V/AlarmManager(  795): Adding Alarm{43c66460 type 1 com.sohu.inputmethod.sogouoem} to Batch{43c663d8 num=2 start=31991005 end=96791005}
V/AlarmManager(  795):     => now Batch{43c663d8 num=2 start=33225050 end=96791005}
V/AlarmManager(  795): isAlarmNeedAlign : charging
V/AlarmManager(  795): Adding Alarm{43c66e40 type 1 com.oppo.launcher} to Batch{43c663d8 num=3 start=33225050 end=96791005}
V/AlarmManager(  795):     => now Batch{43c663d8 num=3 start=33225050 end=57318977}
V/AlarmManager(  795): isAlarmNeedAlign : charging
V/AlarmManager(  795): Adding Alarm{43c67798 type 0 com.oupeng.max.sdk} to Batch{43c663d8 num=4 start=33225050 end=57318977}
V/AlarmManager(  795):     => now Batch{43c663d8 num=4 start=33225050 end=57318977}
V/AlarmManager(  795): isAlarmNeedAlign : charging
V/AlarmManager(  795): Adding Alarm{43c681c8 type 3 com.oppo.scratch} to Batch{43c663d8 num=5 start=33225050 end=57318977}
V/AlarmManager(  795):     => now Batch{43c663d8 num=5 start=36686872 end=57318977}
V/AlarmManager(  795): isAlarmNeedAlign : charging
I/        (  245): [BWC INFO](245): get_bwc_mm_property success
V/AlarmManager(  795): Adding Alarm{4391e7f0 type 0 com.oupeng.max.sdk} to Batch{43c68140 num=2 start=33225049 end=33225049}
V/AlarmManager(  795):     => now Batch{43c68140 num=2 start=33225049 end=33225049}
V/AlarmManager(  795): isAlarmNeedAlign : charging
V/AlarmManager(  795): Adding Alarm{4391f150 type 0 com.qihoo.appstore} to Batch{43c663d8 num=6 start=36686872 end=57318977}
V/AlarmManager(  795):     => now Batch{43c663d8 num=6 start=37262479 end=57318977}
V/AlarmManager(  795): isAlarmNeedAlign : charging
V/AlarmManager(  795): Adding Alarm{4391fab0 type 0 com.qihoo.appstore} to Batch{43c663d8 num=7 start=37262479 end=57318977}
V/AlarmManager(  795):     => now Batch{43c663d8 num=7 start=37262617 end=57318977}
V/AlarmManager(  795): isAlarmNeedAlign : charging
V/AlarmManager(  795): Adding Alarm{43920410 type 0 com.oupeng.max.sdk} to Batch{43c663d8 num=8 start=37262617 end=57318977}
V/AlarmManager(  795):     => now Batch{43c663d8 num=8 start=47625736 end=57318977}
V/AlarmManager(  795): isAlarmNeedAlign : charging
V/AlarmManager(  795): Adding Alarm{451fba20 type 0 com.coloros.oppomorningsystem} to Batch{43c663d8 num=9 start=47625736 end=57318977}
V/AlarmManager(  795):     => now Batch{43c663d8 num=9 start=49305049 end=57318977}
V/AlarmManager(  795): isAlarmNeedAlign : charging
V/AlarmManager(  795): isAlarmNeedAlign : charging
V/AlarmManager(  795): Adding Alarm{451fc5a0 type 2 com.color.safecenter} to Batch{451fc518 num=2 start=72991661 end=267391661}
V/AlarmManager(  795):     => now Batch{451fc518 num=2 start=75630289 end=267391661}
V/AlarmManager(  795): Adding Alarm{451fce68 type 0 com.android.providers.calendar} to Batch{451fc518 num=3 start=75630289 end=267391661}
V/AlarmManager(  795):     => now Batch{451fc518 num=3 start=79324983 end=79324983}
V/AlarmManager(  795): isAlarmNeedAlign : charging
V/AlarmManager(  795): isAlarmNeedAlign : charging
V/AlarmManager(  795): Adding Alarm{451fd9d0 type 3 com.nearme.statistics.rom} to Batch{451fd948 num=2 start=86433898 end=151233898}
V/AlarmManager(  795):     => now Batch{451fd948 num=2 start=86444788 end=151233898}
V/AlarmManager(  795): isAlarmNeedAlign : charging
V/AlarmManager(  795): Adding Alarm{43a45a28 type 2 com.qihoo.appstore} to Batch{451fd948 num=3 start=86444788 end=151233898}
V/AlarmManager(  795):     => now Batch{451fd948 num=3 start=86488689 end=150530342}
V/AlarmManager(  795): isAlarmNeedAlign : charging
V/AlarmManager(  795): Adding Alarm{43a46388 type 0 com.android.email} to Batch{451fd948 num=4 start=86488689 end=150530342}
V/AlarmManager(  795):     => now Batch{451fd948 num=4 start=86488689 end=150530342}
V/AlarmManager(  795): isAlarmNeedAlign : charging
V/AlarmManager(  795): Adding Alarm{43a46ce0 type 0 com.android.email} to Batch{451fd948 num=5 start=86488689 end=150530342}
V/AlarmManager(  795):     => now Batch{451fd948 num=5 start=86488689 end=150530342}
V/AlarmManager(  795): isAlarmNeedAlign : charging
V/AlarmManager(  795): Adding Alarm{43a47638 type 1 com.sohu.inputmethod.sogouoem} to Batch{451fd948 num=6 start=86488689 end=150530342}
V/AlarmManager(  795):     => now Batch{451fd948 num=6 start=86488689 end=150530342}
V/AlarmManager(  795): isAlarmNeedAlign : charging
V/AlarmManager(  795): Adding Alarm{429dbbc8 type 0 com.qihoo.appstore} to Batch{451fd948 num=7 start=86488689 end=150530342}
V/AlarmManager(  795):     => now Batch{451fd948 num=7 start=87033608 end=150530342}
V/AlarmManager(  795): isAlarmNeedAlign : charging
V/AlarmManager(  795): Adding Alarm{429dc528 type 1 com.sohu.inputmethod.sogouoem} to Batch{451fd948 num=8 start=87033608 end=150530342}
V/AlarmManager(  795):     => now Batch{451fd948 num=8 start=98021141 end=150530342}
V/AlarmManager(  795): isAlarmNeedAlign : charging
V/AlarmManager(  795): Adding Alarm{429dcf08 type 1 com.nearme.romupdate} to Batch{451fd948 num=9 start=98021141 end=150530342}
V/AlarmManager(  795):     => now Batch{451fd948 num=9 start=112708333 end=150530342}
V/AlarmManager(  795): isAlarmNeedAlign : charging
V/AlarmManager(  795): isAlarmNeedAlign : charging
V/AlarmManager(  795): Adding Alarm{429dd950 type 0 com.oppo.filemanager} to Batch{429dd8c8 num=2 start=184444548 end=321953094}
V/AlarmManager(  795):     => now Batch{429dd8c8 num=2 start=184444548 end=284118970}
V/AlarmManager(  795): Adding Alarm{429de2c8 type 0 com.android.keyguard} to Batch{429dd8c8 num=3 start=184444548 end=284118970}
V/AlarmManager(  795):     => now Batch{429dd8c8 num=3 start=206025050 end=206025050}
V/AlarmManager(  795): isAlarmNeedAlign : charging
V/AlarmManager(  795): Adding Alarm{438dc580 type 0 com.ss.android.article.news} to Batch{438dc950 num=4 start=1297741 end=1446164}
V/AlarmManager(  795):     => now Batch{438dc950 num=4 start=1369804 end=1446164}
I/        (  245): [BWC INFO](245): get_bwc_mm_property success
I/        (  245): [BWC INFO](245): get_bwc_mm_property success
I/        (  245): [BWC INFO](245): get_bwc_mm_property success
I/Process (  795): get_ion_cache_memory totalNum:94474240
I/Process (  795): mm_heap_freelist total_size=0x0
I/Process (  795): ----------------------------------------------------
I/Process (  795):   buffer     size kmap ref hdl mod      mva sec flag pid comm(client)   v1   v2   v3   v4 dbg_name
I/Process (  795): 0xcd7ed080   327680   0   4   3   0  2100000   0   0 245 surfaceflinger 0x0 0x0 0x0 0x0 nothing sf_info(-18771955 0 0
I/Process (  795): get_ion_cache_memory ionCacheTotalInByte:94474240
I/        (  245): [BWC INFO](245): get_bwc_mm_property success
I/        (  245): [BWC INFO](245): get_bwc_mm_property success
D/ConnectivityService(  795): getActiveNetworkInfo:NetworkInfo: type: WIFI[], state: CONNECTED/CONNECTED, reason: (unspecified), extra: "yizhibo", roaming: false, failover: false, isAvailable: true, isConnectedToProvisioningNetwork: false, simId: 0/10464
I/        (  245): [BWC INFO](245): get_bwc_mm_property success
I/        (  245): [BWC INFO](245): get_bwc_mm_property success
I/        (  245): [BWC INFO](245): get_bwc_mm_property success
I/        (  245): [BWC INFO](245): get_bwc_mm_property success
I/BufferQueue(  245): [com.ccvideo/com.yizhibo.video.activity.HomeTabActivity](this:0xb76747f0,id:103,api:1,p:4328,c:245) queueBuffer: fps=18.85 dur=1007.76 max=499.46 min=14.83
I/        (  245): [BWC INFO](245): get_bwc_mm_property success
I/        (  245): [BWC INFO](245): get_bwc_mm_property success
I/        (  245): [BWC INFO](245): get_bwc_mm_property success
I/        (  245): [BWC INFO](245): get_bwc_mm_property success
I/        (  245): [BWC INFO](245): get_bwc_mm_property success
I/        (  245): [BWC INFO](245): get_bwc_mm_property success
I/        (  245): [BWC INFO](245): get_bwc_mm_property success
I/        (  245): [BWC INFO](245): get_bwc_mm_property success
I/        (  245): [BWC INFO](245): get_bwc_mm_property success
I/        (  245): [BWC INFO](245): get_bwc_mm_property success
I/        (  245): [BWC INFO](245): get_bwc_mm_property success
I/        (  245): [BWC INFO](245): get_bwc_mm_property success
I/        (  245): [BWC INFO](245): get_bwc_mm_property success
I/        (  245): [BWC INFO](245): get_bwc_mm_property success
I/        (  245): [BWC INFO](245): get_bwc_mm_property success
I/Process ( 1680): get_ion_cache_memory totalNum:94474240
I/Process ( 1680): mm_heap_freelist total_size=0x0
I/Process ( 1680): ----------------------------------------------------
I/Process ( 1680):   buffer     size kmap ref hdl mod      mva sec flag pid comm(client)   v1   v2   v3   v4 dbg_name
I/Process ( 1680): 0xcd7ed080   327680   0   4   3   0  2100000   0   0 245 surfaceflinger 0x0 0x0 0x0 0x0 nothing sf_info(-18771955 0 0
I/Process ( 1680): get_ion_cache_memory ionCacheTotalInByte:94474240
I/        (  245): [BWC INFO](245): get_bwc_mm_property success
I/        (  245): [BWC INFO](245): get_bwc_mm_property success
I/        (  245): [BWC INFO](245): get_bwc_mm_property success
I/        (  245): [BWC INFO](245): get_bwc_mm_property success
I/        (  245): [BWC INFO](245): get_bwc_mm_property success
I/        (  245): [BWC INFO](245): get_bwc_mm_property success
I/        (  245): [BWC INFO](245): get_bwc_mm_property success
I/        (  245): [BWC INFO](245): get_bwc_mm_property success
I/        (  245): [BWC INFO](245): get_bwc_mm_property success
I/        (  245): [BWC INFO](245): get_bwc_mm_property success
I/        (  245): [BWC INFO](245): get_bwc_mm_property success
I/        (  245): [BWC INFO](245): get_bwc_mm_property success
I/        (  245): [BWC INFO](245): get_bwc_mm_property success
I/        (  245): [BWC INFO](245): get_bwc_mm_property success
I/        (  245): [BWC INFO](245): get_bwc_mm_property success
I/        (  245): [BWC INFO](245): get_bwc_mm_property success
I/        (  245): [BWC INFO](245): get_bwc_mm_property success
I/        (  245): [BWC INFO](245): get_bwc_mm_property success
I/        (  245): [BWC INFO](245): get_bwc_mm_property success
I/        (  245): [BWC INFO](245): get_bwc_mm_property success
I/        (  245): [BWC INFO](245): get_bwc_mm_property success
I/        (  245): [BWC INFO](245): get_bwc_mm_property success
I/        (  245): [BWC INFO](245): get_bwc_mm_property success
I/        (  245): [BWC INFO](245): get_bwc_mm_property success
I/        (  245): [BWC INFO](245): get_bwc_mm_property success
I/        (  245): [BWC INFO](245): get_bwc_mm_property success
I/        (  245): [BWC INFO](245): get_bwc_mm_property success
I/        (  245): [BWC INFO](245): get_bwc_mm_property success
I/        (  245): [BWC INFO](245): get_bwc_mm_property success
I/        (  245): [BWC INFO](245): get_bwc_mm_property success
I/        (  245): [BWC INFO](245): get_bwc_mm_property success
I/        (  245): [BWC INFO](245): get_bwc_mm_property success
I/SurfaceFlinger(  245): [Built-in Screen (type:0)] fps:59.611561,dur:1006.52,max:17.39,min:13.78
I/        (  245): [BWC INFO](245): get_bwc_mm_property success
I/        (  245): [BWC INFO](245): get_bwc_mm_property success
I/        (  245): [BWC INFO](245): get_bwc_mm_property success
I/        (  245): [BWC INFO](245): get_bwc_mm_property success
I/        (  245): [BWC INFO](245): get_bwc_mm_property success
I/        (  245): [BWC INFO](245): get_bwc_mm_property success
I/Process (  795): get_ion_cache_memory totalNum:94474240
I/Process (  795): mm_heap_freelist total_size=0x0
I/Process (  795): ----------------------------------------------------
I/Process (  795):   buffer     size kmap ref hdl mod      mva sec flag pid comm(client)   v1   v2   v3   v4 dbg_name
I/Process (  795): 0xcd7ed080   327680   0   4   3   0  2100000   0   0 245 surfaceflinger 0x0 0x0 0x0 0x0 nothing sf_info(-18771955 0 0
I/Process (  795): get_ion_cache_memory ionCacheTotalInByte:94474240
D/WifiStateMachine(  795): ConnectedState{ when=-3ms what=131155 arg1=4 target=com.android.internal.util.StateMachine$SmHandler target=Handler (com.android.internal.util.StateMachine$SmHandler) {42c34c40} }
D/WifiStateMachine(  795): L2ConnectedState{ when=-3ms what=131155 arg1=4 target=com.android.internal.util.StateMachine$SmHandler target=Handler (com.android.internal.util.StateMachine$SmHandler) {42c34c40} }
D/WifiHW  (  795): enter -->wifi_send_command cmd=IFNAME=wlan0 SIGNAL_POLL
D/wpa_supplicant(  997): RX ctrl_iface - hexdump(len=11): 53 49 47 4e 41 4c 5f 50 4f 4c 4c
D/wpa_supplicant(  997): wlan0: Control interface command 'SIGNAL_POLL'
D/wpa_supplicant(  997): nl80211: survey data missing!
D/wpa_supplicant(  997): signal poll, reply_len=48
D/wpa_ctrl(  795): reply_len=4095
D/WifiHW  (  795): leave --> reply=RSSI=-56
D/WifiHW  (  795): LINKSPEED=65
D/WifiHW  (  795): NOISE=9999
D/WifiHW  (  795): FREQUENCY=2432
D/WifiHW  (  795): 
D/wifi    (  795): doStringCommand, buf IFNAME=wlan0 SIGNAL_POLL
I/WifiStateMachine(  795): fetchRssiAndLinkSpeedNative, newRssi:-56, newLinkSpeed:65, SSID:"yizhibo"
D/WifiStateMachine(  795): mRssiArray[0] = -56
D/WifiStateMachine(  795): mRssiArray[1] = -56
D/WifiStateMachine(  795): mRssiArray[2] = -55
D/WifiStateMachine(  795): mRssiArray[3] = -55
D/WifiStateMachine(  795): mRssiArray[4] = -56
D/WifiStateMachine(  795): GetFilterRssi is : -55
D/WifiStateMachine(  795): mLastSignalLevel:4, newSignalLevel:4
D/WifiStateMachine(  795): fetchRssiAndLinkSpeedNative, ipAddr:1829349568
I/Process (  795): get_ion_cache_memory totalNum:94474240
I/Process (  795): mm_heap_freelist total_size=0x0
I/Process (  795): ----------------------------------------------------
I/Process (  795):   buffer     size kmap ref hdl mod      mva sec flag pid comm(client)   v1   v2   v3   v4 dbg_name
I/Process (  795): 0xcd7ed080   327680   0   4   3   0  2100000   0   0 245 surfaceflinger 0x0 0x0 0x0 0x0 nothing sf_info(-18771955 0 0
I/Process (  795): get_ion_cache_memory ionCacheTotalInByte:94474240
D/ConnectivityService(  795): getActiveNetworkInfo:NetworkInfo: type: WIFI[], state: CONNECTED/CONNECTED, reason: (unspecified), extra: "yizhibo", roaming: false, failover: false, isAvailable: true, isConnectedToProvisioningNetwork: false, simId: 0/1000
V/Provider/Settings(  912): get setting for user 0 by user 0 so skipping cache
V/Provider/Settings(  912):  from settings cache , name = show_network_speed , value = 1
D/BatteryService(  795): mBatteryVoltage=4227, batteryLevel=50
V/ActivityManager(  795): Broadcast sticky: Intent { act=android.intent.action.ADDITIONAL_BATTERY_CHANGED flg=0x60000010 (has extras) } ordered=false userid=-1 callerApp=null
V/ActivityManager(  795): Broadcast sticky: Intent { act=android.intent.action.BATTERY_CHANGED flg=0x60000010 (has extras) } ordered=false userid=-1 callerApp=null
D/WifiService(  795): onReceive, action:android.intent.action.BATTERY_CHANGED
D/WifiController(  795): DeviceActiveState{ when=0 what=155652 arg1=2 target=com.android.internal.util.StateMachine$SmHandler target=Handler (com.android.internal.util.StateMachine$SmHandler) {427cef60} }
D/WifiController(  795): StaEnabledState{ when=-5ms what=155652 arg1=2 target=com.android.internal.util.StateMachine$SmHandler target=Handler (com.android.internal.util.StateMachine$SmHandler) {427cef60} }
D/dalvikvm(  795): between the previous GC alloc  6275K
D/dalvikvm(  912): create interp thread : stack size=128KB
D/dalvikvm(  912): create new thread
D/dalvikvm(  912): new thread created
D/dalvikvm(  912): update thread list
D/UsbDeviceManager(  795): onReceive - BATTERY_CHANGED - mPlugType: 2, mSettingUsbCharging: false, mConnected: true, mSettingUsbBicr: false
D/WifiController(  795): DefaultState{ when=-14ms what=155652 arg1=2 target=com.android.internal.util.StateMachine$SmHandler target=Handler (com.android.internal.util.StateMachine$SmHandler) {427cef60} }
D/WifiController(  795): battery changed pluggedType: 2
D/PowerSaveService( 1099): PowerSaveReceiver EXTRA_STATUS: status = 2, lastCharging = true
V/ActivityManager(  795): Broadcast sticky: Intent { act=android.intent.action.ADDITIONAL_BATTERY_CHANGED flg=0x60000010 (has extras) } ordered=false userid=-1 callerApp=null
V/ActivityManager(  795): Broadcast sticky: Intent { act=android.intent.action.ADDITIONAL_BATTERY_CHANGED flg=0x60000010 (has extras) } ordered=false userid=-1 callerApp=null
D/dalvikvm(  912): threadid=29: interp stack at 0x7c7b6000
D/dalvikvm(  912): threadid=29: created from interp
D/dalvikvm(  912): start new thread
I/BufferQueue(  245): [StatusBar](this:0xb75dd060,id:6,api:1,p:912,c:245) queueBuffer: fps=0.89 dur=2236.26 max=2205.07 min=31.19
D/dalvikvm(  912): threadid=29: notify debugger
D/dalvikvm(  912): threadid=29 (Thread-1397): calling run()
V/Provider/Settings(  912): get setting for user 0 by user 0 so skipping cache
V/Provider/Settings(  912):  from settings cache , name = date_format , value = 
D/dalvikvm(  912): threadid=29: exiting
D/dalvikvm(  912): threadid=29: bye!
I/        (  245): [BWC INFO](245): get_bwc_mm_property success
I/SurfaceFlinger(  245): [Built-in Screen (type:0)] fps:5.634640,dur:1242.32,max:1141.51,min:16.37
D/dalvikvm( 1680): create interp thread : stack size=128KB
D/dalvikvm( 1680): create new thread
D/dalvikvm( 1680): new thread created
D/dalvikvm( 1680): update thread list
D/dalvikvm(  912): create interp thread : stack size=128KB
D/dalvikvm(  912): create new thread
D/dalvikvm(  912): new thread created
D/dalvikvm(  912): update thread list
D/dalvikvm(  912): threadid=29: interp stack at 0x7c7b6000
D/dalvikvm(  912): threadid=29: created from interp
D/dalvikvm(  912): start new thread
D/dalvikvm(  912): threadid=29: notify debugger
D/dalvikvm(  912): threadid=29 (Thread-1398): calling run()
V/Provider/Settings(  912): get setting for user 0 by user 0 so skipping cache
V/Provider/Settings(  912):  from settings cache , name = date_format , value = 
D/dalvikvm(  912): threadid=29: exiting
D/dalvikvm(  912): threadid=29: bye!
I/        (  245): [BWC INFO](245): get_bwc_mm_property success
D/dalvikvm( 1680): threadid=11: interp stack at 0x7a356000
D/dalvikvm( 1680): threadid=11: created from interp
D/dalvikvm( 1680): start new thread
D/dalvikvm( 1680): threadid=11: notify debugger
D/dalvikvm( 1680): threadid=11 (ADThread-1501743876949): calling run()
D/dalvikvm( 1680): threadid=11: exiting
D/dalvikvm( 1680): threadid=11: bye!
D/dalvikvm( 7525): create interp thread : stack size=128KB
D/dalvikvm( 7525): create new thread
D/dalvikvm( 7525): new thread created
D/dalvikvm( 7525): update thread list
D/dalvikvm( 7525): threadid=28: interp stack at 0x7b38f000
D/dalvikvm( 7525): threadid=28: created from interp
D/dalvikvm( 7525): start new thread
D/dalvikvm( 7525): threadid=28: notify debugger
D/dalvikvm( 7525): threadid=28 (AWCN Dispatcher1): calling run()
D/dalvikvm( 7525): create interp thread : stack size=128KB
D/dalvikvm( 7525): create new thread
D/dalvikvm( 7525): new thread created
D/dalvikvm( 7525): update thread list
D/dalvikvm( 7525): threadid=29: interp stack at 0x7b4af000
D/dalvikvm( 7525): threadid=29: created from interp
D/dalvikvm( 7525): start new thread
D/dalvikvm( 7525): threadid=29: notify debugger
D/dalvikvm( 7525): threadid=29 (AWCN Worker1): calling run()
D/dalvikvm( 7525): create interp thread : stack size=128KB
D/dalvikvm( 7525): create new thread
D/dalvikvm( 7525): new thread created
D/dalvikvm( 7525): update thread list
D/dalvikvm( 7525): threadid=30: interp stack at 0x7b5cf000
D/dalvikvm( 7525): threadid=30: created from interp
D/dalvikvm( 7525): start new thread
D/dalvikvm( 7525): threadid=30: notify debugger
D/dalvikvm( 7525): threadid=30 (AsyncTask #2): calling run()
I/FrameworkListener(  243): onDataAvailable get 45 bytes 
D/libc-netbsd(  243): default dns: query_ipv6=0, query_ipv4=1
D/libc-netbsd(  243): res_queryN name = amdc.m.taobao.com, class = 1, type = 1
D/libc-netbsd(  243): iface=wlan0, dns0:192.168.1.200
D/libc-netbsd(  243): iface=wlan0, dns1:202.106.0.20
D/libc-netbsd(  243): iface=wlan0, dns2:8.8.8.8
D/libc-netbsd(  243): res_queryN name = amdc.m.taobao.com succeed
D/SocketClient(  243): SocketClient sendDatalocked done: 222
D/SocketClient(  243): SocketClient sendDatalocked done: 
D/SocketClient(  243): SocketClient sendDatalocked done: 
D/SocketClient(  243): SocketClient sendDatalocked done: 
D/SocketClient(  243): SocketClient sendDatalocked done: 
D/SocketClient(  243): SocketClient sendDatalocked done: 
D/SocketClient(  243): SocketClient sendDatalocked done: 
D/libc-netbsd( 7525): getaddrinfo: amdc.m.taobao.com get result from proxy >>
I/System.out( 7525): propertyValue:true
I/System.out( 7525): [socket][2] connection /140.205.35.58:80;LocalPort=48721(20000)
I/System.out( 7525): [CDS]connect[/140.205.35.58:80] tm:20
D/Posix   ( 7525): [Posix_connect Debug]Process com.ss.android.article.news:pushservice :80 
I/System.out( 7525): [socket][/192.168.9.109:48721] connected
I/System.out( 7525): [CDS]rx timeout:20000
I/System.out( 7525): [CDS]SO_SND_TIMEOUT:0
V/Provider/Settings(  795): get setting for user 0 by user 0 so skipping cache
V/Provider/Settings(  795):  from settings cache , name = sys_free_storage_log_interval , value = null
V/Provider/Settings(  795): get setting for user 0 by user 0 so skipping cache
V/Provider/Settings(  795):  from settings cache , name = disk_free_change_reporting_threshold , value = null
I/System.out( 7525): [CDS]close[48721]
I/System.out( 7525): close [socket][/0.0.0.0:48721]
D/dalvikvm(  795): GC_CONCURRENT freed 6176K (104002), 50% free 29302K/57628K, paused 23ms+14ms, total 238ms
I/Process (  795): get_ion_cache_memory totalNum:94474240
I/Process (  795): mm_heap_freelist total_size=0x0
I/Process (  795): ----------------------------------------------------
I/Process (  795):   buffer     size kmap ref hdl mod      mva sec flag pid comm(client)   v1   v2   v3   v4 dbg_name
I/Process (  795): 0xcd7ed080   327680   0   3   2   0  2100000   0   0 245 surfaceflinger 0x0 0x0 0x0 0x0 nothing sf_info(-18771955 0 0
I/Process (  795): get_ion_cache_memory ionCacheTotalInByte:94474240
I/BufferQueue(  245): [com.ccvideo/com.yizhibo.video.activity.HomeTabActivity](this:0xb76747f0,id:103,api:1,p:4328,c:245) queueBuffer: fps=17.92 dur=2957.65 max=2079.24 min=15.45
I/        (  245): [BWC INFO](245): get_bwc_mm_property success
I/        (  245): [BWC INFO](245): get_bwc_mm_property success
I/        (  245): [BWC INFO](245): get_bwc_mm_property success
I/SurfaceFlinger(  245): [Built-in Screen (type:0)] fps:3.827324,dur:1045.12,max:908.02,min:33.62
I/        (  245): [BWC INFO](245): get_bwc_mm_property success
I/        (  245): [BWC INFO](245): get_bwc_mm_property success
I/        (  245): [BWC INFO](245): get_bwc_mm_property success
I/        (  245): [BWC INFO](245): get_bwc_mm_property success
I/        (  245): [BWC INFO](245): get_bwc_mm_property success
I/        (  245): [BWC INFO](245): get_bwc_mm_property success
I/        (  245): [BWC INFO](245): get_bwc_mm_property success
I/        (  245): [BWC INFO](245): get_bwc_mm_property success
I/        (  245): [BWC INFO](245): get_bwc_mm_property success
D/PhoneInterfaceManagerEx( 1076): [PhoneIntfMgrEx] hasIccCard  simId=0
D/PhoneInterfaceManagerEx( 1076): [PhoneIntfMgrEx] hasIccCard  simId=1
I/        (  245): [BWC INFO](245): get_bwc_mm_property success
D/PhoneInterfaceManagerEx( 1076): [PhoneIntfMgrEx] hasIccCard  simId=0
D/PhoneInterfaceManagerEx( 1076): [PhoneIntfMgrEx] hasIccCard  simId=1
D/PhoneInterfaceManagerEx( 1076): [PhoneIntfMgrEx] hasIccCard  simId=0
D/PhoneInterfaceManagerEx( 1076): [PhoneIntfMgrEx] hasIccCard  simId=1
D/PhoneInterfaceManagerEx( 1076): [PhoneIntfMgrEx] hasIccCard  simId=0
D/PhoneInterfaceManagerEx( 1076): [PhoneIntfMgrEx] hasIccCard  simId=1
D/dalvikvm(  912): create interp thread : stack size=128KB
D/dalvikvm(  912): create new thread
D/dalvikvm(  912): new thread created
D/dalvikvm(  912): update thread list
D/dalvikvm(  912): threadid=29: interp stack at 0x7c7b6000
D/dalvikvm(  912): threadid=29: created from interp
D/dalvikvm(  912): start new thread
D/dalvikvm(  912): threadid=29: notify debugger
D/dalvikvm(  912): threadid=29 (Thread-1399): calling run()
V/Provider/Settings(  912): get setting for user 0 by user 0 so skipping cache
V/Provider/Settings(  912):  from settings cache , name = date_format , value = 
D/dalvikvm(  912): threadid=29: exiting
D/dalvikvm(  912): threadid=29: bye!
I/BufferQueue(  245): [StatusBar](this:0xb75dd060,id:6,api:1,p:912,c:245) queueBuffer: fps=1.14 dur=1750.27 max=1729.77 min=20.51
I/        (  245): [BWC INFO](245): get_bwc_mm_property success
I/        (  245): [BWC INFO](245): get_bwc_mm_property success
I/        (  245): [BWC INFO](245): get_bwc_mm_property success
D/        (  257): charger_monitor log_has_update will be set false
I/        (  245): [BWC INFO](245): get_bwc_mm_property success
I/Process (  795): get_ion_cache_memory totalNum:94474240
I/Process (  795): mm_heap_freelist total_size=0x0
I/Process (  795): ----------------------------------------------------
I/Process (  795):   buffer     size kmap ref hdl mod      mva sec flag pid comm(client)   v1   v2   v3   v4 dbg_name
I/Process (  795): 0xcd7ed080   327680   0   3   2   0  2100000   0   0 245 surfaceflinger 0x0 0x0 0x0 0x0 nothing sf_info(-18771955 0 0
I/Process (  795): get_ion_cache_memory ionCacheTotalInByte:94474240
I/BufferQueue(  245): [com.ccvideo/com.yizhibo.video.activity.HomeTabActivity](this:0xb76747f0,id:103,api:1,p:4328,c:245) queueBuffer: fps=15.32 dur=1044.62 max=71.12 min=50.25
I/        (  245): [BWC INFO](245): get_bwc_mm_property success
I/        (  245): [BWC INFO](245): get_bwc_mm_property success
I/SurfaceFlinger(  245): [Built-in Screen (type:0)] fps:15.866259,dur:1008.43,max:68.26,min:32.72
I/        (  245): [BWC INFO](245): get_bwc_mm_property success
I/        (  245): [BWC INFO](245): get_bwc_mm_property success
I/        (  245): [BWC INFO](245): get_bwc_mm_property success
D/dalvikvm( 7525): create interp thread : stack size=128KB
D/dalvikvm( 7525): create new thread
D/dalvikvm( 7525): new thread created
D/dalvikvm( 7525): update thread list
D/dalvikvm( 7525): threadid=31: interp stack at 0x7b6f1000
D/dalvikvm( 7525): threadid=31: created from interp
D/dalvikvm( 7525): start new thread
D/dalvikvm( 7525): threadid=31: notify debugger
D/dalvikvm( 7525): threadid=31 (AWCN Worker2): calling run()
I/System.out( 7525): [socket][3] connection /140.205.35.58:80;LocalPort=54162(20000)
I/System.out( 7525): [CDS]connect[/140.205.35.58:80] tm:20
D/Posix   ( 7525): [Posix_connect Debug]Process com.ss.android.article.news:pushservice :80 
I/System.out( 7525): [socket][/192.168.9.109:54162] connected
I/System.out( 7525): [CDS]rx timeout:20000
I/System.out( 7525): [CDS]SO_SND_TIMEOUT:0
I/System.out( 7525): [CDS]close[54162]
I/System.out( 7525): close [socket][/0.0.0.0:54162]
I/        (  245): [BWC INFO](245): get_bwc_mm_property success
I/        (  245): [BWC INFO](245): get_bwc_mm_property success
I/        (  245): [BWC INFO](245): get_bwc_mm_property success
I/        (  245): [BWC INFO](245): get_bwc_mm_property success
I/        (  245): [BWC INFO](245): get_bwc_mm_property success
I/        (  245): [BWC INFO](245): get_bwc_mm_property success
I/        (  245): [BWC INFO](245): get_bwc_mm_property success
I/        (  245): [BWC INFO](245): get_bwc_mm_property success
I/        (  245): [BWC INFO](245): get_bwc_mm_property success
D/WifiStateMachine(  795): ConnectedState{ when=-4ms what=131155 arg1=4 target=com.android.internal.util.StateMachine$SmHandler target=Handler (com.android.internal.util.StateMachine$SmHandler) {42c34c40} }
D/WifiStateMachine(  795): L2ConnectedState{ when=-4ms what=131155 arg1=4 target=com.android.internal.util.StateMachine$SmHandler target=Handler (com.android.internal.util.StateMachine$SmHandler) {42c34c40} }
D/WifiHW  (  795): enter -->wifi_send_command cmd=IFNAME=wlan0 SIGNAL_POLL
D/wpa_supplicant(  997): RX ctrl_iface - hexdump(len=11): 53 49 47 4e 41 4c 5f 50 4f 4c 4c
D/wpa_supplicant(  997): wlan0: Control interface command 'SIGNAL_POLL'
D/wpa_supplicant(  997): nl80211: survey data missing!
D/wpa_supplicant(  997): signal poll, reply_len=48
D/wpa_ctrl(  795): reply_len=4095
D/WifiHW  (  795): leave --> reply=RSSI=-54
D/WifiHW  (  795): LINKSPEED=65
D/WifiHW  (  795): NOISE=9999
D/WifiHW  (  795): FREQUENCY=2432
D/WifiHW  (  795): 
D/wifi    (  795): doStringCommand, buf IFNAME=wlan0 SIGNAL_POLL
I/WifiStateMachine(  795): fetchRssiAndLinkSpeedNative, newRssi:-54, newLinkSpeed:65, SSID:"yizhibo"
D/WifiStateMachine(  795): mRssiArray[0] = -56
D/WifiStateMachine(  795): mRssiArray[1] = -56
D/WifiStateMachine(  795): mRssiArray[2] = -56
D/WifiStateMachine(  795): mRssiArray[3] = -55
D/WifiStateMachine(  795): mRssiArray[4] = -56
D/WifiStateMachine(  795): GetFilterRssi is : -54
D/WifiStateMachine(  795): mLastSignalLevel:4, newSignalLevel:4
D/WifiStateMachine(  795): fetchRssiAndLinkSpeedNative, ipAddr:1829349568
I/        (  245): [BWC INFO](245): get_bwc_mm_property success
I/        (  245): [BWC INFO](245): get_bwc_mm_property success
I/Process (  795): get_ion_cache_memory totalNum:94474240
I/Process (  795): mm_heap_freelist total_size=0x0
I/Process (  795): ----------------------------------------------------
I/Process (  795):   buffer     size kmap ref hdl mod      mva sec flag pid comm(client)   v1   v2   v3   v4 dbg_name
I/Process (  795): 0xcd7ed080   327680   0   3   2   0  2100000   0   0 245 surfaceflinger 0x0 0x0 0x0 0x0 nothing sf_info(-18771955 0 0
I/Process (  795): get_ion_cache_memory ionCacheTotalInByte:94474240
I/        (  245): [BWC INFO](245): get_bwc_mm_property success
I/        (  245): [BWC INFO](245): get_bwc_mm_property success
I/BufferQueue(  245): [com.ccvideo/com.yizhibo.video.activity.HomeTabActivity](this:0xb76747f0,id:103,api:1,p:4328,c:245) queueBuffer: fps=17.86 dur=1007.71 max=513.98 min=11.76
I/        (  245): [BWC INFO](245): get_bwc_mm_property success
I/        (  245): [BWC INFO](245): get_bwc_mm_property success
I/        (  245): [BWC INFO](245): get_bwc_mm_property success
I/        (  245): [BWC INFO](245): get_bwc_mm_property success
I/        (  245): [BWC INFO](245): get_bwc_mm_property success
I/SurfaceFlinger(  245): [Built-in Screen (type:0)] fps:20.794825,dur:1009.87,max:520.60,min:15.91
I/        (  245): [BWC INFO](245): get_bwc_mm_property success
I/        (  245): [BWC INFO](245): get_bwc_mm_property success
I/        (  245): [BWC INFO](245): get_bwc_mm_property success
I/        (  245): [BWC INFO](245): get_bwc_mm_property success
I/        (  245): [BWC INFO](245): get_bwc_mm_property success
D/ADB_SERVICES( 7217): adb fdevent_process list (19) (11) (15) 
W/ADB_SERVICES( 7217): create_local_service_socket() name=shell:wm size
W/ADB_SERVICES( 7217): service_to_fd() name=shell:wm size
W/ADB_SERVICES( 7217): read_meminfo() mem_free=520632
W/ADB_SERVICES( 7217): create_subprocess() ret_fd=19 pid=7757
W/ADB_SERVICES( 7217): LS(7): bound to 'shell:wm size' via 19
D/ADB_SERVICES( 7217): adb local_socket_ready list (18) (19) 
W/ADB_SERVICES( 7757): adb: unable to open /proc/7757/oom_adj
I/        (  245): [BWC INFO](245): get_bwc_mm_property success
I/        (  245): [BWC INFO](245): get_bwc_mm_property success
I/        (  245): [BWC INFO](245): get_bwc_mm_property success
I/        (  245): [BWC INFO](245): get_bwc_mm_property success
I/        (  245): [BWC INFO](245): get_bwc_mm_property success
D/dalvikvm( 7525): threadid=17: exiting
D/dalvikvm( 7525): threadid=17: bye!
I/        (  245): [BWC INFO](245): get_bwc_mm_property success
I/        (  245): [BWC INFO](245): get_bwc_mm_property success
I/        (  245): [BWC INFO](245): get_bwc_mm_property success
I/        (  245): [BWC INFO](245): get_bwc_mm_property success
I/        (  245): [BWC INFO](245): get_bwc_mm_property success
I/        (  245): [BWC INFO](245): get_bwc_mm_property success
I/        (  245): [BWC INFO](245): get_bwc_mm_property success
I/        (  245): [BWC INFO](245): get_bwc_mm_property success
I/        (  245): [BWC INFO](245): get_bwc_mm_property success
I/        (  245): [BWC INFO](245): get_bwc_mm_property success
I/        (  245): [BWC INFO](245): get_bwc_mm_property success
I/        (  245): [BWC INFO](245): get_bwc_mm_property success
I/        (  245): [BWC INFO](245): get_bwc_mm_property success
D/AndroidRuntime( 7757): 
D/AndroidRuntime( 7757): >>>>>> AndroidRuntime START com.android.internal.os.RuntimeInit <<<<<<
D/AndroidRuntime( 7757): CheckJNI is OFF
D/AndroidRuntime( 7757): language=-Duser.language=zh region=-Duser.region=CN
D/dalvikvm( 7757): boot class : 
D/dalvikvm( 7757):   (0) core.jar
D/dalvikvm( 7757):   (1) conscrypt.jar
D/dalvikvm( 7757):   (2) okhttp.jar
D/dalvikvm( 7757):   (3) core-junit.jar
D/dalvikvm( 7757):   (4) bouncycastle.jar
D/dalvikvm( 7757):   (5) ext.jar
D/dalvikvm( 7757):   (6) framework.jar
D/dalvikvm( 7757):   (7) framework2.jar
D/dalvikvm( 7757):   (8) telephony-common.jar
D/dalvikvm( 7757):   (9) voip-common.jar
D/dalvikvm( 7757):   (10) mms-common.jar
D/dalvikvm( 7757):   (11) android.policy.jar
D/dalvikvm( 7757):   (12) services.jar
D/dalvikvm( 7757):   (13) apache-xml.jar
D/dalvikvm( 7757):   (14) webviewchromium.jar
D/dalvikvm( 7757):   (15) mediatek-common.jar
D/dalvikvm( 7757):   (16) mediatek-framework.jar
D/dalvikvm( 7757):   (17) CustomProperties.jar
D/dalvikvm( 7757):   (18) mediatek-telephony-common.jar
D/dalvikvm( 7757):   (19) mediatek-tablet.jar
D/dalvikvm( 7757):   (20) oppo-framework.jar
D/dalvikvm( 7757):   (21) am.jar
D/dalvikvm( 7757): threadid=1: interp stack at 0x6d8ef000
D/dalvikvm( 7757): dvmJarFileOpen: /system/framework/core.jar
D/dalvikvm( 7757): dvmJarFileOpen: /system/framework/conscrypt.jar
D/dalvikvm( 7757): dvmJarFileOpen: /system/framework/okhttp.jar
D/dalvikvm( 7757): dvmJarFileOpen: /system/framework/core-junit.jar
D/dalvikvm( 7757): dvmJarFileOpen: /system/framework/bouncycastle.jar
D/dalvikvm( 7757): dvmJarFileOpen: /system/framework/ext.jar
D/dalvikvm( 7757): dvmJarFileOpen: /system/framework/framework.jar
D/dalvikvm( 7757): dvmJarFileOpen: /system/framework/framework2.jar
D/dalvikvm( 7757): dvmJarFileOpen: /system/framework/telephony-common.jar
I/        (  245): [BWC INFO](245): get_bwc_mm_property success
D/dalvikvm( 7757): dvmJarFileOpen: /system/framework/voip-common.jar
D/dalvikvm( 7757): dvmJarFileOpen: /system/framework/mms-common.jar
D/dalvikvm( 7757): dvmJarFileOpen: /system/framework/android.policy.jar
D/dalvikvm( 7757): dvmJarFileOpen: /system/framework/services.jar
D/dalvikvm( 7757): dvmJarFileOpen: /system/framework/apache-xml.jar
D/dalvikvm( 7757): dvmJarFileOpen: /system/framework/webviewchromium.jar
D/dalvikvm( 7757): dvmJarFileOpen: /system/framework/mediatek-common.jar
D/dalvikvm( 7757): dvmJarFileOpen: /system/framework/mediatek-framework.jar
D/dalvikvm( 7757): dvmJarFileOpen: /system/framework/CustomProperties.jar
D/dalvikvm( 7757): dvmJarFileOpen: /system/framework/mediatek-telephony-common.jar
D/dalvikvm( 7757): dvmJarFileOpen: /system/framework/mediatek-tablet.jar
D/dalvikvm( 7757): dvmJarFileOpen: /system/framework/oppo-framework.jar
D/dalvikvm( 7757): open_cached_dex_file : /system/framework/oppo-framework.jar /data/dalvik-cache/system@framework@oppo-framework.jar@classes.dex
D/dalvikvm( 7757): process bootclasspath ex!!
D/dalvikvm( 7757): dvmJarFileOpen: /system/framework/mediatek-op.jar
D/dalvikvm( 7757): open_cached_dex_file : /system/framework/mediatek-op.jar /data/dalvik-cache/system@framework@mediatek-op.jar@classes.dex
D/dalvikvm( 7757): Trying to load lib libjavacore.so 0x0
D/dalvikvm( 7757): Added shared lib libjavacore.so 0x0
D/dalvikvm( 7757): Trying to load lib libnativehelper.so 0x0
D/dalvikvm( 7757): Added shared lib libnativehelper.so 0x0
D/dalvikvm( 7757): No JNI_OnLoad found in libnativehelper.so 0x0, skipping init
D/dalvikvm( 7757): +++ finishing prep on main VM thread
I/        (  245): [BWC INFO](245): get_bwc_mm_property success
D/dalvikvm( 7757): dvmJarFileOpen: /system/framework/wm.jar
I/dalvikvm( 7757): DexOpt: mismatch dep name: '/data/dalvik-cache/system@framework@oppo-framework.jar@classes.dex' vs. '/system/framework/oppo-framework.odex'
D/dalvikvm( 7757): == DexOpt: numDeps = 21
D/dalvikvm( 7757): 0 : /system/framework/core.odex /system/framework/core.odex
D/dalvikvm( 7757): 1 : /system/framework/conscrypt.odex /system/framework/conscrypt.odex
D/dalvikvm( 7757): 2 : /system/framework/okhttp.odex /system/framework/okhttp.odex
D/dalvikvm( 7757): 3 : /system/framework/core-junit.odex /system/framework/core-junit.odex
D/dalvikvm( 7757): 4 : /system/framework/bouncycastle.odex /system/framework/bouncycastle.odex
D/dalvikvm( 7757): 5 : /system/framework/ext.odex /system/framework/ext.odex
D/dalvikvm( 7757): 6 : /system/framework/framework.odex /system/framework/framework.odex
D/dalvikvm( 7757): 7 : /system/framework/framework2.odex /system/framework/framework2.odex
D/dalvikvm( 7757): 8 : /system/framework/telephony-common.odex /system/framework/telephony-common.odex
D/dalvikvm( 7757): 9 : /system/framework/voip-common.odex /system/framework/voip-common.odex
D/dalvikvm( 7757): 10 : /system/framework/mms-common.odex /system/framework/mms-common.odex
D/dalvikvm( 7757): 11 : /system/framework/android.policy.odex /system/framework/android.policy.odex
D/dalvikvm( 7757): 12 : /system/framework/services.odex /system/framework/services.odex
D/dalvikvm( 7757): 13 : /system/framework/apache-xml.odex /system/framework/apache-xml.odex
D/dalvikvm( 7757): 14 : /system/framework/webviewchromium.odex /system/framework/webviewchromium.odex
D/dalvikvm( 7757): 15 : /system/framework/mediatek-common.odex /system/framework/mediatek-common.odex
D/dalvikvm( 7757): 16 : /system/framework/mediatek-framework.odex /system/framework/mediatek-framework.odex
D/dalvikvm( 7757): 17 : /system/framework/CustomProperties.odex /system/framework/CustomProperties.odex
D/dalvikvm( 7757): 18 : /system/framework/mediatek-telephony-common.odex /system/framework/mediatek-telephony-common.odex
D/dalvikvm( 7757): 19 : /system/framework/mediatek-tablet.odex /system/framework/mediatek-tablet.odex
D/dalvikvm( 7757): 20 : /system/framework/oppo-framework.odex /system/framework/oppo-framework.odex
D/dalvikvm( 7757): 21 : NULL NULL
E/dalvikvm( 7757): /system/framework/wm.jar odex has stale dependencies
D/dalvikvm( 7757): open_cached_dex_file : /system/framework/wm.jar /data/dalvik-cache/system@framework@wm.jar@classes.dex
D/dalvikvm( 7757): create interp thread : stack size=128KB
D/dalvikvm( 7757): create new thread
D/dalvikvm( 7757): new thread created
D/dalvikvm( 7757): update thread list
D/dalvikvm( 7757): threadid=2: interp stack at 0x72e42000
D/dalvikvm( 7757): threadid=2: created from interp
D/dalvikvm( 7757): start new thread
D/dalvikvm( 7757): threadid=2: notify debugger
D/dalvikvm( 7757): threadid=2 (ReferenceQueueDaemon): calling run()
D/dalvikvm( 7757): create interp thread : stack size=128KB
D/dalvikvm( 7757): create new thread
D/dalvikvm( 7757): new thread created
D/dalvikvm( 7757): update thread list
D/dalvikvm( 7757): threadid=3: interp stack at 0x72f62000
D/dalvikvm( 7757): threadid=3: created from interp
D/dalvikvm( 7757): start new thread
D/dalvikvm( 7757): threadid=3: notify debugger
D/dalvikvm( 7757): threadid=3 (FinalizerDaemon): calling run()
D/dalvikvm( 7757): create interp thread : stack size=128KB
D/dalvikvm( 7757): create new thread
D/dalvikvm( 7757): new thread created
D/dalvikvm( 7757): update thread list
D/dalvikvm( 7757): threadid=4: interp stack at 0x73082000
D/dalvikvm( 7757): threadid=4: created from interp
D/dalvikvm( 7757): start new thread
D/dalvikvm( 7757): threadid=4: notify debugger
D/dalvikvm( 7757): threadid=4 (FinalizerWatchdogDaemon): calling run()
D/dalvikvm( 7757): threadid=5: interp stack at 0x732a4000
D/dalvikvm( 7757): threadid=6: interp stack at 0x733c5000
D/dalvikvm( 7757): Elevating priority from 0 to -8
D/jdwp    ( 7757): prepping for JDWP over ADB
D/dalvikvm( 7757): threadid=7: interp stack at 0x734e8000
D/jdwp    ( 7757): JDWP: thread running
D/dalvikvm( 7757): threadid=8: interp stack at 0x73609000
D/jdwp    ( 7757): trying to receive file descriptor from ADB
D/ADB_SERVICES( 7217): Adding socket 20 pid 7757 to jdwp process list
I/        (  245): [BWC INFO](245): get_bwc_mm_property success
D/dalvikvm( 7757): Note: class Landroid/app/ActivityManagerNative; has 194 unimplemented (abstract) methods
I/        (  245): [BWC INFO](245): get_bwc_mm_property success
I/        (  245): [BWC INFO](245): get_bwc_mm_property success
I/        (  245): [BWC INFO](245): get_bwc_mm_property success
I/        (  245): [BWC INFO](245): get_bwc_mm_property success
I/        (  245): [BWC INFO](245): get_bwc_mm_property success
I/        (  245): [BWC INFO](245): get_bwc_mm_property success
I/        (  245): [BWC INFO](245): get_bwc_mm_property success
I/        (  245): [BWC INFO](245): get_bwc_mm_property success
E/memtrack( 7757): Couldn't load memtrack module (No such file or directory)
E/android.os.Debug( 7757): failed to load memtrack module: -2
I/        (  245): [BWC INFO](245): get_bwc_mm_property success
I/        (  245): [BWC INFO](245): get_bwc_mm_property success
I/        (  245): [BWC INFO](245): get_bwc_mm_property success
I/        (  245): [BWC INFO](245): get_bwc_mm_property success
D/PhoneInterfaceManagerEx( 1076): [PhoneIntfMgrEx] hasIccCard  simId=0
D/AndroidRuntime( 7757): Calling main entry com.android.commands.wm.Wm
D/dalvikvm( 7757): threadid=9: interp stack at 0x73aee000
D/dalvikvm( 7757): threadid=10: interp stack at 0x73c0e000
D/PhoneInterfaceManagerEx( 1076): [PhoneIntfMgrEx] hasIccCard  simId=1
D/PhoneInterfaceManagerEx( 1076): [PhoneIntfMgrEx] hasIccCard  simId=0
D/PhoneInterfaceManagerEx( 1076): [PhoneIntfMgrEx] hasIccCard  simId=1
I/        (  245): [BWC INFO](245): get_bwc_mm_property success
D/PhoneInterfaceManagerEx( 1076): [PhoneIntfMgrEx] hasIccCard  simId=0
D/PhoneInterfaceManagerEx( 1076): [PhoneIntfMgrEx] hasIccCard  simId=1
D/PhoneInterfaceManagerEx( 1076): [PhoneIntfMgrEx] hasIccCard  simId=0
D/PhoneInterfaceManagerEx( 1076): [PhoneIntfMgrEx] hasIccCard  simId=1
D/AndroidRuntime( 7757): Shutting down VM
D/ADB_SERVICES( 7217): adb socket read list (19) 
D/ADB_SERVICES( 7217): read_data=26
D/ADB_SERVICES( 7217): max_read_time=0.000041 max_send_time=0.000034 
D/dalvikvm( 7757): threadid=1: bye!
D/dalvikvm( 7757): DestroyJavaVM waiting for non-daemon threads to exit
D/dalvikvm( 7757): threadid=1: interp stack at 0x73c4b000
D/dalvikvm( 7757): threadid=10: bye!
D/dalvikvm( 7757): threadid=9: last non-daemon thread
D/dalvikvm( 7757): threadid=9: bye!
D/dalvikvm( 7757): DestroyJavaVM shutting VM down
D/dalvikvm( 7757): VM shutting down
D/dalvikvm( 7757): between the previous GC alloc  703K
D/dalvikvm(  912): create interp thread : stack size=128KB
D/dalvikvm(  912): create new thread
D/dalvikvm(  912): new thread created
D/dalvikvm(  912): update thread list
D/dalvikvm(  912): threadid=29: interp stack at 0x7c7b6000
D/dalvikvm(  912): threadid=29: created from interp
D/dalvikvm(  912): start new thread
D/dalvikvm(  912): threadid=29: notify debugger
D/dalvikvm(  912): threadid=29 (Thread-1400): calling run()
V/Provider/Settings(  912): get setting for user 0 by user 0 so skipping cache
V/Provider/Settings(  912):  from settings cache , name = date_format , value = 
D/dalvikvm(  912): threadid=29: exiting
D/dalvikvm(  912): threadid=29: bye!
D/dalvikvm( 7757): GC_CONCURRENT freed 95K (980), 15% free 608K/708K, paused 0ms+0ms, total 4ms
D/dalvikvm( 7757): threadid=5: bye!
D/jdwp    ( 7757): JDWP shutting down net...
D/jdwp    ( 7757): +++ writing to wakePipe
E/jdwp    ( 7757): jdwp::setsockopt(SO_SNDTIMEO)
E/jdwp    ( 7757): jdwp::setsockopt(SO_RCVTIMEO)
D/jdwp    ( 7757): JDWP: thread exiting
D/dalvikvm( 7757): threadid=7: bye!
D/jdwp    ( 7757): JDWP freeing netstate...
W/ADB_SERVICES( 7217): terminating JDWP 7757 connection: Try again
D/ADB_SERVICES( 7217): remove pid 7757 to jdwp process list
I/dalvikvm( 7757): threadid=6: ignore signal 3
D/dalvikvm( 7757): threadid=6: bye!
D/dalvikvm( 7757): 123 compilations using 4096 + 14460 bytes
D/dalvikvm( 7757): Compiler arena uses 6 blocks (8100 bytes each)
D/dalvikvm( 7757): Compiler work queue length is 0/8
D/dalvikvm( 7757): JIT: table size is 4096, entries used is 132
D/dalvikvm( 7757): JIT: 132 traces, 4096 slots, 3 chains, 40 thresh, Non-blocking
D/dalvikvm( 7757): JIT: 78 Translation chains, 7 interp stubs
D/dalvikvm( 7757): dalvik.vm.jit.op = 0-2,7,a,c,e-f,11-14,1c-1e,21,23,28,2c,32-39,44,46,48-49,4b,4d,50,52,54-55,59,62,70-71,8e,90,95-96,b0-b1,b5,b7,d5,d8,da,dd,e0-e2,ee,f0-f2,f4-f6,f8,
D/dalvikvm( 7757): Code size stats: 0/680 (compiled/total Dalvik), 0 (native)
D/dalvikvm( 7757): Compiler thread shutting down
D/dalvikvm( 7757): threadid=8: bye!
D/dalvikvm( 7757): Compiler thread has shut down
D/dalvikvm( 7757): threadid=1: suspending daemon id=4 name='FinalizerWatchdogDaemon'
D/dalvikvm( 7757): threadid=1: suspending daemon id=3 name='FinalizerDaemon'
D/dalvikvm( 7757): threadid=1: suspending daemon id=2 name='ReferenceQueueDaemon'
I/BufferQueue(  245): [StatusBar](this:0xb75dd060,id:6,api:1,p:912,c:245) queueBuffer: fps=0.50 dur=1983.55 max=1983.55 min=1983.55
I/        (  245): [BWC INFO](245): get_bwc_mm_property success
I/        (  245): [BWC INFO](245): get_bwc_mm_property success
I/        (  245): [BWC INFO](245): get_bwc_mm_property success
I/        (  245): [BWC INFO](245): get_bwc_mm_property success
I/        (  245): [BWC INFO](245): get_bwc_mm_property success
I/        (  245): [BWC INFO](245): get_bwc_mm_property success
I/        (  245): [BWC INFO](245): get_bwc_mm_property success
I/        (  245): [BWC INFO](245): get_bwc_mm_property success
I/        (  245): [BWC INFO](245): get_bwc_mm_property success
D/dalvikvm( 7757): threadid=1: all daemons have suspended
D/dalvikvm( 7757): VM cleaning up
D/ConnectivityService(  795): getActiveNetworkInfo:NetworkInfo: type: WIFI[], state: CONNECTED/CONNECTED, reason: (unspecified), extra: "yizhibo", roaming: false, failover: false, isAvailable: true, isConnectedToProvisioningNetwork: false, simId: 0/1000
V/Provider/Settings(  912): get setting for user 0 by user 0 so skipping cache
V/Provider/Settings(  912):  from settings cache , name = show_network_speed , value = 1
D/dalvikvm( 7757): LinearAlloc 0x0 used 1395580 of 33554432 (4%)
D/ADB_SERVICES( 7217):  closing because is_eof=1 r=-1 s->fde.force_eof=0
W/ADB_SERVICES( 7217): entered. LS(7) fd=19
D/dalvikvm(  912): create interp thread : stack size=128KB
D/dalvikvm(  912): create new thread
D/dalvikvm(  912): new thread created
D/dalvikvm(  912): update thread list
D/dalvikvm(  912): threadid=29: interp stack at 0x7c7b6000
D/dalvikvm(  912): threadid=29: created from interp
D/dalvikvm(  912): start new thread
D/dalvikvm(  912): threadid=29: notify debugger
D/dalvikvm(  912): threadid=29 (Thread-1401): calling run()
V/Provider/Settings(  912): get setting for user 0 by user 0 so skipping cache
V/Provider/Settings(  912):  from settings cache , name = date_format , value = 
D/dalvikvm(  912): threadid=29: exiting
D/dalvikvm(  912): threadid=29: bye!
I/        (  245): [BWC INFO](245): get_bwc_mm_property success
I/Process (  795): get_ion_cache_memory totalNum:94474240
I/Process (  795): mm_heap_freelist total_size=0x0
I/Process (  795): ----------------------------------------------------
I/Process (  795):   buffer     size kmap ref hdl mod      mva sec flag pid comm(client)   v1   v2   v3   v4 dbg_name
I/Process (  795): 0xcd7ed080   327680   0   4   3   0  2100000   0   0 245 surfaceflinger 0x0 0x0 0x0 0x0 nothing sf_info(-18771955 0 0
I/Process (  795): get_ion_cache_memory ionCacheTotalInByte:94474240
W/ADB_SERVICES( 7217): create_local_service_socket() name=shell:cat /proc/meminfo
