D/ConnectivityService(  795): getActiveNetworkInfo:NetworkInfo: type: WIFI[], state: CONNECTED/CONNECTED, reason: (unspecified), extra: "yizhibo", roaming: false, failover: false, isAvailable: true, isConnectedToProvisioningNetwork: false, simId: 0/1000
V/ActivityManager(  795): Broadcast sticky: Intent { act=android.intent.action.ADDITIONAL_BATTERY_CHANGED flg=0x60000010 (has extras) } ordered=false userid=-1 callerApp=null
V/ActivityManager(  795): Broadcast sticky: Intent { act=android.intent.action.BATTERY_CHANGED flg=0x60000010 (has extras) } ordered=false userid=-1 callerApp=null
D/WifiService(  795): onReceive, action:android.intent.action.BATTERY_CHANGED
D/WifiController(  795): DeviceActiveState{ when=0 what=155652 arg1=2 target=com.android.internal.util.StateMachine$SmHandler target=Handler (com.android.internal.util.StateMachine$SmHandler) {427cef60} }
D/WifiController(  795): StaEnabledState{ when=0 what=155652 arg1=2 target=com.android.internal.util.StateMachine$SmHandler target=Handler (com.android.internal.util.StateMachine$SmHandler) {427cef60} }
D/WifiController(  795): DefaultState{ when=0 what=155652 arg1=2 target=com.android.internal.util.StateMachine$SmHandler target=Handler (com.android.internal.util.StateMachine$SmHandler) {427cef60} }
D/WifiController(  795): battery changed pluggedType: 2
D/UsbDeviceManager(  795): onReceive - BATTERY_CHANGED - mPlugType: 2, mSettingUsbCharging: false, mConnected: true, mSettingUsbBicr: false
V/ActivityManager(  795): Broadcast sticky: Intent { act=android.intent.action.ADDITIONAL_BATTERY_CHANGED flg=0x60000010 (has extras) } ordered=false userid=-1 callerApp=null
V/ActivityManager(  795): Broadcast sticky: Intent { act=android.intent.action.ADDITIONAL_BATTERY_CHANGED flg=0x60000010 (has extras) } ordered=false userid=-1 callerApp=null
V/ActivityManager(  795): Broadcast sticky: Intent { act=android.intent.action.SIG_STR flg=0x10 (has extras) } ordered=false userid=-1 callerApp=ProcessRecord{42ae4570 795:system/1000}
D/ConnectivityService(  795): getMobileDataEnabled returning false
D/ConnectivityService(  795): getActiveNetworkInfo:NetworkInfo: type: WIFI[], state: CONNECTED/CONNECTED, reason: (unspecified), extra: "yizhibo", roaming: false, failover: false, isAvailable: true, isConnectedToProvisioningNetwork: false, simId: 0/1000
D/ConnectivityService(  795): getActiveNetworkInfo:NetworkInfo: type: WIFI[], state: CONNECTED/CONNECTED, reason: (unspecified), extra: "yizhibo", roaming: false, failover: false, isAvailable: true, isConnectedToProvisioningNetwork: false, simId: 0/1000
I/ANRManager(  795): updateProcessStats
I/ANRManager(  795): CPU update time < 2.5sec
I/ANRManager(  795): CPU update time < 2.5sec
I/ANRManager(  795): CPU update time < 2.5sec
I/ANRManager(  795): CPU update time < 2.5sec
I/ANRManager(  795): CPU update time < 2.5sec
I/thermal_repeater(  279): oh, queryMdThermalInfo (0)Bad file number
I/thermal_repeater(  279): [recvMdThermalInfo] ret=25, strLen=127,  1, 32767,,, -1, 32767, 2
I/ANRManager(  795): CPU update time < 2.5sec
I/ANRManager(  795): CPU update time < 2.5sec
I/ANRManager(  795): CPU update time < 2.5sec
I/ANRManager(  795): CPU update time < 2.5sec
I/ANRManager(  795): CPU update time < 2.5sec
V/ActivityManager(  795): Broadcast sticky: Intent { act=android.intent.action.ADDITIONAL_BATTERY_CHANGED flg=0x60000010 (has extras) } ordered=false userid=-1 callerApp=null
V/ActivityManager(  795): Broadcast sticky: Intent { act=android.intent.action.BATTERY_CHANGED flg=0x60000010 (has extras) } ordered=false userid=-1 callerApp=null
D/WifiService(  795): onReceive, action:android.intent.action.BATTERY_CHANGED
D/WifiController(  795): DeviceActiveState{ when=0 what=155652 arg1=2 target=com.android.internal.util.StateMachine$SmHandler target=Handler (com.android.internal.util.StateMachine$SmHandler) {427cef60} }
D/WifiController(  795): StaEnabledState{ when=0 what=155652 arg1=2 target=com.android.internal.util.StateMachine$SmHandler target=Handler (com.android.internal.util.StateMachine$SmHandler) {427cef60} }
D/WifiController(  795): DefaultState{ when=-1ms what=155652 arg1=2 target=com.android.internal.util.StateMachine$SmHandler target=Handler (com.android.internal.util.StateMachine$SmHandler) {427cef60} }
D/WifiController(  795): battery changed pluggedType: 2
D/UsbDeviceManager(  795): onReceive - BATTERY_CHANGED - mPlugType: 2, mSettingUsbCharging: false, mConnected: true, mSettingUsbBicr: false
V/ActivityManager(  795): Broadcast sticky: Intent { act=android.intent.action.ADDITIONAL_BATTERY_CHANGED flg=0x60000010 (has extras) } ordered=false userid=-1 callerApp=null
V/ActivityManager(  795): Broadcast sticky: Intent { act=android.intent.action.ADDITIONAL_BATTERY_CHANGED flg=0x60000010 (has extras) } ordered=false userid=-1 callerApp=null
I/ANRManager(  795): CPU update time < 2.5sec
D/ConnectivityService(  795): getActiveNetworkInfo:NetworkInfo: type: WIFI[], state: CONNECTED/CONNECTED, reason: (unspecified), extra: "yizhibo", roaming: false, failover: false, isAvailable: true, isConnectedToProvisioningNetwork: false, simId: 0/1000
I/ANRManager(  795): updateProcessStats
I/ANRManager(  795): CPU update time < 2.5sec
I/ANRManager(  795): CPU update time < 2.5sec
D/SocketClient(  243): SocketClient msg = Iface linkstate wlan0 up
D/SocketClient(  243): SocketClient sendDatalocked done: 600 Iface linkstate wlan0 up
D/SocketClient(  243): SocketClient msg = Iface linkstate wlan0 up
D/SocketClient(  243): SocketClient sendDatalocked done: 600 Iface linkstate wlan0 up
D/NetdConnector(  795): RCV <- {600 Iface linkstate wlan0 up}
D/NetworkManagementService(  795): onEvent:600 Iface linkstate wlan0 up:5
D/NetdConnector(  795): RCV <- {600 Iface linkstate wlan0 up}
D/NetworkManagementService(  795): onEvent:600 Iface linkstate wlan0 up:5
V/ActivityManager(  795): Broadcast: Intent { act=android.net.wifi.SCAN_RESULTS flg=0x4000010 (has extras) } ordered=false userid=-1 callerApp=ProcessRecord{42ae4570 795:system/1000}
I/WifiNotificationController(  795): checkAndSetNotification, state:CONNECTED
D/ActivityManager(  795): getContentProviderImpl: from caller=android.app.ApplicationThreadProxy@43387068 (pid=1434, userId=0) to get content provider com.qihoo360.apm.apmdatamanager.ApmDataProvider cpr=null
E/ActivityThread( 1434): Failed to find provider info for com.qihoo360.apm.apmdatamanager.ApmDataProvider
D/ActivityManager(  795): getContentProviderImpl: from caller=android.app.ApplicationThreadProxy@4286cf30 (pid=1434, userId=0) to get content provider com.qihoo360.apm.apmdatamanager.ApmDataProvider cpr=null
E/ActivityThread( 1434): Failed to find provider info for com.qihoo360.apm.apmdatamanager.ApmDataProvider
D/ActivityManager(  795): getContentProviderImpl: from caller=android.app.ApplicationThreadProxy@4359f520 (pid=1434, userId=0) to get content provider com.qihoo360.apm.apmdatamanager.ApmDataProvider cpr=null
E/ActivityThread( 1434): Failed to find provider info for com.qihoo360.apm.apmdatamanager.ApmDataProvider
D/ConnectivityService(  795): getActiveNetworkInfo:NetworkInfo: type: WIFI[], state: CONNECTED/CONNECTED, reason: (unspecified), extra: "yizhibo", roaming: false, failover: false, isAvailable: true, isConnectedToProvisioningNetwork: false, simId: 0/1000
V/ActivityManager(  795): Broadcast sticky: Intent { act=android.intent.action.ADDITIONAL_BATTERY_CHANGED flg=0x60000010 (has extras) } ordered=false userid=-1 callerApp=null
V/ActivityManager(  795): Broadcast sticky: Intent { act=android.intent.action.BATTERY_CHANGED flg=0x60000010 (has extras) } ordered=false userid=-1 callerApp=null
V/ActivityManager(  795): Broadcast sticky: Intent { act=android.intent.action.ADDITIONAL_BATTERY_CHANGED flg=0x60000010 (has extras) } ordered=false userid=-1 callerApp=null
D/WifiService(  795): onReceive, action:android.intent.action.BATTERY_CHANGED
D/UsbDeviceManager(  795): onReceive - BATTERY_CHANGED - mPlugType: 2, mSettingUsbCharging: false, mConnected: true, mSettingUsbBicr: false
D/WifiController(  795): DeviceActiveState{ when=-1ms what=155652 arg1=2 target=com.android.internal.util.StateMachine$SmHandler target=Handler (com.android.internal.util.StateMachine$SmHandler) {427cef60} }
D/WifiController(  795): StaEnabledState{ when=-1ms what=155652 arg1=2 target=com.android.internal.util.StateMachine$SmHandler target=Handler (com.android.internal.util.StateMachine$SmHandler) {427cef60} }
D/WifiController(  795): DefaultState{ when=-1ms what=155652 arg1=2 target=com.android.internal.util.StateMachine$SmHandler target=Handler (com.android.internal.util.StateMachine$SmHandler) {427cef60} }
D/WifiController(  795): battery changed pluggedType: 2
V/ActivityManager(  795): Broadcast sticky: Intent { act=android.intent.action.ADDITIONAL_BATTERY_CHANGED flg=0x60000010 (has extras) } ordered=false userid=-1 callerApp=null
W/ContextImpl( 1099): Calling a method in the system process without a qualified user: android.app.ContextImpl.sendBroadcast:1345 android.content.ContextWrapper.sendBroadcast:365 com.color.safecenterservices.PowerSaveService.sendLevelChange:158 com.color.safecenterservices.PowerSaveService.access$2400:27 com.color.safecenterservices.PowerSaveService$PowerSaveReceiver.onReceive:252 
V/ActivityManager(  795): Broadcast: Intent { act=com.color.powermanager.battery_level_change flg=0x10 (has extras) } ordered=false userid=0 callerApp=ProcessRecord{42f64d10 1099:com.color.safecenter/1000}
D/ActivityThread( 1099): BDC-Calling onReceive: intent=Intent { act=com.color.powermanager.battery_level_change flg=0x10 cmp=com.color.safecenter/.status.SafeStatusReceiver (has extras) }, ordered=true, receiver=com.color.safecenter.status.SafeStatusReceiver@42b99e10
D/ActivityThread( 1099): BDC-RECEIVER handled : 0 / ReceiverData{intent=Intent { act=com.color.powermanager.battery_level_change flg=0x10 cmp=com.color.safecenter/.status.SafeStatusReceiver (has extras) } packageName=com.color.safecenter resultCode=-1 resultData=null resultExtras=null}
V/ActivityManager(  795): Broadcast: Intent { act=android.intent.action.TIME_TICK flg=0x50000094 (has extras) } ordered=true userid=-1 callerApp=null
D/ActivityThread(  795): BDC-Calling onReceive: intent=Intent { act=android.intent.action.TIME_TICK flg=0x50000094 (has extras) }, ordered=true, receiver=com.android.server.AlarmManagerService$ClockReceiver@42b919e0, IIntentReceiver=42e68d68
V/AlarmManager(  795): isAlarmNeedAlign : charging
D/ActivityThread(  795): BDC-Calling finishReceiver: IIntentReceiver=42e68d68
D/ActivityThread( 1137): BDC-Calling onReceive: intent=Intent { act=android.intent.action.TIME_TICK flg=0x50000094 (has extras) }, ordered=true, receiver=com.oppo.lockutils.OppoLockUtils$1@427be820, IIntentReceiver=427c01b8
D/ActivityThread( 1137): BDC-Calling finishReceiver: IIntentReceiver=427c01b8
D/ActivityThread( 1137): BDC-Calling onReceive: intent=Intent { act=android.intent.action.TIME_TICK flg=0x50000094 (has extras) }, ordered=true, receiver=com.android.keyguard.base.KeyguardUpdateMonitor$3@427cf2a0, IIntentReceiver=427d0b28
D/ActivityThread( 1137): BDC-Calling finishReceiver: IIntentReceiver=427d0b28
D/ActivityThread(  912): BDC-Calling onReceive: intent=Intent { act=android.intent.action.TIME_TICK flg=0x50000094 (has extras) }, ordered=true, receiver=com.android.systemui.statusbar.policy.Clock$2@42842760, IIntentReceiver=42e12910
D/ActivityThread(  912): BDC-Calling finishReceiver: IIntentReceiver=42e12910
D/ActivityThread(  912): BDC-Calling onReceive: intent=Intent { act=android.intent.action.TIME_TICK flg=0x50000094 (has extras) }, ordered=true, receiver=com.android.systemui.statusbar.policy.Clock$2@42860250, IIntentReceiver=42e13770
D/ActivityThread(  912): BDC-Calling finishReceiver: IIntentReceiver=42e13770
D/ActivityThread(  912): BDC-Calling onReceive: intent=Intent { act=android.intent.action.TIME_TICK flg=0x50000094 (has extras) }, ordered=true, receiver=com.android.systemui.statusbar.policy.DateView$2@42860a90, IIntentReceiver=42e14158
D/ActivityThread(  912): BDC-Calling finishReceiver: IIntentReceiver=42e14158
D/ActivityThread(  912): BDC-Calling onReceive: intent=Intent { act=android.intent.action.TIME_TICK flg=0x50000094 (has extras) }, ordered=true, receiver=android.widget.DateTimeView$1@42d7ab50, IIntentReceiver=42e4dae8
D/ActivityThread(  912): BDC-Calling finishReceiver: IIntentReceiver=42e4dae8
D/ActivityThread( 1163): BDC-Calling onReceive: intent=Intent { act=android.intent.action.TIME_TICK flg=0x50000094 (has extras) }, ordered=true, receiver=com.oppo.widget.smallweather.NormalWidgetUtil$1@42cace70, IIntentReceiver=42ac3e30
D/ActivityThread( 1163): BDC-Calling finishReceiver: IIntentReceiver=42ac3e30
D/ActivityThread( 2872): BDC-Calling onReceive: intent=Intent { act=android.intent.action.TIME_TICK flg=0x50000094 (has extras) }, ordered=true, receiver=com.oppo.activation.ActivationService$ServiceBroadcastReceiver@427dc5b8, IIntentReceiver=427dc600
D/ActivityThread( 2872): BDC-Calling finishReceiver: IIntentReceiver=427dc600
D/ActivityThread( 2260): BDC-Calling onReceive: intent=Intent { act=android.intent.action.TIME_TICK flg=0x50000094 (has extras) }, ordered=true, receiver=com.oppo.alarmclock.alarmclock.AlarmClockFragment$3@428ce850, IIntentReceiver=42a54d20
D/ActivityThread( 2260): BDC-Calling finishReceiver: IIntentReceiver=42a54d20
D/ActivityThread(  912): BDC-Calling onReceive: intent=Intent { act=android.intent.action.TIME_TICK flg=0x50000094 (has extras) }, ordered=true, receiver=android.widget.DateTimeView$1@43368628, IIntentReceiver=44054d20
D/ActivityThread(  912): BDC-Calling finishReceiver: IIntentReceiver=44054d20
D/ConnectivityService(  795): getActiveNetworkInfo:NetworkInfo: type: WIFI[], state: CONNECTED/CONNECTED, reason: (unspecified), extra: "yizhibo", roaming: false, failover: false, isAvailable: true, isConnectedToProvisioningNetwork: false, simId: 0/1000
V/ActivityManager(  795): Broadcast sticky: Intent { act=android.intent.action.SIG_STR flg=0x10 (has extras) } ordered=false userid=-1 callerApp=ProcessRecord{42ae4570 795:system/1000}
D/ConnectivityService(  795): getMobileDataEnabled returning false
D/ConnectivityService(  795): getActiveNetworkInfo:NetworkInfo: type: WIFI[], state: CONNECTED/CONNECTED, reason: (unspecified), extra: "yizhibo", roaming: false, failover: false, isAvailable: true, isConnectedToProvisioningNetwork: false, simId: 0/1000
V/ActivityManager(  795): Broadcast sticky: Intent { act=android.intent.action.ADDITIONAL_BATTERY_CHANGED flg=0x60000010 (has extras) } ordered=false userid=-1 callerApp=null
V/ActivityManager(  795): Broadcast sticky: Intent { act=android.intent.action.BATTERY_CHANGED flg=0x60000010 (has extras) } ordered=false userid=-1 callerApp=null
V/ActivityManager(  795): Broadcast sticky: Intent { act=android.intent.action.ADDITIONAL_BATTERY_CHANGED flg=0x60000010 (has extras) } ordered=false userid=-1 callerApp=null
D/WifiService(  795): onReceive, action:android.intent.action.BATTERY_CHANGED
D/UsbDeviceManager(  795): onReceive - BATTERY_CHANGED - mPlugType: 2, mSettingUsbCharging: false, mConnected: true, mSettingUsbBicr: false
D/WifiController(  795): DeviceActiveState{ when=0 what=155652 arg1=2 target=com.android.internal.util.StateMachine$SmHandler target=Handler (com.android.internal.util.StateMachine$SmHandler) {427cef60} }
D/WifiController(  795): StaEnabledState{ when=0 what=155652 arg1=2 target=com.android.internal.util.StateMachine$SmHandler target=Handler (com.android.internal.util.StateMachine$SmHandler) {427cef60} }
D/WifiController(  795): DefaultState{ when=0 what=155652 arg1=2 target=com.android.internal.util.StateMachine$SmHandler target=Handler (com.android.internal.util.StateMachine$SmHandler) {427cef60} }
D/WifiController(  795): battery changed pluggedType: 2
V/ActivityManager(  795): Broadcast sticky: Intent { act=android.intent.action.ADDITIONAL_BATTERY_CHANGED flg=0x60000010 (has extras) } ordered=false userid=-1 callerApp=null
D/SocketClient(  243): SocketClient msg = Iface linkstate wlan0 up
D/SocketClient(  243): SocketClient sendDatalocked done: 600 Iface linkstate wlan0 up
D/SocketClient(  243): SocketClient msg = Iface linkstate wlan0 up
D/SocketClient(  243): SocketClient sendDatalocked done: 600 Iface linkstate wlan0 up
D/NetdConnector(  795): RCV <- {600 Iface linkstate wlan0 up}
D/NetworkManagementService(  795): onEvent:600 Iface linkstate wlan0 up:5
D/NetdConnector(  795): RCV <- {600 Iface linkstate wlan0 up}
D/NetworkManagementService(  795): onEvent:600 Iface linkstate wlan0 up:5
V/ActivityManager(  795): Broadcast: Intent { act=android.net.wifi.SCAN_RESULTS flg=0x4000010 (has extras) } ordered=false userid=-1 callerApp=ProcessRecord{42ae4570 795:system/1000}
I/WifiNotificationController(  795): checkAndSetNotification, state:CONNECTED
D/ActivityManager(  795): getContentProviderImpl: from caller=android.app.ApplicationThreadProxy@435c04e8 (pid=1434, userId=0) to get content provider com.qihoo360.apm.apmdatamanager.ApmDataProvider cpr=null
E/ActivityThread( 1434): Failed to find provider info for com.qihoo360.apm.apmdatamanager.ApmDataProvider
D/ActivityManager(  795): getContentProviderImpl: from caller=android.app.ApplicationThreadProxy@42f7b168 (pid=1434, userId=0) to get content provider com.qihoo360.apm.apmdatamanager.ApmDataProvider cpr=null
E/ActivityThread( 1434): Failed to find provider info for com.qihoo360.apm.apmdatamanager.ApmDataProvider
D/ActivityManager(  795): getContentProviderImpl: from caller=android.app.ApplicationThreadProxy@4351ac48 (pid=1434, userId=0) to get content provider com.qihoo360.apm.apmdatamanager.ApmDataProvider cpr=null
E/ActivityThread( 1434): Failed to find provider info for com.qihoo360.apm.apmdatamanager.ApmDataProvider
D/ConnectivityService(  795): getActiveNetworkInfo:NetworkInfo: type: WIFI[], state: CONNECTED/CONNECTED, reason: (unspecified), extra: "yizhibo", roaming: false, failover: false, isAvailable: true, isConnectedToProvisioningNetwork: false, simId: 0/1000
I/ANRManager(  795): updateProcessStats
V/ActivityManager(  795): Broadcast sticky: Intent { act=android.intent.action.ADDITIONAL_BATTERY_CHANGED flg=0x60000010 (has extras) } ordered=false userid=-1 callerApp=null
V/ActivityManager(  795): Broadcast sticky: Intent { act=android.intent.action.BATTERY_CHANGED flg=0x60000010 (has extras) } ordered=false userid=-1 callerApp=null
D/WifiService(  795): onReceive, action:android.intent.action.BATTERY_CHANGED
D/WifiController(  795): DeviceActiveState{ when=0 what=155652 arg1=2 target=com.android.internal.util.StateMachine$SmHandler target=Handler (com.android.internal.util.StateMachine$SmHandler) {427cef60} }
D/WifiController(  795): StaEnabledState{ when=0 what=155652 arg1=2 target=com.android.internal.util.StateMachine$SmHandler target=Handler (com.android.internal.util.StateMachine$SmHandler) {427cef60} }
D/WifiController(  795): DefaultState{ when=0 what=155652 arg1=2 target=com.android.internal.util.StateMachine$SmHandler target=Handler (com.android.internal.util.StateMachine$SmHandler) {427cef60} }
D/WifiController(  795): battery changed pluggedType: 2
D/UsbDeviceManager(  795): onReceive - BATTERY_CHANGED - mPlugType: 2, mSettingUsbCharging: false, mConnected: true, mSettingUsbBicr: false
V/ActivityManager(  795): Broadcast sticky: Intent { act=android.intent.action.ADDITIONAL_BATTERY_CHANGED flg=0x60000010 (has extras) } ordered=false userid=-1 callerApp=null
V/ActivityManager(  795): Broadcast sticky: Intent { act=android.intent.action.ADDITIONAL_BATTERY_CHANGED flg=0x60000010 (has extras) } ordered=false userid=-1 callerApp=null
D/ConnectivityService(  795): getActiveNetworkInfo:NetworkInfo: type: WIFI[], state: CONNECTED/CONNECTED, reason: (unspecified), extra: "yizhibo", roaming: false, failover: false, isAvailable: true, isConnectedToProvisioningNetwork: false, simId: 0/1000
I/ANRManager(  795): updateProcessStats
V/ActivityManager(  795): Broadcast sticky: Intent { act=android.intent.action.ADDITIONAL_BATTERY_CHANGED flg=0x60000010 (has extras) } ordered=false userid=-1 callerApp=null
V/ActivityManager(  795): Broadcast sticky: Intent { act=android.intent.action.BATTERY_CHANGED flg=0x60000010 (has extras) } ordered=false userid=-1 callerApp=null
D/WifiService(  795): onReceive, action:android.intent.action.BATTERY_CHANGED
D/UsbDeviceManager(  795): onReceive - BATTERY_CHANGED - mPlugType: 2, mSettingUsbCharging: false, mConnected: true, mSettingUsbBicr: false
D/WifiController(  795): DeviceActiveState{ when=0 what=155652 arg1=2 target=com.android.internal.util.StateMachine$SmHandler target=Handler (com.android.internal.util.StateMachine$SmHandler) {427cef60} }
D/WifiController(  795): StaEnabledState{ when=0 what=155652 arg1=2 target=com.android.internal.util.StateMachine$SmHandler target=Handler (com.android.internal.util.StateMachine$SmHandler) {427cef60} }
D/WifiController(  795): DefaultState{ when=0 what=155652 arg1=2 target=com.android.internal.util.StateMachine$SmHandler target=Handler (com.android.internal.util.StateMachine$SmHandler) {427cef60} }
D/WifiController(  795): battery changed pluggedType: 2
V/ActivityManager(  795): Broadcast sticky: Intent { act=android.intent.action.ADDITIONAL_BATTERY_CHANGED flg=0x60000010 (has extras) } ordered=false userid=-1 callerApp=null
V/ActivityManager(  795): Broadcast sticky: Intent { act=android.intent.action.ADDITIONAL_BATTERY_CHANGED flg=0x60000010 (has extras) } ordered=false userid=-1 callerApp=null
D/ConnectivityService(  795): getActiveNetworkInfo:NetworkInfo: type: WIFI[], state: CONNECTED/CONNECTED, reason: (unspecified), extra: "yizhibo", roaming: false, failover: false, isAvailable: true, isConnectedToProvisioningNetwork: false, simId: 0/1000
D/SocketClient(  243): SocketClient msg = Iface linkstate wlan0 up
D/SocketClient(  243): SocketClient sendDatalocked done: 600 Iface linkstate wlan0 up
D/SocketClient(  243): SocketClient msg = Iface linkstate wlan0 up
D/SocketClient(  243): SocketClient sendDatalocked done: 600 Iface linkstate wlan0 up
D/NetdConnector(  795): RCV <- {600 Iface linkstate wlan0 up}
D/NetworkManagementService(  795): onEvent:600 Iface linkstate wlan0 up:5
D/NetdConnector(  795): RCV <- {600 Iface linkstate wlan0 up}
D/NetworkManagementService(  795): onEvent:600 Iface linkstate wlan0 up:5
V/ActivityManager(  795): Broadcast: Intent { act=android.net.wifi.SCAN_RESULTS flg=0x4000010 (has extras) } ordered=false userid=-1 callerApp=ProcessRecord{42ae4570 795:system/1000}
I/WifiNotificationController(  795): checkAndSetNotification, state:CONNECTED
D/ActivityManager(  795): getContentProviderImpl: from caller=android.app.ApplicationThreadProxy@42a63c50 (pid=1434, userId=0) to get content provider com.qihoo360.apm.apmdatamanager.ApmDataProvider cpr=null
E/ActivityThread( 1434): Failed to find provider info for com.qihoo360.apm.apmdatamanager.ApmDataProvider
D/ActivityManager(  795): getContentProviderImpl: from caller=android.app.ApplicationThreadProxy@42bd7fb8 (pid=1434, userId=0) to get content provider com.qihoo360.apm.apmdatamanager.ApmDataProvider cpr=null
E/ActivityThread( 1434): Failed to find provider info for com.qihoo360.apm.apmdatamanager.ApmDataProvider
D/ActivityManager(  795): getContentProviderImpl: from caller=android.app.ApplicationThreadProxy@42e278b8 (pid=1434, userId=0) to get content provider com.qihoo360.apm.apmdatamanager.ApmDataProvider cpr=null
E/ActivityThread( 1434): Failed to find provider info for com.qihoo360.apm.apmdatamanager.ApmDataProvider
V/ActivityManager(  795): Broadcast sticky: Intent { act=android.intent.action.SIG_STR flg=0x10 (has extras) } ordered=false userid=-1 callerApp=ProcessRecord{42ae4570 795:system/1000}
D/ConnectivityService(  795): getMobileDataEnabled returning false
D/ConnectivityService(  795): getActiveNetworkInfo:NetworkInfo: type: WIFI[], state: CONNECTED/CONNECTED, reason: (unspecified), extra: "yizhibo", roaming: false, failover: false, isAvailable: true, isConnectedToProvisioningNetwork: false, simId: 0/1000
D/ConnectivityService(  795): getActiveNetworkInfo:NetworkInfo: type: WIFI[], state: CONNECTED/CONNECTED, reason: (unspecified), extra: "yizhibo", roaming: false, failover: false, isAvailable: true, isConnectedToProvisioningNetwork: false, simId: 0/1000
V/ActivityManager(  795): Broadcast sticky: Intent { act=android.intent.action.ADDITIONAL_BATTERY_CHANGED flg=0x60000010 (has extras) } ordered=false userid=-1 callerApp=null
V/ActivityManager(  795): Broadcast sticky: Intent { act=android.intent.action.ADDITIONAL_BATTERY_CHANGED flg=0x60000010 (has extras) } ordered=false userid=-1 callerApp=null
V/ActivityManager(  795): Broadcast sticky: Intent { act=android.intent.action.ADDITIONAL_BATTERY_CHANGED flg=0x60000010 (has extras) } ordered=false userid=-1 callerApp=null
V/ActivityManager(  795): Broadcast: Intent { act=android.content.syncmanager.SYNC_ALARM flg=0x94 (has extras) } ordered=true userid=0 callerApp=null
D/ActivityThread(  795): BDC-Calling onReceive: intent=Intent { act=android.content.syncmanager.SYNC_ALARM flg=0x94 (has extras) }, ordered=true, receiver=com.android.server.content.SyncManager$SyncAlarmIntentReceiver@42be3618, IIntentReceiver=4358ac60
D/ActivityThread(  795): BDC-Calling finishReceiver: IIntentReceiver=4358ac60
D/ConnectivityService(  795): getActiveNetworkInfo:NetworkInfo: type: WIFI[], state: CONNECTED/CONNECTED, reason: (unspecified), extra: "yizhibo", roaming: false, failover: false, isAvailable: true, isConnectedToProvisioningNetwork: false, simId: 0/1000
D/ConnectivityService(  795): getMobileDataEnabled returning false
D/ConnectivityService(  795): getMobileDataEnabled returning false
D/ActivityThread( 2477): SVC-Creating service: CreateServiceData{token=android.os.BinderProxy@43031908 className=com.huajiao.account.SyncService packageName=com.huajiao intent=null}
D/ActivityThread( 2477): SVC-CREATE_SERVICE handled : 0 / CreateServiceData{token=android.os.BinderProxy@43031908 className=com.huajiao.account.SyncService packageName=com.huajiao intent=null}
D/ActivityThread( 2477): SVC-BIND_SERVICE handled : 0 / BindServiceData{token=android.os.BinderProxy@43031908 intent=Intent { act=android.content.SyncAdapter cmp=com.huajiao/.account.SyncService }}
D/ConnectivityService(  795): getMobileDataEnabled returning false
D/ConnectivityService(  795): getMobileDataEnabled returning false
D/ActivityThread( 1434): SVC-Creating service: CreateServiceData{token=android.os.BinderProxy@4286d9a0 className=com.qihoo.appstore.keepalive.account.SyncServiceNew packageName=com.qihoo.appstore intent=null}
V/AlarmManager(  795): isAlarmNeedAlign : charging
D/ActivityThread( 1434): SVC-CREATE_SERVICE handled : 0 / CreateServiceData{token=android.os.BinderProxy@4286d9a0 className=com.qihoo.appstore.keepalive.account.SyncServiceNew packageName=com.qihoo.appstore intent=null}
D/ActivityThread( 1434): SVC-BIND_SERVICE handled : 0 / BindServiceData{token=android.os.BinderProxy@4286d9a0 intent=Intent { act=android.content.SyncAdapter cmp=com.qihoo.appstore/.keepalive.account.SyncServiceNew }}
D/ActivityThread( 1434): SVC-SERVICE_ARGS handled : 0 / ServiceArgsData{token=android.os.BinderProxy@42e607f8 startId=89 args=Intent { pkg=com.qihoo.appstore cmp=com.qihoo.appstore/com.qihoo.core.CoreService (has extras) }}
D/ConnectivityService(  795): getActiveNetworkInfo:NetworkInfo: type: WIFI[], state: CONNECTED/CONNECTED, reason: (unspecified), extra: "yizhibo", roaming: false, failover: false, isAvailable: true, isConnectedToProvisioningNetwork: false, simId: 0/1000
D/ConnectivityService(  795): getActiveNetworkInfo:NetworkInfo: type: WIFI[], state: CONNECTED/CONNECTED, reason: (unspecified), extra: "yizhibo", roaming: false, failover: false, isAvailable: true, isConnectedToProvisioningNetwork: false, simId: 0/1000
D/ConnectivityService(  795): getActiveNetworkInfo:NetworkInfo: type: WIFI[], state: CONNECTED/CONNECTED, reason: (unspecified), extra: "yizhibo", roaming: false, failover: false, isAvailable: true, isConnectedToProvisioningNetwork: false, simId: 0/1000
D/ConnectivityService(  795): getActiveNetworkInfo:NetworkInfo: type: WIFI[], state: CONNECTED/CONNECTED, reason: (unspecified), extra: "yizhibo", roaming: false, failover: false, isAvailable: true, isConnectedToProvisioningNetwork: false, simId: 0/1000
D/ConnectivityService(  795): getActiveNetworkInfo:NetworkInfo: type: WIFI[], state: CONNECTED/CONNECTED, reason: (unspecified), extra: "yizhibo", roaming: false, failover: false, isAvailable: true, isConnectedToProvisioningNetwork: false, simId: 0/1000
D/ActivityThread( 2477): SVC-UNBIND_SERVICE handled : 0 / BindServiceData{token=android.os.BinderProxy@43031908 intent=Intent { act=android.content.SyncAdapter cmp=com.huajiao/.account.SyncService }}
D/ActivityThread( 2477): SVC-Destroying service: com.huajiao.account.SyncService@43031f00
D/ActivityThread( 2477): SVC-STOP_SERVICE handled : 0 / android.os.BinderProxy@43031908
D/ConnectivityService(  795): getMobileDataEnabled returning false
I/ActivityManager(  795): Start proc com.ss.android.article.news:push for service com.ss.android.article.news/com.ss.android.account.AccountSyncService: pid=7421 uid=10464 gids={50464, 3003, 1028, 1015, 1023, 3002, 3001}
D/ActivityManager(  795):  (1) delay start com.ss.android.article.news:push startResult.usingWrapper false
D/ConnectivityService(  795): getActiveNetworkInfo:NetworkInfo: type: WIFI[], state: CONNECTED/CONNECTED, reason: (unspecified), extra: "yizhibo", roaming: false, failover: false, isAvailable: true, isConnectedToProvisioningNetwork: false, simId: 0/1000
D/OppoUsageService(  795): writeHistoryRecord[AppUsage], saveRes = 1
D/ConnectivityService(  795): getMobileDataEnabled returning false
D/ActivityThread( 1434): SVC-UNBIND_SERVICE handled : 0 / BindServiceData{token=android.os.BinderProxy@4286d9a0 intent=Intent { act=android.content.SyncAdapter cmp=com.qihoo.appstore/.keepalive.account.SyncServiceNew }}
D/ActivityThread( 1434): SVC-Destroying service: com.qihoo.appstore.keepalive.account.SyncServiceNew@428865f0
D/ActivityThread( 1434): SVC-STOP_SERVICE handled : 0 / android.os.BinderProxy@4286d9a0
V/ActivityManager(  795): ensureActivitiesVisibleLocked: consider front
V/ActivityManager(  795): ensureActivitiesVisibleLocked: consider back
D/ActivityManager(  795): getContentProviderImpl: from caller=android.app.ApplicationThreadProxy@428a2cd0 (pid=7421, userId=0) to get content provider settings cpr=ContentProviderRecord{42dc38d0 u0 com.android.providers.settings/.SettingsProvider}
D/ActivityManager(  795): getContentProviderImpl: updateLruProcessLocked cpr.proc=ProcessRecord{42ae4570 795:system/1000}
D/ActivityThread( 7421): hoder:android.app.IActivityManager$ContentProviderHolder@427acf68,provider,holder.Provider:android.content.ContentProviderProxy@427ad6e8
D/ConnectivityService(  795): getMobileDataEnabled returning false
D/ConnectivityService(  795): getMobileDataEnabled returning false
D/ConnectivityService(  795): getMobileDataEnabled returning false
D/ConnectivityService(  795): getMobileDataEnabled returning false
D/ActivityThread( 7421): installProvider: context.getPackageName()=com.ss.android.article.news
D/ActivityThread( 7421): installProvider: context.getPackageName()=com.ss.android.article.news
D/ActivityManager(  795): publishContentProviders: from caller=android.app.ApplicationThreadProxy@42915fe0 (pid=7421)
D/ActivityManager(  795): getContentProviderImpl: from caller=android.app.ApplicationThreadProxy@430d0560 (pid=7421, userId=0) to get content provider com.ss.android.common.multiprocess.SHARE_PROVIDER_AUTHORITY143 cpr=null
I/ActivityManager(  795): Start proc com.ss.android.article.news for content provider com.ss.android.article.news/com.ss.android.common.util.MultiProcessSharedProvider: pid=7446 uid=10464 gids={50464, 3003, 1028, 1015, 1023, 3002, 3001}
D/ActivityManager(  795):  (1) delay start com.ss.android.article.news startResult.usingWrapper false
D/OppoUsageService(  795): writeHistoryRecord[AppUsage], saveRes = 1
V/ActivityManager(  795): ensureActivitiesVisibleLocked: consider front
V/ActivityManager(  795): ensureActivitiesVisibleLocked: consider back
D/ActivityManager(  795): getContentProviderImpl: from caller=android.app.ApplicationThreadProxy@42909b88 (pid=7446, userId=0) to get content provider settings cpr=ContentProviderRecord{42dc38d0 u0 com.android.providers.settings/.SettingsProvider}
D/ActivityManager(  795): getContentProviderImpl: updateLruProcessLocked cpr.proc=ProcessRecord{42ae4570 795:system/1000}
D/ActivityThread( 7446): hoder:android.app.IActivityManager$ContentProviderHolder@427b2468,provider,holder.Provider:android.content.ContentProviderProxy@427b2be8
D/ActivityThread( 7446): installProvider: context.getPackageName()=com.ss.android.article.news
D/ActivityThread( 7446): installProvider: context.getPackageName()=com.ss.android.article.news
D/VoldConnector(  795): SND -> {20 volume mkdirs /storage/sdcard1/Android/data/com.ss.android.article.news/files/.patchs/}
I/FrameworkListener(  233): onDataAvailable get 90 bytes 
D/VoldCmdListener(  233): volume mkdirs /storage/sdcard1/Android/data/com.ss.android.article.news/files/.patchs/
W/Vold    (  233): Returning OperationFailed - no handler for errno 30
D/SocketClient(  233): SocketClient msg = volume operation failed
D/SocketClient(  233): SocketClient sendDatalocked done: 400 20 volume operation failed (Read-only file system)
D/VoldConnector(  795): RCV <- {400 20 volume operation failed (Read-only file system)}
D/VoldConnector(  795): RMV <- {400 20 volume operation failed (Read-only file system)}
D/ActivityThread( 7446): installProvider: context.getPackageName()=com.ss.android.article.news
D/ActivityThread( 7446): installProvider: context.getPackageName()=com.ss.android.article.news
D/ActivityThread( 7446): installProvider: context.getPackageName()=com.ss.android.article.news
D/ActivityThread( 7446): installProvider: context.getPackageName()=com.ss.android.article.news
D/VoldConnector(  795): SND -> {21 volume mkdirs /storage/sdcard1/Android/data/com.ss.android.article.news/cache/}
I/FrameworkListener(  233): onDataAvailable get 82 bytes 
D/VoldCmdListener(  233): volume mkdirs /storage/sdcard1/Android/data/com.ss.android.article.news/cache/
W/Vold    (  233): Returning OperationFailed - no handler for errno 30
D/SocketClient(  233): SocketClient msg = volume operation failed
D/SocketClient(  233): SocketClient sendDatalocked done: 400 21 volume operation failed (Read-only file system)
D/VoldConnector(  795): RCV <- {400 21 volume operation failed (Read-only file system)}
D/VoldConnector(  795): RMV <- {400 21 volume operation failed (Read-only file system)}
D/ActivityThread( 7421): BIND_APPLICATION handled : 0 / AppBindData{appInfo=ApplicationInfo{427a91d8 com.ss.android.article.news}}
D/ActivityThread( 7421): SVC-Creating service: CreateServiceData{token=android.os.BinderProxy@427aacf0 className=com.ss.android.account.AccountSyncService packageName=com.ss.android.article.news intent=null}
D/ActivityThread( 7421): SVC-CREATE_SERVICE handled : 0 / CreateServiceData{token=android.os.BinderProxy@427aacf0 className=com.ss.android.account.AccountSyncService packageName=com.ss.android.article.news intent=null}
D/ConnectivityService(  795): getActiveNetworkInfo:NetworkInfo: type: WIFI[], state: CONNECTED/CONNECTED, reason: (unspecified), extra: "yizhibo", roaming: false, failover: false, isAvailable: true, isConnectedToProvisioningNetwork: false, simId: 0/1000
D/ActivityThread( 7446): installProvider: context.getPackageName()=com.ss.android.article.news
D/ActivityThread( 7421): SVC-BIND_SERVICE handled : 0 / BindServiceData{token=android.os.BinderProxy@427aacf0 intent=Intent { act=android.content.SyncAdapter cmp=com.ss.android.article.news/com.ss.android.account.AccountSyncService }}
D/ConnectivityService(  795): getActiveNetworkInfo:NetworkInfo: type: WIFI[], state: CONNECTED/CONNECTED, reason: (unspecified), extra: "yizhibo", roaming: false, failover: false, isAvailable: true, isConnectedToProvisioningNetwork: false, simId: 0/1000
D/ActivityThread( 7421): SVC-UNBIND_SERVICE handled : 0 / BindServiceData{token=android.os.BinderProxy@427aacf0 intent=Intent { act=android.content.SyncAdapter cmp=com.ss.android.article.news/com.ss.android.account.AccountSyncService }}
D/ActivityThread( 7421): SVC-Destroying service: com.ss.android.account.AccountSyncService@42a58d40
D/ActivityThread( 7421): SVC-STOP_SERVICE handled : 0 / android.os.BinderProxy@427aacf0
D/ActivityThread( 7446): installProvider: context.getPackageName()=com.ss.android.article.news
D/ConnectivityService(  795): getMobileDataEnabled returning false
D/ActivityThread( 7446): installProvider: context.getPackageName()=com.ss.android.article.news
D/ActivityThread( 7446): installProvider: context.getPackageName()=com.ss.android.article.news
D/ActivityThread( 7446): installProvider: context.getPackageName()=com.ss.android.article.news
D/ActivityThread( 7446): installProvider: context.getPackageName()=com.ss.android.article.news
D/ConnectivityService(  795): getMobileDataEnabled returning false
D/ActivityManager(  795): publishContentProviders: from caller=android.app.ApplicationThreadProxy@4283a3f0 (pid=7446)
D/ActivityThread( 7421): hoder:android.app.IActivityManager$ContentProviderHolder@42a5dc60,provider,holder.Provider:android.content.ContentProviderProxy@42a5e470
D/VoldConnector(  795): SND -> {22 volume mkdirs /storage/sdcard1/Android/data/com.ss.android.article.news/files/.patchs/}
I/FrameworkListener(  233): onDataAvailable get 90 bytes 
D/VoldCmdListener(  233): volume mkdirs /storage/sdcard1/Android/data/com.ss.android.article.news/files/.patchs/
W/Vold    (  233): Returning OperationFailed - no handler for errno 30
D/SocketClient(  233): SocketClient msg = volume operation failed
D/SocketClient(  233): SocketClient sendDatalocked done: 400 22 volume operation failed (Read-only file system)
D/VoldConnector(  795): RCV <- {400 22 volume operation failed (Read-only file system)}
D/VoldConnector(  795): RMV <- {400 22 volume operation failed (Read-only file system)}
D/ConnectivityService(  795): getActiveNetworkInfo:NetworkInfo: type: WIFI[], state: CONNECTED/CONNECTED, reason: (unspecified), extra: "yizhibo", roaming: false, failover: false, isAvailable: true, isConnectedToProvisioningNetwork: false, simId: 0/10464
D/VoldConnector(  795): SND -> {23 volume mkdirs /storage/sdcard1/Android/data/com.ss.android.article.news/cache/}
I/FrameworkListener(  233): onDataAvailable get 82 bytes 
D/VoldCmdListener(  233): volume mkdirs /storage/sdcard1/Android/data/com.ss.android.article.news/cache/
W/Vold    (  233): Returning OperationFailed - no handler for errno 30
D/SocketClient(  233): SocketClient msg = volume operation failed
D/SocketClient(  233): SocketClient sendDatalocked done: 400 23 volume operation failed (Read-only file system)
D/VoldConnector(  795): RCV <- {400 23 volume operation failed (Read-only file system)}
D/VoldConnector(  795): RMV <- {400 23 volume operation failed (Read-only file system)}
D/VoldConnector(  795): SND -> {24 volume mkdirs /storage/sdcard1/Android/data/com.ss.android.article.news/cache/}
I/FrameworkListener(  233): onDataAvailable get 82 bytes 
D/VoldCmdListener(  233): volume mkdirs /storage/sdcard1/Android/data/com.ss.android.article.news/cache/
W/Vold    (  233): Returning OperationFailed - no handler for errno 30
D/SocketClient(  233): SocketClient msg = volume operation failed
D/SocketClient(  233): SocketClient sendDatalocked done: 400 24 volume operation failed (Read-only file system)
D/VoldConnector(  795): RCV <- {400 24 volume operation failed (Read-only file system)}
D/VoldConnector(  795): RMV <- {400 24 volume operation failed (Read-only file system)}
D/ConnectivityService(  795): getActiveNetworkInfo:NetworkInfo: type: WIFI[], state: CONNECTED/CONNECTED, reason: (unspecified), extra: "yizhibo", roaming: false, failover: false, isAvailable: true, isConnectedToProvisioningNetwork: false, simId: 0/10464
D/ActivityThread( 7446): BIND_APPLICATION handled : 0 / AppBindData{appInfo=ApplicationInfo{427aa378 com.ss.android.article.news}}
D/ActivityThread( 7446): SVC-Creating service: CreateServiceData{token=android.os.BinderProxy@428e88d8 className=com.ss.android.newmedia.message.MessageHandler packageName=com.ss.android.article.news intent=null}
D/WifiService(  795): getWifiServiceMessenger, pid:7446, uid:10464
D/WifiService(  795): New client listening to asynchronous messages
D/ConnectivityService(  795): getActiveNetworkInfo:NetworkInfo: type: WIFI[], state: CONNECTED/CONNECTED, reason: (unspecified), extra: "yizhibo", roaming: false, failover: false, isAvailable: true, isConnectedToProvisioningNetwork: false, simId: 0/10464
D/ConnectivityService(  795): getActiveNetworkInfo:NetworkInfo: type: WIFI[], state: CONNECTED/CONNECTED, reason: (unspecified), extra: "yizhibo", roaming: false, failover: false, isAvailable: true, isConnectedToProvisioningNetwork: false, simId: 0/10464
D/ActivityThread( 7446): SVC-CREATE_SERVICE handled : 0 / CreateServiceData{token=android.os.BinderProxy@428e88d8 className=com.ss.android.newmedia.message.MessageHandler packageName=com.ss.android.article.news intent=null}
D/ActivityThread( 7446): SVC-SERVICE_ARGS handled : 0 / ServiceArgsData{token=android.os.BinderProxy@428e88d8 startId=1 args=Intent { cmp=com.ss.android.article.news/com.ss.android.newmedia.message.MessageHandler }}
D/ActivityThread( 7446): SVC-SERVICE_ARGS handled : 0 / ServiceArgsData{token=android.os.BinderProxy@428e88d8 startId=2 args=Intent { act=com.ss.android.message pkg=com.ss.android.article.news }}
D/ActivityThread( 7446): SVC-SERVICE_ARGS handled : 0 / ServiceArgsData{token=android.os.BinderProxy@428e88d8 startId=3 args=Intent { cmp=com.ss.android.article.news/com.ss.android.newmedia.message.MessageHandler }}
D/ActivityThread( 7446): SVC-SERVICE_ARGS handled : 0 / ServiceArgsData{token=android.os.BinderProxy@428e88d8 startId=4 args=Intent { cmp=com.ss.android.article.news/com.ss.android.newmedia.message.MessageHandler }}
D/ActivityThread( 7446): SVC-SERVICE_ARGS handled : 0 / ServiceArgsData{token=android.os.BinderProxy@428e88d8 startId=5 args=Intent { cmp=com.ss.android.article.news/com.ss.android.newmedia.message.MessageHandler }}
D/ConnectivityService(  795): getActiveNetworkInfo:NetworkInfo: type: WIFI[], state: CONNECTED/CONNECTED, reason: (unspecified), extra: "yizhibo", roaming: false, failover: false, isAvailable: true, isConnectedToProvisioningNetwork: false, simId: 0/10464
D/ConnectivityService(  795): getActiveNetworkInfo:NetworkInfo: type: WIFI[], state: CONNECTED/CONNECTED, reason: (unspecified), extra: "yizhibo", roaming: false, failover: false, isAvailable: true, isConnectedToProvisioningNetwork: false, simId: 0/10464
D/ActivityThread( 7446): SVC-SERVICE_ARGS handled : 0 / ServiceArgsData{token=android.os.BinderProxy@428e88d8 startId=6 args=Intent { act=com.ss.android.newmedia.message.cache.action cmp=com.ss.android.article.news/com.ss.android.newmedia.message.MessageHandler }}
D/ConnectivityService(  795): getActiveNetworkInfo:NetworkInfo: type: WIFI[], state: CONNECTED/CONNECTED, reason: (unspecified), extra: "yizhibo", roaming: false, failover: false, isAvailable: true, isConnectedToProvisioningNetwork: false, simId: 0/10464
D/ConnectivityService(  795): getActiveNetworkInfo:NetworkInfo: type: WIFI[], state: CONNECTED/CONNECTED, reason: (unspecified), extra: "yizhibo", roaming: false, failover: false, isAvailable: true, isConnectedToProvisioningNetwork: false, simId: 0/10464
D/ConnectivityService(  795): getActiveNetworkInfo:NetworkInfo: type: WIFI[], state: CONNECTED/CONNECTED, reason: (unspecified), extra: "yizhibo", roaming: false, failover: false, isAvailable: true, isConnectedToProvisioningNetwork: false, simId: 0/10464
D/ConnectivityService(  795): getActiveNetworkInfo:NetworkInfo: type: WIFI[], state: CONNECTED/CONNECTED, reason: (unspecified), extra: "yizhibo", roaming: false, failover: false, isAvailable: true, isConnectedToProvisioningNetwork: false, simId: 0/10464
D/ConnectivityService(  795): getActiveNetworkInfo:NetworkInfo: type: WIFI[], state: CONNECTED/CONNECTED, reason: (unspecified), extra: "yizhibo", roaming: false, failover: false, isAvailable: true, isConnectedToProvisioningNetwork: false, simId: 0/10464
D/ConnectivityService(  795): getActiveNetworkInfo:NetworkInfo: type: WIFI[], state: CONNECTED/CONNECTED, reason: (unspecified), extra: "yizhibo", roaming: false, failover: false, isAvailable: true, isConnectedToProvisioningNetwork: false, simId: 0/10464
D/ConnectivityService(  795): getActiveNetworkInfo:NetworkInfo: type: WIFI[], state: CONNECTED/CONNECTED, reason: (unspecified), extra: "yizhibo", roaming: false, failover: false, isAvailable: true, isConnectedToProvisioningNetwork: false, simId: 0/10464
D/ConnectivityService(  795): getActiveNetworkInfo:NetworkInfo: type: WIFI[], state: CONNECTED/CONNECTED, reason: (unspecified), extra: "yizhibo", roaming: false, failover: false, isAvailable: true, isConnectedToProvisioningNetwork: false, simId: 0/10464
D/ConnectivityService(  795): getActiveNetworkInfo:NetworkInfo: type: WIFI[], state: CONNECTED/CONNECTED, reason: (unspecified), extra: "yizhibo", roaming: false, failover: false, isAvailable: true, isConnectedToProvisioningNetwork: false, simId: 0/10464
D/ConnectivityService(  795): getActiveNetworkInfo:NetworkInfo: type: WIFI[], state: CONNECTED/CONNECTED, reason: (unspecified), extra: "yizhibo", roaming: false, failover: false, isAvailable: true, isConnectedToProvisioningNetwork: false, simId: 0/10464
D/ConnectivityService(  795): getActiveNetworkInfo:NetworkInfo: type: WIFI[], state: CONNECTED/CONNECTED, reason: (unspecified), extra: "yizhibo", roaming: false, failover: false, isAvailable: true, isConnectedToProvisioningNetwork: false, simId: 0/10464
D/ConnectivityService(  795): getActiveNetworkInfo:NetworkInfo: type: WIFI[], state: CONNECTED/CONNECTED, reason: (unspecified), extra: "yizhibo", roaming: false, failover: false, isAvailable: true, isConnectedToProvisioningNetwork: false, simId: 0/10464
I/FrameworkListener(  243): onDataAvailable get 42 bytes 
D/ConnectivityService(  795): getActiveNetworkInfo:NetworkInfo: type: WIFI[], state: CONNECTED/CONNECTED, reason: (unspecified), extra: "yizhibo", roaming: false, failover: false, isAvailable: true, isConnectedToProvisioningNetwork: false, simId: 0/10464
D/ConnectivityService(  795): getActiveNetworkInfo:NetworkInfo: type: WIFI[], state: CONNECTED/CONNECTED, reason: (unspecified), extra: "yizhibo", roaming: false, failover: false, isAvailable: true, isConnectedToProvisioningNetwork: false, simId: 0/10464
D/ConnectivityService(  795): getActiveNetworkInfo:NetworkInfo: type: WIFI[], state: CONNECTED/CONNECTED, reason: (unspecified), extra: "yizhibo", roaming: false, failover: false, isAvailable: true, isConnectedToProvisioningNetwork: false, simId: 0/10464
D/ConnectivityService(  795): getActiveNetworkInfo:NetworkInfo: type: WIFI[], state: CONNECTED/CONNECTED, reason: (unspecified), extra: "yizhibo", roaming: false, failover: false, isAvailable: true, isConnectedToProvisioningNetwork: false, simId: 0/10464
D/SocketClient(  243): SocketClient sendDatalocked done: 222
D/SocketClient(  243): SocketClient sendDatalocked done: 
D/SocketClient(  243): SocketClient sendDatalocked done: 
D/SocketClient(  243): SocketClient sendDatalocked done: 
D/SocketClient(  243): SocketClient sendDatalocked done: 
D/SocketClient(  243): SocketClient sendDatalocked done: 
D/SocketClient(  243): SocketClient sendDatalocked done: 
I/ActivityManager(  795): Start proc com.ss.android.article.news:pushservice for service com.ss.android.article.news/com.xiaomi.push.service.XMPushService: pid=7525 uid=10464 gids={50464, 3003, 1028, 1015, 1023, 3002, 3001}
D/ActivityManager(  795):  (1) delay start com.ss.android.article.news:pushservice startResult.usingWrapper false
I/ActivityManager(  795): [Background Service Priority Adjustment] Process.setProcessGroup to Process.THREAD_GROUP_BG_NONINTERACTIVE, app.pid: 7525
D/OppoUsageService(  795): writeHistoryRecord[AppUsage], saveRes = 1
D/ActivityManager(  795): getContentProviderImpl: from caller=android.app.ApplicationThreadProxy@42a58f18 (pid=7446, userId=0) to get content provider media cpr=ContentProviderRecord{439bc650 u0 com.android.providers.media/.MediaProvider}
D/ActivityManager(  795): getContentProviderImpl: updateLruProcessLocked cpr.proc=ProcessRecord{43984468 2401:android.process.media/u0a5}
D/ActivityThread( 7446): hoder:android.app.IActivityManager$ContentProviderHolder@429f46e0,provider,holder.Provider:android.content.ContentProviderProxy@42956190
V/ActivityManager(  795): ensureActivitiesVisibleLocked: consider front
V/ActivityManager(  795): ensureActivitiesVisibleLocked: consider back
D/ActivityManager(  795): getContentProviderImpl: from caller=android.app.ApplicationThreadProxy@42d71400 (pid=7525, userId=0) to get content provider settings cpr=ContentProviderRecord{42dc38d0 u0 com.android.providers.settings/.SettingsProvider}
D/ActivityManager(  795): getContentProviderImpl: updateLruProcessLocked cpr.proc=ProcessRecord{42ae4570 795:system/1000}
D/ActivityThread( 7525): hoder:android.app.IActivityManager$ContentProviderHolder@427ae6f8,provider,holder.Provider:android.content.ContentProviderProxy@427aee78
