D/ActivityManager(  795): getContentProviderImpl: from caller=android.app.ApplicationThreadProxy@43722e88 (pid=7421, userId=0) to get content provider com.ss.android.pushmanager.setting.PushMultiProcessSharedProvider143 cpr=ContentProviderRecord{42b6f1b8 u0 com.ss.android.article.news/com.ss.android.pushmanager.setting.PushMultiProcessSharedProvider}
D/ActivityManager(  795): getContentProviderImpl: updateLruProcessLocked cpr.proc=ProcessRecord{4390e228 7446:com.ss.android.article.news/u0a464}
D/ActivityThread( 7421): hoder:android.app.IActivityManager$ContentProviderHolder@42d71b70,provider,holder.Provider:android.content.ContentProviderProxy@42d72340
D/SocketClient(  243): SocketClient msg = Iface linkstate wlan0 up
D/SocketClient(  243): SocketClient sendDatalocked done: 600 Iface linkstate wlan0 up
D/SocketClient(  243): SocketClient msg = Iface linkstate wlan0 up
D/SocketClient(  243): SocketClient sendDatalocked done: 600 Iface linkstate wlan0 up
--------- beginning of /dev/log/main
I/System.out( 4328): gba_cipher_stiue:TLS_ECDHE_RSA_WITH_AES_128_CBC_SHA
D/NetdConnector(  795): RCV <- {600 Iface linkstate wlan0 up}
D/NetdConnector(  795): RCV <- {600 Iface linkstate wlan0 up}
D/WifiHW  (  795): [1] get event: IFNAME=wlan0 <3>CTRL-EVENT-BSS-ADDED 405 48:fd:8e:4d:81:30
D/WifiHW  (  795): [2] get event: IFNAME=wlan0 CTRL-EVENT-BSS-ADDED 405 48:fd:8e:4d:81:30
D/WifiMonitor(  795): Event [IFNAME=wlan0 CTRL-EVENT-BSS-ADDED 405 48:fd:8e:4d:81:30]
D/WifiMonitor(  795): iface wlan0
D/WifiHW  (  795): enter -->wifi_wait_on_socket buflen=2048
D/WifiHW  (  795): enter -->wifi_ctrl_recv
D/WifiHW  (  795): [1] get event: IFNAME=wlan0 <3>CTRL-EVENT-BSS-ADDED 406 a0:04:60:c5:86:11
D/WifiHW  (  795): [2] get event: IFNAME=wlan0 CTRL-EVENT-BSS-ADDED 406 a0:04:60:c5:86:11
D/WifiMonitor(  795): Event [IFNAME=wlan0 CTRL-EVENT-BSS-ADDED 406 a0:04:60:c5:86:11]
D/WifiMonitor(  795): iface wlan0
D/WifiHW  (  795): enter -->wifi_wait_on_socket buflen=2048
D/WifiHW  (  795): enter -->wifi_ctrl_recv
D/WifiHW  (  795): [1] get event: IFNAME=wlan0 <3>CTRL-EVENT-BSS-REMOVED 392 0c:da:41:0e:c4:d1
D/WifiHW  (  795): [2] get event: IFNAME=wlan0 CTRL-EVENT-BSS-REMOVED 392 0c:da:41:0e:c4:d1
D/WifiMonitor(  795): Event [IFNAME=wlan0 CTRL-EVENT-BSS-REMOVED 392 0c:da:41:0e:c4:d1]
D/WifiMonitor(  795): iface wlan0
D/WifiHW  (  795): enter -->wifi_wait_on_socket buflen=2048
D/WifiHW  (  795): enter -->wifi_ctrl_recv
D/WifiHW  (  795): [1] get event: IFNAME=wlan0 <3>CTRL-EVENT-BSS-REMOVED 384 08:9b:4b:96:59:09
D/WifiHW  (  795): [2] get event: IFNAME=wlan0 CTRL-EVENT-BSS-REMOVED 384 08:9b:4b:96:59:09
D/WifiMonitor(  795): Event [IFNAME=wlan0 CTRL-EVENT-BSS-REMOVED 384 08:9b:4b:96:59:09]
D/WifiMonitor(  795): iface wlan0
D/WifiHW  (  795): enter -->wifi_wait_on_socket buflen=2048
D/WifiHW  (  795): enter -->wifi_ctrl_recv
D/WifiHW  (  795): [1] get event: IFNAME=wlan0 <3>CTRL-EVENT-BSS-REMOVED 393 b0:d5:9d:4f:ce:62
D/WifiHW  (  795): [2] get event: IFNAME=wlan0 CTRL-EVENT-BSS-REMOVED 393 b0:d5:9d:4f:ce:62
D/WifiMonitor(  795): Event [IFNAME=wlan0 CTRL-EVENT-BSS-REMOVED 393 b0:d5:9d:4f:ce:62]
D/WifiMonitor(  795): iface wlan0
D/WifiHW  (  795): enter -->wifi_wait_on_socket buflen=2048
D/WifiHW  (  795): enter -->wifi_ctrl_recv
D/WifiHW  (  795): [1] get event: IFNAME=wlan0 <3>CTRL-EVENT-BSS-REMOVED 394 f0:b4:29:3b:b9:47
D/WifiHW  (  795): [2] get event: IFNAME=wlan0 CTRL-EVENT-BSS-REMOVED 394 f0:b4:29:3b:b9:47
D/WifiMonitor(  795): Event [IFNAME=wlan0 CTRL-EVENT-BSS-REMOVED 394 f0:b4:29:3b:b9:47]
D/WifiMonitor(  795): iface wlan0
D/WifiHW  (  795): enter -->wifi_wait_on_socket buflen=2048
D/WifiHW  (  795): enter -->wifi_ctrl_recv
D/WifiHW  (  795): [1] get event: IFNAME=wlan0 <3>CTRL-EVENT-SCAN-RESULTS 
D/WifiHW  (  795): [2] get event: IFNAME=wlan0 CTRL-EVENT-SCAN-RESULTS 
D/WifiMonitor(  795): iface wlan0
D/WifiHW  (  795): enter -->wifi_wait_on_socket buflen=2048
D/WifiHW  (  795): enter -->wifi_ctrl_recv
D/NetworkManagementService(  795): onEvent:600 Iface linkstate wlan0 up:5
I/Tethering(  795): interfaceLinkStateChanged wlan0, true
I/Tethering(  795): interfaceStatusChanged wlan0, true
D/NetworkManagementService(  795): onEvent:600 Iface linkstate wlan0 up:5
I/Tethering(  795): interfaceLinkStateChanged wlan0, true
I/Tethering(  795): interfaceStatusChanged wlan0, true
D/WifiStateMachine(  795): ConnectedState{ when=-3ms what=147461 target=com.android.internal.util.StateMachine$SmHandler target=Handler (com.android.internal.util.StateMachine$SmHandler) {42c34c40} }
D/WifiStateMachine(  795): L2ConnectedState{ when=-3ms what=147461 target=com.android.internal.util.StateMachine$SmHandler target=Handler (com.android.internal.util.StateMachine$SmHandler) {42c34c40} }
D/WifiStateMachine(  795): ConnectModeState{ when=-3ms what=147461 target=com.android.internal.util.StateMachine$SmHandler target=Handler (com.android.internal.util.StateMachine$SmHandler) {42c34c40} }
D/WifiStateMachine(  795): DriverStartedState{ when=-3ms what=147461 target=com.android.internal.util.StateMachine$SmHandler target=Handler (com.android.internal.util.StateMachine$SmHandler) {42c34c40} }
D/WifiStateMachine(  795): SupplicantStartedState{ when=-3ms what=147461 target=com.android.internal.util.StateMachine$SmHandler target=Handler (com.android.internal.util.StateMachine$SmHandler) {42c34c40} }
D/WifiHW  (  795): enter -->wifi_send_command cmd=IFNAME=wlan0 BSS RANGE=0- MASK=0x21987
D/wpa_supplicant(  997): RX ctrl_iface - hexdump(len=25): 42 53 53 20 52 41 4e 47 45 3d 30 2d 20 4d 41 53 4b 3d 30 78 32 31 39 38 37
D/wpa_supplicant(  997): wlan0: Control interface command 'BSS RANGE=0- MASK=0x21987'
D/wpa_supplicant(  997): WPS: WFA subelement id=0 len=1
D/wpa_supplicant(  997): WPS: WFA subelement id=0 len=1
D/wpa_supplicant(  997): WPS: WFA subelement id=0 len=1
D/wpa_ctrl(  795): reply_len=4095
D/WifiHW  (  795): leave --> reply=id=2
D/WifiHW  (  795): bssid=48:fd:8e:4d:81:20
D/WifiHW  (  795): freq=2432
D/WifiHW  (  795): level=-53
D/WifiHW  (  795): tsf=0000595656094713
D/WifiHW  (  795): flags=[WPA-PSK-CCMP][WPA2-PSK-CCMP][ESS]
D/WifiHW  (  795): ssid=yizhibo
D/WifiHW  (  795): ====
D/WifiHW  (  795): id=26
D/WifiHW  (  795): bssid=a4:56:02:e3:55:01
D/WifiHW  (  795): freq=2412
D/WifiHW  (  795): level=-48
D/WifiHW  (  795): tsf=0000015833505197
D/WifiHW  (  795): flags=[WPA-PSK-CCMP][WPA2-PSK-CCMP][ESS]
D/WifiHW  (  795): ssid=bigbig
D/WifiHW  (  795): ====
D/WifiHW  (  795): id=27
D/WifiHW  (  795): bssid=30:fc:68:a7:73:f9
D/WifiHW  (  795): freq=2412
D/WifiHW  (  795): level=-47
D/WifiHW  (  795): tsf=0000596939328260
D/WifiHW  (  795): flags=[WPA-PSK-CCMP][WPA2-PSK-CCMP][ESS]
D/WifiHW  (  795): ssid=xiulaotou
D/WifiHW  (  795): ====
D/WifiHW  (  795): id=29
D/WifiHW  (  795): bssid=c0:bf:c0:b8:81:90
D/WifiHW  (  795): freq=5180
D/WifiHW  (  795): level=-66
D/WifiHW  (  795): tsf=0000595875489490
D/WifiHW  (  795): flags=[WPA-PSK-CCMP][WPA2-PSK-CCMP][ESS]
D/WifiHW  (  795): ssid=yizhibo
D/WifiHW  (  795): ====
D/WifiHW  (  795): id=30
D/WifiHW  (  795): bssid=30:fc:68:a7:73:fb
D/WifiHW  (  795): freq=5785
D/WifiHW  (  795): level=-60
D/WifiHW  (  795): tsf=0000596556457473
D/WifiHW  (  795): flags=[WPA-PSK-CCMP][WPA2-PSK-CCMP][ESS]
D/WifiHW  (  795): ssid=xiulaotou
D/WifiHW  (  795): ====
D/WifiHW  (  795): id=31
D/WifiHW  (  795): bssid=48:ee:0c:06:7c:36
D/WifiHW  (  795): freq=2412
D/WifiHW  (  795): level=-62
D/WifiHW  (  795): tsf=0000594214720210
D/WifiHW  (  795): flags=[WPA-PSK-CCMP][WPA2-PSK-CCMP][WPS][ESS]
D/WifiHW  (  795): ssid=xiaoyima
D/WifiHW  (  795): ====
D/WifiHW  (  795): id=32
D/WifiHW  (  795): bssid=52:bd:5f:1f:04:b6
D/WifiHW  (  795): freq=2412
D/WifiHW  (  795): level=-63
D/WifiHW  (  795): tsf=0000000073171049
D/WifiHW  (  795): flags=[WPA2-PSK-CCMP][ESS]
D/WifiHW  (  795): ssid=TPshuiyu
D/WifiHW  (  795): ====
D/WifiHW  (  795): id=33
D/WifiHW  (  795): bssid=00:36:76:19:de:5b
D/WifiHW  (  795): freq=2437
D/WifiHW  (  795): level=-55
D/WifiHW  (  795): tsf=0000019293623159
D/WifiHW  (  795): flags=[WPA-PSK-CCMP][WPA2-PSK-C
D/wifi    (  795): doStringCommand, buf IFNAME=wlan0 BSS RANGE=0- MASK=0x21987
I/wifi    (  795): id=2
I/wifi    (  795): bssid=48:fd:8e:4d:81:20
I/wifi    (  795): freq=2432
I/wifi    (  795): level=-53
I/wifi    (  795): tsf=0000595656094713
I/wifi    (  795): flags=[WPA-PSK-CCMP][WPA2-PSK-CCMP][ESS]
I/wifi    (  795): ssid=yizhibo
I/wifi    (  795): ====
I/wifi    (  795): id=26
I/wifi    (  795): bssid=a4:56:02:e3:55:01
I/wifi    (  795): freq=2412
I/wifi    (  795): level=-48
I/wifi    (  795): tsf=0000015833505197
I/wifi    (  795): flags=[WPA-PSK-CCMP][WPA2-PSK-CCMP][ESS]
I/wifi    (  795): ssid=bigbig
I/wifi    (  795): ====
I/wifi    (  795): id=27
I/wifi    (  795): bssid=30:fc:68:a7:73:f9
I/wifi    (  795): freq=2412
I/wifi    (  795): level=-47
I/wifi    (  795): tsf=0000596939328260
I/wifi    (  795): flags=[WPA-PSK-CCMP][WPA2-PSK-CCMP][ESS]
I/wifi    (  795): ssid=xiulaotou
I/wifi    (  795): ====
I/wifi    (  795): id=29
I/wifi    (  795): bssid=c0:bf:c0:b8:81:90
I/wifi    (  795): freq=5180
I/wifi    (  795): level=-66
I/wifi    (  795): tsf=0000595875489490
I/wifi    (  795): flags=[WPA-PSK-CCMP][WPA2-PSK-CCMP][ESS]
I/wifi    (  795): ssid=yizhibo
I/wifi    (  795): ====
I/wifi    (  795): id=30
I/wifi    (  795): bssid=30:fc:68:a7:73:fb
I/wifi    (  795): freq=5785
I/wifi    (  795): level=-60
I/wifi    (  795): tsf=0000596556457473
I/wifi    (  795): flags=[WPA-PSK-CCMP][WPA2-PSK-CCMP][ESS]
I/wifi    (  795): ssid=xiulaotou
I/wifi    (  795): ====
I/wifi    (  795): id=31
I/wifi    (  795): bssid=48:ee:0c:06:7c:36
I/wifi    (  795): freq=2412
I/wifi    (  795): level=-62
I/wifi    (  795): tsf=0000594214720210
I/wifi    (  795): flags=[WPA-PSK-CCMP][WPA2-PSK-CCMP][WPS][ESS]
I/wifi    (  795): ssid=xiaoyima
I/wifi    (  795): ====
I/wifi    (  795): id=32
I/wifi    (  795): bssid=52:bd:5f:1f:04:b6
I/wifi    (  795): freq=2412
I/wifi    (  795): level=-63
I/wifi    (  795): tsf=0000000073171049
I/wifi    (  795): flags=[WPA2-PSK-CCMP][ESS]
I/wifi    (  795): ssid=TPshuiyu
I/wifi    (  795): ====
I/wifi    (  795): id=33
I/wifi    (  795): bssid=00:36:76:19:de:5b
I/wifi    (  795): freq=2437
I/wifi    (  795): level=-55
I/wifi    (  795): tsf=0000019293623159
I/wifi    (  795): flags=[WPA-PSK-CCMP][WPA2-PSK-CCMP][ESS]
I/wifi    (  795): ssid=Guoan
I/wifi    (  795): ====
I/wifi    (  795): id=34
I/wifi    (  795): bssid=c0:bf:c0:b8:81:80
I/wifi    (  795): freq=2472
I/wifi    (  795): level=-48
I/wifi    (  795): tsf=0000595835711116
I/wifi    (  795): flags=[WPA-PSK-CCMP][WPA2-PSK-CCMP][ESS]
I/wifi    (  795): ssid=yizhibo
I/wifi    (  795): ====
I/wifi    (  795): id=38
I/wifi    (  795): bssid=b4:18:d1:ef:aa:85
I/wifi    (  795): freq=2462
I/wifi    (  795): level=-68
I/wifi    (  795): tsf=0000584025714839
I/wifi    (  795): flags=[WPA2-PSK-CCMP][ESS]
I/wifi    (  795): ssid=ipv6_001
I/wifi    (  795): ====
I/wifi    (  795): id=41
I/wifi    (  795): bssid=48:fd:8e:4d:77:f0
I/wifi    (  795): freq=5180
I/wifi    (  795): level=-72
I/wifi    (  795): tsf=0000596119648581
I/wifi    (  795): flags=[WPA-PSK-CCMP][WPA2-PSK-CCMP][ESS]
I/wifi    (  795): ssid=yizhibo
I/wifi    (  795): ====
I/wifi    (  795): id=42
I/wifi    (  795): bssid=88:63:df:b6:53:a7
I/wifi    (  795): freq=2462
I/wifi    (  795): level=-60
I/wifi    (  795): tsf=0000020116364332
I/wifi    (  795): flags=[WPA2-PSK-CCMP][ESS]
I/wifi    (  795): ssid=mmmmmmm
I/wifi    (  795): ====
I/wifi    (  795): id=43
I/wifi    (  795): bssid=bc:85:56:91:83:ae
I/wifi    (  795): freq=2462
I/wifi    (  795): level=-60
I/wifi    (  795): tsf=0000018045962626
I/wifi    (  795): flags=[WPA2-PSK-CCMP][ESS]
I/wifi    (  795): ssid=nba
I/wifi    (  795): ====
I/wifi    (  795): id=45
I/wifi    (  795): bssid=48:fd:8e:4d:85:70
I/wifi    (  795): freq=5180
I/wifi    (  795): level=-72
I/wifi    (  795): tsf=0000595757197139
I/wifi    (  795): flags=[WPA-PSK-CCMP][WPA2-PSK-CCMP][ESS]
I/wifi    (  795): ssid=yizhibo
I/wifi    (  795): ====
I/wifi    (  795): id=47
I/wifi    (  795): bssid=8c:a6:df:4e:9a:fe
I/wifi    (  795): freq=2437
I/wifi    (  795): level=-70
I/wifi    (  795): tsf=0000258317561514
I/wifi    (  795): flags=[WPA-PSK-CCMP][WPA2-PSK-CCMP][ESS]
I/wifi    (  795): ssid=HT-China-N
I/wifi    (  795): ====
I/wifi    (  795): id=49
I/wifi    (  795): bssid=a0:63:91:c8:8d:cf
I/wifi    (  795): freq=2437
I/wifi    (  795): level=-68
I/wifi    (  795): tsf=0004844830490313
I/wifi    (  795): flags=[WPA-PSK-CCMP][WPA2-PSK-CCMP][ESS]
I/wifi    (  795): ssid=wl
I/wifi    (  795): ====
I/wifi    (  795): id=50
I/wifi    (  795): bssid=48:fd:8e:4d:6e:50
I/wifi    (  795): freq=5180
I/wifi    (  795): level=-69
I/wifi    (  795): tsf=0000595945964713
I/wifi    (  795): flags=[WPA-PSK-CCMP][WPA2-PSK-CCMP][ESS]
I/wifi    (  795): ssid=yizhibo
I/wifi    (  795): ====
I/wifi    (  795): id=63
I/wifi    (  795): bssid=8c:a6:df:4e:9b:00
I/wifi    (  795): freq=5785
I/wifi    (  795): level=-83
I/wifi    (  795): tsf=0000258166921851
I/wifi    (  795): flags=[WPA-PSK-CCMP][WPA2-PSK-CCMP][ESS]
I/wifi    (  795): ssid=HT-China-N-5G
I/wifi    (  795): ====
I/wifi    (  795): id=95
I/wifi    (  795): bssid=a8:58:40:57:64:21
I/wifi    (  795): freq=2437
I/wifi    (  795): level=-68
I/wifi    (  795): tsf=0015657843286135
I/wifi    (  795): flags=[WPA-PSK-CCMP+TKIP][WPA2-PSK-CCMP+TKIP][ESS]
I/wifi    (  795): ssid=aibinong-guest
I/wifi    (  795): ====
I/wifi    (  795): id=96
I/wifi    (  795): bssid=a8:58:40:57:64:20
I/wifi    (  795): freq=2437
I/wifi    (  795): level=-67
I/wifi    (  795): tsf=0015657843230378
I/wifi    (  795): flags=[WPA-PSK-CCMP+TKIP][WPA2-PSK-CCMP+TKIP][ESS]
I/wifi    (  795): ssid=aibinong
I/wifi    (  795): ====
I/wifi    (  795): id=103
I/wifi    (  795): bssid=80:89:17:80:e4:36
I/wifi    (  795): freq=2452
I/wifi    (  795): level=-71
I/wifi    (  795): tsf=0000503130539766
I/wifi    (  795): flags=[WPA-PSK-CCMP][WPA2-PSK-CCMP][ESS]
I/wifi    (  795): ssid=8888
I/wifi    (  795): ====
I/wifi    (  795): id=160
I/wifi    (  795): bssid=6c:40:08:a5:2e:f8
I/wifi    (  795): freq=2462
I/wifi    (  795): level=-64
I/wifi    (  795): tsf=0001283631841144
I/wifi    (  795): flags=[WPA2-PSK-CCMP][ESS]
I/wifi    (  795): ssid=NW360
I/wifi    (  795): ====
I/wifi    (  795): id=171
I/wifi    (  795): bssid=48:fd:8e:4d:85:60
I/wifi    (  795): freq=2472
I/wifi    (  795): level=-72
I/wifi    (  795): tsf=0000595767913285
I/wifi    (  795): flags=[WPA-PSK-CCMP][WPA2-PSK-CCMP][ESS]
I/wifi    (  795): ssid=yizhibo
I/wifi    (  795): ====
I/wifi    (  795): id=216
I/wifi    (  795): bssid=14:75:90:7a:f6:27
I/wifi    (  795): freq=2452
I/wifi    (  795): level=-73
I/wifi    (  795): tsf=0000089667961186
I/wifi    (  795): flags=[WPA-PSK-CCMP][WPA2-PSK-CCMP][ESS]
I/wifi    (  795): ssid=TP-test
I/wifi    (  795): ====
I/wifi    (  795): id=330
I/wifi    (  795): bssid=48:fd:8e:4d:77:e0
I/wifi    (  795): freq=2452
I/wifi    (  795): level=-67
I/wifi    (  795): tsf=0000596129793998
I/wifi    (  795): flags=[WPA-PSK-CCMP][WPA2-PSK-CCMP][ESS]
I/wifi    (  795): ssid=yizhibo
I/wifi    (  795): ====
I/wifi    (  795): id=345
I/wifi    (  795): bssid=0c:da:41:0e:cd:70
I/wifi    (  795): freq=2437
I/wifi    (  795): level=-72
I/wifi    (  795): tsf=0017607332762092
I/wifi    (  795): flags=[WPA-PSK-TKIP][ESS]
I/wifi    (  795): ssid=parkland-guest
I/wifi    (  795): ====
I/wifi    (  795): id=355
I/wifi    (  795): bssid=a4:5e:60:f2:e9:b3
I/wifi    (  795): freq=2462
I/wifi    (  795): level=-72
I/wifi    (  795): tsf=0000096264903860
I/wifi    (  795): flags=[WPA2-PSK-CCMP][ESS]
I/wifi    (  795): ssid=Lcrnice_WiFi
I/wifi    (  795): ====
I/wifi    (  795): id=356
I/wifi    (  795): bssid=d4:ee:07:54:90:60
I/wifi    (  795): freq=2437
I/wifi    (  795): level=-72
I/wifi    (  795): tsf=0002522346394033
I/wifi    (  795): flags=[WPA-PSK-CCMP][WPA2-PSK-CCMP][ESS]
I/wifi    (  795): ssid=MEITE
I/wifi    (  795): ====
I/wifi    (  795): id=361
I/wifi    (  795): bssid=0c:da:41:0e:bf:70
I/wifi    (  795): freq=2412
I/wifi    (  795): level=-78
I/wifi    (  795): tsf=0017607408640537
I/wifi    (  795): flags=[WPA-PSK-TKIP][ESS]
I/wifi    (  795): ssid=parkland-guest
I/wifi    (  795): ====
I/wifi    (  795): id=367
I/wifi    (  795): bssid=a4:5e:60:f3:0b:ed
I/wifi    (  795): freq=2462
I/wifi    (  795): level=-60
I/wifi    (  795): tsf=0000023431115047
I/wifi    (  795): flags=[WPA2-PSK-CCMP][ESS]
I/wifi    (  795): ssid=
I/wifi    (  795): ====
I/wifi    (  795): id=369
I/wifi    (  795): bssid=0a:9b:4b:96:59:09
I/wifi    (  795): freq=2462
I/wifi    (  795): level=-68
I/wifi    (  795): tsf=0000687249344769
I/wifi    (  795): flags=[WPA-PSK-CCMP][WPA2-PSK-CCMP][ESS]
I/wifi    (  795): ssid=yueyu-11
I/wifi    (  795): ====
D/dalvikvm( 4328): threadid=25: exiting
D/dalvikvm( 4328): threadid=25: bye!
I/System.out( 4328): [CDS]SO_SND_TIMEOUT:0
D/NativeCrypto( 4328): ssl=0x80df0798 sslWrite buf=0x47cd55c8 len=703 write_timeout_millis=0
D/NativeCrypto( 4328): ssl=0x80df0798 sslRead buf=0x449b0f98 len=1500,timeo=60000
D/dalvikvm( 4328): threadid=49: exiting
D/dalvikvm( 4328): threadid=49: bye!
I/        (  245): [BWC INFO](245): get_bwc_mm_property success
I/Process (  795): get_ion_cache_memory totalNum:94474240
I/Process (  795): mm_heap_freelist total_size=0x0
I/Process (  795): ----------------------------------------------------
I/Process (  795):   buffer     size kmap ref hdl mod      mva sec flag pid comm(client)   v1   v2   v3   v4 dbg_name
I/Process (  795): 0xcd7ed080   327680   0   3   2   0  2100000   0   0 245 surfaceflinger 0x0 0x0 0x0 0x0 nothing sf_info(-18771955 0 0
I/Process (  795): get_ion_cache_memory ionCacheTotalInByte:94474240
D/WifiHW  (  795): enter -->wifi_send_command cmd=IFNAME=wlan0 BSS RANGE=370- MASK=0x21987
D/wpa_supplicant(  997): RX ctrl_iface - hexdump(len=27): 42 53 53 20 52 41 4e 47 45 3d 33 37 30 2d 20 4d 41 53 4b 3d 30 78 32 31 39 38 37
D/wpa_supplicant(  997): wlan0: Control interface command 'BSS RANGE=370- MASK=0x21987'
D/wpa_supplicant(  997): WPS: WFA subelement id=0 len=1
D/wpa_supplicant(  997): WPS: WFA subelement id=0 len=1
D/wpa_supplicant(  997): WPS: WFA subelement id=0 len=1
D/wpa_ctrl(  795): reply_len=4095
D/WifiHW  (  795): leave --> reply=id=372
D/WifiHW  (  795): bssid=70:79:90:78:d6:40
D/WifiHW  (  795): freq=2472
D/WifiHW  (  795): level=-71
D/WifiHW  (  795): tsf=0000596225127724
D/WifiHW  (  795): flags=[WPA-PSK-CCMP][WPA2-PSK-CCMP][ESS]
D/WifiHW  (  795): ssid=yizhibo
D/WifiHW  (  795): ====
D/WifiHW  (  795): id=375
D/WifiHW  (  795): bssid=b8:f8:83:f6:29:ac
D/WifiHW  (  795): freq=2412
D/WifiHW  (  795): level=-72
D/WifiHW  (  795): tsf=0000704656815073
D/WifiHW  (  795): flags=[WPA-PSK-CCMP][WPA2-PSK-CCMP][ESS]
D/WifiHW  (  795): ssid=zhuguangzhen
D/WifiHW  (  795): ====
D/WifiHW  (  795): id=377
D/WifiHW  (  795): bssid=48:fd:8e:4d:6e:40
D/WifiHW  (  795): freq=2452
D/WifiHW  (  795): level=-73
D/WifiHW  (  795): tsf=0000595953766784
D/WifiHW  (  795): flags=[WPA-PSK-CCMP][WPA2-PSK-CCMP][ESS]
D/WifiHW  (  795): ssid=yizhibo
D/WifiHW  (  795): ====
D/WifiHW  (  795): id=382
D/WifiHW  (  795): bssid=24:05:0f:27:8e:00
D/WifiHW  (  795): freq=2437
D/WifiHW  (  795): level=-78
D/WifiHW  (  795): tsf=0000018626760835
D/WifiHW  (  795): flags=[WPA-PSK-CCMP][WPA2-PSK-CCMP][ESS]
D/WifiHW  (  795): ssid=AP
D/WifiHW  (  795): ====
D/WifiHW  (  795): id=383
D/WifiHW  (  795): bssid=a0:63:91:c8:8d:cc
D/WifiHW  (  795): freq=5220
D/WifiHW  (  795): level=-87
D/WifiHW  (  795): tsf=0005676832470756
D/WifiHW  (  795): flags=[WPA-PSK-CCMP][WPA2-PSK-CCMP][ESS]
D/WifiHW  (  795): ssid=wl-5G
D/WifiHW  (  795): ====
D/WifiHW  (  795): id=387
D/WifiHW  (  795): bssid=a8:58:40:57:5f:60
D/WifiHW  (  795): freq=2412
D/WifiHW  (  795): level=-77
D/WifiHW  (  795): tsf=0015657846541184
D/WifiHW  (  795): flags=[WPA-PSK-CCMP+TKIP][WPA2-PSK-CCMP+TKIP][ESS]
D/WifiHW  (  795): ssid=aibinong
D/WifiHW  (  795): ====
D/WifiHW  (  795): id=391
D/WifiHW  (  795): bssid=64:09:80:30:f0:32
D/WifiHW  (  795): freq=2412
D/WifiHW  (  795): level=-80
D/WifiHW  (  795): tsf=0000018868709233
D/WifiHW  (  795): flags=[WPA2-PSK-CCMP][ESS]
D/WifiHW  (  795): ssid=TP-LINK 8115
D/WifiHW  (  795): ====
D/WifiHW  (  795): id=395
D/WifiHW  (  795): bssid=a8:58:40:57:5f:61
D/WifiHW  (  795): freq=2412
D/WifiHW  (  795): level=-78
D/WifiHW  (  795): tsf=0015657856547584
D/WifiHW  (  795): flags=[WPA-P
D/wifi    (  795): doStringCommand, buf IFNAME=wlan0 BSS RANGE=370- MASK=0x21987
I/wifi    (  795): id=372
I/wifi    (  795): bssid=70:79:90:78:d6:40
I/wifi    (  795): freq=2472
I/wifi    (  795): level=-71
I/wifi    (  795): tsf=0000596225127724
I/wifi    (  795): flags=[WPA-PSK-CCMP][WPA2-PSK-CCMP][ESS]
I/wifi    (  795): ssid=yizhibo
I/wifi    (  795): ====
I/wifi    (  795): id=375
I/wifi    (  795): bssid=b8:f8:83:f6:29:ac
I/wifi    (  795): freq=2412
I/wifi    (  795): level=-72
I/wifi    (  795): tsf=0000704656815073
I/wifi    (  795): flags=[WPA-PSK-CCMP][WPA2-PSK-CCMP][ESS]
I/wifi    (  795): ssid=zhuguangzhen
I/wifi    (  795): ====
I/wifi    (  795): id=377
I/wifi    (  795): bssid=48:fd:8e:4d:6e:40
I/wifi    (  795): freq=2452
I/wifi    (  795): level=-73
I/wifi    (  795): tsf=0000595953766784
I/wifi    (  795): flags=[WPA-PSK-CCMP][WPA2-PSK-CCMP][ESS]
I/wifi    (  795): ssid=yizhibo
I/wifi    (  795): ====
I/wifi    (  795): id=382
I/wifi    (  795): bssid=24:05:0f:27:8e:00
I/wifi    (  795): freq=2437
I/wifi    (  795): level=-78
I/wifi    (  795): tsf=0000018626760835
I/wifi    (  795): flags=[WPA-PSK-CCMP][WPA2-PSK-CCMP][ESS]
I/wifi    (  795): ssid=AP
I/wifi    (  795): ====
I/wifi    (  795): id=383
I/wifi    (  795): bssid=a0:63:91:c8:8d:cc
I/wifi    (  795): freq=5220
I/wifi    (  795): level=-87
I/wifi    (  795): tsf=0005676832470756
I/wifi    (  795): flags=[WPA-PSK-CCMP][WPA2-PSK-CCMP][ESS]
I/wifi    (  795): ssid=wl-5G
I/wifi    (  795): ====
I/wifi    (  795): id=387
I/wifi    (  795): bssid=a8:58:40:57:5f:60
I/wifi    (  795): freq=2412
I/wifi    (  795): level=-77
I/wifi    (  795): tsf=0015657846541184
I/wifi    (  795): flags=[WPA-PSK-CCMP+TKIP][WPA2-PSK-CCMP+TKIP][ESS]
I/wifi    (  795): ssid=aibinong
I/wifi    (  795): ====
I/wifi    (  795): id=391
I/wifi    (  795): bssid=64:09:80:30:f0:32
I/wifi    (  795): freq=2412
I/wifi    (  795): level=-80
I/wifi    (  795): tsf=0000018868709233
I/wifi    (  795): flags=[WPA2-PSK-CCMP][ESS]
I/wifi    (  795): ssid=TP-LINK 8115
I/wifi    (  795): ====
I/wifi    (  795): id=395
I/wifi    (  795): bssid=a8:58:40:57:5f:61
I/wifi    (  795): freq=2412
I/wifi    (  795): level=-78
I/wifi    (  795): tsf=0015657856547584
I/wifi    (  795): flags=[WPA-PSK-CCMP+TKIP][WPA2-PSK-CCMP+TKIP][ESS]
I/wifi    (  795): ssid=aibinong-guest
I/wifi    (  795): ====
I/wifi    (  795): id=396
I/wifi    (  795): bssid=0c:da:41:0e:bf:71
I/wifi    (  795): freq=2412
I/wifi    (  795): level=-76
I/wifi    (  795): tsf=0017607408641901
I/wifi    (  795): flags=[WPA-PSK-TKIP][ESS]
I/wifi    (  795): ssid=parkland
I/wifi    (  795): ====
I/wifi    (  795): id=397
I/wifi    (  795): bssid=fa:da:0c:0a:a9:26
I/wifi    (  795): freq=2437
I/wifi    (  795): level=-89
I/wifi    (  795): tsf=0000529591947332
I/wifi    (  795): flags=[ESS]
I/wifi    (  795): ssid=HP-Setup>26-M277 LaserJet
I/wifi    (  795): ====
I/wifi    (  795): id=398
I/wifi    (  795): bssid=70:79:90:78:d6:50
I/wifi    (  795): freq=5180
I/wifi    (  795): level=-82
I/wifi    (  795): tsf=0000596204749255
I/wifi    (  795): flags=[WPA-PSK-CCMP][WPA2-PSK-CCMP][ESS]
I/wifi    (  795): ssid=yizhibo
I/wifi    (  795): ====
I/wifi    (  795): id=399
I/wifi    (  795): bssid=b0:d5:9d:a4:7a:6d
I/wifi    (  795): freq=2462
I/wifi    (  795): level=-66
I/wifi    (  795): tsf=0000018353099694
I/wifi    (  795): flags=[WPA-PSK-CCMP][WPA2-PSK-CCMP][ESS]
I/wifi    (  795): ssid=360WiFi-6D
I/wifi    (  795): ====
I/wifi    (  795): id=400
I/wifi    (  795): bssid=ec:26:ca:cd:c4:f8
I/wifi    (  795): freq=2437
I/wifi    (  795): level=-80
I/wifi    (  795): tsf=0002600365699276
I/wifi    (  795): flags=[WPA-PSK-CCMP][WPA2-PSK-CCMP][ESS]
I/wifi    (  795): ssid=lighthousecap
I/wifi    (  795): ====
I/wifi    (  795): id=401
I/wifi    (  795): bssid=0c:da:41:0e:c4:d0
I/wifi    (  795): freq=2412
I/wifi    (  795): level=-77
I/wifi    (  795): tsf=0017607502029184
I/wifi    (  795): flags=[WPA-PSK-TKIP][ESS]
I/wifi    (  795): ssid=parkland-guest
I/wifi    (  795): ====
I/wifi    (  795): id=402
I/wifi    (  795): bssid=0c:da:41:0e:cd:71
I/wifi    (  795): freq=2437
I/wifi    (  795): level=-80
I/wifi    (  795): tsf=0017607342900949
I/wifi    (  795): flags=[WPA-PSK-TKIP][ESS]
I/wifi    (  795): ssid=parkland
I/wifi    (  795): ====
I/wifi    (  795): id=403
I/wifi    (  795): bssid=ac:d1:b8:37:39:9d
I/wifi    (  795): freq=2437
I/wifi    (  795): level=-87
I/wifi    (  795): tsf=0000796252262722
I/wifi    (  795): flags=[WPA2-PSK-CCMP][ESS]
I/wifi    (  795): ssid=HP-Print-9d-LaserJet Pro MFP
I/wifi    (  795): ====
I/wifi    (  795): id=404
I/wifi    (  795): bssid=0c:da:41:ec:ea:70
I/wifi    (  795): freq=2437
I/wifi    (  795): level=-90
I/wifi    (  795): tsf=0017607263134159
I/wifi    (  795): flags=[WPA-PSK-TKIP][ESS]
I/wifi    (  795): ssid=parkland-guest
I/wifi    (  795): ====
I/wifi    (  795): id=405
I/wifi    (  795): bssid=48:fd:8e:4d:81:30
I/wifi    (  795): freq=5180
I/wifi    (  795): level=-46
I/wifi    (  795): tsf=0000595648102459
I/wifi    (  795): flags=[WPA-PSK-CCMP][WPA2-PSK-CCMP][ESS]
I/wifi    (  795): ssid=yizhibo
I/wifi    (  795): ====
I/wifi    (  795): id=406
I/wifi    (  795): bssid=a0:04:60:c5:86:11
I/wifi    (  795): freq=2437
I/wifi    (  795): level=-82
I/wifi    (  795): tsf=0000087892275590
I/wifi    (  795): flags=[WPA2-PSK-CCMP][WPS][ESS]
I/wifi    (  795): ssid=LIGHTHOUSE
I/wifi    (  795): ####
I/        (  245): [BWC INFO](245): get_bwc_mm_property success
I/        (  245): [BWC INFO](245): get_bwc_mm_property success
D/WifiStateMachine(  795): SCAN_RESULTS_EVENT, mScanForWeakSignal:false
V/ActivityManager(  795): Broadcast: Intent { act=android.net.wifi.SCAN_RESULTS flg=0x4000010 (has extras) } ordered=false userid=-1 callerApp=ProcessRecord{42ae4570 795:system/1000}
I/WifiNotificationController(  795): checkAndSetNotification, state:CONNECTED
I/        (  245): [BWC INFO](245): get_bwc_mm_property success
D/AppOps  (  795): noteOperation: allowing code 10 uid 10048 package com.baidu.map.location
D/AppOps  (  795): noteOperation: allowing code 10 uid 10532 package com.ccvideo
D/ActivityManager(  795): getContentProviderImpl: from caller=android.app.ApplicationThreadProxy@42d54a20 (pid=1434, userId=0) to get content provider com.qihoo360.apm.apmdatamanager.ApmDataProvider cpr=null
D/AppOps  (  795): noteOperation: allowing code 10 uid 10532 package com.ccvideo
V/ActivityManager(  795): getContentProviderImpl: can't get cpi from packagemanager
D/WifiStateMachine(  795): ConnectedState{ when=-5ms what=131155 arg1=4 target=com.android.internal.util.StateMachine$SmHandler target=Handler (com.android.internal.util.StateMachine$SmHandler) {42c34c40} }
D/WifiStateMachine(  795): L2ConnectedState{ when=-6ms what=131155 arg1=4 target=com.android.internal.util.StateMachine$SmHandler target=Handler (com.android.internal.util.StateMachine$SmHandler) {42c34c40} }
D/WifiHW  (  795): enter -->wifi_send_command cmd=IFNAME=wlan0 SIGNAL_POLL
E/ActivityThread( 1434): Failed to find provider info for com.qihoo360.apm.apmdatamanager.ApmDataProvider
D/wpa_supplicant(  997): RX ctrl_iface - hexdump(len=11): 53 49 47 4e 41 4c 5f 50 4f 4c 4c
D/wpa_supplicant(  997): wlan0: Control interface command 'SIGNAL_POLL'
D/AppOps  (  795): noteOperation: allowing code 10 uid 10092 package com.qihoo.appstore
D/wpa_supplicant(  997): nl80211: survey data missing!
D/wpa_supplicant(  997): signal poll, reply_len=48
D/wpa_ctrl(  795): reply_len=4095
D/WifiHW  (  795): leave --> reply=RSSI=-55
D/WifiHW  (  795): LINKSPEED=58
D/WifiHW  (  795): NOISE=9999
D/WifiHW  (  795): FREQUENCY=2432
D/WifiHW  (  795): 
D/wifi    (  795): doStringCommand, buf IFNAME=wlan0 SIGNAL_POLL
I/WifiStateMachine(  795): fetchRssiAndLinkSpeedNative, newRssi:-55, newLinkSpeed:58, SSID:"yizhibo"
D/WifiStateMachine(  795): mRssiArray[0] = -55
D/WifiStateMachine(  795): mRssiArray[1] = -55
D/WifiStateMachine(  795): mRssiArray[2] = -55
D/WifiStateMachine(  795): mRssiArray[3] = -55
D/WifiStateMachine(  795): mRssiArray[4] = -55
D/WifiStateMachine(  795): GetFilterRssi is : -55
D/WifiStateMachine(  795): mLastSignalLevel:4, newSignalLevel:4
D/WifiStateMachine(  795): fetchRssiAndLinkSpeedNative, ipAddr:1829349568
I/        (  245): [BWC INFO](245): get_bwc_mm_property success
D/ActivityManager(  795): getContentProviderImpl: from caller=android.app.ApplicationThreadProxy@43a8ab50 (pid=1434, userId=0) to get content provider com.qihoo360.apm.apmdatamanager.ApmDataProvider cpr=null
V/ActivityManager(  795): getContentProviderImpl: can't get cpi from packagemanager
E/ActivityThread( 1434): Failed to find provider info for com.qihoo360.apm.apmdatamanager.ApmDataProvider
D/WifiStateMachine(  795): ConnectedState{ when=0 what=131131 target=com.android.internal.util.StateMachine$SmHandler target=Handler (com.android.internal.util.StateMachine$SmHandler) {42c34c40} }
D/WifiStateMachine(  795): L2ConnectedState{ when=0 what=131131 target=com.android.internal.util.StateMachine$SmHandler target=Handler (com.android.internal.util.StateMachine$SmHandler) {42c34c40} }
D/WifiStateMachine(  795): ConnectModeState{ when=0 what=131131 target=com.android.internal.util.StateMachine$SmHandler target=Handler (com.android.internal.util.StateMachine$SmHandler) {42c34c40} }
D/WifiStateMachine(  795): ConnectedState{ when=-2ms what=131131 target=com.android.internal.util.StateMachine$SmHandler target=Handler (com.android.internal.util.StateMachine$SmHandler) {42c34c40} }
D/WifiStateMachine(  795): L2ConnectedState{ when=-2ms what=131131 target=com.android.internal.util.StateMachine$SmHandler target=Handler (com.android.internal.util.StateMachine$SmHandler) {42c34c40} }
D/WifiStateMachine(  795): ConnectModeState{ when=-2ms what=131131 target=com.android.internal.util.StateMachine$SmHandler target=Handler (com.android.internal.util.StateMachine$SmHandler) {42c34c40} }
I/System.out( 4328): [CDS]rx timeout:1
I/System.out( 4328): [CDS]rx timeout:1
D/NativeCrypto( 4328): ssl=0x80df0798 sslRead buf=0x449b0f98 len=1500,timeo=10
D/ActivityManager(  795): getContentProviderImpl: from caller=android.app.ApplicationThreadProxy@427fdcb0 (pid=1434, userId=0) to get content provider com.qihoo360.apm.apmdatamanager.ApmDataProvider cpr=null
V/ActivityManager(  795): getContentProviderImpl: can't get cpi from packagemanager
E/ActivityThread( 1434): Failed to find provider info for com.qihoo360.apm.apmdatamanager.ApmDataProvider
I/        (  245): [BWC INFO](245): get_bwc_mm_property success
I/System.out( 4328): [CDS]rx timeout:60000
I/System.out( 4328): [CDS]rx timeout:60000
I/System.out( 4328): [CDS]rx timeout:60000
I/System.out( 4328): [CDS]rx timeout:60000
I/System.out( 4328): [CDS]SO_SND_TIMEOUT:0
D/NativeCrypto( 4328): ssl=0x80df0798 sslWrite buf=0x47cd55c8 len=337 write_timeout_millis=0
D/NativeCrypto( 4328): ssl=0x80df0798 sslWrite buf=0x42dafb98 len=2075 write_timeout_millis=0
D/NativeCrypto( 4328): ssl=0x80df0798 sslRead buf=0x449b0f98 len=1500,timeo=60000
I/        (  245): [BWC INFO](245): get_bwc_mm_property success
I/        (  245): [BWC INFO](245): get_bwc_mm_property success
I/        (  245): [BWC INFO](245): get_bwc_mm_property success
I/        (  245): [BWC INFO](245): get_bwc_mm_property success
D/ConnectivityService(  795): getActiveNetworkInfo:NetworkInfo: type: WIFI[], state: CONNECTED/CONNECTED, reason: (unspecified), extra: "yizhibo", roaming: false, failover: false, isAvailable: true, isConnectedToProvisioningNetwork: false, simId: 0/1000
V/Provider/Settings(  912): get setting for user 0 by user 0 so skipping cache
V/Provider/Settings(  912):  from settings cache , name = show_network_speed , value = 1
I/        (  245): [BWC INFO](245): get_bwc_mm_property success
D/dalvikvm(  912): create interp thread : stack size=128KB
D/dalvikvm(  912): create new thread
D/dalvikvm(  912): new thread created
D/dalvikvm(  912): update thread list
D/dalvikvm(  912): threadid=29: interp stack at 0x7c7b6000
D/dalvikvm(  912): threadid=29: created from interp
D/dalvikvm(  912): start new thread
D/dalvikvm(  912): threadid=29: notify debugger
D/dalvikvm(  912): threadid=29 (Thread-1381): calling run()
V/Provider/Settings(  912): get setting for user 0 by user 0 so skipping cache
V/Provider/Settings(  912):  from settings cache , name = date_format , value = 
D/dalvikvm(  912): threadid=29: exiting
D/dalvikvm(  912): threadid=29: bye!
I/BufferQueue(  245): [StatusBar](this:0xb75dd060,id:6,api:1,p:912,c:245) queueBuffer: fps=0.78 dur=1282.09 max=1282.09 min=1282.09
I/        (  245): [BWC INFO](245): get_bwc_mm_property success
I/        (  245): [BWC INFO](245): get_bwc_mm_property success
I/BufferQueue(  245): [com.ccvideo/com.yizhibo.video.activity.HomeTabActivity](this:0xb76747f0,id:103,api:1,p:4328,c:245) queueBuffer: fps=17.85 dur=1008.53 max=558.39 min=13.29
I/        (  245): [BWC INFO](245): get_bwc_mm_property success
I/        (  245): [BWC INFO](245): get_bwc_mm_property success
I/        (  245): [BWC INFO](245): get_bwc_mm_property success
I/        (  245): [BWC INFO](245): get_bwc_mm_property success
I/        (  245): [BWC INFO](245): get_bwc_mm_property success
I/        (  245): [BWC INFO](245): get_bwc_mm_property success
I/        (  245): [BWC INFO](245): get_bwc_mm_property success
I/SurfaceFlinger(  245): [Built-in Screen (type:0)] fps:22.918400,dur:1003.56,max:402.27,min:16.47
I/        (  245): [BWC INFO](245): get_bwc_mm_property success
I/        (  245): [BWC INFO](245): get_bwc_mm_property success
I/        (  245): [BWC INFO](245): get_bwc_mm_property success
I/        (  245): [BWC INFO](245): get_bwc_mm_property success
I/        (  245): [BWC INFO](245): get_bwc_mm_property success
I/        (  245): [BWC INFO](245): get_bwc_mm_property success
I/Process ( 1680): get_ion_cache_memory totalNum:94474240
I/Process ( 1680): mm_heap_freelist total_size=0x0
I/Process ( 1680): ----------------------------------------------------
I/Process ( 1680):   buffer     size kmap ref hdl mod      mva sec flag pid comm(client)   v1   v2   v3   v4 dbg_name
I/Process ( 1680): 0xcd7ed080   327680   0   3   2   0  2100000   0   0 245 surfaceflinger 0x0 0x0 0x0 0x0 nothing sf_info(-18771955 0 0
I/Process ( 1680): get_ion_cache_memory ionCacheTotalInByte:94474240
I/        (  245): [BWC INFO](245): get_bwc_mm_property success
I/        (  245): [BWC INFO](245): get_bwc_mm_property success
I/        (  245): [BWC INFO](245): get_bwc_mm_property success
I/        (  245): [BWC INFO](245): get_bwc_mm_property success
I/        (  245): [BWC INFO](245): get_bwc_mm_property success
I/        (  245): [BWC INFO](245): get_bwc_mm_property success
I/        (  245): [BWC INFO](245): get_bwc_mm_property success
I/        (  245): [BWC INFO](245): get_bwc_mm_property success
I/        (  245): [BWC INFO](245): get_bwc_mm_property success
I/        (  245): [BWC INFO](245): get_bwc_mm_property success
I/        (  245): [BWC INFO](245): get_bwc_mm_property success
I/        (  245): [BWC INFO](245): get_bwc_mm_property success
I/        (  245): [BWC INFO](245): get_bwc_mm_property success
I/        (  245): [BWC INFO](245): get_bwc_mm_property success
I/        (  245): [BWC INFO](245): get_bwc_mm_property success
I/        (  245): [BWC INFO](245): get_bwc_mm_property success
I/        (  245): [BWC INFO](245): get_bwc_mm_property success
I/        (  245): [BWC INFO](245): get_bwc_mm_property success
I/        (  245): [BWC INFO](245): get_bwc_mm_property success
I/        (  245): [BWC INFO](245): get_bwc_mm_property success
I/        (  245): [BWC INFO](245): get_bwc_mm_property success
I/        (  245): [BWC INFO](245): get_bwc_mm_property success
I/        (  245): [BWC INFO](245): get_bwc_mm_property success
I/        (  245): [BWC INFO](245): get_bwc_mm_property success
I/        (  245): [BWC INFO](245): get_bwc_mm_property success
I/        (  245): [BWC INFO](245): get_bwc_mm_property success
I/        (  245): [BWC INFO](245): get_bwc_mm_property success
I/        (  245): [BWC INFO](245): get_bwc_mm_property success
I/        (  245): [BWC INFO](245): get_bwc_mm_property success
I/        (  245): [BWC INFO](245): get_bwc_mm_property success
I/        (  245): [BWC INFO](245): get_bwc_mm_property success
I/        (  245): [BWC INFO](245): get_bwc_mm_property success
I/        (  245): [BWC INFO](245): get_bwc_mm_property success
I/        (  245): [BWC INFO](245): get_bwc_mm_property success
I/Process (  795): get_ion_cache_memory totalNum:94474240
I/Process (  795): mm_heap_freelist total_size=0x0
I/Process (  795): ----------------------------------------------------
I/Process (  795):   buffer     size kmap ref hdl mod      mva sec flag pid comm(client)   v1   v2   v3   v4 dbg_name
I/Process (  795): 0xcd7ed080   327680   0   3   2   0  2100000   0   0 245 surfaceflinger 0x0 0x0 0x0 0x0 nothing sf_info(-18771955 0 0
I/Process (  795): get_ion_cache_memory ionCacheTotalInByte:94474240
I/        (  245): [BWC INFO](245): get_bwc_mm_property success
I/        (  245): [BWC INFO](245): get_bwc_mm_property success
I/        (  245): [BWC INFO](245): get_bwc_mm_property success
I/        (  245): [BWC INFO](245): get_bwc_mm_property success
I/        (  245): [BWC INFO](245): get_bwc_mm_property success
I/        (  245): [BWC INFO](245): get_bwc_mm_property success
I/Process (  795): get_ion_cache_memory totalNum:94474240
I/Process (  795): mm_heap_freelist total_size=0x0
I/Process (  795): ----------------------------------------------------
I/Process (  795):   buffer     size kmap ref hdl mod      mva sec flag pid comm(client)   v1   v2   v3   v4 dbg_name
I/Process (  795): 0xcd7ed080   327680   0   3   2   0  2100000   0   0 245 surfaceflinger 0x0 0x0 0x0 0x0 nothing sf_info(-18771955 0 0
I/Process (  795): get_ion_cache_memory ionCacheTotalInByte:94474240
D/BatteryService(  795): mBatteryVoltage=4226, batteryLevel=50
V/ActivityManager(  795): Broadcast sticky: Intent { act=android.intent.action.ADDITIONAL_BATTERY_CHANGED flg=0x60000010 (has extras) } ordered=false userid=-1 callerApp=null
V/ActivityManager(  795): Broadcast sticky: Intent { act=android.intent.action.BATTERY_CHANGED flg=0x60000010 (has extras) } ordered=false userid=-1 callerApp=null
D/WifiService(  795): onReceive, action:android.intent.action.BATTERY_CHANGED
D/UsbDeviceManager(  795): onReceive - BATTERY_CHANGED - mPlugType: 2, mSettingUsbCharging: false, mConnected: true, mSettingUsbBicr: false
D/WifiController(  795): DeviceActiveState{ when=-1ms what=155652 arg1=2 target=com.android.internal.util.StateMachine$SmHandler target=Handler (com.android.internal.util.StateMachine$SmHandler) {427cef60} }
D/WifiController(  795): StaEnabledState{ when=-1ms what=155652 arg1=2 target=com.android.internal.util.StateMachine$SmHandler target=Handler (com.android.internal.util.StateMachine$SmHandler) {427cef60} }
D/WifiController(  795): DefaultState{ when=-1ms what=155652 arg1=2 target=com.android.internal.util.StateMachine$SmHandler target=Handler (com.android.internal.util.StateMachine$SmHandler) {427cef60} }
D/WifiController(  795): battery changed pluggedType: 2
D/PowerSaveService( 1099): PowerSaveReceiver EXTRA_STATUS: status = 2, lastCharging = true
D/dalvikvm( 1680): create interp thread : stack size=128KB
D/dalvikvm( 1680): create new thread
D/dalvikvm( 1680): new thread created
D/dalvikvm( 1680): update thread list
D/dalvikvm( 1680): threadid=11: interp stack at 0x7a356000
D/dalvikvm( 1680): threadid=11: created from interp
D/dalvikvm( 1680): start new thread
D/dalvikvm( 1680): threadid=11: notify debugger
D/dalvikvm( 1680): threadid=11 (ADThread-1501743866909): calling run()
D/dalvikvm( 1680): threadid=11: exiting
D/dalvikvm( 1680): threadid=11: bye!
V/ActivityManager(  795): Broadcast sticky: Intent { act=android.intent.action.ADDITIONAL_BATTERY_CHANGED flg=0x60000010 (has extras) } ordered=false userid=-1 callerApp=null
V/ActivityManager(  795): Broadcast sticky: Intent { act=android.intent.action.ADDITIONAL_BATTERY_CHANGED flg=0x60000010 (has extras) } ordered=false userid=-1 callerApp=null
D/dalvikvm(  912): create interp thread : stack size=128KB
D/dalvikvm(  912): create new thread
D/dalvikvm(  912): new thread created
D/dalvikvm(  912): update thread list
D/dalvikvm(  912): threadid=29: interp stack at 0x7c7b6000
D/dalvikvm(  912): threadid=29: created from interp
D/dalvikvm(  912): start new thread
D/dalvikvm(  912): threadid=29: notify debugger
D/dalvikvm(  912): threadid=29 (Thread-1382): calling run()
V/Provider/Settings(  912): get setting for user 0 by user 0 so skipping cache
V/Provider/Settings(  912):  from settings cache , name = date_format , value = 
D/dalvikvm(  912): threadid=29: exiting
D/dalvikvm(  912): threadid=29: bye!
I/BufferQueue(  245): [StatusBar](this:0xb75dd060,id:6,api:1,p:912,c:245) queueBuffer: fps=0.50 dur=2007.99 max=2007.99 min=2007.99
I/        (  245): [BWC INFO](245): get_bwc_mm_property success
I/SurfaceFlinger(  245): [Built-in Screen (type:0)] fps:24.999863,dur:1880.01,max:1107.43,min:16.31
D/dalvikvm(  912): create interp thread : stack size=128KB
D/dalvikvm(  912): create new thread
D/dalvikvm(  912): new thread created
D/dalvikvm(  912): update thread list
D/dalvikvm(  912): threadid=29: interp stack at 0x7c7b6000
D/dalvikvm(  912): threadid=29: created from interp
D/dalvikvm(  912): start new thread
D/dalvikvm(  912): threadid=29: notify debugger
D/dalvikvm(  912): threadid=29 (Thread-1383): calling run()
V/Provider/Settings(  912): get setting for user 0 by user 0 so skipping cache
V/Provider/Settings(  912):  from settings cache , name = date_format , value = 
D/dalvikvm(  912): threadid=29: exiting
D/dalvikvm(  912): threadid=29: bye!
I/        (  245): [BWC INFO](245): get_bwc_mm_property success
I/ANRManager(  795): updateProcessStats
D/PhoneInterfaceManagerEx( 1076): [PhoneIntfMgrEx] hasIccCard  simId=0
D/PhoneInterfaceManagerEx( 1076): [PhoneIntfMgrEx] hasIccCard  simId=1
D/PhoneInterfaceManagerEx( 1076): [PhoneIntfMgrEx] hasIccCard  simId=0
D/PhoneInterfaceManagerEx( 1076): [PhoneIntfMgrEx] hasIccCard  simId=1
D/PhoneInterfaceManagerEx( 1076): [PhoneIntfMgrEx] hasIccCard  simId=0
D/PhoneInterfaceManagerEx( 1076): [PhoneIntfMgrEx] hasIccCard  simId=1
D/PhoneInterfaceManagerEx( 1076): [PhoneIntfMgrEx] hasIccCard  simId=0
D/PhoneInterfaceManagerEx( 1076): [PhoneIntfMgrEx] hasIccCard  simId=1
D/dalvikvm(  912): create interp thread : stack size=128KB
D/dalvikvm(  912): create new thread
D/dalvikvm(  912): new thread created
D/dalvikvm(  912): update thread list
D/dalvikvm(  912): threadid=29: interp stack at 0x7c7b6000
D/dalvikvm(  912): threadid=29: created from interp
D/dalvikvm(  912): start new thread
D/dalvikvm(  912): threadid=29: notify debugger
D/dalvikvm(  912): threadid=29 (Thread-1384): calling run()
V/Provider/Settings(  912): get setting for user 0 by user 0 so skipping cache
V/Provider/Settings(  912):  from settings cache , name = date_format , value = 
D/dalvikvm(  912): threadid=29: exiting
D/dalvikvm(  912): threadid=29: bye!
I/        (  245): [BWC INFO](245): get_bwc_mm_property success
I/Process (  795): get_ion_cache_memory totalNum:94474240
I/Process (  795): mm_heap_freelist total_size=0x0
I/Process (  795): ----------------------------------------------------
I/Process (  795):   buffer     size kmap ref hdl mod      mva sec flag pid comm(client)   v1   v2   v3   v4 dbg_name
I/Process (  795): 0xcd7ed080   327680   0   3   2   0  2100000   0   0 245 surfaceflinger 0x0 0x0 0x0 0x0 nothing sf_info(-18771955 0 0
I/Process (  795): get_ion_cache_memory ionCacheTotalInByte:94474240
D/WifiStateMachine(  795): ConnectedState{ when=-3ms what=131155 arg1=4 target=com.android.internal.util.StateMachine$SmHandler target=Handler (com.android.internal.util.StateMachine$SmHandler) {42c34c40} }
D/WifiStateMachine(  795): L2ConnectedState{ when=-3ms what=131155 arg1=4 target=com.android.internal.util.StateMachine$SmHandler target=Handler (com.android.internal.util.StateMachine$SmHandler) {42c34c40} }
D/WifiHW  (  795): enter -->wifi_send_command cmd=IFNAME=wlan0 SIGNAL_POLL
D/wpa_supplicant(  997): RX ctrl_iface - hexdump(len=11): 53 49 47 4e 41 4c 5f 50 4f 4c 4c
D/wpa_supplicant(  997): wlan0: Control interface command 'SIGNAL_POLL'
D/wpa_supplicant(  997): nl80211: survey data missing!
D/wpa_supplicant(  997): signal poll, reply_len=48
D/wpa_ctrl(  795): reply_len=4095
D/WifiHW  (  795): leave --> reply=RSSI=-56
D/WifiHW  (  795): LINKSPEED=65
D/WifiHW  (  795): NOISE=9999
D/WifiHW  (  795): FREQUENCY=2432
D/WifiHW  (  795): 
D/wifi    (  795): doStringCommand, buf IFNAME=wlan0 SIGNAL_POLL
I/WifiStateMachine(  795): fetchRssiAndLinkSpeedNative, newRssi:-56, newLinkSpeed:65, SSID:"yizhibo"
D/WifiStateMachine(  795): mRssiArray[0] = -55
D/WifiStateMachine(  795): mRssiArray[1] = -55
D/WifiStateMachine(  795): mRssiArray[2] = -55
D/WifiStateMachine(  795): mRssiArray[3] = -55
D/WifiStateMachine(  795): mRssiArray[4] = -55
D/WifiStateMachine(  795): GetFilterRssi is : -55
D/WifiStateMachine(  795): mLastSignalLevel:4, newSignalLevel:4
D/WifiStateMachine(  795): fetchRssiAndLinkSpeedNative, ipAddr:1829349568
I/BufferQueue(  245): [com.ccvideo/com.yizhibo.video.activity.HomeTabActivity](this:0xb76747f0,id:103,api:1,p:4328,c:245) queueBuffer: fps=18.03 dur=2939.23 max=2063.08 min=15.62
I/        (  245): [BWC INFO](245): get_bwc_mm_property success
I/        (  245): [BWC INFO](245): get_bwc_mm_property success
I/SurfaceFlinger(  245): [Built-in Screen (type:0)] fps:3.960964,dur:1009.86,max:705.13,min:18.82
I/        (  245): [BWC INFO](245): get_bwc_mm_property success
I/        (  245): [BWC INFO](245): get_bwc_mm_property success
I/        (  245): [BWC INFO](245): get_bwc_mm_property success
I/        (  245): [BWC INFO](245): get_bwc_mm_property success
I/        (  245): [BWC INFO](245): get_bwc_mm_property success
I/        (  245): [BWC INFO](245): get_bwc_mm_property success
I/        (  245): [BWC INFO](245): get_bwc_mm_property success
D/SubscriptionRouter( 7446): remove subscriber: com.ss.android.article.news.e
I/dalvikvm( 7446): Could not find method android.accounts.AccountManager.removeAccountExplicitly, referenced from method com.ss.android.account.d.a
W/dalvikvm( 7446): VFY: unable to resolve virtual method 7: Landroid/accounts/AccountManager;.removeAccountExplicitly (Landroid/accounts/Account;)Z
D/dalvikvm( 7446): VFY: replacing opcode 0x6e at 0x000e
D/SQLiteDatabase(  795): beginTransaction()
W/AccountManagerService(  795): insertAccountIntoDatabase: Account {name=, type=com.ss.android.article.news}, skipping since the account already exists
D/SQLiteDatabase(  795): endTransaction()
I/        (  245): [BWC INFO](245): get_bwc_mm_property success
D/dalvikvm( 7446): create interp thread : stack size=128KB
D/dalvikvm( 7446): create new thread
D/dalvikvm( 7446): new thread created
D/dalvikvm( 7446): update thread list
D/dalvikvm( 7446): threadid=14: interp stack at 0x79cd9000
D/dalvikvm( 7446): threadid=14: created from interp
D/dalvikvm( 7446): start new thread
D/dalvikvm( 7446): threadid=14: notify debugger
D/dalvikvm( 7446): threadid=14 (SharedPreferencesImpl-load): calling run()
D/dalvikvm( 7446): threadid=14: exiting
D/dalvikvm( 7446): threadid=14: bye!
D/NativeCrypto( 7446): NativeCrypto_EVP_VerifyInit ctx=0x79ab5a08
D/NativeCrypto( 7446): NativeCrypto_EVP_VerifyInit algorithmChars=RSA-SHA1
D/dalvikvm( 7446): create interp thread : stack size=128KB
D/dalvikvm( 7446): create new thread
D/dalvikvm( 7446): new thread created
D/dalvikvm( 7446): update thread list
D/dalvikvm( 7446): threadid=14: interp stack at 0x79cd9000
D/dalvikvm( 7446): threadid=14: created from interp
D/dalvikvm( 7446): start new thread
D/dalvikvm( 7446): threadid=14: notify debugger
D/dalvikvm( 7446): threadid=14 (pool-27-thread-1): calling run()
I/        (  245): [BWC INFO](245): get_bwc_mm_property success
D/dalvikvm( 7446): threadid=14: exiting
D/dalvikvm( 7446): threadid=14: bye!
D/dalvikvm( 7446): between the previous GC alloc  6284K
D/NativeCrypto( 7446): NativeCrypto_EVP_VerifyInit ctx=0x799cede0
D/NativeCrypto( 7446): NativeCrypto_EVP_VerifyInit algorithmChars=RSA-SHA1
D/dalvikvm( 7446): create interp thread : stack size=128KB
D/dalvikvm( 7446): create new thread
D/dalvikvm( 7446): new thread created
D/dalvikvm( 7446): update thread list
D/dalvikvm( 7446): threadid=14: interp stack at 0x79ce2000
D/dalvikvm( 7446): threadid=14: created from interp
D/dalvikvm( 7446): start new thread
D/dalvikvm( 7446): threadid=14: notify debugger
