10-09 16:06:38.264 29035 29035 I XmlParser: startElement itemName:id user:0
10-09 16:06:38.264 29035 29035 I XmlParser: endElement itemName:id user:0
10-09 16:06:38.264 29035 29035 I XmlParser: startElement itemName:name user:0
10-09 16:06:38.264 29035 29035 I XmlParser: endElement itemName:name user:0
10-09 16:06:38.264 29035 29035 I XmlParser: startElement itemName:define user:0
10-09 16:06:38.264 29035 29035 I XmlParser: endElement itemName:define user:0
10-09 16:06:38.264 29035 29035 I XmlParser: startElement itemName:description user:0
10-09 16:06:38.264 29035 29035 I XmlParser: endElement itemName:description user:0
10-09 16:06:38.264 29035 29035 I XmlParser: endElement itemName:group user:0
10-09 16:06:38.264 29035 29035 I XmlParser: endElement itemName:resource user:0
10-09 16:06:38.264 29035 29035 I libEGL  : egl_cache_t() maxKeySize:1024  maxTotalSize:2097152
10-09 16:06:38.267 29035 29035 I appproc : CLASSPATH=/system/framework/am.jar
10-09 16:06:38.267 29035 29035 I appproc : Command=app_process /system/bin com.android.commands.am.Am startservice --user 0 -a com.qihoo.appstore.ACTION_DAEMON_CORE_SERVICE --ei com.qihoo.appstore.rtservice.EXTRA_PID2 22303 --ei startType 19 
10-09 16:06:38.269 29035 29035 I AndroidRuntime: readDownloadBoosterConfig: 'false'
10-09 16:06:38.305 29035 29035 I art     : Reinit property: dalvik.vm.checkjni= false
10-09 16:06:38.313 29035 29035 I HWSERVICES: hwnative_get_component_register:libdrmbitmap,JNI
10-09 16:06:38.315 29035 29035 I Radio-JNI: register_android_hardware_Radio DONE
10-09 16:06:38.317 29035 29035 I android_hardware_fm.cpp: register_android_hardware_fm_fmradio
10-09 16:06:38.317 29035 29035 I android_hardware_fm.cpp: ========64bit long size = 8
10-09 16:06:38.317 29035 29035 I android_hardware_fm.cpp: FM: get chip type = bcm43xx
10-09 16:06:38.317 29035 29035 E fm_if.c : find the id:fm and begins to open the devices
10-09 16:06:38.317 29035 29035 I android_hardware_fm.cpp: register_android_hardware_fm_fmradio, ret is 0
10-09 16:06:38.342 29044 29044 I         : power log dlsym ok
10-09 16:06:38.344 29044 29044 I chatty  : uid=10145(com.qihoo.appstore) com.qihoo.daemon expire 17 lines
10-09 16:06:38.358   485  1436 I gralloc : alloc_device_alloc:564: Alloc handle(0x793286b300): interfmt=1, stride=64, size=4096, usage=0x100
10-09 16:06:38.362   485  2293 I gralloc : alloc_device_free:586: Free handle(0x793286b300)
10-09 16:06:38.660 29067 29067 I         : power log dlsym ok
10-09 16:06:38.662 29067 29067 I chatty  : uid=10145(com.qihoo.appstore) expire 44 lines
10-09 16:06:38.674   485   534 I gralloc : alloc_device_alloc:564: Alloc handle(0x793285cc00): interfmt=1, stride=64, size=4096, usage=0x100
10-09 16:06:38.678   485  2293 I gralloc : alloc_device_free:586: Free handle(0x793285cc00)
10-09 16:06:38.945 29067 29091 I chatty  : uid=10145(com.qihoo.appstore) expire 19 lines
10-09 16:06:38.950  1031  2590 I chatty  : uid=1000(system) Binder:1031_E expire 1 line
10-09 16:06:38.965  1031  2591 I chatty  : uid=1000(system) Binder:1031_F expire 4 lines
10-09 16:06:38.966  1031  1951 I chatty  : uid=1000(system) LocationThread expire 6 lines
10-09 16:06:38.972  2452  2471 I NCCHR_NcLogCollectServiceImpl: getUserType = 1
10-09 16:06:38.980  2607  2607 W trace_@_11_1_@: @_11_1_1_@ android.permission.ACCESS_COARSE_LOCATION true 24
10-09 16:06:38.981  2607  2607 W trace_@_11_1_@: @_11_1_1_@ android.permission.ACCESS_FINE_LOCATION true 24
10-09 16:06:38.981  2607  2607 W trace_@_11_1_@: @_11_1_1_@ android.permission.READ_PHONE_STATE true 24
10-09 16:06:38.982  2607  2607 W trace_@_11_1_@: @_11_1_1_@ android.permission.WRITE_EXTERNAL_STORAGE true 24
10-09 16:06:38.982  2607  2607 W trace_@_29_4_@: @_29_4_4_@
10-09 16:06:38.982  2607  2607 W trace_@_29_4_@: @_29_4_4_@package:[com.qihoo.appstore]|reportLocation:true|interval:10000
10-09 16:06:38.984  2607  2607 W trace_@_29_4_@: @_29_4_7_@20000
10-09 16:06:38.984  2607  2607 W trace_@_11_1_@: @_11_1_2_@ [android.permission.ACCESS_COARSE_LOCATION, android.permission.ACCESS_FINE_LOCATION, android.permission.READ_PHONE_STATE, android.permission.WRITE_EXTERNAL_STORAGE] 24
10-09 16:06:38.985  2607  2607 W trace_@_27_3_@: @_27_3_4_@@_27_3_7_@20000
10-09 16:06:38.986  2607  2738 W trace_@_16_1_@: @_16_1_6_@com.amap.location.networklocator.h@296a5db
10-09 16:06:38.986  2607  2738 W trace_@_16_4_@: @_16_4_4_@@_16_4_5_@20000@_16_4_6_@com.amap.location.d.a.b.b.c$b@30f8878@_16_4_7_@false
10-09 16:06:38.986 29044 29044 I chatty  : uid=10145(com.qihoo.appstore) com.qihoo.daemon expire 1 line
10-09 16:06:38.987  2607  2739 W trace_@_16_4_@: @_16_4_10_@20000
10-09 16:06:38.987  2607  2739 W trace_@_16_2_@: @_16_2_3_@0
10-09 16:06:38.987  2607  2739 W trace_@_16_2_@: @_16_2_18_@
10-09 16:06:38.993  2607  2739 W trace_@_16_2_@: @_16_2_12_@
10-09 16:06:39.000  2003  9105 W PhoneInterfaceManager: shouldBlockLocation running ...
10-09 16:06:39.000  2003  9105 I PhoneInterfaceManager: shouldBlockLocation  ret:false
10-09 16:06:39.030  2003  2017 W PhoneInterfaceManager: shouldBlockLocation running ...
10-09 16:06:39.030  2003  2017 I PhoneInterfaceManager: shouldBlockLocation  ret:false
10-09 16:06:39.037  2003  2197 W PhoneInterfaceManager: shouldBlockLocation running ...
10-09 16:06:39.037  2003  2197 I PhoneInterfaceManager: shouldBlockLocation  ret:false
10-09 16:06:39.046 29067 29114 I chatty  : uid=10145(com.qihoo.appstore) expire 2 lines
10-09 16:06:39.047 29067 29120 I chatty  : uid=10145(com.qihoo.appstore) expire 3 lines
10-09 16:06:39.047  2607  2739 W trace_@_16_2_@: @_16_2_20_@
10-09 16:06:39.047  2607  2739 W trace_@_16_3_@: @_16_3_3_@
10-09 16:06:39.047  2607  2739 W trace_@_16_3_@: @_16_3_16_@
10-09 16:06:39.048 29067 29095 I chatty  : uid=10145(com.qihoo.appstore) expire 1 line
10-09 16:06:39.066  2607  2739 W trace_@_19_2_@: @_19_2_1_@http://aps.amap.com/APS/r?ver=4.7&q=0&csid=19cbe7d1-35f3-4a4c-ba50-afd87d375b31
10-09 16:06:39.082 29067 29067 I chatty  : uid=10145(com.qihoo.appstore) expire 14 lines
10-09 16:06:39.102 29067 29112 I System.out: [pm, list, packages]
10-09 16:06:39.102 29067 29112 I System.out: null
10-09 16:06:39.102 29067 29112 I System.out: null
10-09 16:06:39.103 29067 29112 I System.out: Calling by::className:com.qihoo.utils.ba  MethodName:b
10-09 16:06:39.114  2003  2205 W PhoneInterfaceManager: shouldBlockLocation running ...
10-09 16:06:39.118  2003  2205 I PhoneInterfaceManager: shouldBlockLocation  ret:false
10-09 16:06:39.125  2003  2205 W PhoneInterfaceManager: shouldBlockLocation running ...
10-09 16:06:39.130  2003  2205 I PhoneInterfaceManager: shouldBlockLocation  ret:false
10-09 16:06:39.142  2607  2739 W trace_@_16_3_@: @_16_3_10_@
10-09 16:06:39.143  2607  2739 W trace_@_17_1_@: @_17_1_3_@@@_88JR6,,pJ,_@@,lat:@@_6FRFnDLJF_@@,accu:25.0,rettype:-1
10-09 16:06:39.143  2607  2739 W trace_@_17_1_@: @_17_1_4_@@@_LJDW8WL8D,6Wp,8H,Jp#LJDW8WL8D,6Wp,8H,Jp#Y53Z3K3_@@ nearby:@@_p,8,DH,,8FLn,WgO#p,8,DH,,8FLnnWgO#p,8,DH,,8FLn6WgO#p,8,DH,,8FLnLWgO#8pLnpDHJL6,LHppWgO#p,8,DH,,8F8,,WgO#p,8,DH,,8F8,8WgO#p,8,DH,,8F8,pWgO#p,8,DH,,8F8,DWgO#p,8,DH,,8FLpnWgO#p,8,DH,,8FLpHWgO#p,8,DH,,8FLJ8W9YY7zz#p,8,DH,,8FLpJWgO#p,8,DH,,8FJ6nWgO#p,8,DH,,8FJ6,WgO#p,8,DH,,8FJ66WgO#p,8,DH,,8FJ6LWgO#p,8,DH,,8FJ6pWgO#p,8,DH,,8F8DFWgO#p,8,DH,,8F8DLWgO#p,8,DH,,8F8DJWgO#p,8,DH,,8F8DpWgO#Fnp6FpJ6HHL,HDWgO#Fnp6FpnJLJJLHHWgO#Fnp6FpJ6HH6pnJWgO#Fnp6FpJHDnnHHDWgO#Fnp6Fpn,,n,8HLWgO#Fnp6FpnJLJn8F,WgO#Fnp6FpJHDnHpHLWgO#p,8,DH,,,DLJFWgO#p,8,DH,,,DLJJWgO#p,8,DH,,,DLJLWgO#p,8,DH,,,DLJpWgO#p,8,DH,,8FJ,8WgO#p,8,DH,,8FJ8nWgO#p,8,DH,,8FJ8HWgO#p,8,DH,,8FJ8FWgO#p,8,DH,,8FJ8JWgO#p86H,8HLL8,HLHWgO#p,8,DHDJFDnDLWgO#,JLJpJpn,n,pL6,WgO#p,8,DHDJFDnDJWgO#p,8,DH,,,DLp6WgO#p,8,DH,,,DLpDWgO#p,8,DHDJFDnDpWgO#p,8,DHDJJ,J8DWgO#p,8,DHDJJ,J86WgO#p,8,DHDJJ,JDFWgO#p,8,DHDJJ,JDHWgO#p,8,DH,DDDDJLWgO#8,6JL,JL8JLDnJnWgO#p,8,DH,,8FL,LWgO#p,8,DH,DDDDJFWgO#p,8,DH,,,DLLFWgO#686D,JnH6JFDJFWgO#,JLJpJpn,np,DFJWgO#J8JF66LFpF6DLDWgO_@@
10-09 16:06:39.144 29067 29067 W ws001   : NRH lcl.fc: c=com.ak.e.b.d
10-09 16:06:39.144  2607  2739 I @_17_1_@: same acc
10-09 16:06:39.145 29067 29135 W ws001   : NRH lcl.fc: c=com.ak.e.a.e
10-09 16:06:39.145 29067 29136 W ws001   : NRH lcl.fc: c=com.ak.e.a.e
10-09 16:06:39.145 29067 29136 W ws001   : NRH lcl.fc: c=com.ak.f.c
10-09 16:06:39.146  2607  2739 W trace_@_17_1_@: @_17_1_16_@@@_3h1,WjVY9Q3Vg1{"erVu3h7r"1"g7QZVri"W"jVg"188JR6,,pJpW"j9Q"16FRFnDLJHW"9YYwr9YC"1,pW"QCe7"1"X7X"}Wg79rOC1p,8,DH,,8FLn6WgO#p,8,DH,,8FLnLWgO#p,8,DH,,8FLn,WgO#p,8,DH,,8FLnnWgO#p,8,DH,,8FLpJWgO#p,8,DH,,8FLpnWgO#p,8,DH,,8FLJ8W9YY7zz#p,8,DH,,8FLpHWgO#Fnp6FpJHDnnHHDWgO#Fnp6FpJ6HH6pnJWgO#p,8,DH,,8F8,8WgO#p,8,DH,,8F8,,WgO#Fnp6FpnJLJJLHHWgO#p,8,DH,,8F8,DWgO#p,8,DH,,8F8,pWgO#p,8,DH,,8FJ6,WgO#p,8,DH,,8FJ6LWgO#p,8,DH,,8FJ66WgO#p,8,DH,,8FJ6pWgO#p,8,DH,,8FJ6nWgO#Fnp6Fpn,,n,8HLWgO#,JLJpJpnFH,FFJ6WgO#p,8,DH,,,DLJFWgO#p,8,DH,,,DLJpWgO#p,8,DH,,,DLJJWgO#p,8,DH,,,DLJLWgO#p,8,DH,,8F8DJWgO#p,8,DH,,8F8DLWgO#p,8,DHDJJ,JDFWgO#p,8,DHDJJ,J86WgO#p,8,DHDJJ,J8DWgO#p,8,DHDJJ,JDHWgO#p,8,DH,,8FJ8HWgO#p,8,DH,,8FJ8nWgO#p,8,DH,,8F8DpWgO#,JLJpJpn,nn6J6nWgO#p,8,DH,,8FLL8WgO#p,8,DH,,8F8DFWgO#p,8,DH,,8FLLpWgO#p,8,DH,,8FLL,WgO#p,8,DH,,8FLLDWgO#p,8,DH,,8pF,pWgO#p,8,DH,,8pF,8WgO#p,8,DH,,8pF,DWgO#8,6JL,JL8JLDnJnWgO#p,8,DHDJFDnDLWgO#p,8,DHDJJ,pFLWgO#,JLJpJpn,n,pL6,WgO#p,8,DH,,8pF,,WgO#p,8,DHDJFDnDpWgO#p,8,DHDJFDnDJWgO#p,8,DHDJFDnDFWgO#p,8,DH,,,DLp6WgO#p,8,DHDJJ,pF6WgO#p,8,DH,,,DLLHWgO#Fnp6FpJHDnHpHLWgO#p,8,DH,,8FJ8FWgO#Fnp6FpJ6HHL,HDWgO#Fnp6FpnJL6DL,LWgO#p,8,DH,,,DLLFWgO#p,8,DH,,8FJ,8WgO#Fnp6FpJ6HLnp8,WgO#,JLJpJpn,n,LD6HWgO#,JLJpJpn,n6,ppDWgO#J8JF66LFpFD,HHWgO#p,8,DHDJHnLn6WgO#p,8,DHDJHnLnLWgO#p,8,DHDJHnLn,WgO#J8JF66LFpF6DLDWgO#p,8,DHDJJ,pFnWgOWj9zQ.z7hU3X718pDnp6pnFpLnHW3gz7rQU3X718pDnp8pn866Lp_@@
10-09 16:06:39.180  2607  2739 W trace_@_16_4_@: @_16_4_12_@
10-09 16:06:39.184  2452  2469 I NCCHR_NcLogCollectServiceImpl: getUserType = 1
10-09 16:06:39.185  2452 17949 I NCCHR_NcLogCollectServiceImpl: getUserType = 1
10-09 16:06:39.195  1031 15724 I chatty  : uid=1000(system) Binder:1031_1A expire 9 lines
10-09 16:06:39.197  2607  2607 W trace_@_11_1_@: @_11_1_1_@ android.permission.ACCESS_COARSE_LOCATION true 24
10-09 16:06:39.200  2607  2607 W trace_@_11_1_@: @_11_1_1_@ android.permission.ACCESS_FINE_LOCATION true 24
10-09 16:06:39.200  2607  2607 W trace_@_11_1_@: @_11_1_1_@ android.permission.READ_PHONE_STATE true 24
10-09 16:06:39.201  2607  2607 W trace_@_11_1_@: @_11_1_1_@ android.permission.WRITE_EXTERNAL_STORAGE true 24
10-09 16:06:39.201  2607  2607 W trace_@_29_4_@: @_29_4_4_@
10-09 16:06:39.201  2607  2607 W trace_@_29_4_@: @_29_4_4_@package:[android]|reportLocation:true|interval:86400000
10-09 16:06:39.202  2607  2607 W trace_@_29_4_@: @_29_4_7_@86400000
10-09 16:06:39.202  2607  2607 W trace_@_27_3_@: @_27_3_4_@@_27_3_7_@86400000
10-09 16:06:39.203  2607  2738 W trace_@_16_1_@: @_16_1_6_@com.amap.location.networklocator.h@296a5db
10-09 16:06:39.203  2607  2738 W trace_@_16_4_@: @_16_4_4_@@_16_4_5_@86400000@_16_4_6_@com.amap.location.d.a.b.b.c$b@30f8878@_16_4_7_@false
10-09 16:06:39.203 29067 29067 W VRSystemServiceManager: vr service is not alive
10-09 16:06:39.204  2607  2739 W trace_@_16_4_@: @_16_4_10_@86400000
10-09 16:06:39.204  2607  2739 W trace_@_16_2_@: @_16_2_1_@
10-09 16:06:39.221 29067 29117 W System.err: java.lang.InstantiationException: java.lang.Class<com.qihoo.m.a> has no zero argument constructor
10-09 16:06:39.222 29067 29117 W System.err: 	at java.lang.Class.newInstance(Native Method)
10-09 16:06:39.222 29067 29117 W System.err: 	at com.qihoo.sdk.report.common.d.a(AppStore)
10-09 16:06:39.222 29067 29117 W System.err: 	at com.qihoo.sdk.report.b.a$1.run(AppStore)
10-09 16:06:39.222 29067 29117 W System.err: 	at java.util.concurrent.ThreadPoolExecutor.runWorker(ThreadPoolExecutor.java:1133)
10-09 16:06:39.222 29067 29117 W System.err: 	at java.util.concurrent.ThreadPoolExecutor$Worker.run(ThreadPoolExecutor.java:607)
10-09 16:06:39.222 29067 29117 W System.err: 	at java.lang.Thread.run(Thread.java:776)
10-09 16:06:39.237 29067 29147 I fb-UnpackingSoSource: dso store is up-to-date: /data/user/0/com.qihoo.appstore/lib-main
10-09 16:06:39.255 29067 29143 I OpenGLRenderer: Initialized EGL, version 1.4
10-09 16:06:39.259 29067 29143 W linker  : /vendor/lib/libhwuibp.so: unused DT entry: type 0xf arg 0xeb5
10-09 16:06:39.261   485   534 E BufferQueueProducer: [] connect: already connected (cur=1 req=1)
10-09 16:06:39.262   485  1436 I gralloc : alloc_device_alloc:564: Alloc handle(0x793286bc00): interfmt=1, stride=192, size=110592, usage=0xb00
10-09 16:06:39.262   485  1436 I gralloc : alloc_device_alloc:564: Alloc handle(0x793280fa00): interfmt=1, stride=192, size=110592, usage=0xb00
10-09 16:06:39.263   485  1436 I gralloc : alloc_device_alloc:564: Alloc handle(0x793285c500): interfmt=1, stride=192, size=110592, usage=0xb00
10-09 16:06:39.278 29067 29143 E OpenGLRenderer: allen debug liyu Key: 1
10-09 16:06:39.345 29130 29130 I XmlParser: startElement itemName:resource user:886984744
10-09 16:06:39.345 29130 29130 I XmlParser: startElement itemName:group user:886984744
10-09 16:06:39.345 29130 29130 I XmlParser: startElement itemName:id user:886984744
10-09 16:06:39.345 29130 29130 I XmlParser: endElement itemName:id user:886984744
10-09 16:06:39.345 29130 29130 I XmlParser: startElement itemName:name user:886984744
10-09 16:06:39.345 29130 29130 I XmlParser: endElement itemName:name user:886984744
10-09 16:06:39.345 29130 29130 I XmlParser: startElement itemName:define user:886984744
10-09 16:06:39.345 29130 29130 I XmlParser: endElement itemName:define user:886984744
10-09 16:06:39.345 29130 29130 I XmlParser: startElement itemName:description user:886984744
10-09 16:06:39.345 29130 29130 I XmlParser: endElement itemName:description user:886984744
10-09 16:06:39.345 29130 29130 I XmlParser: endElement itemName:group user:886984744
10-09 16:06:39.345 29130 29130 I XmlParser: startElement itemName:group user:886984744
10-09 16:06:39.345 29130 29130 I XmlParser: startElement itemName:id user:886984744
10-09 16:06:39.345 29130 29130 I XmlParser: endElement itemName:id user:886984744
10-09 16:06:39.345 29130 29130 I XmlParser: startElement itemName:name user:886984744
10-09 16:06:39.345 29130 29130 I XmlParser: endElement itemName:name user:886984744
10-09 16:06:39.345 29130 29130 I XmlParser: startElement itemName:define user:886984744
10-09 16:06:39.345 29130 29130 E XmlParser: startElement mResult:1024
10-09 16:06:39.345 29130 29130 I XmlParser: endElement itemName:define user:886984744
10-09 16:06:39.345 29130 29130 I XmlParser: startElement itemName:description user:886984744
10-09 16:06:39.345 29130 29130 I XmlParser: endElement itemName:description user:886984744
10-09 16:06:39.345 29130 29130 I XmlParser: endElement itemName:group user:886984744
10-09 16:06:39.345 29130 29130 I XmlParser: startElement itemName:group user:886984744
10-09 16:06:39.345 29130 29130 I XmlParser: startElement itemName:id user:886984744
10-09 16:06:39.345 29130 29130 I XmlParser: endElement itemName:id user:886984744
10-09 16:06:39.345 29130 29130 I XmlParser: startElement itemName:name user:886984744
10-09 16:06:39.345 29130 29130 I XmlParser: endElement itemName:name user:886984744
10-09 16:06:39.345 29130 29130 I XmlParser: startElement itemName:define user:886984744
10-09 16:06:39.346 29130 29130 I XmlParser: endElement itemName:define user:886984744
10-09 16:06:39.346 29130 29130 I XmlParser: startElement itemName:description user:886984744
10-09 16:06:39.346 29130 29130 I XmlParser: endElement itemName:description user:886984744
10-09 16:06:39.346 29130 29130 I XmlParser: endElement itemName:group user:886984744
10-09 16:06:39.346 29130 29130 I XmlParser: startElement itemName:group user:886984744
10-09 16:06:39.346 29130 29130 I XmlParser: startElement itemName:id user:886984744
10-09 16:06:39.346 29130 29130 I XmlParser: endElement itemName:id user:886984744
10-09 16:06:39.346 29130 29130 I XmlParser: startElement itemName:name user:886984744
10-09 16:06:39.346 29130 29130 I XmlParser: endElement itemName:name user:886984744
10-09 16:06:39.346 29130 29130 I XmlParser: startElement itemName:define user:886984744
10-09 16:06:39.346 29130 29130 I XmlParser: endElement itemName:define user:886984744
10-09 16:06:39.346 29130 29130 I XmlParser: startElement itemName:description user:886984744
10-09 16:06:39.346 29130 29130 I XmlParser: endElement itemName:description user:886984744
10-09 16:06:39.346 29130 29130 I XmlParser: endElement itemName:group user:886984744
10-09 16:06:39.346 29130 29130 I XmlParser: endElement itemName:resource user:886984744
10-09 16:06:39.346 29130 29130 I XmlParser: startElement itemName:resource user:0
10-09 16:06:39.346 29130 29130 I XmlParser: startElement itemName:group user:0
10-09 16:06:39.346 29130 29130 I XmlParser: startElement itemName:id user:0
10-09 16:06:39.346 29130 29130 I XmlParser: endElement itemName:id user:0
10-09 16:06:39.346 29130 29130 I XmlParser: startElement itemName:name user:0
10-09 16:06:39.346 29130 29130 I XmlParser: endElement itemName:name user:0
10-09 16:06:39.346 29130 29130 I XmlParser: startElement itemName:define user:0
10-09 16:06:39.346 29130 29130 E XmlParser: startElement mResult:2097152
10-09 16:06:39.346 29130 29130 I XmlParser: endElement itemName:define user:0
10-09 16:06:39.346 29130 29130 I XmlParser: startElement itemName:description user:0
10-09 16:06:39.346 29130 29130 I XmlParser: endElement itemName:description user:0
10-09 16:06:39.346 29130 29130 I XmlParser: endElement itemName:group user:0
10-09 16:06:39.346 29130 29130 I XmlParser: startElement itemName:group user:0
10-09 16:06:39.346 29130 29130 I XmlParser: startElement itemName:id user:0
10-09 16:06:39.346 29130 29130 I XmlParser: endElement itemName:id user:0
10-09 16:06:39.346 29130 29130 I XmlParser: startElement itemName:name user:0
10-09 16:06:39.346 29130 29130 I XmlParser: endElement itemName:name user:0
10-09 16:06:39.346 29130 29130 I XmlParser: startElement itemName:define user:0
10-09 16:06:39.346 29130 29130 I XmlParser: endElement itemName:define user:0
10-09 16:06:39.346 29130 29130 I XmlParser: startElement itemName:description user:0
10-09 16:06:39.346 29130 29130 I XmlParser: endElement itemName:description user:0
10-09 16:06:39.346 29130 29130 I XmlParser: endElement itemName:group user:0
10-09 16:06:39.346 29130 29130 I XmlParser: startElement itemName:group user:0
10-09 16:06:39.346 29130 29130 I XmlParser: startElement itemName:id user:0
10-09 16:06:39.346 29130 29130 I XmlParser: endElement itemName:id user:0
10-09 16:06:39.346 29130 29130 I XmlParser: startElement itemName:name user:0
10-09 16:06:39.346 29130 29130 I XmlParser: endElement itemName:name user:0
10-09 16:06:39.346 29130 29130 I XmlParser: startElement itemName:define user:0
10-09 16:06:39.346 29130 29130 I XmlParser: endElement itemName:define user:0
10-09 16:06:39.346 29130 29130 I XmlParser: startElement itemName:description user:0
10-09 16:06:39.346 29130 29130 I XmlParser: endElement itemName:description user:0
10-09 16:06:39.346 29130 29130 I XmlParser: endElement itemName:group user:0
10-09 16:06:39.346 29130 29130 I XmlParser: startElement itemName:group user:0
10-09 16:06:39.346 29130 29130 I XmlParser: startElement itemName:id user:0
10-09 16:06:39.346 29130 29130 I XmlParser: endElement itemName:id user:0
10-09 16:06:39.346 29130 29130 I XmlParser: startElement itemName:name user:0
10-09 16:06:39.346 29130 29130 I XmlParser: endElement itemName:name user:0
10-09 16:06:39.346 29130 29130 I XmlParser: startElement itemName:define user:0
10-09 16:06:39.346 29130 29130 I XmlParser: endElement itemName:define user:0
10-09 16:06:39.346 29130 29130 I XmlParser: startElement itemName:description user:0
10-09 16:06:39.346 29130 29130 I XmlParser: endElement itemName:description user:0
10-09 16:06:39.346 29130 29130 I XmlParser: endElement itemName:group user:0
10-09 16:06:39.346 29130 29130 I XmlParser: endElement itemName:resource user:0
10-09 16:06:39.346 29130 29130 I libEGL  : egl_cache_t() maxKeySize:1024  maxTotalSize:2097152
10-09 16:06:39.350 29130 29130 I appproc : CLASSPATH=/system/framework/pm.jar
10-09 16:06:39.350 29130 29130 I appproc : Command=app_process /system/bin com.android.commands.pm.Pm list packages 
10-09 16:06:39.351 29130 29130 I AndroidRuntime: readDownloadBoosterConfig: 'false'
10-09 16:06:39.387 29130 29130 I art     : Reinit property: dalvik.vm.checkjni= false
10-09 16:06:39.396 29130 29130 I HWSERVICES: hwnative_get_component_register:libdrmbitmap,JNI
10-09 16:06:39.399 29130 29130 I Radio-JNI: register_android_hardware_Radio DONE
10-09 16:06:39.400 29130 29130 I android_hardware_fm.cpp: register_android_hardware_fm_fmradio
10-09 16:06:39.401 29130 29130 I android_hardware_fm.cpp: ========64bit long size = 8
10-09 16:06:39.401 29130 29130 I android_hardware_fm.cpp: FM: get chip type = bcm43xx
10-09 16:06:39.401 29130 29130 E fm_if.c : find the id:fm and begins to open the devices
10-09 16:06:39.401 29130 29130 I android_hardware_fm.cpp: register_android_hardware_fm_fmradio, ret is 0
10-09 16:06:39.432 29130 29130 I art     : System.exit called, status: 0
10-09 16:06:39.432 29130 29130 I AndroidRuntime: VM exiting with result code 0.
10-09 16:06:39.433 29130 29169 W MessageQueue: Handler (android.os.Handler) {7ed94bb} sending message to a Handler on a dead thread
10-09 16:06:39.433 29130 29169 W MessageQueue: java.lang.IllegalStateException: Handler (android.os.Handler) {7ed94bb} sending message to a Handler on a dead thread
10-09 16:06:39.433 29130 29169 W MessageQueue: 	at android.os.MessageQueue.enqueueMessage(MessageQueue.java:616)
10-09 16:06:39.433 29130 29169 W MessageQueue: 	at android.os.Handler.enqueueMessage(Handler.java:653)
10-09 16:06:39.433 29130 29169 W MessageQueue: 	at android.os.Handler.sendMessageAtTime(Handler.java:622)
10-09 16:06:39.433 29130 29169 W MessageQueue: 	at android.os.Handler.sendMessageDelayed(Handler.java:592)
10-09 16:06:39.433 29130 29169 W MessageQueue: 	at android.os.Handler.post(Handler.java:345)
10-09 16:06:39.433 29130 29169 W MessageQueue: 	at android.os.ResultReceiver$MyResultReceiver.send(ResultReceiver.java:57)
10-09 16:06:39.433 29130 29169 W MessageQueue: 	at com.android.internal.os.IResultReceiver$Stub.onTransact(IResultReceiver.java:58)
10-09 16:06:39.433 29130 29169 W MessageQueue: 	at android.os.Binder.execTransact(Binder.java:565)
10-09 16:06:39.536  1031  1031 I chatty  : uid=1000 system_server expire 42 lines
10-09 16:06:40.623 29067 29067 W ws001   : NRH lcl.fc: c=android.widget.NotificationHeaderView
10-09 16:06:40.625 29067 29067 W ws001   : NRH lcl.fc: c=android.webkit.NotificationHeaderView
10-09 16:06:40.627 29067 29067 W ws001   : NRH lcl.fc: c=android.app.NotificationHeaderView
10-09 16:06:40.772 29067 29067 W System.err: java.lang.NoSuchMethodException: registerScreenActionReceiver [class android.content.Context]
10-09 16:06:40.772 29067 29067 W System.err: 	at java.lang.Class.getMethod(Class.java:1981)
10-09 16:06:40.772 29067 29067 W System.err: 	at java.lang.Class.getDeclaredMethod(Class.java:1960)
10-09 16:06:40.772 29067 29067 W System.err: 	at com.stub.plugin.Stub02.onStartCommand(Native Method)
10-09 16:06:40.772 29067 29067 W System.err: 	at android.app.ActivityThread.handleServiceArgs(ActivityThread.java:3476)
10-09 16:06:40.772 29067 29067 W System.err: 	at android.app.ActivityThread.-wrap23(ActivityThread.java)
10-09 16:06:40.772 29067 29067 W System.err: 	at android.app.ActivityThread$H.handleMessage(ActivityThread.java:1674)
10-09 16:06:40.772 29067 29067 W System.err: 	at android.os.Handler.dispatchMessage(Handler.java:105)
10-09 16:06:40.772 29067 29067 W System.err: 	at android.os.Looper.loop(Looper.java:156)
10-09 16:06:40.772 29067 29067 W System.err: 	at android.app.ActivityThread.main(ActivityThread.java:6523)
10-09 16:06:40.772 29067 29067 W System.err: 	at java.lang.reflect.Method.invoke(Native Method)
10-09 16:06:40.772 29067 29067 W System.err: 	at com.android.internal.os.ZygoteInit$MethodAndArgsCaller.run(ZygoteInit.java:941)
10-09 16:06:40.772 29067 29067 W System.err: 	at com.android.internal.os.ZygoteInit.main(ZygoteInit.java:831)
10-09 16:06:40.859 29044 29044 W ContextImpl: Implicit intents with startService are not safe: Intent { act=com.qihoo.appstore.ACTION_EVENT_STAT (has extras) } android.content.ContextWrapper.startService:613 com.qihoo.core.CoreService.a:-1 com.qihoo.core.CoreService.onStartCommand:-1 
10-09 16:06:40.867 29067 29117 W System.err: java.lang.InstantiationException: java.lang.Class<com.qihoo.m.a> has no zero argument constructor
10-09 16:06:40.867 29067 29117 W System.err: 	at java.lang.Class.newInstance(Native Method)
10-09 16:06:40.867 29067 29117 W System.err: 	at com.qihoo.sdk.report.common.d.a(AppStore)
10-09 16:06:40.867 29067 29117 W System.err: 	at com.qihoo.sdk.report.b.a$1.run(AppStore)
10-09 16:06:40.867 29067 29117 W System.err: 	at java.util.concurrent.ThreadPoolExecutor.runWorker(ThreadPoolExecutor.java:1133)
10-09 16:06:40.867 29067 29117 W System.err: 	at java.util.concurrent.ThreadPoolExecutor$Worker.run(ThreadPoolExecutor.java:607)
10-09 16:06:40.867 29067 29117 W System.err: 	at java.lang.Thread.run(Thread.java:776)
10-09 16:06:40.880  1645  1645 W HwPhoneLayoutInflater: onCreateView : ClassNotFoundException, In this case we want to let the base class take a crack at it
10-09 16:06:40.880  1645  1645 W HwPhoneLayoutInflater: onCreateView : ClassNotFoundException, In this case we want to let the base class take a crack at it
10-09 16:06:40.890  1645  1645 W HwPhoneLayoutInflater: onCreateView : ClassNotFoundException, In this case we want to let the base class take a crack at it
10-09 16:06:40.891  1645  1645 W HwPhoneLayoutInflater: onCreateView : ClassNotFoundException, In this case we want to let the base class take a crack at it
10-09 16:06:40.907  1645  1645 W HwPhoneLayoutInflater: onCreateView : ClassNotFoundException, In this case we want to let the base class take a crack at it
10-09 16:06:40.908  1645  1645 W HwPhoneLayoutInflater: onCreateView : ClassNotFoundException, In this case we want to let the base class take a crack at it
10-09 16:06:40.908  1031  8543 I chatty  : uid=1000(system) Binder:1031_13 expire 3 lines
10-09 16:06:40.916  1645  1645 W HwPhoneLayoutInflater: onCreateView : ClassNotFoundException, In this case we want to let the base class take a crack at it
10-09 16:06:40.917  1645  1645 W HwPhoneLayoutInflater: onCreateView : ClassNotFoundException, In this case we want to let the base class take a crack at it
10-09 16:06:40.923  1645  1645 W AppHandler: sendMessage 4
10-09 16:06:40.939  1645  1645 W HwKeyguardDragHelper: AnimationBlocked
10-09 16:06:40.939  1645  1645 W PanelView: set notification panel padding = 2552
10-09 16:06:40.940  1645  1645 W HwLockScreenPanel: Handle message: 4
10-09 16:06:40.944  1031 17845 I chatty  : uid=1000(system) Binder:1031_1B expire 1 line
10-09 16:06:40.955  1645  1645 W HwPhoneLayoutInflater: onCreateView : ClassNotFoundException, In this case we want to let the base class take a crack at it
10-09 16:06:40.955  1645  1645 W HwPhoneLayoutInflater: onCreateView : ClassNotFoundException, In this case we want to let the base class take a crack at it
10-09 16:06:40.957  1645  1645 W HwPhoneLayoutInflater: onCreateView : ClassNotFoundException, In this case we want to let the base class take a crack at it
10-09 16:06:40.957  1645  1645 W HwPhoneLayoutInflater: onCreateView : ClassNotFoundException, In this case we want to let the base class take a crack at it
10-09 16:06:40.959  1031  2592 I chatty  : uid=1000(system) Binder:1031_10 expire 1 line
10-09 16:06:40.962  1645  1645 W AppHandler: sendMessage 4
10-09 16:06:40.966  1645  1645 W AppHandler: sendMessage 4
10-09 16:06:40.970  1645  1645 W AppHandler: sendMessage 4
10-09 16:06:40.978  1645  1645 W HwKeyguardDragHelper: AnimationBlocked
10-09 16:06:40.978  1645  1645 W PanelView: set notification panel padding = 2552
10-09 16:06:40.978  1645  1645 W HwLockScreenPanel: Handle message: 4
10-09 16:06:40.978  1645  1645 W HwLockScreenPanel: Handle message: 4
10-09 16:06:40.979  1645  1645 W HwLockScreenPanel: Handle message: 4
10-09 16:06:40.985  1645  1645 W HwPhoneLayoutInflater: onCreateView : ClassNotFoundException, In this case we want to let the base class take a crack at it
10-09 16:06:40.985  1645  1645 W HwPhoneLayoutInflater: onCreateView : ClassNotFoundException, In this case we want to let the base class take a crack at it
10-09 16:06:40.989  1645  1645 W HwPhoneLayoutInflater: onCreateView : ClassNotFoundException, In this case we want to let the base class take a crack at it
10-09 16:06:40.989  1645  1645 W HwPhoneLayoutInflater: onCreateView : ClassNotFoundException, In this case we want to let the base class take a crack at it
10-09 16:06:40.995  1645  1645 W HwPhoneLayoutInflater: onCreateView : ClassNotFoundException, In this case we want to let the base class take a crack at it
10-09 16:06:40.995  1645  1645 W HwPhoneLayoutInflater: onCreateView : ClassNotFoundException, In this case we want to let the base class take a crack at it
10-09 16:06:40.999  1645  1645 W HwPhoneLayoutInflater: onCreateView : ClassNotFoundException, In this case we want to let the base class take a crack at it
10-09 16:06:40.999  1645  1645 W HwPhoneLayoutInflater: onCreateView : ClassNotFoundException, In this case we want to let the base class take a crack at it
10-09 16:06:41.005  1645  1645 W AppHandler: sendMessage 4
10-09 16:06:41.006  1645  1645 W AppHandler: sendMessage 4
10-09 16:06:41.022  1645  1645 W HwKeyguardDragHelper: AnimationBlocked
10-09 16:06:41.022  1645  1645 W PanelView: set notification panel padding = 2552
10-09 16:06:41.022  1645  1645 W HwLockScreenPanel: Handle message: 4
10-09 16:06:41.022  1645  1645 W HwLockScreenPanel: Handle message: 4
10-09 16:06:41.113  1031  1042 I chatty  : uid=1000(system) HeapTaskDaemon expire 2 lines
10-09 16:06:42.038 29067 29067 I SendBroadcastPermission: action:com.qihoo.appstore.APPWATCHER_CHANGE_TIME, mPermissionType:0
10-09 16:06:42.078 29044 29044 I RePlugin.ws001: loadLocked(): Ready to lock! logtag = try1; pn = freewifi
10-09 16:06:42.123 29044 29044 I dex     : load /data/user/0/com.qihoo.appstore/app_p_a/1680996587.jar ...
10-09 16:06:42.132 29044 29044 W System  : ClassLoader referenced unknown path: /data/user/0/com.qihoo.appstore/app_p_n/1680996587
10-09 16:06:42.133 29044 29044 I dex     : load /data/user/0/com.qihoo.appstore/app_p_a/1680996587.jar = com.qihoo360.e.b$b[DexPathList[[zip file "/data/user/0/com.qihoo.appstore/app_p_a/1680996587.jar"],nativeLibraryDirectories=[/data/user/0/com.qihoo.appstore/app_p_n/1680996587, /system/lib, /vendor/lib, /system/vendor/lib, /product/lib]]]
10-09 16:06:42.134 29044 29044 I RePlugin.PluginManagerClient: updateUsedIfNeeded: pi.isUsed == used, ignore. used=true; pn=freewifi
10-09 16:06:42.236 29044 29044 I RePlugin.ws001: load /data/user/0/com.qihoo.appstore/app_p_a/1680996587.jar 57291709 c=3 rc=true delta=158
10-09 16:06:42.237 29044 29044 I RePlugin.ws001: loadLocked(): Unlock! logtag = try1; pn = freewifi
10-09 16:06:42.365 29044 29044 E SQLiteLog: (1) 
10-09 16:06:42.705   504   504 E Thermal-daemon: [ap] temp_new :34  temp_old :31
10-09 16:06:42.705   504   504 E Thermal-daemon: Report temperature: [ap] temp :34  report_threshold:1
10-09 16:06:43.438 29044 29099 E CoreDaemonUtils: getLibDir/data/app/com.qihoo.appstore-1/lib/arm
10-09 16:06:43.458 29238 29238 E linker  : normalize_path - invalid input: "", the input path should be absolute
10-09 16:06:43.458 29238 29238 W linker  : Warning: unable to normalize ""
10-09 16:06:43.571  1645  1645 W AppHandler: sendMessage 4
10-09 16:06:43.588  1645  1645 W HwKeyguardDragHelper: AnimationBlocked
10-09 16:06:43.588  1645  1645 W PanelView: set notification panel padding = 2552
10-09 16:06:43.589  1645  1645 W HwLockScreenPanel: Handle message: 4
10-09 16:06:43.593 29044 29099 I System.out: [ps]
10-09 16:06:43.597 29044 29099 I System.out: null
10-09 16:06:43.597 29044 29099 I System.out: null
10-09 16:06:43.597 29044 29099 I System.out: Calling by::className:cn.hiroz.uninstallfeedback.FeedbackUtils  MethodName:countProcess
10-09 16:06:43.605  1645  1645 W AppHandler: sendMessage 4
10-09 16:06:43.622  1645  1645 W HwKeyguardDragHelper: AnimationBlocked
10-09 16:06:43.622  1645  1645 W PanelView: set notification panel padding = 2552
10-09 16:06:43.623  1645  1645 W HwLockScreenPanel: Handle message: 4
10-09 16:06:43.654  1645  1645 W AppHandler: sendMessage 4
10-09 16:06:43.670  1645  1645 W HwKeyguardDragHelper: AnimationBlocked
10-09 16:06:43.671  1645  1645 W PanelView: set notification panel padding = 2552
10-09 16:06:43.671  1645  1645 W HwLockScreenPanel: Handle message: 4
10-09 16:06:43.680  1645  1645 W AppHandler: sendMessage 4
10-09 16:06:43.697  1645  1645 W HwKeyguardDragHelper: AnimationBlocked
10-09 16:06:43.697  1645  1645 W PanelView: set notification panel padding = 2552
10-09 16:06:43.698  1645  1645 W HwLockScreenPanel: Handle message: 4
10-09 16:06:43.707 29044 29099 E DaemonThread: countProcess => 0
10-09 16:06:43.715   518   542 W AwareLog:defragd: delay_us exceeds max timeout: 19909760 us
10-09 16:06:43.723 29234 29234 I XmlParser: startElement itemName:resource user:1533071400
10-09 16:06:43.723 29234 29234 I XmlParser: startElement itemName:group user:1533071400
10-09 16:06:43.723 29234 29234 I XmlParser: startElement itemName:id user:1533071400
10-09 16:06:43.723 29234 29234 I XmlParser: endElement itemName:id user:1533071400
10-09 16:06:43.723 29234 29234 I XmlParser: startElement itemName:name user:1533071400
10-09 16:06:43.723 29234 29234 I XmlParser: endElement itemName:name user:1533071400
10-09 16:06:43.723 29234 29234 I XmlParser: startElement itemName:define user:1533071400
10-09 16:06:43.723 29234 29234 I XmlParser: endElement itemName:define user:1533071400
10-09 16:06:43.723 29234 29234 I XmlParser: startElement itemName:description user:1533071400
10-09 16:06:43.723 29234 29234 I XmlParser: endElement itemName:description user:1533071400
10-09 16:06:43.723 29234 29234 I XmlParser: endElement itemName:group user:1533071400
10-09 16:06:43.723 29234 29234 I XmlParser: startElement itemName:group user:1533071400
10-09 16:06:43.723 29234 29234 I XmlParser: startElement itemName:id user:1533071400
10-09 16:06:43.723 29234 29234 I XmlParser: endElement itemName:id user:1533071400
10-09 16:06:43.723 29234 29234 I XmlParser: startElement itemName:name user:1533071400
10-09 16:06:43.723 29234 29234 I XmlParser: endElement itemName:name user:1533071400
10-09 16:06:43.723 29234 29234 I XmlParser: startElement itemName:define user:1533071400
10-09 16:06:43.723 29234 29234 E XmlParser: startElement mResult:1024
10-09 16:06:43.723 29234 29234 I XmlParser: endElement itemName:define user:1533071400
10-09 16:06:43.723 29234 29234 I XmlParser: startElement itemName:description user:1533071400
10-09 16:06:43.723 29234 29234 I XmlParser: endElement itemName:description user:1533071400
10-09 16:06:43.723 29234 29234 I XmlParser: endElement itemName:group user:1533071400
10-09 16:06:43.723 29234 29234 I XmlParser: startElement itemName:group user:1533071400
10-09 16:06:43.723 29234 29234 I XmlParser: startElement itemName:id user:1533071400
10-09 16:06:43.723 29234 29234 I XmlParser: endElement itemName:id user:1533071400
10-09 16:06:43.723 29234 29234 I XmlParser: startElement itemName:name user:1533071400
10-09 16:06:43.723 29234 29234 I XmlParser: endElement itemName:name user:1533071400
10-09 16:06:43.723 29234 29234 I XmlParser: startElement itemName:define user:1533071400
10-09 16:06:43.723 29234 29234 I XmlParser: endElement itemName:define user:1533071400
10-09 16:06:43.723 29234 29234 I XmlParser: startElement itemName:description user:1533071400
10-09 16:06:43.723 29234 29234 I XmlParser: endElement itemName:description user:1533071400
10-09 16:06:43.723 29234 29234 I XmlParser: endElement itemName:group user:1533071400
10-09 16:06:43.723 29234 29234 I XmlParser: startElement itemName:group user:1533071400
10-09 16:06:43.723 29234 29234 I XmlParser: startElement itemName:id user:1533071400
10-09 16:06:43.723 29234 29234 I XmlParser: endElement itemName:id user:1533071400
10-09 16:06:43.723 29234 29234 I XmlParser: startElement itemName:name user:1533071400
10-09 16:06:43.723 29234 29234 I XmlParser: endElement itemName:name user:1533071400
10-09 16:06:43.723 29234 29234 I XmlParser: startElement itemName:define user:1533071400
10-09 16:06:43.723 29234 29234 I XmlParser: endElement itemName:define user:1533071400
10-09 16:06:43.723 29234 29234 I XmlParser: startElement itemName:description user:1533071400
10-09 16:06:43.723 29234 29234 I XmlParser: endElement itemName:description user:1533071400
10-09 16:06:43.723 29234 29234 I XmlParser: endElement itemName:group user:1533071400
10-09 16:06:43.723 29234 29234 I XmlParser: endElement itemName:resource user:1533071400
10-09 16:06:43.723 29234 29234 I XmlParser: startElement itemName:resource user:0
10-09 16:06:43.723 29234 29234 I XmlParser: startElement itemName:group user:0
10-09 16:06:43.723 29234 29234 I XmlParser: startElement itemName:id user:0
10-09 16:06:43.723 29234 29234 I XmlParser: endElement itemName:id user:0
10-09 16:06:43.723 29234 29234 I XmlParser: startElement itemName:name user:0
10-09 16:06:43.723 29234 29234 I XmlParser: endElement itemName:name user:0
10-09 16:06:43.723 29234 29234 I XmlParser: startElement itemName:define user:0
10-09 16:06:43.723 29234 29234 E XmlParser: startElement mResult:2097152
10-09 16:06:43.723 29234 29234 I XmlParser: endElement itemName:define user:0
10-09 16:06:43.723 29234 29234 I XmlParser: startElement itemName:description user:0
10-09 16:06:43.723 29234 29234 I XmlParser: endElement itemName:description user:0
10-09 16:06:43.723 29234 29234 I XmlParser: endElement itemName:group user:0
10-09 16:06:43.723 29234 29234 I XmlParser: startElement itemName:group user:0
10-09 16:06:43.723 29234 29234 I XmlParser: startElement itemName:id user:0
10-09 16:06:43.723 29234 29234 I XmlParser: endElement itemName:id user:0
10-09 16:06:43.723 29234 29234 I XmlParser: startElement itemName:name user:0
10-09 16:06:43.723 29234 29234 I XmlParser: endElement itemName:name user:0
10-09 16:06:43.723 29234 29234 I XmlParser: startElement itemName:define user:0
10-09 16:06:43.723 29234 29234 I XmlParser: endElement itemName:define user:0
10-09 16:06:43.723 29234 29234 I XmlParser: startElement itemName:description user:0
10-09 16:06:43.723 29234 29234 I XmlParser: endElement itemName:description user:0
10-09 16:06:43.723 29234 29234 I XmlParser: endElement itemName:group user:0
10-09 16:06:43.723 29234 29234 I XmlParser: startElement itemName:group user:0
10-09 16:06:43.723 29234 29234 I XmlParser: startElement itemName:id user:0
10-09 16:06:43.723 29234 29234 I XmlParser: endElement itemName:id user:0
10-09 16:06:43.723 29234 29234 I XmlParser: startElement itemName:name user:0
10-09 16:06:43.723 29234 29234 I XmlParser: endElement itemName:name user:0
10-09 16:06:43.723 29234 29234 I XmlParser: startElement itemName:define user:0
10-09 16:06:43.723 29234 29234 I XmlParser: endElement itemName:define user:0
10-09 16:06:43.723 29234 29234 I XmlParser: startElement itemName:description user:0
10-09 16:06:43.723 29234 29234 I XmlParser: endElement itemName:description user:0
10-09 16:06:43.723 29234 29234 I XmlParser: endElement itemName:group user:0
10-09 16:06:43.723 29234 29234 I XmlParser: startElement itemName:group user:0
10-09 16:06:43.723 29234 29234 I XmlParser: startElement itemName:id user:0
10-09 16:06:43.723 29234 29234 I XmlParser: endElement itemName:id user:0
10-09 16:06:43.723 29234 29234 I XmlParser: startElement itemName:name user:0
10-09 16:06:43.723 29234 29234 I XmlParser: endElement itemName:name user:0
10-09 16:06:43.723 29234 29234 I XmlParser: startElement itemName:define user:0
10-09 16:06:43.723 29234 29234 I XmlParser: endElement itemName:define user:0
10-09 16:06:43.723 29234 29234 I XmlParser: startElement itemName:description user:0
10-09 16:06:43.723 29234 29234 I XmlParser: endElement itemName:description user:0
10-09 16:06:43.723 29234 29234 I XmlParser: endElement itemName:group user:0
10-09 16:06:43.723 29234 29234 I XmlParser: endElement itemName:resource user:0
10-09 16:06:43.723 29234 29234 I libEGL  : egl_cache_t() maxKeySize:1024  maxTotalSize:2097152
10-09 16:06:43.729 29234 29234 I appproc : CLASSPATH=/system/framework/content.jar
10-09 16:06:43.729 29234 29234 I appproc : Command=app_process /system/bin com.android.commands.content.Content call --uri content://settings/secure --method GET_secure --arg enabled_notification_listeners 
10-09 16:06:43.731 29234 29234 I AndroidRuntime: readDownloadBoosterConfig: 'false'
10-09 16:06:43.766 29234 29234 I art     : Reinit property: dalvik.vm.checkjni= false
10-09 16:06:43.772 29044 29052 E StrictMode: A resource was acquired at attached stack trace but never released. See java.io.Closeable for information on avoiding resource leaks.
10-09 16:06:43.772 29044 29052 E StrictMode: java.lang.Throwable: Explicit termination method 'close' not called
10-09 16:06:43.772 29044 29052 E StrictMode: 	at dalvik.system.CloseGuard.open(CloseGuard.java:180)
10-09 16:06:43.772 29044 29052 E StrictMode: 	at java.net.AbstractPlainSocketImpl.create(AbstractPlainSocketImpl.java:103)
10-09 16:06:43.772 29044 29052 E StrictMode: 	at java.net.Socket.createImpl(Socket.java:454)
10-09 16:06:43.772 29044 29052 E StrictMode: 	at java.net.Socket.connect(Socket.java:590)
10-09 16:06:43.772 29044 29052 E StrictMode: 	at org.apache.http.conn.scheme.PlainSocketFactory.connectSocket(PlainSocketFactory.java:124)
10-09 16:06:43.772 29044 29052 E StrictMode: 	at org.apache.http.impl.conn.DefaultClientConnectionOperator.openConnection(DefaultClientConnectionOperator.java:151)
10-09 16:06:43.772 29044 29052 E StrictMode: 	at org.apache.http.impl.conn.AbstractPoolEntry.open(AbstractPoolEntry.java:169)
10-09 16:06:43.772 29044 29052 E StrictMode: 	at org.apache.http.impl.conn.AbstractPooledConnAdapter.open(AbstractPooledConnAdapter.java:124)
10-09 16:06:43.772 29044 29052 E StrictMode: 	at org.apache.http.impl.client.DefaultRequestDirector.execute(DefaultRequestDirector.java:366)
10-09 16:06:43.772 29044 29052 E StrictMode: 	at org.apache.http.impl.client.AbstractHttpClient.execute(AbstractHttpClient.java:596)
10-09 16:06:43.772 29044 29052 E StrictMode: 	at org.apache.http.impl.client.AbstractHttpClient.execute(AbstractHttpClient.java:517)
10-09 16:06:43.772 29044 29052 E StrictMode: 	at org.apache.http.impl.client.AbstractHttpClient.execute(AbstractHttpClient.java:495)
10-09 16:06:43.772 29044 29052 E StrictMode: 	at com.qihoo.freewifi.plugin.nb.NBNetCheck.checkNetStatus(freewifi:164)
10-09 16:06:43.772 29044 29052 E StrictMode: 	at freewifi.bq$a.a(freewifi:88)
10-09 16:06:43.772 29044 29052 E StrictMode: 	at freewifi.bq$a.doInBackground(freewifi:83)
10-09 16:06:43.772 29044 29052 E StrictMode: 	at android.os.AsyncTask$2.call(AsyncTask.java:316)
10-09 16:06:43.772 29044 29052 E StrictMode: 	at java.util.concurrent.FutureTask.run(FutureTask.java:237)
10-09 16:06:43.772 29044 29052 E StrictMode: 	at java.util.concurrent.ThreadPoolExecutor.runWorker(ThreadPoolExecutor.java:1133)
10-09 16:06:43.772 29044 29052 E StrictMode: 	at java.util.concurrent.ThreadPoolExecutor$Worker.run(ThreadPoolExecutor.java:607)
10-09 16:06:43.772 29044 29052 E StrictMode: 	at java.lang.Thread.run(Thread.java:776)
10-09 16:06:43.775 29234 29234 I HWSERVICES: hwnative_get_component_register:libdrmbitmap,JNI
10-09 16:06:43.777 29234 29234 I Radio-JNI: register_android_hardware_Radio DONE
10-09 16:06:43.778 29234 29234 I android_hardware_fm.cpp: register_android_hardware_fm_fmradio
10-09 16:06:43.778 29234 29234 I android_hardware_fm.cpp: ========64bit long size = 8
10-09 16:06:43.778 29234 29234 I android_hardware_fm.cpp: FM: get chip type = bcm43xx
10-09 16:06:43.779 29234 29234 E fm_if.c : find the id:fm and begins to open the devices
10-09 16:06:43.779 29234 29234 I android_hardware_fm.cpp: register_android_hardware_fm_fmradio, ret is 0
10-09 16:06:43.845 29044 29210 W System.err: java.lang.InstantiationException: java.lang.Class<com.qihoo.m.a> has no zero argument constructor
10-09 16:06:43.846 29044 29210 W System.err: 	at java.lang.Class.newInstance(Native Method)
10-09 16:06:43.846 29044 29210 W System.err: 	at com.qihoo.sdk.report.common.d.a(AppStore)
10-09 16:06:43.846 29044 29210 W System.err: 	at com.qihoo.sdk.report.b.a$1.run(AppStore)
10-09 16:06:43.846 29044 29210 W System.err: 	at java.util.concurrent.ThreadPoolExecutor.runWorker(ThreadPoolExecutor.java:1133)
10-09 16:06:43.846 29044 29210 W System.err: 	at java.util.concurrent.ThreadPoolExecutor$Worker.run(ThreadPoolExecutor.java:607)
10-09 16:06:43.846 29044 29210 W System.err: 	at java.lang.Thread.run(Thread.java:776)
10-09 16:06:44.022  1645  1645 W KeyguardUpdateMonitor: ACTION_BATTERY_CHANGED AMP: 0; Volt: 0
10-09 16:06:44.024 19394 19600 I CloudAlbum[8.0.1.304]: [OperationUtil] cancelNotify
10-09 16:06:44.025  1645  1645 W KeyguardUpdateMonitor: ChargingSpeed  Wattage: -1 ST: 5000000 --> 7500000
10-09 16:06:44.025  1645  1645 I KgBattery: BatteryInfo updated:  2lPc-1
10-09 16:06:44.025  1645  1645 W AppHandler: sendMessage with obj100
10-09 16:06:44.040  1645  1645 W KgBattery: getCharge info with type: text
10-09 16:06:44.044  1645  1645 W HwLockScreenPanel: Handle message: 100
10-09 16:06:44.045  1645  1645 W HwLockScreenPanel: refreshBatteryInfo: null
10-09 16:06:44.062  1645  1645 W HwKeyguardDragHelper: AnimationBlocked
10-09 16:06:44.062  1645  1645 W PanelView: set notification panel padding = 2552
10-09 16:06:44.469 29238 29238 I XmlParser: startElement itemName:resource user:-336769004
10-09 16:06:44.470 29238 29238 I XmlParser: startElement itemName:group user:-336769004
10-09 16:06:44.470 29238 29238 I XmlParser: startElement itemName:id user:-336769004
10-09 16:06:44.470 29238 29238 I XmlParser: endElement itemName:id user:-336769004
10-09 16:06:44.470 29238 29238 I XmlParser: startElement itemName:name user:-336769004
10-09 16:06:44.470 29238 29238 I XmlParser: endElement itemName:name user:-336769004
10-09 16:06:44.470 29238 29238 I XmlParser: startElement itemName:define user:-336769004
10-09 16:06:44.470 29238 29238 I XmlParser: endElement itemName:define user:-336769004
10-09 16:06:44.470 29238 29238 I XmlParser: startElement itemName:description user:-336769004
10-09 16:06:44.470 29238 29238 I XmlParser: endElement itemName:description user:-336769004
10-09 16:06:44.470 29238 29238 I XmlParser: endElement itemName:group user:-336769004
10-09 16:06:44.470 29238 29238 I XmlParser: startElement itemName:group user:-336769004
10-09 16:06:44.470 29238 29238 I XmlParser: startElement itemName:id user:-336769004
10-09 16:06:44.470 29238 29238 I XmlParser: endElement itemName:id user:-336769004
10-09 16:06:44.470 29238 29238 I XmlParser: startElement itemName:name user:-336769004
10-09 16:06:44.470 29238 29238 I XmlParser: endElement itemName:name user:-336769004
10-09 16:06:44.471 29238 29238 I XmlParser: startElement itemName:define user:-336769004
10-09 16:06:44.471 29238 29238 E XmlParser: startElement mResult:1024
10-09 16:06:44.471 29238 29238 I XmlParser: endElement itemName:define user:-336769004
10-09 16:06:44.471 29238 29238 I XmlParser: startElement itemName:description user:-336769004
10-09 16:06:44.471 29238 29238 I XmlParser: endElement itemName:description user:-336769004
10-09 16:06:44.471 29238 29238 I XmlParser: endElement itemName:group user:-336769004
10-09 16:06:44.471 29238 29238 I XmlParser: startElement itemName:group user:-336769004
10-09 16:06:44.471 29238 29238 I XmlParser: startElement itemName:id user:-336769004
10-09 16:06:44.471 29238 29238 I XmlParser: endElement itemName:id user:-336769004
10-09 16:06:44.471 29238 29238 I XmlParser: startElement itemName:name user:-336769004
10-09 16:06:44.471 29238 29238 I XmlParser: endElement itemName:name user:-336769004
10-09 16:06:44.471 29238 29238 I XmlParser: startElement itemName:define user:-336769004
10-09 16:06:44.471 29238 29238 I XmlParser: endElement itemName:define user:-336769004
10-09 16:06:44.471 29238 29238 I XmlParser: startElement itemName:description user:-336769004
10-09 16:06:44.471 29238 29238 I XmlParser: endElement itemName:description user:-336769004
10-09 16:06:44.471 29238 29238 I XmlParser: endElement itemName:group user:-336769004
10-09 16:06:44.472 29238 29238 I XmlParser: startElement itemName:group user:-336769004
10-09 16:06:44.472 29238 29238 I XmlParser: startElement itemName:id user:-336769004
10-09 16:06:44.472 29238 29238 I XmlParser: endElement itemName:id user:-336769004
10-09 16:06:44.472 29238 29238 I XmlParser: startElement itemName:name user:-336769004
10-09 16:06:44.472 29238 29238 I XmlParser: endElement itemName:name user:-336769004
10-09 16:06:44.472 29238 29238 I XmlParser: startElement itemName:define user:-336769004
10-09 16:06:44.472 29238 29238 I XmlParser: endElement itemName:define user:-336769004
10-09 16:06:44.472 29238 29238 I XmlParser: startElement itemName:description user:-336769004
10-09 16:06:44.472 29238 29238 I XmlParser: endElement itemName:description user:-336769004
10-09 16:06:44.472 29238 29238 I XmlParser: endElement itemName:group user:-336769004
10-09 16:06:44.472 29238 29238 I XmlParser: endElement itemName:resource user:-336769004
10-09 16:06:44.474 29238 29238 I XmlParser: startElement itemName:resource user:0
10-09 16:06:44.474 29238 29238 I XmlParser: startElement itemName:group user:0
10-09 16:06:44.474 29238 29238 I XmlParser: startElement itemName:id user:0
10-09 16:06:44.475 29238 29238 I XmlParser: endElement itemName:id user:0
10-09 16:06:44.475 29238 29238 I XmlParser: startElement itemName:name user:0
10-09 16:06:44.475 29238 29238 I XmlParser: endElement itemName:name user:0
