10-09 16:16:46.945  2607  2764 E JNILoad : idv_verify faild
10-09 16:16:46.945  2607  2764 E JNILoad : idv_verify faild
10-09 16:16:46.945  2607  2764 E JNILoad : idv_verify faild
10-09 16:16:46.945  2607  2764 E JNILoad : idv_verify faild
10-09 16:16:46.945  2607  2764 E JNILoad : idv_verify faild
10-09 16:16:46.945  2607  2764 E JNILoad : idv_verify faild
10-09 16:16:46.945  2607  2764 E JNILoad : idv_verify faild
10-09 16:16:46.945  2607  2764 E JNILoad : idv_verify faild
10-09 16:16:46.945  2607  2764 E JNILoad : idv_verify faild
10-09 16:16:46.945  2607  2764 E JNILoad : idv_verify faild
10-09 16:16:46.945  2607  2764 E JNILoad : idv_verify faild
10-09 16:16:46.945  2607  2764 E JNILoad : idv_verify faild
10-09 16:16:46.945  2607  2764 E JNILoad : idv_verify faild
10-09 16:16:46.945  2607  2764 E JNILoad : idv_verify faild
10-09 16:16:46.945  2607  2764 E JNILoad : idv_verify faild
10-09 16:16:46.945  2607  2764 E JNILoad : idv_verify faild
10-09 16:16:46.945  2607  2764 E JNILoad : idv_verify faild
10-09 16:16:46.945  2607  2764 E JNILoad : idv_verify faild
10-09 16:16:46.945  2607  2764 E JNILoad : idv_verify faild
10-09 16:16:46.945  2607  2764 E JNILoad : idv_verify faild
10-09 16:16:46.945  2607  2764 E JNILoad : idv_verify faild
10-09 16:16:46.945  2607  2764 E JNILoad : idv_verify faild
10-09 16:16:46.945  2607  2764 E JNILoad : idv_verify faild
10-09 16:16:46.945  2607  2764 E JNILoad : idv_verify faild
10-09 16:16:46.945  2607  2764 E JNILoad : idv_verify faild
10-09 16:16:46.945  2607  2764 E JNILoad : idv_verify faild
10-09 16:16:46.946  2607  2764 E JNILoad : idv_verify faild
10-09 16:16:46.946  2607  2764 E JNILoad : idv_verify faild
10-09 16:16:46.946  2607  2764 E JNILoad : idv_verify faild
10-09 16:16:46.946  2607  2764 E JNILoad : idv_verify faild
10-09 16:16:46.946  2607  2764 E JNILoad : idv_verify faild
10-09 16:16:46.946  2607  2764 E JNILoad : idv_verify faild
10-09 16:16:46.946  2607  2764 E JNILoad : idv_verify faild
10-09 16:16:46.946  2607  2764 E JNILoad : idv_verify faild
10-09 16:16:46.946  2607  2764 E JNILoad : idv_verify faild
10-09 16:16:46.946  2607  2764 E JNILoad : idv_verify faild
10-09 16:16:46.946  2607  2764 E JNILoad : idv_verify faild
10-09 16:16:46.946  2607  2764 E JNILoad : idv_verify faild
10-09 16:16:46.946  2607  2764 E JNILoad : idv_verify faild
10-09 16:16:46.946  2607  2764 E JNILoad : idv_verify faild
10-09 16:16:46.946  2607  2764 E JNILoad : idv_verify faild
10-09 16:16:46.946  2607  2764 E JNILoad : idv_verify faild
10-09 16:16:46.946  2607  2764 E JNILoad : idv_verify faild
10-09 16:16:46.946  2607  2764 E JNILoad : idv_verify faild
10-09 16:16:46.946  2607  2764 E JNILoad : idv_verify faild
10-09 16:16:46.946  2607  2764 E JNILoad : idv_verify faild
10-09 16:16:46.946  2607  2764 E JNILoad : idv_verify faild
10-09 16:16:46.946  2607  2764 E JNILoad : idv_verify faild
10-09 16:16:46.946  2607  2764 E JNILoad : idv_verify faild
10-09 16:16:46.946  2607  2764 E JNILoad : idv_verify faild
10-09 16:16:46.946  2607  2764 E JNILoad : idv_verify faild
10-09 16:16:46.946  2607  2764 E JNILoad : idv_verify faild
10-09 16:16:46.946  2607  2764 E JNILoad : idv_verify faild
10-09 16:16:46.946  2607  2764 E JNILoad : idv_verify faild
10-09 16:16:46.947  2607  2764 E JNILoad : idv_verify faild
10-09 16:16:46.947  2607  2764 E JNILoad : idv_verify faild
10-09 16:16:46.947  2607  2764 E JNILoad : idv_verify faild
10-09 16:16:46.947  2607  2764 E JNILoad : idv_verify faild
10-09 16:16:46.947  2607  2764 E JNILoad : idv_verify faild
10-09 16:16:46.947  2607  2764 E JNILoad : idv_verify faild
10-09 16:16:46.947  2607  2764 E JNILoad : idv_verify faild
10-09 16:16:46.947  2607  2764 E JNILoad : idv_verify faild
10-09 16:16:46.947  2607  2764 E JNILoad : idv_verify faild
10-09 16:16:46.947  2607  2764 E JNILoad : idv_verify faild
10-09 16:16:46.947  2607  2764 E JNILoad : idv_verify faild
10-09 16:16:46.947  2607  2764 E JNILoad : idv_verify faild
10-09 16:16:46.947  2607  2764 E JNILoad : idv_verify faild
10-09 16:16:46.947  2607  2764 E JNILoad : idv_verify faild
10-09 16:16:46.947  2607  2764 E JNILoad : idv_verify faild
10-09 16:16:46.947  2607  2764 E JNILoad : idv_verify faild
10-09 16:16:46.947  2607  2764 E JNILoad : idv_verify faild
10-09 16:16:46.947  2607  2764 E JNILoad : idv_verify faild
10-09 16:16:46.947  2607  2764 E JNILoad : idv_verify faild
10-09 16:16:46.947  2607  2764 E JNILoad : idv_verify faild
10-09 16:16:46.947  2607  2764 E JNILoad : idv_verify faild
10-09 16:16:46.947  2607  2764 E JNILoad : idv_verify faild
10-09 16:16:46.947  2607  2764 E JNILoad : idv_verify faild
10-09 16:16:46.947  2607  2764 E JNILoad : idv_verify faild
10-09 16:16:46.947  2607  2764 E JNILoad : idv_verify faild
10-09 16:16:46.948  2607  2764 E JNILoad : idv_verify faild
10-09 16:16:46.948  2607  2764 E JNILoad : idv_verify faild
10-09 16:16:46.948  2607  2764 E JNILoad : idv_verify faild
10-09 16:16:46.948  2003  2017 W PhoneInterfaceManager: shouldBlockLocation running ...
10-09 16:16:46.948  2003  2017 I PhoneInterfaceManager: shouldBlockLocation  ret:false
10-09 16:16:46.951  2607  2739 W trace_@_16_2_@: @_16_2_20_@
10-09 16:16:46.952  2607  2739 W trace_@_16_3_@: @_16_3_3_@
10-09 16:16:46.952  2607  2739 W trace_@_16_3_@: @_16_3_16_@
10-09 16:16:46.953  2607  2739 W trace_@_19_2_@: @_19_2_1_@http://aps.amap.com/APS/r?ver=4.7&q=0&csid=53edee99-038b-4ebf-b0ee-37917c81e0d2
10-09 16:16:47.029  2607  2739 W trace_@_16_3_@: @_16_3_10_@
10-09 16:16:47.030  2607  2739 W trace_@_17_1_@: @_17_1_3_@@@_88JR6,,pJ,_@@,lat:@@_6FRFnDLJF_@@,accu:25.0,rettype:-1
10-09 16:16:47.031  2607  2739 W trace_@_17_1_@: @_17_1_4_@@@_LJDW8WL8D,6Wp,8H,Jp#LJDW8WL8D,6Wp,8H,Jp#Y53Z3K3_@@ nearby:@@_p,8,DH,,8FLn6WgO#p,8,DH,,8FLnLWgO#p,8,DH,,8FLn,WgO#p,8,DH,,8FLnnWgO#8pLnpDHJL6,LHppWgO#p,8,DH,,8F8,pWgO#p,8,DH,,8F8,8WgO#p,8,DH,,8F8,,WgO#p,8,DH,,8F8,DWgO#p,8,DH,,8FLpnWgO#p,8,DH,,8FLJ8W9YY7zz#p,8,DH,,8FLpHWgO#p,8,DH,,8FLpJWgO#p,8,DH,,8FJ6nWgO#p,8,DH,,8FJ6,WgO#p,8,DH,,8FJ66WgO#p,8,DH,,8FJ6LWgO#p,8,DH,,8FJ6pWgO#p,8,DH,,8F8DLWgO#p,8,DH,,8F8DpWgO#p,8,DH,,8F8DJWgO#,JLJpJpnFH,FFJ6WgO#p,8,DH,,,DLJFWgO#p,8,DH,,,DLJJWgO#p,8,DH,,,DLJpWgO#p,8,DH,,,DLJLWgO#Fnp6FpJHDnnHHDWgO#Fnp6Fpn,,n,8HLWgO#,JLJpJpn,n,pL6,WgO#Fnp6FpnJLJJLHHWgO#Fnp6FpJHDnHpHLWgO#Fnp6FpJ6HH6pnJWgO#p86H,8HLL8,HLHWgO#p,8,DHDJJ,J86WgO#p,8,DHDJJ,J8DWgO#p,8,DHDJJ,JDFWgO#p,8,DHDJJ,JDHWgO#Fnp6FpnJLJn8F,WgO#Fnp6FpJ6HHL,HDWgO#p,8,DH,,,DLLHWgO#p,8,DHDJFDnDpWgO#p,8,DHDJFDnDLWgO#p,8,DH,,8FJ8JWgO#p,8,DH,,,DLLFWgO#p,8,DH,,8FJ8HWgO#p,8,DH,,8FJ8nWgO#p,8,DH,,,DLp6WgO#p,8,DH,,8pF,pWgO#p,8,DH,,8pF,DWgO#p,8,DH,,8pF,8WgO#p,8,DH,DDDDJpWgO#p,8,DH,,8pF,,WgO#p,8,DH,,8FJ8FWgO#p,8,DH,,8FJ,8WgO#p,8,DH,,8FLLDWgO#p,8,DH,,8FLLpWgO#,JLJpJpn,nn6J6nWgO#p,8,DH,,8FLL8WgO#p,8,DH,,8FLL,WgO#p,8,DHDJJ,pFLWgO#p,8,DHDJFDJF6WgO#p,8,DHDJFDJHFWgO#p,8,DHDJJ,pF,WgO#p,8,DH,,,DLpDWgO#686D,JnH6JFDJFWgO#p,8,DH,DDDDJFWgO#p,8,DHDJJ,pFnWgO#8D88JHF88D,8L88WgO#p,8,DHDJHnLn,WgO#J8JF66LFpFD,HHWgO#,JLJpJpn,n6,ppDWgO#J8JF66LFpF6DLDWgO#JJFpnDLDDF8,8JWgO_@@
10-09 16:16:47.031  2607  2739 I @_17_1_@: same acc
10-09 16:16:47.033  2607  2739 W trace_@_17_1_@: @_17_1_16_@@@_3h1,WjVY9Q3Vg1{"erVu3h7r"1"g7QZVri"W"jVg"188JR6,,pJpW"j9Q"16FRFnDLJHW"9YYwr9YC"1,pW"QCe7"1"X7X"}Wg79rOC1p,8,DH,,8FLn6WgO#p,8,DH,,8FLnLWgO#p,8,DH,,8FLn,WgO#p,8,DH,,8FLnnWgO#p,8,DH,,8FLpJWgO#p,8,DH,,8FLpnWgO#p,8,DH,,8FLJ8W9YY7zz#p,8,DH,,8FLpHWgO#Fnp6FpJHDnnHHDWgO#Fnp6FpJ6HH6pnJWgO#p,8,DH,,8F8,8WgO#p,8,DH,,8F8,,WgO#Fnp6FpnJLJJLHHWgO#p,8,DH,,8F8,DWgO#p,8,DH,,8F8,pWgO#p,8,DH,,8FJ6,WgO#p,8,DH,,8FJ6LWgO#p,8,DH,,8FJ66WgO#p,8,DH,,8FJ6pWgO#p,8,DH,,8FJ6nWgO#Fnp6Fpn,,n,8HLWgO#,JLJpJpnFH,FFJ6WgO#p,8,DH,,,DLJFWgO#p,8,DH,,,DLJpWgO#p,8,DH,,,DLJJWgO#p,8,DH,,,DLJLWgO#p,8,DH,,8F8DJWgO#p,8,DH,,8F8DLWgO#p,8,DHDJJ,JDFWgO#p,8,DHDJJ,J86WgO#p,8,DHDJJ,J8DWgO#p,8,DHDJJ,JDHWgO#p,8,DH,,8FJ8HWgO#p,8,DH,,8FJ8nWgO#p,8,DH,,8F8DpWgO#,JLJpJpn,nn6J6nWgO#p,8,DH,,8FLL8WgO#p,8,DH,,8F8DFWgO#p,8,DH,,8FLLpWgO#p,8,DH,,8FLL,WgO#p,8,DH,,8FLLDWgO#p,8,DH,,8pF,pWgO#p,8,DH,,8pF,8WgO#p,8,DH,,8pF,DWgO#8,6JL,JL8JLDnJnWgO#p,8,DHDJFDnDLWgO#p,8,DHDJJ,pFLWgO#,JLJpJpn,n,pL6,WgO#p,8,DH,,8pF,,WgO#p,8,DHDJFDnDpWgO#p,8,DHDJFDnDJWgO#p,8,DHDJFDnDFWgO#p,8,DH,,,DLp6WgO#p,8,DHDJJ,pF6WgO#p,8,DH,,,DLLHWgO#Fnp6FpJHDnHpHLWgO#p,8,DH,,8FJ8FWgO#Fnp6FpJ6HHL,HDWgO#Fnp6FpnJL6DL,LWgO#p,8,DH,,,DLLFWgO#p,8,DH,,8FJ,8WgO#Fnp6FpJ6HLnp8,WgO#,JLJpJpn,n,LD6HWgO#,JLJpJpn,n6,ppDWgO#J8JF66LFpFD,HHWgO#p,8,DHDJHnLn6WgO#p,8,DHDJHnLnLWgO#p,8,DHDJHnLn,WgO#J8JF66LFpF6DLDWgO#p,8,DHDJJ,pFnWgOWj9zQ.z7hU3X718pDnp6J6FF8LnW3gz7rQU3X718pDnp8pn866Lp_@@
10-09 16:16:47.037  2607  2739 W trace_@_16_4_@: @_16_4_12_@
10-09 16:16:47.039  1031  1951 I LocationManagerService: incoming location: Location[network 40******,116****** acc=25 et=+7h6m9s789ms]
10-09 16:16:47.039  2452  3108 I NCCHR_NcLogCollectServiceImpl: getUserType = 1
10-09 16:16:47.058  1031  1951 I LocationManagerService: incoming location: Location[network 40******,116****** acc=25 et=+7h6m9s789ms]
10-09 16:16:47.059  2452  3119 I NCCHR_NcLogCollectServiceImpl: getUserType = 1
10-09 16:16:47.073  1031  1992 I LocationManagerService: remove 4b5fae3
10-09 16:16:47.073  1031  1951 E HwReportTool: This is not beta user build
10-09 16:16:47.074  1031  1992 I SendBroadcastPermission: action:android.location.LOCATION_REQUEST_CHANGE_ACTION, mPermissionType:0
10-09 16:16:47.074  1031  1992 I LocationManagerService: isAllowedByCurrentUserSettingsLocked started: network
10-09 16:16:47.074  1031  1992 I LocationManagerService: applyRequirementsLocked to network
10-09 16:16:47.074  1031  1992 I LocationManagerService: provider request: network ProviderRequest[ON interval=+1d0h0m0s0ms]
10-09 16:16:47.075  1031  1992 I LocationManagerService: isAllowedByCurrentUserSettingsLocked started: local_database
10-09 16:16:47.075  1031  1992 I LocationManagerService: applyRequirementsLocked to local_database
10-09 16:16:47.075  1031  1992 I LocationManagerService: provider request: local_database ProviderRequest[ON interval=0]
10-09 16:16:47.075  2607  2607 W trace_@_11_1_@: @_11_1_1_@ android.permission.ACCESS_COARSE_LOCATION true 24
10-09 16:16:47.076  2607  2607 W trace_@_11_1_@: @_11_1_1_@ android.permission.ACCESS_FINE_LOCATION true 24
10-09 16:16:47.077  2607  2607 W trace_@_11_1_@: @_11_1_1_@ android.permission.READ_PHONE_STATE true 24
10-09 16:16:47.077  2607  2607 W trace_@_11_1_@: @_11_1_1_@ android.permission.WRITE_EXTERNAL_STORAGE true 24
10-09 16:16:47.077  2607  2607 W trace_@_29_4_@: @_29_4_4_@
10-09 16:16:47.077  2607  2607 W trace_@_29_4_@: @_29_4_4_@package:[android]|reportLocation:true|interval:86400000
10-09 16:16:47.077  2607  2607 W trace_@_29_4_@: @_29_4_7_@86400000
10-09 16:16:47.078  2607  2607 W trace_@_27_3_@: @_27_3_4_@@_27_3_7_@86400000
10-09 16:16:47.078  2607  2738 W trace_@_16_1_@: @_16_1_6_@com.amap.location.networklocator.h@296a5db
10-09 16:16:47.079  2607  2738 W trace_@_16_4_@: @_16_4_4_@@_16_4_5_@86400000@_16_4_6_@com.amap.location.d.a.b.b.c$b@30f8878@_16_4_7_@false
10-09 16:16:47.079  2607  2739 W trace_@_16_4_@: @_16_4_10_@86400000
10-09 16:16:47.079  2607  2739 W trace_@_16_2_@: @_16_2_1_@
10-09 16:16:47.607  1031  1031 I TrafficMonitor: update:rxPkts:30,txPkts:27,rxBytes:3292,txBytes:3830
10-09 16:16:47.607  1031  1031 I TrafficMonitor: start expired. level:-1
10-09 16:16:47.607  1031  1031 I TrafficMonitor: gettimer:interval=2000
10-09 16:16:47.729  1645  1645 W KeyguardUpdateMonitor: ACTION_BATTERY_CHANGED AMP: 0; Volt: 0
10-09 16:16:47.738 19394 19600 I CloudAlbum[8.0.1.304]: [OperationUtil] cancelNotify
10-09 16:16:47.762  1645  1645 W KeyguardUpdateMonitor: ChargingSpeed  Wattage: -1 ST: 5000000 --> 7500000
10-09 16:16:47.762  1645  1645 I KgBattery: BatteryInfo updated:  2lPc-1
10-09 16:16:47.762  1645  1645 W AppHandler: sendMessage with obj100
10-09 16:16:47.770  1645  1645 W KgBattery: getCharge info with type: text
10-09 16:16:47.772  1645  1645 W HwLockScreenPanel: Handle message: 100
10-09 16:16:47.772  1645  1645 W HwLockScreenPanel: refreshBatteryInfo: null
10-09 16:16:47.845 30382 30382 I SendBroadcastPermission: action:com.qihoo.appstore.APPWATCHER_CHANGE_TIME, mPermissionType:0
10-09 16:16:47.892 30361 30361 I RePlugin.ws001: loadLocked(): Ready to lock! logtag = try1; pn = freewifi
10-09 16:16:47.946 30361 30361 I dex     : load /data/user/0/com.qihoo.appstore/app_p_a/1680996587.jar ...
10-09 16:16:47.956 30361 30361 W System  : ClassLoader referenced unknown path: /data/user/0/com.qihoo.appstore/app_p_n/1680996587
10-09 16:16:47.957 30361 30361 I dex     : load /data/user/0/com.qihoo.appstore/app_p_a/1680996587.jar = com.qihoo360.e.b$b[DexPathList[[zip file "/data/user/0/com.qihoo.appstore/app_p_a/1680996587.jar"],nativeLibraryDirectories=[/data/user/0/com.qihoo.appstore/app_p_n/1680996587, /system/lib, /vendor/lib, /system/vendor/lib, /product/lib]]]
10-09 16:16:47.958 30361 30361 I RePlugin.PluginManagerClient: updateUsedIfNeeded: pi.isUsed == used, ignore. used=true; pn=freewifi
10-09 16:16:48.051 30361 30361 I RePlugin.ws001: load /data/user/0/com.qihoo.appstore/app_p_a/1680996587.jar 235478389 c=3 rc=true delta=159
10-09 16:16:48.051 30361 30361 I RePlugin.ws001: loadLocked(): Unlock! logtag = try1; pn = freewifi
10-09 16:16:48.080  1031  1454 E WifiConfigManager: updateConfiguration freq=2462 BSSID=04:bd:88:4f:29:c5 RSSI=-55 "Autohome Inc.-Staff"WPA_EAP
10-09 16:16:48.164 30361 30361 E SQLiteLog: (1) 
10-09 16:16:48.185   504   504 E Thermal-daemon: [pa_0] temp_new :31  temp_old :30
10-09 16:16:48.185   504   504 E Thermal-daemon: Report temperature: [pa_0] temp :31  report_threshold:1
10-09 16:16:48.188   504   504 E Thermal-daemon: [ap] temp_new :34  temp_old :32
10-09 16:16:48.188   504   504 E Thermal-daemon: Report temperature: [ap] temp :34  report_threshold:1
10-09 16:16:48.559  1031  2018 I LocationManagerService: getAllProviders()=[passive, gps, network, local_database]
10-09 16:16:48.573  1031  8541 I LocationManagerService: request 22aef47 network Request[POWER_LOW network requested=0 fastest=0] from com.qihoo.appstore(10145)
10-09 16:16:48.573  1031  1951 E HwReportTool: This is not beta user build
10-09 16:16:48.573  1031  8541 I LocationManagerService: applyRequirementsLocked to network
10-09 16:16:48.573  1031  8541 I LocationManagerService: provider request: network ProviderRequest[ON interval=0]
10-09 16:16:48.575  2607  2607 W trace_@_11_1_@: @_11_1_1_@ android.permission.ACCESS_COARSE_LOCATION true 24
10-09 16:16:48.575  2452  2471 I NCCHR_NcLogCollectServiceImpl: getUserType = 1
10-09 16:16:48.575  1031  8541 I SendBroadcastPermission: action:android.location.LOCATION_REQUEST_CHANGE_ACTION, mPermissionType:0
10-09 16:16:48.576  2607  2607 W trace_@_11_1_@: @_11_1_1_@ android.permission.ACCESS_FINE_LOCATION true 24
10-09 16:16:48.576  2607  2607 W trace_@_11_1_@: @_11_1_1_@ android.permission.READ_PHONE_STATE true 24
10-09 16:16:48.577  2607  2607 W trace_@_11_1_@: @_11_1_1_@ android.permission.WRITE_EXTERNAL_STORAGE true 24
10-09 16:16:48.578  2607  2607 W trace_@_29_4_@: @_29_4_4_@
10-09 16:16:48.578  2607  2607 W trace_@_29_4_@: @_29_4_4_@package:[com.qihoo.appstore]|reportLocation:true|interval:0
10-09 16:16:48.578  2607  2607 W trace_@_29_4_@: @_29_4_7_@20000
10-09 16:16:48.578  2607  2607 W trace_@_11_1_@: @_11_1_2_@ [android.permission.ACCESS_COARSE_LOCATION, android.permission.ACCESS_FINE_LOCATION, android.permission.READ_PHONE_STATE, android.permission.WRITE_EXTERNAL_STORAGE] 24
10-09 16:16:48.578  1031  1951 I SendBroadcastPermission: action:action_inject_location, mPermissionType:0
10-09 16:16:48.579  1031  1951 I GnssLocationProvider: receive broadcast intent, action: action_inject_location
10-09 16:16:48.580  2607  2607 W trace_@_27_3_@: @_27_3_4_@@_27_3_7_@20000
10-09 16:16:48.581  2607  2738 W trace_@_16_1_@: @_16_1_6_@com.amap.location.networklocator.h@296a5db
10-09 16:16:48.582  2607  2738 W trace_@_16_4_@: @_16_4_4_@@_16_4_5_@20000@_16_4_6_@com.amap.location.d.a.b.b.c$b@30f8878@_16_4_7_@false
10-09 16:16:48.582  2607  2739 W trace_@_16_4_@: @_16_4_10_@20000
10-09 16:16:48.582  2607  2739 W trace_@_16_2_@: @_16_2_3_@0
10-09 16:16:48.582  2607  2739 W trace_@_16_2_@: @_16_2_14_@
10-09 16:16:48.582  2607  2739 W trace_@_16_2_@: @_16_2_11_@
10-09 16:16:48.582  2607  2739 W trace_@_16_2_@: @_16_2_20_@
10-09 16:16:48.583  2607  2739 W trace_@_16_3_@: @_16_3_3_@
10-09 16:16:48.583  2607  2739 W trace_@_16_3_@: @_16_3_17_@false
10-09 16:16:48.583  2607  2739 W trace_@_16_3_@: @_16_3_8_@
10-09 16:16:48.583  2607  2739 W trace_@_16_4_@: @_16_4_12_@
10-09 16:16:48.585  1031  1951 I LocationManagerService: incoming location: Location[network 40******,116****** acc=25 et=+7h6m11s335ms]
10-09 16:16:48.585  2452  2469 I NCCHR_NcLogCollectServiceImpl: getUserType = 1
10-09 16:16:48.587  1031  1951 I LocationManagerService: incoming location: Location[network 40******,116****** acc=25 et=+7h6m11s335ms]
10-09 16:16:48.587  2452 17949 I NCCHR_NcLogCollectServiceImpl: getUserType = 1
10-09 16:16:48.594  1031  1056 I LocationManagerService: remove 22aef47
10-09 16:16:48.594  1031  1951 E HwReportTool: This is not beta user build
10-09 16:16:48.594  1031  1056 I SendBroadcastPermission: action:android.location.LOCATION_REQUEST_CHANGE_ACTION, mPermissionType:0
10-09 16:16:48.595  1031  1056 I LocationManagerService: isAllowedByCurrentUserSettingsLocked started: network
10-09 16:16:48.595  1031  1056 I LocationManagerService: applyRequirementsLocked to network
10-09 16:16:48.595  1031  1056 I LocationManagerService: provider request: network ProviderRequest[ON interval=+1d0h0m0s0ms]
10-09 16:16:48.596  1031  1056 I LocationManagerService: isAllowedByCurrentUserSettingsLocked started: local_database
10-09 16:16:48.596  1031  1056 I LocationManagerService: applyRequirementsLocked to local_database
10-09 16:16:48.596  1031  1056 I LocationManagerService: provider request: local_database ProviderRequest[ON interval=0]
10-09 16:16:48.597  2607  2607 W trace_@_11_1_@: @_11_1_1_@ android.permission.ACCESS_COARSE_LOCATION true 24
10-09 16:16:48.598  2607  2607 W trace_@_11_1_@: @_11_1_1_@ android.permission.ACCESS_FINE_LOCATION true 24
10-09 16:16:48.600  2607  2607 W trace_@_11_1_@: @_11_1_1_@ android.permission.READ_PHONE_STATE true 24
10-09 16:16:48.601  2607  2607 W trace_@_11_1_@: @_11_1_1_@ android.permission.WRITE_EXTERNAL_STORAGE true 24
10-09 16:16:48.601  2607  2607 W trace_@_29_4_@: @_29_4_4_@
10-09 16:16:48.601  2607  2607 W trace_@_29_4_@: @_29_4_4_@package:[android]|reportLocation:true|interval:86400000
10-09 16:16:48.602  2607  2607 W trace_@_29_4_@: @_29_4_7_@86400000
10-09 16:16:48.602  2607  2607 W trace_@_27_3_@: @_27_3_4_@@_27_3_7_@86400000
10-09 16:16:48.603  2607  2738 W trace_@_16_1_@: @_16_1_6_@com.amap.location.networklocator.h@296a5db
10-09 16:16:48.603  2607  2738 W trace_@_16_4_@: @_16_4_4_@@_16_4_5_@86400000@_16_4_6_@com.amap.location.d.a.b.b.c$b@30f8878@_16_4_7_@false
10-09 16:16:48.603  2607  2739 W trace_@_16_4_@: @_16_4_10_@86400000
10-09 16:16:48.603  2607  2739 W trace_@_16_2_@: @_16_2_1_@
10-09 16:16:48.604  1031  1031 I TrafficMonitor: expired arrive. level:-1
10-09 16:16:48.604  1031  1031 I TrafficMonitor: during_ms:2002,period_ms:2000
10-09 16:16:48.604  1031  1031 I TrafficMonitor: count:345,rx_sum:30,tx_sum:27,rxBytes:3292,during_ms:2002,rx_speed:1644.3556443556445,tx_speed:1913.0869130869132,rto:1.1111111111111112
10-09 16:16:48.663  1031  1454 E WifiConfigManager: updateConfiguration freq=2462 BSSID=04:bd:88:4f:29:c5 RSSI=-55 "Autohome Inc.-Staff"WPA_EAP
10-09 16:16:48.665  1031  1524 I HuaweiWifiWatchdogStateMachine: spd good count:0, add sc:0.0, rate:1.0
10-09 16:16:48.665  1031  1524 I HuaweiWifiWatchdogStateMachine: current mHighDataFlowRate = 1.0
10-09 16:16:48.665  1031  1524 I HuaweiWifiWatchdogStateMachine: POta txb txg rxg:1, 167, 0. Lr =0.6% Totpkt=168
10-09 16:16:48.666  1031  1031 I QosMonitor: queryRtt: rtt_type = 3
10-09 16:16:48.666  1031  1031 I WifiProJNI: ######### GET RTT:3 ########
10-09 16:16:48.666  1031  1031 I WifiProJNI: ######### CMD_QUERY_PKTS ########
10-09 16:16:48.666  1031  1522 I QosMonitor: postEventFromNative: msg=100,arg1=4,arg2=9
10-09 16:16:48.667  1031  1522 W WifiProJNI: poll before: g_monitor_fd =257
10-09 16:16:48.667  1031  1522 I QosMonitor: postEventFromNative: msg=100,arg1=0,arg2=9
10-09 16:16:48.667  1031  1522 W WifiProJNI: poll before: g_monitor_fd =257
10-09 16:16:48.667  1031  1031 I MQoS    : rtt=240,tcp_tx_pkts=179535,tcp_rx_pkts=232606
10-09 16:16:48.667  1031  1031 I QosMonitor: resetRtt: rtt_type = 3
10-09 16:16:48.667  1031  1031 I WifiProJNI: ######### RESET RTT:3 ########
10-09 16:16:48.668  1031  1524 I HuaweiWifiWatchdogStateMachine: PTcp RTT:240, rtt pkt=28, tcp_rx=46, tcp_tx=58, tcp_reTran=0, rtRate=0
10-09 16:16:48.668  1031  1524 I HuaweiWifiWatchdogStateMachine: rs ota tcp lr rttvb bad: false, false, false, false, false; rsth:-75
10-09 16:16:48.668  1031  1524 I HuaweiWifiWatchdogStateMachine:  pkt chk not bad, reset sc to 0.
10-09 16:16:48.670  1031  3500 I MQoS    : QOS_level:0(0),wifi-link;SIM error;use level-0
10-09 16:16:48.670  1031  3500 I MQoS    : skip-low-Level:0(0),wifi-link;SIM error;use level-0
10-09 16:16:49.048 30361 30417 E CoreDaemonUtils: getLibDir/data/app/com.qihoo.appstore-1/lib/arm
10-09 16:16:49.091 30573 30573 E linker  : normalize_path - invalid input: "", the input path should be absolute
10-09 16:16:49.092 30573 30573 W linker  : Warning: unable to normalize ""
10-09 16:16:49.144 30361 30369 E StrictMode: A resource was acquired at attached stack trace but never released. See java.io.Closeable for information on avoiding resource leaks.
10-09 16:16:49.144 30361 30369 E StrictMode: java.lang.Throwable: Explicit termination method 'close' not called
10-09 16:16:49.144 30361 30369 E StrictMode: 	at dalvik.system.CloseGuard.open(CloseGuard.java:180)
10-09 16:16:49.144 30361 30369 E StrictMode: 	at java.net.AbstractPlainSocketImpl.create(AbstractPlainSocketImpl.java:103)
10-09 16:16:49.144 30361 30369 E StrictMode: 	at java.net.Socket.createImpl(Socket.java:454)
10-09 16:16:49.144 30361 30369 E StrictMode: 	at java.net.Socket.connect(Socket.java:590)
10-09 16:16:49.144 30361 30369 E StrictMode: 	at org.apache.http.conn.scheme.PlainSocketFactory.connectSocket(PlainSocketFactory.java:124)
10-09 16:16:49.144 30361 30369 E StrictMode: 	at org.apache.http.impl.conn.DefaultClientConnectionOperator.openConnection(DefaultClientConnectionOperator.java:151)
10-09 16:16:49.144 30361 30369 E StrictMode: 	at org.apache.http.impl.conn.AbstractPoolEntry.open(AbstractPoolEntry.java:169)
10-09 16:16:49.144 30361 30369 E StrictMode: 	at org.apache.http.impl.conn.AbstractPooledConnAdapter.open(AbstractPooledConnAdapter.java:124)
10-09 16:16:49.144 30361 30369 E StrictMode: 	at org.apache.http.impl.client.DefaultRequestDirector.execute(DefaultRequestDirector.java:366)
10-09 16:16:49.144 30361 30369 E StrictMode: 	at org.apache.http.impl.client.AbstractHttpClient.execute(AbstractHttpClient.java:596)
10-09 16:16:49.144 30361 30369 E StrictMode: 	at org.apache.http.impl.client.AbstractHttpClient.execute(AbstractHttpClient.java:517)
10-09 16:16:49.144 30361 30369 E StrictMode: 	at org.apache.http.impl.client.AbstractHttpClient.execute(AbstractHttpClient.java:495)
10-09 16:16:49.144 30361 30369 E StrictMode: 	at com.qihoo.freewifi.plugin.nb.NBNetCheck.checkNetStatus(freewifi:164)
10-09 16:16:49.144 30361 30369 E StrictMode: 	at freewifi.bq$a.a(freewifi:88)
10-09 16:16:49.144 30361 30369 E StrictMode: 	at freewifi.bq$a.doInBackground(freewifi:83)
10-09 16:16:49.144 30361 30369 E StrictMode: 	at android.os.AsyncTask$2.call(AsyncTask.java:316)
10-09 16:16:49.144 30361 30369 E StrictMode: 	at java.util.concurrent.FutureTask.run(FutureTask.java:237)
10-09 16:16:49.144 30361 30369 E StrictMode: 	at java.util.concurrent.ThreadPoolExecutor.runWorker(ThreadPoolExecutor.java:1133)
10-09 16:16:49.144 30361 30369 E StrictMode: 	at java.util.concurrent.ThreadPoolExecutor$Worker.run(ThreadPoolExecutor.java:607)
10-09 16:16:49.144 30361 30369 E StrictMode: 	at java.lang.Thread.run(Thread.java:776)
10-09 16:16:49.219  1645  1645 W HwKeyguardDragHelper: AnimationBlocked
10-09 16:16:49.248  1645  1645 W HwKeyguardDragHelper: AnimationBlocked
10-09 16:16:49.255 30361 30417 I System.out: [ps]
10-09 16:16:49.255 30361 30417 I System.out: null
10-09 16:16:49.256 30361 30417 I System.out: null
10-09 16:16:49.256 30361 30417 I System.out: Calling by::className:cn.hiroz.uninstallfeedback.FeedbackUtils  MethodName:countProcess
10-09 16:16:49.283  1645  1645 W HwKeyguardDragHelper: AnimationBlocked
10-09 16:16:49.295 30361 30524 W System.err: java.lang.InstantiationException: java.lang.Class<com.qihoo.m.a> has no zero argument constructor
10-09 16:16:49.296 30361 30524 W System.err: 	at java.lang.Class.newInstance(Native Method)
10-09 16:16:49.296 30361 30524 W System.err: 	at com.qihoo.sdk.report.common.d.a(AppStore)
10-09 16:16:49.296 30361 30524 W System.err: 	at com.qihoo.sdk.report.b.a$1.run(AppStore)
10-09 16:16:49.296 30361 30524 W System.err: 	at java.util.concurrent.ThreadPoolExecutor.runWorker(ThreadPoolExecutor.java:1133)
10-09 16:16:49.296 30361 30524 W System.err: 	at java.util.concurrent.ThreadPoolExecutor$Worker.run(ThreadPoolExecutor.java:607)
10-09 16:16:49.296 30361 30524 W System.err: 	at java.lang.Thread.run(Thread.java:776)
10-09 16:16:49.305  1645  1645 W HwKeyguardDragHelper: AnimationBlocked
10-09 16:16:49.330 30361 30417 E DaemonThread: countProcess => 0
10-09 16:16:49.491 30584 30584 I XmlParser: startElement itemName:resource user:247255080
10-09 16:16:49.491 30584 30584 I XmlParser: startElement itemName:group user:247255080
10-09 16:16:49.491 30584 30584 I XmlParser: startElement itemName:id user:247255080
10-09 16:16:49.491 30584 30584 I XmlParser: endElement itemName:id user:247255080
10-09 16:16:49.491 30584 30584 I XmlParser: startElement itemName:name user:247255080
10-09 16:16:49.491 30584 30584 I XmlParser: endElement itemName:name user:247255080
10-09 16:16:49.491 30584 30584 I XmlParser: startElement itemName:define user:247255080
10-09 16:16:49.491 30584 30584 I XmlParser: endElement itemName:define user:247255080
10-09 16:16:49.491 30584 30584 I XmlParser: startElement itemName:description user:247255080
10-09 16:16:49.491 30584 30584 I XmlParser: endElement itemName:description user:247255080
10-09 16:16:49.491 30584 30584 I XmlParser: endElement itemName:group user:247255080
10-09 16:16:49.491 30584 30584 I XmlParser: startElement itemName:group user:247255080
10-09 16:16:49.491 30584 30584 I XmlParser: startElement itemName:id user:247255080
10-09 16:16:49.491 30584 30584 I XmlParser: endElement itemName:id user:247255080
10-09 16:16:49.491 30584 30584 I XmlParser: startElement itemName:name user:247255080
10-09 16:16:49.491 30584 30584 I XmlParser: endElement itemName:name user:247255080
10-09 16:16:49.491 30584 30584 I XmlParser: startElement itemName:define user:247255080
10-09 16:16:49.491 30584 30584 E XmlParser: startElement mResult:1024
10-09 16:16:49.491 30584 30584 I XmlParser: endElement itemName:define user:247255080
10-09 16:16:49.491 30584 30584 I XmlParser: startElement itemName:description user:247255080
10-09 16:16:49.491 30584 30584 I XmlParser: endElement itemName:description user:247255080
10-09 16:16:49.491 30584 30584 I XmlParser: endElement itemName:group user:247255080
10-09 16:16:49.491 30584 30584 I XmlParser: startElement itemName:group user:247255080
10-09 16:16:49.491 30584 30584 I XmlParser: startElement itemName:id user:247255080
10-09 16:16:49.491 30584 30584 I XmlParser: endElement itemName:id user:247255080
10-09 16:16:49.491 30584 30584 I XmlParser: startElement itemName:name user:247255080
10-09 16:16:49.491 30584 30584 I XmlParser: endElement itemName:name user:247255080
10-09 16:16:49.491 30584 30584 I XmlParser: startElement itemName:define user:247255080
10-09 16:16:49.491 30584 30584 I XmlParser: endElement itemName:define user:247255080
10-09 16:16:49.491 30584 30584 I XmlParser: startElement itemName:description user:247255080
10-09 16:16:49.491 30584 30584 I XmlParser: endElement itemName:description user:247255080
10-09 16:16:49.491 30584 30584 I XmlParser: endElement itemName:group user:247255080
10-09 16:16:49.491 30584 30584 I XmlParser: startElement itemName:group user:247255080
10-09 16:16:49.491 30584 30584 I XmlParser: startElement itemName:id user:247255080
10-09 16:16:49.491 30584 30584 I XmlParser: endElement itemName:id user:247255080
10-09 16:16:49.491 30584 30584 I XmlParser: startElement itemName:name user:247255080
10-09 16:16:49.491 30584 30584 I XmlParser: endElement itemName:name user:247255080
10-09 16:16:49.491 30584 30584 I XmlParser: startElement itemName:define user:247255080
10-09 16:16:49.491 30584 30584 I XmlParser: endElement itemName:define user:247255080
10-09 16:16:49.491 30584 30584 I XmlParser: startElement itemName:description user:247255080
10-09 16:16:49.491 30584 30584 I XmlParser: endElement itemName:description user:247255080
10-09 16:16:49.491 30584 30584 I XmlParser: endElement itemName:group user:247255080
10-09 16:16:49.491 30584 30584 I XmlParser: endElement itemName:resource user:247255080
10-09 16:16:49.491 30584 30584 I XmlParser: startElement itemName:resource user:0
10-09 16:16:49.491 30584 30584 I XmlParser: startElement itemName:group user:0
10-09 16:16:49.491 30584 30584 I XmlParser: startElement itemName:id user:0
10-09 16:16:49.491 30584 30584 I XmlParser: endElement itemName:id user:0
10-09 16:16:49.491 30584 30584 I XmlParser: startElement itemName:name user:0
10-09 16:16:49.491 30584 30584 I XmlParser: endElement itemName:name user:0
10-09 16:16:49.491 30584 30584 I XmlParser: startElement itemName:define user:0
10-09 16:16:49.491 30584 30584 E XmlParser: startElement mResult:2097152
10-09 16:16:49.491 30584 30584 I XmlParser: endElement itemName:define user:0
10-09 16:16:49.491 30584 30584 I XmlParser: startElement itemName:description user:0
10-09 16:16:49.491 30584 30584 I XmlParser: endElement itemName:description user:0
10-09 16:16:49.491 30584 30584 I XmlParser: endElement itemName:group user:0
10-09 16:16:49.491 30584 30584 I XmlParser: startElement itemName:group user:0
10-09 16:16:49.491 30584 30584 I XmlParser: startElement itemName:id user:0
10-09 16:16:49.491 30584 30584 I XmlParser: endElement itemName:id user:0
10-09 16:16:49.491 30584 30584 I XmlParser: startElement itemName:name user:0
10-09 16:16:49.491 30584 30584 I XmlParser: endElement itemName:name user:0
10-09 16:16:49.491 30584 30584 I XmlParser: startElement itemName:define user:0
10-09 16:16:49.491 30584 30584 I XmlParser: endElement itemName:define user:0
10-09 16:16:49.491 30584 30584 I XmlParser: startElement itemName:description user:0
10-09 16:16:49.491 30584 30584 I XmlParser: endElement itemName:description user:0
10-09 16:16:49.491 30584 30584 I XmlParser: endElement itemName:group user:0
10-09 16:16:49.491 30584 30584 I XmlParser: startElement itemName:group user:0
10-09 16:16:49.491 30584 30584 I XmlParser: startElement itemName:id user:0
10-09 16:16:49.491 30584 30584 I XmlParser: endElement itemName:id user:0
10-09 16:16:49.491 30584 30584 I XmlParser: startElement itemName:name user:0
10-09 16:16:49.491 30584 30584 I XmlParser: endElement itemName:name user:0
10-09 16:16:49.491 30584 30584 I XmlParser: startElement itemName:define user:0
10-09 16:16:49.491 30584 30584 I XmlParser: endElement itemName:define user:0
10-09 16:16:49.491 30584 30584 I XmlParser: startElement itemName:description user:0
10-09 16:16:49.491 30584 30584 I XmlParser: endElement itemName:description user:0
10-09 16:16:49.491 30584 30584 I XmlParser: endElement itemName:group user:0
10-09 16:16:49.491 30584 30584 I XmlParser: startElement itemName:group user:0
10-09 16:16:49.491 30584 30584 I XmlParser: startElement itemName:id user:0
10-09 16:16:49.491 30584 30584 I XmlParser: endElement itemName:id user:0
10-09 16:16:49.491 30584 30584 I XmlParser: startElement itemName:name user:0
10-09 16:16:49.491 30584 30584 I XmlParser: endElement itemName:name user:0
10-09 16:16:49.491 30584 30584 I XmlParser: startElement itemName:define user:0
10-09 16:16:49.491 30584 30584 I XmlParser: endElement itemName:define user:0
10-09 16:16:49.491 30584 30584 I XmlParser: startElement itemName:description user:0
10-09 16:16:49.491 30584 30584 I XmlParser: endElement itemName:description user:0
10-09 16:16:49.491 30584 30584 I XmlParser: endElement itemName:group user:0
10-09 16:16:49.491 30584 30584 I XmlParser: endElement itemName:resource user:0
10-09 16:16:49.491 30584 30584 I libEGL  : egl_cache_t() maxKeySize:1024  maxTotalSize:2097152
10-09 16:16:49.495 30584 30584 I appproc : CLASSPATH=/system/framework/content.jar
10-09 16:16:49.495 30584 30584 I appproc : Command=app_process /system/bin com.android.commands.content.Content call --uri content://settings/secure --method GET_secure --arg enabled_notification_listeners 
10-09 16:16:49.497 30584 30584 I AndroidRuntime: readDownloadBoosterConfig: 'false'
10-09 16:16:49.535 30584 30584 I art     : Reinit property: dalvik.vm.checkjni= false
10-09 16:16:49.541 30584 30584 I HWSERVICES: hwnative_get_component_register:libdrmbitmap,JNI
10-09 16:16:49.544 30584 30584 I Radio-JNI: register_android_hardware_Radio DONE
10-09 16:16:49.545 30584 30584 I android_hardware_fm.cpp: register_android_hardware_fm_fmradio
10-09 16:16:49.545 30584 30584 I android_hardware_fm.cpp: ========64bit long size = 8
10-09 16:16:49.545 30584 30584 I android_hardware_fm.cpp: FM: get chip type = bcm43xx
10-09 16:16:49.546 30584 30584 E fm_if.c : find the id:fm and begins to open the devices
10-09 16:16:49.546 30584 30584 I android_hardware_fm.cpp: register_android_hardware_fm_fmradio, ret is 0
10-09 16:16:49.609  1031  1031 I TrafficMonitor: update:rxPkts:32,txPkts:35,rxBytes:9325,txBytes:2819
10-09 16:16:49.609  1031  1031 I TrafficMonitor: start expired. level:-1
10-09 16:16:49.609  1031  1031 I TrafficMonitor: gettimer:interval=2000
10-09 16:16:49.963 30573 30573 I XmlParser: startElement itemName:resource user:-325771244
10-09 16:16:49.963 30573 30573 I XmlParser: startElement itemName:group user:-325771244
10-09 16:16:49.963 30573 30573 I XmlParser: startElement itemName:id user:-325771244
10-09 16:16:49.963 30573 30573 I XmlParser: endElement itemName:id user:-325771244
10-09 16:16:49.963 30573 30573 I XmlParser: startElement itemName:name user:-325771244
10-09 16:16:49.963 30573 30573 I XmlParser: endElement itemName:name user:-325771244
10-09 16:16:49.963 30573 30573 I XmlParser: startElement itemName:define user:-325771244
10-09 16:16:49.963 30573 30573 I XmlParser: endElement itemName:define user:-325771244
10-09 16:16:49.963 30573 30573 I XmlParser: startElement itemName:description user:-325771244
10-09 16:16:49.963 30573 30573 I XmlParser: endElement itemName:description user:-325771244
10-09 16:16:49.963 30573 30573 I XmlParser: endElement itemName:group user:-325771244
10-09 16:16:49.963 30573 30573 I XmlParser: startElement itemName:group user:-325771244
10-09 16:16:49.963 30573 30573 I XmlParser: startElement itemName:id user:-325771244
10-09 16:16:49.963 30573 30573 I XmlParser: endElement itemName:id user:-325771244
10-09 16:16:49.963 30573 30573 I XmlParser: startElement itemName:name user:-325771244
10-09 16:16:49.963 30573 30573 I XmlParser: endElement itemName:name user:-325771244
10-09 16:16:49.963 30573 30573 I XmlParser: startElement itemName:define user:-325771244
10-09 16:16:49.963 30573 30573 E XmlParser: startElement mResult:1024
10-09 16:16:49.963 30573 30573 I XmlParser: endElement itemName:define user:-325771244
10-09 16:16:49.963 30573 30573 I XmlParser: startElement itemName:description user:-325771244
10-09 16:16:49.963 30573 30573 I XmlParser: endElement itemName:description user:-325771244
10-09 16:16:49.963 30573 30573 I XmlParser: endElement itemName:group user:-325771244
10-09 16:16:49.963 30573 30573 I XmlParser: startElement itemName:group user:-325771244
10-09 16:16:49.963 30573 30573 I XmlParser: startElement itemName:id user:-325771244
10-09 16:16:49.963 30573 30573 I XmlParser: endElement itemName:id user:-325771244
10-09 16:16:49.963 30573 30573 I XmlParser: startElement itemName:name user:-325771244
10-09 16:16:49.963 30573 30573 I XmlParser: endElement itemName:name user:-325771244
10-09 16:16:49.963 30573 30573 I XmlParser: startElement itemName:define user:-325771244
10-09 16:16:49.963 30573 30573 I XmlParser: endElement itemName:define user:-325771244
10-09 16:16:49.963 30573 30573 I XmlParser: startElement itemName:description user:-325771244
10-09 16:16:49.963 30573 30573 I XmlParser: endElement itemName:description user:-325771244
10-09 16:16:49.963 30573 30573 I XmlParser: endElement itemName:group user:-325771244
10-09 16:16:49.963 30573 30573 I XmlParser: startElement itemName:group user:-325771244
10-09 16:16:49.963 30573 30573 I XmlParser: startElement itemName:id user:-325771244
10-09 16:16:49.963 30573 30573 I XmlParser: endElement itemName:id user:-325771244
10-09 16:16:49.963 30573 30573 I XmlParser: startElement itemName:name user:-325771244
10-09 16:16:49.963 30573 30573 I XmlParser: endElement itemName:name user:-325771244
10-09 16:16:49.963 30573 30573 I XmlParser: startElement itemName:define user:-325771244
10-09 16:16:49.963 30573 30573 I XmlParser: endElement itemName:define user:-325771244
10-09 16:16:49.963 30573 30573 I XmlParser: startElement itemName:description user:-325771244
10-09 16:16:49.963 30573 30573 I XmlParser: endElement itemName:description user:-325771244
10-09 16:16:49.963 30573 30573 I XmlParser: endElement itemName:group user:-325771244
10-09 16:16:49.963 30573 30573 I XmlParser: endElement itemName:resource user:-325771244
10-09 16:16:49.963 30573 30573 I XmlParser: startElement itemName:resource user:0
10-09 16:16:49.963 30573 30573 I XmlParser: startElement itemName:group user:0
10-09 16:16:49.964 30573 30573 I XmlParser: startElement itemName:id user:0
10-09 16:16:49.964 30573 30573 I XmlParser: endElement itemName:id user:0
10-09 16:16:49.964 30573 30573 I XmlParser: startElement itemName:name user:0
10-09 16:16:49.964 30573 30573 I XmlParser: endElement itemName:name user:0
10-09 16:16:49.964 30573 30573 I XmlParser: startElement itemName:define user:0
10-09 16:16:49.964 30573 30573 E XmlParser: startElement mResult:2097152
10-09 16:16:49.964 30573 30573 I XmlParser: endElement itemName:define user:0
10-09 16:16:49.964 30573 30573 I XmlParser: startElement itemName:description user:0
10-09 16:16:49.964 30573 30573 I XmlParser: endElement itemName:description user:0
10-09 16:16:49.964 30573 30573 I XmlParser: endElement itemName:group user:0
10-09 16:16:49.964 30573 30573 I XmlParser: startElement itemName:group user:0
10-09 16:16:49.964 30573 30573 I XmlParser: startElement itemName:id user:0
10-09 16:16:49.964 30573 30573 I XmlParser: endElement itemName:id user:0
10-09 16:16:49.964 30573 30573 I XmlParser: startElement itemName:name user:0
10-09 16:16:49.964 30573 30573 I XmlParser: endElement itemName:name user:0
10-09 16:16:49.964 30573 30573 I XmlParser: startElement itemName:define user:0
10-09 16:16:49.964 30573 30573 I XmlParser: endElement itemName:define user:0
10-09 16:16:49.964 30573 30573 I XmlParser: startElement itemName:description user:0
10-09 16:16:49.964 30573 30573 I XmlParser: endElement itemName:description user:0
10-09 16:16:49.964 30573 30573 I XmlParser: endElement itemName:group user:0
10-09 16:16:49.964 30573 30573 I XmlParser: startElement itemName:group user:0
10-09 16:16:49.964 30573 30573 I XmlParser: startElement itemName:id user:0
10-09 16:16:49.964 30573 30573 I XmlParser: endElement itemName:id user:0
10-09 16:16:49.964 30573 30573 I XmlParser: startElement itemName:name user:0
10-09 16:16:49.964 30573 30573 I XmlParser: endElement itemName:name user:0
10-09 16:16:49.964 30573 30573 I XmlParser: startElement itemName:define user:0
10-09 16:16:49.964 30573 30573 I XmlParser: endElement itemName:define user:0
10-09 16:16:49.964 30573 30573 I XmlParser: startElement itemName:description user:0
10-09 16:16:49.964 30573 30573 I XmlParser: endElement itemName:description user:0
10-09 16:16:49.964 30573 30573 I XmlParser: endElement itemName:group user:0
10-09 16:16:49.964 30573 30573 I XmlParser: startElement itemName:group user:0
10-09 16:16:49.964 30573 30573 I XmlParser: startElement itemName:id user:0
10-09 16:16:49.964 30573 30573 I XmlParser: endElement itemName:id user:0
10-09 16:16:49.964 30573 30573 I XmlParser: startElement itemName:name user:0
10-09 16:16:49.964 30573 30573 I XmlParser: endElement itemName:name user:0
10-09 16:16:49.964 30573 30573 I XmlParser: startElement itemName:define user:0
10-09 16:16:49.964 30573 30573 I XmlParser: endElement itemName:define user:0
10-09 16:16:49.964 30573 30573 I XmlParser: startElement itemName:description user:0
10-09 16:16:49.964 30573 30573 I XmlParser: endElement itemName:description user:0
10-09 16:16:49.964 30573 30573 I XmlParser: endElement itemName:group user:0
10-09 16:16:49.964 30573 30573 I XmlParser: endElement itemName:resource user:0
10-09 16:16:49.964 30573 30573 I libEGL  : egl_cache_t() maxKeySize:1024  maxTotalSize:2097152
10-09 16:16:49.966 30573 30573 E libfingersense_wrapper: Couldn't load FingerSense library with dlopen(). Error: dlopen failed: library "libfingersense.so" not found
10-09 16:16:49.973 30573 30573 I appproc : CLASSPATH=:/data/app/com.qihoo.appstore-1/base.apk
10-09 16:16:49.973 30573 30573 I appproc : Command=app_process32 / com.qihoo.appstore.rootcommand.persistent.CoreDaemon --nice-name=com.qihoo.appstore_CoreDaemon --daemon 
10-09 16:16:49.979 30573 30573 I AndroidRuntime: readDownloadBoosterConfig: 'false'
10-09 16:16:50.040  1031  1513 E HwCHRWebMonitor: WebMonitor [mNetWorkIsSuck=0 mUIDIsSuck=]  WebSpeed [WEBSENDSEGS=54  WEBRESENDSEGS=0  WEBRECVSEGS=40  WEBERRSEGS=0  WEBOUTRSTS=2  WEBESTABLISRST=1  WEBRTTDURATION=726  WEBRTTSEGS=24  WEBSRTT=232  WEBSNDDUPACKS=0  SENDSEGS=0  RESENDSEGS=0  RECVSEGS=0  ERRSEGS=0  OUTRSTS=0  ESTABLISRST=0  RTTDURATION=0  RTTSEGS=0  SNDDUPACKS=0  suckTimes=0 recovage_times=0]
10-09 16:16:50.040  1031  1513 E HwCHRWifiRSSIGroupSummery: updateTcpSummery mRSSI:-55  HwCHRWifiRSSIGroup [rssi_index=4, rtt_tcp_packets=3254, rtt_tcp_duration=105573, rtt_lan_duration=1515, rtt_lan_failures=0, rtt_lan_succ=96, rtt_lan_max=65, rtt_lan_min=2,same_area_frequency=0,adjacent_area_frequency=0]
10-09 16:16:50.047  1031  1513 E HwCHRWebMonitor: HwCHRWifiPacketCnt [mTXGood=131, mTXbad=1, mRXGood=68] rssi=-55
10-09 16:16:50.047  1031  1513 E HwCHRWebMonitor: Good NetWork Traffic , so mOnAppSuckTime, mUnModifyCount reset 0
10-09 16:16:50.078 30573 30573 W System  : ClassLoader referenced unknown path: 
10-09 16:16:50.081 30573 30573 W System  : ClassLoader referenced unknown path: 
10-09 16:16:50.081 30573 30573 I art     : Reinit property: dalvik.vm.checkjni= false
10-09 16:16:50.096 30573 30573 I HWSERVICES: hwnative_get_component_register:libdrmbitmap,JNI
10-09 16:16:50.104 30573 30573 I Radio-JNI: register_android_hardware_Radio DONE
10-09 16:16:50.108 30573 30573 I android_hardware_fm.cpp: register_android_hardware_fm_fmradio
10-09 16:16:50.108 30573 30573 I android_hardware_fm.cpp: ========32bit long size = 4
10-09 16:16:50.108 30573 30573 I android_hardware_fm.cpp: FM: get chip type = bcm43xx
10-09 16:16:50.109 30573 30573 E fm_if.c : find the id:fm and begins to open the devices
10-09 16:16:50.110 30573 30573 I android_hardware_fm.cpp: register_android_hardware_fm_fmradio, ret is 0
10-09 16:16:50.283 30605 30605 E CoreDaemon: getProcessName com.qihoo.appstore_CoreDaemon
10-09 16:16:50.297 30606 30606 E CoreDaemon: getProcessName com.qihoo.appstore_CoreDaemon
10-09 16:16:51.092  1031  1454 E WifiConfigManager: updateConfiguration freq=2462 BSSID=04:bd:88:4f:29:c5 RSSI=-55 "Autohome Inc.-Staff"WPA_EAP
10-09 16:16:51.611  1031  1031 I TrafficMonitor: update:rxPkts:6,txPkts:0,rxBytes:780,txBytes:0
10-09 16:16:51.611  1031  1031 I TrafficMonitor: start expired. level:-1
10-09 16:16:51.611  1031  1031 I TrafficMonitor: gettimer:interval=2000
10-09 16:16:53.613  1031  1031 I TrafficMonitor: update:rxPkts:8,txPkts:0,rxBytes:936,txBytes:0
10-09 16:16:53.613  1031  1031 I TrafficMonitor: start expired. level:-1
10-09 16:16:53.613  1031  1031 I TrafficMonitor: gettimer:interval=2000
10-09 16:16:54.109  1031  1454 E WifiConfigManager: updateConfiguration freq=2462 BSSID=04:bd:88:4f:29:c5 RSSI=-55 "Autohome Inc.-Staff"WPA_EAP
10-09 16:16:54.455  1031  1192 I EventHub: EventHub monitor: no key events in the past 87s, no motion events in the past 87s
10-09 16:16:54.610  1031  1031 I TrafficMonitor: expired arrive. level:-1
10-09 16:16:54.610  1031  1031 I TrafficMonitor: during_ms:2003,period_ms:2000
10-09 16:16:54.610  1031  1031 I TrafficMonitor: count:348,rx_sum:8,tx_sum:0,rxBytes:936,during_ms:2003,rx_speed:467.29905142286566,tx_speed:0.0,rto:0.0
10-09 16:16:54.805 20837 20837 I SendBroadcastPermission: action:com.huawei.appmarket.service.downloadservice.Receiver, mPermissionType:0
10-09 16:16:54.805  2623  2623 I HwLauncher: LauncherDownloadModel onReceive intent=Intent { act=android.intent.action.PACKAGE_CHANGED dat=package:com.qihoo.appstore flg=0x44000010 (has extras) }
10-09 16:16:54.814 20837 20837 I SendBroadcastPermission: action:com.huawei.appmarket.service.downloadservice.Receiver, mPermissionType:0
10-09 16:16:54.816  2623  2623 I HwLauncher: SimpleLauncherModeaction= android.intent.action.PACKAGE_CHANGEDpackageName = com.qihoo.appstore
10-09 16:16:54.817  2623  2623 I HwLauncher: LauncherDownloadModel onReceive intent=Intent { act=com.huawei.appmarket.service.downloadservice.Receiver flg=0x10 }
10-09 16:16:54.817  2623  2623 W HwLauncher: get getBundleExtra with downloadtask all return null!
10-09 16:16:54.817  2623  2778 I HwLauncher: SimpleLauncherModemAllAppsList.updatePackage com.qihoo.appstore
10-09 16:16:54.818  2623  2623 I HwLauncher: LauncherDownloadModel onReceive intent=Intent { act=com.huawei.appmarket.service.downloadservice.Receiver flg=0x10 }
10-09 16:16:54.818  2623  2623 W HwLauncher: get getBundleExtra with downloadtask all return null!
10-09 16:16:54.821  2623  2778 I HwLauncher: SimpleAllAppsList  updatePackage : package[com.qihoo.appstore] matched activity's size is 1 and data List size is 0
10-09 16:16:54.825 17389 17423 W ResourceType: For resource 0x7f020e8c, entry index(3724) is beyond type entryCount(582)
10-09 16:16:54.825 17389 17423 W ResourceType: Failure getting entry for 0x7f020e8c (t=1 e=3724) (error -75)
10-09 16:16:54.825 17389 17423 W ResourceType: For resource 0x7f020e8c, entry index(3724) is beyond type entryCount(582)
10-09 16:16:54.825 17389 17423 W ResourceType: Failure getting entry for 0x7f020e8c (t=1 e=3724) (error -75)
10-09 16:16:54.825 17389 17423 W ResourceType: For resource 0x7f020e8c, entry index(3724) is beyond type entryCount(582)
10-09 16:16:54.825 17389 17423 W ResourceType: Failure getting entry for 0x7f020e8c (t=1 e=3724) (error -75)
10-09 16:16:54.829  2623  2778 I HwLauncher: Launcher.LauncherProvider  queried count: 0
10-09 16:16:54.831 17389 17423 W Contacts: AccountTypeManager Skipping extension package com.google.android.apps.plus because it doesn't have the CONTACTS_STRUCTURE metadata
10-09 16:16:54.842  2623  2778 I HwLauncher: SimpleAllAppsList  findAndUpdateInfoInDB : found 0 shortcutInfo for package[com.qihoo.appstore] in db
10-09 16:16:54.842  2623  2778 I HwLauncher: SimpleAllAppsList  updatePackage do not add new SimpleApplicationInfo,It's in normal now. package = com.qihoo.appstore
10-09 16:16:54.842  2623  2778 W HwLauncher: SimpleLauncherModeNobody to tell about the new app.  Launcher is probably loading.
10-09 16:16:54.855  1031  1440 I InputReader: Reconfiguring input devices.  changes=0x00000010
10-09 16:16:55.027  1031  1146 W Searchables: No global search activity found
10-09 16:16:55.041  1031  1513 E HwCHRWebMonitor: WebMonitor [mNetWorkIsSuck=0 mUIDIsSuck=]  WebSpeed [WEBSENDSEGS=0  WEBRESENDSEGS=0  WEBRECVSEGS=0  WEBERRSEGS=0  WEBOUTRSTS=0  WEBESTABLISRST=0  WEBRTTDURATION=0  WEBRTTSEGS=0  WEBSRTT=232  WEBSNDDUPACKS=0  SENDSEGS=0  RESENDSEGS=0  RECVSEGS=0  ERRSEGS=0  OUTRSTS=0  ESTABLISRST=0  RTTDURATION=0  RTTSEGS=0  SNDDUPACKS=0  suckTimes=0 recovage_times=0]
10-09 16:16:55.041  1031  1513 E HwCHRWifiRSSIGroupSummery: updateTcpSummery mRSSI:-56  HwCHRWifiRSSIGroup [rssi_index=4, rtt_tcp_packets=3254, rtt_tcp_duration=105573, rtt_lan_duration=1515, rtt_lan_failures=0, rtt_lan_succ=96, rtt_lan_max=65, rtt_lan_min=2,same_area_frequency=0,adjacent_area_frequency=0]
10-09 16:16:55.043  1031  1513 E HwCHRWebMonitor: HwCHRWifiPacketCnt [mTXGood=0, mTXbad=0, mRXGood=25] rssi=-56
10-09 16:16:55.044  1031  1513 E HwCHRWebMonitor: running processName=cn.com.autohome.travel
10-09 16:16:55.048  1031  1146 I SendBroadcastPermission: action:android.search.action.SEARCHABLES_CHANGED, mPermissionType:0
10-09 16:16:55.049  1031  1513 E HwCHRWifiLinkMonitor: HwCHRWifiBcmIncrCounterLst [txbyte=13548  txframe=78  txnoassoc=0  txphyerror=0  txctl=88  txfail=1  txphyerr=0  txfrmsnt=164  txnoack=18  txfrag=164  txnocts=17  txrts=59  txnobuf=0  txallfrm=417  txerror=0  txretrans=25  rxbyte=27830  rxframe=173  rxbadfcs=490  rxbadplcp=111  rxmulti=110  rxfrag=546  rxctl=286  rxbadcm=0  rxnobuf=0  rxcrsglitch=11028  rxbadds=0  rxnondata=0  rxmulti=110  reset=0  rxdfrmocast=168  rxmfrmocast=283  rxdfrmucastmbss=63  rxmfrmucastmbss=55  rxbeaconmbss=190  rxdfmucastobss=0  rxbeaconobss=926  rxstrt=3919  rxcfrmocast=952  rxcfrmucast=222  rxdfrmmcast=242  rxmfrmmcast=1145  rxcfrmmcast=0  ]
10-09 16:16:55.059  1031  1146 I LocationProviderProxy-fused: bindBestPackage for com.android.location.service.FusedLocationProvider :  found 3, new best component: ComponentInfo{com.amap.android.ams/com.amap.android.ams.fused.framework.FusedLocationService}
10-09 16:16:55.060  2623  2623 I HwLauncher: Model onPackageChanged packageName = com.qihoo.appstore user = UserHandle{0}
