10-09 16:11:54.329 29067 29067 W System.err: 	at android.app.ActivityThread.-wrap23(ActivityThread.java)
10-09 16:11:54.329 29067 29067 W System.err: 	at android.app.ActivityThread$H.handleMessage(ActivityThread.java:1674)
10-09 16:11:54.329 29067 29067 W System.err: 	at android.os.Handler.dispatchMessage(Handler.java:105)
10-09 16:11:54.329 29067 29067 W System.err: 	at android.os.Looper.loop(Looper.java:156)
10-09 16:11:54.330 29067 29067 W System.err: 	at android.app.ActivityThread.main(ActivityThread.java:6523)
10-09 16:11:54.330 29067 29067 W System.err: 	at java.lang.reflect.Method.invoke(Native Method)
10-09 16:11:54.330 29067 29067 W System.err: 	at com.android.internal.os.ZygoteInit$MethodAndArgsCaller.run(ZygoteInit.java:941)
10-09 16:11:54.330 29067 29067 W System.err: 	at com.android.internal.os.ZygoteInit.main(ZygoteInit.java:831)
10-09 16:11:54.427  1031  1513 I chatty  : uid=1000(system) WiFiArpStateMac expire 25 lines
10-09 16:11:55.185 29067 29067 W System.err: java.lang.NoSuchMethodException: registerScreenActionReceiver [class android.content.Context]
10-09 16:11:55.185 29067 29067 W System.err: 	at java.lang.Class.getMethod(Class.java:1981)
10-09 16:11:55.185 29067 29067 W System.err: 	at java.lang.Class.getDeclaredMethod(Class.java:1960)
10-09 16:11:55.185 29067 29067 W System.err: 	at com.stub.plugin.Stub02.onStartCommand(Native Method)
10-09 16:11:55.185 29067 29067 W System.err: 	at android.app.ActivityThread.handleServiceArgs(ActivityThread.java:3476)
10-09 16:11:55.185 29067 29067 W System.err: 	at android.app.ActivityThread.-wrap23(ActivityThread.java)
10-09 16:11:55.185 29067 29067 W System.err: 	at android.app.ActivityThread$H.handleMessage(ActivityThread.java:1674)
10-09 16:11:55.185 29067 29067 W System.err: 	at android.os.Handler.dispatchMessage(Handler.java:105)
10-09 16:11:55.185 29067 29067 W System.err: 	at android.os.Looper.loop(Looper.java:156)
10-09 16:11:55.185 29067 29067 W System.err: 	at android.app.ActivityThread.main(ActivityThread.java:6523)
10-09 16:11:55.185 29067 29067 W System.err: 	at java.lang.reflect.Method.invoke(Native Method)
10-09 16:11:55.185 29067 29067 W System.err: 	at com.android.internal.os.ZygoteInit$MethodAndArgsCaller.run(ZygoteInit.java:941)
10-09 16:11:55.185 29067 29067 W System.err: 	at com.android.internal.os.ZygoteInit.main(ZygoteInit.java:831)
10-09 16:12:00.368  1031  1524 I chatty  : uid=1000(system) HuaweiWifiWatch expire 16 lines
10-09 16:12:03.732  2452  2452 I iMonitor: create: 903001011
10-09 16:12:03.740  2452  2452 I iMonitor: send: 903001011
10-09 16:12:03.741   521   899 I logserver: handle_exception_events enter
10-09 16:12:03.741  2452  2452 W PTM.PeriodCheckManager: mSendService start
10-09 16:12:03.757  2452  2773 E LogCollectService: illegal eventid
10-09 16:12:04.160  1031  1031 I chatty  : uid=1000 system_server expire 35 lines
10-09 16:12:08.376  1031  1522 I chatty  : uid=1000(system) Thread-13 expire 14 lines
10-09 16:12:18.192  1031  1031 I chatty  : uid=1000 system_server expire 48 lines
10-09 16:12:20.499  1031  1513 I chatty  : uid=1000(system) WiFiArpStateMac expire 17 lines
10-09 16:12:24.385  1031  1454 I chatty  : uid=1000(system) WifiStateMachin expire 7 lines
10-09 16:12:24.393  1031  1524 I chatty  : uid=1000(system) HuaweiWifiWatch expire 11 lines
10-09 16:12:24.444  1031  1192 I chatty  : uid=1000(system) android.fg expire 5 lines
10-09 16:12:32.415  1031  3500 I chatty  : uid=1000(system) MobileQosDetect expire 5 lines
10-09 16:12:38.000   504   504 E Thermal-daemon: [charger_ic] temp_new :30  temp_old :31
10-09 16:12:38.000   504   504 E Thermal-daemon: Report temperature: [charger_ic] temp :30  report_threshold:1
10-09 16:12:38.237  1031  1031 I chatty  : uid=1000 system_server expire 63 lines
10-09 16:12:40.414  1031  1522 I chatty  : uid=1000(system) Thread-13 expire 12 lines
10-09 16:12:41.547  1031  1513 I chatty  : uid=1000(system) WiFiArpStateMac expire 21 lines
10-09 16:12:43.006   504   504 E Thermal-daemon: [charger_ic] temp_new :31  temp_old :30
10-09 16:12:43.006   504   504 E Thermal-daemon: Report temperature: [charger_ic] temp :31  report_threshold:1
10-09 16:12:44.023  1645  1645 W KeyguardUpdateMonitor: ACTION_BATTERY_CHANGED AMP: 0; Volt: 0
10-09 16:12:44.030  1645  1645 W KeyguardUpdateMonitor: ChargingSpeed  Wattage: -1 ST: 5000000 --> 7500000
10-09 16:12:44.030  1645  1645 I KgBattery: BatteryInfo updated:  2lPc-1
10-09 16:12:44.030  1645  1645 W AppHandler: sendMessage with obj100
10-09 16:12:44.034 19394 19600 I CloudAlbum[8.0.1.304]: [OperationUtil] cancelNotify
10-09 16:12:44.055  1645  1645 W KgBattery: getCharge info with type: text
10-09 16:12:44.059  1645  1645 W HwLockScreenPanel: Handle message: 100
10-09 16:12:44.059  1645  1645 W HwLockScreenPanel: refreshBatteryInfo: null
10-09 16:12:44.077  1645  1645 W HwKeyguardDragHelper: AnimationBlocked
10-09 16:12:44.078  1645  1645 W PanelView: set notification panel padding = 2552
10-09 16:12:47.087  1645  1645 W KeyguardUpdateMonitor: ACTION_BATTERY_CHANGED AMP: 0; Volt: 0
10-09 16:12:47.093  1645  1645 W KeyguardUpdateMonitor: ChargingSpeed  Wattage: -1 ST: 5000000 --> 7500000
10-09 16:12:47.093  1645  1645 I KgBattery: BatteryInfo updated:  2lPc-1
10-09 16:12:47.093  1645  1645 W AppHandler: sendMessage with obj100
10-09 16:12:47.100 19394 19600 I CloudAlbum[8.0.1.304]: [OperationUtil] cancelNotify
10-09 16:12:47.116  1645  1645 W KgBattery: getCharge info with type: text
10-09 16:12:47.120  1645  1645 W HwLockScreenPanel: Handle message: 100
10-09 16:12:47.120  1645  1645 W HwLockScreenPanel: refreshBatteryInfo: null
10-09 16:12:47.139  1645  1645 W HwKeyguardDragHelper: AnimationBlocked
10-09 16:12:47.140  1645  1645 W PanelView: set notification panel padding = 2552
10-09 16:12:48.422  1031  1524 I chatty  : uid=1000(system) HuaweiWifiWatch expire 12 lines
10-09 16:13:03.022   504   504 E Thermal-daemon: [charger_ic] temp_new :30  temp_old :31
10-09 16:13:03.023   504   504 E Thermal-daemon: Report temperature: [charger_ic] temp :30  report_threshold:1
10-09 16:13:04.298  1031  1031 I chatty  : uid=1000 system_server expire 17 lines
10-09 16:13:04.441  1031  1522 I chatty  : uid=1000(system) Thread-13 expire 4 lines
10-09 16:13:07.554  1031  1513 I chatty  : uid=1000(system) WiFiArpStateMac expire 17 lines
10-09 16:13:08.026   504   504 E Thermal-daemon: [charger_ic] temp_new :31  temp_old :30
10-09 16:13:08.026   504   504 E Thermal-daemon: Report temperature: [charger_ic] temp :31  report_threshold:1
10-09 16:13:12.443  1031  1031 I chatty  : uid=1000 system_server expire 19 lines
10-09 16:13:12.443  1031  1524 I chatty  : uid=1000(system) HuaweiWifiWatch expire 28 lines
10-09 16:13:12.444  1031  1522 I chatty  : uid=1000(system) Thread-13 expire 36 lines
10-09 16:13:12.453  1031  3500 I chatty  : uid=1000(system) MobileQosDetect expire 8 lines
10-09 16:13:17.172  1645  1645 W KeyguardUpdateMonitor: ACTION_BATTERY_CHANGED AMP: 0; Volt: 0
10-09 16:13:17.181 19394 19600 I CloudAlbum[8.0.1.304]: [OperationUtil] cancelNotify
10-09 16:13:17.181  1645  1645 W KeyguardUpdateMonitor: ChargingSpeed  Wattage: -1 ST: 5000000 --> 7500000
10-09 16:13:17.181  1645  1645 I KgBattery: BatteryInfo updated:  2lPc-1
10-09 16:13:17.181  1645  1645 W AppHandler: sendMessage with obj100
10-09 16:13:17.202  1645  1645 W KgBattery: getCharge info with type: text
10-09 16:13:17.206  1645  1645 W HwLockScreenPanel: Handle message: 100
10-09 16:13:17.206  1645  1645 W HwLockScreenPanel: refreshBatteryInfo: null
10-09 16:13:17.224  1645  1645 W HwKeyguardDragHelper: AnimationBlocked
10-09 16:13:17.225  1645  1645 W PanelView: set notification panel padding = 2552
10-09 16:13:20.445  1031  1454 I chatty  : uid=1000(system) WifiStateMachin expire 10 lines
10-09 16:13:23.037   504   504 E Thermal-daemon: [charger_ic] temp_new :30  temp_old :31
10-09 16:13:23.037   504   504 E Thermal-daemon: Report temperature: [charger_ic] temp :30  report_threshold:1
10-09 16:13:23.325  1031  1031 I chatty  : uid=1000 system_server expire 82 lines
10-09 16:13:24.449  1031  1192 I chatty  : uid=1000(system) android.fg expire 2 lines
10-09 16:13:27.667  1031  1513 I chatty  : uid=1000(system) WiFiArpStateMac expire 31 lines
10-09 16:14:03.780  2452  2452 I iMonitor: create: 903001011
10-09 16:14:03.783  1031  1513 I chatty  : uid=1000(system) WiFiArpStateMac expire 7 lines
10-09 16:14:03.787  2452  2452 I iMonitor: send: 903001011
10-09 16:14:03.787   521   899 I logserver: handle_exception_events enter
10-09 16:14:03.787  2452  2452 W PTM.PeriodCheckManager: mSendService start
10-09 16:14:03.802  2452  2773 E LogCollectService: illegal eventid
10-09 16:14:08.394  1031  1031 I chatty  : uid=1000 system_server expire 11 lines
10-09 16:14:08.501  1031  1454 I chatty  : uid=1000(system) WifiStateMachin expire 1 line
10-09 16:14:08.508  1031  1524 I chatty  : uid=1000(system) HuaweiWifiWatch expire 4 lines
10-09 16:14:08.509  1031  1522 I chatty  : uid=1000(system) Thread-13 expire 16 lines
10-09 16:14:13.403  1031  1031 I chatty  : uid=1000 system_server expire 46 lines
10-09 16:14:14.778  1031  1513 I chatty  : uid=1000(system) WiFiArpStateMac expire 21 lines
10-09 16:14:16.509  1031  1454 I chatty  : uid=1000(system) WifiStateMachin expire 11 lines
10-09 16:14:16.516  1031  1524 I chatty  : uid=1000(system) HuaweiWifiWatch expire 14 lines
10-09 16:14:16.527  1031  3500 I chatty  : uid=1000(system) MobileQosDetect expire 6 lines
10-09 16:14:17.185 19394 19416 I AppLogManager: PrintWoker poll timeout , shutdown
10-09 16:14:17.332  1645  1645 W KeyguardUpdateMonitor: ACTION_BATTERY_CHANGED AMP: 0; Volt: 0
10-09 16:14:17.340  1645  1645 W KeyguardUpdateMonitor: ChargingSpeed  Wattage: -1 ST: 5000000 --> 7500000
10-09 16:14:17.340  1645  1645 I KgBattery: BatteryInfo updated:  2lPc-1
10-09 16:14:17.340  1645  1645 W AppHandler: sendMessage with obj100
10-09 16:14:17.347 19394 19600 I CloudAlbum[8.0.1.304]: [OperationUtil] cancelNotify
10-09 16:14:17.362  1645  1645 W KgBattery: getCharge info with type: text
10-09 16:14:17.366  1645  1645 W HwLockScreenPanel: Handle message: 100
10-09 16:14:17.366  1645  1645 W HwLockScreenPanel: refreshBatteryInfo: null
10-09 16:14:17.384  1645  1645 W HwKeyguardDragHelper: AnimationBlocked
10-09 16:14:17.385  1645  1645 W PanelView: set notification panel padding = 2552
10-09 16:14:24.450  1031  1192 I chatty  : uid=1000(system) android.fg expire 2 lines
10-09 16:14:36.808  1645  1645 W KeyguardUpdateMonitor: ACTION_BATTERY_CHANGED AMP: 0; Volt: 0
10-09 16:14:36.817  1031  8541 I chatty  : uid=1000(system) Binder:1031_12 expire 1 line
10-09 16:14:36.819  1645  1645 W KeyguardUpdateMonitor: ChargingSpeed  Wattage: -1 ST: 5000000 --> 7500000
10-09 16:14:36.819  1645  1645 I KgBattery: BatteryInfo updated:  2lPc-1
10-09 16:14:36.819  1645  1645 W AppHandler: sendMessage with obj100
10-09 16:14:36.832 19394 19600 I CloudAlbum[8.0.1.304]: [OperationUtil] cancelNotify
10-09 16:14:36.859  1645  1645 W KgBattery: getCharge info with type: text
10-09 16:14:36.862  1645  1645 W HwLockScreenPanel: Handle message: 100
10-09 16:14:36.863  1645  1645 W HwLockScreenPanel: refreshBatteryInfo: null
10-09 16:14:36.872  1031  8543 I chatty  : uid=1000(system) Binder:1031_13 expire 2 lines
10-09 16:14:36.880  1645  1645 W HwKeyguardDragHelper: AnimationBlocked
10-09 16:14:36.880  1645  1645 W PanelView: set notification panel padding = 2552
10-09 16:14:37.436  1031  1031 I chatty  : uid=1000 system_server expire 30 lines
10-09 16:14:40.548  1031  1524 I chatty  : uid=1000(system) HuaweiWifiWatch expire 8 lines
10-09 16:14:40.548  1031  1522 I chatty  : uid=1000(system) Thread-13 expire 8 lines
10-09 16:14:40.786  1031  1513 I chatty  : uid=1000(system) WiFiArpStateMac expire 15 lines
10-09 16:14:43.102   504   504 E Thermal-daemon: [charger_ic] temp_new :31  temp_old :30
10-09 16:14:43.102   504   504 E Thermal-daemon: Report temperature: [charger_ic] temp :31  report_threshold:1
10-09 16:14:44.022  1645  1645 W KeyguardUpdateMonitor: ACTION_BATTERY_CHANGED AMP: 0; Volt: 0
10-09 16:14:44.030  1645  1645 W KeyguardUpdateMonitor: ChargingSpeed  Wattage: -1 ST: 5000000 --> 7500000
10-09 16:14:44.031  1645  1645 I KgBattery: BatteryInfo updated:  2lPc-1
10-09 16:14:44.031  1645  1645 W AppHandler: sendMessage with obj100
10-09 16:14:44.031 19394 19600 I CloudAlbum[8.0.1.304]: [OperationUtil] cancelNotify
10-09 16:14:44.051  1645  1645 W KgBattery: getCharge info with type: text
10-09 16:14:44.055  1645  1645 W HwLockScreenPanel: Handle message: 100
10-09 16:14:44.055  1645  1645 W HwLockScreenPanel: refreshBatteryInfo: null
10-09 16:14:44.074  1645  1645 W HwKeyguardDragHelper: AnimationBlocked
10-09 16:14:44.075  1645  1645 W PanelView: set notification panel padding = 2552
10-09 16:14:48.107   504   504 E Thermal-daemon: [charger_ic] temp_new :30  temp_old :31
10-09 16:14:48.108   504   504 E Thermal-daemon: Report temperature: [charger_ic] temp :30  report_threshold:1
10-09 16:14:48.367  1972  2203 I K3V3CpuGovernorPolicy: set scene Hmp policy : 300 , 150
10-09 16:14:48.377  1031  1440 I chatty  : uid=1000(system) InputReader expire 2 lines
10-09 16:14:48.377  1031  1031 I chatty  : uid=1000 system_server expire 17 lines
10-09 16:14:48.377  1645  1853 W HwLockScreenReporter: report result: false type:122 msg:
10-09 16:14:48.377  1645  1853 W AppHandler: sendMessage 14
10-09 16:14:48.377  1645  1645 I KeyguardUpdateMonitor: Ignore update FP: 0 false
10-09 16:14:48.378  1031  1206 I chatty  : uid=1000(system) PowerManagerSer expire 3 lines
10-09 16:14:48.378  1645  1645 E KeyguardUpdateMonitor: isSimPinSecure mSimDatas is null or empty 
10-09 16:14:48.378  1645  1645 W HwLockScreenPanel: createLockScreenView when reset
10-09 16:14:48.379  1645  1645 I HwLockScreenPanel: loadMagazine
10-09 16:14:48.382  1645  1645 W HwLockScreenPanel: Handle message: 14
10-09 16:14:48.385  1645  1645 W DisabledFeatureUtils: Dis-Feature : 0
10-09 16:14:48.391   518   518 E Parcel  : Reading a NULL string not supported here.
10-09 16:14:48.391   518   518 E Parcel  : Reading a NULL string not supported here.
10-09 16:14:48.396  1031 15723 I chatty  : uid=1000(system) Binder:1031_19 expire 2 lines
10-09 16:14:48.397  2827  2827 I InCall  : CallList - no active call 
10-09 16:14:48.404  1972  2086 I SensorState: sensor:4 enable:true uid:10045
10-09 16:14:48.405  1972  2086 I PGServer: report state:4 event type:1 pid:4 uid:10045 pkg:null to pid: 1031
10-09 16:14:48.405  1972  2086 I SensorState: addSensor,mHandles:{4=1}
10-09 16:14:48.412   642  1479 I soundtrigger_msg: sound_trigger_set_parameters:set_parameters string![screen_state=on]
10-09 16:14:48.413  1972  2086 I AppManager: no high cpu load
10-09 16:14:48.420  1645  1645 W HwKeyguardDragHelper: AnimationBlocked
10-09 16:14:48.420  1645  1645 W PanelView: set notification panel padding = 2552
10-09 16:14:48.420  1645  1645 E BokehDrawable: BlurBitmap  draw super 0.0
10-09 16:14:48.420  1645  1645 E BokehDrawable: BlurBitmap  draw super 0.0
10-09 16:14:48.427  2003  2292 W PhoneInterfaceManager: shouldBlockLocation running ...
10-09 16:14:48.427  2003  2292 I PhoneInterfaceManager: shouldBlockLocation  ret:false
10-09 16:14:48.427  1031  1462 I chatty  : uid=1000(system) WifiScanningSer expire 3 lines
10-09 16:14:48.438  1031  1521 I chatty  : uid=1000(system) HwIntelligenceS expire 9 lines
10-09 16:14:48.442  1645  1645 W DisabledFeatureUtils: Dis-Feature : 0
10-09 16:14:48.448   485   532 I gralloc : alloc_device_alloc:564: Alloc handle(0x793285c200): interfmt=200000001, stride=1472, size=15310848, usage=0xb00
10-09 16:14:48.552  1645  1746 I EventCenter: ContentChange for slot: 1
10-09 16:14:48.552   485   485 W SurfaceFlinger: Couldn't set SCHED_FIFO on display on
10-09 16:14:48.552  1645  1746 I EventCenter: ContentChange for slot: 1
10-09 16:14:48.553  1645  1746 I EventCenter: ContentChange for slot: 1
10-09 16:14:48.554  1645  1746 I EventCenter: ContentChange for slot: 1
10-09 16:14:48.565  1645  1645 W HwKeyguardDragHelper: AnimationBlocked
10-09 16:14:48.566  1645  1645 W PanelView: set notification panel padding = 2552
10-09 16:14:48.568  1645  1746 I EventCenter: ContentChange for slot: 1
10-09 16:14:48.568  1031  1056 I chatty  : uid=1000(system) Binder:1031_1 expire 3 lines
10-09 16:14:48.569  1645  1645 I HwLockScreenReporter: report msg is :{picture: magazine-unlock-04-2.3.752-_4a8aaf6fd40b4a469d0e59b34b1a4917.jpg}
10-09 16:14:48.569  1645  1645 W HwLockScreenReporter: report result: false type:162 msg:{picture: magazine-unlock-04-2.3.752-_4a8aaf6fd40b4a469d0e59b34b1a4917.jpg, channelId: 04}
10-09 16:14:48.570  1645  1645 I HwBrightnessUtils: APS brightness=68.0,ConvertToPercentage=0.46803814
10-09 16:14:48.580  2003  9105 W PhoneInterfaceManager: shouldBlockLocation running ...
10-09 16:14:48.587  2003  9105 I PhoneInterfaceManager: shouldBlockLocation  ret:false
10-09 16:14:48.589   491   555 I aptouch_daemon: 1507536888589,void filter_set_filter_status(enum tp_filter_status_enum), notify tp_filter status=1!
10-09 16:14:48.589   491   555 I aptouch_daemon: 1507536888589,void filter_logfunc(const char *), void tp_filter_suspend_resume(int) end, state(0/1:suspend/resume)=1
10-09 16:14:48.590  1972  2203 I ash     : ash->screen on
10-09 16:14:48.597  1031  1951 I chatty  : uid=1000(system) LocationThread expire 2 lines
10-09 16:14:48.598  1031 15724 I chatty  : uid=1000(system) Binder:1031_1A expire 1 line
10-09 16:14:48.616  2452  2452 I HourObserver: enter into handleScrnOnOffTimeStats, scrnOn = true, mIsPreScrnOn = false, mScrnSwitchTime = 1507536176348, occurTime = 1507536888615, delta = 712267, mScrnOffAccTime = 0, mScrnOnAccTime = 0
10-09 16:14:48.616  2452  2452 I HourObserver: left handleScrnOnOffTimeStats, mScrnOffAccTime = 712267, mScrnOffAccTime = 712267, mScrnOnAccTime = 0
10-09 16:14:48.628  1972  2086 I BatteryMonitor: screen off: 17m44s, awake: 17m44s wakeups: 13, battery changed: 4
10-09 16:14:48.629  1031 17845 I chatty  : uid=1000(system) Binder:1031_1B expire 15 lines
10-09 16:14:48.636  5755  5755 E HwSystemManager: MemCPUMonitor:startTimerMonitor isCompleted = true
10-09 16:14:48.657 19394 19394 I hisync-findmyphone.WlanScanReceiver: WlanScanReceiver onReceive action:android.net.wifi.SCAN_RESULTS
10-09 16:14:48.666  2607  2739 W trace_@_16_2_@: @_16_2_5_@14
10-09 16:14:48.666 19394 19394 I hisync-findmyphone.WlanScanReceiver: scanResults: 14
10-09 16:14:48.674  2607  2764 E JNILoad : idv_verify faild
10-09 16:14:48.674  2607  2764 E JNILoad : idv_verify faild
10-09 16:14:48.674  2607  2764 E JNILoad : idv_verify faild
10-09 16:14:48.674  2607  2764 E JNILoad : idv_verify faild
10-09 16:14:48.674  2607  2764 E JNILoad : idv_verify faild
10-09 16:14:48.674  2607  2764 E JNILoad : idv_verify faild
10-09 16:14:48.674  2607  2764 E JNILoad : idv_verify faild
10-09 16:14:48.675  2607  2764 E JNILoad : idv_verify faild
10-09 16:14:48.675  2607  2764 E JNILoad : idv_verify faild
10-09 16:14:48.675  2607  2764 E JNILoad : idv_verify faild
10-09 16:14:48.675  2607  2764 E JNILoad : idv_verify faild
10-09 16:14:48.675  2607  2764 E JNILoad : idv_verify faild
10-09 16:14:48.675  2607  2764 E JNILoad : idv_verify faild
10-09 16:14:48.675  2607  2764 E JNILoad : idv_verify faild
10-09 16:14:48.675  2607  2764 E JNILoad : idv_verify faild
10-09 16:14:48.675  2607  2764 E JNILoad : idv_verify faild
10-09 16:14:48.675  2607  2764 E JNILoad : idv_verify faild
10-09 16:14:48.675  2607  2764 E JNILoad : idv_verify faild
10-09 16:14:48.675  2607  2764 E JNILoad : idv_verify faild
10-09 16:14:48.675  2607  2764 E JNILoad : idv_verify faild
10-09 16:14:48.675  2607  2764 E JNILoad : idv_verify faild
10-09 16:14:48.675  2607  2764 E JNILoad : idv_verify faild
10-09 16:14:48.675  2607  2764 E JNILoad : idv_verify faild
10-09 16:14:48.675  2607  2764 E JNILoad : idv_verify faild
10-09 16:14:48.675  2607  2764 E JNILoad : idv_verify faild
10-09 16:14:48.675  2607  2764 E JNILoad : idv_verify faild
10-09 16:14:48.675  2607  2764 E JNILoad : idv_verify faild
10-09 16:14:48.675  2607  2764 E JNILoad : idv_verify faild
10-09 16:14:48.675  2607  2764 E JNILoad : idv_verify faild
10-09 16:14:48.675  2607  2764 E JNILoad : idv_verify faild
10-09 16:14:48.675  2607  2764 E JNILoad : idv_verify faild
10-09 16:14:48.675  2607  2764 E JNILoad : idv_verify faild
10-09 16:14:48.675  2607  2764 E JNILoad : idv_verify faild
10-09 16:14:48.675  2607  2764 E JNILoad : idv_verify faild
10-09 16:14:48.675  2607  2764 E JNILoad : idv_verify faild
10-09 16:14:48.675  2607  2764 E JNILoad : idv_verify faild
10-09 16:14:48.675  2607  2764 E JNILoad : idv_verify faild
10-09 16:14:48.675  2607  2764 E JNILoad : idv_verify faild
10-09 16:14:48.675  2607  2764 E JNILoad : idv_verify faild
10-09 16:14:48.675  2607  2764 E JNILoad : idv_verify faild
10-09 16:14:48.676  2607  2764 E JNILoad : idv_verify faild
10-09 16:14:48.676  2607  2764 E JNILoad : idv_verify faild
10-09 16:14:48.676  2607  2764 E JNILoad : idv_verify faild
10-09 16:14:48.676  2607  2764 E JNILoad : idv_verify faild
10-09 16:14:48.676  2607  2764 E JNILoad : idv_verify faild
10-09 16:14:48.676  2607  2764 E JNILoad : idv_verify faild
10-09 16:14:48.676  2607  2764 E JNILoad : idv_verify faild
10-09 16:14:48.676  2607  2764 E JNILoad : idv_verify faild
10-09 16:14:48.676  2607  2764 E JNILoad : idv_verify faild
10-09 16:14:48.676  2607  2764 E JNILoad : idv_verify faild
10-09 16:14:48.676  2607  2764 E JNILoad : idv_verify faild
10-09 16:14:48.676  2607  2764 E JNILoad : idv_verify faild
10-09 16:14:48.676  2607  2764 E JNILoad : idv_verify faild
10-09 16:14:48.676  2607  2764 E JNILoad : idv_verify faild
10-09 16:14:48.676  2607  2764 E JNILoad : idv_verify faild
10-09 16:14:48.676  2607  2764 E JNILoad : idv_verify faild
10-09 16:14:48.676  2607  2764 E JNILoad : idv_verify faild
10-09 16:14:48.676  2607  2764 E JNILoad : idv_verify faild
10-09 16:14:48.676  2607  2764 E JNILoad : idv_verify faild
10-09 16:14:48.676  2607  2764 E JNILoad : idv_verify faild
10-09 16:14:48.676  2607  2764 E JNILoad : idv_verify faild
10-09 16:14:48.676  2607  2764 E JNILoad : idv_verify faild
10-09 16:14:48.676  2607  2764 E JNILoad : idv_verify faild
10-09 16:14:48.676  2607  2764 E JNILoad : idv_verify faild
10-09 16:14:48.676  2607  2764 E JNILoad : idv_verify faild
10-09 16:14:48.676  2607  2764 E JNILoad : idv_verify faild
10-09 16:14:48.676  2607  2764 E JNILoad : idv_verify faild
10-09 16:14:48.676  2607  2764 E JNILoad : idv_verify faild
10-09 16:14:48.676  2607  2764 E JNILoad : idv_verify faild
10-09 16:14:48.676  2607  2764 E JNILoad : idv_verify faild
10-09 16:14:48.676  2607  2764 E JNILoad : idv_verify faild
10-09 16:14:48.676  2607  2764 E JNILoad : idv_verify faild
10-09 16:14:48.676  2607  2764 E JNILoad : idv_verify faild
10-09 16:14:48.676  2607  2764 E JNILoad : idv_verify faild
10-09 16:14:48.676  2607  2764 E JNILoad : idv_verify faild
10-09 16:14:48.676  2607  2764 E JNILoad : idv_verify faild
10-09 16:14:48.677  2607  2764 E JNILoad : idv_verify faild
10-09 16:14:48.677  2607  2764 E JNILoad : idv_verify faild
10-09 16:14:48.677  2607  2764 E JNILoad : idv_verify faild
10-09 16:14:48.677  2607  2764 E JNILoad : idv_verify faild
10-09 16:14:48.677  2607  2764 E JNILoad : idv_verify faild
10-09 16:14:48.677  2607  2764 E JNILoad : idv_verify faild
10-09 16:14:48.684  2607  2764 E JNILoad : idv_verify faild
10-09 16:14:48.686 29067 29067 W System.err: java.lang.NullPointerException: Attempt to invoke virtual method 'android.database.sqlite.SQLiteDatabase android.content.Context.openOrCreateDatabase(java.lang.String, int, android.database.sqlite.SQLiteDatabase$CursorFactory, android.database.DatabaseErrorHandler)' on a null object reference
10-09 16:14:48.688 29067 29067 W System.err: 	at android.database.sqlite.SQLiteOpenHelper.getDatabaseLocked(SQLiteOpenHelper.java:235)
10-09 16:14:48.688 29067 29067 W System.err: 	at android.database.sqlite.SQLiteOpenHelper.getWritableDatabase(SQLiteOpenHelper.java:175)
10-09 16:14:48.688 29067 29067 W System.err: 	at com.stub.stub05.SoReceiver.onReceive(Native Method)
10-09 16:14:48.688 29067 29067 W System.err: 	at android.app.LoadedApk$ReceiverDispatcher$Args.run(LoadedApk.java:1218)
10-09 16:14:48.688 29067 29067 W System.err: 	at android.os.Handler.handleCallback(Handler.java:761)
10-09 16:14:48.688 29067 29067 W System.err: 	at android.os.Handler.dispatchMessage(Handler.java:98)
10-09 16:14:48.688 29067 29067 W System.err: 	at android.os.Looper.loop(Looper.java:156)
10-09 16:14:48.688 29067 29067 W System.err: 	at android.app.ActivityThread.main(ActivityThread.java:6523)
10-09 16:14:48.688 29067 29067 W System.err: 	at java.lang.reflect.Method.invoke(Native Method)
10-09 16:14:48.688 29067 29067 W System.err: 	at com.android.internal.os.ZygoteInit$MethodAndArgsCaller.run(ZygoteInit.java:941)
10-09 16:14:48.688 29067 29067 W System.err: 	at com.android.internal.os.ZygoteInit.main(ZygoteInit.java:831)
10-09 16:14:48.692  1031 14713 I chatty  : uid=1000(system) Binder:1031_17 expire 3 lines
10-09 16:14:48.705  1031  2589 I chatty  : uid=1000(system) Binder:1031_D expire 1 line
10-09 16:14:48.713  1031  8546 I chatty  : uid=1000(system) Binder:1031_14 expire 2 lines
10-09 16:14:48.737  1031  1445 I chatty  : uid=1000(system) Binder:1031_3 expire 2 lines
10-09 16:14:48.748  1031  1665 I chatty  : uid=1000(system) Binder:1031_4 expire 2 lines
10-09 16:14:48.760  2607  2764 E JNILoad : idv_verify faild
10-09 16:14:48.760  2607  2764 W offline : read server error
10-09 16:14:48.780 29044 29393 W System.err: java.io.FileNotFoundException: /storage/emulated/0/360freewifi/noticedb1/20150818_820000_96016_6001_8 (No such file or directory)
10-09 16:14:48.780 29044 29393 W System.err: 	at java.io.FileInputStream.open(Native Method)
10-09 16:14:48.780 29044 29393 W System.err: 	at java.io.FileInputStream.<init>(FileInputStream.java:146)
10-09 16:14:48.780 29044 29393 W System.err: 	at com.qihoo.freewifi.plugin.utils.MD5Utils.getMD5(freewifi:33)
10-09 16:14:48.780 29044 29393 W System.err: 	at freewifi.if.a(freewifi:110)
10-09 16:14:48.780 29044 29393 W System.err: 	at freewifi.if.b(freewifi:75)
10-09 16:14:48.780 29044 29393 W System.err: 	at com.qihoo.freewifi.plugin.FreeHQWifiSDK$3.run(freewifi:782)
10-09 16:14:48.808 29067 29067 W System.err: java.lang.NullPointerException: Attempt to invoke virtual method 'android.database.sqlite.SQLiteDatabase android.content.Context.openOrCreateDatabase(java.lang.String, int, android.database.sqlite.SQLiteDatabase$CursorFactory, android.database.DatabaseErrorHandler)' on a null object reference
10-09 16:14:48.808 29067 29067 W System.err: 	at android.database.sqlite.SQLiteOpenHelper.getDatabaseLocked(SQLiteOpenHelper.java:235)
10-09 16:14:48.808 29067 29067 W System.err: 	at android.database.sqlite.SQLiteOpenHelper.getWritableDatabase(SQLiteOpenHelper.java:175)
10-09 16:14:48.808 29067 29067 W System.err: 	at com.stub.stub05.SoReceiver.onReceive(Native Method)
10-09 16:14:48.809 29067 29067 W System.err: 	at android.app.LoadedApk$ReceiverDispatcher$Args.run(LoadedApk.java:1218)
10-09 16:14:48.809 29067 29067 W System.err: 	at android.os.Handler.handleCallback(Handler.java:761)
10-09 16:14:48.809 29067 29067 W System.err: 	at android.os.Handler.dispatchMessage(Handler.java:98)
10-09 16:14:48.809 29067 29067 W System.err: 	at android.os.Looper.loop(Looper.java:156)
10-09 16:14:48.809 29067 29067 W System.err: 	at android.app.ActivityThread.main(ActivityThread.java:6523)
10-09 16:14:48.809 29067 29067 W System.err: 	at java.lang.reflect.Method.invoke(Native Method)
10-09 16:14:48.809 29067 29067 W System.err: 	at com.android.internal.os.ZygoteInit$MethodAndArgsCaller.run(ZygoteInit.java:941)
10-09 16:14:48.809 29067 29067 W System.err: 	at com.android.internal.os.ZygoteInit.main(ZygoteInit.java:831)
10-09 16:14:48.811  1031  1992 I chatty  : uid=1000(system) Binder:1031_5 expire 1 line
10-09 16:14:48.819  1645  1645 W HwKeyguardDragHelper: AnimationBlocked
10-09 16:14:48.820  1645  1645 W PanelView: set notification panel padding = 2552
10-09 16:14:48.822  1645  1645 I EventCenter: EventCenter Get :android.intent.action.TIME_TICK
10-09 16:14:48.825  1645  1645 W ResourceType: Failure getting entry for 0xffffffff (t=254 e=65535) (error -2147483647)
10-09 16:14:48.825  1645  1645 E DateLunarView: mDateString is: 10月9日星期一
10-09 16:14:48.828  1645  1645 W ResourceType: Failure getting entry for 0xffffffff (t=254 e=65535) (error -2147483647)
10-09 16:14:48.828  1645  1645 E DateLunarView: mDateString is: 10月9日星期一
10-09 16:14:48.837  1645  1645 W HwKeyguardDragHelper: AnimationBlocked
10-09 16:14:48.837  1645  1645 W PanelView: set notification panel padding = 2552
10-09 16:14:48.844  2623  2623 I HwLauncher: Model  onReceive intent=Intent { act=android.intent.action.TIME_TICK flg=0x50000014 (has extras) }
10-09 16:14:48.844  2623  2623 I HwLauncher: Model  onReceive user=UserHandle{0}
10-09 16:14:48.936  1645  1645 W HwKeyguardDragHelper: AnimationBlocked
10-09 16:14:48.937  1645  1645 W PanelView: set notification panel padding = 2552
10-09 16:14:48.942  1645  1645 W HwLockScreenPanel: isInterestMotionEvent false  2
10-09 16:14:48.942  1645  1645 W HwKeyguardDragHelper: HwKyguardDragHelper onInterceptTouchEvent: 4
10-09 16:14:48.942  1645  1645 W HwKeyguardDragHelper:   onTouchEvent 0   4
10-09 16:14:48.947   485  2293 E BufferQueueProducer: [SurfaceView - StatusBar] connect: already connected (cur=1 req=1)
10-09 16:14:48.950   485  1634 I gralloc : alloc_device_alloc:564: Alloc handle(0x793285c000): interfmt=200000001, stride=1472, size=15310848, usage=0xb00
10-09 16:14:48.957   485  1634 I gralloc : alloc_device_alloc:564: Alloc handle(0x793286b200): interfmt=200000001, stride=1472, size=15310848, usage=0xb00
10-09 16:14:48.958  1645  1645 W ParticleRenderer: setDrawState: from NODRAW to STARTDRAW
10-09 16:14:48.959  1645  1645 W HwKeyguardDragHelper:   onTouchEvent 2   4
10-09 16:14:48.962   485   532 I gralloc : alloc_device_alloc:564: Alloc handle(0x792acacc00): interfmt=200000001, stride=1472, size=15310848, usage=0xb00
10-09 16:14:48.985  1645  1645 W HwKeyguardDragHelper:   onTouchEvent 2   4
10-09 16:14:49.002  1645  1645 W HwKeyguardDragHelper:   onTouchEvent 2   4
10-09 16:14:49.018  1645  1645 W HwKeyguardDragHelper:   onTouchEvent 2   4
10-09 16:14:49.035  1645  1645 W HwKeyguardDragHelper:   onTouchEvent 2   4
10-09 16:14:49.040  1031  1146 I chatty  : uid=1000(system) android.bg expire 1 line
10-09 16:14:49.043  1031  1435 I chatty  : uid=1000(system) sManagerService expire 1 line
10-09 16:14:49.052  1645  1645 W HwKeyguardDragHelper:   onTouchEvent 2   4
10-09 16:14:49.072  1645  1645 W HwKeyguardDragHelper: AnimationBlocked
10-09 16:14:49.072  1645  1645 W PanelView: set notification panel padding = 2552
10-09 16:14:49.076  1645  1645 W HwKeyguardDragHelper:   onTouchEvent 1   4
10-09 16:14:49.076  1645  1645 W ParticleRenderer: setDrawState: from MOVEDRAW to OPENDRAW
10-09 16:14:49.076  1645  1645 W HwKeyguardDragHelper: KeyguardDrag animatToExitKeyguard
10-09 16:14:49.076  1645  1645 W PanelView: setAnimationParam 1.0 0  1.0
10-09 16:14:49.076  1645  1645 W PanelView: updateAlaphaAndScaleForChild 0  com.android.systemui.statusbar.phone.NotificationsQuickSettingsContainer{ee342d5 V.E...... ........ 0,0-1440,2560 #7f1403ee app:id/notification_container_parent}
10-09 16:14:49.076  1645  1645 W PanelView: HwPanelView restoreDrawState
10-09 16:14:49.076  1645  1645 W PanelView: setAnimationParam 0.0 0  1.0
10-09 16:14:49.076  1645  1645 W PanelView: updateAlaphaAndScaleForChild 0  com.android.systemui.statusbar.phone.NotificationsQuickSettingsContainer{ee342d5 V.E...... ........ 0,0-1440,2560 #7f1403ee app:id/notification_container_parent}
10-09 16:14:49.077  1645  1645 W HwKeyguardDragHelper: AnimationBlocked
10-09 16:14:49.077  1645  1645 W PanelView: set notification panel padding = 2552
10-09 16:14:49.077  1645  1645 W StatusBarWindowManager: Apply window without WALLPAPER
10-09 16:14:49.077  1645  1645 I PanelBar: panelExpansionChanged 0.0, false
10-09 16:14:49.079  1645  1645 W AppHandler: sendMessage 4
10-09 16:14:49.079  1645  1725 I SendBroadcastPermission: action:com.android.systemui.statusbar.visible.change, mPermissionType:0
10-09 16:14:49.079  1645  1645 W PanelView: set notification panel padding = 2552
10-09 16:14:49.079  1645  1645 W StatusBarWindowManager: Apply window without WALLPAPER
10-09 16:14:49.079  1645  1645 W StatusBarWindowManager: Apply window without WALLPAPER
10-09 16:14:49.079  1645  1645 I StatusBarKeyguardViewManager: StatusBarKeyguardViewManager dismiss: true false
10-09 16:14:49.079  1645  1645 E KeyguardUpdateMonitor: isSimPinSecure mSimDatas is null or empty 
10-09 16:14:49.080  1645  1645 W StatusBarKeyguardViewManager: updateStates Show KeyguardStatusBar with clcok: false
10-09 16:14:49.080  1645  1645 E KeyguardUpdateMonitor: isSimPinSecure mSimDatas is null or empty 
10-09 16:14:49.080  1645  1645 E KeyguardUpdateMonitor: isSimPinSecure mSimDatas is null or empty 
10-09 16:14:49.082  1645  1645 W StatusBarKeyguardViewManager: dismiss. showing: true false - false, false, false
10-09 16:14:49.082  1645  1645 W StatusBarKeyguardViewManager: java.lang.Exception
10-09 16:14:49.082  1645  1645 W StatusBarKeyguardViewManager: 	at com.android.systemui.statusbar.phone.HwStatusBarKeyguardViewManager.dismiss(HwStatusBarKeyguardViewManager.java:317)
10-09 16:14:49.082  1645  1645 W StatusBarKeyguardViewManager: 	at com.android.systemui.statusbar.phone.PhoneStatusBar.showBouncer(PhoneStatusBar.java:4540)
10-09 16:14:49.082  1645  1645 W StatusBarKeyguardViewManager: 	at com.android.systemui.statusbar.phone.PhoneStatusBar.makeExpandedInvisible(PhoneStatusBar.java:2968)
10-09 16:14:49.082  1645  1645 W StatusBarKeyguardViewManager: 	at com.android.systemui.statusbar.phone.HwPanelView.afterKeyguardExit(HwPanelView.java:159)
10-09 16:14:49.082  1645  1645 W StatusBarKeyguardViewManager: 	at com.android.systemui.statusbar.phone.HwKeyguardDragHelper$KeyguardAnimationControl.afterKeyguardExit(HwKeyguardDragHelper.java:517)
10-09 16:14:49.082  1645  1645 W StatusBarKeyguardViewManager: 	at com.android.systemui.statusbar.phone.HwKeyguardDragHelper$KeyguardAnimationControl.animateToBouncer(HwKeyguardDragHelper.java:511)
10-09 16:14:49.082  1645  1645 W StatusBarKeyguardViewManager: 	at com.android.systemui.statusbar.phone.HwKeyguardDragHelper$KeyguardAnimationControl.-wrap1(HwKeyguardDragHelper.java)
10-09 16:14:49.082  1645  1645 W StatusBarKeyguardViewManager: 	at com.android.systemui.statusbar.phone.HwKeyguardDragHelper$SimpleGestureListener.onFling(HwKeyguardDragHelper.java:413)
10-09 16:14:49.082  1645  1645 W StatusBarKeyguardViewManager: 	at android.view.GestureDetector.onTouchEvent(GestureDetector.java:656)
10-09 16:14:49.082  1645  1645 W StatusBarKeyguardViewManager: 	at com.android.systemui.statusbar.phone.HwKeyguardDragHelper.procUnlockMotionEvent(HwKeyguardDragHelper.java:323)
10-09 16:14:49.082  1645  1645 W StatusBarKeyguardViewManager: 	at com.android.systemui.statusbar.phone.HwKeyguardDragHelper.onTouchEvent(HwKeyguardDragHelper.java:202)
10-09 16:14:49.082  1645  1645 W StatusBarKeyguardViewManager: 	at com.android.systemui.statusbar.phone.StatusBarWindowView.onTouchEvent(StatusBarWindowView.java:295)
10-09 16:14:49.082  1645  1645 W StatusBarKeyguardViewManager: 	at com.android.systemui.statusbar.phone.PhoneStatusBar$21.onTouch(PhoneStatusBar.java:760)
10-09 16:14:49.082  1645  1645 W StatusBarKeyguardViewManager: 	at android.view.View.dispatchTouchEvent(View.java:10008)
10-09 16:14:49.082  1645  1645 W StatusBarKeyguardViewManager: 	at android.view.ViewGroup.dispatchTransformedTouchEvent(ViewGroup.java:2665)
10-09 16:14:49.082  1645  1645 W StatusBarKeyguardViewManager: 	at android.view.ViewGroup.dispatchTouchEvent(ViewGroup.java:2344)
10-09 16:14:49.082  1645  1645 W StatusBarKeyguardViewManager: 	at com.android.systemui.statusbar.phone.StatusBarWindowView.dispatchTouchEvent(StatusBarWindowView.java:250)
10-09 16:14:49.082  1645  1645 W StatusBarKeyguardViewManager: 	at android.view.View.dispatchPointerEvent(View.java:10232)
10-09 16:14:49.082  1645  1645 W StatusBarKeyguardViewManager: 	at android.view.ViewRootImpl$ViewPostImeInputStage.processPointerEvent(ViewRootImpl.java:4856)
10-09 16:14:49.082  1645  1645 W StatusBarKeyguardViewManager: 	at android.view.ViewRootImpl$ViewPostImeInputStage.onProcess(ViewRootImpl.java:4717)
10-09 16:14:49.082  1645  1645 W StatusBarKeyguardViewManager: 	at android.view.ViewRootImpl$InputStage.deliver(ViewRootImpl.java:4249)
10-09 16:14:49.082  1645  1645 W StatusBarKeyguardViewManager: 	at android.view.ViewRootImpl$InputStage.onDeliverToNext(ViewRootImpl.java:4302)
10-09 16:14:49.082  1645  1645 W StatusBarKeyguardViewManager: 	at android.view.ViewRootImpl$InputStage.forward(ViewRootImpl.java:4268)
10-09 16:14:49.082  1645  1645 W StatusBarKeyguardViewManager: 	at android.view.ViewRootImpl$AsyncInputStage.forward(ViewRootImpl.java:4395)
10-09 16:14:49.082  1645  1645 W StatusBarKeyguardViewManager: 	at android.view.ViewRootImpl$InputStage.apply(ViewRootImpl.java:4276)
10-09 16:14:49.082  1645  1645 W StatusBarKeyguardViewManager: 	at android.view.ViewRootImpl$AsyncInputStage.apply(ViewRootImpl.java:4452)
10-09 16:14:49.082  1645  1645 W StatusBarKeyguardViewManager: 	at android.view.ViewRootImpl$InputStage.deliver(ViewRootImpl.java:4249)
10-09 16:14:49.082  1645  1645 W StatusBarKeyguardViewManager: 	at android.view.ViewRootImpl$InputStage.onDeliverToNext(ViewRootImpl.java:4302)
10-09 16:14:49.082  1645  1645 W StatusBarKeyguardViewManager: 	at android.view.ViewRootImpl$InputStage.forward(ViewRootImpl.java:4268)
10-09 16:14:49.082  1645  1645 W StatusBarKeyguardViewManager: 	at android.view.ViewRootImpl$InputStage.apply(ViewRootImpl.java:4276)
10-09 16:14:49.082  1645  1645 W StatusBarKeyguardViewManager: 	at android.view.ViewRootImpl$InputStage.deliver(ViewRootImpl.java:4249)
10-09 16:14:49.082  1645  1645 W StatusBarKeyguardViewManager: 	at android.view.ViewRootImpl.deliverInputEvent(ViewRootImpl.java:6676)
10-09 16:14:49.082  1645  1645 W StatusBarKeyguardViewManager: 	at android.view.ViewRootImpl.doProcessInputEvents(ViewRootImpl.java:6650)
10-09 16:14:49.082  1645  1645 W StatusBarKeyguardViewManager: 	at android.view.ViewRootImpl.enqueueInputEvent(ViewRootImpl.java:6611)
10-09 16:14:49.082  1645  1645 W StatusBarKeyguardViewManager: 	at android.view.ViewRootImpl$WindowInputEventReceiver.onInputEvent(ViewRootImpl.java:6803)
10-09 16:14:49.082  1645  1645 W StatusBarKeyguardViewManager: 	at android.view.InputEventReceiver.dispatchInputEvent(InputEventReceiver.java:192)
10-09 16:14:49.082  1645  1645 W StatusBarKeyguardViewManager: 	at android.os.MessageQueue.nativePollOnce(Native Method)
10-09 16:14:49.082  1645  1645 W StatusBarKeyguardViewManager: 	at android.os.MessageQueue.next(MessageQueue.java:356)
10-09 16:14:49.082  1645  1645 W StatusBarKeyguardViewManager: 	at android.os.Looper.loop(Looper.java:138)
10-09 16:14:49.082  1645  1645 W StatusBarKeyguardViewManager: 	at android.app.ActivityThread.main(ActivityThread.java:6523)
10-09 16:14:49.082  1645  1645 W StatusBarKeyguardViewManager: 	at java.lang.reflect.Method.invoke(Native Method)
10-09 16:14:49.082  1645  1645 W StatusBarKeyguardViewManager: 	at com.android.internal.os.ZygoteInit$MethodAndArgsCaller.run(ZygoteInit.java:941)
10-09 16:14:49.082  1645  1645 W StatusBarKeyguardViewManager: 	at com.android.internal.os.ZygoteInit.main(ZygoteInit.java:831)
10-09 16:14:49.088 23599 29409 E HwIntelligent3_ActionBarPullDownAction: doAction not pull down return
10-09 16:14:49.097  1972  2086 I ScenarioService: check surface view pkg: cn.com.autohome.travel
10-09 16:14:49.098  1645  1645 W HwLockScreenReporter: report result: false type:153 msg:{MagazineUnlock:true,CostTime:139}
10-09 16:14:49.100  1645  1645 W HwKeyguardDragHelper: AnimationBlocked
10-09 16:14:49.100  1645  1645 W PanelView: set notification panel padding = 2552
10-09 16:14:49.102   485   485 I gralloc : alloc_device_free:586: Free handle(0x792acacc00)
10-09 16:14:49.102   485   485 I gralloc : alloc_device_free:586: Free handle(0x793285c000)
10-09 16:14:49.103   485   485 I gralloc : alloc_device_free:586: Free handle(0x793286b200)
10-09 16:14:49.103  1645  1645 W HwLockScreenPanel: Handle message: 4
10-09 16:14:49.104  1645  1645 W StatusBarKeyguardViewManager: startPreHideAnimation
10-09 16:14:49.113  1645  1645 W HwKeyguardDragHelper: KeyguardDrag animateToExitBouncer
10-09 16:14:49.114  1645  1645 W HwKeyguardDragHelper: KeyguardAnimCallack onPreHideAnimation and motion unfinished: 4
10-09 16:14:49.114  1645  1645 W AppHandler: sendImmediateMessage 10
10-09 16:14:49.114  1645  1645 W KgBattery: getCharge info with type: text
10-09 16:14:49.115  1645  1645 W HwLockScreenPanel: Handle message: 10
10-09 16:14:49.115  1645  1645 I HwBackDropView: restore param to 0
10-09 16:14:49.115  1645  1645 W HwBackDropView: setDrawBehindAsSrc skipped. null
10-09 16:14:49.115  1645  1645 I HwBackDropView: checkVisibility : false; false
10-09 16:14:49.116  1645  1645 W CameraLayout: Cameralayout disabled. true false  2
10-09 16:14:49.117  1645  1645 W AppHandler: sendMessage 11
10-09 16:14:49.124  1645  1645 W HwKeyguardDragHelper: AnimationBlocked
10-09 16:14:49.124  1645  1645 W PanelView: set notification panel padding = 2552
10-09 16:14:49.124  1645  1645 W HwLockScreenPanel: Handle message: 11
10-09 16:14:49.125 23224 23224 I CrashReport-Native: Set native info: isAppForeground(true)
10-09 16:14:49.125  1645  1645 W AppHandler: sendMessage 4
10-09 16:14:49.125  1645  1645 W PanelView: HwPanelView restoreDrawState
10-09 16:14:49.125  1645  1645 W PanelView: setAnimationParam 0.0 4  1.0
10-09 16:14:49.125  1645  1645 W PanelView: updateAlaphaAndScaleForChild 0  com.android.systemui.statusbar.phone.NotificationsQuickSettingsContainer{ee342d5 V.E...... ......ID 0,0-1440,2560 #7f1403ee app:id/notification_container_parent}
10-09 16:14:49.125 23224 23224 I CrashReport: [session] launch app one times (app in background 1065 seconds and over 30 seconds)
10-09 16:14:49.126 23224 23224 I CrashReport: add a timer to upload hot start user info
10-09 16:14:49.127  1645  1645 W StatusBarWindowManager: Apply window without WALLPAPER
10-09 16:14:49.127  1972  2086 I SensorState: sensor:4 enable:false uid:10045
10-09 16:14:49.127  1972  2086 I SensorState: removeSensor,mHandles:{}
10-09 16:14:49.127  1972  2086 I PGServer: report state:4 event type:2 pid:4 uid:10045 pkg:null to pid: 1031
10-09 16:14:49.127  1645  1645 W PanelView: set notification panel padding = 2552
10-09 16:14:49.131  1645  1645 W HwKeyguardPolicy: KGSvcCall updateKeyguardState 0->0; false false
10-09 16:14:49.132  1645  1645 W StatusBarWindowManager: Apply window without WALLPAPER
10-09 16:14:49.132  1645  1645 W ScrimController: startScrimAnimation 0.0 @ com.android.systemui.statusbar.ScrimView{5b90982 V.ED..... ......ID 0,0-1440,2560 #7f14041e app:id/scrim_behind}
10-09 16:14:49.133  1645  1645 I KeyguardUpdateMonitor: Ignore update FP: 0 false
10-09 16:14:49.133  1645  1645 W AppHandler: sendSingleMessage 10
10-09 16:14:49.133  1645  1645 W StatusBarKeyguardViewManager: updateStates Hide KeyguardStatusBar 
10-09 16:14:49.134  1645  1645 E KeyguardUpdateMonitor: isSimPinSecure mSimDatas is null or empty 
10-09 16:14:49.134  1645  1645 I SendBroadcastPermission: action:android.intent.action.USER_PRESENT, mPermissionType:0
10-09 16:14:49.135  1031  2592 I chatty  : uid=1000(system) Binder:1031_10 expire 5 lines
10-09 16:14:49.136  1645  1645 W AppHandler: sendMessage 16
10-09 16:14:49.147  1885  2150 E HwSystemManager: TrafficNotifyAfterLocked:analyseTrafficAfterUnLocked: network template is null!
10-09 16:14:49.149  1972  2203 I BacklightControl: can't adjust backlight when app launch from other scene.
10-09 16:14:49.150  1972  2203 I ThermalStateManager: handle action thermal policy:208
10-09 16:14:49.153  1645  1645 W HwKeyguardDragHelper: AnimationBlocked
10-09 16:14:49.156  1885  2139 E HwSystemManager: NatTrafficNotifyService:imsi is null, so return
10-09 16:14:49.156  1031  2606 I chatty  : uid=1000(system) Binder:1031_11 expire 2 lines
10-09 16:14:49.160  1645  1645 W HwLockScreenPanel: Handle message: 4
10-09 16:14:49.160  3225 29413 I Authzen : [DeviceStateSyncManager] The server is in sync with current state. Nothing to do
10-09 16:14:49.161  1645  1645 W HwLockScreenPanel: Handle message: 16
10-09 16:14:49.163  1031  2001 I chatty  : uid=1000(system) Binder:1031_6 expire 1 line
10-09 16:14:49.175  1972  2203 I ThermalStateManager: battery trigger: batteryLevel = 28, triggerLevel = 1, actions = {pop_up_dialog=0}
10-09 16:14:49.175  1972  2203 I ThermalStateManager: triggerLevel = 2, triggerAction :{pop_up_dialog=0}
10-09 16:14:49.178  1972  2223 I PGServer: report state:10000 event type:2 pid:0 uid:0 pkg:cn.com.autohome.travel to pid: 1031
10-09 16:14:49.178  1972  2223 I PGServer: report state:10000 event type:1 pid:0 uid:0 pkg:cn.com.autohome.travel to pid: 1031
10-09 16:14:49.179  1972  2203 I BlackListAlarmRestrict: [resume] net alarms
10-09 16:14:49.179  3225  3225 I DeviceCache: Unable to convert the the network interface's MAC Address to string. MAC address cannot be null.
10-09 16:14:49.179  1972  2203 I GmsGsfPolicy: The same state to ctrl gms alarm : false
10-09 16:14:49.179  1972  2203 I ash     : ash->screen unlock
10-09 16:14:49.179  3225  3225 I DeviceCache: Unable to convert the the network interface's MAC Address to string. MAC address cannot be null.
10-09 16:14:49.190 29044 29044 W ContextImpl: Implicit intents with startService are not safe: Intent { act=com.qihoo.appstore.battery.STOP } android.content.ContextWrapper.startService:613 com.qihoo.receiver.BatteryBroadcastReceiver.h:-1 com.qihoo.receiver.BatteryBroadcastReceiver.c:-1 
10-09 16:14:49.201 27846 29420 W System  : ClassLoader referenced unknown path: /system/app/WebViewGoogle/lib/arm64
10-09 16:14:49.207 29067 29427 W System.err: java.io.FileNotFoundException: /proc/29067/oom_score_adj (Permission denied)
10-09 16:14:49.207 29067 29427 W System.err: 	at java.io.FileInputStream.open(Native Method)
10-09 16:14:49.207 29067 29427 W System.err: 	at java.io.FileInputStream.<init>(FileInputStream.java:146)
10-09 16:14:49.207 29067 29427 W System.err: 	at java.io.FileInputStream.<init>(FileInputStream.java:99)
10-09 16:14:49.207 29067 29427 W System.err: 	at java.io.FileReader.<init>(FileReader.java:58)
10-09 16:14:49.207 29067 29427 W System.err: 	at com.qihoo.utils.process.ProcFile.readFile(AppStore)
10-09 16:14:49.207 29067 29427 W System.err: 	at com.qihoo.utils.AndroidUtilsCompat.c(AppStore)
10-09 16:14:49.207 29067 29427 W System.err: 	at com.qihoo.utils.AndroidUtilsCompat.a(AppStore)
10-09 16:14:49.207 29067 29427 W System.err: 	at com.qihoo.utils.AndroidUtilsCompat.a(AppStore)
10-09 16:14:49.207 29067 29427 W System.err: 	at com.qihoo360.mobilesafe.util.j.c(AppStore)
10-09 16:14:49.207 29067 29427 W System.err: 	at com.qihoo.appstore.push.TransitService.onHandleIntent(AppStore)
10-09 16:14:49.207 29067 29427 W System.err: 	at android.app.IntentService$ServiceHandler.handleMessage(IntentService.java:67)
10-09 16:14:49.207 29067 29427 W System.err: 	at android.os.Handler.dispatchMessage(Handler.java:105)
10-09 16:14:49.207 29067 29427 W System.err: 	at android.os.Looper.loop(Looper.java:156)
10-09 16:14:49.207 29067 29427 W System.err: 	at android.os.HandlerThread.run(HandlerThread.java:61)
10-09 16:14:49.208 27846 29420 I WebViewFactory: Loading com.google.android.webview version 55.0.2883.91 (code 288309150)
10-09 16:14:49.209 27846 27846 I Process : Sending signal. PID: 27846 SIG: 9
10-09 16:14:49.233  1645  1645 W KgBattery: getCharge info with type: text
10-09 16:14:49.234  1645  1645 W HwLockScreenPanel: Handle message: 10
10-09 16:14:49.234  1645  1645 I HwBackDropView: restore param to 0
10-09 16:14:49.234  1645  1645 I HwBackDropView: checkVisibility : false; false
10-09 16:14:49.234  1645  1645 W CameraLayout: Cameralayout disabled. true false  2
10-09 16:14:49.419  1987  1987 W HwStepCounter: version : 1
10-09 16:14:49.419  1987  1987 I HwStepCounter: dealReportData length 87
10-09 16:14:49.419  1987  1987 W HwStepCounter: abi 31 total 6 total floor 0 totalCar 1024 total dis 2048
10-09 16:14:49.419  1987  1987 W HwStepCounter: stepPace 4096 stepLength 8192 speed 16384 touchdown_ratio 32768 reserved1 0 reserved2 0
10-09 16:14:49.420  1987  1987 E HwStepCounter: dealReportData tm: 2017-10-09 15:57:04 steps_value[0] : 0 state_value[0]:5 level_value[0]:0
10-09 16:14:49.420  1987  1987 E HwStepCounter: dealReportData tm: 2017-10-09 15:57:04 steps_value[1] : 0 state_value[1]:5 level_value[1]:0
10-09 16:14:49.421  1987  1987 E HwStepCounter: dealReportData tm: 2017-10-09 15:57:04 steps_value[2] : 0 state_value[2]:5 level_value[2]:0
10-09 16:14:49.421  4456  4456 I Step_PreD: 30003302|onSensorChanged: 6
10-09 16:14:49.421  1987  1987 E HwStepCounter: dealReportData tm: 2017-10-09 15:57:04 steps_value[3] : 0 state_value[3]:5 level_value[3]:0
10-09 16:14:49.422  1987  1987 E HwStepCounter: dealReportData tm: 2017-10-09 15:57:04 steps_value[4] : 0 state_value[4]:5 level_value[4]:0
10-09 16:14:49.422  1987  1987 E HwStepCounter: dealReportData tm: 2017-10-09 15:57:04 steps_value[5] : 0 state_value[5]:5 level_value[5]:0
10-09 16:14:49.422  1987  1987 E HwStepCounter: dealReportData tm: 2017-10-09 15:57:04 steps_value[6] : 0 state_value[6]:5 level_value[6]:0
10-09 16:14:49.423  1987  1987 E HwStepCounter: dealReportData tm: 2017-10-09 15:57:04 steps_value[7] : 0 state_value[7]:5 level_value[7]:0
10-09 16:14:49.423  1987  1987 E HwStepCounter: dealReportData tm: 2017-10-09 15:57:04 steps_value[8] : 0 state_value[8]:5 level_value[8]:0
10-09 16:14:49.423  1987  1987 E HwStepCounter: dealReportData tm: 2017-10-09 15:57:04 steps_value[9] : 0 state_value[9]:5 level_value[9]:0
