10-09 16:16:23.221   485  1436 I gralloc : alloc_device_alloc:564: Alloc handle(0x793285c000): interfmt=200000001, stride=1472, size=15310848, usage=0xb00
10-09 16:16:23.223   485  1436 I gralloc : alloc_device_alloc:564: Alloc handle(0x793285c200): interfmt=200000001, stride=1472, size=15310848, usage=0xb00
10-09 16:16:23.225   485  1436 I gralloc : alloc_device_alloc:564: Alloc handle(0x793285c400): interfmt=200000001, stride=1472, size=15310848, usage=0xb00
10-09 16:16:23.228 23224 23235 I art     : Explicit concurrent mark sweep GC freed 13611(712KB) AllocSpace objects, 4(80KB) LOS objects, 26% free, 43MB/59MB, paused 535us total 21.135ms
10-09 16:16:23.239 23224 23224 E chromium: [ERROR:interface_registry.cc(104)] Failed to locate a binder for interface: autofill::mojom::PasswordManagerDriver
10-09 16:16:23.254 23224 23224 I H5      : onStart
10-09 16:16:23.255  1031  1194 I chatty  : uid=1000(system) android.display expire 1 line
10-09 16:16:23.261   485  2293 I gralloc : alloc_device_free:586: Free handle(0x792ac6f400)
10-09 16:16:23.261   485  2293 I gralloc : alloc_device_free:586: Free handle(0x792ac6f700)
10-09 16:16:23.268 23224 23224 W cr_BindingManager: Cannot call determinedVisibility() - never saw a connection for the pid: 23224
10-09 16:16:23.287 23224 28471 I H5      : ON_JS_BRIDGE_READY...
10-09 16:16:23.328 23224 23224 I LG      : onProgressChanged - 70
10-09 16:16:23.330   485  1436 I gralloc : alloc_device_free:586: Free handle(0x792ac6f900)
10-09 16:16:23.330   485  1436 I gralloc : alloc_device_free:586: Free handle(0x792ac6fe00)
10-09 16:16:23.505 23224 23224 I LG      : onProgressChanged - 90
10-09 16:16:23.521 23224 23224 I LG      : onProgressChanged - 100
10-09 16:16:23.521 23224 23224 I LG      : onProgressChanged - 100
10-09 16:16:23.580  1031  1031 I chatty  : uid=1000 system_server expire 47 lines
10-09 16:16:23.610   485   485 I gralloc : alloc_device_free:586: Free handle(0x792acac700)
10-09 16:16:23.626   485   485 W SurfaceFlinger: couldn't log to binary event log: overflow.
10-09 16:16:23.626   485   485 I gralloc : alloc_device_free:586: Free handle(0x792ac6f200)
10-09 16:16:23.987  9959  9959 I SendBroadcastPermission: action:null, mPermissionType:0
10-09 16:16:24.454  1031  1192 I chatty  : uid=1000(system) android.fg expire 1 line
10-09 16:16:24.643  1031  1522 I chatty  : uid=1000(system) Thread-13 expire 12 lines
10-09 16:16:24.643  1031  1524 I chatty  : uid=1000(system) HuaweiWifiWatch expire 10 lines
10-09 16:16:25.996  1031  1434 I chatty  : uid=1000(system) AlarmManager expire 6 lines
10-09 16:16:26.023  1885  1885 W HwSystemManager: AbsRecordInfo:createRecordFromBundle type provider or service
10-09 16:16:26.717  1031  1462 I chatty  : uid=1000(system) WifiScanningSer expire 6 lines
10-09 16:16:26.977 23224 23236 I art     : Starting a blocking GC Explicit
10-09 16:16:26.996 23224 23236 I art     : Explicit concurrent mark sweep GC freed 6068(246KB) AllocSpace objects, 3(64KB) LOS objects, 26% free, 43MB/59MB, paused 268us total 18.491ms
10-09 16:16:28.083  1645  1645 W HwKeyguardDragHelper: HwKyguardDragHelper onInterceptTouchEvent: 0
10-09 16:16:28.091  1645  1645 I PanelBar: panelExpansionChanged 0.010416667, true
10-09 16:16:28.093  1645 30266 I ctaifs  :  <系统用户界面>[系统用户界面][com.android.systemui]:[SurfaceControl.screenshot]后台截屏
10-09 16:16:28.096   485  1634 I gralloc : alloc_device_alloc:564: Alloc handle(0x793285ca00): interfmt=1, stride=192, size=245760, usage=0x333
10-09 16:16:28.096   485   534 I gralloc : alloc_device_free:586: Free handle(0x793285ca00)
10-09 16:16:28.101  1645 30266 E BlurUtils: mRs == null and need to create!!
10-09 16:16:28.121   485   532 I gralloc : alloc_device_free:586: Free handle(0x792acac300)
10-09 16:16:28.121   485   532 I gralloc : alloc_device_free:586: Free handle(0x792ac6fb00)
10-09 16:16:28.122   485   532 E BufferQueueProducer: [StatusBar] connect: already connected (cur=1 req=1)
10-09 16:16:28.124  1645  1645 W HwKeyguardDragHelper: AnimationBlocked
10-09 16:16:28.139   485  1436 I gralloc : alloc_device_alloc:564: Alloc handle(0x792ac6fe00): interfmt=200000001, stride=1472, size=15310848, usage=0xb00
10-09 16:16:28.144   485   534 I gralloc : alloc_device_alloc:564: Alloc handle(0x793285ca00): interfmt=200000001, stride=1472, size=15310848, usage=0xb00
10-09 16:16:28.151   485   485 I gralloc : alloc_device_free:586: Free handle(0x793280f300)
10-09 16:16:28.155   485   534 I gralloc : alloc_device_alloc:564: Alloc handle(0x792ac6f200): interfmt=200000001, stride=1472, size=15310848, usage=0xb00
10-09 16:16:28.174   504   504 E Thermal-daemon: [ap] temp_new :33  temp_old :32
10-09 16:16:28.175   504   504 E Thermal-daemon: Report temperature: [ap] temp :33  report_threshold:1
10-09 16:16:28.504  1645  1645 I PanelBar: panelExpansionChanged 0.0, false
10-09 16:16:28.508  1645  1725 I SendBroadcastPermission: action:com.android.systemui.statusbar.visible.change, mPermissionType:0
10-09 16:16:28.513  1645  1645 W HwKeyguardDragHelper: AnimationBlocked
10-09 16:16:28.524 23599 30273 E HwIntelligent3_ActionBarPullDownAction: doAction not pull down return
10-09 16:16:28.527  1645  1645 W HwKeyguardDragHelper: AnimationBlocked
10-09 16:16:28.556   485  2293 I gralloc : alloc_device_free:586: Free handle(0x793285ca00)
10-09 16:16:28.557   485  2293 I gralloc : alloc_device_free:586: Free handle(0x792ac6f200)
10-09 16:16:28.559   485  2293 E BufferQueueProducer: [StatusBar] connect: already connected (cur=1 req=1)
10-09 16:16:28.561  1645  1645 W HwKeyguardDragHelper: AnimationBlocked
10-09 16:16:28.575   485  1436 I gralloc : alloc_device_alloc:564: Alloc handle(0x792ac6f900): interfmt=1, stride=1472, size=565248, usage=0xb00
10-09 16:16:28.577   485   534 I gralloc : alloc_device_alloc:564: Alloc handle(0x792acac400): interfmt=1, stride=1472, size=565248, usage=0xb00
10-09 16:16:28.585   485   485 I gralloc : alloc_device_free:586: Free handle(0x792ac6fe00)
10-09 16:16:28.604   485  1436 I gralloc : alloc_device_alloc:564: Alloc handle(0x793285c500): interfmt=1, stride=1472, size=565248, usage=0xb00
10-09 16:16:30.780 23224 23236 I art     : Starting a blocking GC Explicit
10-09 16:16:30.799 23224 23236 I art     : Explicit concurrent mark sweep GC freed 4798(185KB) AllocSpace objects, 2(40KB) LOS objects, 26% free, 43MB/59MB, paused 266us total 18.613ms
10-09 16:16:33.100  1031  8543 I chatty  : uid=1000(system) Binder:1031_13 expire 2 lines
10-09 16:16:34.045  1031  1513 I chatty  : uid=1000(system) WiFiArpStateMac expire 10 lines
10-09 16:16:39.006  1885  1885 W HwSystemManager: AbsRecordInfo:createRecordFromBundle type provider or service
10-09 16:16:39.054  1031  1454 I chatty  : uid=1000(system) WifiStateMachin expire 5 lines
10-09 16:16:39.598  1031  1031 I chatty  : uid=1000 system_server expire 20 lines
10-09 16:16:40.669  1031  1524 I chatty  : uid=1000(system) HuaweiWifiWatch expire 4 lines
10-09 16:16:43.155  1031  1435 I chatty  : uid=1000(system) sManagerService expire 1 line
10-09 16:16:43.185   504   504 E Thermal-daemon: [ap] temp_new :32  temp_old :33
10-09 16:16:43.185   504   504 E Thermal-daemon: Report temperature: [ap] temp :32  report_threshold:1
10-09 16:16:43.662  1972  2086 I ScenarioAction: new ScenarioAction sPoolSize: 0
10-09 16:16:44.002  1885  1885 W HwSystemManager: AbsRecordInfo:createRecordFromBundle type provider or service
10-09 16:16:44.017  1645  1645 W KeyguardUpdateMonitor: ACTION_BATTERY_CHANGED AMP: 0; Volt: 0
10-09 16:16:44.020 19394 19600 I CloudAlbum[8.0.1.304]: [OperationUtil] cancelNotify
10-09 16:16:44.030  1645  1645 W KeyguardUpdateMonitor: ChargingSpeed  Wattage: -1 ST: 5000000 --> 7500000
10-09 16:16:44.030  1645  1645 I KgBattery: BatteryInfo updated:  2lPc-1
10-09 16:16:44.030  1645  1645 W AppHandler: sendMessage with obj100
10-09 16:16:44.031  1645  1645 W KgBattery: getCharge info with type: text
10-09 16:16:44.032  1645  1645 W HwLockScreenPanel: Handle message: 100
10-09 16:16:44.032  1645  1645 W HwLockScreenPanel: refreshBatteryInfo: null
10-09 16:16:44.112 30348 30348 I XmlParser: startElement itemName:resource user:420388904
10-09 16:16:44.112 30348 30348 I XmlParser: startElement itemName:group user:420388904
10-09 16:16:44.112 30348 30348 I XmlParser: startElement itemName:id user:420388904
10-09 16:16:44.112 30348 30348 I XmlParser: endElement itemName:id user:420388904
10-09 16:16:44.112 30348 30348 I XmlParser: startElement itemName:name user:420388904
10-09 16:16:44.112 30348 30348 I XmlParser: endElement itemName:name user:420388904
10-09 16:16:44.112 30348 30348 I XmlParser: startElement itemName:define user:420388904
10-09 16:16:44.112 30348 30348 I XmlParser: endElement itemName:define user:420388904
10-09 16:16:44.112 30348 30348 I XmlParser: startElement itemName:description user:420388904
10-09 16:16:44.112 30348 30348 I XmlParser: endElement itemName:description user:420388904
10-09 16:16:44.112 30348 30348 I XmlParser: endElement itemName:group user:420388904
10-09 16:16:44.112 30348 30348 I XmlParser: startElement itemName:group user:420388904
10-09 16:16:44.112 30348 30348 I XmlParser: startElement itemName:id user:420388904
10-09 16:16:44.112 30348 30348 I XmlParser: endElement itemName:id user:420388904
10-09 16:16:44.112 30348 30348 I XmlParser: startElement itemName:name user:420388904
10-09 16:16:44.112 30348 30348 I XmlParser: endElement itemName:name user:420388904
10-09 16:16:44.112 30348 30348 I XmlParser: startElement itemName:define user:420388904
10-09 16:16:44.112 30348 30348 E XmlParser: startElement mResult:1024
10-09 16:16:44.112 30348 30348 I XmlParser: endElement itemName:define user:420388904
10-09 16:16:44.112 30348 30348 I XmlParser: startElement itemName:description user:420388904
10-09 16:16:44.112 30348 30348 I XmlParser: endElement itemName:description user:420388904
10-09 16:16:44.112 30348 30348 I XmlParser: endElement itemName:group user:420388904
10-09 16:16:44.112 30348 30348 I XmlParser: startElement itemName:group user:420388904
10-09 16:16:44.112 30348 30348 I XmlParser: startElement itemName:id user:420388904
10-09 16:16:44.112 30348 30348 I XmlParser: endElement itemName:id user:420388904
10-09 16:16:44.112 30348 30348 I XmlParser: startElement itemName:name user:420388904
10-09 16:16:44.112 30348 30348 I XmlParser: endElement itemName:name user:420388904
10-09 16:16:44.112 30348 30348 I XmlParser: startElement itemName:define user:420388904
10-09 16:16:44.112 30348 30348 I XmlParser: endElement itemName:define user:420388904
10-09 16:16:44.112 30348 30348 I XmlParser: startElement itemName:description user:420388904
10-09 16:16:44.112 30348 30348 I XmlParser: endElement itemName:description user:420388904
10-09 16:16:44.112 30348 30348 I XmlParser: endElement itemName:group user:420388904
10-09 16:16:44.112 30348 30348 I XmlParser: startElement itemName:group user:420388904
10-09 16:16:44.112 30348 30348 I XmlParser: startElement itemName:id user:420388904
10-09 16:16:44.112 30348 30348 I XmlParser: endElement itemName:id user:420388904
10-09 16:16:44.112 30348 30348 I XmlParser: startElement itemName:name user:420388904
10-09 16:16:44.112 30348 30348 I XmlParser: endElement itemName:name user:420388904
10-09 16:16:44.112 30348 30348 I XmlParser: startElement itemName:define user:420388904
10-09 16:16:44.112 30348 30348 I XmlParser: endElement itemName:define user:420388904
10-09 16:16:44.112 30348 30348 I XmlParser: startElement itemName:description user:420388904
10-09 16:16:44.112 30348 30348 I XmlParser: endElement itemName:description user:420388904
10-09 16:16:44.112 30348 30348 I XmlParser: endElement itemName:group user:420388904
10-09 16:16:44.112 30348 30348 I XmlParser: endElement itemName:resource user:420388904
10-09 16:16:44.112 30348 30348 I XmlParser: startElement itemName:resource user:0
10-09 16:16:44.112 30348 30348 I XmlParser: startElement itemName:group user:0
10-09 16:16:44.112 30348 30348 I XmlParser: startElement itemName:id user:0
10-09 16:16:44.112 30348 30348 I XmlParser: endElement itemName:id user:0
10-09 16:16:44.112 30348 30348 I XmlParser: startElement itemName:name user:0
10-09 16:16:44.112 30348 30348 I XmlParser: endElement itemName:name user:0
10-09 16:16:44.112 30348 30348 I XmlParser: startElement itemName:define user:0
10-09 16:16:44.112 30348 30348 E XmlParser: startElement mResult:2097152
10-09 16:16:44.112 30348 30348 I XmlParser: endElement itemName:define user:0
10-09 16:16:44.112 30348 30348 I XmlParser: startElement itemName:description user:0
10-09 16:16:44.112 30348 30348 I XmlParser: endElement itemName:description user:0
10-09 16:16:44.112 30348 30348 I XmlParser: endElement itemName:group user:0
10-09 16:16:44.112 30348 30348 I XmlParser: startElement itemName:group user:0
10-09 16:16:44.112 30348 30348 I XmlParser: startElement itemName:id user:0
10-09 16:16:44.112 30348 30348 I XmlParser: endElement itemName:id user:0
10-09 16:16:44.112 30348 30348 I XmlParser: startElement itemName:name user:0
10-09 16:16:44.112 30348 30348 I XmlParser: endElement itemName:name user:0
10-09 16:16:44.112 30348 30348 I XmlParser: startElement itemName:define user:0
10-09 16:16:44.112 30348 30348 I XmlParser: endElement itemName:define user:0
10-09 16:16:44.112 30348 30348 I XmlParser: startElement itemName:description user:0
10-09 16:16:44.112 30348 30348 I XmlParser: endElement itemName:description user:0
10-09 16:16:44.112 30348 30348 I XmlParser: endElement itemName:group user:0
10-09 16:16:44.112 30348 30348 I XmlParser: startElement itemName:group user:0
10-09 16:16:44.112 30348 30348 I XmlParser: startElement itemName:id user:0
10-09 16:16:44.112 30348 30348 I XmlParser: endElement itemName:id user:0
10-09 16:16:44.112 30348 30348 I XmlParser: startElement itemName:name user:0
10-09 16:16:44.112 30348 30348 I XmlParser: endElement itemName:name user:0
10-09 16:16:44.112 30348 30348 I XmlParser: startElement itemName:define user:0
10-09 16:16:44.112 30348 30348 I XmlParser: endElement itemName:define user:0
10-09 16:16:44.112 30348 30348 I XmlParser: startElement itemName:description user:0
10-09 16:16:44.112 30348 30348 I XmlParser: endElement itemName:description user:0
10-09 16:16:44.112 30348 30348 I XmlParser: endElement itemName:group user:0
10-09 16:16:44.112 30348 30348 I XmlParser: startElement itemName:group user:0
10-09 16:16:44.112 30348 30348 I XmlParser: startElement itemName:id user:0
10-09 16:16:44.112 30348 30348 I XmlParser: endElement itemName:id user:0
10-09 16:16:44.112 30348 30348 I XmlParser: startElement itemName:name user:0
10-09 16:16:44.112 30348 30348 I XmlParser: endElement itemName:name user:0
10-09 16:16:44.112 30348 30348 I XmlParser: startElement itemName:define user:0
10-09 16:16:44.112 30348 30348 I XmlParser: endElement itemName:define user:0
10-09 16:16:44.112 30348 30348 I XmlParser: startElement itemName:description user:0
10-09 16:16:44.112 30348 30348 I XmlParser: endElement itemName:description user:0
10-09 16:16:44.112 30348 30348 I XmlParser: endElement itemName:group user:0
10-09 16:16:44.112 30348 30348 I XmlParser: endElement itemName:resource user:0
10-09 16:16:44.112 30348 30348 I libEGL  : egl_cache_t() maxKeySize:1024  maxTotalSize:2097152
10-09 16:16:44.116 30348 30348 I appproc : CLASSPATH=/system/framework/am.jar
10-09 16:16:44.116 30348 30348 I appproc : Command=app_process /system/bin com.android.commands.am.Am startservice --user 0 -a com.qihoo.appstore.ACTION_DAEMON_CORE_SERVICE --ei com.qihoo.appstore.rtservice.EXTRA_PID2 22303 --ei startType 19 
10-09 16:16:44.118 30348 30348 I AndroidRuntime: readDownloadBoosterConfig: 'false'
10-09 16:16:44.154 30348 30348 I art     : Reinit property: dalvik.vm.checkjni= false
10-09 16:16:44.161 30348 30348 I HWSERVICES: hwnative_get_component_register:libdrmbitmap,JNI
10-09 16:16:44.164 30348 30348 I Radio-JNI: register_android_hardware_Radio DONE
10-09 16:16:44.165 30348 30348 I android_hardware_fm.cpp: register_android_hardware_fm_fmradio
10-09 16:16:44.165 30348 30348 I android_hardware_fm.cpp: ========64bit long size = 8
10-09 16:16:44.165 30348 30348 I android_hardware_fm.cpp: FM: get chip type = bcm43xx
10-09 16:16:44.166 30348 30348 E fm_if.c : find the id:fm and begins to open the devices
10-09 16:16:44.166 30348 30348 I android_hardware_fm.cpp: register_android_hardware_fm_fmradio, ret is 0
10-09 16:16:44.177  1031  1992 I chatty  : uid=1000(system) Binder:1031_5 expire 1 line
10-09 16:16:44.179   501 29327 I art     : Starting a blocking GC Background
10-09 16:16:44.179   501 29327 I art     : Starting a blocking GC Background
10-09 16:16:44.184   501 29327 I art     : Starting a blocking GC HeapTrim
10-09 16:16:44.192 30361 30361 I         : power log dlsym ok
10-09 16:16:44.193 30361 30361 I art     : Reinit property: dalvik.vm.checkjni= false
10-09 16:16:44.204   485   534 I gralloc : alloc_device_alloc:564: Alloc handle(0x792acacd00): interfmt=1, stride=64, size=4096, usage=0x100
10-09 16:16:44.209   485  2293 I gralloc : alloc_device_free:586: Free handle(0x792acacd00)
10-09 16:16:44.305 30361 30361 W art     : Found duplicate classes, falling back to interpreter mode for /data/data/com.qihoo.appstore/.jiagu/classes.dex
10-09 16:16:44.305 30361 30361 W art     : Found duplicated class when checking oat files: 'Landroid/content/pm/IPackageInstallObserver2;' in /data/data/com.qihoo.appstore/.jiagu/classes.dex and /data/app/com.qihoo.appstore-1/base.apk
10-09 16:16:44.305 30361 30361 W art     : Dex location /data/data/com.qihoo.appstore/.jiagu/classes.dex does not seem to include dex file. Allow oat file use. This is potentially dangerous.
10-09 16:16:44.326 30361 30361 W art     : Found duplicate classes, falling back to interpreter mode for /data/data/com.qihoo.appstore/.jiagu/classes2.dex
10-09 16:16:44.326 30361 30361 W art     : Found duplicated class when checking oat files: 'Landroid/content/pm/IPackageInstallObserver2;' in /data/data/com.qihoo.appstore/.jiagu/classes.dex and /data/app/com.qihoo.appstore-1/base.apk
10-09 16:16:44.326 30361 30361 W art     : Dex location /data/data/com.qihoo.appstore/.jiagu/classes2.dex does not seem to include dex file. Allow oat file use. This is potentially dangerous.
10-09 16:16:44.340 30361 30361 W art     : Found duplicate classes, falling back to interpreter mode for /data/data/com.qihoo.appstore/.jiagu/classes3.dex
10-09 16:16:44.340 30361 30361 W art     : Found duplicated class when checking oat files: 'Landroid/content/pm/IPackageInstallObserver2;' in /data/data/com.qihoo.appstore/.jiagu/classes.dex and /data/app/com.qihoo.appstore-1/base.apk
10-09 16:16:44.340 30361 30361 W art     : Dex location /data/data/com.qihoo.appstore/.jiagu/classes3.dex does not seem to include dex file. Allow oat file use. This is potentially dangerous.
10-09 16:16:44.345 30361 30361 W art     : Found duplicate classes, falling back to interpreter mode for /data/app/com.qihoo.appstore-1/base.apk
10-09 16:16:44.345 30361 30361 W art     : Found duplicated class when checking oat files: 'Landroid/content/pm/IPackageInstallObserver2;' in /data/app/com.qihoo.appstore-1/base.apk and /data/data/com.qihoo.appstore/.jiagu/classes.dex
10-09 16:16:44.414 30361 30361 I MultiDex: VM with version 2.1.0 has multidex support
10-09 16:16:44.414 30361 30361 I MultiDex: install
10-09 16:16:44.414 30361 30361 I MultiDex: VM has multidex support, MultiDex support library is disabled.
10-09 16:16:44.442 30361 30361 W System  : ClassLoader referenced unknown path: 
10-09 16:16:44.442 30361 30361 W System  : ClassLoader referenced unknown path: 
10-09 16:16:44.488 30382 30382 I         : power log dlsym ok
10-09 16:16:44.490 30382 30382 I art     : Reinit property: dalvik.vm.checkjni= false
10-09 16:16:44.499   485   532 I gralloc : alloc_device_alloc:564: Alloc handle(0x792ac6fb00): interfmt=1, stride=64, size=4096, usage=0x100
10-09 16:16:44.503   485  1436 I gralloc : alloc_device_free:586: Free handle(0x792ac6fb00)
10-09 16:16:44.600 30382 30382 W art     : Found duplicate classes, falling back to interpreter mode for /data/data/com.qihoo.appstore/.jiagu/classes.dex
10-09 16:16:44.600 30382 30382 W art     : Found duplicated class when checking oat files: 'Landroid/content/pm/IPackageInstallObserver2;' in /data/data/com.qihoo.appstore/.jiagu/classes.dex and /data/app/com.qihoo.appstore-1/base.apk
10-09 16:16:44.600 30382 30382 W art     : Dex location /data/data/com.qihoo.appstore/.jiagu/classes.dex does not seem to include dex file. Allow oat file use. This is potentially dangerous.
10-09 16:16:44.614 30382 30382 W art     : Found duplicate classes, falling back to interpreter mode for /data/data/com.qihoo.appstore/.jiagu/classes2.dex
10-09 16:16:44.615 30382 30382 W art     : Found duplicated class when checking oat files: 'Landroid/content/pm/IPackageInstallObserver2;' in /data/data/com.qihoo.appstore/.jiagu/classes.dex and /data/app/com.qihoo.appstore-1/base.apk
10-09 16:16:44.615 30382 30382 W art     : Dex location /data/data/com.qihoo.appstore/.jiagu/classes2.dex does not seem to include dex file. Allow oat file use. This is potentially dangerous.
10-09 16:16:44.629 30382 30382 W art     : Found duplicate classes, falling back to interpreter mode for /data/data/com.qihoo.appstore/.jiagu/classes3.dex
10-09 16:16:44.629 30382 30382 W art     : Found duplicated class when checking oat files: 'Landroid/content/pm/IPackageInstallObserver2;' in /data/data/com.qihoo.appstore/.jiagu/classes.dex and /data/app/com.qihoo.appstore-1/base.apk
10-09 16:16:44.629 30382 30382 W art     : Dex location /data/data/com.qihoo.appstore/.jiagu/classes3.dex does not seem to include dex file. Allow oat file use. This is potentially dangerous.
10-09 16:16:44.634 30382 30382 W art     : Found duplicate classes, falling back to interpreter mode for /data/app/com.qihoo.appstore-1/base.apk
10-09 16:16:44.634 30382 30382 W art     : Found duplicated class when checking oat files: 'Landroid/content/pm/IPackageInstallObserver2;' in /data/app/com.qihoo.appstore-1/base.apk and /data/data/com.qihoo.appstore/.jiagu/classes.dex
10-09 16:16:44.695 30382 30382 I MultiDex: VM with version 2.1.0 has multidex support
10-09 16:16:44.695 30382 30382 I MultiDex: install
10-09 16:16:44.695 30382 30382 I MultiDex: VM has multidex support, MultiDex support library is disabled.
10-09 16:16:44.734 30382 30382 W System  : ClassLoader referenced unknown path: 
10-09 16:16:44.734 30382 30382 W System  : ClassLoader referenced unknown path: 
10-09 16:16:44.736 30382 30382 W ws001   : p m hlc u d p o com.qihoo.appstore.loader.p.ProviderN1
10-09 16:16:44.751 30382 30382 W ws001   : NRH lcl.fc: c=com.ak.torch.core.bridge.Core
10-09 16:16:44.752 30382 30382 W ws001   : NRH lcl.fc: c=com.ak.b.d.b
10-09 16:16:44.752 30382 30382 W ws001   : NRH lcl.fc: c=com.ak.torch.engine.download.a
10-09 16:16:44.753 30382 30382 W ws001   : NRH lcl.fc: c=com.ak.torch.engine.landingpage.LandingPageBridge
10-09 16:16:44.753 30382 30382 W ws001   : NRH lcl.fc: c=com.ak.torch.engine.landingpage.a
10-09 16:16:44.754 30382 30382 W ws001   : NRH lcl.fc: c=com.ak.a.b.a
10-09 16:16:44.754 30382 30382 W ws001   : NRH lcl.fc: c=com.ak.torch.core.nati.NativeAdLoaderProxy
10-09 16:16:44.755 30382 30382 W ws001   : NRH lcl.fc: c=com.ak.torch.engine.loader.h
10-09 16:16:44.755 30382 30382 W ws001   : NRH lcl.fc: c=com.ak.torch.engine.loader.b
10-09 16:16:44.756 30382 30382 W ws001   : NRH lcl.fc: c=com.ak.torch.core.splash.d
10-09 16:16:44.756 30382 30382 W ws001   : NRH lcl.fc: c=com.ak.torch.core.splash.h
10-09 16:16:44.757 30382 30382 W ws001   : NRH lcl.fc: c=com.ak.torch.core.nativdo.NativeVideoAdLoaderProxy
10-09 16:16:44.757 30382 30382 W ws001   : NRH lcl.fc: c=com.ak.torch.engine.e.b
10-09 16:16:44.758 30382 30382 W ws001   : NRH lcl.fc: c=com.ak.torch.core.bridge.a
10-09 16:16:44.759 30382 30382 W ws001   : NRH lcl.fc: c=com.ak.b.d.a
10-09 16:16:44.759 30382 30382 W ws001   : NRH lcl.fc: c=com.ak.torch.core.provider.TorchProvider
10-09 16:16:44.760 30382 30382 W ws001   : NRH lcl.fc: c=com.ak.j.c
10-09 16:16:44.760 30382 30382 W ws001   : NRH lcl.fc: c=com.ak.d.a
10-09 16:16:44.761 30382 30382 W ws001   : NRH lcl.fc: c=com.ak.i.d
10-09 16:16:44.763 30382 30382 W ws001   : NRH lcl.fc: c=com.ak.b.a
10-09 16:16:44.763 30382 30382 W ws001   : NRH lcl.fc: c=com.ak.torch.engine.i.b
10-09 16:16:44.764 30382 30382 W ws001   : NRH lcl.fc: c=com.ak.torch.engine.i.c
10-09 16:16:44.764 30382 30382 W ws001   : NRH lcl.fc: c=com.ak.b.c
10-09 16:16:44.765 30382 30382 W ws001   : NRH lcl.fc: c=com.ak.torch.core.bridge.b
10-09 16:16:44.765 30382 30382 W ws001   : NRH lcl.fc: c=com.ak.b.d
10-09 16:16:44.766 30382 30382 W ws001   : NRH lcl.fc: c=com.ak.torch.engine.e.a
10-09 16:16:44.766 30382 30407 W ws001   : NRH lcl.fc: c=com.ak.torch.engine.e.a
10-09 16:16:44.766 30382 30407 W ws001   : NRH lcl.fc: c=com.ak.j.b
10-09 16:16:44.768 30382 30407 W ws001   : NRH lcl.fc: c=com.ak.g.a
10-09 16:16:44.768 30382 30407 W ws001   : NRH lcl.fc: c=com.ak.g.d
10-09 16:16:44.769 30382 30407 W ws001   : NRH lcl.fc: c=com.ak.g.b
10-09 16:16:44.770 30382 30407 W ws001   : NRH lcl.fc: c=com.ak.g.c
10-09 16:16:44.770 30382 30407 W ws001   : NRH lcl.fc: c=com.ak.torch.engine.i.a.b
10-09 16:16:44.771  1031  8541 I chatty  : uid=1000(system) Binder:1031_12 expire 1 line
10-09 16:16:44.771 30382 30407 W ws001   : NRH lcl.fc: c=com.ak.l.a
10-09 16:16:44.772 30382 30407 W ws001   : NRH lcl.fc: c=com.ak.l.b
10-09 16:16:44.772 30382 30407 W ws001   : NRH lcl.fc: c=com.ak.torch.engine.i.a.a
10-09 16:16:44.773 30382 30407 W ws001   : NRH lcl.fc: c=com.ak.torch.engine.e.c
10-09 16:16:44.773 30382 30407 W ws001   : NRH lcl.fc: c=com.ak.b.e.a
10-09 16:16:44.775 30382 30407 W ws001   : NRH lcl.fc: c=com.ak.c.a
10-09 16:16:44.775 30382 30407 W ws001   : NRH lcl.fc: c=com.ak.e.a.d
10-09 16:16:44.775 30382 30407 W ws001   : NRH lcl.fc: c=com.ak.e.b.a
10-09 16:16:44.776 30382 30407 W ws001   : NRH lcl.fc: c=com.ak.e.a.a
10-09 16:16:44.776  1031 15707 I chatty  : uid=1000(system) Binder:1031_18 expire 4 lines
10-09 16:16:44.776  1031  1951 I chatty  : uid=1000(system) LocationThread expire 3 lines
10-09 16:16:44.776 30382 30407 W ws001   : NRH lcl.fc: c=com.ak.e.b.c
10-09 16:16:44.777  2452 17949 I NCCHR_NcLogCollectServiceImpl: getUserType = 1
10-09 16:16:44.779  2607  2607 W trace_@_11_1_@: @_11_1_1_@ android.permission.ACCESS_COARSE_LOCATION true 24
10-09 16:16:44.779  2607  2607 W trace_@_11_1_@: @_11_1_1_@ android.permission.ACCESS_FINE_LOCATION true 24
10-09 16:16:44.780  2607  2607 W trace_@_11_1_@: @_11_1_1_@ android.permission.READ_PHONE_STATE true 24
10-09 16:16:44.780 30382 30407 W ws001   : NRH lcl.fc: c=com.ak.torch.engine.i.d
10-09 16:16:44.780  2607  2607 W trace_@_11_1_@: @_11_1_1_@ android.permission.WRITE_EXTERNAL_STORAGE true 24
10-09 16:16:44.781  2607  2607 W trace_@_29_4_@: @_29_4_4_@
10-09 16:16:44.781 30382 30407 W ws001   : NRH lcl.fc: c=com.ak.torch.engine.i.a
10-09 16:16:44.781  2607  2607 W trace_@_29_4_@: @_29_4_4_@package:[com.qihoo.appstore]|reportLocation:true|interval:10000
10-09 16:16:44.781  2607  2607 W trace_@_29_4_@: @_29_4_7_@20000
10-09 16:16:44.781  2607  2607 W trace_@_11_1_@: @_11_1_2_@ [android.permission.ACCESS_COARSE_LOCATION, android.permission.ACCESS_FINE_LOCATION, android.permission.READ_PHONE_STATE, android.permission.WRITE_EXTERNAL_STORAGE] 24
10-09 16:16:44.782  2607  2607 W trace_@_27_3_@: @_27_3_4_@@_27_3_7_@20000
10-09 16:16:44.791  2607  2738 W trace_@_16_1_@: @_16_1_6_@com.amap.location.networklocator.h@296a5db
10-09 16:16:44.791  2607  2738 W trace_@_16_4_@: @_16_4_4_@@_16_4_5_@20000@_16_4_6_@com.amap.location.d.a.b.b.c$b@30f8878@_16_4_7_@false
10-09 16:16:44.792  2607  2739 W trace_@_16_4_@: @_16_4_10_@20000
10-09 16:16:44.792  2607  2739 W trace_@_16_2_@: @_16_2_3_@0
10-09 16:16:44.792  2607  2739 W trace_@_16_2_@: @_16_2_17_@
10-09 16:16:44.796 30361 30361 W JobInfo : Specified interval for 1 is +10m0s0ms. Clamped to +15m0s0ms
10-09 16:16:44.847 30382 30434 W ws001   : NRH lcl.fc: c=com.ak.torch.core.bridge.c
10-09 16:16:44.847 30382 30436 W ws001   : NRH lcl.fc: c=com.ak.torch.engine.h.a.g
10-09 16:16:44.847 30382 30436 W ws001   : NRH lcl.fc: c=com.ak.torch.engine.h.a.e
10-09 16:16:44.848 30382 30436 W ws001   : NRH lcl.fc: c=com.ak.torch.engine.h.a.f
10-09 16:16:44.848 30382 30439 W ws001   : NRH lcl.fc: c=com.ak.b.b.a
10-09 16:16:44.854 30382 30431 W ws001   : NRH lcl.fc: c=com.ak.torch.core.splash.i
10-09 16:16:44.856 30382 30429 I System.out: [pm, list, packages]
10-09 16:16:44.856 30382 30429 I System.out: null
10-09 16:16:44.856 30382 30429 I System.out: null
10-09 16:16:44.856 30382 30429 I System.out: Calling by::className:com.qihoo.utils.ba  MethodName:b
10-09 16:16:44.863 30382 30382 W ContextImpl: Implicit intents with startService are not safe: Intent { act=com.qihoo.appstore.floatwin.FloatWindowService (has extras) } android.content.ContextWrapper.startService:613 com.qihoo.appstore.floatwin.FloatWindowService.a:-1 com.qihoo.appstore.base.AppStoreApplication.a:-1 
10-09 16:16:44.869 30382 30382 W System.err: java.lang.NoSuchMethodException: registerScreenActionReceiver [class android.content.Context]
10-09 16:16:44.869 30382 30382 W System.err: 	at java.lang.Class.getMethod(Class.java:1981)
10-09 16:16:44.869 30382 30382 W System.err: 	at java.lang.Class.getDeclaredMethod(Class.java:1960)
10-09 16:16:44.869 30382 30382 W System.err: 	at com.stub.plugin.Stub02.onStartCommand(Native Method)
10-09 16:16:44.869 30382 30382 W System.err: 	at android.app.ActivityThread.handleServiceArgs(ActivityThread.java:3476)
10-09 16:16:44.869 30382 30382 W System.err: 	at android.app.ActivityThread.-wrap23(ActivityThread.java)
10-09 16:16:44.869 30382 30382 W System.err: 	at android.app.ActivityThread$H.handleMessage(ActivityThread.java:1674)
10-09 16:16:44.869 30382 30382 W System.err: 	at android.os.Handler.dispatchMessage(Handler.java:105)
10-09 16:16:44.869 30382 30382 W System.err: 	at android.os.Looper.loop(Looper.java:156)
10-09 16:16:44.869 30382 30382 W System.err: 	at android.app.ActivityThread.main(ActivityThread.java:6523)
10-09 16:16:44.869 30382 30382 W System.err: 	at java.lang.reflect.Method.invoke(Native Method)
10-09 16:16:44.869 30382 30382 W System.err: 	at com.android.internal.os.ZygoteInit$MethodAndArgsCaller.run(ZygoteInit.java:941)
10-09 16:16:44.869 30382 30382 W System.err: 	at com.android.internal.os.ZygoteInit.main(ZygoteInit.java:831)
10-09 16:16:44.882  2003  9105 W PhoneInterfaceManager: shouldBlockLocation running ...
10-09 16:16:44.886  2003  9105 I PhoneInterfaceManager: shouldBlockLocation  ret:false
10-09 16:16:44.897  2003  9105 W PhoneInterfaceManager: shouldBlockLocation running ...
10-09 16:16:44.900  2003  9105 I PhoneInterfaceManager: shouldBlockLocation  ret:false
10-09 16:16:44.913 30382 30382 W ws001   : NRH lcl.fc: c=com.ak.e.b.d
10-09 16:16:44.914 30382 30450 W ws001   : NRH lcl.fc: c=com.ak.e.a.e
10-09 16:16:44.914 30382 30451 W ws001   : NRH lcl.fc: c=com.ak.e.a.e
10-09 16:16:44.915 30382 30451 W ws001   : NRH lcl.fc: c=com.ak.f.c
10-09 16:16:44.958 30382 30382 W VRSystemServiceManager: vr service is not alive
10-09 16:16:44.972 30382 30433 W System.err: java.lang.InstantiationException: java.lang.Class<com.qihoo.m.a> has no zero argument constructor
10-09 16:16:44.973 30382 30433 W System.err: 	at java.lang.Class.newInstance(Native Method)
10-09 16:16:44.973 30382 30433 W System.err: 	at com.qihoo.sdk.report.common.d.a(AppStore)
10-09 16:16:44.973 30382 30433 W System.err: 	at com.qihoo.sdk.report.b.a$1.run(AppStore)
10-09 16:16:44.973 30382 30433 W System.err: 	at java.util.concurrent.ThreadPoolExecutor.runWorker(ThreadPoolExecutor.java:1133)
10-09 16:16:44.973 30382 30433 W System.err: 	at java.util.concurrent.ThreadPoolExecutor$Worker.run(ThreadPoolExecutor.java:607)
10-09 16:16:44.973 30382 30433 W System.err: 	at java.lang.Thread.run(Thread.java:776)
10-09 16:16:44.991 30382 30459 I fb-UnpackingSoSource: dso store is up-to-date: /data/user/0/com.qihoo.appstore/lib-main
10-09 16:16:45.006 30382 30455 I OpenGLRenderer: Initialized EGL, version 1.4
10-09 16:16:45.011 30382 30455 W linker  : /vendor/lib/libhwuibp.so: unused DT entry: type 0xf arg 0xeb5
10-09 16:16:45.012   485   532 E BufferQueueProducer: [] connect: already connected (cur=1 req=1)
10-09 16:16:45.013   485  1634 I gralloc : alloc_device_alloc:564: Alloc handle(0x793285cd00): interfmt=1, stride=192, size=110592, usage=0xb00
10-09 16:16:45.014   485  1634 I gralloc : alloc_device_alloc:564: Alloc handle(0x793285cf00): interfmt=1, stride=192, size=110592, usage=0xb00
10-09 16:16:45.014   485  1634 I gralloc : alloc_device_alloc:564: Alloc handle(0x793286b100): interfmt=1, stride=192, size=110592, usage=0xb00
10-09 16:16:45.026 30382 30455 E OpenGLRenderer: allen debug liyu Key: 1
10-09 16:16:45.031  1031  1513 I chatty  : uid=1000(system) WiFiArpStateMac expire 4 lines
10-09 16:16:45.107 30441 30441 I XmlParser: startElement itemName:resource user:-1911979992
10-09 16:16:45.107 30441 30441 I XmlParser: startElement itemName:group user:-1911979992
10-09 16:16:45.107 30441 30441 I XmlParser: startElement itemName:id user:-1911979992
10-09 16:16:45.107 30441 30441 I XmlParser: endElement itemName:id user:-1911979992
10-09 16:16:45.107 30441 30441 I XmlParser: startElement itemName:name user:-1911979992
10-09 16:16:45.107 30441 30441 I XmlParser: endElement itemName:name user:-1911979992
10-09 16:16:45.107 30441 30441 I XmlParser: startElement itemName:define user:-1911979992
10-09 16:16:45.107 30441 30441 I XmlParser: endElement itemName:define user:-1911979992
10-09 16:16:45.107 30441 30441 I XmlParser: startElement itemName:description user:-1911979992
10-09 16:16:45.107 30441 30441 I XmlParser: endElement itemName:description user:-1911979992
10-09 16:16:45.107 30441 30441 I XmlParser: endElement itemName:group user:-1911979992
10-09 16:16:45.107 30441 30441 I XmlParser: startElement itemName:group user:-1911979992
10-09 16:16:45.107 30441 30441 I XmlParser: startElement itemName:id user:-1911979992
10-09 16:16:45.107 30441 30441 I XmlParser: endElement itemName:id user:-1911979992
10-09 16:16:45.107 30441 30441 I XmlParser: startElement itemName:name user:-1911979992
10-09 16:16:45.107 30441 30441 I XmlParser: endElement itemName:name user:-1911979992
10-09 16:16:45.107 30441 30441 I XmlParser: startElement itemName:define user:-1911979992
10-09 16:16:45.107 30441 30441 E XmlParser: startElement mResult:1024
10-09 16:16:45.107 30441 30441 I XmlParser: endElement itemName:define user:-1911979992
10-09 16:16:45.107 30441 30441 I XmlParser: startElement itemName:description user:-1911979992
10-09 16:16:45.107 30441 30441 I XmlParser: endElement itemName:description user:-1911979992
10-09 16:16:45.107 30441 30441 I XmlParser: endElement itemName:group user:-1911979992
10-09 16:16:45.107 30441 30441 I XmlParser: startElement itemName:group user:-1911979992
10-09 16:16:45.107 30441 30441 I XmlParser: startElement itemName:id user:-1911979992
10-09 16:16:45.107 30441 30441 I XmlParser: endElement itemName:id user:-1911979992
10-09 16:16:45.107 30441 30441 I XmlParser: startElement itemName:name user:-1911979992
10-09 16:16:45.107 30441 30441 I XmlParser: endElement itemName:name user:-1911979992
10-09 16:16:45.107 30441 30441 I XmlParser: startElement itemName:define user:-1911979992
10-09 16:16:45.107 30441 30441 I XmlParser: endElement itemName:define user:-1911979992
10-09 16:16:45.107 30441 30441 I XmlParser: startElement itemName:description user:-1911979992
10-09 16:16:45.107 30441 30441 I XmlParser: endElement itemName:description user:-1911979992
10-09 16:16:45.107 30441 30441 I XmlParser: endElement itemName:group user:-1911979992
10-09 16:16:45.107 30441 30441 I XmlParser: startElement itemName:group user:-1911979992
10-09 16:16:45.107 30441 30441 I XmlParser: startElement itemName:id user:-1911979992
10-09 16:16:45.107 30441 30441 I XmlParser: endElement itemName:id user:-1911979992
10-09 16:16:45.107 30441 30441 I XmlParser: startElement itemName:name user:-1911979992
10-09 16:16:45.107 30441 30441 I XmlParser: endElement itemName:name user:-1911979992
10-09 16:16:45.107 30441 30441 I XmlParser: startElement itemName:define user:-1911979992
10-09 16:16:45.107 30441 30441 I XmlParser: endElement itemName:define user:-1911979992
10-09 16:16:45.107 30441 30441 I XmlParser: startElement itemName:description user:-1911979992
10-09 16:16:45.107 30441 30441 I XmlParser: endElement itemName:description user:-1911979992
10-09 16:16:45.107 30441 30441 I XmlParser: endElement itemName:group user:-1911979992
10-09 16:16:45.107 30441 30441 I XmlParser: endElement itemName:resource user:-1911979992
10-09 16:16:45.107 30441 30441 I XmlParser: startElement itemName:resource user:0
10-09 16:16:45.107 30441 30441 I XmlParser: startElement itemName:group user:0
10-09 16:16:45.107 30441 30441 I XmlParser: startElement itemName:id user:0
10-09 16:16:45.107 30441 30441 I XmlParser: endElement itemName:id user:0
10-09 16:16:45.107 30441 30441 I XmlParser: startElement itemName:name user:0
10-09 16:16:45.107 30441 30441 I XmlParser: endElement itemName:name user:0
10-09 16:16:45.107 30441 30441 I XmlParser: startElement itemName:define user:0
10-09 16:16:45.107 30441 30441 E XmlParser: startElement mResult:2097152
10-09 16:16:45.107 30441 30441 I XmlParser: endElement itemName:define user:0
10-09 16:16:45.107 30441 30441 I XmlParser: startElement itemName:description user:0
10-09 16:16:45.107 30441 30441 I XmlParser: endElement itemName:description user:0
10-09 16:16:45.107 30441 30441 I XmlParser: endElement itemName:group user:0
10-09 16:16:45.107 30441 30441 I XmlParser: startElement itemName:group user:0
10-09 16:16:45.107 30441 30441 I XmlParser: startElement itemName:id user:0
10-09 16:16:45.107 30441 30441 I XmlParser: endElement itemName:id user:0
10-09 16:16:45.107 30441 30441 I XmlParser: startElement itemName:name user:0
10-09 16:16:45.107 30441 30441 I XmlParser: endElement itemName:name user:0
10-09 16:16:45.107 30441 30441 I XmlParser: startElement itemName:define user:0
10-09 16:16:45.107 30441 30441 I XmlParser: endElement itemName:define user:0
10-09 16:16:45.107 30441 30441 I XmlParser: startElement itemName:description user:0
10-09 16:16:45.107 30441 30441 I XmlParser: endElement itemName:description user:0
10-09 16:16:45.107 30441 30441 I XmlParser: endElement itemName:group user:0
10-09 16:16:45.107 30441 30441 I XmlParser: startElement itemName:group user:0
10-09 16:16:45.107 30441 30441 I XmlParser: startElement itemName:id user:0
10-09 16:16:45.107 30441 30441 I XmlParser: endElement itemName:id user:0
10-09 16:16:45.107 30441 30441 I XmlParser: startElement itemName:name user:0
10-09 16:16:45.107 30441 30441 I XmlParser: endElement itemName:name user:0
10-09 16:16:45.107 30441 30441 I XmlParser: startElement itemName:define user:0
10-09 16:16:45.107 30441 30441 I XmlParser: endElement itemName:define user:0
10-09 16:16:45.107 30441 30441 I XmlParser: startElement itemName:description user:0
10-09 16:16:45.107 30441 30441 I XmlParser: endElement itemName:description user:0
10-09 16:16:45.107 30441 30441 I XmlParser: endElement itemName:group user:0
10-09 16:16:45.107 30441 30441 I XmlParser: startElement itemName:group user:0
10-09 16:16:45.107 30441 30441 I XmlParser: startElement itemName:id user:0
10-09 16:16:45.107 30441 30441 I XmlParser: endElement itemName:id user:0
10-09 16:16:45.107 30441 30441 I XmlParser: startElement itemName:name user:0
10-09 16:16:45.107 30441 30441 I XmlParser: endElement itemName:name user:0
10-09 16:16:45.107 30441 30441 I XmlParser: startElement itemName:define user:0
10-09 16:16:45.107 30441 30441 I XmlParser: endElement itemName:define user:0
10-09 16:16:45.107 30441 30441 I XmlParser: startElement itemName:description user:0
10-09 16:16:45.107 30441 30441 I XmlParser: endElement itemName:description user:0
10-09 16:16:45.107 30441 30441 I XmlParser: endElement itemName:group user:0
10-09 16:16:45.107 30441 30441 I XmlParser: endElement itemName:resource user:0
10-09 16:16:45.107 30441 30441 I libEGL  : egl_cache_t() maxKeySize:1024  maxTotalSize:2097152
10-09 16:16:45.111 30441 30441 I appproc : CLASSPATH=/system/framework/pm.jar
10-09 16:16:45.111 30441 30441 I appproc : Command=app_process /system/bin com.android.commands.pm.Pm list packages 
10-09 16:16:45.113 30441 30441 I AndroidRuntime: readDownloadBoosterConfig: 'false'
10-09 16:16:45.153 30441 30441 I art     : Reinit property: dalvik.vm.checkjni= false
10-09 16:16:45.159 30441 30441 I HWSERVICES: hwnative_get_component_register:libdrmbitmap,JNI
10-09 16:16:45.162 30441 30441 I Radio-JNI: register_android_hardware_Radio DONE
10-09 16:16:45.163 30441 30441 I android_hardware_fm.cpp: register_android_hardware_fm_fmradio
10-09 16:16:45.163 30441 30441 I android_hardware_fm.cpp: ========64bit long size = 8
10-09 16:16:45.163 30441 30441 I android_hardware_fm.cpp: FM: get chip type = bcm43xx
10-09 16:16:45.164 30441 30441 E fm_if.c : find the id:fm and begins to open the devices
10-09 16:16:45.164 30441 30441 I android_hardware_fm.cpp: register_android_hardware_fm_fmradio, ret is 0
10-09 16:16:45.181 30441 30441 I art     : System.exit called, status: 0
10-09 16:16:45.181 30441 30441 I AndroidRuntime: VM exiting with result code 0.
10-09 16:16:45.182 30441 30485 W MessageQueue: Handler (android.os.Handler) {281a91} sending message to a Handler on a dead thread
10-09 16:16:45.182 30441 30485 W MessageQueue: java.lang.IllegalStateException: Handler (android.os.Handler) {281a91} sending message to a Handler on a dead thread
10-09 16:16:45.182 30441 30485 W MessageQueue: 	at android.os.MessageQueue.enqueueMessage(MessageQueue.java:616)
10-09 16:16:45.182 30441 30485 W MessageQueue: 	at android.os.Handler.enqueueMessage(Handler.java:653)
10-09 16:16:45.182 30441 30485 W MessageQueue: 	at android.os.Handler.sendMessageAtTime(Handler.java:622)
10-09 16:16:45.182 30441 30485 W MessageQueue: 	at android.os.Handler.sendMessageDelayed(Handler.java:592)
10-09 16:16:45.182 30441 30485 W MessageQueue: 	at android.os.Handler.post(Handler.java:345)
10-09 16:16:45.182 30441 30485 W MessageQueue: 	at android.os.ResultReceiver$MyResultReceiver.send(ResultReceiver.java:57)
10-09 16:16:45.182 30441 30485 W MessageQueue: 	at com.android.internal.os.IResultReceiver$Stub.onTransact(IResultReceiver.java:58)
10-09 16:16:45.182 30441 30485 W MessageQueue: 	at android.os.Binder.execTransact(Binder.java:565)
10-09 16:16:46.315 30382 30382 W ws001   : NRH lcl.fc: c=android.widget.NotificationHeaderView
10-09 16:16:46.317 30382 30382 W ws001   : NRH lcl.fc: c=android.webkit.NotificationHeaderView
10-09 16:16:46.318 30382 30382 W ws001   : NRH lcl.fc: c=android.app.NotificationHeaderView
10-09 16:16:46.378 30382 30382 W System.err: java.lang.NoSuchMethodException: registerScreenActionReceiver [class android.content.Context]
10-09 16:16:46.378 30382 30382 W System.err: 	at java.lang.Class.getMethod(Class.java:1981)
10-09 16:16:46.378 30382 30382 W System.err: 	at java.lang.Class.getDeclaredMethod(Class.java:1960)
10-09 16:16:46.378 30382 30382 W System.err: 	at com.stub.plugin.Stub02.onStartCommand(Native Method)
10-09 16:16:46.378 30382 30382 W System.err: 	at android.app.ActivityThread.handleServiceArgs(ActivityThread.java:3476)
10-09 16:16:46.378 30382 30382 W System.err: 	at android.app.ActivityThread.-wrap23(ActivityThread.java)
10-09 16:16:46.378 30382 30382 W System.err: 	at android.app.ActivityThread$H.handleMessage(ActivityThread.java:1674)
10-09 16:16:46.378 30382 30382 W System.err: 	at android.os.Handler.dispatchMessage(Handler.java:105)
10-09 16:16:46.378 30382 30382 W System.err: 	at android.os.Looper.loop(Looper.java:156)
10-09 16:16:46.378 30382 30382 W System.err: 	at android.app.ActivityThread.main(ActivityThread.java:6523)
10-09 16:16:46.378 30382 30382 W System.err: 	at java.lang.reflect.Method.invoke(Native Method)
10-09 16:16:46.378 30382 30382 W System.err: 	at com.android.internal.os.ZygoteInit$MethodAndArgsCaller.run(ZygoteInit.java:941)
10-09 16:16:46.378 30382 30382 W System.err: 	at com.android.internal.os.ZygoteInit.main(ZygoteInit.java:831)
10-09 16:16:46.399 30361 30361 W ContextImpl: Implicit intents with startService are not safe: Intent { act=com.qihoo.appstore.ACTION_EVENT_STAT (has extras) } android.content.ContextWrapper.startService:613 com.qihoo.core.CoreService.a:-1 com.qihoo.core.CoreService.onStartCommand:-1 
10-09 16:16:46.404 30382 30433 W System.err: java.lang.InstantiationException: java.lang.Class<com.qihoo.m.a> has no zero argument constructor
10-09 16:16:46.404 30382 30433 W System.err: 	at java.lang.Class.newInstance(Native Method)
10-09 16:16:46.404 30382 30433 W System.err: 	at com.qihoo.sdk.report.common.d.a(AppStore)
10-09 16:16:46.404 30382 30433 W System.err: 	at com.qihoo.sdk.report.b.a$1.run(AppStore)
10-09 16:16:46.404 30382 30433 W System.err: 	at java.util.concurrent.ThreadPoolExecutor.runWorker(ThreadPoolExecutor.java:1133)
10-09 16:16:46.404 30382 30433 W System.err: 	at java.util.concurrent.ThreadPoolExecutor$Worker.run(ThreadPoolExecutor.java:607)
10-09 16:16:46.404 30382 30433 W System.err: 	at java.lang.Thread.run(Thread.java:776)
10-09 16:16:46.416  1645  1645 W HwPhoneLayoutInflater: onCreateView : ClassNotFoundException, In this case we want to let the base class take a crack at it
10-09 16:16:46.417  1645  1645 W HwPhoneLayoutInflater: onCreateView : ClassNotFoundException, In this case we want to let the base class take a crack at it
10-09 16:16:46.424  1031  2018 I chatty  : uid=1000(system) Binder:1031_8 expire 1 line
10-09 16:16:46.425  1645  1645 W HwPhoneLayoutInflater: onCreateView : ClassNotFoundException, In this case we want to let the base class take a crack at it
10-09 16:16:46.427  1645  1645 W HwPhoneLayoutInflater: onCreateView : ClassNotFoundException, In this case we want to let the base class take a crack at it
10-09 16:16:46.442  1645  1645 W HwPhoneLayoutInflater: onCreateView : ClassNotFoundException, In this case we want to let the base class take a crack at it
10-09 16:16:46.443  1645  1645 W HwPhoneLayoutInflater: onCreateView : ClassNotFoundException, In this case we want to let the base class take a crack at it
10-09 16:16:46.454  1972  2086 I ScenarioAction: new ScenarioAction sPoolSize: 0
10-09 16:16:46.461  1972  2086 I ScenarioAction: new ScenarioAction sPoolSize: 1
10-09 16:16:46.462  1645  1645 W HwPhoneLayoutInflater: onCreateView : ClassNotFoundException, In this case we want to let the base class take a crack at it
10-09 16:16:46.463  1645  1645 W HwPhoneLayoutInflater: onCreateView : ClassNotFoundException, In this case we want to let the base class take a crack at it
10-09 16:16:46.463  1031  2585 I chatty  : uid=1000(system) Binder:1031_B expire 2 lines
10-09 16:16:46.484  1645  1645 W HwKeyguardDragHelper: AnimationBlocked
10-09 16:16:46.504  1031  8551 I chatty  : uid=1000(system) Binder:1031_16 expire 1 line
10-09 16:16:46.508  1645  1645 W HwPhoneLayoutInflater: onCreateView : ClassNotFoundException, In this case we want to let the base class take a crack at it
10-09 16:16:46.509  1645  1645 W HwPhoneLayoutInflater: onCreateView : ClassNotFoundException, In this case we want to let the base class take a crack at it
10-09 16:16:46.512  1645  1645 W HwPhoneLayoutInflater: onCreateView : ClassNotFoundException, In this case we want to let the base class take a crack at it
10-09 16:16:46.512  1645  1645 W HwPhoneLayoutInflater: onCreateView : ClassNotFoundException, In this case we want to let the base class take a crack at it
10-09 16:16:46.522  1645  1645 W HwKeyguardDragHelper: AnimationBlocked
10-09 16:16:46.539  1645  1645 W HwPhoneLayoutInflater: onCreateView : ClassNotFoundException, In this case we want to let the base class take a crack at it
10-09 16:16:46.539  1645  1645 W HwPhoneLayoutInflater: onCreateView : ClassNotFoundException, In this case we want to let the base class take a crack at it
10-09 16:16:46.542  1645  1645 W HwPhoneLayoutInflater: onCreateView : ClassNotFoundException, In this case we want to let the base class take a crack at it
10-09 16:16:46.542  1645  1645 W HwPhoneLayoutInflater: onCreateView : ClassNotFoundException, In this case we want to let the base class take a crack at it
10-09 16:16:46.547  1645  1645 W HwPhoneLayoutInflater: onCreateView : ClassNotFoundException, In this case we want to let the base class take a crack at it
10-09 16:16:46.548  1645  1645 W HwPhoneLayoutInflater: onCreateView : ClassNotFoundException, In this case we want to let the base class take a crack at it
10-09 16:16:46.550  1645  1645 W HwPhoneLayoutInflater: onCreateView : ClassNotFoundException, In this case we want to let the base class take a crack at it
10-09 16:16:46.551  1645  1645 W HwPhoneLayoutInflater: onCreateView : ClassNotFoundException, In this case we want to let the base class take a crack at it
10-09 16:16:46.560  1645  1645 W HwKeyguardDragHelper: AnimationBlocked
10-09 16:16:46.566  1645  1645 W HwKeyguardDragHelper: AnimationBlocked
10-09 16:16:46.905  1031  1521 I chatty  : uid=1000(system) HwIntelligenceS expire 1 line
10-09 16:16:46.906 19394 19394 I hisync-findmyphone.WlanScanReceiver: WlanScanReceiver onReceive action:android.net.wifi.SCAN_RESULTS
10-09 16:16:46.917 19394 19394 I hisync-findmyphone.WlanScanReceiver: scanResults: 73
10-09 16:16:46.918  2607  2739 W trace_@_16_2_@: @_16_2_5_@73
10-09 16:16:46.918  2607  2739 W trace_@_16_2_@: @_16_2_14_@
10-09 16:16:46.918  2607  2739 W trace_@_16_2_@: @_16_2_12_@
10-09 16:16:46.928  2003  9105 W PhoneInterfaceManager: shouldBlockLocation running ...
10-09 16:16:46.930  2003  9105 I PhoneInterfaceManager: shouldBlockLocation  ret:false
10-09 16:16:46.944  2003  2188 W PhoneInterfaceManager: shouldBlockLocation running ...
10-09 16:16:46.944  2003  2188 I PhoneInterfaceManager: shouldBlockLocation  ret:false
