V/AlarmManager(  690): isAlarmNeedAlign : charging
V/AlarmManager(  690): isAlarmNeedAlign : charging
V/AlarmManager(  690): isAlarmNeedAlign : charging
V/AlarmManager(  690): isAlarmNeedAlign : charging
V/AlarmManager(  690): isAlarmNeedAlign : charging
V/AlarmManager(  690): isAlarmNeedAlign : charging
V/AlarmManager(  690): isAlarmNeedAlign : charging
V/AlarmManager(  690): isAlarmNeedAlign : charging
V/AlarmManager(  690): isAlarmNeedAlign : charging
V/AlarmManager(  690): isAlarmNeedAlign : charging
V/AlarmManager(  690): isAlarmNeedAlign : charging
V/AlarmManager(  690): isAlarmNeedAlign : charging
V/AlarmManager(  690): isAlarmNeedAlign : charging
V/AlarmManager(  690): isAlarmNeedAlign : charging
V/AlarmManager(  690): isAlarmNeedAlign : charging
V/AlarmManager(  690): isAlarmNeedAlign : charging
V/AlarmManager(  690): isAlarmNeedAlign : charging
V/AlarmManager(  690): isAlarmNeedAlign : charging
V/AlarmManager(  690): isAlarmNeedAlign : charging
V/AlarmManager(  690): isAlarmNeedAlign : charging
V/AlarmManager(  690): isAlarmNeedAlign : charging
V/AlarmManager(  690): isAlarmNeedAlign : charging
V/AlarmManager(  690): isAlarmNeedAlign : charging
V/AlarmManager(  690): isAlarmNeedAlign : charging
V/AlarmManager(  690): isAlarmNeedAlign : charging
V/AlarmManager(  690): isAlarmNeedAlign : charging
V/AlarmManager(  690): isAlarmNeedAlign : charging
V/AlarmManager(  690): isAlarmNeedAlign : charging
V/AlarmManager(  690): isAlarmNeedAlign : charging
V/AlarmManager(  690): isAlarmNeedAlign : charging
V/AlarmManager(  690): isAlarmNeedAlign : charging
V/AlarmManager(  690): isAlarmNeedAlign : charging
V/AlarmManager(  690): isAlarmNeedAlign : charging
V/AlarmManager(  690): isAlarmNeedAlign : charging
V/AlarmManager(  690): isAlarmNeedAlign : charging
V/AlarmManager(  690): isAlarmNeedAlign : charging
V/AlarmManager(  690): isAlarmNeedAlign : charging
V/AlarmManager(  690): isAlarmNeedAlign : charging
V/AlarmManager(  690): isAlarmNeedAlign : charging
V/AlarmManager(  690): isAlarmNeedAlign : charging
V/AlarmManager(  690): isAlarmNeedAlign : charging
V/AlarmManager(  690): isAlarmNeedAlign : charging
V/AlarmManager(  690): isAlarmNeedAlign : charging
V/AlarmManager(  690): isAlarmNeedAlign : charging
V/AlarmManager(  690): isAlarmNeedAlign : charging
V/AlarmManager(  690): isAlarmNeedAlign : charging
V/AlarmManager(  690): isAlarmNeedAlign : charging
V/AlarmManager(  690): isAlarmNeedAlign : charging
V/AlarmManager(  690): isAlarmNeedAlign : charging
V/AlarmManager(  690): isAlarmNeedAlign : charging
V/AlarmManager(  690): isAlarmNeedAlign : charging
V/AlarmManager(  690): isAlarmNeedAlign : charging
V/AlarmManager(  690): isAlarmNeedAlign : charging
V/AlarmManager(  690): isAlarmNeedAlign : charging
V/AlarmManager(  690): isAlarmNeedAlign : charging
V/AlarmManager(  690): isAlarmNeedAlign : charging
V/AlarmManager(  690): isAlarmNeedAlign : charging
V/AlarmManager(  690): isAlarmNeedAlign : charging
V/AlarmManager(  690): isAlarmNeedAlign : charging
V/AlarmManager(  690): isAlarmNeedAlign : charging
V/AlarmManager(  690): isAlarmNeedAlign : charging
V/AlarmManager(  690): isAlarmNeedAlign : charging
V/AlarmManager(  690): isAlarmNeedAlign : charging
V/AlarmManager(  690): isAlarmNeedAlign : charging
V/AlarmManager(  690): isAlarmNeedAlign : charging
V/AlarmManager(  690): isAlarmNeedAlign : charging
V/AlarmManager(  690): isAlarmNeedAlign : charging
V/AlarmManager(  690): isAlarmNeedAlign : charging
V/AlarmManager(  690): isAlarmNeedAlign : charging
V/AlarmManager(  690): isAlarmNeedAlign : charging
V/AlarmManager(  690): isAlarmNeedAlign : charging
V/AlarmManager(  690): isAlarmNeedAlign : charging
V/AlarmManager(  690): isAlarmNeedAlign : charging
V/AlarmManager(  690): isAlarmNeedAlign : charging
V/AlarmManager(  690): isAlarmNeedAlign : charging
V/AlarmManager(  690): isAlarmNeedAlign : charging
V/AlarmManager(  690): isAlarmNeedAlign : charging
V/AlarmManager(  690): isAlarmNeedAlign : charging
V/AlarmManager(  690): isAlarmNeedAlign : charging
V/AlarmManager(  690): isAlarmNeedAlign : charging
V/AlarmManager(  690): isAlarmNeedAlign : charging
V/AlarmManager(  690): isAlarmNeedAlign : charging
V/AlarmManager(  690): isAlarmNeedAlign : charging
V/AlarmManager(  690): isAlarmNeedAlign : charging
V/AlarmManager(  690): isAlarmNeedAlign : charging
V/AlarmManager(  690): isAlarmNeedAlign : charging
V/AlarmManager(  690): isAlarmNeedAlign : charging
V/AlarmManager(  690): isAlarmNeedAlign : charging
V/AlarmManager(  690): isAlarmNeedAlign : charging
V/AlarmManager(  690): isAlarmNeedAlign : charging
V/AlarmManager(  690): isAlarmNeedAlign : charging
V/AlarmManager(  690): isAlarmNeedAlign : charging
V/AlarmManager(  690): isAlarmNeedAlign : charging
V/AlarmManager(  690): isAlarmNeedAlign : charging
V/AlarmManager(  690): isAlarmNeedAlign : charging
V/AlarmManager(  690): isAlarmNeedAlign : charging
V/AlarmManager(  690): isAlarmNeedAlign : charging
V/AlarmManager(  690): isAlarmNeedAlign : charging
V/AlarmManager(  690): isAlarmNeedAlign : charging
V/AlarmManager(  690): isAlarmNeedAlign : charging
V/AlarmManager(  690): isAlarmNeedAlign : charging
V/AlarmManager(  690): isAlarmNeedAlign : charging
V/AlarmManager(  690): isAlarmNeedAlign : charging
V/AlarmManager(  690): isAlarmNeedAlign : charging
V/AlarmManager(  690): isAlarmNeedAlign : charging
V/AlarmManager(  690): isAlarmNeedAlign : charging
V/AlarmManager(  690): isAlarmNeedAlign : charging
V/AlarmManager(  690): isAlarmNeedAlign : charging
V/AlarmManager(  690): isAlarmNeedAlign : charging
V/AlarmManager(  690): isAlarmNeedAlign : charging
V/AlarmManager(  690): isAlarmNeedAlign : charging
V/AlarmManager(  690): isAlarmNeedAlign : charging
V/AlarmManager(  690): isAlarmNeedAlign : charging
V/AlarmManager(  690): isAlarmNeedAlign : charging
V/AlarmManager(  690): isAlarmNeedAlign : charging
V/AlarmManager(  690): isAlarmNeedAlign : charging
V/AlarmManager(  690): isAlarmNeedAlign : charging
V/AlarmManager(  690): isAlarmNeedAlign : charging
V/AlarmManager(  690): isAlarmNeedAlign : charging
V/AlarmManager(  690): isAlarmNeedAlign : charging
V/AlarmManager(  690): isAlarmNeedAlign : charging
V/AlarmManager(  690): isAlarmNeedAlign : charging
V/AlarmManager(  690): isAlarmNeedAlign : charging
V/AlarmManager(  690): isAlarmNeedAlign : charging
V/AlarmManager(  690): isAlarmNeedAlign : charging
V/AlarmManager(  690): isAlarmNeedAlign : charging
V/AlarmManager(  690): isAlarmNeedAlign : charging
V/AlarmManager(  690): isAlarmNeedAlign : charging
V/AlarmManager(  690): isAlarmNeedAlign : charging
V/AlarmManager(  690): isAlarmNeedAlign : charging
V/AlarmManager(  690): isAlarmNeedAlign : charging
V/AlarmManager(  690): isAlarmNeedAlign : charging
V/AlarmManager(  690): isAlarmNeedAlign : charging
V/AlarmManager(  690): isAlarmNeedAlign : charging
V/AlarmManager(  690): isAlarmNeedAlign : charging
V/AlarmManager(  690): isAlarmNeedAlign : charging
V/AlarmManager(  690): isAlarmNeedAlign : charging
V/AlarmManager(  690): isAlarmNeedAlign : charging
V/AlarmManager(  690): isAlarmNeedAlign : charging
V/AlarmManager(  690): isAlarmNeedAlign : charging
V/AlarmManager(  690): isAlarmNeedAlign : charging
V/AlarmManager(  690): isAlarmNeedAlign : charging
V/AlarmManager(  690): isAlarmNeedAlign : charging
V/AlarmManager(  690): isAlarmNeedAlign : charging
V/AlarmManager(  690): isAlarmNeedAlign : charging
V/AlarmManager(  690): isAlarmNeedAlign : charging
V/AlarmManager(  690): isAlarmNeedAlign : charging
V/AlarmManager(  690): isAlarmNeedAlign : charging
V/AlarmManager(  690): isAlarmNeedAlign : charging
V/AlarmManager(  690): isAlarmNeedAlign : charging
V/AlarmManager(  690): isAlarmNeedAlign : charging
V/AlarmManager(  690): isAlarmNeedAlign : charging
V/AlarmManager(  690): isAlarmNeedAlign : charging
V/AlarmManager(  690): isAlarmNeedAlign : charging
V/AlarmManager(  690): isAlarmNeedAlign : charging
V/AlarmManager(  690): isAlarmNeedAlign : charging
V/AlarmManager(  690): isAlarmNeedAlign : charging
V/AlarmManager(  690): isAlarmNeedAlign : charging
V/AlarmManager(  690): isAlarmNeedAlign : charging
V/AlarmManager(  690): isAlarmNeedAlign : charging
V/AlarmManager(  690): isAlarmNeedAlign : charging
V/AlarmManager(  690): isAlarmNeedAlign : charging
V/AlarmManager(  690): isAlarmNeedAlign : charging
V/AlarmManager(  690): isAlarmNeedAlign : charging
V/AlarmManager(  690): isAlarmNeedAlign : charging
V/AlarmManager(  690): isAlarmNeedAlign : charging
V/AlarmManager(  690): isAlarmNeedAlign : charging
V/AlarmManager(  690): isAlarmNeedAlign : charging
V/AlarmManager(  690): isAlarmNeedAlign : charging
V/AlarmManager(  690): isAlarmNeedAlign : charging
V/AlarmManager(  690): isAlarmNeedAlign : charging
V/AlarmManager(  690): isAlarmNeedAlign : charging
V/AlarmManager(  690): isAlarmNeedAlign : charging
V/AlarmManager(  690): isAlarmNeedAlign : charging
V/AlarmManager(  690): isAlarmNeedAlign : charging
V/AlarmManager(  690): isAlarmNeedAlign : charging
V/AlarmManager(  690): isAlarmNeedAlign : charging
V/AlarmManager(  690): isAlarmNeedAlign : charging
V/AlarmManager(  690): isAlarmNeedAlign : charging
V/AlarmManager(  690): isAlarmNeedAlign : charging
V/AlarmManager(  690): isAlarmNeedAlign : charging
V/AlarmManager(  690): isAlarmNeedAlign : charging
V/AlarmManager(  690): isAlarmNeedAlign : charging
V/AlarmManager(  690): isAlarmNeedAlign : charging
V/AlarmManager(  690): isAlarmNeedAlign : charging
V/AlarmManager(  690): isAlarmNeedAlign : charging
V/AlarmManager(  690): isAlarmNeedAlign : charging
V/AlarmManager(  690): isAlarmNeedAlign : charging
V/AlarmManager(  690): isAlarmNeedAlign : charging
V/AlarmManager(  690): isAlarmNeedAlign : charging
V/AlarmManager(  690): isAlarmNeedAlign : charging
V/AlarmManager(  690): isAlarmNeedAlign : charging
V/AlarmManager(  690): isAlarmNeedAlign : charging
V/AlarmManager(  690): isAlarmNeedAlign : charging
V/AlarmManager(  690): isAlarmNeedAlign : charging
V/AlarmManager(  690): isAlarmNeedAlign : charging
V/AlarmManager(  690): isAlarmNeedAlign : charging
V/AlarmManager(  690): isAlarmNeedAlign : charging
V/AlarmManager(  690): isAlarmNeedAlign : charging
V/AlarmManager(  690): isAlarmNeedAlign : charging
V/AlarmManager(  690): isAlarmNeedAlign : charging
V/AlarmManager(  690): isAlarmNeedAlign : charging
V/AlarmManager(  690): isAlarmNeedAlign : charging
V/AlarmManager(  690): isAlarmNeedAlign : charging
D/ActivityThread(16317): installProvider: context.getPackageName()=com.miui.gallery
D/ActivityThread(15887): hoder:android.app.IActivityManager$ContentProviderHolder@42abbc28,provider,holder.Provider:android.content.ContentProviderProxy@42abc680
D/ActivityThread(15887): SVC-Destroying service: com.miui.cloudservice.push.MicloudRegularSyncService@42aafb18
I/ANRManager(  690): CPU update time < 2.5sec
D/ConnectivityService(  690): getActiveNetworkInfo:NetworkInfo: type: WIFI[], state: CONNECTED/CONNECTED, reason: (unspecified), extra: "Autohome Inc.-Staff", roaming: false, failover: false, isAvailable: true, isConnectedToProvisioningNetwork: false, simId: 0/1000
I/thermal_repeater(  169): oh, queryMdThermalInfo (0)Success
I/thermal_repeater(  169): [recvMdThermalInfo] ret=23, strLen=127,  1, 32767,,, 35, 55, 36
V/ActivityManager(  690): Broadcast: Intent { flg=0x10 cmp=com.tencent.mm/.booter.NotifyReceiver (has extras) } ordered=false userid=0 callerApp=ProcessRecord{43308fb8 6908:com.tencent.mm:push/u0a127}
D/ActivityThread( 7134): BDC-Calling onReceive: intent=Intent { flg=0x10 cmp=com.tencent.mm/.booter.NotifyReceiver (has extras) }, ordered=true, receiver=com.tencent.mm.booter.NotifyReceiver@42877f50
I/ANRManager(  690): updateProcessStats
I/ANRManager(  690): CPU update time < 2.5sec
I/ANRManager(  690): CPU update time < 2.5sec
I/ANRManager(  690): CPU update time < 2.5sec
I/ANRManager(  690): CPU update time < 2.5sec
I/ANRManager(  690): CPU update time < 2.5sec
I/ANRManager(  690): CPU update time < 2.5sec
I/ANRManager(  690): CPU update time < 2.5sec
I/ANRManager(  690): CPU update time < 2.5sec
I/ANRManager(  690): CPU update time < 2.5sec
I/ANRManager(  690): CPU update time < 2.5sec
I/ANRManager(  690): CPU update time < 2.5sec
I/ANRManager(  690): CPU update time < 2.5sec
I/ANRManager(  690): CPU update time < 2.5sec
I/ANRManager(  690): CPU update time < 2.5sec
V/ActivityManager(  690): Broadcast: Intent { act=com.tencent.mm.plugin.report.service.KVCommCrossProcessReceiver flg=0x10 cmp=com.tencent.mm/.plugin.report.service.KVCommCrossProcessReceiver (has extras) } ordered=false userid=0 callerApp=ProcessRecord{43308fb8 6908:com.tencent.mm:push/u0a127}
D/ActivityThread( 7134): BDC-Calling onReceive: intent=Intent { act=com.tencent.mm.plugin.report.service.KVCommCrossProcessReceiver flg=0x10 cmp=com.tencent.mm/.plugin.report.service.KVCommCrossProcessReceiver (has extras) }, ordered=true, receiver=com.tencent.mm.plugin.report.service.KVCommCrossProcessReceiver@42935930
D/ConnectivityService(  690): getActiveNetworkInfo:NetworkInfo: type: WIFI[], state: CONNECTED/CONNECTED, reason: (unspecified), extra: "Autohome Inc.-Staff", roaming: false, failover: false, isAvailable: true, isConnectedToProvisioningNetwork: false, simId: 0/10027
D/ConnectivityService(  690): getActiveNetworkInfo:NetworkInfo: type: WIFI[], state: CONNECTED/CONNECTED, reason: (unspecified), extra: "Autohome Inc.-Staff", roaming: false, failover: false, isAvailable: true, isConnectedToProvisioningNetwork: false, simId: 0/10027
I/thermal_repeater(  169): oh, queryMdThermalInfo (0)Success
I/thermal_repeater(  169): [recvMdThermalInfo] ret=23, strLen=127,  1, 32767,,, 35, 55, 36
I/ANRManager(  690): updateProcessStats
V/ActivityManager(  690): Broadcast sticky: Intent { act=android.intent.action.BATTERY_CHANGED flg=0x60000010 (has extras) } ordered=false userid=-1 callerApp=null
D/WifiService(  690): onReceive, action:android.intent.action.BATTERY_CHANGED
D/UsbDeviceManager(  690): onReceive - BATTERY_CHANGED - mPlugType: 2, mSettingUsbCharging: false, mConnected: true, mSettingUsbBicr: false
D/WifiController(  690): DeviceActiveState{ when=-2ms what=155652 arg1=2 target=com.android.internal.util.StateMachine$SmHandler target=Handler (com.android.internal.util.StateMachine$SmHandler) {433ae9f8} }
D/WifiController(  690): StaEnabledState{ when=-2ms what=155652 arg1=2 target=com.android.internal.util.StateMachine$SmHandler target=Handler (com.android.internal.util.StateMachine$SmHandler) {433ae9f8} }
D/WifiController(  690): DefaultState{ when=-2ms what=155652 arg1=2 target=com.android.internal.util.StateMachine$SmHandler target=Handler (com.android.internal.util.StateMachine$SmHandler) {433ae9f8} }
D/WifiController(  690): battery changed pluggedType: 2
D/PowerManagerService(  690): updateIsPoweredLocked: wasPowered=true, mIsPowered=true, oldPlugType=2, mPlugType=2, mBatteryLevel=47
D/PowerManagerService(  690): handleSandman: canDream=true, mWakefulness=Awake
I/ANRManager(  690): CPU update time < 2.5sec
I/ANRManager(  690): CPU update time < 2.5sec
I/ANRManager(  690): CPU update time < 2.5sec
I/ANRManager(  690): CPU update time < 2.5sec
I/ANRManager(  690): CPU update time < 2.5sec
I/ANRManager(  690): CPU update time < 2.5sec
I/ANRManager(  690): updateProcessStats
I/ANRManager(  690): CPU update time < 2.5sec
I/ANRManager(  690): CPU update time < 2.5sec
I/ANRManager(  690): CPU update time < 2.5sec
I/ANRManager(  690): CPU update time < 2.5sec
I/ANRManager(  690): CPU update time < 2.5sec
I/ANRManager(  690): CPU update time < 2.5sec
I/ANRManager(  690): CPU update time < 2.5sec
I/ANRManager(  690): CPU update time < 2.5sec
I/ANRManager(  690): CPU update time < 2.5sec
I/ANRManager(  690): CPU update time < 2.5sec
I/ANRManager(  690): CPU update time < 2.5sec
I/ANRManager(  690): CPU update time < 2.5sec
I/ANRManager(  690): CPU update time < 2.5sec
I/thermal_repeater(  169): oh, queryMdThermalInfo (0)Success
I/thermal_repeater(  169): [recvMdThermalInfo] ret=23, strLen=127,  1, 32767,,, 35, 55, 36
I/ANRManager(  690): CPU update time < 2.5sec
I/ANRManager(  690): updateProcessStats
I/ANRManager(  690): CPU update time < 2.5sec
I/ANRManager(  690): CPU update time < 2.5sec
I/ANRManager(  690): CPU update time < 2.5sec
I/ANRManager(  690): CPU update time < 2.5sec
I/ANRManager(  690): CPU update time < 2.5sec
I/ANRManager(  690): CPU update time < 2.5sec
I/ANRManager(  690): CPU update time < 2.5sec
I/ANRManager(  690): CPU update time < 2.5sec
I/ANRManager(  690): CPU update time < 2.5sec
I/ANRManager(  690): CPU update time < 2.5sec
I/ANRManager(  690): CPU update time < 2.5sec
I/ANRManager(  690): CPU update time < 2.5sec
I/ANRManager(  690): updateProcessStats
I/thermal_repeater(  169): oh, queryMdThermalInfo (0)Success
I/thermal_repeater(  169): [recvMdThermalInfo] ret=23, strLen=127,  1, 32767,,, 35, 55, 36
V/ActivityManager(  690): Broadcast sticky: Intent { act=android.intent.action.SIG_STR flg=0x20000010 (has extras) } ordered=false userid=-1 callerApp=ProcessRecord{428591d0 690:system/1000}
I/thermal_repeater(  169): oh, queryMdThermalInfo (0)Success
I/thermal_repeater(  169): [recvMdThermalInfo] ret=23, strLen=127,  1, 32767,,, 35, 55, 36
I/ANRManager(  690): updateProcessStats
I/ANRManager(  690): CPU update time < 2.5sec
I/ANRManager(  690): CPU update time < 2.5sec
I/ANRManager(  690): CPU update time < 2.5sec
I/ANRManager(  690): CPU update time < 2.5sec
I/ANRManager(  690): CPU update time < 2.5sec
I/ANRManager(  690): CPU update time < 2.5sec
I/ANRManager(  690): CPU update time < 2.5sec
I/ANRManager(  690): CPU update time < 2.5sec
I/ANRManager(  690): CPU update time < 2.5sec
I/ANRManager(  690): CPU update time < 2.5sec
I/ANRManager(  690): CPU update time < 2.5sec
I/ANRManager(  690): CPU update time < 2.5sec
I/thermal_repeater(  169): oh, queryMdThermalInfo (0)Success
I/thermal_repeater(  169): [recvMdThermalInfo] ret=23, strLen=127,  1, 32767,,, 35, 55, 36
V/ActivityManager(  690): Broadcast: Intent { act=android.intent.action.TIME_TICK flg=0x50000014 (has extras) } ordered=true userid=-1 callerApp=null
D/ActivityThread(  690): BDC-Calling onReceive: intent=Intent { act=android.intent.action.TIME_TICK flg=0x50000014 (has extras) }, ordered=true, receiver=com.android.server.AlarmManagerService$ClockReceiver@43062d30, IIntentReceiver=43062a68
V/AlarmManager(  690): isAlarmNeedAlign : charging
D/PowerManagerService(  690): acquireWakeLockInternal: lock=1124705776, flags=0x1, tag="AlarmManager", ws=WorkSource{1000}, uid=1000, pid=690
D/PowerManagerNotifier(  690): onWakeLockAcquired: flags=1, tag="AlarmManager", packageName=android, ownerUid=1000, ownerPid=690, workSource=WorkSource{1000}
D/PowerManagerService(  690): updateWakeLockSummaryLocked: mWakefulness=Awake, mWakeLockSummary=0x1
D/PowerManagerService(  690): newScreenState = 2
D/PowerManagerDisplayController(  690): requestPowerState: screenState=2, useProximitySensor=false, forceProximitySensorEnable=false, forceWakeUpEnable=false, screenBrightness=96, screenAutoBrightnessAdjustment=0.0, useAutoBrightness=false, useEcoBrightness=false, blockScreenOn=false, waitForNegativeProximity=false
I/PowerManagerService(  690): setBrightness mButtonLight 0.
D/PowerManagerService(  690): updateScreenStateLocked: mDisplayReady=true, newScreenState=2, mWakefulness=1, mWakeLockSummary=0x1, mUserActivitySummary=0x1, mBootCompleted=true
D/PowerManagerService(  690): Acquiring suspend blocker "PowerManagerService.WakeLocks".
D/PowerManagerService(  690): handleSandman: canDream=true, mWakefulness=Awake
D/ActivityThread(  690): BDC-Calling finishReceiver: IIntentReceiver=43062a68
D/ActivityThread(  741): BDC-Calling onReceive: intent=Intent { act=android.intent.action.TIME_TICK flg=0x50000014 (has extras) }, ordered=true, receiver=com.android.keyguard.MiuiKeyguardUpdateMonitor$3@428a4578, IIntentReceiver=428a45c0
D/ActivityThread(  741): BDC-Calling finishReceiver: IIntentReceiver=428a45c0
D/ActivityThread(  741): BDC-Calling onReceive: intent=Intent { act=android.intent.action.TIME_TICK flg=0x50000014 (has extras) }, ordered=true, receiver=com.android.systemui.statusbar.policy.Clock$ReceiverInfo$1@42cb1558, IIntentReceiver=43db2758
D/ActivityThread(  741): BDC-Calling finishReceiver: IIntentReceiver=43db2758
D/ActivityThread(  741): BDC-Calling onReceive: intent=Intent { act=android.intent.action.TIME_TICK flg=0x50000014 (has extras) }, ordered=true, receiver=com.android.systemui.statusbar.WeatherView$1@4285f610, IIntentReceiver=42ddb980
D/ActivityThread(  741): BDC-Calling finishReceiver: IIntentReceiver=42ddb980
D/ActivityThread(  741): BDC-Calling onReceive: intent=Intent { act=android.intent.action.TIME_TICK flg=0x50000014 (has extras) }, ordered=true, receiver=android.widget.DateTimeView$ReceiverInfo$1@4316ec20, IIntentReceiver=431a3e90
D/ActivityThread(  741): BDC-Calling finishReceiver: IIntentReceiver=431a3e90
D/PowerManagerService(  690): releaseWakeLockInternal: lock=1124705776 [AlarmManager], flags=0x0, total_time=84489553ms
D/PowerManagerNotifier(  690): onWakeLockReleased: flags=1, tag="AlarmManager", packageName=android, ownerUid=1000, ownerPid=690, workSource=WorkSource{1000}
D/PowerManagerService(  690): updateWakeLockSummaryLocked: mWakefulness=Awake, mWakeLockSummary=0x0
D/PowerManagerService(  690): newScreenState = 2
D/PowerManagerDisplayController(  690): requestPowerState: screenState=2, useProximitySensor=false, forceProximitySensorEnable=false, forceWakeUpEnable=false, screenBrightness=96, screenAutoBrightnessAdjustment=0.0, useAutoBrightness=false, useEcoBrightness=false, blockScreenOn=false, waitForNegativeProximity=false
I/PowerManagerService(  690): setBrightness mButtonLight 0.
D/PowerManagerService(  690): updateScreenStateLocked: mDisplayReady=true, newScreenState=2, mWakefulness=1, mWakeLockSummary=0x0, mUserActivitySummary=0x1, mBootCompleted=true
D/PowerManagerService(  690): Releasing suspend blocker "PowerManagerService.WakeLocks".
D/PowerManagerService(  690): handleSandman: canDream=true, mWakefulness=Awake
I/ANRManager(  690): updateProcessStats
I/ANRManager(  690): CPU update time < 2.5sec
D/ConnectivityService(  690): getActiveNetworkInfo:NetworkInfo: type: WIFI[], state: CONNECTED/CONNECTED, reason: (unspecified), extra: "Autohome Inc.-Staff", roaming: false, failover: false, isAvailable: true, isConnectedToProvisioningNetwork: false, simId: 0/10127
I/thermal_repeater(  169): oh, queryMdThermalInfo (0)Success
I/thermal_repeater(  169): [recvMdThermalInfo] ret=23, strLen=127,  1, 32767,,, 35, 55, 36
I/ANRManager(  690): updateProcessStats
I/ANRManager(  690): CPU update time < 2.5sec
D/ConnectivityService(  690): getActiveNetworkInfo:NetworkInfo: type: WIFI[], state: CONNECTED/CONNECTED, reason: (unspecified), extra: "Autohome Inc.-Staff", roaming: false, failover: false, isAvailable: true, isConnectedToProvisioningNetwork: false, simId: 0/1000
I/FrameworkListener(  137): onDataAvailable get 50 bytes 
D/FrameworkListener(  137): dispatchCommand data = (getaddrinfo data.mistat.xiaomi.com ^ 1024 0 1 0 ^)
D/SocketClient(  137): SocketClient sendDatalocked done: 222
D/SocketClient(  137): SocketClient sendDatalocked done: 
D/SocketClient(  137): SocketClient sendDatalocked done: 
D/SocketClient(  137): SocketClient sendDatalocked done: 
D/SocketClient(  137): SocketClient sendDatalocked done: 
D/SocketClient(  137): SocketClient sendDatalocked done: 
D/SocketClient(  137): SocketClient sendDatalocked done: 
D/ConnectivityService(  690): getActiveNetworkInfo:NetworkInfo: type: WIFI[], state: CONNECTED/CONNECTED, reason: (unspecified), extra: "Autohome Inc.-Staff", roaming: false, failover: false, isAvailable: true, isConnectedToProvisioningNetwork: false, simId: 0/1000
I/ANRManager(  690): updateProcessStats
I/thermal_repeater(  169): oh, queryMdThermalInfo (0)Success
I/thermal_repeater(  169): [recvMdThermalInfo] ret=23, strLen=127,  1, 32767,,, 35, 55, 36
D/ConnectivityService(  690): getActiveNetworkInfo:NetworkInfo: type: WIFI[], state: CONNECTED/CONNECTED, reason: (unspecified), extra: "Autohome Inc.-Staff", roaming: false, failover: false, isAvailable: true, isConnectedToProvisioningNetwork: false, simId: 0/10076
D/ConnectivityService(  690): getActiveNetworkInfo:NetworkInfo: type: WIFI[], state: CONNECTED/CONNECTED, reason: (unspecified), extra: "Autohome Inc.-Staff", roaming: false, failover: false, isAvailable: true, isConnectedToProvisioningNetwork: false, simId: 0/10076
D/ConnectivityService(  690): getActiveNetworkInfo:NetworkInfo: type: WIFI[], state: CONNECTED/CONNECTED, reason: (unspecified), extra: "Autohome Inc.-Staff", roaming: false, failover: false, isAvailable: true, isConnectedToProvisioningNetwork: false, simId: 0/10076
D/ConnectivityService(  690): getActiveNetworkInfo:NetworkInfo: type: WIFI[], state: CONNECTED/CONNECTED, reason: (unspecified), extra: "Autohome Inc.-Staff", roaming: false, failover: false, isAvailable: true, isConnectedToProvisioningNetwork: false, simId: 0/10076
I/thermal_repeater(  169): oh, queryMdThermalInfo (0)Success
I/thermal_repeater(  169): [recvMdThermalInfo] ret=23, strLen=127,  1, 32767,,, 35, 55, 36
D/ConnectivityService(  690): getActiveNetworkInfo:NetworkInfo: type: WIFI[], state: CONNECTED/CONNECTED, reason: (unspecified), extra: "Autohome Inc.-Staff", roaming: false, failover: false, isAvailable: true, isConnectedToProvisioningNetwork: false, simId: 0/10065
V/NotificationService(  690): enqueueNotificationInternal: pkg=com.miui.securitycenter id=2131296947 notification=Notification(pri=0 contentView=com.miui.securitycenter/0x1090065 vibrate=null sound=null defaults=0x0 flags=0x20 kind=[null])
V/NotificationService(  690): Initial score is 0.
V/NotificationService(  690): Final score is 0.
V/MoMS.NotificationController(  690): notifications are enabled for com.miui.securitycenter
V/NotificationService(  690): Assigned score=0 to Notification(pri=0 contentView=com.miui.securitycenter/0x1090065 vibrate=null sound=null defaults=0x0 flags=0x20 kind=[null])
I/thermal_repeater(  169): oh, queryMdThermalInfo (0)Success
I/thermal_repeater(  169): [recvMdThermalInfo] ret=23, strLen=127,  1, 32767,,, 35, 55, 36
I/thermal_repeater(  169): oh, queryMdThermalInfo (0)Success
I/thermal_repeater(  169): [recvMdThermalInfo] ret=23, strLen=127,  1, 32767,,, 35, 55, 36
I/thermal_repeater(  169): oh, queryMdThermalInfo (0)Success
I/thermal_repeater(  169): [recvMdThermalInfo] ret=23, strLen=127,  1, 32767,,, 35, 55, 36
V/ActivityManager(  690): Broadcast sticky: Intent { act=android.net.wifi.RSSI_CHANGED flg=0x4000010 (has extras) } ordered=false userid=-1 callerApp=ProcessRecord{428591d0 690:system/1000}
I/thermal_repeater(  169): oh, queryMdThermalInfo (0)Success
I/thermal_repeater(  169): [recvMdThermalInfo] ret=23, strLen=127,  1, 32767,,, 35, 55, 36
V/ActivityManager(  690): Broadcast sticky: Intent { act=android.net.wifi.RSSI_CHANGED flg=0x4000010 (has extras) } ordered=false userid=-1 callerApp=ProcessRecord{428591d0 690:system/1000}
I/thermal_repeater(  169): oh, queryMdThermalInfo (0)Success
I/thermal_repeater(  169): [recvMdThermalInfo] ret=23, strLen=127,  1, 32767,,, 35, 55, 36
I/thermal_repeater(  169): oh, queryMdThermalInfo (0)Success
I/thermal_repeater(  169): [recvMdThermalInfo] ret=23, strLen=127,  1, 32767,,, 35, 55, 36
I/thermal_repeater(  169): oh, queryMdThermalInfo (0)Success
I/thermal_repeater(  169): [recvMdThermalInfo] ret=23, strLen=127,  1, 32767,,, 35, 55, 36
I/thermal_repeater(  169): oh, queryMdThermalInfo (0)Success
I/thermal_repeater(  169): [recvMdThermalInfo] ret=23, strLen=127,  1, 32767,,, 35, 55, 36
V/ActivityManager(  690): Broadcast sticky: Intent { act=android.intent.action.SIG_STR flg=0x20000010 (has extras) } ordered=false userid=-1 callerApp=ProcessRecord{428591d0 690:system/1000}
I/thermal_repeater(  169): oh, queryMdThermalInfo (0)Success
I/thermal_repeater(  169): [recvMdThermalInfo] ret=23, strLen=127,  1, 32767,,, 35, 55, 36
V/ActivityManager(  690): Broadcast sticky: Intent { act=android.net.wifi.RSSI_CHANGED flg=0x4000010 (has extras) } ordered=false userid=-1 callerApp=ProcessRecord{428591d0 690:system/1000}
V/ActivityManager(  690): Broadcast: Intent { act=android.intent.action.TIME_TICK flg=0x50000014 (has extras) } ordered=true userid=-1 callerApp=null
D/ActivityThread(  690): BDC-Calling onReceive: intent=Intent { act=android.intent.action.TIME_TICK flg=0x50000014 (has extras) }, ordered=true, receiver=com.android.server.AlarmManagerService$ClockReceiver@43062d30, IIntentReceiver=43062a68
V/AlarmManager(  690): isAlarmNeedAlign : charging
D/PowerManagerService(  690): acquireWakeLockInternal: lock=1124705776, flags=0x1, tag="AlarmManager", ws=WorkSource{1000}, uid=1000, pid=690
D/PowerManagerNotifier(  690): onWakeLockAcquired: flags=1, tag="AlarmManager", packageName=android, ownerUid=1000, ownerPid=690, workSource=WorkSource{1000}
D/PowerManagerService(  690): updateWakeLockSummaryLocked: mWakefulness=Awake, mWakeLockSummary=0x1
D/PowerManagerService(  690): newScreenState = 2
D/PowerManagerDisplayController(  690): requestPowerState: screenState=2, useProximitySensor=false, forceProximitySensorEnable=false, forceWakeUpEnable=false, screenBrightness=96, screenAutoBrightnessAdjustment=0.0, useAutoBrightness=false, useEcoBrightness=false, blockScreenOn=false, waitForNegativeProximity=false
I/PowerManagerService(  690): setBrightness mButtonLight 0.
D/PowerManagerService(  690): updateScreenStateLocked: mDisplayReady=true, newScreenState=2, mWakefulness=1, mWakeLockSummary=0x1, mUserActivitySummary=0x1, mBootCompleted=true
D/PowerManagerService(  690): Acquiring suspend blocker "PowerManagerService.WakeLocks".
D/PowerManagerService(  690): handleSandman: canDream=true, mWakefulness=Awake
D/ActivityThread(  690): BDC-Calling finishReceiver: IIntentReceiver=43062a68
D/ActivityThread(  741): BDC-Calling onReceive: intent=Intent { act=android.intent.action.TIME_TICK flg=0x50000014 (has extras) }, ordered=true, receiver=com.android.keyguard.MiuiKeyguardUpdateMonitor$3@428a4578, IIntentReceiver=428a45c0
D/ActivityThread(  741): BDC-Calling finishReceiver: IIntentReceiver=428a45c0
D/ActivityThread(  741): BDC-Calling onReceive: intent=Intent { act=android.intent.action.TIME_TICK flg=0x50000014 (has extras) }, ordered=true, receiver=com.android.systemui.statusbar.policy.Clock$ReceiverInfo$1@42cb1558, IIntentReceiver=43db2758
D/ActivityThread(  741): BDC-Calling finishReceiver: IIntentReceiver=43db2758
D/ActivityThread(  741): BDC-Calling onReceive: intent=Intent { act=android.intent.action.TIME_TICK flg=0x50000014 (has extras) }, ordered=true, receiver=com.android.systemui.statusbar.WeatherView$1@4285f610, IIntentReceiver=42ddb980
D/ActivityThread(  741): BDC-Calling finishReceiver: IIntentReceiver=42ddb980
D/ActivityThread(  741): BDC-Calling onReceive: intent=Intent { act=android.intent.action.TIME_TICK flg=0x50000014 (has extras) }, ordered=true, receiver=android.widget.DateTimeView$ReceiverInfo$1@4316ec20, IIntentReceiver=431a3e90
D/ActivityThread(  741): BDC-Calling finishReceiver: IIntentReceiver=431a3e90
D/PowerManagerService(  690): releaseWakeLockInternal: lock=1124705776 [AlarmManager], flags=0x0, total_time=84549551ms
D/PowerManagerNotifier(  690): onWakeLockReleased: flags=1, tag="AlarmManager", packageName=android, ownerUid=1000, ownerPid=690, workSource=WorkSource{1000}
D/PowerManagerService(  690): updateWakeLockSummaryLocked: mWakefulness=Awake, mWakeLockSummary=0x0
D/PowerManagerService(  690): newScreenState = 2
D/PowerManagerDisplayController(  690): requestPowerState: screenState=2, useProximitySensor=false, forceProximitySensorEnable=false, forceWakeUpEnable=false, screenBrightness=96, screenAutoBrightnessAdjustment=0.0, useAutoBrightness=false, useEcoBrightness=false, blockScreenOn=false, waitForNegativeProximity=false
I/PowerManagerService(  690): setBrightness mButtonLight 0.
D/PowerManagerService(  690): updateScreenStateLocked: mDisplayReady=true, newScreenState=2, mWakefulness=1, mWakeLockSummary=0x0, mUserActivitySummary=0x1, mBootCompleted=true
D/PowerManagerService(  690): Releasing suspend blocker "PowerManagerService.WakeLocks".
D/PowerManagerService(  690): handleSandman: canDream=true, mWakefulness=Awake
I/thermal_repeater(  169): oh, queryMdThermalInfo (0)Success
I/thermal_repeater(  169): [recvMdThermalInfo] ret=23, strLen=127,  1, 32767,,, 35, 55, 36
V/ActivityManager(  690): Broadcast sticky: Intent { act=android.intent.action.SIG_STR flg=0x20000010 (has extras) } ordered=false userid=-1 callerApp=ProcessRecord{428591d0 690:system/1000}
I/ANRManager(  690): updateProcessStats
V/ActivityManager(  690): Broadcast sticky: Intent { act=android.net.wifi.RSSI_CHANGED flg=0x4000010 (has extras) } ordered=false userid=-1 callerApp=ProcessRecord{428591d0 690:system/1000}
I/thermal_repeater(  169): oh, queryMdThermalInfo (0)Success
I/thermal_repeater(  169): [recvMdThermalInfo] ret=23, strLen=127,  1, 32767,,, 35, 55, 36
D/ConnectivityService(  690): getActiveNetworkInfo:NetworkInfo: type: WIFI[], state: CONNECTED/CONNECTED, reason: (unspecified), extra: "Autohome Inc.-Staff", roaming: false, failover: false, isAvailable: true, isConnectedToProvisioningNetwork: false, simId: 0/10000
D/ConnectivityService(  690): getActiveNetworkInfo:NetworkInfo: type: WIFI[], state: CONNECTED/CONNECTED, reason: (unspecified), extra: "Autohome Inc.-Staff", roaming: false, failover: false, isAvailable: true, isConnectedToProvisioningNetwork: false, simId: 0/10076
D/ConnectivityService(  690): getActiveNetworkInfo:NetworkInfo: type: WIFI[], state: CONNECTED/CONNECTED, reason: (unspecified), extra: "Autohome Inc.-Staff", roaming: false, failover: false, isAvailable: true, isConnectedToProvisioningNetwork: false, simId: 0/10076
D/ConnectivityService(  690): getActiveNetworkInfo:NetworkInfo: type: WIFI[], state: CONNECTED/CONNECTED, reason: (unspecified), extra: "Autohome Inc.-Staff", roaming: false, failover: false, isAvailable: true, isConnectedToProvisioningNetwork: false, simId: 0/10076
D/ConnectivityService(  690): getActiveNetworkInfo:NetworkInfo: type: WIFI[], state: CONNECTED/CONNECTED, reason: (unspecified), extra: "Autohome Inc.-Staff", roaming: false, failover: false, isAvailable: true, isConnectedToProvisioningNetwork: false, simId: 0/10076
D/ConnectivityService(  690): getActiveNetworkInfo:NetworkInfo: type: WIFI[], state: CONNECTED/CONNECTED, reason: (unspecified), extra: "Autohome Inc.-Staff", roaming: false, failover: false, isAvailable: true, isConnectedToProvisioningNetwork: false, simId: 0/10076
I/thermal_repeater(  169): oh, queryMdThermalInfo (0)Success
I/thermal_repeater(  169): [recvMdThermalInfo] ret=23, strLen=127,  1, 32767,,, 35, 55, 36
V/ActivityManager(  690): Broadcast sticky: Intent { act=android.intent.action.SIG_STR flg=0x20000010 (has extras) } ordered=false userid=-1 callerApp=ProcessRecord{428591d0 690:system/1000}
I/thermal_repeater(  169): oh, queryMdThermalInfo (0)Success
I/thermal_repeater(  169): [recvMdThermalInfo] ret=23, strLen=127,  1, 32767,,, 35, 55, 36
V/ActivityManager(  690): Broadcast sticky: Intent { act=android.intent.action.BATTERY_CHANGED flg=0x60000010 (has extras) } ordered=false userid=-1 callerApp=null
D/PowerManagerService(  690): updateIsPoweredLocked: wasPowered=true, mIsPowered=true, oldPlugType=2, mPlugType=2, mBatteryLevel=47
D/PowerManagerService(  690): handleSandman: canDream=true, mWakefulness=Awake
D/WifiService(  690): onReceive, action:android.intent.action.BATTERY_CHANGED
D/UsbDeviceManager(  690): onReceive - BATTERY_CHANGED - mPlugType: 2, mSettingUsbCharging: false, mConnected: true, mSettingUsbBicr: false
D/WifiController(  690): DeviceActiveState{ when=0 what=155652 arg1=2 target=com.android.internal.util.StateMachine$SmHandler target=Handler (com.android.internal.util.StateMachine$SmHandler) {433ae9f8} }
D/WifiController(  690): StaEnabledState{ when=0 what=155652 arg1=2 target=com.android.internal.util.StateMachine$SmHandler target=Handler (com.android.internal.util.StateMachine$SmHandler) {433ae9f8} }
D/WifiController(  690): DefaultState{ when=0 what=155652 arg1=2 target=com.android.internal.util.StateMachine$SmHandler target=Handler (com.android.internal.util.StateMachine$SmHandler) {433ae9f8} }
D/WifiController(  690): battery changed pluggedType: 2
I/thermal_repeater(  169): oh, queryMdThermalInfo (0)Success
I/thermal_repeater(  169): [recvMdThermalInfo] ret=23, strLen=127,  1, 32767,,, 35, 55, 36
V/ActivityManager(  690): Broadcast sticky: Intent { act=android.intent.action.SIG_STR flg=0x20000010 (has extras) } ordered=false userid=-1 callerApp=ProcessRecord{428591d0 690:system/1000}
I/thermal_repeater(  169): oh, queryMdThermalInfo (0)Success
I/thermal_repeater(  169): [recvMdThermalInfo] ret=23, strLen=127,  1, 32767,,, 35, 55, 36
V/ActivityManager(  690): Broadcast sticky: Intent { act=android.intent.action.SIG_STR flg=0x20000010 (has extras) } ordered=false userid=-1 callerApp=ProcessRecord{428591d0 690:system/1000}
I/thermal_repeater(  169): oh, queryMdThermalInfo (0)Success
I/thermal_repeater(  169): [recvMdThermalInfo] ret=23, strLen=127,  1, 32767,,, 35, 55, 36
V/AlarmManager(  690): isAlarmNeedAlign : charging
V/AlarmManager(  690): isAlarmNeedAlign : charging
V/AlarmManager(  690): isAlarmNeedAlign : charging
D/PowerManagerService(  690): acquireWakeLockInternal: lock=1124705776, flags=0x1, tag="AlarmManager", ws=WorkSource{1000}, uid=1000, pid=690
D/PowerManagerNotifier(  690): onWakeLockAcquired: flags=1, tag="AlarmManager", packageName=android, ownerUid=1000, ownerPid=690, workSource=WorkSource{1000}
D/PowerManagerService(  690): updateWakeLockSummaryLocked: mWakefulness=Awake, mWakeLockSummary=0x1
D/PowerManagerService(  690): newScreenState = 2
D/PowerManagerDisplayController(  690): requestPowerState: screenState=2, useProximitySensor=false, forceProximitySensorEnable=false, forceWakeUpEnable=false, screenBrightness=96, screenAutoBrightnessAdjustment=0.0, useAutoBrightness=false, useEcoBrightness=false, blockScreenOn=false, waitForNegativeProximity=false
I/PowerManagerService(  690): setBrightness mButtonLight 0.
D/PowerManagerService(  690): updateScreenStateLocked: mDisplayReady=true, newScreenState=2, mWakefulness=1, mWakeLockSummary=0x1, mUserActivitySummary=0x1, mBootCompleted=true
D/PowerManagerService(  690): Acquiring suspend blocker "PowerManagerService.WakeLocks".
D/PowerManagerService(  690): handleSandman: canDream=true, mWakefulness=Awake
V/ActivityManager(  690): Broadcast: Intent { act=com.tencent.mm.TrafficStatsReceiver flg=0x14 (has extras) } ordered=true userid=0 callerApp=null
V/ActivityManager(  690): Broadcast: Intent { act=com.android.server.task.controllers.BatteryController.ACTION_CHARGING_STABLE flg=0x14 (has extras) } ordered=true userid=0 callerApp=null
V/ActivityManager(  690): Broadcast: Intent { flg=0x14 cmp=com.tencent.mm/.booter.MMReceivers$AlarmReceiver (has extras) } ordered=true userid=0 callerApp=null
V/ActivityManager(  690): Broadcast: Intent { act=com.xiaomi.push.PING_TIMER flg=0x14 pkg=com.xiaomi.xmsf (has extras) } ordered=true userid=0 callerApp=null
D/PowerManagerService(  690): updateWakeLockWorkSourceInternal: lock=1124705776 [AlarmManager], ws=WorkSource{10127}
D/PowerManagerNotifier(  690): onWakeLockReleased: flags=1, tag="AlarmManager", packageName=android, ownerUid=1000, ownerPid=690, workSource=WorkSource{1000}
D/PowerManagerNotifier(  690): onWakeLockAcquired: flags=1, tag="AlarmManager", packageName=android, ownerUid=1000, ownerPid=690, workSource=WorkSource{10127}
D/ActivityThread( 6908): BDC-Calling onReceive: intent=Intent { act=com.tencent.mm.TrafficStatsReceiver flg=0x14 (has extras) }, ordered=true, receiver=com.tencent.mm.booter.TrafficStatsReceiver@42829c10, IIntentReceiver=4284f4f8
D/ActivityThread( 6908): BDC-Calling finishReceiver: IIntentReceiver=4284f4f8
D/PowerManagerService(  690): updateWakeLockWorkSourceInternal: lock=1124705776 [AlarmManager], ws=WorkSource{1000}
D/PowerManagerNotifier(  690): onWakeLockReleased: flags=1, tag="AlarmManager", packageName=android, ownerUid=1000, ownerPid=690, workSource=WorkSource{10127}
D/PowerManagerNotifier(  690): onWakeLockAcquired: flags=1, tag="AlarmManager", packageName=android, ownerUid=1000, ownerPid=690, workSource=WorkSource{1000}
D/ActivityThread(  690): BDC-Calling onReceive: intent=Intent { act=com.android.server.task.controllers.BatteryController.ACTION_CHARGING_STABLE flg=0x14 (has extras) }, ordered=true, receiver=com.android.server.job.controllers.BatteryController$ChargingTracker@43416ac0, IIntentReceiver=4340e968
D/JobScheduler.Batt(  690): Stable charging fired @ 708300081 charging: true
D/JobScheduler.Batt(  690): maybeReportNewChargingState: false
D/ActivityThread(  690): BDC-Calling finishReceiver: IIntentReceiver=4340e968
D/PowerManagerService(  690): updateWakeLockWorkSourceInternal: lock=1124705776 [AlarmManager], ws=WorkSource{10127}
D/PowerManagerNotifier(  690): onWakeLockReleased: flags=1, tag="AlarmManager", packageName=android, ownerUid=1000, ownerPid=690, workSource=WorkSource{1000}
D/PowerManagerNotifier(  690): onWakeLockAcquired: flags=1, tag="AlarmManager", packageName=android, ownerUid=1000, ownerPid=690, workSource=WorkSource{10127}
D/ActivityThread( 6908): BDC-Calling onReceive: intent=Intent { flg=0x14 cmp=com.tencent.mm/.booter.MMReceivers$AlarmReceiver (has extras) }, ordered=true, receiver=com.tencent.mm.booter.MMReceivers$AlarmReceiver@42e48a60
D/PowerManagerService(  690): updateWakeLockWorkSourceInternal: lock=1124705776 [AlarmManager], ws=WorkSource{10083}
D/PowerManagerNotifier(  690): onWakeLockReleased: flags=1, tag="AlarmManager", packageName=android, ownerUid=1000, ownerPid=690, workSource=WorkSource{10127}
D/PowerManagerNotifier(  690): onWakeLockAcquired: flags=1, tag="AlarmManager", packageName=android, ownerUid=1000, ownerPid=690, workSource=WorkSource{10083}
D/ActivityThread(  933): BDC-Calling onReceive: intent=Intent { act=com.xiaomi.push.PING_TIMER flg=0x14 pkg=com.xiaomi.xmsf cmp=com.xiaomi.xmsf/com.xiaomi.push.service.receivers.PingReceiver (has extras) }, ordered=true, receiver=com.xiaomi.push.service.receivers.PingReceiver@42a8d728
V/AlarmManager(  690): isAlarmNeedAlign : charging
D/PowerManagerService(  690): releaseWakeLockInternal: lock=1124705776 [AlarmManager], flags=0x0, total_time=84587052ms
D/PowerManagerNotifier(  690): onWakeLockReleased: flags=1, tag="AlarmManager", packageName=android, ownerUid=1000, ownerPid=690, workSource=WorkSource{10083}
D/PowerManagerService(  690): updateWakeLockSummaryLocked: mWakefulness=Awake, mWakeLockSummary=0x0
D/PowerManagerService(  690): newScreenState = 2
D/PowerManagerDisplayController(  690): requestPowerState: screenState=2, useProximitySensor=false, forceProximitySensorEnable=false, forceWakeUpEnable=false, screenBrightness=96, screenAutoBrightnessAdjustment=0.0, useAutoBrightness=false, useEcoBrightness=false, blockScreenOn=false, waitForNegativeProximity=false
I/PowerManagerService(  690): setBrightness mButtonLight 0.
D/PowerManagerService(  690): updateScreenStateLocked: mDisplayReady=true, newScreenState=2, mWakefulness=1, mWakeLockSummary=0x0, mUserActivitySummary=0x1, mBootCompleted=true
D/PowerManagerService(  690): Releasing suspend blocker "PowerManagerService.WakeLocks".
D/PowerManagerService(  690): handleSandman: canDream=true, mWakefulness=Awake
D/ConnectivityService(  690): getActiveNetworkInfo:NetworkInfo: type: WIFI[], state: CONNECTED/CONNECTED, reason: (unspecified), extra: "Autohome Inc.-Staff", roaming: false, failover: false, isAvailable: true, isConnectedToProvisioningNetwork: false, simId: 0/10083
D/ConnectivityService(  690): getActiveNetworkInfo:NetworkInfo: type: WIFI[], state: CONNECTED/CONNECTED, reason: (unspecified), extra: "Autohome Inc.-Staff", roaming: false, failover: false, isAvailable: true, isConnectedToProvisioningNetwork: false, simId: 0/10083
I/thermal_repeater(  169): oh, queryMdThermalInfo (0)Success
I/thermal_repeater(  169): [recvMdThermalInfo] ret=23, strLen=127,  1, 32767,,, 35, 55, 36
V/ActivityManager(  690): Broadcast sticky: Intent { act=android.net.wifi.RSSI_CHANGED flg=0x4000010 (has extras) } ordered=false userid=-1 callerApp=ProcessRecord{428591d0 690:system/1000}
V/ActivityManager(  690): Broadcast sticky: Intent { act=android.intent.action.SIG_STR flg=0x20000010 (has extras) } ordered=false userid=-1 callerApp=ProcessRecord{428591d0 690:system/1000}
I/thermal_repeater(  169): oh, queryMdThermalInfo (0)Success
I/thermal_repeater(  169): [recvMdThermalInfo] ret=23, strLen=127,  1, 32767,,, 35, 55, 36
I/thermal_repeater(  169): oh, queryMdThermalInfo (0)Success
I/thermal_repeater(  169): [recvMdThermalInfo] ret=23, strLen=127,  1, 32767,,, 35, 55, 36
I/ANRManager(  690): updateProcessStats
I/ANRManager(  690): CPU update time < 2.5sec
I/ANRManager(  690): CPU update time < 2.5sec
I/thermal_repeater(  169): oh, queryMdThermalInfo (0)Success
I/thermal_repeater(  169): [recvMdThermalInfo] ret=23, strLen=127,  1, 32767,,, 35, 55, 36
V/ActivityManager(  690): Broadcast sticky: Intent { act=android.net.wifi.RSSI_CHANGED flg=0x4000010 (has extras) } ordered=false userid=-1 callerApp=ProcessRecord{428591d0 690:system/1000}
I/thermal_repeater(  169): oh, queryMdThermalInfo (0)Success
I/thermal_repeater(  169): [recvMdThermalInfo] ret=23, strLen=127,  1, 32767,,, 35, 55, 36
V/ActivityManager(  690): Broadcast sticky: Intent { act=android.net.wifi.RSSI_CHANGED flg=0x4000010 (has extras) } ordered=false userid=-1 callerApp=ProcessRecord{428591d0 690:system/1000}
V/ActivityManager(  690): Broadcast: Intent { act=android.intent.action.TIME_TICK flg=0x50000014 (has extras) } ordered=true userid=-1 callerApp=null
D/PowerManagerService(  690): acquireWakeLockInternal: lock=1124705776, flags=0x1, tag="AlarmManager", ws=WorkSource{1000}, uid=1000, pid=690
D/PowerManagerNotifier(  690): onWakeLockAcquired: flags=1, tag="AlarmManager", packageName=android, ownerUid=1000, ownerPid=690, workSource=WorkSource{1000}
D/PowerManagerService(  690): updateWakeLockSummaryLocked: mWakefulness=Awake, mWakeLockSummary=0x1
D/PowerManagerService(  690): newScreenState = 2
D/PowerManagerDisplayController(  690): requestPowerState: screenState=2, useProximitySensor=false, forceProximitySensorEnable=false, forceWakeUpEnable=false, screenBrightness=96, screenAutoBrightnessAdjustment=0.0, useAutoBrightness=false, useEcoBrightness=false, blockScreenOn=false, waitForNegativeProximity=false
I/PowerManagerService(  690): setBrightness mButtonLight 0.
D/PowerManagerService(  690): updateScreenStateLocked: mDisplayReady=true, newScreenState=2, mWakefulness=1, mWakeLockSummary=0x1, mUserActivitySummary=0x1, mBootCompleted=true
D/PowerManagerService(  690): Acquiring suspend blocker "PowerManagerService.WakeLocks".
D/PowerManagerService(  690): handleSandman: canDream=true, mWakefulness=Awake
D/ActivityThread(  690): BDC-Calling onReceive: intent=Intent { act=android.intent.action.TIME_TICK flg=0x50000014 (has extras) }, ordered=true, receiver=com.android.server.AlarmManagerService$ClockReceiver@43062d30, IIntentReceiver=43062a68
V/AlarmManager(  690): isAlarmNeedAlign : charging
D/ActivityThread(  690): BDC-Calling finishReceiver: IIntentReceiver=43062a68
D/ActivityThread(  741): BDC-Calling onReceive: intent=Intent { act=android.intent.action.TIME_TICK flg=0x50000014 (has extras) }, ordered=true, receiver=com.android.keyguard.MiuiKeyguardUpdateMonitor$3@428a4578, IIntentReceiver=428a45c0
D/ActivityThread(  741): BDC-Calling finishReceiver: IIntentReceiver=428a45c0
D/ActivityThread(  741): BDC-Calling onReceive: intent=Intent { act=android.intent.action.TIME_TICK flg=0x50000014 (has extras) }, ordered=true, receiver=com.android.systemui.statusbar.policy.Clock$ReceiverInfo$1@42cb1558, IIntentReceiver=43db2758
D/ActivityThread(  741): BDC-Calling finishReceiver: IIntentReceiver=43db2758
D/ActivityThread(  741): BDC-Calling onReceive: intent=Intent { act=android.intent.action.TIME_TICK flg=0x50000014 (has extras) }, ordered=true, receiver=com.android.systemui.statusbar.WeatherView$1@4285f610, IIntentReceiver=42ddb980
D/ActivityThread(  741): BDC-Calling finishReceiver: IIntentReceiver=42ddb980
D/ActivityThread(  741): BDC-Calling onReceive: intent=Intent { act=android.intent.action.TIME_TICK flg=0x50000014 (has extras) }, ordered=true, receiver=android.widget.DateTimeView$ReceiverInfo$1@4316ec20, IIntentReceiver=431a3e90
D/ActivityThread(  741): BDC-Calling finishReceiver: IIntentReceiver=431a3e90
D/PowerManagerService(  690): releaseWakeLockInternal: lock=1124705776 [AlarmManager], flags=0x0, total_time=84609561ms
D/PowerManagerNotifier(  690): onWakeLockReleased: flags=1, tag="AlarmManager", packageName=android, ownerUid=1000, ownerPid=690, workSource=WorkSource{1000}
D/PowerManagerService(  690): updateWakeLockSummaryLocked: mWakefulness=Awake, mWakeLockSummary=0x0
D/PowerManagerService(  690): newScreenState = 2
D/PowerManagerDisplayController(  690): requestPowerState: screenState=2, useProximitySensor=false, forceProximitySensorEnable=false, forceWakeUpEnable=false, screenBrightness=96, screenAutoBrightnessAdjustment=0.0, useAutoBrightness=false, useEcoBrightness=false, blockScreenOn=false, waitForNegativeProximity=false
I/PowerManagerService(  690): setBrightness mButtonLight 0.
