D/WifiHW  (  690): leave --> reply=RSSI=-68
D/WifiHW  (  690): LINKSPEED=65
D/WifiHW  (  690): NOISE=9999
D/WifiHW  (  690): FREQUENCY=2412
D/WifiHW  (  690): 
D/wifi    (  690): doStringCommand, buf IFNAME=wlan0 SIGNAL_POLL
I/WifiStateMachine(  690): fetchRssiAndLinkSpeedNative, newRssi:-68, newLinkSpeed:65, SSID:"Autohome Inc.-Staff"
I/thermal_repeater(  169): oh, queryMdThermalInfo (0)Success
I/thermal_repeater(  169): [recvMdThermalInfo] ret=23, strLen=127,  1, 32767,,, 36, 55, 36
D/AES     (  690): AEEIOCTL_RT_MON_Kick IOCTL,lParam=0. 
D/InputReader(  690): InputReader::monitor: lock
D/InputReader(  690): InputReader::monitor: wait 
D/InputReader(  690): InputReader::monitor: unlock
D/InputReader(  690): InputReader::monitor: done
D/StatusBar.NetworkController(  741): onSignalStrengthsChanged received on slotId :0signalStrength=SignalStrength:SIM1 30 99 -120 -160 -120 0 -1 99 255 255 255 2147483647 gsm|lte -211 1 1 level=5 cdmdlevel=0 evdolevel=0
V/ActivityManager(  690): Broadcast sticky: Intent { act=android.intent.action.SIG_STR flg=0x20000010 (has extras) } ordered=false userid=-1 callerApp=ProcessRecord{428591d0 690:system/1000}
V/Provider/Settings(  690): get setting for user 0 by user 0 so skipping cache
V/Provider/Settings(  690):  from settings cache , name = sys_free_storage_log_interval , value = null
V/Provider/Settings(  690): get setting for user 0 by user 0 so skipping cache
V/Provider/Settings(  690):  from settings cache , name = disk_free_change_reporting_threshold , value = null
D/WifiStateMachine(  690): ConnectedState{ when=-3ms what=131155 arg1=128 target=com.android.internal.util.StateMachine$SmHandler target=Handler (com.android.internal.util.StateMachine$SmHandler) {4339a0d0} }
D/WifiStateMachine(  690): L2ConnectedState{ when=-3ms what=131155 arg1=128 target=com.android.internal.util.StateMachine$SmHandler target=Handler (com.android.internal.util.StateMachine$SmHandler) {4339a0d0} }
D/WifiHW  (  690): enter -->wifi_send_command cmd=IFNAME=wlan0 SIGNAL_POLL
D/wpa_supplicant( 2854): RX ctrl_iface - hexdump(len=11): 53 49 47 4e 41 4c 5f 50 4f 4c 4c
D/wpa_supplicant( 2854): wlan0: Control interface command 'SIGNAL_POLL'
D/wpa_supplicant( 2854): nl80211: survey data missing!
D/WifiHW  (  690): leave --> reply=RSSI=-71
D/WifiHW  (  690): LINKSPEED=65
D/WifiHW  (  690): NOISE=9999
D/WifiHW  (  690): FREQUENCY=2412
D/WifiHW  (  690): 
D/wifi    (  690): doStringCommand, buf IFNAME=wlan0 SIGNAL_POLL
I/WifiStateMachine(  690): fetchRssiAndLinkSpeedNative, newRssi:-71, newLinkSpeed:65, SSID:"Autohome Inc.-Staff"
D/WifiStateMachine(  690): ConnectedState{ when=-3ms what=131155 arg1=128 target=com.android.internal.util.StateMachine$SmHandler target=Handler (com.android.internal.util.StateMachine$SmHandler) {4339a0d0} }
D/WifiStateMachine(  690): L2ConnectedState{ when=-3ms what=131155 arg1=128 target=com.android.internal.util.StateMachine$SmHandler target=Handler (com.android.internal.util.StateMachine$SmHandler) {4339a0d0} }
D/WifiHW  (  690): enter -->wifi_send_command cmd=IFNAME=wlan0 SIGNAL_POLL
D/wpa_supplicant( 2854): RX ctrl_iface - hexdump(len=11): 53 49 47 4e 41 4c 5f 50 4f 4c 4c
D/wpa_supplicant( 2854): wlan0: Control interface command 'SIGNAL_POLL'
D/wpa_supplicant( 2854): nl80211: survey data missing!
D/WifiHW  (  690): leave --> reply=RSSI=-71
D/WifiHW  (  690): LINKSPEED=65
D/WifiHW  (  690): NOISE=9999
D/WifiHW  (  690): FREQUENCY=2412
D/WifiHW  (  690): 
D/wifi    (  690): doStringCommand, buf IFNAME=wlan0 SIGNAL_POLL
I/WifiStateMachine(  690): fetchRssiAndLinkSpeedNative, newRssi:-71, newLinkSpeed:65, SSID:"Autohome Inc.-Staff"
I/thermal_repeater(  169): oh, queryMdThermalInfo (0)Success
I/thermal_repeater(  169): [recvMdThermalInfo] ret=23, strLen=127,  1, 32767,,, 36, 55, 36
V/ActivityManager(  690): Broadcast: Intent { act=android.intent.action.TIME_TICK flg=0x50000014 (has extras) } ordered=true userid=-1 callerApp=null
D/ActivityThread(  690): BDC-Calling onReceive: intent=Intent { act=android.intent.action.TIME_TICK flg=0x50000014 (has extras) }, ordered=true, receiver=com.android.server.AlarmManagerService$ClockReceiver@43062d30, IIntentReceiver=43062a68
V/AlarmManager(  690): isAlarmNeedAlign : charging
D/PowerManagerService(  690): acquireWakeLockInternal: lock=1124705776, flags=0x1, tag="AlarmManager", ws=WorkSource{1000}, uid=1000, pid=690
V/Provider/Settings(  741): get setting for user 0 by user 0 so skipping cache
V/Provider/Settings(  741):  from settings cache , name = time_12_24 , value = null
D/PowerManagerNotifier(  690): onWakeLockAcquired: flags=1, tag="AlarmManager", packageName=android, ownerUid=1000, ownerPid=690, workSource=WorkSource{1000}
D/PowerManagerService(  690): updateWakeLockSummaryLocked: mWakefulness=Awake, mWakeLockSummary=0x1
D/PowerManagerService(  690): newScreenState = 2
D/PowerManagerDisplayController(  690): requestPowerState: screenState=2, useProximitySensor=false, forceProximitySensorEnable=false, forceWakeUpEnable=false, screenBrightness=96, screenAutoBrightnessAdjustment=0.0, useAutoBrightness=false, useEcoBrightness=false, blockScreenOn=false, waitForNegativeProximity=false
I/PowerManagerService(  690): setBrightness mButtonLight 0.
D/PowerManagerService(  690): updateScreenStateLocked: mDisplayReady=true, newScreenState=2, mWakefulness=1, mWakeLockSummary=0x1, mUserActivitySummary=0x1, mBootCompleted=true
D/PowerManagerService(  690): Acquiring suspend blocker "PowerManagerService.WakeLocks".
D/PowerManagerService(  690): handleSandman: canDream=true, mWakefulness=Awake
D/ActivityThread(  690): BDC-Calling finishReceiver: IIntentReceiver=43062a68
I/ActivityManager(  690): Killing 15705:com.xiaomi.simactivate.service/u0a32 (adj 15): empty for 619s
D/ActivityThread(  741): BDC-Calling onReceive: intent=Intent { act=android.intent.action.TIME_TICK flg=0x50000014 (has extras) }, ordered=true, receiver=com.android.keyguard.MiuiKeyguardUpdateMonitor$3@428a4578, IIntentReceiver=428a45c0
D/ActivityThread(  741): BDC-Calling finishReceiver: IIntentReceiver=428a45c0
D/ActivityThread(  741): BDC-Calling onReceive: intent=Intent { act=android.intent.action.TIME_TICK flg=0x50000014 (has extras) }, ordered=true, receiver=com.android.systemui.statusbar.policy.Clock$ReceiverInfo$1@42cb1558, IIntentReceiver=43db2758
V/Provider/Settings(  741): get setting for user 0 by user 0 so skipping cache
V/Provider/Settings(  741):  from settings cache , name = time_12_24 , value = null
V/Provider/Settings(  741): get setting for user 0 by user 0 so skipping cache
V/Provider/Settings(  741):  from settings cache , name = time_12_24 , value = null
V/Provider/Settings(  741): get setting for user 0 by user 0 so skipping cache
V/Provider/Settings(  741):  from settings cache , name = time_12_24 , value = null
D/ActivityThread(  741): BDC-Calling finishReceiver: IIntentReceiver=43db2758
D/OpenGLRenderer(  741): prepareDirty (0.00, 0.00, 720.00, 50.00) opaque 0 <0x67356008>
D/OpenGLRenderer(  741): clear (0.00, 50 - 50.00 = 0.00, 720.00 - 0.00 = 720.00, 50.00 - 0.00 = 50.00) opaque 0 <0x67356008>
D/OpenGLRenderer(  741): finish <0x67356008>
I/BufferQueue(  141): [StatusBar](this:0xb86592d8,id:12,api:1,p:741,c:141) [queue] fps:0.02, dur:49802.29, max:49802.29, min:49802.29
I/BufferQueue(  141): [StatusBar](this:0xb86592d8,id:12,api:1,p:741,c:141) [release] fps:0.02, dur:49790.85, max:49790.85, min:49790.85
I/BufferQueue(  141): [FrameBufferSurface_0](this:0xb85fc1a8,id:0,api:1,p:141,c:141) [release] fps:0.02, dur:49791.55, max:49791.55, min:49791.55
I/BufferQueue(  141): [FrameBufferSurface_0](this:0xb85fc1a8,id:0,api:1,p:141,c:141) [queue] fps:0.02, dur:49791.59, max:49791.59, min:49791.59
I/SurfaceFlinger(  141): [Built-in Screen (type:0)] fps:0.020084,dur:49791.63,max:49791.63,min:49791.63
D/ActivityThread(  741): BDC-Calling onReceive: intent=Intent { act=android.intent.action.TIME_TICK flg=0x50000014 (has extras) }, ordered=true, receiver=com.android.systemui.statusbar.WeatherView$1@4285f610, IIntentReceiver=42ddb980
D/ActivityThread(  741): BDC-Calling finishReceiver: IIntentReceiver=42ddb980
D/ActivityThread(  741): BDC-Calling onReceive: intent=Intent { act=android.intent.action.TIME_TICK flg=0x50000014 (has extras) }, ordered=true, receiver=android.widget.DateTimeView$ReceiverInfo$1@4316ec20, IIntentReceiver=431a3e90
V/Provider/Settings(  741): get setting for user 0 by user 0 so skipping cache
V/Provider/Settings(  741):  from settings cache , name = time_12_24 , value = null
V/Provider/Settings(  741): get setting for user 0 by user 0 so skipping cache
V/Provider/Settings(  741):  from settings cache , name = date_format , value = null
V/Provider/Settings(  741): get setting for user 0 by user 0 so skipping cache
V/Provider/Settings(  741):  from settings cache , name = date_format , value = null
V/Provider/Settings(  741): get setting for user 0 by user 0 so skipping cache
V/Provider/Settings(  741):  from settings cache , name = date_format , value = null
V/Provider/Settings(  741): get setting for user 0 by user 0 so skipping cache
V/Provider/Settings(  741):  from settings cache , name = date_format , value = null
V/Provider/Settings(  741): get setting for user 0 by user 0 so skipping cache
V/Provider/Settings(  741):  from settings cache , name = date_format , value = null
V/Provider/Settings(  741): get setting for user 0 by user 0 so skipping cache
V/Provider/Settings(  741):  from settings cache , name = date_format , value = null
V/Provider/Settings(  741): get setting for user 0 by user 0 so skipping cache
V/Provider/Settings(  741):  from settings cache , name = time_12_24 , value = null
V/Provider/Settings(  741): get setting for user 0 by user 0 so skipping cache
V/Provider/Settings(  741):  from settings cache , name = time_12_24 , value = null
V/Provider/Settings(  741): get setting for user 0 by user 0 so skipping cache
V/Provider/Settings(  741):  from settings cache , name = date_format , value = null
V/Provider/Settings(  741): get setting for user 0 by user 0 so skipping cache
V/Provider/Settings(  741):  from settings cache , name = date_format , value = null
V/Provider/Settings(  741): get setting for user 0 by user 0 so skipping cache
V/Provider/Settings(  741):  from settings cache , name = date_format , value = null
V/Provider/Settings(  741): get setting for user 0 by user 0 so skipping cache
V/Provider/Settings(  741):  from settings cache , name = date_format , value = null
V/Provider/Settings(  741): get setting for user 0 by user 0 so skipping cache
V/Provider/Settings(  741):  from settings cache , name = date_format , value = null
V/Provider/Settings(  741): get setting for user 0 by user 0 so skipping cache
V/Provider/Settings(  741):  from settings cache , name = date_format , value = null
V/Provider/Settings(  741): get setting for user 0 by user 0 so skipping cache
V/Provider/Settings(  741):  from settings cache , name = date_format , value = null
V/Provider/Settings(  741): get setting for user 0 by user 0 so skipping cache
V/Provider/Settings(  741):  from settings cache , name = date_format , value = null
V/Provider/Settings(  741): get setting for user 0 by user 0 so skipping cache
V/Provider/Settings(  741):  from settings cache , name = date_format , value = null
V/Provider/Settings(  741): get setting for user 0 by user 0 so skipping cache
V/Provider/Settings(  741):  from settings cache , name = time_12_24 , value = null
V/Provider/Settings(  741): get setting for user 0 by user 0 so skipping cache
V/Provider/Settings(  741):  from settings cache , name = time_12_24 , value = null
V/Provider/Settings(  741): get setting for user 0 by user 0 so skipping cache
V/Provider/Settings(  741):  from settings cache , name = date_format , value = null
V/Provider/Settings(  741): get setting for user 0 by user 0 so skipping cache
V/Provider/Settings(  741):  from settings cache , name = date_format , value = null
V/Provider/Settings(  741): get setting for user 0 by user 0 so skipping cache
V/Provider/Settings(  741):  from settings cache , name = date_format , value = null
V/Provider/Settings(  741): get setting for user 0 by user 0 so skipping cache
V/Provider/Settings(  741):  from settings cache , name = date_format , value = null
V/Provider/Settings(  741): get setting for user 0 by user 0 so skipping cache
V/Provider/Settings(  741):  from settings cache , name = date_format , value = null
V/Provider/Settings(  741): get setting for user 0 by user 0 so skipping cache
V/Provider/Settings(  741):  from settings cache , name = date_format , value = null
V/Provider/Settings(  741): get setting for user 0 by user 0 so skipping cache
V/Provider/Settings(  741):  from settings cache , name = time_12_24 , value = null
V/Provider/Settings(  741): get setting for user 0 by user 0 so skipping cache
V/Provider/Settings(  741):  from settings cache , name = time_12_24 , value = null
V/Provider/Settings(  741): get setting for user 0 by user 0 so skipping cache
V/Provider/Settings(  741):  from settings cache , name = time_12_24 , value = null
V/Provider/Settings(  741): get setting for user 0 by user 0 so skipping cache
V/Provider/Settings(  741):  from settings cache , name = time_12_24 , value = null
V/Provider/Settings(  741): get setting for user 0 by user 0 so skipping cache
V/Provider/Settings(  741):  from settings cache , name = time_12_24 , value = null
V/Provider/Settings(  741): get setting for user 0 by user 0 so skipping cache
V/Provider/Settings(  741):  from settings cache , name = time_12_24 , value = null
V/Provider/Settings(  741): get setting for user 0 by user 0 so skipping cache
V/Provider/Settings(  741):  from settings cache , name = time_12_24 , value = null
V/Provider/Settings(  741): get setting for user 0 by user 0 so skipping cache
V/Provider/Settings(  741):  from settings cache , name = time_12_24 , value = null
V/Provider/Settings(  741): get setting for user 0 by user 0 so skipping cache
V/Provider/Settings(  741):  from settings cache , name = time_12_24 , value = null
V/Provider/Settings(  741): get setting for user 0 by user 0 so skipping cache
V/Provider/Settings(  741):  from settings cache , name = time_12_24 , value = null
V/Provider/Settings(  741): get setting for user 0 by user 0 so skipping cache
V/Provider/Settings(  741):  from settings cache , name = time_12_24 , value = null
V/Provider/Settings(  741): get setting for user 0 by user 0 so skipping cache
V/Provider/Settings(  741):  from settings cache , name = time_12_24 , value = null
V/Provider/Settings(  741): get setting for user 0 by user 0 so skipping cache
V/Provider/Settings(  741):  from settings cache , name = time_12_24 , value = null
V/Provider/Settings(  741): get setting for user 0 by user 0 so skipping cache
V/Provider/Settings(  741):  from settings cache , name = time_12_24 , value = null
V/Provider/Settings(  741): get setting for user 0 by user 0 so skipping cache
V/Provider/Settings(  741):  from settings cache , name = time_12_24 , value = null
V/Provider/Settings(  741): get setting for user 0 by user 0 so skipping cache
V/Provider/Settings(  741):  from settings cache , name = time_12_24 , value = null
V/Provider/Settings(  741): get setting for user 0 by user 0 so skipping cache
V/Provider/Settings(  741):  from settings cache , name = time_12_24 , value = null
V/Provider/Settings(  741): get setting for user 0 by user 0 so skipping cache
V/Provider/Settings(  741):  from settings cache , name = time_12_24 , value = null
V/Provider/Settings(  741): get setting for user 0 by user 0 so skipping cache
V/Provider/Settings(  741):  from settings cache , name = date_format , value = null
D/ActivityThread(  741): BDC-Calling finishReceiver: IIntentReceiver=431a3e90
D/PowerManagerService(  690): releaseWakeLockInternal: lock=1124705776 [AlarmManager], flags=0x0, total_time=85029550ms
D/PowerManagerNotifier(  690): onWakeLockReleased: flags=1, tag="AlarmManager", packageName=android, ownerUid=1000, ownerPid=690, workSource=WorkSource{1000}
D/PowerManagerService(  690): updateWakeLockSummaryLocked: mWakefulness=Awake, mWakeLockSummary=0x0
D/PowerManagerService(  690): newScreenState = 2
D/PowerManagerDisplayController(  690): requestPowerState: screenState=2, useProximitySensor=false, forceProximitySensorEnable=false, forceWakeUpEnable=false, screenBrightness=96, screenAutoBrightnessAdjustment=0.0, useAutoBrightness=false, useEcoBrightness=false, blockScreenOn=false, waitForNegativeProximity=false
I/PowerManagerService(  690): setBrightness mButtonLight 0.
D/PowerManagerService(  690): updateScreenStateLocked: mDisplayReady=true, newScreenState=2, mWakefulness=1, mWakeLockSummary=0x0, mUserActivitySummary=0x1, mBootCompleted=true
D/PowerManagerService(  690): Releasing suspend blocker "PowerManagerService.WakeLocks".
D/PowerManagerService(  690): handleSandman: canDream=true, mWakefulness=Awake
D/IPCThreadState(  690): [DN #5] BR_DEAD_BINDER cookie 0x6114d118
D/IPCThreadState(  690): [DN #5] BR_CLEAR_DEATH_NOTIFICATION_DONE cookie 0x6114d118
D/IPCThreadState(  690): [DN #5] BR_DEAD_BINDER cookie 0x666b0c38
D/DisplayManagerService(  690): Display listener for pid 15705 died.
D/IPCThreadState(  690): [DN #5] BR_DEAD_BINDER cookie 0x69c38ce8
D/IPCThreadState(  690): [DN #5] BR_CLEAR_DEATH_NOTIFICATION_DONE cookie 0x69c38ce8
D/IPCThreadState(  690): [DN #5] BR_DEAD_BINDER cookie 0x67335528
D/IPCThreadState(  690): [DN #5] BR_CLEAR_DEATH_NOTIFICATION_DONE cookie 0x67335528
D/IPCThreadState(  690): [DN #5] BR_CLEAR_DEATH_NOTIFICATION_DONE cookie 0x666b0c38
D/BatteryService(  690): mBatteryVoltage=3901, batteryLevel=50
V/ActivityManager(  690): Broadcast sticky: Intent { act=android.intent.action.BATTERY_CHANGED flg=0x60000010 (has extras) } ordered=false userid=-1 callerApp=null
D/WifiService(  690): onReceive, action:android.intent.action.BATTERY_CHANGED
D/UsbDeviceManager(  690): onReceive - BATTERY_CHANGED - mPlugType: 2, mSettingUsbCharging: false, mConnected: true, mSettingUsbBicr: false
D/WifiController(  690): DeviceActiveState{ when=0 what=155652 arg1=2 target=com.android.internal.util.StateMachine$SmHandler target=Handler (com.android.internal.util.StateMachine$SmHandler) {433ae9f8} }
D/WifiController(  690): StaEnabledState{ when=0 what=155652 arg1=2 target=com.android.internal.util.StateMachine$SmHandler target=Handler (com.android.internal.util.StateMachine$SmHandler) {433ae9f8} }
D/WifiController(  690): DefaultState{ when=-1ms what=155652 arg1=2 target=com.android.internal.util.StateMachine$SmHandler target=Handler (com.android.internal.util.StateMachine$SmHandler) {433ae9f8} }
D/WifiController(  690): battery changed pluggedType: 2
D/PowerManagerService(  690): updateIsPoweredLocked: wasPowered=true, mIsPowered=true, oldPlugType=2, mPlugType=2, mBatteryLevel=49
D/PowerManagerService(  690): handleSandman: canDream=true, mWakefulness=Awake
D/OpenGLRenderer(  741): prepareDirty (0.00, 0.00, 720.00, 50.00) opaque 0 <0x67356008>
D/OpenGLRenderer(  741): clear (0.00, 50 - 50.00 = 0.00, 720.00 - 0.00 = 720.00, 50.00 - 0.00 = 50.00) opaque 0 <0x67356008>
D/OpenGLRenderer(  741): finish <0x67356008>
V/MiCloudSyncStateObserver(13951): broadcast received
V/MiCloudSyncStateObserver(13951): battery changed
I/InfoCollectManager( 1366): ACTION:android.intent.action.BATTERY_CHANGED
I/ANRManager(  690): updateProcessStats
I/ANRManager(  690): CPU update time < 2.5sec
D/WifiStateMachine(  690): ConnectedState{ when=-3ms what=131155 arg1=128 target=com.android.internal.util.StateMachine$SmHandler target=Handler (com.android.internal.util.StateMachine$SmHandler) {4339a0d0} }
D/WifiStateMachine(  690): L2ConnectedState{ when=-3ms what=131155 arg1=128 target=com.android.internal.util.StateMachine$SmHandler target=Handler (com.android.internal.util.StateMachine$SmHandler) {4339a0d0} }
D/WifiHW  (  690): enter -->wifi_send_command cmd=IFNAME=wlan0 SIGNAL_POLL
D/wpa_supplicant( 2854): RX ctrl_iface - hexdump(len=11): 53 49 47 4e 41 4c 5f 50 4f 4c 4c
D/wpa_supplicant( 2854): wlan0: Control interface command 'SIGNAL_POLL'
D/wpa_supplicant( 2854): nl80211: survey data missing!
D/WifiHW  (  690): leave --> reply=RSSI=-68
D/WifiHW  (  690): LINKSPEED=65
D/WifiHW  (  690): NOISE=9999
D/WifiHW  (  690): FREQUENCY=2412
D/WifiHW  (  690): 
D/wifi    (  690): doStringCommand, buf IFNAME=wlan0 SIGNAL_POLL
I/WifiStateMachine(  690): fetchRssiAndLinkSpeedNative, newRssi:-68, newLinkSpeed:65, SSID:"Autohome Inc.-Staff"
I/thermal_repeater(  169): oh, queryMdThermalInfo (0)Success
I/thermal_repeater(  169): [recvMdThermalInfo] ret=23, strLen=127,  1, 32767,,, 36, 55, 36
I/ANRManager(  690): updateProcessStats
V/ActivityManager(  690): Broadcast sticky: Intent { act=android.intent.action.SIG_STR flg=0x20000010 (has extras) } ordered=false userid=-1 callerApp=ProcessRecord{428591d0 690:system/1000}
D/StatusBar.NetworkController(  741): onSignalStrengthsChanged received on slotId :0signalStrength=SignalStrength:SIM1 29 99 -120 -160 -120 0 -1 99 255 255 255 2147483647 gsm|lte -215 1 1 level=5 cdmdlevel=0 evdolevel=0
D/WifiStateMachine(  690): ConnectedState{ when=-3ms what=131155 arg1=128 target=com.android.internal.util.StateMachine$SmHandler target=Handler (com.android.internal.util.StateMachine$SmHandler) {4339a0d0} }
D/WifiStateMachine(  690): L2ConnectedState{ when=-3ms what=131155 arg1=128 target=com.android.internal.util.StateMachine$SmHandler target=Handler (com.android.internal.util.StateMachine$SmHandler) {4339a0d0} }
D/WifiHW  (  690): enter -->wifi_send_command cmd=IFNAME=wlan0 SIGNAL_POLL
D/wpa_supplicant( 2854): RX ctrl_iface - hexdump(len=11): 53 49 47 4e 41 4c 5f 50 4f 4c 4c
D/wpa_supplicant( 2854): wlan0: Control interface command 'SIGNAL_POLL'
D/wpa_supplicant( 2854): nl80211: survey data missing!
D/WifiHW  (  690): leave --> reply=RSSI=-68
D/WifiHW  (  690): LINKSPEED=65
D/WifiHW  (  690): NOISE=9999
D/WifiHW  (  690): FREQUENCY=2412
D/WifiHW  (  690): 
D/wifi    (  690): doStringCommand, buf IFNAME=wlan0 SIGNAL_POLL
I/WifiStateMachine(  690): fetchRssiAndLinkSpeedNative, newRssi:-68, newLinkSpeed:65, SSID:"Autohome Inc.-Staff"
D/WifiStateMachine(  690): ConnectedState{ when=-3ms what=131155 arg1=128 target=com.android.internal.util.StateMachine$SmHandler target=Handler (com.android.internal.util.StateMachine$SmHandler) {4339a0d0} }
D/WifiStateMachine(  690): L2ConnectedState{ when=-3ms what=131155 arg1=128 target=com.android.internal.util.StateMachine$SmHandler target=Handler (com.android.internal.util.StateMachine$SmHandler) {4339a0d0} }
D/WifiHW  (  690): enter -->wifi_send_command cmd=IFNAME=wlan0 SIGNAL_POLL
D/wpa_supplicant( 2854): RX ctrl_iface - hexdump(len=11): 53 49 47 4e 41 4c 5f 50 4f 4c 4c
D/wpa_supplicant( 2854): wlan0: Control interface command 'SIGNAL_POLL'
D/wpa_supplicant( 2854): nl80211: survey data missing!
D/WifiHW  (  690): leave --> reply=RSSI=-68
D/WifiHW  (  690): LINKSPEED=65
D/WifiHW  (  690): NOISE=9999
D/WifiHW  (  690): FREQUENCY=2412
D/WifiHW  (  690): 
D/wifi    (  690): doStringCommand, buf IFNAME=wlan0 SIGNAL_POLL
I/WifiStateMachine(  690): fetchRssiAndLinkSpeedNative, newRssi:-68, newLinkSpeed:65, SSID:"Autohome Inc.-Staff"
I/thermal_repeater(  169): oh, queryMdThermalInfo (0)Success
I/thermal_repeater(  169): [recvMdThermalInfo] ret=23, strLen=127,  1, 32767,,, 36, 55, 36
D/WifiStateMachine(  690): ConnectedState{ when=-3ms what=131155 arg1=128 target=com.android.internal.util.StateMachine$SmHandler target=Handler (com.android.internal.util.StateMachine$SmHandler) {4339a0d0} }
D/WifiStateMachine(  690): L2ConnectedState{ when=-3ms what=131155 arg1=128 target=com.android.internal.util.StateMachine$SmHandler target=Handler (com.android.internal.util.StateMachine$SmHandler) {4339a0d0} }
D/WifiHW  (  690): enter -->wifi_send_command cmd=IFNAME=wlan0 SIGNAL_POLL
D/wpa_supplicant( 2854): RX ctrl_iface - hexdump(len=11): 53 49 47 4e 41 4c 5f 50 4f 4c 4c
D/wpa_supplicant( 2854): wlan0: Control interface command 'SIGNAL_POLL'
D/wpa_supplicant( 2854): nl80211: survey data missing!
D/WifiHW  (  690): leave --> reply=RSSI=-68
D/WifiHW  (  690): LINKSPEED=65
D/WifiHW  (  690): NOISE=9999
D/WifiHW  (  690): FREQUENCY=2412
D/WifiHW  (  690): 
D/wifi    (  690): doStringCommand, buf IFNAME=wlan0 SIGNAL_POLL
I/WifiStateMachine(  690): fetchRssiAndLinkSpeedNative, newRssi:-68, newLinkSpeed:65, SSID:"Autohome Inc.-Staff"
D/WifiStateMachine(  690): ConnectedState{ when=-3ms what=131155 arg1=128 target=com.android.internal.util.StateMachine$SmHandler target=Handler (com.android.internal.util.StateMachine$SmHandler) {4339a0d0} }
D/WifiStateMachine(  690): L2ConnectedState{ when=-3ms what=131155 arg1=128 target=com.android.internal.util.StateMachine$SmHandler target=Handler (com.android.internal.util.StateMachine$SmHandler) {4339a0d0} }
D/WifiHW  (  690): enter -->wifi_send_command cmd=IFNAME=wlan0 SIGNAL_POLL
D/wpa_supplicant( 2854): RX ctrl_iface - hexdump(len=11): 53 49 47 4e 41 4c 5f 50 4f 4c 4c
D/wpa_supplicant( 2854): wlan0: Control interface command 'SIGNAL_POLL'
D/wpa_supplicant( 2854): nl80211: survey data missing!
D/WifiHW  (  690): leave --> reply=RSSI=-64
D/WifiHW  (  690): LINKSPEED=65
D/WifiHW  (  690): NOISE=9999
D/WifiHW  (  690): FREQUENCY=2412
D/WifiHW  (  690): 
D/wifi    (  690): doStringCommand, buf IFNAME=wlan0 SIGNAL_POLL
I/WifiStateMachine(  690): fetchRssiAndLinkSpeedNative, newRssi:-64, newLinkSpeed:65, SSID:"Autohome Inc.-Staff"
V/ActivityManager(  690): Broadcast sticky: Intent { act=android.net.wifi.RSSI_CHANGED flg=0x4000010 (has extras) } ordered=false userid=-1 callerApp=ProcessRecord{428591d0 690:system/1000}
D/WifiWatchdogStateMachine(  690): RSSI current: 2 new: -64, 3
D/StatusBar.NetworkController(  741): slot=-10;action=android.net.wifi.RSSI_CHANGED
D/OpenGLRenderer(  741): prepareDirty (0.00, 0.00, 720.00, 50.00) opaque 0 <0x67356008>
D/OpenGLRenderer(  741): clear (0.00, 50 - 50.00 = 0.00, 720.00 - 0.00 = 720.00, 50.00 - 0.00 = 50.00) opaque 0 <0x67356008>
D/OpenGLRenderer(  741): finish <0x67356008>
I/BufferQueue(  141): [StatusBar](this:0xb86592d8,id:12,api:1,p:741,c:141) [queue] fps:0.14, dur:14710.92, max:14506.09, min:204.83
I/BufferQueue(  141): [StatusBar](this:0xb86592d8,id:12,api:1,p:741,c:141) [release] fps:0.14, dur:14715.44, max:14495.86, min:219.58
I/BufferQueue(  141): [FrameBufferSurface_0](this:0xb85fc1a8,id:0,api:1,p:141,c:141) [release] fps:0.14, dur:14715.29, max:14496.45, min:218.84
I/BufferQueue(  141): [FrameBufferSurface_0](this:0xb85fc1a8,id:0,api:1,p:141,c:141) [queue] fps:0.14, dur:14715.30, max:14496.54, min:218.76
I/SurfaceFlinger(  141): [Built-in Screen (type:0)] fps:0.135913,dur:14715.30,max:14496.60,min:218.70
I/thermal_repeater(  169): oh, queryMdThermalInfo (0)Success
I/thermal_repeater(  169): [recvMdThermalInfo] ret=23, strLen=127,  1, 32767,,, 36, 55, 36
D/WifiStateMachine(  690): ConnectedState{ when=-4ms what=131155 arg1=128 target=com.android.internal.util.StateMachine$SmHandler target=Handler (com.android.internal.util.StateMachine$SmHandler) {4339a0d0} }
D/WifiStateMachine(  690): L2ConnectedState{ when=-4ms what=131155 arg1=128 target=com.android.internal.util.StateMachine$SmHandler target=Handler (com.android.internal.util.StateMachine$SmHandler) {4339a0d0} }
D/WifiHW  (  690): enter -->wifi_send_command cmd=IFNAME=wlan0 SIGNAL_POLL
D/wpa_supplicant( 2854): RX ctrl_iface - hexdump(len=11): 53 49 47 4e 41 4c 5f 50 4f 4c 4c
D/wpa_supplicant( 2854): wlan0: Control interface command 'SIGNAL_POLL'
D/wpa_supplicant( 2854): nl80211: survey data missing!
D/WifiHW  (  690): leave --> reply=RSSI=-64
D/WifiHW  (  690): LINKSPEED=65
D/WifiHW  (  690): NOISE=9999
D/WifiHW  (  690): FREQUENCY=2412
D/WifiHW  (  690): 
D/wifi    (  690): doStringCommand, buf IFNAME=wlan0 SIGNAL_POLL
I/WifiStateMachine(  690): fetchRssiAndLinkSpeedNative, newRssi:-64, newLinkSpeed:65, SSID:"Autohome Inc.-Staff"
I/thermal_repeater(  169): oh, queryMdThermalInfo (0)Success
I/thermal_repeater(  169): [recvMdThermalInfo] ret=23, strLen=127,  1, 32767,,, 36, 55, 36
D/WifiStateMachine(  690): ConnectedState{ when=-3ms what=131155 arg1=128 target=com.android.internal.util.StateMachine$SmHandler target=Handler (com.android.internal.util.StateMachine$SmHandler) {4339a0d0} }
D/WifiStateMachine(  690): L2ConnectedState{ when=-3ms what=131155 arg1=128 target=com.android.internal.util.StateMachine$SmHandler target=Handler (com.android.internal.util.StateMachine$SmHandler) {4339a0d0} }
D/WifiHW  (  690): enter -->wifi_send_command cmd=IFNAME=wlan0 SIGNAL_POLL
D/wpa_supplicant( 2854): RX ctrl_iface - hexdump(len=11): 53 49 47 4e 41 4c 5f 50 4f 4c 4c
D/wpa_supplicant( 2854): wlan0: Control interface command 'SIGNAL_POLL'
D/wpa_supplicant( 2854): nl80211: survey data missing!
D/WifiHW  (  690): leave --> reply=RSSI=-66
D/WifiHW  (  690): LINKSPEED=65
D/WifiHW  (  690): NOISE=9999
D/WifiHW  (  690): FREQUENCY=2412
D/WifiHW  (  690): 
D/wifi    (  690): doStringCommand, buf IFNAME=wlan0 SIGNAL_POLL
I/WifiStateMachine(  690): fetchRssiAndLinkSpeedNative, newRssi:-66, newLinkSpeed:65, SSID:"Autohome Inc.-Staff"
D/WifiStateMachine(  690): ConnectedState{ when=-3ms what=131155 arg1=128 target=com.android.internal.util.StateMachine$SmHandler target=Handler (com.android.internal.util.StateMachine$SmHandler) {4339a0d0} }
D/WifiStateMachine(  690): L2ConnectedState{ when=-3ms what=131155 arg1=128 target=com.android.internal.util.StateMachine$SmHandler target=Handler (com.android.internal.util.StateMachine$SmHandler) {4339a0d0} }
D/WifiHW  (  690): enter -->wifi_send_command cmd=IFNAME=wlan0 SIGNAL_POLL
D/wpa_supplicant( 2854): RX ctrl_iface - hexdump(len=11): 53 49 47 4e 41 4c 5f 50 4f 4c 4c
D/wpa_supplicant( 2854): wlan0: Control interface command 'SIGNAL_POLL'
D/wpa_supplicant( 2854): nl80211: survey data missing!
D/WifiHW  (  690): leave --> reply=RSSI=-66
D/WifiHW  (  690): LINKSPEED=65
D/WifiHW  (  690): NOISE=9999
D/WifiHW  (  690): FREQUENCY=2412
D/WifiHW  (  690): 
D/wifi    (  690): doStringCommand, buf IFNAME=wlan0 SIGNAL_POLL
I/WifiStateMachine(  690): fetchRssiAndLinkSpeedNative, newRssi:-66, newLinkSpeed:65, SSID:"Autohome Inc.-Staff"
D/StatusBar.NetworkController(  741): onSignalStrengthsChanged received on slotId :0signalStrength=SignalStrength:SIM1 28 99 -120 -160 -120 0 -1 99 255 255 255 2147483647 gsm|lte -226 1 1 level=5 cdmdlevel=0 evdolevel=0
V/ActivityManager(  690): Broadcast sticky: Intent { act=android.intent.action.SIG_STR flg=0x20000010 (has extras) } ordered=false userid=-1 callerApp=ProcessRecord{428591d0 690:system/1000}
I/thermal_repeater(  169): oh, queryMdThermalInfo (0)Success
I/thermal_repeater(  169): [recvMdThermalInfo] ret=23, strLen=127,  1, 32767,,, 36, 55, 36
D/AES     (  690): AEEIOCTL_RT_MON_Kick IOCTL,lParam=0. 
D/InputReader(  690): InputReader::monitor: lock
D/InputReader(  690): InputReader::monitor: wait 
D/InputReader(  690): InputReader::monitor: unlock
D/InputReader(  690): InputReader::monitor: done
V/Provider/Settings(  690): get setting for user 0 by user 0 so skipping cache
V/Provider/Settings(  690):  from settings cache , name = sys_free_storage_log_interval , value = null
V/Provider/Settings(  690): get setting for user 0 by user 0 so skipping cache
V/Provider/Settings(  690):  from settings cache , name = disk_free_change_reporting_threshold , value = null
D/WifiStateMachine(  690): ConnectedState{ when=-3ms what=131155 arg1=128 target=com.android.internal.util.StateMachine$SmHandler target=Handler (com.android.internal.util.StateMachine$SmHandler) {4339a0d0} }
D/WifiStateMachine(  690): L2ConnectedState{ when=-3ms what=131155 arg1=128 target=com.android.internal.util.StateMachine$SmHandler target=Handler (com.android.internal.util.StateMachine$SmHandler) {4339a0d0} }
D/WifiHW  (  690): enter -->wifi_send_command cmd=IFNAME=wlan0 SIGNAL_POLL
D/wpa_supplicant( 2854): RX ctrl_iface - hexdump(len=11): 53 49 47 4e 41 4c 5f 50 4f 4c 4c
D/wpa_supplicant( 2854): wlan0: Control interface command 'SIGNAL_POLL'
D/wpa_supplicant( 2854): nl80211: survey data missing!
D/WifiHW  (  690): leave --> reply=RSSI=-67
D/WifiHW  (  690): LINKSPEED=65
D/WifiHW  (  690): NOISE=9999
D/WifiHW  (  690): FREQUENCY=2412
D/WifiHW  (  690): 
D/wifi    (  690): doStringCommand, buf IFNAME=wlan0 SIGNAL_POLL
I/WifiStateMachine(  690): fetchRssiAndLinkSpeedNative, newRssi:-67, newLinkSpeed:65, SSID:"Autohome Inc.-Staff"
V/ActivityManager(  690): Broadcast sticky: Intent { act=android.net.wifi.RSSI_CHANGED flg=0x4000010 (has extras) } ordered=false userid=-1 callerApp=ProcessRecord{428591d0 690:system/1000}
D/WifiWatchdogStateMachine(  690): RSSI current: 3 new: -67, 2
D/StatusBar.NetworkController(  741): slot=-10;action=android.net.wifi.RSSI_CHANGED
D/OpenGLRenderer(  741): prepareDirty (0.00, 0.00, 720.00, 50.00) opaque 0 <0x67356008>
D/OpenGLRenderer(  741): clear (0.00, 50 - 50.00 = 0.00, 720.00 - 0.00 = 720.00, 50.00 - 0.00 = 50.00) opaque 0 <0x67356008>
D/OpenGLRenderer(  741): finish <0x67356008>
I/BufferQueue(  141): [StatusBar](this:0xb86592d8,id:12,api:1,p:741,c:141) [queue] fps:0.08, dur:12076.04, max:12076.04, min:12076.04
I/BufferQueue(  141): [StatusBar](this:0xb86592d8,id:12,api:1,p:741,c:141) [release] fps:0.08, dur:12076.56, max:12076.56, min:12076.56
I/BufferQueue(  141): [FrameBufferSurface_0](this:0xb85fc1a8,id:0,api:1,p:141,c:141) [release] fps:0.08, dur:12076.57, max:12076.57, min:12076.57
I/BufferQueue(  141): [FrameBufferSurface_0](this:0xb85fc1a8,id:0,api:1,p:141,c:141) [queue] fps:0.08, dur:12076.57, max:12076.57, min:12076.57
I/SurfaceFlinger(  141): [Built-in Screen (type:0)] fps:0.082805,dur:12076.57,max:12076.57,min:12076.57
D/WifiStateMachine(  690): ConnectedState{ when=-3ms what=131155 arg1=128 target=com.android.internal.util.StateMachine$SmHandler target=Handler (com.android.internal.util.StateMachine$SmHandler) {4339a0d0} }
D/WifiStateMachine(  690): L2ConnectedState{ when=-4ms what=131155 arg1=128 target=com.android.internal.util.StateMachine$SmHandler target=Handler (com.android.internal.util.StateMachine$SmHandler) {4339a0d0} }
D/WifiHW  (  690): enter -->wifi_send_command cmd=IFNAME=wlan0 SIGNAL_POLL
D/wpa_supplicant( 2854): RX ctrl_iface - hexdump(len=11): 53 49 47 4e 41 4c 5f 50 4f 4c 4c
D/wpa_supplicant( 2854): wlan0: Control interface command 'SIGNAL_POLL'
D/wpa_supplicant( 2854): nl80211: survey data missing!
D/WifiHW  (  690): leave --> reply=RSSI=-67
D/WifiHW  (  690): LINKSPEED=65
D/WifiHW  (  690): NOISE=9999
D/WifiHW  (  690): FREQUENCY=2412
D/WifiHW  (  690): 
D/wifi    (  690): doStringCommand, buf IFNAME=wlan0 SIGNAL_POLL
I/WifiStateMachine(  690): fetchRssiAndLinkSpeedNative, newRssi:-67, newLinkSpeed:65, SSID:"Autohome Inc.-Staff"
I/thermal_repeater(  169): oh, queryMdThermalInfo (0)Success
I/thermal_repeater(  169): [recvMdThermalInfo] ret=23, strLen=127,  1, 32767,,, 36, 55, 36
D/WifiStateMachine(  690): ConnectedState{ when=-1ms what=131155 arg1=128 target=com.android.internal.util.StateMachine$SmHandler target=Handler (com.android.internal.util.StateMachine$SmHandler) {4339a0d0} }
D/WifiStateMachine(  690): L2ConnectedState{ when=-1ms what=131155 arg1=128 target=com.android.internal.util.StateMachine$SmHandler target=Handler (com.android.internal.util.StateMachine$SmHandler) {4339a0d0} }
D/WifiHW  (  690): enter -->wifi_send_command cmd=IFNAME=wlan0 SIGNAL_POLL
D/wpa_supplicant( 2854): RX ctrl_iface - hexdump(len=11): 53 49 47 4e 41 4c 5f 50 4f 4c 4c
D/wpa_supplicant( 2854): wlan0: Control interface command 'SIGNAL_POLL'
D/wpa_supplicant( 2854): nl80211: survey data missing!
D/WifiHW  (  690): leave --> reply=RSSI=-68
D/WifiHW  (  690): LINKSPEED=65
D/WifiHW  (  690): NOISE=9999
D/WifiHW  (  690): FREQUENCY=2412
D/WifiHW  (  690): 
D/wifi    (  690): doStringCommand, buf IFNAME=wlan0 SIGNAL_POLL
I/WifiStateMachine(  690): fetchRssiAndLinkSpeedNative, newRssi:-68, newLinkSpeed:65, SSID:"Autohome Inc.-Staff"
D/StatusBar.NetworkController(  741): onSignalStrengthsChanged received on slotId :0signalStrength=SignalStrength:SIM1 29 99 -120 -160 -120 0 -1 99 255 255 255 2147483647 gsm|lte -219 1 1 level=5 cdmdlevel=0 evdolevel=0
V/ActivityManager(  690): Broadcast sticky: Intent { act=android.intent.action.SIG_STR flg=0x20000010 (has extras) } ordered=false userid=-1 callerApp=ProcessRecord{428591d0 690:system/1000}
I/thermal_repeater(  169): oh, queryMdThermalInfo (0)Success
I/thermal_repeater(  169): [recvMdThermalInfo] ret=23, strLen=127,  1, 32767,,, 36, 55, 36
D/WifiStateMachine(  690): ConnectedState{ when=-3ms what=131155 arg1=128 target=com.android.internal.util.StateMachine$SmHandler target=Handler (com.android.internal.util.StateMachine$SmHandler) {4339a0d0} }
D/WifiStateMachine(  690): L2ConnectedState{ when=-3ms what=131155 arg1=128 target=com.android.internal.util.StateMachine$SmHandler target=Handler (com.android.internal.util.StateMachine$SmHandler) {4339a0d0} }
D/WifiHW  (  690): enter -->wifi_send_command cmd=IFNAME=wlan0 SIGNAL_POLL
D/wpa_supplicant( 2854): RX ctrl_iface - hexdump(len=11): 53 49 47 4e 41 4c 5f 50 4f 4c 4c
D/wpa_supplicant( 2854): wlan0: Control interface command 'SIGNAL_POLL'
D/wpa_supplicant( 2854): nl80211: survey data missing!
D/WifiHW  (  690): leave --> reply=RSSI=-68
D/WifiHW  (  690): LINKSPEED=65
D/WifiHW  (  690): NOISE=9999
D/WifiHW  (  690): FREQUENCY=2412
D/WifiHW  (  690): 
D/wifi    (  690): doStringCommand, buf IFNAME=wlan0 SIGNAL_POLL
I/WifiStateMachine(  690): fetchRssiAndLinkSpeedNative, newRssi:-68, newLinkSpeed:65, SSID:"Autohome Inc.-Staff"
D/ConnectivityService(  690): getActiveNetworkInfo:NetworkInfo: type: WIFI[], state: CONNECTED/CONNECTED, reason: (unspecified), extra: "Autohome Inc.-Staff", roaming: false, failover: false, isAvailable: true, isConnectedToProvisioningNetwork: false, simId: 0/10027
D/ConnectivityService(  690): getActiveNetworkInfo:NetworkInfo: type: WIFI[], state: CONNECTED/CONNECTED, reason: (unspecified), extra: "Autohome Inc.-Staff", roaming: false, failover: false, isAvailable: true, isConnectedToProvisioningNetwork: false, simId: 0/10027
V/Provider/Settings( 1201): get setting for user 0 by user 0 so skipping cache
V/Provider/Settings( 1201):  from settings cache , name = device_provisioned , value = 1
D/WifiStateMachine(  690): ConnectedState{ when=-3ms what=131155 arg1=128 target=com.android.internal.util.StateMachine$SmHandler target=Handler (com.android.internal.util.StateMachine$SmHandler) {4339a0d0} }
D/WifiStateMachine(  690): L2ConnectedState{ when=-4ms what=131155 arg1=128 target=com.android.internal.util.StateMachine$SmHandler target=Handler (com.android.internal.util.StateMachine$SmHandler) {4339a0d0} }
D/WifiHW  (  690): enter -->wifi_send_command cmd=IFNAME=wlan0 SIGNAL_POLL
D/wpa_supplicant( 2854): RX ctrl_iface - hexdump(len=11): 53 49 47 4e 41 4c 5f 50 4f 4c 4c
D/wpa_supplicant( 2854): wlan0: Control interface command 'SIGNAL_POLL'
D/wpa_supplicant( 2854): nl80211: survey data missing!
D/WifiHW  (  690): leave --> reply=RSSI=-67
D/WifiHW  (  690): LINKSPEED=65
D/WifiHW  (  690): NOISE=9999
D/WifiHW  (  690): FREQUENCY=2412
D/WifiHW  (  690): 
D/wifi    (  690): doStringCommand, buf IFNAME=wlan0 SIGNAL_POLL
I/WifiStateMachine(  690): fetchRssiAndLinkSpeedNative, newRssi:-67, newLinkSpeed:65, SSID:"Autohome Inc.-Staff"
I/thermal_repeater(  169): oh, queryMdThermalInfo (0)Success
I/thermal_repeater(  169): [recvMdThermalInfo] ret=23, strLen=127,  1, 32767,,, 36, 55, 36
D/BatteryService(  690): mBatteryVoltage=3902, batteryLevel=50
V/ActivityManager(  690): Broadcast sticky: Intent { act=android.intent.action.BATTERY_CHANGED flg=0x60000010 (has extras) } ordered=false userid=-1 callerApp=null
D/PowerManagerService(  690): updateIsPoweredLocked: wasPowered=true, mIsPowered=true, oldPlugType=2, mPlugType=2, mBatteryLevel=49
D/PowerManagerService(  690): handleSandman: canDream=true, mWakefulness=Awake
D/WifiService(  690): onReceive, action:android.intent.action.BATTERY_CHANGED
D/UsbDeviceManager(  690): onReceive - BATTERY_CHANGED - mPlugType: 2, mSettingUsbCharging: false, mConnected: true, mSettingUsbBicr: false
D/WifiController(  690): DeviceActiveState{ when=-1ms what=155652 arg1=2 target=com.android.internal.util.StateMachine$SmHandler target=Handler (com.android.internal.util.StateMachine$SmHandler) {433ae9f8} }
D/WifiController(  690): StaEnabledState{ when=-1ms what=155652 arg1=2 target=com.android.internal.util.StateMachine$SmHandler target=Handler (com.android.internal.util.StateMachine$SmHandler) {433ae9f8} }
D/WifiController(  690): DefaultState{ when=-2ms what=155652 arg1=2 target=com.android.internal.util.StateMachine$SmHandler target=Handler (com.android.internal.util.StateMachine$SmHandler) {433ae9f8} }
D/WifiController(  690): battery changed pluggedType: 2
I/InfoCollectManager( 1366): ACTION:android.intent.action.BATTERY_CHANGED
D/OpenGLRenderer(  741): prepareDirty (0.00, 0.00, 720.00, 50.00) opaque 0 <0x67356008>
D/OpenGLRenderer(  741): clear (0.00, 50 - 50.00 = 0.00, 720.00 - 0.00 = 720.00, 50.00 - 0.00 = 50.00) opaque 0 <0x67356008>
D/OpenGLRenderer(  741): finish <0x67356008>
I/BufferQueue(  141): [StatusBar](this:0xb86592d8,id:12,api:1,p:741,c:141) [queue] fps:0.07, dur:13411.43, max:13411.43, min:13411.43
V/MiCloudSyncStateObserver(13951): broadcast received
V/MiCloudSyncStateObserver(13951): battery changed
I/BufferQueue(  141): [StatusBar](this:0xb86592d8,id:12,api:1,p:741,c:141) [release] fps:0.07, dur:13414.04, max:13414.04, min:13414.04
I/BufferQueue(  141): [FrameBufferSurface_0](this:0xb85fc1a8,id:0,api:1,p:141,c:141) [release] fps:0.07, dur:13413.42, max:13413.42, min:13413.42
I/BufferQueue(  141): [FrameBufferSurface_0](this:0xb85fc1a8,id:0,api:1,p:141,c:141) [queue] fps:0.07, dur:13413.38, max:13413.38, min:13413.38
I/SurfaceFlinger(  141): [Built-in Screen (type:0)] fps:0.074553,dur:13413.34,max:13413.34,min:13413.34
D/WifiStateMachine(  690): ConnectedState{ when=-3ms what=131155 arg1=128 target=com.android.internal.util.StateMachine$SmHandler target=Handler (com.android.internal.util.StateMachine$SmHandler) {4339a0d0} }
D/WifiStateMachine(  690): L2ConnectedState{ when=-4ms what=131155 arg1=128 target=com.android.internal.util.StateMachine$SmHandler target=Handler (com.android.internal.util.StateMachine$SmHandler) {4339a0d0} }
D/WifiHW  (  690): enter -->wifi_send_command cmd=IFNAME=wlan0 SIGNAL_POLL
D/wpa_supplicant( 2854): RX ctrl_iface - hexdump(len=11): 53 49 47 4e 41 4c 5f 50 4f 4c 4c
D/wpa_supplicant( 2854): wlan0: Control interface command 'SIGNAL_POLL'
D/wpa_supplicant( 2854): nl80211: survey data missing!
D/WifiHW  (  690): leave --> reply=RSSI=-67
D/WifiHW  (  690): LINKSPEED=65
D/WifiHW  (  690): NOISE=9999
D/WifiHW  (  690): FREQUENCY=2412
D/WifiHW  (  690): 
D/wifi    (  690): doStringCommand, buf IFNAME=wlan0 SIGNAL_POLL
I/WifiStateMachine(  690): fetchRssiAndLinkSpeedNative, newRssi:-67, newLinkSpeed:65, SSID:"Autohome Inc.-Staff"
D/StatusBar.NetworkController(  741): onSignalStrengthsChanged received on slotId :0signalStrength=SignalStrength:SIM1 26 99 -120 -160 -120 0 -1 99 255 255 255 2147483647 gsm|lte -238 1 1 level=5 cdmdlevel=0 evdolevel=0
V/ActivityManager(  690): Broadcast sticky: Intent { act=android.intent.action.SIG_STR flg=0x20000010 (has extras) } ordered=false userid=-1 callerApp=ProcessRecord{428591d0 690:system/1000}
I/thermal_repeater(  169): oh, queryMdThermalInfo (0)Success
I/thermal_repeater(  169): [recvMdThermalInfo] ret=23, strLen=127,  1, 32767,,, 36, 55, 36
D/WifiStateMachine(  690): ConnectedState{ when=-1ms what=131155 arg1=128 target=com.android.internal.util.StateMachine$SmHandler target=Handler (com.android.internal.util.StateMachine$SmHandler) {4339a0d0} }
D/WifiStateMachine(  690): L2ConnectedState{ when=-1ms what=131155 arg1=128 target=com.android.internal.util.StateMachine$SmHandler target=Handler (com.android.internal.util.StateMachine$SmHandler) {4339a0d0} }
D/WifiHW  (  690): enter -->wifi_send_command cmd=IFNAME=wlan0 SIGNAL_POLL
D/wpa_supplicant( 2854): RX ctrl_iface - hexdump(len=11): 53 49 47 4e 41 4c 5f 50 4f 4c 4c
D/wpa_supplicant( 2854): wlan0: Control interface command 'SIGNAL_POLL'
D/wpa_supplicant( 2854): nl80211: survey data missing!
D/WifiHW  (  690): leave --> reply=RSSI=-67
D/WifiHW  (  690): LINKSPEED=65
D/WifiHW  (  690): NOISE=9999
D/WifiHW  (  690): FREQUENCY=2412
D/WifiHW  (  690): 
D/wifi    (  690): doStringCommand, buf IFNAME=wlan0 SIGNAL_POLL
I/WifiStateMachine(  690): fetchRssiAndLinkSpeedNative, newRssi:-67, newLinkSpeed:65, SSID:"Autohome Inc.-Staff"
D/WifiStateMachine(  690): ConnectedState{ when=-4ms what=131155 arg1=128 target=com.android.internal.util.StateMachine$SmHandler target=Handler (com.android.internal.util.StateMachine$SmHandler) {4339a0d0} }
D/WifiStateMachine(  690): L2ConnectedState{ when=-4ms what=131155 arg1=128 target=com.android.internal.util.StateMachine$SmHandler target=Handler (com.android.internal.util.StateMachine$SmHandler) {4339a0d0} }
D/WifiHW  (  690): enter -->wifi_send_command cmd=IFNAME=wlan0 SIGNAL_POLL
D/wpa_supplicant( 2854): RX ctrl_iface - hexdump(len=11): 53 49 47 4e 41 4c 5f 50 4f 4c 4c
D/wpa_supplicant( 2854): wlan0: Control interface command 'SIGNAL_POLL'
D/wpa_supplicant( 2854): nl80211: survey data missing!
D/WifiHW  (  690): leave --> reply=RSSI=-67
D/WifiHW  (  690): LINKSPEED=65
D/WifiHW  (  690): NOISE=9999
D/WifiHW  (  690): FREQUENCY=2412
D/WifiHW  (  690): 
D/wifi    (  690): doStringCommand, buf IFNAME=wlan0 SIGNAL_POLL
I/WifiStateMachine(  690): fetchRssiAndLinkSpeedNative, newRssi:-67, newLinkSpeed:65, SSID:"Autohome Inc.-Staff"
I/thermal_repeater(  169): oh, queryMdThermalInfo (0)Success
I/thermal_repeater(  169): [recvMdThermalInfo] ret=23, strLen=127,  1, 32767,,, 36, 55, 36
D/LightsService(  690): setLight_native: light=3, colorARGB=0xff0000ff, flashMode=0, onMS=0, offMS=0, brightnessMode=0
D/lights  (  690): set_led_state colorRGB=FF0000FF, onMS=0, offMS=0
D/lights  (  690): blink_red, level=0, onMS=0, offMS=0
D/lights  (  690): write_int open fd=281
D/lights  (  690): blink_blue, level=255, onMS=0, offMS=0
D/lights  (  690): write_int open fd=281
I/octvm_klo( 1998): battery level changed:[batterylevel,voltage,temp]:[50,3902,310]
I/octvm_klo( 1998): update system cpu stats called
V/ActivityManager(  690): Broadcast sticky: Intent { act=android.intent.action.BATTERY_CHANGED flg=0x60000010 (has extras) } ordered=false userid=-1 callerApp=null
D/WifiService(  690): onReceive, action:android.intent.action.BATTERY_CHANGED
D/UsbDeviceManager(  690): onReceive - BATTERY_CHANGED - mPlugType: 2, mSettingUsbCharging: false, mConnected: true, mSettingUsbBicr: false
D/WifiController(  690): DeviceActiveState{ when=0 what=155652 arg1=2 target=com.android.internal.util.StateMachine$SmHandler target=Handler (com.android.internal.util.StateMachine$SmHandler) {433ae9f8} }
D/WifiController(  690): StaEnabledState{ when=-1ms what=155652 arg1=2 target=com.android.internal.util.StateMachine$SmHandler target=Handler (com.android.internal.util.StateMachine$SmHandler) {433ae9f8} }
D/WifiController(  690): DefaultState{ when=-1ms what=155652 arg1=2 target=com.android.internal.util.StateMachine$SmHandler target=Handler (com.android.internal.util.StateMachine$SmHandler) {433ae9f8} }
D/WifiController(  690): battery changed pluggedType: 2
D/PowerManagerService(  690): updateIsPoweredLocked: wasPowered=true, mIsPowered=true, oldPlugType=2, mPlugType=2, mBatteryLevel=50
D/PowerManagerService(  690): handleSandman: canDream=true, mWakefulness=Awake
I/InfoCollectManager( 1366): ACTION:android.intent.action.BATTERY_CHANGED
D/OpenGLRenderer(  741): prepareDirty (0.00, 0.00, 720.00, 50.00) opaque 0 <0x67356008>
D/OpenGLRenderer(  741): clear (0.00, 50 - 50.00 = 0.00, 720.00 - 0.00 = 720.00, 50.00 - 0.00 = 50.00) opaque 0 <0x67356008>
D/OpenGLRenderer(  741): finish <0x67356008>
I/BufferQueue(  141): [StatusBar](this:0xb86592d8,id:12,api:1,p:741,c:141) [queue] fps:0.10, dur:10015.11, max:10015.11, min:10015.11
I/BufferQueue(  141): [StatusBar](this:0xb86592d8,id:12,api:1,p:741,c:141) [release] fps:0.10, dur:10024.15, max:10024.15, min:10024.15
I/BufferQueue(  141): [FrameBufferSurface_0](this:0xb85fc1a8,id:0,api:1,p:141,c:141) [release] fps:0.10, dur:10024.63, max:10024.63, min:10024.63
I/BufferQueue(  141): [FrameBufferSurface_0](this:0xb85fc1a8,id:0,api:1,p:141,c:141) [queue] fps:0.10, dur:10024.64, max:10024.64, min:10024.64
I/SurfaceFlinger(  141): [Built-in Screen (type:0)] fps:0.099754,dur:10024.64,max:10024.64,min:10024.64
I/PowerUtils( 1397): Device name:HM2014501
I/PowerUtils( 1397): Device name:HM2014501
W/BatteryChargeTimeHelper( 1397): Use max, leftChargeTime 10666783 maxChargeTime 8800000
V/MiCloudSyncStateObserver(13951): broadcast received
V/MiCloudSyncStateObserver(13951): battery changed
V/NotificationService(  690): enqueueNotificationInternal: pkg=com.miui.securitycenter id=2131296947 notification=Notification(pri=0 contentView=com.miui.securitycenter/0x1090065 vibrate=null sound=null defaults=0x0 flags=0x20 kind=[null])
V/NotificationService(  690): Initial score is 0.
V/NotificationService(  690): Final score is 0.
V/MoMS.NotificationController(  690): notifications are enabled for com.miui.securitycenter
V/NotificationService(  690): Assigned score=0 to Notification(pri=0 contentView=com.miui.securitycenter/0x1090065 vibrate=null sound=null defaults=0x0 flags=0x20 kind=[null])
