D/PowerManagerService(  690): updateScreenStateLocked: mDisplayReady=true, newScreenState=2, mWakefulness=1, mWakeLockSummary=0x0, mUserActivitySummary=0x1, mBootCompleted=true
D/PowerManagerService(  690): Releasing suspend blocker "PowerManagerService.WakeLocks".
D/PowerManagerService(  690): handleSandman: canDream=true, mWakefulness=Awake
I/thermal_repeater(  169): oh, queryMdThermalInfo (0)Success
I/thermal_repeater(  169): [recvMdThermalInfo] ret=23, strLen=127,  1, 32767,,, 35, 55, 36
I/ANRManager(  690): updateProcessStats
D/ActivityThread(15624): SVC-Destroying service: com.tencent.mobileqq.app.CoreService$KernelService@428562e0
I/ActivityManager(  690): Killing 15624:com.tencent.mobileqq/u0a92 (adj 15): empty for 720s
D/DisplayManagerService(  690): Display listener for pid 15624 died.
D/WifiService(  690): Client connection lost with reason: 4
I/ANRManager(  690): CPU update time < 2.5sec
I/ANRManager(  690): updateProcessStats
I/ANRManager(  690): CPU update time < 2.5sec
I/ANRManager(  690): CPU update time < 2.5sec
I/thermal_repeater(  169): oh, queryMdThermalInfo (0)Success
I/thermal_repeater(  169): [recvMdThermalInfo] ret=23, strLen=127,  1, 32767,,, 35, 55, 36
I/thermal_repeater(  169): oh, queryMdThermalInfo (0)Success
I/thermal_repeater(  169): [recvMdThermalInfo] ret=23, strLen=127,  1, 32767,,, 35, 55, 36
I/thermal_repeater(  169): oh, queryMdThermalInfo (0)Success
I/thermal_repeater(  169): [recvMdThermalInfo] ret=23, strLen=127,  1, 32767,,, 35, 55, 36
I/ANRManager(  690): updateProcessStats
V/ActivityManager(  690): Broadcast sticky: Intent { act=android.intent.action.BATTERY_CHANGED flg=0x60000010 (has extras) } ordered=false userid=-1 callerApp=null
D/WifiService(  690): onReceive, action:android.intent.action.BATTERY_CHANGED
D/UsbDeviceManager(  690): onReceive - BATTERY_CHANGED - mPlugType: 2, mSettingUsbCharging: false, mConnected: true, mSettingUsbBicr: false
D/WifiController(  690): DeviceActiveState{ when=-1ms what=155652 arg1=2 target=com.android.internal.util.StateMachine$SmHandler target=Handler (com.android.internal.util.StateMachine$SmHandler) {433ae9f8} }
D/WifiController(  690): StaEnabledState{ when=-1ms what=155652 arg1=2 target=com.android.internal.util.StateMachine$SmHandler target=Handler (com.android.internal.util.StateMachine$SmHandler) {433ae9f8} }
D/WifiController(  690): DefaultState{ when=-2ms what=155652 arg1=2 target=com.android.internal.util.StateMachine$SmHandler target=Handler (com.android.internal.util.StateMachine$SmHandler) {433ae9f8} }
D/WifiController(  690): battery changed pluggedType: 2
D/PowerManagerService(  690): updateIsPoweredLocked: wasPowered=true, mIsPowered=true, oldPlugType=2, mPlugType=2, mBatteryLevel=47
D/PowerManagerService(  690): handleSandman: canDream=true, mWakefulness=Awake
V/ActivityManager(  690): Broadcast sticky: Intent { act=android.intent.action.SIG_STR flg=0x20000010 (has extras) } ordered=false userid=-1 callerApp=ProcessRecord{428591d0 690:system/1000}
I/thermal_repeater(  169): oh, queryMdThermalInfo (0)Success
I/thermal_repeater(  169): [recvMdThermalInfo] ret=23, strLen=127,  1, 32767,,, 35, 55, 36
I/thermal_repeater(  169): oh, queryMdThermalInfo (0)Success
I/thermal_repeater(  169): [recvMdThermalInfo] ret=23, strLen=127,  1, 32767,,, 35, 55, 36
V/ActivityManager(  690): Broadcast sticky: Intent { act=android.intent.action.SIG_STR flg=0x20000010 (has extras) } ordered=false userid=-1 callerApp=ProcessRecord{428591d0 690:system/1000}
I/thermal_repeater(  169): oh, queryMdThermalInfo (0)Success
I/thermal_repeater(  169): [recvMdThermalInfo] ret=23, strLen=127,  1, 32767,,, 35, 55, 36
I/thermal_repeater(  169): oh, queryMdThermalInfo (0)Success
I/thermal_repeater(  169): [recvMdThermalInfo] ret=23, strLen=127,  1, 32767,,, 35, 55, 36
I/thermal_repeater(  169): oh, queryMdThermalInfo (0)Success
I/thermal_repeater(  169): [recvMdThermalInfo] ret=23, strLen=127,  1, 32767,,, 35, 55, 36
D/MiuiUsbService(  690): Received public key: QAAAAGFFGE9f4YRrdevz7kkXfWJyxuLJni1B8IkDXG4j0fFEdA/5+HFkiXOVDRfjXYikd8vBoQkmBMliFGLRSRRHlXo9rlTLqsqatTBlFo4BRpF6aXaWBtbBbbPKtFxdaqTBZZo3nSk226DCkslhIz70sUsCuJD4M5hJn5J8IJ4WGOgZRlSw9FboarDJ3Bo1sDVKHKRveSp9Q5i38LjnbHU+tF6FgX3jcQ1D0fkVCHqK1ubkRpNKtfsVNJtZFbaNqS88Erbsn5yU8+7R92QOhHRl7HuvlvQQStC9GTlvWeEkRBklN1/TPI425RlsQZx3gGLy8KuhMAecBVCaDncAYBOf/mAccnzSkjnOo6RykWxKQswK06vmwtJiIcndcGsUbG9ZScan62ii6xE+9YT8Gw0mnNO/h3F3NEey7P9JW2vxQqppT1/pHp1DqBJ1baCa9g73RKI0xA4PC9eP2YWvLV180nOr+D+081KfL9XlspRCXR3DNAgF58If2VJo7d6SiteW1htJbWSUgb0Fo2kn8VUyvvhWHYcTqSGjD02goP9kDz4nr0UCps5IQrdLSxbLUjYcboKvemK4HP4fpHesOIQkoRVJ5ZTIZ2ZyndF0FQwll3XqJmTH4f5hAp3ni728ADWtlAm+3mbhsrhq5OYcrD/kvQGCD/2KQGw/cNSFBzuce0MXyGoZQQEAAQA= unknown@unknown
W/ContextImpl(  690): Calling a method in the system process without a qualified user: android.app.ContextImpl.startActivity:1176 com.miui.server.MiuiUsbService$UsbDebuggingManager.showConfirmationDialog:305 com.miui.server.MiuiUsbService$UsbDebuggingManager.access$800:107 com.miui.server.MiuiUsbService$UsbDebuggingManager$UsbDebuggingHandler.handleMessage:265 android.os.Handler.dispatchMessage:110 
W/ContextImpl(  690): Calling a method in the system process without a qualified user: android.app.ContextImpl.startActivity:1188 android.app.ContextImpl.startActivity:1177 com.miui.server.MiuiUsbService$UsbDebuggingManager.showConfirmationDialog:305 com.miui.server.MiuiUsbService$UsbDebuggingManager.access$800:107 com.miui.server.MiuiUsbService$UsbDebuggingManager$UsbDebuggingHandler.handleMessage:265 
V/SettingsProvider(  690): call(secure:access_control_lock_enabled) for 0
D/ActivityManager(  690): startActivityMayWait() with permission: android.permission.MANAGE_USB
I/ActivityManager(  690): START u0 {flg=0x10000000 cmp=com.android.systemui/.usb.UsbDebuggingActivity (has extras)} from pid 690
D/ActivityManager(  690): ACT-moveHomeTask toFront : false homeInFront = true
D/ActivityManager(  690): ACT-BMW, insertTaskAtTop fromHome = true lastStack = ActivityStack{432c35b8 stackId=0, 1 tasks} this = ActivityStack{438b7418 stackId=1, 9 tasks} topTask() = TaskRecord{433d1e48 #92 A=com.android.quicksearchbox U=0 sz=1}
D/ActivityManager(  690): ACT-BMW, insertTaskAtTop fromHome = true lastStack = ActivityStack{432c35b8 stackId=0, 1 tasks} this = ActivityStack{438b7418 stackId=1, 10 tasks} topTask() = TaskRecord{4356a478 #95 A=com.android.systemui U=0 sz=0}
D/PowerManagerService(  690): acquireWakeLockInternal: lock=1117081568, flags=0x1, tag="ActivityManager-Launch", ws=null, uid=1000, pid=690
D/PowerManagerNotifier(  690): onWakeLockAcquired: flags=1, tag="ActivityManager-Launch", packageName=android, ownerUid=1000, ownerPid=690, workSource=null
D/PowerManagerService(  690): updateWakeLockSummaryLocked: mWakefulness=Awake, mWakeLockSummary=0x1
D/PowerManagerService(  690): newScreenState = 2
D/PowerManagerDisplayController(  690): requestPowerState: screenState=2, useProximitySensor=false, forceProximitySensorEnable=false, forceWakeUpEnable=false, screenBrightness=96, screenAutoBrightnessAdjustment=0.0, useAutoBrightness=false, useEcoBrightness=false, blockScreenOn=false, waitForNegativeProximity=false
I/PowerManagerService(  690): setBrightness mButtonLight 0.
D/PowerManagerService(  690): updateScreenStateLocked: mDisplayReady=true, newScreenState=2, mWakefulness=1, mWakeLockSummary=0x1, mUserActivitySummary=0x1, mBootCompleted=true
D/PowerManagerService(  690): Acquiring suspend blocker "PowerManagerService.WakeLocks".
D/PowerManagerService(  690): handleSandman: canDream=true, mWakefulness=Awake
D/ActivityThread(23459): ACT-AM_ON_PAUSE_CALLED ActivityRecord{4280ef78 token=android.os.BinderProxy@4280e4c8 {com.miui.home/com.miui.home.launcher.Launcher}}
V/WindowManager(  690): Changing focus from Window{433cbdd8 u0 com.miui.home/com.miui.home.launcher.Launcher} to null Callers=com.android.server.wm.WindowManagerService.setFocusedApp:4448 com.android.server.am.ActivityManagerService.setFocusedActivityLocked:2416 com.android.server.am.ActivityStackSupervisor.startActivityUncheckedLocked:2212 com.android.server.am.ActivityStackSupervisor.startActivityLocked:1531 
I/WindowManager(  690): Losing focus: Window{433cbdd8 u0 com.miui.home/com.miui.home.launcher.Launcher}
V/ActivityManager(  690): ensureActivitiesVisibleLocked: consider front
V/ActivityManager(  690): ensureActivitiesVisibleLocked: consider back
V/ActivityManager(  690): ensureActivitiesVisibleLocked: consider front
V/ActivityManager(  690): ensureActivitiesVisibleLocked: consider back
W/ContextImpl( 1082): Calling a method in the system process without a qualified user: android.app.ContextImpl.sendBroadcast:1279 android.content.ContextWrapper.sendBroadcast:365 com.miui.whetstone.process.WtProcessController.notifyTargetForeground:1904 com.miui.whetstone.process.WtProcessController.notifyForegroundComponentChanged:591 com.miui.whetstone.process.WtProcessController.onAMRestartActivity:1222 
V/ActivityManager(  690): ACT-Activity idle: null
V/ActivityManager(  690): Broadcast: Intent { act=com.miui.intent.action.PROCESS_FOREGROUND_NOTIFY flg=0x10 pkg=com.xiaomi.vip (has extras) } ordered=false userid=0 callerApp=ProcessRecord{43227c30 1082:com.miui.whetstone/1000}
V/WindowManager(  690): Changing focus from null to Window{435ceaa0 u0 com.android.systemui/com.android.systemui.usb.UsbDebuggingActivity} Callers=com.android.server.wm.WindowManagerService.addWindow:2752 com.android.server.wm.Session.addToDisplay:163 android.view.IWindowSession$Stub.onTransact:111 com.android.server.wm.Session.onTransact:126 
I/WindowManager(  690): Gaining focus: Window{435ceaa0 u0 com.android.systemui/com.android.systemui.usb.UsbDebuggingActivity}
D/ActivityThread(  741): ACT-AM_ON_RESUME_CALLED ActivityRecord{430f53b8 token=android.os.BinderProxy@42e1e460 {com.android.systemui/com.android.systemui.usb.UsbDebuggingActivity}}
V/ActivityManager(  690): ACT-Activity idle: Token{42bc3888 ActivityRecord{42a137a8 u0 com.android.systemui/.usb.UsbDebuggingActivity t95}}
D/PowerManagerService(  690): releaseWakeLockInternal: lock=1117081568 [ActivityManager-Launch], flags=0x0, total_time=84658076ms
D/PowerManagerNotifier(  690): onWakeLockReleased: flags=1, tag="ActivityManager-Launch", packageName=android, ownerUid=1000, ownerPid=690, workSource=null
D/PowerManagerService(  690): updateWakeLockSummaryLocked: mWakefulness=Awake, mWakeLockSummary=0x0
D/PowerManagerService(  690): newScreenState = 2
D/PowerManagerDisplayController(  690): requestPowerState: screenState=2, useProximitySensor=false, forceProximitySensorEnable=false, forceWakeUpEnable=false, screenBrightness=96, screenAutoBrightnessAdjustment=0.0, useAutoBrightness=false, useEcoBrightness=false, blockScreenOn=false, waitForNegativeProximity=false
I/PowerManagerService(  690): setBrightness mButtonLight 0.
D/PowerManagerService(  690): updateScreenStateLocked: mDisplayReady=true, newScreenState=2, mWakefulness=1, mWakeLockSummary=0x0, mUserActivitySummary=0x1, mBootCompleted=true
D/PowerManagerService(  690): Releasing suspend blocker "PowerManagerService.WakeLocks".
V/ActivityManager(  690): ensureActivitiesVisibleLocked: consider front
D/PowerManagerService(  690): handleSandman: canDream=true, mWakefulness=Awake
V/ActivityManager(  690): ensureActivitiesVisibleLocked: consider back
I/thermal_repeater(  169): oh, queryMdThermalInfo (0)Success
I/thermal_repeater(  169): [recvMdThermalInfo] ret=23, strLen=127,  1, 32767,,, 35, 55, 36
D/ActivityManager(  690): ACT-windowsVisible(): ActivityRecord{42a137a8 u0 com.android.systemui/.usb.UsbDebuggingActivity t95}
D/ActivityManager(  690): ACT-IDLE_NOW_MSG from windowsVisible() for idle: ActivityRecord{42a137a8 u0 com.android.systemui/.usb.UsbDebuggingActivity t95}
V/ActivityManager(  690): ACT-Activity idle: null
V/ActivityManager(  690): ensureActivitiesVisibleLocked: consider front
V/ActivityManager(  690): ensureActivitiesVisibleLocked: consider back
V/ActivityManager(  690): Broadcast sticky: Intent { act=android.intent.action.BATTERY_CHANGED flg=0x60000010 (has extras) } ordered=false userid=-1 callerApp=null
D/WifiService(  690): onReceive, action:android.intent.action.BATTERY_CHANGED
D/UsbDeviceManager(  690): onReceive - BATTERY_CHANGED - mPlugType: 2, mSettingUsbCharging: false, mConnected: true, mSettingUsbBicr: false
D/WifiController(  690): DeviceActiveState{ when=-1ms what=155652 arg1=2 target=com.android.internal.util.StateMachine$SmHandler target=Handler (com.android.internal.util.StateMachine$SmHandler) {433ae9f8} }
D/WifiController(  690): StaEnabledState{ when=-1ms what=155652 arg1=2 target=com.android.internal.util.StateMachine$SmHandler target=Handler (com.android.internal.util.StateMachine$SmHandler) {433ae9f8} }
D/WifiController(  690): DefaultState{ when=-1ms what=155652 arg1=2 target=com.android.internal.util.StateMachine$SmHandler target=Handler (com.android.internal.util.StateMachine$SmHandler) {433ae9f8} }
D/WifiController(  690): battery changed pluggedType: 2
D/PowerManagerService(  690): updateIsPoweredLocked: wasPowered=true, mIsPowered=true, oldPlugType=2, mPlugType=2, mBatteryLevel=47
D/PowerManagerService(  690): handleSandman: canDream=true, mWakefulness=Awake
D/PowerManagerService(  690): userActivityFromNative
D/PowerManagerService(  690): userActivityNoUpdateLocked: eventTime=84661505, event=2, flags=0x0, uid=1000
D/PowerManagerNotifier(  690): onUserActivity: event=2, uid=1000
D/PowerManagerService(  690): updateUserActivitySummaryLocked: mWakefulness=Awake, mUserActivitySummary=0x1, nextTimeout=85254505 (in 592997 ms)
D/PowerManagerService(  690): newScreenState = 2
D/PowerManagerDisplayController(  690): requestPowerState: screenState=2, useProximitySensor=false, forceProximitySensorEnable=false, forceWakeUpEnable=false, screenBrightness=96, screenAutoBrightnessAdjustment=0.0, useAutoBrightness=false, useEcoBrightness=false, blockScreenOn=false, waitForNegativeProximity=false
I/PowerManagerService(  690): setBrightness mButtonLight 0.
D/PowerManagerService(  690): updateScreenStateLocked: mDisplayReady=true, newScreenState=2, mWakefulness=1, mWakeLockSummary=0x0, mUserActivitySummary=0x1, mBootCompleted=true
D/PowerManagerService(  690): handleSandman: canDream=true, mWakefulness=Awake
D/PowerManagerService(  690): acquireWakeLockInternal: lock=1117081568, flags=0x1, tag="ActivityManager-Launch", ws=null, uid=1000, pid=690
D/PowerManagerNotifier(  690): onWakeLockAcquired: flags=1, tag="ActivityManager-Launch", packageName=android, ownerUid=1000, ownerPid=690, workSource=null
D/PowerManagerService(  690): updateWakeLockSummaryLocked: mWakefulness=Awake, mWakeLockSummary=0x1
D/PowerManagerService(  690): newScreenState = 2
D/PowerManagerDisplayController(  690): requestPowerState: screenState=2, useProximitySensor=false, forceProximitySensorEnable=false, forceWakeUpEnable=false, screenBrightness=96, screenAutoBrightnessAdjustment=0.0, useAutoBrightness=false, useEcoBrightness=false, blockScreenOn=false, waitForNegativeProximity=false
I/PowerManagerService(  690): setBrightness mButtonLight 0.
D/PowerManagerService(  690): updateScreenStateLocked: mDisplayReady=true, newScreenState=2, mWakefulness=1, mWakeLockSummary=0x1, mUserActivitySummary=0x1, mBootCompleted=true
D/PowerManagerService(  690): Acquiring suspend blocker "PowerManagerService.WakeLocks".
D/PowerManagerService(  690): handleSandman: canDream=true, mWakefulness=Awake
V/WindowManager(  690): Changing focus from Window{435ceaa0 u0 com.android.systemui/com.android.systemui.usb.UsbDebuggingActivity EXITING} to Window{433cbdd8 u0 com.miui.home/com.miui.home.launcher.Launcher} Callers=com.android.server.wm.WindowManagerService.removeWindowLocked:2857 com.android.server.wm.WindowManagerService.removeWindow:2796 com.android.server.wm.Session.remove:182 android.view.IWindowSession$Stub.onTransact:197 
I/WindowManager(  690): Gaining focus: Window{433cbdd8 u0 com.miui.home/com.miui.home.launcher.Launcher}
I/WindowManager(  690): Losing focus: Window{435ceaa0 u0 com.android.systemui/com.android.systemui.usb.UsbDebuggingActivity EXITING}
D/ActivityThread(  741): ACT-AM_ON_PAUSE_CALLED ActivityRecord{430f53b8 token=android.os.BinderProxy@42e1e460 {com.android.systemui/com.android.systemui.usb.UsbDebuggingActivity}}
D/ActivityManager(  690): ACT-moveNextFloatingStackToTopLocked next = null curTop = null mStackState = STACK_STATE_HOME_IN_BACK
D/ActivityManager(  690): ACT-moveHomeTask toFront : true homeInFront = false
V/ActivityManager(  690): ensureActivitiesVisibleLocked: consider front
V/ActivityManager(  690): ensureActivitiesVisibleLocked: consider back
V/ActivityManager(  690): ensureActivitiesVisibleLocked: consider front
V/ActivityManager(  690): ensureActivitiesVisibleLocked: consider back
W/ContextImpl( 1082): Calling a method in the system process without a qualified user: android.app.ContextImpl.sendBroadcast:1279 android.content.ContextWrapper.sendBroadcast:365 com.miui.whetstone.process.WtProcessController.notifyTargetForeground:1904 com.miui.whetstone.process.WtProcessController.notifyForegroundComponentChanged:591 com.miui.whetstone.process.WtProcessController.onAMResumeActivity:1234 
V/InputMethodManagerService(  690): windowGainedFocus: android.os.BinderProxy@4344a3f0 controlFlags=#1 softInputMode=#23 windowFlags=#5900100
D/ActivityThread(23459): ACT-AM_ON_RESUME_CALLED ActivityRecord{4280ef78 token=android.os.BinderProxy@4280e4c8 {com.miui.home/com.miui.home.launcher.Launcher}}
V/ActivityManager(  690): Broadcast: Intent { act=com.miui.intent.action.PROCESS_FOREGROUND_NOTIFY flg=0x10 pkg=com.xiaomi.vip (has extras) } ordered=false userid=0 callerApp=ProcessRecord{43227c30 1082:com.miui.whetstone/1000}
V/ActivityManager(  690): ACT-Activity idle: Token{434cf4d0 ActivityRecord{434cf300 u0 com.miui.home/.launcher.Launcher t1}}
D/PowerManagerService(  690): releaseWakeLockInternal: lock=1117081568 [ActivityManager-Launch], flags=0x0, total_time=84661636ms
D/PowerManagerNotifier(  690): onWakeLockReleased: flags=1, tag="ActivityManager-Launch", packageName=android, ownerUid=1000, ownerPid=690, workSource=null
D/PowerManagerService(  690): updateWakeLockSummaryLocked: mWakefulness=Awake, mWakeLockSummary=0x0
D/PowerManagerService(  690): newScreenState = 2
D/PowerManagerDisplayController(  690): requestPowerState: screenState=2, useProximitySensor=false, forceProximitySensorEnable=false, forceWakeUpEnable=false, screenBrightness=96, screenAutoBrightnessAdjustment=0.0, useAutoBrightness=false, useEcoBrightness=false, blockScreenOn=false, waitForNegativeProximity=false
I/PowerManagerService(  690): setBrightness mButtonLight 0.
D/PowerManagerService(  690): updateScreenStateLocked: mDisplayReady=true, newScreenState=2, mWakefulness=1, mWakeLockSummary=0x0, mUserActivitySummary=0x1, mBootCompleted=true
D/PowerManagerService(  690): Releasing suspend blocker "PowerManagerService.WakeLocks".
V/ActivityManager(  690): ensureActivitiesVisibleLocked: consider front
V/ActivityManager(  690): ensureActivitiesVisibleLocked: consider back
D/PowerManagerService(  690): handleSandman: canDream=true, mWakefulness=Awake
D/ActivityManager(  690): ACT-windowsGone(): ActivityRecord{42a137a8 u0 com.android.systemui/.usb.UsbDebuggingActivity t95 f}
I/thermal_repeater(  169): oh, queryMdThermalInfo (0)Success
I/thermal_repeater(  169): [recvMdThermalInfo] ret=23, strLen=127,  1, 32767,,, 35, 55, 36
D/ConnectivityService(  690): getActiveNetworkInfo:NetworkInfo: type: WIFI[], state: CONNECTED/CONNECTED, reason: (unspecified), extra: "Autohome Inc.-Staff", roaming: false, failover: false, isAvailable: true, isConnectedToProvisioningNetwork: false, simId: 0/10027
D/ConnectivityService(  690): getActiveNetworkInfo:NetworkInfo: type: WIFI[], state: CONNECTED/CONNECTED, reason: (unspecified), extra: "Autohome Inc.-Staff", roaming: false, failover: false, isAvailable: true, isConnectedToProvisioningNetwork: false, simId: 0/10027
I/thermal_repeater(  169): oh, queryMdThermalInfo (0)Success
I/thermal_repeater(  169): [recvMdThermalInfo] ret=23, strLen=127,  1, 32767,,, 35, 55, 36
V/ActivityManager(  690): Broadcast: Intent { act=android.intent.action.TIME_TICK flg=0x50000014 (has extras) } ordered=true userid=-1 callerApp=null
D/ActivityThread(  690): BDC-Calling onReceive: intent=Intent { act=android.intent.action.TIME_TICK flg=0x50000014 (has extras) }, ordered=true, receiver=com.android.server.AlarmManagerService$ClockReceiver@43062d30, IIntentReceiver=43062a68
V/AlarmManager(  690): isAlarmNeedAlign : charging
D/PowerManagerService(  690): acquireWakeLockInternal: lock=1124705776, flags=0x1, tag="AlarmManager", ws=WorkSource{1000}, uid=1000, pid=690
D/PowerManagerNotifier(  690): onWakeLockAcquired: flags=1, tag="AlarmManager", packageName=android, ownerUid=1000, ownerPid=690, workSource=WorkSource{1000}
D/PowerManagerService(  690): updateWakeLockSummaryLocked: mWakefulness=Awake, mWakeLockSummary=0x1
D/PowerManagerService(  690): newScreenState = 2
D/PowerManagerDisplayController(  690): requestPowerState: screenState=2, useProximitySensor=false, forceProximitySensorEnable=false, forceWakeUpEnable=false, screenBrightness=96, screenAutoBrightnessAdjustment=0.0, useAutoBrightness=false, useEcoBrightness=false, blockScreenOn=false, waitForNegativeProximity=false
I/PowerManagerService(  690): setBrightness mButtonLight 0.
D/PowerManagerService(  690): updateScreenStateLocked: mDisplayReady=true, newScreenState=2, mWakefulness=1, mWakeLockSummary=0x1, mUserActivitySummary=0x1, mBootCompleted=true
D/PowerManagerService(  690): Acquiring suspend blocker "PowerManagerService.WakeLocks".
D/PowerManagerService(  690): handleSandman: canDream=true, mWakefulness=Awake
D/ActivityThread(  690): BDC-Calling finishReceiver: IIntentReceiver=43062a68
D/ActivityThread(  741): BDC-Calling onReceive: intent=Intent { act=android.intent.action.TIME_TICK flg=0x50000014 (has extras) }, ordered=true, receiver=com.android.keyguard.MiuiKeyguardUpdateMonitor$3@428a4578, IIntentReceiver=428a45c0
D/ActivityThread(  741): BDC-Calling finishReceiver: IIntentReceiver=428a45c0
D/ActivityThread(  741): BDC-Calling onReceive: intent=Intent { act=android.intent.action.TIME_TICK flg=0x50000014 (has extras) }, ordered=true, receiver=com.android.systemui.statusbar.policy.Clock$ReceiverInfo$1@42cb1558, IIntentReceiver=43db2758
D/ActivityThread(  741): BDC-Calling finishReceiver: IIntentReceiver=43db2758
D/ActivityThread(  741): BDC-Calling onReceive: intent=Intent { act=android.intent.action.TIME_TICK flg=0x50000014 (has extras) }, ordered=true, receiver=com.android.systemui.statusbar.WeatherView$1@4285f610, IIntentReceiver=42ddb980
D/ActivityThread(  741): BDC-Calling finishReceiver: IIntentReceiver=42ddb980
D/ActivityThread(  741): BDC-Calling onReceive: intent=Intent { act=android.intent.action.TIME_TICK flg=0x50000014 (has extras) }, ordered=true, receiver=android.widget.DateTimeView$ReceiverInfo$1@4316ec20, IIntentReceiver=431a3e90
D/ActivityThread(  741): BDC-Calling finishReceiver: IIntentReceiver=431a3e90
D/PowerManagerService(  690): releaseWakeLockInternal: lock=1124705776 [AlarmManager], flags=0x0, total_time=84669563ms
D/PowerManagerNotifier(  690): onWakeLockReleased: flags=1, tag="AlarmManager", packageName=android, ownerUid=1000, ownerPid=690, workSource=WorkSource{1000}
D/PowerManagerService(  690): updateWakeLockSummaryLocked: mWakefulness=Awake, mWakeLockSummary=0x0
D/PowerManagerService(  690): newScreenState = 2
D/PowerManagerDisplayController(  690): requestPowerState: screenState=2, useProximitySensor=false, forceProximitySensorEnable=false, forceWakeUpEnable=false, screenBrightness=96, screenAutoBrightnessAdjustment=0.0, useAutoBrightness=false, useEcoBrightness=false, blockScreenOn=false, waitForNegativeProximity=false
I/PowerManagerService(  690): setBrightness mButtonLight 0.
D/PowerManagerService(  690): updateScreenStateLocked: mDisplayReady=true, newScreenState=2, mWakefulness=1, mWakeLockSummary=0x0, mUserActivitySummary=0x1, mBootCompleted=true
D/PowerManagerService(  690): Releasing suspend blocker "PowerManagerService.WakeLocks".
D/PowerManagerService(  690): handleSandman: canDream=true, mWakefulness=Awake
V/ActivityManager(  690): Broadcast sticky: Intent { act=android.intent.action.BATTERY_CHANGED flg=0x60000010 (has extras) } ordered=false userid=-1 callerApp=null
D/PowerManagerService(  690): updateIsPoweredLocked: wasPowered=true, mIsPowered=true, oldPlugType=2, mPlugType=2, mBatteryLevel=47
D/PowerManagerService(  690): handleSandman: canDream=true, mWakefulness=Awake
D/WifiService(  690): onReceive, action:android.intent.action.BATTERY_CHANGED
D/UsbDeviceManager(  690): onReceive - BATTERY_CHANGED - mPlugType: 2, mSettingUsbCharging: false, mConnected: true, mSettingUsbBicr: false
D/WifiController(  690): DeviceActiveState{ when=0 what=155652 arg1=2 target=com.android.internal.util.StateMachine$SmHandler target=Handler (com.android.internal.util.StateMachine$SmHandler) {433ae9f8} }
D/WifiController(  690): StaEnabledState{ when=0 what=155652 arg1=2 target=com.android.internal.util.StateMachine$SmHandler target=Handler (com.android.internal.util.StateMachine$SmHandler) {433ae9f8} }
D/WifiController(  690): DefaultState{ when=-1ms what=155652 arg1=2 target=com.android.internal.util.StateMachine$SmHandler target=Handler (com.android.internal.util.StateMachine$SmHandler) {433ae9f8} }
D/WifiController(  690): battery changed pluggedType: 2
I/thermal_repeater(  169): oh, queryMdThermalInfo (0)Success
I/thermal_repeater(  169): [recvMdThermalInfo] ret=23, strLen=127,  1, 32767,,, 35, 55, 36
I/ANRManager(  690): updateProcessStats
I/thermal_repeater(  169): oh, queryMdThermalInfo (0)Success
I/thermal_repeater(  169): [recvMdThermalInfo] ret=23, strLen=127,  1, 32767,,, 35, 55, 36
V/ActivityManager(  690): Broadcast sticky: Intent { act=android.intent.action.BATTERY_CHANGED flg=0x60000010 (has extras) } ordered=false userid=-1 callerApp=null
D/PowerManagerService(  690): updateIsPoweredLocked: wasPowered=true, mIsPowered=true, oldPlugType=2, mPlugType=2, mBatteryLevel=48
D/PowerManagerService(  690): handleSandman: canDream=true, mWakefulness=Awake
D/WifiService(  690): onReceive, action:android.intent.action.BATTERY_CHANGED
D/UsbDeviceManager(  690): onReceive - BATTERY_CHANGED - mPlugType: 2, mSettingUsbCharging: false, mConnected: true, mSettingUsbBicr: false
D/WifiController(  690): DeviceActiveState{ when=0 what=155652 arg1=2 target=com.android.internal.util.StateMachine$SmHandler target=Handler (com.android.internal.util.StateMachine$SmHandler) {433ae9f8} }
D/WifiController(  690): StaEnabledState{ when=0 what=155652 arg1=2 target=com.android.internal.util.StateMachine$SmHandler target=Handler (com.android.internal.util.StateMachine$SmHandler) {433ae9f8} }
D/WifiController(  690): DefaultState{ when=-1ms what=155652 arg1=2 target=com.android.internal.util.StateMachine$SmHandler target=Handler (com.android.internal.util.StateMachine$SmHandler) {433ae9f8} }
D/WifiController(  690): battery changed pluggedType: 2
V/NotificationService(  690): enqueueNotificationInternal: pkg=com.miui.securitycenter id=2131296947 notification=Notification(pri=0 contentView=com.miui.securitycenter/0x1090065 vibrate=null sound=null defaults=0x0 flags=0x20 kind=[null])
V/NotificationService(  690): Initial score is 0.
V/NotificationService(  690): Final score is 0.
V/MoMS.NotificationController(  690): notifications are enabled for com.miui.securitycenter
V/NotificationService(  690): Assigned score=0 to Notification(pri=0 contentView=com.miui.securitycenter/0x1090065 vibrate=null sound=null defaults=0x0 flags=0x20 kind=[null])
I/thermal_repeater(  169): oh, queryMdThermalInfo (0)Success
I/thermal_repeater(  169): [recvMdThermalInfo] ret=23, strLen=127,  1, 32767,,, 35, 55, 36
I/thermal_repeater(  169): oh, queryMdThermalInfo (0)Success
I/thermal_repeater(  169): [recvMdThermalInfo] ret=23, strLen=127,  1, 32767,,, 35, 55, 36
V/ActivityManager(  690): Broadcast sticky: Intent { act=android.intent.action.BATTERY_CHANGED flg=0x60000010 (has extras) } ordered=false userid=-1 callerApp=null
D/PowerManagerService(  690): updateIsPoweredLocked: wasPowered=true, mIsPowered=true, oldPlugType=2, mPlugType=2, mBatteryLevel=48
D/PowerManagerService(  690): handleSandman: canDream=true, mWakefulness=Awake
D/WifiService(  690): onReceive, action:android.intent.action.BATTERY_CHANGED
D/UsbDeviceManager(  690): onReceive - BATTERY_CHANGED - mPlugType: 2, mSettingUsbCharging: false, mConnected: true, mSettingUsbBicr: false
D/WifiController(  690): DeviceActiveState{ when=-1ms what=155652 arg1=2 target=com.android.internal.util.StateMachine$SmHandler target=Handler (com.android.internal.util.StateMachine$SmHandler) {433ae9f8} }
D/WifiController(  690): StaEnabledState{ when=-1ms what=155652 arg1=2 target=com.android.internal.util.StateMachine$SmHandler target=Handler (com.android.internal.util.StateMachine$SmHandler) {433ae9f8} }
D/WifiController(  690): DefaultState{ when=-1ms what=155652 arg1=2 target=com.android.internal.util.StateMachine$SmHandler target=Handler (com.android.internal.util.StateMachine$SmHandler) {433ae9f8} }
D/WifiController(  690): battery changed pluggedType: 2
I/thermal_repeater(  169): oh, queryMdThermalInfo (0)Success
I/thermal_repeater(  169): [recvMdThermalInfo] ret=23, strLen=127,  1, 32767,,, 35, 55, 36
V/ActivityManager(  690): Broadcast sticky: Intent { act=android.intent.action.SIG_STR flg=0x20000010 (has extras) } ordered=false userid=-1 callerApp=ProcessRecord{428591d0 690:system/1000}
I/thermal_repeater(  169): oh, queryMdThermalInfo (0)Success
I/thermal_repeater(  169): [recvMdThermalInfo] ret=23, strLen=127,  1, 32767,,, 35, 55, 36
V/ActivityManager(  690): Broadcast sticky: Intent { act=android.intent.action.BATTERY_CHANGED flg=0x60000010 (has extras) } ordered=false userid=-1 callerApp=null
D/PowerManagerService(  690): updateIsPoweredLocked: wasPowered=true, mIsPowered=true, oldPlugType=2, mPlugType=2, mBatteryLevel=48
D/PowerManagerService(  690): handleSandman: canDream=true, mWakefulness=Awake
D/WifiService(  690): onReceive, action:android.intent.action.BATTERY_CHANGED
D/UsbDeviceManager(  690): onReceive - BATTERY_CHANGED - mPlugType: 2, mSettingUsbCharging: false, mConnected: true, mSettingUsbBicr: false
D/WifiController(  690): DeviceActiveState{ when=-1ms what=155652 arg1=2 target=com.android.internal.util.StateMachine$SmHandler target=Handler (com.android.internal.util.StateMachine$SmHandler) {433ae9f8} }
D/WifiController(  690): StaEnabledState{ when=-1ms what=155652 arg1=2 target=com.android.internal.util.StateMachine$SmHandler target=Handler (com.android.internal.util.StateMachine$SmHandler) {433ae9f8} }
D/WifiController(  690): DefaultState{ when=-1ms what=155652 arg1=2 target=com.android.internal.util.StateMachine$SmHandler target=Handler (com.android.internal.util.StateMachine$SmHandler) {433ae9f8} }
D/WifiController(  690): battery changed pluggedType: 2
I/thermal_repeater(  169): oh, queryMdThermalInfo (0)Success
I/thermal_repeater(  169): [recvMdThermalInfo] ret=23, strLen=127,  1, 32767,,, 35, 55, 36
I/thermal_repeater(  169): oh, queryMdThermalInfo (0)Success
I/thermal_repeater(  169): [recvMdThermalInfo] ret=23, strLen=127,  1, 32767,,, 35, 55, 36
V/ActivityManager(  690): Broadcast sticky: Intent { act=android.intent.action.BATTERY_CHANGED flg=0x60000010 (has extras) } ordered=false userid=-1 callerApp=null
D/PowerManagerService(  690): updateIsPoweredLocked: wasPowered=true, mIsPowered=true, oldPlugType=2, mPlugType=2, mBatteryLevel=48
D/PowerManagerService(  690): handleSandman: canDream=true, mWakefulness=Awake
D/WifiService(  690): onReceive, action:android.intent.action.BATTERY_CHANGED
D/UsbDeviceManager(  690): onReceive - BATTERY_CHANGED - mPlugType: 2, mSettingUsbCharging: false, mConnected: true, mSettingUsbBicr: false
D/WifiController(  690): DeviceActiveState{ when=0 what=155652 arg1=2 target=com.android.internal.util.StateMachine$SmHandler target=Handler (com.android.internal.util.StateMachine$SmHandler) {433ae9f8} }
D/WifiController(  690): StaEnabledState{ when=0 what=155652 arg1=2 target=com.android.internal.util.StateMachine$SmHandler target=Handler (com.android.internal.util.StateMachine$SmHandler) {433ae9f8} }
D/WifiController(  690): DefaultState{ when=0 what=155652 arg1=2 target=com.android.internal.util.StateMachine$SmHandler target=Handler (com.android.internal.util.StateMachine$SmHandler) {433ae9f8} }
D/WifiController(  690): battery changed pluggedType: 2
D/ActivityThread(15705): SVC-Destroying service: com.xiaomi.activate.ActivateService@42883570
I/thermal_repeater(  169): oh, queryMdThermalInfo (0)Success
I/thermal_repeater(  169): [recvMdThermalInfo] ret=23, strLen=127,  1, 32767,,, 35, 55, 36
V/NotificationService(  690): enqueueNotificationInternal: pkg=com.miui.securitycenter id=2131296947 notification=Notification(pri=0 contentView=com.miui.securitycenter/0x1090065 vibrate=null sound=null defaults=0x0 flags=0x20 kind=[null])
V/NotificationService(  690): Initial score is 0.
V/NotificationService(  690): Final score is 0.
V/MoMS.NotificationController(  690): notifications are enabled for com.miui.securitycenter
V/NotificationService(  690): Assigned score=0 to Notification(pri=0 contentView=com.miui.securitycenter/0x1090065 vibrate=null sound=null defaults=0x0 flags=0x20 kind=[null])
I/thermal_repeater(  169): oh, queryMdThermalInfo (0)Success
I/thermal_repeater(  169): [recvMdThermalInfo] ret=23, strLen=127,  1, 32767,,, 35, 55, 36
V/ActivityManager(  690): Broadcast sticky: Intent { act=android.intent.action.BATTERY_CHANGED flg=0x60000010 (has extras) } ordered=false userid=-1 callerApp=null
D/WifiService(  690): onReceive, action:android.intent.action.BATTERY_CHANGED
D/UsbDeviceManager(  690): onReceive - BATTERY_CHANGED - mPlugType: 2, mSettingUsbCharging: false, mConnected: true, mSettingUsbBicr: false
D/PowerManagerService(  690): updateIsPoweredLocked: wasPowered=true, mIsPowered=true, oldPlugType=2, mPlugType=2, mBatteryLevel=48
D/PowerManagerService(  690): handleSandman: canDream=true, mWakefulness=Awake
D/WifiController(  690): DeviceActiveState{ when=-1ms what=155652 arg1=2 target=com.android.internal.util.StateMachine$SmHandler target=Handler (com.android.internal.util.StateMachine$SmHandler) {433ae9f8} }
D/WifiController(  690): StaEnabledState{ when=-2ms what=155652 arg1=2 target=com.android.internal.util.StateMachine$SmHandler target=Handler (com.android.internal.util.StateMachine$SmHandler) {433ae9f8} }
D/WifiController(  690): DefaultState{ when=-2ms what=155652 arg1=2 target=com.android.internal.util.StateMachine$SmHandler target=Handler (com.android.internal.util.StateMachine$SmHandler) {433ae9f8} }
D/WifiController(  690): battery changed pluggedType: 2
I/thermal_repeater(  169): oh, queryMdThermalInfo (0)Success
I/thermal_repeater(  169): [recvMdThermalInfo] ret=23, strLen=127,  1, 32767,,, 35, 55, 36
I/ANRManager(  690): updateProcessStats
I/thermal_repeater(  169): oh, queryMdThermalInfo (0)Success
I/thermal_repeater(  169): [recvMdThermalInfo] ret=23, strLen=127,  1, 32767,,, 35, 55, 36
V/ActivityManager(  690): Broadcast: Intent { act=android.intent.action.TIME_TICK flg=0x50000014 (has extras) } ordered=true userid=-1 callerApp=null
D/ActivityThread(  690): BDC-Calling onReceive: intent=Intent { act=android.intent.action.TIME_TICK flg=0x50000014 (has extras) }, ordered=true, receiver=com.android.server.AlarmManagerService$ClockReceiver@43062d30, IIntentReceiver=43062a68
V/AlarmManager(  690): isAlarmNeedAlign : charging
D/PowerManagerService(  690): acquireWakeLockInternal: lock=1124705776, flags=0x1, tag="AlarmManager", ws=WorkSource{1000}, uid=1000, pid=690
D/PowerManagerNotifier(  690): onWakeLockAcquired: flags=1, tag="AlarmManager", packageName=android, ownerUid=1000, ownerPid=690, workSource=WorkSource{1000}
D/PowerManagerService(  690): updateWakeLockSummaryLocked: mWakefulness=Awake, mWakeLockSummary=0x1
D/PowerManagerService(  690): newScreenState = 2
D/PowerManagerDisplayController(  690): requestPowerState: screenState=2, useProximitySensor=false, forceProximitySensorEnable=false, forceWakeUpEnable=false, screenBrightness=96, screenAutoBrightnessAdjustment=0.0, useAutoBrightness=false, useEcoBrightness=false, blockScreenOn=false, waitForNegativeProximity=false
I/PowerManagerService(  690): setBrightness mButtonLight 0.
D/PowerManagerService(  690): updateScreenStateLocked: mDisplayReady=true, newScreenState=2, mWakefulness=1, mWakeLockSummary=0x1, mUserActivitySummary=0x1, mBootCompleted=true
D/PowerManagerService(  690): Acquiring suspend blocker "PowerManagerService.WakeLocks".
D/PowerManagerService(  690): handleSandman: canDream=true, mWakefulness=Awake
D/ActivityThread(  690): BDC-Calling finishReceiver: IIntentReceiver=43062a68
D/ActivityThread(  741): BDC-Calling onReceive: intent=Intent { act=android.intent.action.TIME_TICK flg=0x50000014 (has extras) }, ordered=true, receiver=com.android.keyguard.MiuiKeyguardUpdateMonitor$3@428a4578, IIntentReceiver=428a45c0
D/ActivityThread(  741): BDC-Calling finishReceiver: IIntentReceiver=428a45c0
D/ActivityThread(  741): BDC-Calling onReceive: intent=Intent { act=android.intent.action.TIME_TICK flg=0x50000014 (has extras) }, ordered=true, receiver=com.android.systemui.statusbar.policy.Clock$ReceiverInfo$1@42cb1558, IIntentReceiver=43db2758
D/ActivityThread(  741): BDC-Calling finishReceiver: IIntentReceiver=43db2758
D/ActivityThread(  741): BDC-Calling onReceive: intent=Intent { act=android.intent.action.TIME_TICK flg=0x50000014 (has extras) }, ordered=true, receiver=com.android.systemui.statusbar.WeatherView$1@4285f610, IIntentReceiver=42ddb980
D/ActivityThread(  741): BDC-Calling finishReceiver: IIntentReceiver=42ddb980
D/ActivityThread(  741): BDC-Calling onReceive: intent=Intent { act=android.intent.action.TIME_TICK flg=0x50000014 (has extras) }, ordered=true, receiver=android.widget.DateTimeView$ReceiverInfo$1@4316ec20, IIntentReceiver=431a3e90
--------- beginning of /dev/log/main
V/Provider/Settings(  741):  from settings cache , name = time_12_24 , value = null
V/Provider/Settings(  741): get setting for user 0 by user 0 so skipping cache
V/Provider/Settings(  741):  from settings cache , name = time_12_24 , value = null
V/Provider/Settings(  741): get setting for user 0 by user 0 so skipping cache
V/Provider/Settings(  741):  from settings cache , name = time_12_24 , value = null
V/Provider/Settings(  741): get setting for user 0 by user 0 so skipping cache
V/Provider/Settings(  741):  from settings cache , name = time_12_24 , value = null
V/Provider/Settings(  741): get setting for user 0 by user 0 so skipping cache
V/Provider/Settings(  741):  from settings cache , name = time_12_24 , value = null
V/Provider/Settings(  741): get setting for user 0 by user 0 so skipping cache
V/Provider/Settings(  741):  from settings cache , name = date_format , value = null
D/ActivityThread(  741): BDC-Calling finishReceiver: IIntentReceiver=431a3e90
D/PowerManagerService(  690): releaseWakeLockInternal: lock=1124705776 [AlarmManager], flags=0x0, total_time=84729557ms
D/PowerManagerNotifier(  690): onWakeLockReleased: flags=1, tag="AlarmManager", packageName=android, ownerUid=1000, ownerPid=690, workSource=WorkSource{1000}
D/PowerManagerService(  690): updateWakeLockSummaryLocked: mWakefulness=Awake, mWakeLockSummary=0x0
D/PowerManagerService(  690): newScreenState = 2
D/PowerManagerDisplayController(  690): requestPowerState: screenState=2, useProximitySensor=false, forceProximitySensorEnable=false, forceWakeUpEnable=false, screenBrightness=96, screenAutoBrightnessAdjustment=0.0, useAutoBrightness=false, useEcoBrightness=false, blockScreenOn=false, waitForNegativeProximity=false
I/PowerManagerService(  690): setBrightness mButtonLight 0.
D/PowerManagerService(  690): updateScreenStateLocked: mDisplayReady=true, newScreenState=2, mWakefulness=1, mWakeLockSummary=0x0, mUserActivitySummary=0x1, mBootCompleted=true
D/PowerManagerService(  690): Releasing suspend blocker "PowerManagerService.WakeLocks".
D/PowerManagerService(  690): handleSandman: canDream=true, mWakefulness=Awake
D/BatteryService(  690): mBatteryVoltage=3892, batteryLevel=50
V/ActivityManager(  690): Broadcast sticky: Intent { act=android.intent.action.BATTERY_CHANGED flg=0x60000010 (has extras) } ordered=false userid=-1 callerApp=null
D/PowerManagerService(  690): updateIsPoweredLocked: wasPowered=true, mIsPowered=true, oldPlugType=2, mPlugType=2, mBatteryLevel=48
D/PowerManagerService(  690): handleSandman: canDream=true, mWakefulness=Awake
D/WifiService(  690): onReceive, action:android.intent.action.BATTERY_CHANGED
D/UsbDeviceManager(  690): onReceive - BATTERY_CHANGED - mPlugType: 2, mSettingUsbCharging: false, mConnected: true, mSettingUsbBicr: false
D/WifiController(  690): DeviceActiveState{ when=-1ms what=155652 arg1=2 target=com.android.internal.util.StateMachine$SmHandler target=Handler (com.android.internal.util.StateMachine$SmHandler) {433ae9f8} }
D/WifiController(  690): StaEnabledState{ when=-1ms what=155652 arg1=2 target=com.android.internal.util.StateMachine$SmHandler target=Handler (com.android.internal.util.StateMachine$SmHandler) {433ae9f8} }
D/WifiController(  690): DefaultState{ when=-1ms what=155652 arg1=2 target=com.android.internal.util.StateMachine$SmHandler target=Handler (com.android.internal.util.StateMachine$SmHandler) {433ae9f8} }
D/WifiController(  690): battery changed pluggedType: 2
I/InfoCollectManager( 1366): ACTION:android.intent.action.BATTERY_CHANGED
V/MiCloudSyncStateObserver(13951): broadcast received
V/MiCloudSyncStateObserver(13951): battery changed
D/OpenGLRenderer(  741): prepareDirty (0.00, 0.00, 720.00, 50.00) opaque 0 <0x67356008>
D/OpenGLRenderer(  741): clear (0.00, 50 - 50.00 = 0.00, 720.00 - 0.00 = 720.00, 50.00 - 0.00 = 50.00) opaque 0 <0x67356008>
D/OpenGLRenderer(  741): finish <0x67356008>
D/WifiStateMachine(  690): ConnectedState{ when=-3ms what=131155 arg1=128 target=com.android.internal.util.StateMachine$SmHandler target=Handler (com.android.internal.util.StateMachine$SmHandler) {4339a0d0} }
D/WifiStateMachine(  690): L2ConnectedState{ when=-3ms what=131155 arg1=128 target=com.android.internal.util.StateMachine$SmHandler target=Handler (com.android.internal.util.StateMachine$SmHandler) {4339a0d0} }
D/WifiHW  (  690): enter -->wifi_send_command cmd=IFNAME=wlan0 SIGNAL_POLL
D/wpa_supplicant( 2854): RX ctrl_iface - hexdump(len=11): 53 49 47 4e 41 4c 5f 50 4f 4c 4c
D/wpa_supplicant( 2854): wlan0: Control interface command 'SIGNAL_POLL'
D/wpa_supplicant( 2854): nl80211: survey data missing!
D/WifiHW  (  690): leave --> reply=RSSI=-64
D/WifiHW  (  690): LINKSPEED=65
D/WifiHW  (  690): NOISE=9999
D/WifiHW  (  690): FREQUENCY=2412
D/WifiHW  (  690): 
D/wifi    (  690): doStringCommand, buf IFNAME=wlan0 SIGNAL_POLL
I/WifiStateMachine(  690): fetchRssiAndLinkSpeedNative, newRssi:-64, newLinkSpeed:65, SSID:"Autohome Inc.-Staff"
V/ActivityManager(  690): Broadcast: Intent { flg=0x10 cmp=com.tencent.mm/.booter.NotifyReceiver (has extras) } ordered=false userid=0 callerApp=ProcessRecord{43308fb8 6908:com.tencent.mm:push/u0a127}
D/ActivityThread( 7134): BDC-Calling onReceive: intent=Intent { flg=0x10 cmp=com.tencent.mm/.booter.NotifyReceiver (has extras) }, ordered=true, receiver=com.tencent.mm.booter.NotifyReceiver@42c66590
V/AlarmManager(  690): isAlarmNeedAlign : charging
D/ActivityThread( 7134): SVC-Calling onStartCommand: com.tencent.mm.booter.NotifyReceiver$NotifyService@42dce490, flags=0, startId=1061
V/AlarmManager(  690): isAlarmNeedAlign : charging
V/AlarmManager(  690): isAlarmNeedAlign : charging
V/AlarmManager(  690): isAlarmNeedAlign : charging
V/AlarmManager(  690): isAlarmNeedAlign : charging
V/AlarmManager(  690): isAlarmNeedAlign : charging
V/AlarmManager(  690): isAlarmNeedAlign : charging
V/AlarmManager(  690): isAlarmNeedAlign : charging
V/AlarmManager(  690): isAlarmNeedAlign : charging
V/AlarmManager(  690): isAlarmNeedAlign : charging
V/AlarmManager(  690): isAlarmNeedAlign : charging
V/AlarmManager(  690): isAlarmNeedAlign : charging
V/AlarmManager(  690): isAlarmNeedAlign : charging
V/AlarmManager(  690): isAlarmNeedAlign : charging
V/AlarmManager(  690): isAlarmNeedAlign : charging
V/AlarmManager(  690): isAlarmNeedAlign : charging
V/AlarmManager(  690): isAlarmNeedAlign : charging
V/AlarmManager(  690): isAlarmNeedAlign : charging
V/AlarmManager(  690): isAlarmNeedAlign : charging
V/AlarmManager(  690): isAlarmNeedAlign : charging
V/AlarmManager(  690): isAlarmNeedAlign : charging
V/AlarmManager(  690): isAlarmNeedAlign : charging
V/AlarmManager(  690): isAlarmNeedAlign : charging
V/AlarmManager(  690): isAlarmNeedAlign : charging
V/AlarmManager(  690): isAlarmNeedAlign : charging
V/AlarmManager(  690): isAlarmNeedAlign : charging
V/AlarmManager(  690): isAlarmNeedAlign : charging
V/AlarmManager(  690): isAlarmNeedAlign : charging
V/AlarmManager(  690): isAlarmNeedAlign : charging
V/AlarmManager(  690): isAlarmNeedAlign : charging
V/AlarmManager(  690): isAlarmNeedAlign : charging
V/AlarmManager(  690): isAlarmNeedAlign : charging
V/AlarmManager(  690): isAlarmNeedAlign : charging
V/AlarmManager(  690): isAlarmNeedAlign : charging
V/AlarmManager(  690): isAlarmNeedAlign : charging
V/AlarmManager(  690): isAlarmNeedAlign : charging
V/AlarmManager(  690): isAlarmNeedAlign : charging
V/AlarmManager(  690): isAlarmNeedAlign : charging
V/AlarmManager(  690): isAlarmNeedAlign : charging
V/AlarmManager(  690): isAlarmNeedAlign : charging
V/AlarmManager(  690): isAlarmNeedAlign : charging
V/AlarmManager(  690): isAlarmNeedAlign : charging
V/AlarmManager(  690): isAlarmNeedAlign : charging
V/AlarmManager(  690): isAlarmNeedAlign : charging
V/AlarmManager(  690): isAlarmNeedAlign : charging
V/AlarmManager(  690): isAlarmNeedAlign : charging
V/AlarmManager(  690): isAlarmNeedAlign : charging
V/AlarmManager(  690): isAlarmNeedAlign : charging
V/AlarmManager(  690): isAlarmNeedAlign : charging
V/AlarmManager(  690): isAlarmNeedAlign : charging
V/AlarmManager(  690): isAlarmNeedAlign : charging
V/AlarmManager(  690): isAlarmNeedAlign : charging
V/AlarmManager(  690): isAlarmNeedAlign : charging
V/AlarmManager(  690): isAlarmNeedAlign : charging
V/AlarmManager(  690): isAlarmNeedAlign : charging
V/AlarmManager(  690): isAlarmNeedAlign : charging
V/AlarmManager(  690): isAlarmNeedAlign : charging
V/AlarmManager(  690): isAlarmNeedAlign : charging
V/AlarmManager(  690): isAlarmNeedAlign : charging
V/AlarmManager(  690): isAlarmNeedAlign : charging
V/AlarmManager(  690): isAlarmNeedAlign : charging
V/AlarmManager(  690): isAlarmNeedAlign : charging
V/AlarmManager(  690): isAlarmNeedAlign : charging
V/AlarmManager(  690): isAlarmNeedAlign : charging
V/AlarmManager(  690): isAlarmNeedAlign : charging
V/AlarmManager(  690): isAlarmNeedAlign : charging
V/AlarmManager(  690): isAlarmNeedAlign : charging
V/AlarmManager(  690): isAlarmNeedAlign : charging
V/AlarmManager(  690): isAlarmNeedAlign : charging
V/AlarmManager(  690): isAlarmNeedAlign : charging
V/AlarmManager(  690): isAlarmNeedAlign : charging
V/AlarmManager(  690): isAlarmNeedAlign : charging
V/AlarmManager(  690): isAlarmNeedAlign : charging
V/AlarmManager(  690): isAlarmNeedAlign : charging
V/AlarmManager(  690): isAlarmNeedAlign : charging
V/ActivityManager(  690): Broadcast: Intent { act=ALARM_ACTION(6908) flg=0x14 (has extras) } ordered=true userid=0 callerApp=null
D/PowerManagerService(  690): acquireWakeLockInternal: lock=1124705776, flags=0x1, tag="AlarmManager", ws=WorkSource{10127}, uid=1000, pid=690
D/PowerManagerNotifier(  690): onWakeLockAcquired: flags=1, tag="AlarmManager", packageName=android, ownerUid=1000, ownerPid=690, workSource=WorkSource{10127}
D/PowerManagerService(  690): updateWakeLockSummaryLocked: mWakefulness=Awake, mWakeLockSummary=0x1
D/ActivityThread( 6908): BDC-Calling onReceive: intent=Intent { act=ALARM_ACTION(6908) flg=0x14 (has extras) }, ordered=true, receiver=com.tencent.mars.comm.Alarm@42af8b58, IIntentReceiver=42b26568
D/PowerManagerService(  690): newScreenState = 2
D/PowerManagerDisplayController(  690): requestPowerState: screenState=2, useProximitySensor=false, forceProximitySensorEnable=false, forceWakeUpEnable=false, screenBrightness=96, screenAutoBrightnessAdjustment=0.0, useAutoBrightness=false, useEcoBrightness=false, blockScreenOn=false, waitForNegativeProximity=false
I/PowerManagerService(  690): setBrightness mButtonLight 0.
D/PowerManagerService(  690): updateScreenStateLocked: mDisplayReady=true, newScreenState=2, mWakefulness=1, mWakeLockSummary=0x1, mUserActivitySummary=0x1, mBootCompleted=true
D/PowerManagerService(  690): Acquiring suspend blocker "PowerManagerService.WakeLocks".
D/PowerManagerService(  690): handleSandman: canDream=true, mWakefulness=Awake
D/ActivityThread( 6908): BDC-Calling finishReceiver: IIntentReceiver=42b26568
D/PowerManagerService(  690): releaseWakeLockInternal: lock=1124705776 [AlarmManager], flags=0x0, total_time=84730895ms
D/PowerManagerNotifier(  690): onWakeLockReleased: flags=1, tag="AlarmManager", packageName=android, ownerUid=1000, ownerPid=690, workSource=WorkSource{10127}
D/PowerManagerService(  690): updateWakeLockSummaryLocked: mWakefulness=Awake, mWakeLockSummary=0x0
D/PowerManagerService(  690): newScreenState = 2
