V/Provider/Settings(  741): get setting for user 0 by user 0 so skipping cache
V/Provider/Settings(  741):  from settings cache , name = time_12_24 , value = null
V/Provider/Settings(  741): get setting for user 0 by user 0 so skipping cache
V/Provider/Settings(  741):  from settings cache , name = time_12_24 , value = null
V/Provider/Settings(  741): get setting for user 0 by user 0 so skipping cache
V/Provider/Settings(  741):  from settings cache , name = time_12_24 , value = null
D/ActivityThread(  741): BDC-Calling finishReceiver: IIntentReceiver=43db2758
D/OpenGLRenderer(  741): prepareDirty (0.00, 0.00, 720.00, 50.00) opaque 0 <0x67356008>
D/OpenGLRenderer(  741): clear (0.00, 50 - 50.00 = 0.00, 720.00 - 0.00 = 720.00, 50.00 - 0.00 = 50.00) opaque 0 <0x67356008>
D/OpenGLRenderer(  741): finish <0x67356008>
I/BufferQueue(  141): [StatusBar](this:0xb86592d8,id:12,api:1,p:741,c:141) [queue] fps:0.03, dur:29805.25, max:29805.25, min:29805.25
D/ActivityThread(  741): BDC-Calling onReceive: intent=Intent { act=android.intent.action.TIME_TICK flg=0x50000014 (has extras) }, ordered=true, receiver=com.android.systemui.statusbar.WeatherView$1@4285f610, IIntentReceiver=42ddb980
D/ActivityThread(  741): BDC-Calling finishReceiver: IIntentReceiver=42ddb980
D/ActivityThread(  741): BDC-Calling onReceive: intent=Intent { act=android.intent.action.TIME_TICK flg=0x50000014 (has extras) }, ordered=true, receiver=android.widget.DateTimeView$ReceiverInfo$1@4316ec20, IIntentReceiver=431a3e90
V/Provider/Settings(  741): get setting for user 0 by user 0 so skipping cache
V/Provider/Settings(  741):  from settings cache , name = time_12_24 , value = null
V/Provider/Settings(  741): get setting for user 0 by user 0 so skipping cache
V/Provider/Settings(  741):  from settings cache , name = date_format , value = null
I/BufferQueue(  141): [StatusBar](this:0xb86592d8,id:12,api:1,p:741,c:141) [release] fps:0.03, dur:29797.50, max:29797.50, min:29797.50
I/BufferQueue(  141): [FrameBufferSurface_0](this:0xb85fc1a8,id:0,api:1,p:141,c:141) [release] fps:0.03, dur:29797.38, max:29797.38, min:29797.38
I/BufferQueue(  141): [FrameBufferSurface_0](this:0xb85fc1a8,id:0,api:1,p:141,c:141) [queue] fps:0.03, dur:29797.36, max:29797.36, min:29797.36
I/SurfaceFlinger(  141): [Built-in Screen (type:0)] fps:0.033560,dur:29797.35,max:29797.35,min:29797.35
V/Provider/Settings(  741): get setting for user 0 by user 0 so skipping cache
V/Provider/Settings(  741):  from settings cache , name = date_format , value = null
V/Provider/Settings(  741): get setting for user 0 by user 0 so skipping cache
V/Provider/Settings(  741):  from settings cache , name = date_format , value = null
V/Provider/Settings(  741): get setting for user 0 by user 0 so skipping cache
V/Provider/Settings(  741):  from settings cache , name = date_format , value = null
V/Provider/Settings(  741): get setting for user 0 by user 0 so skipping cache
V/Provider/Settings(  741):  from settings cache , name = date_format , value = null
V/Provider/Settings(  741): get setting for user 0 by user 0 so skipping cache
V/Provider/Settings(  741):  from settings cache , name = date_format , value = null
V/Provider/Settings(  741): get setting for user 0 by user 0 so skipping cache
V/Provider/Settings(  741):  from settings cache , name = time_12_24 , value = null
V/Provider/Settings(  741): get setting for user 0 by user 0 so skipping cache
V/Provider/Settings(  741):  from settings cache , name = time_12_24 , value = null
V/Provider/Settings(  741): get setting for user 0 by user 0 so skipping cache
V/Provider/Settings(  741):  from settings cache , name = date_format , value = null
V/Provider/Settings(  741): get setting for user 0 by user 0 so skipping cache
V/Provider/Settings(  741):  from settings cache , name = date_format , value = null
V/Provider/Settings(  741): get setting for user 0 by user 0 so skipping cache
V/Provider/Settings(  741):  from settings cache , name = date_format , value = null
V/Provider/Settings(  741): get setting for user 0 by user 0 so skipping cache
V/Provider/Settings(  741):  from settings cache , name = date_format , value = null
V/Provider/Settings(  741): get setting for user 0 by user 0 so skipping cache
V/Provider/Settings(  741):  from settings cache , name = date_format , value = null
V/Provider/Settings(  741): get setting for user 0 by user 0 so skipping cache
V/Provider/Settings(  741):  from settings cache , name = date_format , value = null
V/Provider/Settings(  741): get setting for user 0 by user 0 so skipping cache
V/Provider/Settings(  741):  from settings cache , name = date_format , value = null
V/Provider/Settings(  741): get setting for user 0 by user 0 so skipping cache
V/Provider/Settings(  741):  from settings cache , name = date_format , value = null
V/Provider/Settings(  741): get setting for user 0 by user 0 so skipping cache
V/Provider/Settings(  741):  from settings cache , name = date_format , value = null
V/Provider/Settings(  741): get setting for user 0 by user 0 so skipping cache
V/Provider/Settings(  741):  from settings cache , name = time_12_24 , value = null
V/Provider/Settings(  741): get setting for user 0 by user 0 so skipping cache
V/Provider/Settings(  741):  from settings cache , name = time_12_24 , value = null
V/Provider/Settings(  741): get setting for user 0 by user 0 so skipping cache
V/Provider/Settings(  741):  from settings cache , name = date_format , value = null
V/Provider/Settings(  741): get setting for user 0 by user 0 so skipping cache
V/Provider/Settings(  741):  from settings cache , name = date_format , value = null
V/Provider/Settings(  741): get setting for user 0 by user 0 so skipping cache
V/Provider/Settings(  741):  from settings cache , name = date_format , value = null
V/Provider/Settings(  741): get setting for user 0 by user 0 so skipping cache
V/Provider/Settings(  741):  from settings cache , name = date_format , value = null
V/Provider/Settings(  741): get setting for user 0 by user 0 so skipping cache
V/Provider/Settings(  741):  from settings cache , name = date_format , value = null
V/Provider/Settings(  741): get setting for user 0 by user 0 so skipping cache
V/Provider/Settings(  741):  from settings cache , name = date_format , value = null
V/Provider/Settings(  741): get setting for user 0 by user 0 so skipping cache
V/Provider/Settings(  741):  from settings cache , name = time_12_24 , value = null
V/Provider/Settings(  741): get setting for user 0 by user 0 so skipping cache
V/Provider/Settings(  741):  from settings cache , name = time_12_24 , value = null
V/Provider/Settings(  741): get setting for user 0 by user 0 so skipping cache
V/Provider/Settings(  741):  from settings cache , name = time_12_24 , value = null
V/Provider/Settings(  741): get setting for user 0 by user 0 so skipping cache
V/Provider/Settings(  741):  from settings cache , name = time_12_24 , value = null
V/Provider/Settings(  741): get setting for user 0 by user 0 so skipping cache
V/Provider/Settings(  741):  from settings cache , name = time_12_24 , value = null
V/Provider/Settings(  741): get setting for user 0 by user 0 so skipping cache
V/Provider/Settings(  741):  from settings cache , name = time_12_24 , value = null
V/Provider/Settings(  741): get setting for user 0 by user 0 so skipping cache
V/Provider/Settings(  741):  from settings cache , name = time_12_24 , value = null
V/Provider/Settings(  741): get setting for user 0 by user 0 so skipping cache
V/Provider/Settings(  741):  from settings cache , name = time_12_24 , value = null
V/Provider/Settings(  741): get setting for user 0 by user 0 so skipping cache
V/Provider/Settings(  741):  from settings cache , name = time_12_24 , value = null
V/Provider/Settings(  741): get setting for user 0 by user 0 so skipping cache
V/Provider/Settings(  741):  from settings cache , name = time_12_24 , value = null
V/Provider/Settings(  741): get setting for user 0 by user 0 so skipping cache
V/Provider/Settings(  741):  from settings cache , name = time_12_24 , value = null
V/Provider/Settings(  741): get setting for user 0 by user 0 so skipping cache
V/Provider/Settings(  741):  from settings cache , name = time_12_24 , value = null
V/Provider/Settings(  741): get setting for user 0 by user 0 so skipping cache
V/Provider/Settings(  741):  from settings cache , name = time_12_24 , value = null
V/Provider/Settings(  741): get setting for user 0 by user 0 so skipping cache
V/Provider/Settings(  741):  from settings cache , name = time_12_24 , value = null
V/Provider/Settings(  741): get setting for user 0 by user 0 so skipping cache
V/Provider/Settings(  741):  from settings cache , name = time_12_24 , value = null
V/Provider/Settings(  741): get setting for user 0 by user 0 so skipping cache
V/Provider/Settings(  741):  from settings cache , name = time_12_24 , value = null
V/Provider/Settings(  741): get setting for user 0 by user 0 so skipping cache
V/Provider/Settings(  741):  from settings cache , name = time_12_24 , value = null
V/Provider/Settings(  741): get setting for user 0 by user 0 so skipping cache
V/Provider/Settings(  741):  from settings cache , name = time_12_24 , value = null
V/Provider/Settings(  741): get setting for user 0 by user 0 so skipping cache
V/Provider/Settings(  741):  from settings cache , name = date_format , value = null
D/ActivityThread(  741): BDC-Calling finishReceiver: IIntentReceiver=431a3e90
D/PowerManagerService(  690): releaseWakeLockInternal: lock=1124705776 [AlarmManager], flags=0x0, total_time=84909545ms
D/PowerManagerNotifier(  690): onWakeLockReleased: flags=1, tag="AlarmManager", packageName=android, ownerUid=1000, ownerPid=690, workSource=WorkSource{1000}
D/PowerManagerService(  690): updateWakeLockSummaryLocked: mWakefulness=Awake, mWakeLockSummary=0x0
D/PowerManagerService(  690): newScreenState = 2
D/PowerManagerDisplayController(  690): requestPowerState: screenState=2, useProximitySensor=false, forceProximitySensorEnable=false, forceWakeUpEnable=false, screenBrightness=96, screenAutoBrightnessAdjustment=0.0, useAutoBrightness=false, useEcoBrightness=false, blockScreenOn=false, waitForNegativeProximity=false
I/PowerManagerService(  690): setBrightness mButtonLight 0.
D/PowerManagerService(  690): updateScreenStateLocked: mDisplayReady=true, newScreenState=2, mWakefulness=1, mWakeLockSummary=0x0, mUserActivitySummary=0x1, mBootCompleted=true
D/PowerManagerService(  690): Releasing suspend blocker "PowerManagerService.WakeLocks".
D/PowerManagerService(  690): handleSandman: canDream=true, mWakefulness=Awake
D/WifiStateMachine(  690): ConnectedState{ when=-3ms what=131155 arg1=128 target=com.android.internal.util.StateMachine$SmHandler target=Handler (com.android.internal.util.StateMachine$SmHandler) {4339a0d0} }
D/WifiStateMachine(  690): L2ConnectedState{ when=-3ms what=131155 arg1=128 target=com.android.internal.util.StateMachine$SmHandler target=Handler (com.android.internal.util.StateMachine$SmHandler) {4339a0d0} }
D/WifiHW  (  690): enter -->wifi_send_command cmd=IFNAME=wlan0 SIGNAL_POLL
D/wpa_supplicant( 2854): RX ctrl_iface - hexdump(len=11): 53 49 47 4e 41 4c 5f 50 4f 4c 4c
D/wpa_supplicant( 2854): wlan0: Control interface command 'SIGNAL_POLL'
D/wpa_supplicant( 2854): nl80211: survey data missing!
D/WifiHW  (  690): leave --> reply=RSSI=-68
D/WifiHW  (  690): LINKSPEED=65
D/WifiHW  (  690): NOISE=9999
D/WifiHW  (  690): FREQUENCY=2412
D/WifiHW  (  690): 
D/wifi    (  690): doStringCommand, buf IFNAME=wlan0 SIGNAL_POLL
I/WifiStateMachine(  690): fetchRssiAndLinkSpeedNative, newRssi:-68, newLinkSpeed:65, SSID:"Autohome Inc.-Staff"
D/StatusBar.NetworkController(  741): onSignalStrengthsChanged received on slotId :0signalStrength=SignalStrength:SIM1 28 99 -120 -160 -120 0 -1 99 255 255 255 2147483647 gsm|lte -224 1 1 level=5 cdmdlevel=0 evdolevel=0
V/ActivityManager(  690): Broadcast sticky: Intent { act=android.intent.action.SIG_STR flg=0x20000010 (has extras) } ordered=false userid=-1 callerApp=ProcessRecord{428591d0 690:system/1000}
I/thermal_repeater(  169): oh, queryMdThermalInfo (0)Success
I/thermal_repeater(  169): [recvMdThermalInfo] ret=23, strLen=127,  1, 32767,,, 35, 55, 36
D/WifiStateMachine(  690): ConnectedState{ when=-4ms what=131155 arg1=128 target=com.android.internal.util.StateMachine$SmHandler target=Handler (com.android.internal.util.StateMachine$SmHandler) {4339a0d0} }
D/WifiStateMachine(  690): L2ConnectedState{ when=-4ms what=131155 arg1=128 target=com.android.internal.util.StateMachine$SmHandler target=Handler (com.android.internal.util.StateMachine$SmHandler) {4339a0d0} }
D/WifiHW  (  690): enter -->wifi_send_command cmd=IFNAME=wlan0 SIGNAL_POLL
D/wpa_supplicant( 2854): RX ctrl_iface - hexdump(len=11): 53 49 47 4e 41 4c 5f 50 4f 4c 4c
D/wpa_supplicant( 2854): wlan0: Control interface command 'SIGNAL_POLL'
D/wpa_supplicant( 2854): nl80211: survey data missing!
D/WifiHW  (  690): leave --> reply=RSSI=-68
D/WifiHW  (  690): LINKSPEED=65
D/WifiHW  (  690): NOISE=9999
D/WifiHW  (  690): FREQUENCY=2412
D/WifiHW  (  690): 
D/wifi    (  690): doStringCommand, buf IFNAME=wlan0 SIGNAL_POLL
I/WifiStateMachine(  690): fetchRssiAndLinkSpeedNative, newRssi:-68, newLinkSpeed:65, SSID:"Autohome Inc.-Staff"
I/ANRManager(  690): updateProcessStats
D/dalvikvm(15927): create interp thread : stack size=128KB
D/dalvikvm(15927): create new thread
D/dalvikvm(15927): new thread created
D/dalvikvm(15927): update thread list
D/dalvikvm(15927): threadid=12: interp stack at 0x61c5f000
D/dalvikvm(15927): threadid=12: created from interp
D/dalvikvm(15927): start new thread
I/FrameworkListener(  137): onDataAvailable get 50 bytes 
D/FrameworkListener(  137): dispatchCommand data = (getaddrinfo data.mistat.xiaomi.com ^ 1024 0 1 0 ^)
D/dalvikvm(15927): threadid=12: notify debugger
D/dalvikvm(15927): threadid=12 (OkHttp ConnectionPool): calling run()
I/System.out(15927): [CDS]close[41406]
I/System.out(15927): close [socket][/0.0.0.0:41406]
D/libc    (  137): _resolv_get_pids_associated_interface buff: 
D/libc    (  137): _resolv_get_uids_associated_interface buff: 
D/libc-netbsd(  137): default dns: query_ipv6=0, query_ipv4=1
D/libc-netbsd(  137): res_queryN name = data.mistat.xiaomi.com, class = 1, type = 1
D/libc    (  137): _get_res_cache: iface = wlan0, cache=0xb74430d8
D/libc    (  137): _resolv_cache_lookup: lookup
D/libc    (  137): QUERY: RECURSIVE data.mistat.xiaomi.com (A)
D/libc    (  137): FOUND IN CACHE entry=0xb744fde0
D/libc-netbsd(  137): res_queryN name = data.mistat.xiaomi.com succeed
D/SocketClient(  137): SocketClient sendDatalocked done: 222
D/SocketClient(  137): SocketClient sendDatalocked done: 
D/SocketClient(  137): SocketClient sendDatalocked done: 
D/SocketClient(  137): SocketClient sendDatalocked done: 
D/SocketClient(  137): SocketClient sendDatalocked done: 
D/SocketClient(  137): SocketClient sendDatalocked done: 
D/SocketClient(  137): SocketClient sendDatalocked done: 
D/libc-netbsd(15927): getaddrinfo: data.mistat.xiaomi.com get result from proxy >>
I/System.out(15927): propertyValue:true
I/XiaomiFirewall( 1778): firewall pkgName:com.miui.video, result:0x0
I/System.out(15927): [socket][6] connection data.mistat.xiaomi.com/111.206.200.76:443;LocalPort=34633(10000)
I/System.out(15927): [CDS]connect[data.mistat.xiaomi.com/111.206.200.76:443] tm:10
D/Posix   (15927): [Posix_connect Debug]Process com.miui.video :443 
I/System.out(15927): [socket][/10.169.48.110:34633] connected
I/System.out(15927): [CDS]rx timeout:15000
D/NativeCrypto(15927): ssl=0x62b03a30 NativeCrypto_SSL_do_handshake fd=0x36800005 shc=0x32500009 timeout_millis=15000 client_mode=1 npn=0x0
D/NativeCrypto(15927): doing handshake ++
D/NativeCrypto(15927): ssl=0x62b03a30 info_callback where=0x10 ret=1
D/NativeCrypto(15927): ssl=0x62b03a30 handshake start in UNKWN  before/connect initialization
D/NativeCrypto(15927): ssl=0x62b03a30 info_callback ignored
D/NativeCrypto(15927): ssl=0x62b03a30 info_callback where=0x1001 ret=1
D/NativeCrypto(15927): ssl=0x62b03a30 SSL_connect:UNKWN  before/connect initialization
D/NativeCrypto(15927): ssl=0x62b03a30 info_callback ignored
D/NativeCrypto(15927): ssl=0x62b03a30 info_callback where=0x1001 ret=1
D/NativeCrypto(15927): ssl=0x62b03a30 SSL_connect:23WCHA SSLv2/v3 write client hello A
D/NativeCrypto(15927): ssl=0x62b03a30 info_callback ignored
D/NativeCrypto(15927): ssl=0x62b03a30 info_callback where=0x1002 ret=-1
D/NativeCrypto(15927): ssl=0x62b03a30 SSL_connect:error exit in 23RSHA SSLv2/v3 read server hello A
D/NativeCrypto(15927): ssl=0x62b03a30 info_callback ignored
D/NativeCrypto(15927): doing handshake -- ret=-1
D/NativeCrypto(15927): ssl=0x62b03a30 NativeCrypto_SSL_do_handshake ret=-1 errno=11 sslError=2 timeout_millis=15000
D/NativeCrypto(15927): doing handshake ++
D/NativeCrypto(15927): ssl=0x62b03a30 info_callback where=0x1001 ret=1
D/NativeCrypto(15927): ssl=0x62b03a30 SSL_connect:3RSH_A SSLv3 read server hello A
D/NativeCrypto(15927): ssl=0x62b03a30 info_callback ignored
D/NativeCrypto(15927): ssl=0x62b03a30 info_callback where=0x1002 ret=-1
D/NativeCrypto(15927): ssl=0x62b03a30 SSL_connect:error exit in 3RSC_A SSLv3 read server certificate A
D/NativeCrypto(15927): ssl=0x62b03a30 info_callback ignored
D/NativeCrypto(15927): ssl=0x62b03a30 info_callback where=0x1002 ret=-1
D/NativeCrypto(15927): ssl=0x62b03a30 SSL_connect:error exit in 3RSC_A SSLv3 read server certificate A
D/NativeCrypto(15927): ssl=0x62b03a30 info_callback ignored
D/NativeCrypto(15927): doing handshake -- ret=-1
D/NativeCrypto(15927): ssl=0x62b03a30 NativeCrypto_SSL_do_handshake ret=-1 errno=11 sslError=2 timeout_millis=15000
D/NativeCrypto(15927): doing handshake ++
E/NativeCrypto(15927): ssl=0x62b03a30 cert_verify_callback x509_store_ctx=0x62451938 arg=0x0
E/NativeCrypto(15927): ssl=0x62b03a30 cert_verify_callback calling verifyCertificateChain authMethod=RSA
D/NativeCrypto(15927): ssl=0x62b03a30 cert_verify_callback => 1
D/NativeCrypto(15927): ssl=0x62b03a30 info_callback where=0x1001 ret=1
D/NativeCrypto(15927): ssl=0x62b03a30 SSL_connect:3RSC_A SSLv3 read server certificate A
D/NativeCrypto(15927): ssl=0x62b03a30 info_callback ignored
D/NativeCrypto(15927): ssl=0x62b03a30 info_callback where=0x1001 ret=1
D/NativeCrypto(15927): ssl=0x62b03a30 SSL_connect:3RSD_A SSLv3 read server done A
D/NativeCrypto(15927): ssl=0x62b03a30 info_callback ignored
D/OpenSSLLib(15927):  User Build
D/NativeCrypto(15927): ssl=0x62b03a30 info_callback where=0x1001 ret=1
D/NativeCrypto(15927): ssl=0x62b03a30 SSL_connect:3WCKEA SSLv3 write client key exchange A
D/NativeCrypto(15927): ssl=0x62b03a30 info_callback ignored
D/NativeCrypto(15927): ssl=0x62b03a30 info_callback where=0x1001 ret=1
D/NativeCrypto(15927): ssl=0x62b03a30 SSL_connect:3WCCSA SSLv3 write change cipher spec A
D/NativeCrypto(15927): ssl=0x62b03a30 info_callback ignored
D/NativeCrypto(15927): ssl=0x62b03a30 info_callback where=0x1001 ret=1
D/NativeCrypto(15927): ssl=0x62b03a30 SSL_connect:3WFINA SSLv3 write finished A
D/NativeCrypto(15927): ssl=0x62b03a30 info_callback ignored
D/NativeCrypto(15927): ssl=0x62b03a30 info_callback where=0x1001 ret=1
D/NativeCrypto(15927): ssl=0x62b03a30 SSL_connect:3FLUSH SSLv3 flush data
D/NativeCrypto(15927): ssl=0x62b03a30 info_callback ignored
D/NativeCrypto(15927): ssl=0x62b03a30 info_callback where=0x1002 ret=-1
D/NativeCrypto(15927): ssl=0x62b03a30 SSL_connect:error exit in UNKWN  SSLv3 read server session ticket A
D/NativeCrypto(15927): ssl=0x62b03a30 info_callback ignored
D/NativeCrypto(15927): doing handshake -- ret=-1
D/NativeCrypto(15927): ssl=0x62b03a30 NativeCrypto_SSL_do_handshake ret=-1 errno=11 sslError=2 timeout_millis=15000
D/NativeCrypto(15927): doing handshake ++
D/NativeCrypto(15927): ssl=0x62b03a30 info_callback where=0x1001 ret=1
D/NativeCrypto(15927): ssl=0x62b03a30 SSL_connect:UNKWN  SSLv3 read server session ticket A
D/NativeCrypto(15927): ssl=0x62b03a30 info_callback ignored
D/NativeCrypto(15927): ssl=0x62b03a30 info_callback where=0x1001 ret=1
D/NativeCrypto(15927): ssl=0x62b03a30 SSL_connect:3RFINA SSLv3 read finished A
D/NativeCrypto(15927): ssl=0x62b03a30 info_callback ignored
D/NativeCrypto(15927): ssl=0x62b03a30 info_callback where=0x20 ret=1
D/NativeCrypto(15927): ssl=0x62b03a30 handshake done in SSLOK  SSL negotiation finished successfully
D/NativeCrypto(15927): ssl=0x62b03a30 info_callback calling handshakeCompleted
D/NativeCrypto(15927): ssl=0x62b03a30 info_callback completed
D/NativeCrypto(15927): ssl=0x62b03a30 info_callback where=0x1002 ret=1
D/NativeCrypto(15927): ssl=0x62b03a30 SSL_connect:ok exit in SSLOK  SSL negotiation finished successfully
D/NativeCrypto(15927): ssl=0x62b03a30 info_callback ignored
D/NativeCrypto(15927): doing handshake -- ret=1
D/NativeCrypto(15927): ssl=0x62b03a30 NativeCrypto_SSL_get_certificate => NULL
D/NativeCrypto(15927): ssl=0x62b03a30 sslWrite buf=0x428a1ad8 len=266 write_timeout_millis=0
D/NativeCrypto(15927): ssl=0x62b03a30 sslWrite buf=0x42b51ea8 len=1801 write_timeout_millis=0
D/NativeCrypto(15927): ssl=0x62b03a30 sslRead buf=0x4282cdd0 len=1500,timeo=15000
D/ConnectivityService(  690): getActiveNetworkInfo:NetworkInfo: type: WIFI[], state: CONNECTED/CONNECTED, reason: (unspecified), extra: "Autohome Inc.-Staff", roaming: false, failover: false, isAvailable: true, isConnectedToProvisioningNetwork: false, simId: 0/10060
I/System.out(15927): [CDS]rx timeout:100
I/System.out(15927): [CDS]rx timeout:100
D/NativeCrypto(15927): ssl=0x62b03a30 NativeCrypto_SSL_interrupt
D/NativeCrypto(15927):  sslNotify, appData=0x62a9c388 ret=1
D/NativeCrypto(15927):  sslNotify, appData=0x62a9c388 ret=1
D/NativeCrypto(15927): ssl=0x62b03a30 info_callback where=0x4008 ret=256
D/NativeCrypto(15927): ssl=0x62b03a30 SSL3 alert write:W:CN warning close notify
D/NativeCrypto(15927): ssl=0x62b03a30 info_callback ignored
I/System.out(15927): [CDS]close[34633]
I/System.out(15927): close [socket][/0.0.0.0:34633]
I/ANRManager(  690): CPU update time < 2.5sec
I/ANRManager(  690): updateProcessStats
D/WifiStateMachine(  690): ConnectedState{ when=-3ms what=131155 arg1=128 target=com.android.internal.util.StateMachine$SmHandler target=Handler (com.android.internal.util.StateMachine$SmHandler) {4339a0d0} }
D/WifiStateMachine(  690): L2ConnectedState{ when=-3ms what=131155 arg1=128 target=com.android.internal.util.StateMachine$SmHandler target=Handler (com.android.internal.util.StateMachine$SmHandler) {4339a0d0} }
D/WifiHW  (  690): enter -->wifi_send_command cmd=IFNAME=wlan0 SIGNAL_POLL
D/wpa_supplicant( 2854): RX ctrl_iface - hexdump(len=11): 53 49 47 4e 41 4c 5f 50 4f 4c 4c
D/wpa_supplicant( 2854): wlan0: Control interface command 'SIGNAL_POLL'
D/wpa_supplicant( 2854): nl80211: survey data missing!
D/WifiHW  (  690): leave --> reply=RSSI=-70
D/WifiHW  (  690): LINKSPEED=65
D/WifiHW  (  690): NOISE=9999
D/WifiHW  (  690): FREQUENCY=2412
D/WifiHW  (  690): 
D/wifi    (  690): doStringCommand, buf IFNAME=wlan0 SIGNAL_POLL
I/WifiStateMachine(  690): fetchRssiAndLinkSpeedNative, newRssi:-70, newLinkSpeed:65, SSID:"Autohome Inc.-Staff"
I/thermal_repeater(  169): oh, queryMdThermalInfo (0)Success
I/thermal_repeater(  169): [recvMdThermalInfo] ret=23, strLen=127,  1, 32767,,, 35, 55, 36
D/WifiStateMachine(  690): ConnectedState{ when=-3ms what=131155 arg1=128 target=com.android.internal.util.StateMachine$SmHandler target=Handler (com.android.internal.util.StateMachine$SmHandler) {4339a0d0} }
D/WifiStateMachine(  690): L2ConnectedState{ when=-4ms what=131155 arg1=128 target=com.android.internal.util.StateMachine$SmHandler target=Handler (com.android.internal.util.StateMachine$SmHandler) {4339a0d0} }
D/WifiHW  (  690): enter -->wifi_send_command cmd=IFNAME=wlan0 SIGNAL_POLL
D/wpa_supplicant( 2854): RX ctrl_iface - hexdump(len=11): 53 49 47 4e 41 4c 5f 50 4f 4c 4c
D/wpa_supplicant( 2854): wlan0: Control interface command 'SIGNAL_POLL'
D/wpa_supplicant( 2854): nl80211: survey data missing!
D/WifiHW  (  690): leave --> reply=RSSI=-70
D/WifiHW  (  690): LINKSPEED=65
D/WifiHW  (  690): NOISE=9999
D/WifiHW  (  690): FREQUENCY=2412
D/WifiHW  (  690): 
D/wifi    (  690): doStringCommand, buf IFNAME=wlan0 SIGNAL_POLL
I/WifiStateMachine(  690): fetchRssiAndLinkSpeedNative, newRssi:-70, newLinkSpeed:65, SSID:"Autohome Inc.-Staff"
D/StatusBar.NetworkController(  741): onSignalStrengthsChanged received on slotId :0signalStrength=SignalStrength:SIM1 27 99 -120 -160 -120 0 -1 99 255 255 255 2147483647 gsm|lte -234 1 1 level=5 cdmdlevel=0 evdolevel=0
V/ActivityManager(  690): Broadcast sticky: Intent { act=android.intent.action.SIG_STR flg=0x20000010 (has extras) } ordered=false userid=-1 callerApp=ProcessRecord{428591d0 690:system/1000}
D/WifiStateMachine(  690): ConnectedState{ when=-3ms what=131155 arg1=128 target=com.android.internal.util.StateMachine$SmHandler target=Handler (com.android.internal.util.StateMachine$SmHandler) {4339a0d0} }
D/WifiStateMachine(  690): L2ConnectedState{ when=-3ms what=131155 arg1=128 target=com.android.internal.util.StateMachine$SmHandler target=Handler (com.android.internal.util.StateMachine$SmHandler) {4339a0d0} }
D/WifiHW  (  690): enter -->wifi_send_command cmd=IFNAME=wlan0 SIGNAL_POLL
D/wpa_supplicant( 2854): RX ctrl_iface - hexdump(len=11): 53 49 47 4e 41 4c 5f 50 4f 4c 4c
D/wpa_supplicant( 2854): wlan0: Control interface command 'SIGNAL_POLL'
D/wpa_supplicant( 2854): nl80211: survey data missing!
D/WifiHW  (  690): leave --> reply=RSSI=-70
D/WifiHW  (  690): LINKSPEED=65
D/WifiHW  (  690): NOISE=9999
D/WifiHW  (  690): FREQUENCY=2412
D/WifiHW  (  690): 
D/wifi    (  690): doStringCommand, buf IFNAME=wlan0 SIGNAL_POLL
I/WifiStateMachine(  690): fetchRssiAndLinkSpeedNative, newRssi:-70, newLinkSpeed:65, SSID:"Autohome Inc.-Staff"
I/thermal_repeater(  169): oh, queryMdThermalInfo (0)Success
I/thermal_repeater(  169): [recvMdThermalInfo] ret=23, strLen=127,  1, 32767,,, 35, 55, 36
D/WifiStateMachine(  690): ConnectedState{ when=-3ms what=131155 arg1=128 target=com.android.internal.util.StateMachine$SmHandler target=Handler (com.android.internal.util.StateMachine$SmHandler) {4339a0d0} }
D/WifiStateMachine(  690): L2ConnectedState{ when=-3ms what=131155 arg1=128 target=com.android.internal.util.StateMachine$SmHandler target=Handler (com.android.internal.util.StateMachine$SmHandler) {4339a0d0} }
D/WifiHW  (  690): enter -->wifi_send_command cmd=IFNAME=wlan0 SIGNAL_POLL
D/wpa_supplicant( 2854): RX ctrl_iface - hexdump(len=11): 53 49 47 4e 41 4c 5f 50 4f 4c 4c
D/wpa_supplicant( 2854): wlan0: Control interface command 'SIGNAL_POLL'
D/wpa_supplicant( 2854): nl80211: survey data missing!
D/WifiHW  (  690): leave --> reply=RSSI=-70
D/WifiHW  (  690): LINKSPEED=65
D/WifiHW  (  690): NOISE=9999
D/WifiHW  (  690): FREQUENCY=2412
D/WifiHW  (  690): 
D/wifi    (  690): doStringCommand, buf IFNAME=wlan0 SIGNAL_POLL
I/WifiStateMachine(  690): fetchRssiAndLinkSpeedNative, newRssi:-70, newLinkSpeed:65, SSID:"Autohome Inc.-Staff"
I/thermal_repeater(  169): oh, queryMdThermalInfo (0)Success
I/thermal_repeater(  169): [recvMdThermalInfo] ret=23, strLen=127,  1, 32767,,, 35, 55, 36
D/WifiStateMachine(  690): ConnectedState{ when=0 what=131155 arg1=128 target=com.android.internal.util.StateMachine$SmHandler target=Handler (com.android.internal.util.StateMachine$SmHandler) {4339a0d0} }
D/WifiStateMachine(  690): L2ConnectedState{ when=-1ms what=131155 arg1=128 target=com.android.internal.util.StateMachine$SmHandler target=Handler (com.android.internal.util.StateMachine$SmHandler) {4339a0d0} }
D/WifiHW  (  690): enter -->wifi_send_command cmd=IFNAME=wlan0 SIGNAL_POLL
D/wpa_supplicant( 2854): RX ctrl_iface - hexdump(len=11): 53 49 47 4e 41 4c 5f 50 4f 4c 4c
D/wpa_supplicant( 2854): wlan0: Control interface command 'SIGNAL_POLL'
D/wpa_supplicant( 2854): nl80211: survey data missing!
D/WifiHW  (  690): leave --> reply=RSSI=-67
D/WifiHW  (  690): LINKSPEED=65
D/WifiHW  (  690): NOISE=9999
D/WifiHW  (  690): FREQUENCY=2412
D/WifiHW  (  690): 
D/wifi    (  690): doStringCommand, buf IFNAME=wlan0 SIGNAL_POLL
I/WifiStateMachine(  690): fetchRssiAndLinkSpeedNative, newRssi:-67, newLinkSpeed:65, SSID:"Autohome Inc.-Staff"
D/BatteryService(  690): mBatteryVoltage=3899, batteryLevel=50
V/ActivityManager(  690): Broadcast sticky: Intent { act=android.intent.action.BATTERY_CHANGED flg=0x60000010 (has extras) } ordered=false userid=-1 callerApp=null
D/PowerManagerService(  690): updateIsPoweredLocked: wasPowered=true, mIsPowered=true, oldPlugType=2, mPlugType=2, mBatteryLevel=49
D/PowerManagerService(  690): handleSandman: canDream=true, mWakefulness=Awake
D/WifiService(  690): onReceive, action:android.intent.action.BATTERY_CHANGED
D/UsbDeviceManager(  690): onReceive - BATTERY_CHANGED - mPlugType: 2, mSettingUsbCharging: false, mConnected: true, mSettingUsbBicr: false
D/WifiController(  690): DeviceActiveState{ when=-1ms what=155652 arg1=2 target=com.android.internal.util.StateMachine$SmHandler target=Handler (com.android.internal.util.StateMachine$SmHandler) {433ae9f8} }
D/WifiController(  690): StaEnabledState{ when=-1ms what=155652 arg1=2 target=com.android.internal.util.StateMachine$SmHandler target=Handler (com.android.internal.util.StateMachine$SmHandler) {433ae9f8} }
D/WifiController(  690): DefaultState{ when=-1ms what=155652 arg1=2 target=com.android.internal.util.StateMachine$SmHandler target=Handler (com.android.internal.util.StateMachine$SmHandler) {433ae9f8} }
D/WifiController(  690): battery changed pluggedType: 2
D/OpenGLRenderer(  741): prepareDirty (0.00, 0.00, 720.00, 50.00) opaque 0 <0x67356008>
D/OpenGLRenderer(  741): clear (0.00, 50 - 50.00 = 0.00, 720.00 - 0.00 = 720.00, 50.00 - 0.00 = 50.00) opaque 0 <0x67356008>
D/OpenGLRenderer(  741): finish <0x67356008>
I/BufferQueue(  141): [StatusBar](this:0xb86592d8,id:12,api:1,p:741,c:141) [queue] fps:0.05, dur:20199.70, max:20199.70, min:20199.70
I/BufferQueue(  141): [StatusBar](this:0xb86592d8,id:12,api:1,p:741,c:141) [release] fps:0.05, dur:20194.63, max:20194.63, min:20194.63
I/BufferQueue(  141): [FrameBufferSurface_0](this:0xb85fc1a8,id:0,api:1,p:141,c:141) [release] fps:0.05, dur:20194.60, max:20194.60, min:20194.60
I/BufferQueue(  141): [FrameBufferSurface_0](this:0xb85fc1a8,id:0,api:1,p:141,c:141) [queue] fps:0.05, dur:20194.60, max:20194.60, min:20194.60
I/SurfaceFlinger(  141): [Built-in Screen (type:0)] fps:0.049518,dur:20194.60,max:20194.60,min:20194.60
V/MiCloudSyncStateObserver(13951): broadcast received
V/MiCloudSyncStateObserver(13951): battery changed
I/InfoCollectManager( 1366): ACTION:android.intent.action.BATTERY_CHANGED
D/StatusBar.NetworkController(  741): onSignalStrengthsChanged received on slotId :0signalStrength=SignalStrength:SIM1 26 99 -120 -160 -120 0 -1 99 255 255 255 2147483647 gsm|lte -237 1 1 level=5 cdmdlevel=0 evdolevel=0
V/ActivityManager(  690): Broadcast sticky: Intent { act=android.intent.action.SIG_STR flg=0x20000010 (has extras) } ordered=false userid=-1 callerApp=ProcessRecord{428591d0 690:system/1000}
D/WifiStateMachine(  690): ConnectedState{ when=-3ms what=131155 arg1=128 target=com.android.internal.util.StateMachine$SmHandler target=Handler (com.android.internal.util.StateMachine$SmHandler) {4339a0d0} }
D/WifiStateMachine(  690): L2ConnectedState{ when=-3ms what=131155 arg1=128 target=com.android.internal.util.StateMachine$SmHandler target=Handler (com.android.internal.util.StateMachine$SmHandler) {4339a0d0} }
D/WifiHW  (  690): enter -->wifi_send_command cmd=IFNAME=wlan0 SIGNAL_POLL
D/wpa_supplicant( 2854): RX ctrl_iface - hexdump(len=11): 53 49 47 4e 41 4c 5f 50 4f 4c 4c
D/wpa_supplicant( 2854): wlan0: Control interface command 'SIGNAL_POLL'
D/wpa_supplicant( 2854): nl80211: survey data missing!
D/WifiHW  (  690): leave --> reply=RSSI=-67
D/WifiHW  (  690): LINKSPEED=65
D/WifiHW  (  690): NOISE=9999
D/WifiHW  (  690): FREQUENCY=2412
D/WifiHW  (  690): 
D/wifi    (  690): doStringCommand, buf IFNAME=wlan0 SIGNAL_POLL
I/WifiStateMachine(  690): fetchRssiAndLinkSpeedNative, newRssi:-67, newLinkSpeed:65, SSID:"Autohome Inc.-Staff"
I/thermal_repeater(  169): oh, queryMdThermalInfo (0)Success
I/thermal_repeater(  169): [recvMdThermalInfo] ret=23, strLen=127,  1, 32767,,, 35, 55, 36
D/AES     (  690): AEEIOCTL_RT_MON_Kick IOCTL,lParam=0. 
D/InputReader(  690): InputReader::monitor: lock
D/InputReader(  690): InputReader::monitor: wait 
D/InputReader(  690): InputReader::monitor: unlock
D/InputReader(  690): InputReader::monitor: done
D/WifiStateMachine(  690): ConnectedState{ when=-3ms what=131155 arg1=128 target=com.android.internal.util.StateMachine$SmHandler target=Handler (com.android.internal.util.StateMachine$SmHandler) {4339a0d0} }
D/WifiStateMachine(  690): L2ConnectedState{ when=-3ms what=131155 arg1=128 target=com.android.internal.util.StateMachine$SmHandler target=Handler (com.android.internal.util.StateMachine$SmHandler) {4339a0d0} }
D/WifiHW  (  690): enter -->wifi_send_command cmd=IFNAME=wlan0 SIGNAL_POLL
D/wpa_supplicant( 2854): RX ctrl_iface - hexdump(len=11): 53 49 47 4e 41 4c 5f 50 4f 4c 4c
D/wpa_supplicant( 2854): wlan0: Control interface command 'SIGNAL_POLL'
D/wpa_supplicant( 2854): nl80211: survey data missing!
D/WifiHW  (  690): leave --> reply=RSSI=-70
D/WifiHW  (  690): LINKSPEED=65
D/WifiHW  (  690): NOISE=9999
D/WifiHW  (  690): FREQUENCY=2412
D/WifiHW  (  690): 
D/wifi    (  690): doStringCommand, buf IFNAME=wlan0 SIGNAL_POLL
I/WifiStateMachine(  690): fetchRssiAndLinkSpeedNative, newRssi:-70, newLinkSpeed:65, SSID:"Autohome Inc.-Staff"
V/Provider/Settings(  690): get setting for user 0 by user 0 so skipping cache
V/Provider/Settings(  690):  from settings cache , name = sys_free_storage_log_interval , value = null
V/Provider/Settings(  690): get setting for user 0 by user 0 so skipping cache
V/Provider/Settings(  690):  from settings cache , name = disk_free_change_reporting_threshold , value = null
D/WifiStateMachine(  690): ConnectedState{ when=-3ms what=131155 arg1=128 target=com.android.internal.util.StateMachine$SmHandler target=Handler (com.android.internal.util.StateMachine$SmHandler) {4339a0d0} }
D/WifiStateMachine(  690): L2ConnectedState{ when=-3ms what=131155 arg1=128 target=com.android.internal.util.StateMachine$SmHandler target=Handler (com.android.internal.util.StateMachine$SmHandler) {4339a0d0} }
D/WifiHW  (  690): enter -->wifi_send_command cmd=IFNAME=wlan0 SIGNAL_POLL
D/wpa_supplicant( 2854): RX ctrl_iface - hexdump(len=11): 53 49 47 4e 41 4c 5f 50 4f 4c 4c
D/wpa_supplicant( 2854): wlan0: Control interface command 'SIGNAL_POLL'
D/wpa_supplicant( 2854): nl80211: survey data missing!
D/WifiHW  (  690): leave --> reply=RSSI=-70
D/WifiHW  (  690): LINKSPEED=65
D/WifiHW  (  690): NOISE=9999
D/WifiHW  (  690): FREQUENCY=2412
D/WifiHW  (  690): 
D/wifi    (  690): doStringCommand, buf IFNAME=wlan0 SIGNAL_POLL
I/WifiStateMachine(  690): fetchRssiAndLinkSpeedNative, newRssi:-70, newLinkSpeed:65, SSID:"Autohome Inc.-Staff"
I/thermal_repeater(  169): oh, queryMdThermalInfo (0)Success
I/thermal_repeater(  169): [recvMdThermalInfo] ret=23, strLen=127,  1, 32767,,, 36, 55, 36
D/StatusBar.NetworkController(  741): onSignalStrengthsChanged received on slotId :0signalStrength=SignalStrength:SIM1 27 99 -120 -160 -120 0 -1 99 255 255 255 2147483647 gsm|lte -229 1 1 level=5 cdmdlevel=0 evdolevel=0
V/ActivityManager(  690): Broadcast sticky: Intent { act=android.intent.action.SIG_STR flg=0x20000010 (has extras) } ordered=false userid=-1 callerApp=ProcessRecord{428591d0 690:system/1000}
D/WifiStateMachine(  690): ConnectedState{ when=-3ms what=131155 arg1=128 target=com.android.internal.util.StateMachine$SmHandler target=Handler (com.android.internal.util.StateMachine$SmHandler) {4339a0d0} }
D/WifiStateMachine(  690): L2ConnectedState{ when=-3ms what=131155 arg1=128 target=com.android.internal.util.StateMachine$SmHandler target=Handler (com.android.internal.util.StateMachine$SmHandler) {4339a0d0} }
D/WifiHW  (  690): enter -->wifi_send_command cmd=IFNAME=wlan0 SIGNAL_POLL
D/wpa_supplicant( 2854): RX ctrl_iface - hexdump(len=11): 53 49 47 4e 41 4c 5f 50 4f 4c 4c
D/wpa_supplicant( 2854): wlan0: Control interface command 'SIGNAL_POLL'
D/wpa_supplicant( 2854): nl80211: survey data missing!
D/WifiHW  (  690): leave --> reply=RSSI=-71
D/WifiHW  (  690): LINKSPEED=58
D/WifiHW  (  690): NOISE=9999
D/WifiHW  (  690): FREQUENCY=2412
D/WifiHW  (  690): 
D/wifi    (  690): doStringCommand, buf IFNAME=wlan0 SIGNAL_POLL
I/WifiStateMachine(  690): fetchRssiAndLinkSpeedNative, newRssi:-71, newLinkSpeed:58, SSID:"Autohome Inc.-Staff"
I/thermal_repeater(  169): oh, queryMdThermalInfo (0)Success
I/thermal_repeater(  169): [recvMdThermalInfo] ret=23, strLen=127,  1, 32767,,, 35, 55, 36
D/WifiStateMachine(  690): ConnectedState{ when=-3ms what=131155 arg1=128 target=com.android.internal.util.StateMachine$SmHandler target=Handler (com.android.internal.util.StateMachine$SmHandler) {4339a0d0} }
D/WifiStateMachine(  690): L2ConnectedState{ when=-3ms what=131155 arg1=128 target=com.android.internal.util.StateMachine$SmHandler target=Handler (com.android.internal.util.StateMachine$SmHandler) {4339a0d0} }
D/WifiHW  (  690): enter -->wifi_send_command cmd=IFNAME=wlan0 SIGNAL_POLL
D/wpa_supplicant( 2854): RX ctrl_iface - hexdump(len=11): 53 49 47 4e 41 4c 5f 50 4f 4c 4c
D/wpa_supplicant( 2854): wlan0: Control interface command 'SIGNAL_POLL'
D/wpa_supplicant( 2854): nl80211: survey data missing!
D/WifiHW  (  690): leave --> reply=RSSI=-71
D/WifiHW  (  690): LINKSPEED=58
D/WifiHW  (  690): NOISE=9999
D/WifiHW  (  690): FREQUENCY=2412
D/WifiHW  (  690): 
D/wifi    (  690): doStringCommand, buf IFNAME=wlan0 SIGNAL_POLL
I/WifiStateMachine(  690): fetchRssiAndLinkSpeedNative, newRssi:-71, newLinkSpeed:58, SSID:"Autohome Inc.-Staff"
D/WifiStateMachine(  690): ConnectedState{ when=-3ms what=131155 arg1=128 target=com.android.internal.util.StateMachine$SmHandler target=Handler (com.android.internal.util.StateMachine$SmHandler) {4339a0d0} }
D/WifiStateMachine(  690): L2ConnectedState{ when=-3ms what=131155 arg1=128 target=com.android.internal.util.StateMachine$SmHandler target=Handler (com.android.internal.util.StateMachine$SmHandler) {4339a0d0} }
D/WifiHW  (  690): enter -->wifi_send_command cmd=IFNAME=wlan0 SIGNAL_POLL
D/wpa_supplicant( 2854): RX ctrl_iface - hexdump(len=11): 53 49 47 4e 41 4c 5f 50 4f 4c 4c
D/wpa_supplicant( 2854): wlan0: Control interface command 'SIGNAL_POLL'
D/wpa_supplicant( 2854): nl80211: survey data missing!
D/WifiHW  (  690): leave --> reply=RSSI=-71
D/WifiHW  (  690): LINKSPEED=65
D/WifiHW  (  690): NOISE=9999
D/WifiHW  (  690): FREQUENCY=2412
D/WifiHW  (  690): 
D/wifi    (  690): doStringCommand, buf IFNAME=wlan0 SIGNAL_POLL
I/WifiStateMachine(  690): fetchRssiAndLinkSpeedNative, newRssi:-71, newLinkSpeed:65, SSID:"Autohome Inc.-Staff"
I/thermal_repeater(  169): oh, queryMdThermalInfo (0)Success
I/thermal_repeater(  169): [recvMdThermalInfo] ret=23, strLen=127,  1, 32767,,, 36, 55, 36
D/WifiStateMachine(  690): ConnectedState{ when=-3ms what=131155 arg1=128 target=com.android.internal.util.StateMachine$SmHandler target=Handler (com.android.internal.util.StateMachine$SmHandler) {4339a0d0} }
D/WifiStateMachine(  690): L2ConnectedState{ when=-3ms what=131155 arg1=128 target=com.android.internal.util.StateMachine$SmHandler target=Handler (com.android.internal.util.StateMachine$SmHandler) {4339a0d0} }
D/WifiHW  (  690): enter -->wifi_send_command cmd=IFNAME=wlan0 SIGNAL_POLL
D/wpa_supplicant( 2854): RX ctrl_iface - hexdump(len=11): 53 49 47 4e 41 4c 5f 50 4f 4c 4c
D/wpa_supplicant( 2854): wlan0: Control interface command 'SIGNAL_POLL'
D/wpa_supplicant( 2854): nl80211: survey data missing!
D/WifiHW  (  690): leave --> reply=RSSI=-71
D/WifiHW  (  690): LINKSPEED=65
D/WifiHW  (  690): NOISE=9999
D/WifiHW  (  690): FREQUENCY=2412
D/WifiHW  (  690): 
D/wifi    (  690): doStringCommand, buf IFNAME=wlan0 SIGNAL_POLL
I/WifiStateMachine(  690): fetchRssiAndLinkSpeedNative, newRssi:-71, newLinkSpeed:65, SSID:"Autohome Inc.-Staff"
D/WifiStateMachine(  690): ConnectedState{ when=-2ms what=131155 arg1=128 target=com.android.internal.util.StateMachine$SmHandler target=Handler (com.android.internal.util.StateMachine$SmHandler) {4339a0d0} }
D/WifiStateMachine(  690): L2ConnectedState{ when=-2ms what=131155 arg1=128 target=com.android.internal.util.StateMachine$SmHandler target=Handler (com.android.internal.util.StateMachine$SmHandler) {4339a0d0} }
D/WifiHW  (  690): enter -->wifi_send_command cmd=IFNAME=wlan0 SIGNAL_POLL
D/wpa_supplicant( 2854): RX ctrl_iface - hexdump(len=11): 53 49 47 4e 41 4c 5f 50 4f 4c 4c
D/wpa_supplicant( 2854): wlan0: Control interface command 'SIGNAL_POLL'
D/wpa_supplicant( 2854): nl80211: survey data missing!
D/WifiHW  (  690): leave --> reply=RSSI=-69
D/WifiHW  (  690): LINKSPEED=65
D/WifiHW  (  690): NOISE=9999
D/WifiHW  (  690): FREQUENCY=2412
D/WifiHW  (  690): 
D/wifi    (  690): doStringCommand, buf IFNAME=wlan0 SIGNAL_POLL
I/WifiStateMachine(  690): fetchRssiAndLinkSpeedNative, newRssi:-69, newLinkSpeed:65, SSID:"Autohome Inc.-Staff"
I/thermal_repeater(  169): oh, queryMdThermalInfo (0)Success
I/thermal_repeater(  169): [recvMdThermalInfo] ret=23, strLen=127,  1, 32767,,, 36, 55, 36
D/WifiStateMachine(  690): ConnectedState{ when=-3ms what=131155 arg1=128 target=com.android.internal.util.StateMachine$SmHandler target=Handler (com.android.internal.util.StateMachine$SmHandler) {4339a0d0} }
D/WifiStateMachine(  690): L2ConnectedState{ when=-3ms what=131155 arg1=128 target=com.android.internal.util.StateMachine$SmHandler target=Handler (com.android.internal.util.StateMachine$SmHandler) {4339a0d0} }
D/WifiHW  (  690): enter -->wifi_send_command cmd=IFNAME=wlan0 SIGNAL_POLL
D/wpa_supplicant( 2854): RX ctrl_iface - hexdump(len=11): 53 49 47 4e 41 4c 5f 50 4f 4c 4c
D/wpa_supplicant( 2854): wlan0: Control interface command 'SIGNAL_POLL'
D/wpa_supplicant( 2854): nl80211: survey data missing!
D/WifiHW  (  690): leave --> reply=RSSI=-69
D/WifiHW  (  690): LINKSPEED=65
D/WifiHW  (  690): NOISE=9999
D/WifiHW  (  690): FREQUENCY=2412
D/WifiHW  (  690): 
D/wifi    (  690): doStringCommand, buf IFNAME=wlan0 SIGNAL_POLL
I/WifiStateMachine(  690): fetchRssiAndLinkSpeedNative, newRssi:-69, newLinkSpeed:65, SSID:"Autohome Inc.-Staff"
I/thermal_repeater(  169): oh, queryMdThermalInfo (0)Success
I/thermal_repeater(  169): [recvMdThermalInfo] ret=23, strLen=127,  1, 32767,,, 36, 55, 36
D/StatusBar.NetworkController(  741): onSignalStrengthsChanged received on slotId :0signalStrength=SignalStrength:SIM1 29 99 -120 -160 -120 0 -1 99 255 255 255 2147483647 gsm|lte -220 1 1 level=5 cdmdlevel=0 evdolevel=0
V/ActivityManager(  690): Broadcast sticky: Intent { act=android.intent.action.SIG_STR flg=0x20000010 (has extras) } ordered=false userid=-1 callerApp=ProcessRecord{428591d0 690:system/1000}
D/WifiStateMachine(  690): ConnectedState{ when=-3ms what=131155 arg1=128 target=com.android.internal.util.StateMachine$SmHandler target=Handler (com.android.internal.util.StateMachine$SmHandler) {4339a0d0} }
D/WifiStateMachine(  690): L2ConnectedState{ when=-3ms what=131155 arg1=128 target=com.android.internal.util.StateMachine$SmHandler target=Handler (com.android.internal.util.StateMachine$SmHandler) {4339a0d0} }
D/WifiHW  (  690): enter -->wifi_send_command cmd=IFNAME=wlan0 SIGNAL_POLL
D/wpa_supplicant( 2854): RX ctrl_iface - hexdump(len=11): 53 49 47 4e 41 4c 5f 50 4f 4c 4c
D/wpa_supplicant( 2854): wlan0: Control interface command 'SIGNAL_POLL'
D/wpa_supplicant( 2854): nl80211: survey data missing!
D/WifiHW  (  690): leave --> reply=RSSI=-67
D/WifiHW  (  690): LINKSPEED=65
D/WifiHW  (  690): NOISE=9999
D/WifiHW  (  690): FREQUENCY=2412
D/WifiHW  (  690): 
D/wifi    (  690): doStringCommand, buf IFNAME=wlan0 SIGNAL_POLL
I/WifiStateMachine(  690): fetchRssiAndLinkSpeedNative, newRssi:-67, newLinkSpeed:65, SSID:"Autohome Inc.-Staff"
D/WifiStateMachine(  690): ConnectedState{ when=-3ms what=131155 arg1=128 target=com.android.internal.util.StateMachine$SmHandler target=Handler (com.android.internal.util.StateMachine$SmHandler) {4339a0d0} }
D/WifiStateMachine(  690): L2ConnectedState{ when=-3ms what=131155 arg1=128 target=com.android.internal.util.StateMachine$SmHandler target=Handler (com.android.internal.util.StateMachine$SmHandler) {4339a0d0} }
D/WifiHW  (  690): enter -->wifi_send_command cmd=IFNAME=wlan0 SIGNAL_POLL
D/wpa_supplicant( 2854): RX ctrl_iface - hexdump(len=11): 53 49 47 4e 41 4c 5f 50 4f 4c 4c
D/wpa_supplicant( 2854): wlan0: Control interface command 'SIGNAL_POLL'
D/wpa_supplicant( 2854): nl80211: survey data missing!
D/WifiHW  (  690): leave --> reply=RSSI=-67
D/WifiHW  (  690): LINKSPEED=65
D/WifiHW  (  690): NOISE=9999
D/WifiHW  (  690): FREQUENCY=2412
D/WifiHW  (  690): 
D/wifi    (  690): doStringCommand, buf IFNAME=wlan0 SIGNAL_POLL
I/WifiStateMachine(  690): fetchRssiAndLinkSpeedNative, newRssi:-67, newLinkSpeed:65, SSID:"Autohome Inc.-Staff"
I/thermal_repeater(  169): oh, queryMdThermalInfo (0)Success
I/thermal_repeater(  169): [recvMdThermalInfo] ret=23, strLen=127,  1, 32767,,, 36, 55, 36
D/AES     (  690): AEEIOCTL_RT_MON_Kick IOCTL,lParam=0. 
D/InputReader(  690): InputReader::monitor: lock
D/InputReader(  690): InputReader::monitor: wait 
D/InputReader(  690): InputReader::monitor: unlock
D/InputReader(  690): InputReader::monitor: done
D/WifiStateMachine(  690): ConnectedState{ when=-1ms what=131155 arg1=128 target=com.android.internal.util.StateMachine$SmHandler target=Handler (com.android.internal.util.StateMachine$SmHandler) {4339a0d0} }
D/WifiStateMachine(  690): L2ConnectedState{ when=-1ms what=131155 arg1=128 target=com.android.internal.util.StateMachine$SmHandler target=Handler (com.android.internal.util.StateMachine$SmHandler) {4339a0d0} }
D/WifiHW  (  690): enter -->wifi_send_command cmd=IFNAME=wlan0 SIGNAL_POLL
D/wpa_supplicant( 2854): RX ctrl_iface - hexdump(len=11): 53 49 47 4e 41 4c 5f 50 4f 4c 4c
D/wpa_supplicant( 2854): wlan0: Control interface command 'SIGNAL_POLL'
V/Provider/Settings(  690): get setting for user 0 by user 0 so skipping cache
V/Provider/Settings(  690):  from settings cache , name = sys_free_storage_log_interval , value = null
V/Provider/Settings(  690): get setting for user 0 by user 0 so skipping cache
V/Provider/Settings(  690):  from settings cache , name = disk_free_change_reporting_threshold , value = null
D/wpa_supplicant( 2854): nl80211: survey data missing!
D/WifiHW  (  690): leave --> reply=RSSI=-68
D/WifiHW  (  690): LINKSPEED=65
D/WifiHW  (  690): NOISE=9999
D/WifiHW  (  690): FREQUENCY=2412
D/WifiHW  (  690): 
D/wifi    (  690): doStringCommand, buf IFNAME=wlan0 SIGNAL_POLL
I/WifiStateMachine(  690): fetchRssiAndLinkSpeedNative, newRssi:-68, newLinkSpeed:65, SSID:"Autohome Inc.-Staff"
D/StatusBar.NetworkController(  741): onSignalStrengthsChanged received on slotId :0signalStrength=SignalStrength:SIM1 28 99 -120 -160 -120 0 -1 99 255 255 255 2147483647 gsm|lte -221 1 1 level=5 cdmdlevel=0 evdolevel=0
V/ActivityManager(  690): Broadcast sticky: Intent { act=android.intent.action.SIG_STR flg=0x20000010 (has extras) } ordered=false userid=-1 callerApp=ProcessRecord{428591d0 690:system/1000}
D/WifiStateMachine(  690): ConnectedState{ when=-3ms what=131155 arg1=128 target=com.android.internal.util.StateMachine$SmHandler target=Handler (com.android.internal.util.StateMachine$SmHandler) {4339a0d0} }
D/WifiStateMachine(  690): L2ConnectedState{ when=-3ms what=131155 arg1=128 target=com.android.internal.util.StateMachine$SmHandler target=Handler (com.android.internal.util.StateMachine$SmHandler) {4339a0d0} }
D/WifiHW  (  690): enter -->wifi_send_command cmd=IFNAME=wlan0 SIGNAL_POLL
D/wpa_supplicant( 2854): RX ctrl_iface - hexdump(len=11): 53 49 47 4e 41 4c 5f 50 4f 4c 4c
D/wpa_supplicant( 2854): wlan0: Control interface command 'SIGNAL_POLL'
D/wpa_supplicant( 2854): nl80211: survey data missing!
D/WifiHW  (  690): leave --> reply=RSSI=-68
D/WifiHW  (  690): LINKSPEED=65
D/WifiHW  (  690): NOISE=9999
D/WifiHW  (  690): FREQUENCY=2412
D/WifiHW  (  690): 
D/wifi    (  690): doStringCommand, buf IFNAME=wlan0 SIGNAL_POLL
I/WifiStateMachine(  690): fetchRssiAndLinkSpeedNative, newRssi:-68, newLinkSpeed:65, SSID:"Autohome Inc.-Staff"
I/thermal_repeater(  169): oh, queryMdThermalInfo (0)Success
I/thermal_repeater(  169): [recvMdThermalInfo] ret=23, strLen=127,  1, 32767,,, 36, 55, 36
V/ActivityManager(  690): Broadcast: Intent { act=android.intent.action.TIME_TICK flg=0x50000014 (has extras) } ordered=true userid=-1 callerApp=null
D/ActivityThread(  690): BDC-Calling onReceive: intent=Intent { act=android.intent.action.TIME_TICK flg=0x50000014 (has extras) }, ordered=true, receiver=com.android.server.AlarmManagerService$ClockReceiver@43062d30, IIntentReceiver=43062a68
V/AlarmManager(  690): isAlarmNeedAlign : charging
V/Provider/Settings(  741): get setting for user 0 by user 0 so skipping cache
V/Provider/Settings(  741):  from settings cache , name = time_12_24 , value = null
D/PowerManagerService(  690): acquireWakeLockInternal: lock=1124705776, flags=0x1, tag="AlarmManager", ws=WorkSource{1000}, uid=1000, pid=690
D/PowerManagerNotifier(  690): onWakeLockAcquired: flags=1, tag="AlarmManager", packageName=android, ownerUid=1000, ownerPid=690, workSource=WorkSource{1000}
D/PowerManagerService(  690): updateWakeLockSummaryLocked: mWakefulness=Awake, mWakeLockSummary=0x1
