I/ServiceManager( 3944): Waiting for service goodix.fp...
D/BaseMiuiPhoneWindowManager( 1377): keyCode:3 down:true 5070765 5070765 isScreenOn:true
D/BaseMiuiPhoneWindowManager( 1377): keyCode:3 down:false 5070915 5070765 isScreenOn:true
I/ActivityManager( 1377): START u0 {act=android.intent.action.MAIN cat=[android.intent.category.HOME] flg=0x10200000 cmp=com.miui.home/.launcher.Launcher} from uid 1000 on display 0
D/WtProcessController( 3842): onAMPauseActivity callback
D/CrashReport(12072): >>> cn.com.autohome.travel.module.recommend.StampDetailActivity onPaused <<<
I/CrashReport-Native(12072): Set native info: isAppForeground(false)
D/WtProcessController( 3842): onAMTaskToFront callback
I/WtEventController( 3842): dispatchSysInfoEvent AM_NEW_INTENT componentName:com.miui.home/.launcher.Launcher
E/ANDR-PERF-RESOURCEQS( 5187): Failed to apply optimization [2, 0]
E/ActivityManager( 1377): Invalid thumbnail dimensions: 0x0
D/WtProcessController( 3842): onAMResumeActivity callback
D/WtProcessController( 3842): set foreground process size 1 pid:4033pacakgeName:com.miui.home
W/WtProcessStrategy( 3842): {WhetstonePackageInfo#PacakgeName:com.miui.home uiMemoryThresold:0 nonUiMemoryThresold:0 Flag:-2147483392,0x80000100 [,APP_SYSTEM] Type:0[] }not support ZRAM
D/PowerKeeperExecutor( 5119): foreground_change:
I/Timeline( 1377): Timeline: App_transition_ready time:5070943
I/octvm_power( 5022): power mode [home] start 1506675780
I/octvm_power( 5022): Action: set_cpu_powermode(middle) for [foreground_change]
I/octvm_drv( 5022): common drv: platform_set_power_profile -> platform not support
I/octvm_power( 5022): Action: set_lcd_mode(default) for [foreground_change]
I/octvm_drv( 5022): common drv: platform_set_lcd_mode -> platform not support
I/octvm_power( 5022): onPowerModeChanged[home] called
I/Timeline( 1377): Timeline: App_transition_ready time:5070950
I/RenderThread( 4033): RenderThread resumed
I/RenderThread( 4033): All controllers paused.
I/RenderThread( 4033): RenderThread paused, waiting for signal
I/RenderThread( 4033): RenderThread resumed
I/RenderThread( 4033): All controllers paused.
I/RenderThread( 4033): RenderThread paused, waiting for signal
I/Timeline( 1377): Timeline: App_transition_ready time:5070983
W/IInputConnectionWrapper(12072): showStatusIcon on inactive InputConnection
I/Timeline( 4033): Timeline: Activity_idle id: android.os.BinderProxy@14d1bd08 time:5071020
I/Timeline( 1377): Timeline: App_transition_ready time:5071024
I/Timeline( 1377): Timeline: Activity_windows_visible id: ActivityRecord{1cc149d u0 com.miui.home/.launcher.Launcher t1378} time:5071181
I/Timeline( 1377): Timeline: App_transition_stopped time:5071182
I/SurfaceFlinger(  425): FPS: 59
W/AD-PLUGIN-AppInstallActivateManager( 4056): unRegisterSplashPackageUpdatedListener
I/InputReader( 1377): Dropping virtual key from device Atmel_maXTouch_Touchscreen because virtual keys are temporarily disabled for the next 90.439ms.  keyCode=4, scanCode=158
I/ServiceManager( 3944): Waiting for service goodix.fp...
I/InputReader( 1377): Dropping key up from device Atmel_maXTouch_Touchscreen because the key was not down.  keyCode=4, scanCode=158
I/SurfaceFlinger(  425): FPS: 58
I/ServiceManager(17717): Waiting for service AtCmdFwd...
I/ServiceManager( 3944): Waiting for service goodix.fp...
D/wpa_supplicant( 3171): wlan0: Control interface command 'SIGNAL_POLL'
I/PowerKeeperBackgroundService( 5119): onStartCommand()
I/PowerKeeperService( 5119): onAlarm
I/SurfaceFlinger(  425): FPS: 30
I/ServiceManager(17717): Waiting for service AtCmdFwd...
I/ServiceManager( 3944): Waiting for service goodix.fp...
D/WtProcessStrategy( 3842): do trim { PackageName :com.qihoo.appstore Pid: 3530 Uid: 10477 Start by: unknown Score:50 Old score:50 state:0 mBackgroundTimeInMillis:1506672458538 WakelockCount:0 wakelogsize:0  ActivityDestroied:false Activity size: 0 PackageInfo:{WhetstonePackageInfo#PacakgeName:com.qihoo.appstore uiMemoryThresold:0 nonUiMemoryThresold:0 Flag:0,0x0 [] Type:96[,AUTO_START] } tasknum:-1}
D/WtProcessStrategy( 3842): do trim { PackageName :com.qihoo.appstore Pid: 6088 Uid: 10477 Start by: service Score:50 Old score:50 state:0 mBackgroundTimeInMillis:1506672458538 WakelockCount:0 wakelogsize:0  ActivityDestroied:false Activity size: 0 PackageInfo:{WhetstonePackageInfo#PacakgeName:com.qihoo.appstore uiMemoryThresold:0 nonUiMemoryThresold:0 Flag:0,0x0 [] Type:96[,AUTO_START] } tasknum:-1}
D/WtProcessStrategy( 3842): do trim { PackageName :com.qihoo.appstore Pid: 11063 Uid: 10477 Start by: service Score:50 Old score:50 state:0 mBackgroundTimeInMillis:1506672458538 WakelockCount:0 wakelogsize:0  ActivityDestroied:false Activity size: 0 PackageInfo:{WhetstonePackageInfo#PacakgeName:com.qihoo.appstore uiMemoryThresold:0 nonUiMemoryThresold:0 Flag:0,0x0 [] Type:96[,AUTO_START] } tasknum:-1}
I/subsystem_ramdump(18577): Usage:./system/bin/subsystem_ramdump [arg1] [arg2] [arg3]
I/subsystem_ramdump(18577): [arg1]: (1/2) Ramdump location: 1: eMMC: /data/ramdump or 2: SD card: /sdcard/ramdump
I/subsystem_ramdump(18577): [arg2]: (1/0) 1: Enable RPM log / 0: Disable RPM log
I/subsystem_ramdump(18577): [arg3]: (1/0) 1: Enable qdss ramdump / 0: Disable qdss ramdump
I/subsystem_ramdump(18577):  Using default ramdump location 1: eMMC: /data/ramdump
I/subsystem_ramdump(18577):  Using default 0: Disable RPM log
I/subsystem_ramdump(18577):  Using default 0: Disable qdss ramdump
E/subsystem_ramdump(18577): Unable to open /dev
E/subsystem_ramdump(18577): Failed to find pil ramdump
I/SurfaceFlinger(  425): FPS: 58
I/ServiceManager(17717): Waiting for service AtCmdFwd...
E/WifiStateMachine( 1377): WifiStateMachine CMD_START_SCAN source 10032 txSuccessRate=0.00 rxSuccessRate=0.00 targetRoamBSSID=any RSSI=-50
D/wpa_supplicant( 3171): wlan0: Control interface command 'SCAN TYPE=ONLY'
D/wpa_supplicant( 3171): wlan0: Setting scan request: 0.000000 sec
D/wpa_supplicant( 3171): wlan0: Starting AP scan for wildcard SSID
D/wpa_supplicant( 3171): wlan0: Add radio work 'scan'@0x55b12b49d0
D/wpa_supplicant( 3171): wlan0: First radio work item in the queue - schedule start immediately
D/wpa_supplicant( 3171): wlan0: Starting radio work 'scan'@0x55b12b49d0 after 0.000048 second wait
D/wpa_supplicant( 3171): wlan0: nl80211: scan request
D/wpa_supplicant( 3171): Scan requested (ret=0) - scan timeout 30 seconds
D/wpa_supplicant( 3171): nl80211: Drv Event 33 (NL80211_CMD_TRIGGER_SCAN) received for wlan0
D/wpa_supplicant( 3171): wlan0: nl80211: Scan trigger
D/wpa_supplicant( 3171): wlan0: Event SCAN_STARTED (49) received
D/wpa_supplicant( 3171): wlan0: Own scan request started a scan in 0.000163 seconds
D/wpa_supplicant( 3171): CTRL_IFACE monitor sent successfully to /data/misc/wifi/sockets/wpa_ctrl_467-2\x00
D/wpa_supplicant( 3171): CTRL_IFACE monitor sent successfully to /data/misc/wifi/sockets/wpa_ctrl_1377-2\x00
I/WifiHAL ( 1377): Poll result = 1
I/WifiHAL ( 1377): Found some events!!!
D/WifiHAL ( 1377): no_seq_check received
I/WifiHAL ( 1377): event received NL80211_CMD_TRIGGER_SCAN
I/WifiHAL ( 1377): event received NL80211_CMD_TRIGGER_SCAN, vendor_id = 0x0
I/WifiHAL ( 1377): event ignored!!
D/FingerGoodix( 3944): go into while FingerPrint,getFingerPrintService()
I/ServiceManager( 3944): Waiting for service goodix.fp...
I/MSM-irqbalance(  841): Decided to move IRQ203 from CPU0 to CPU2
I/ServiceManager(17717): Waiting for service AtCmdFwd...
I/SurfaceFlinger(  425): FPS: 58
D/wpa_supplicant( 3171): wlan0: Control interface command 'SIGNAL_POLL'
I/ServiceManager( 3944): Waiting for service goodix.fp...
I/ServiceManager(17717): Waiting for service AtCmdFwd...
I/SurfaceFlinger(  425): FPS: 58
I/WifiHAL ( 1377): Poll result = 1
I/WifiHAL ( 1377): Found some events!!!
D/WifiHAL ( 1377): no_seq_check received
I/WifiHAL ( 1377): event received NL80211_CMD_NEW_SCAN_RESULTS
I/WifiHAL ( 1377): event received NL80211_CMD_NEW_SCAN_RESULTS, vendor_id = 0x0
I/WifiHAL ( 1377): event ignored!!
D/wpa_supplicant( 3171): nl80211: Drv Event 34 (NL80211_CMD_NEW_SCAN_RESULTS) received for wlan0
D/wpa_supplicant( 3171): wlan0: nl80211: New scan results available
D/wpa_supplicant( 3171): nl80211: Scan included frequencies: 2412 2417 2422 2427 2432 2437 2442 2447 2452 2457 2462 2467 2472 5180 5200 5220 5240 5260 5280 5300 5320 5745 5765 5785 5805 5825
D/wpa_supplicant( 3171): wlan0: Event SCAN_RESULTS (3) received
D/wpa_supplicant( 3171): wlan0: Scan completed in 2.345624 seconds
D/wpa_supplicant( 3171): nl80211: Associated on 2412 MHz
D/wpa_supplicant( 3171): nl80211: Associated with 8c:be:be:4b:f8:f7
D/wpa_supplicant( 3171): nl80211: Received scan results (83 BSSes)
D/wpa_supplicant( 3171): nl80211: Scan results indicate BSS status with 8c:be:be:4b:f8:f7 as associated
D/wpa_supplicant( 3171): wlan0: BSS: Start scan result update 452
D/wpa_supplicant( 3171): wlan0: BSS: Add new id 1179 BSSID 58:b6:33:4e:8d:28 SSID 'bjpublic'
D/wpa_supplicant( 3171): CTRL_IFACE monitor sent successfully to /data/misc/wifi/sockets/wpa_ctrl_467-2\x00
D/wpa_supplicant( 3171): CTRL_IFACE monitor sent successfully to /data/misc/wifi/sockets/wpa_ctrl_1377-2\x00
D/wpa_supplicant( 3171): wlan0: BSS: Add new id 1180 BSSID 38:1c:1a:2f:ff:d0 SSID 'liugong'
D/wpa_supplicant( 3171): CTRL_IFACE monitor sent successfully to /data/misc/wifi/sockets/wpa_ctrl_467-2\x00
D/wpa_supplicant( 3171): CTRL_IFACE monitor sent successfully to /data/misc/wifi/sockets/wpa_ctrl_1377-2\x00
D/wpa_supplicant( 3171): wlan0: BSS: Add new id 1181 BSSID 58:b6:33:0e:8d:28 SSID 'xsj'
D/wpa_supplicant( 3171): CTRL_IFACE monitor sent successfully to /data/misc/wifi/sockets/wpa_ctrl_467-2\x00
D/wpa_supplicant( 3171): CTRL_IFACE monitor sent successfully to /data/misc/wifi/sockets/wpa_ctrl_1377-2\x00
D/wpa_supplicant( 3171): wlan0: BSS: Remove id 1160 BSSID 04:bd:88:4f:3c:45 SSID 'Autohome Inc.-Staff' due to no match in scan
D/wpa_supplicant( 3171): CTRL_IFACE monitor sent successfully to /data/misc/wifi/sockets/wpa_ctrl_467-2\x00
D/wpa_supplicant( 3171): CTRL_IFACE monitor sent successfully to /data/misc/wifi/sockets/wpa_ctrl_1377-2\x00
D/wpa_supplicant( 3171): wlan0: BSS: Remove id 1161 BSSID 04:bd:88:37:c9:61 SSID 'Tech.Autohome Inc.' due to no match in scan
D/wpa_supplicant( 3171): CTRL_IFACE monitor sent successfully to /data/misc/wifi/sockets/wpa_ctrl_467-2\x00
D/wpa_supplicant( 3171): CTRL_IFACE monitor sent successfully to /data/misc/wifi/sockets/wpa_ctrl_1377-2\x00
D/wpa_supplicant( 3171): wlan0: BSS: Remove id 1163 BSSID 04:bd:88:37:c9:60 SSID 'Autohome Inc.-Guest' due to no match in scan
D/wpa_supplicant( 3171): CTRL_IFACE monitor sent successfully to /data/misc/wifi/sockets/wpa_ctrl_467-2\x00
D/wpa_supplicant( 3171): CTRL_IFACE monitor sent successfully to /data/misc/wifi/sockets/wpa_ctrl_1377-2\x00
D/wpa_supplicant( 3171): BSS: last_scan_res_used=83/128
D/wpa_supplicant( 3171): wlan0: Scan-only results received
D/wpa_supplicant( 3171): CTRL_IFACE monitor sent successfully to /data/misc/wifi/sockets/wpa_ctrl_467-2\x00
D/wpa_supplicant( 3171): CTRL_IFACE monitor sent successfully to /data/misc/wifi/sockets/wpa_ctrl_1377-2\x00
D/wpa_supplicant( 3171): wlan0: Radio work 'scan'@0x55b12b49d0 done in 2.385865 seconds
D/wpa_supplicant( 3171): wlan0: Control interface command 'BSS RANGE=0- MASK=0x23987'
D/wpa_supplicant( 3171): wlan0: Control interface command 'BSS RANGE=492- MASK=0x23987'
D/wpa_supplicant( 3171): wlan0: Control interface command 'BSS RANGE=1140- MASK=0x23987'
D/LBSSystemMonitorService( 1377): handleMessage what - 4
D/Wiper_jni( 1377): Send Network Location.
I/art     ( 1377): Background sticky concurrent mark sweep GC freed 228902(12MB) AllocSpace objects, 95(2MB) LOS objects, 17% free, 38MB/46MB, paused 2.019ms total 104.173ms
I/ServiceManager( 3944): Waiting for service goodix.fp...
W/Atfwd_Sendcmd(17717): AtCmdFwd service not published, waiting... retryCnt : 2
I/SurfaceFlinger(  425): FPS: 58
I/ServiceManager( 3944): Waiting for service goodix.fp...
D/wpa_supplicant( 3171): wlan0: Control interface command 'SIGNAL_POLL'
I/ServiceManager( 3944): Waiting for service goodix.fp...
I/subsystem_ramdump(18580): Usage:./system/bin/subsystem_ramdump [arg1] [arg2] [arg3]
I/subsystem_ramdump(18580): [arg1]: (1/2) Ramdump location: 1: eMMC: /data/ramdump or 2: SD card: /sdcard/ramdump
I/subsystem_ramdump(18580): [arg2]: (1/0) 1: Enable RPM log / 0: Disable RPM log
I/subsystem_ramdump(18580): [arg3]: (1/0) 1: Enable qdss ramdump / 0: Disable qdss ramdump
I/subsystem_ramdump(18580):  Using default ramdump location 1: eMMC: /data/ramdump
I/subsystem_ramdump(18580):  Using default 0: Disable RPM log
I/subsystem_ramdump(18580):  Using default 0: Disable qdss ramdump
E/subsystem_ramdump(18580): Unable to open /dev
E/subsystem_ramdump(18580): Failed to find pil ramdump
D/FingerGoodix( 3944): go into while FingerPrint,getFingerPrintService()
I/MSM-irqbalance(  841): Decided to move IRQ130 from CPU0 to CPU2
I/ServiceManager( 3944): Waiting for service goodix.fp...
I/SurfaceFlinger(  425): FPS: 19
I/ServiceManager( 3944): Waiting for service goodix.fp...
D/wpa_supplicant( 3171): wlan0: Control interface command 'SIGNAL_POLL'
I/ServiceManager( 3944): Waiting for service goodix.fp...
I/ServiceManager( 3944): Waiting for service goodix.fp...
I/subsystem_ramdump(18582): Usage:./system/bin/subsystem_ramdump [arg1] [arg2] [arg3]
I/subsystem_ramdump(18582): [arg1]: (1/2) Ramdump location: 1: eMMC: /data/ramdump or 2: SD card: /sdcard/ramdump
I/subsystem_ramdump(18582): [arg2]: (1/0) 1: Enable RPM log / 0: Disable RPM log
I/subsystem_ramdump(18582): [arg3]: (1/0) 1: Enable qdss ramdump / 0: Disable qdss ramdump
I/subsystem_ramdump(18582):  Using default ramdump location 1: eMMC: /data/ramdump
I/subsystem_ramdump(18582):  Using default 0: Disable RPM log
I/subsystem_ramdump(18582):  Using default 0: Disable qdss ramdump
E/subsystem_ramdump(18582): Unable to open /dev
E/subsystem_ramdump(18582): Failed to find pil ramdump
I/ServiceManager( 3944): Waiting for service goodix.fp...
D/wpa_supplicant( 3171): wlan0: Control interface command 'SIGNAL_POLL'
I/SurfaceFlinger(  425): FPS: 1
I/MSM-irqbalance(  841): Decided to move IRQ200 from CPU0 to CPU2
D/FingerGoodix( 3944): go into while FingerPrint,getFingerPrintService()
I/ServiceManager( 3944): Waiting for service goodix.fp...
E/WifiStateMachine( 1377): WifiStateMachine CMD_START_SCAN source -2 txSuccessRate=0.00 rxSuccessRate=0.00 targetRoamBSSID=any RSSI=-45
E/WifiStateMachine( 1377): WifiStateMachine starting scan for "mtest"-WPA_PSK with 2412
D/wpa_supplicant( 3171): wlan0: Control interface command 'SCAN TYPE=ONLY freq=2412'
D/wpa_supplicant( 3171): wlan0: Setting scan request: 0.000000 sec
D/wpa_supplicant( 3171): wlan0: Starting AP scan for wildcard SSID
D/wpa_supplicant( 3171): wlan0: Limit manual scan to specified channels
D/wpa_supplicant( 3171): wlan0: Add radio work 'scan'@0x55b12b49d0
D/wpa_supplicant( 3171): wlan0: First radio work item in the queue - schedule start immediately
D/wpa_supplicant( 3171): wlan0: Starting radio work 'scan'@0x55b12b49d0 after 0.000048 second wait
D/wpa_supplicant( 3171): wlan0: nl80211: scan request
D/wpa_supplicant( 3171): Scan requested (ret=0) - scan timeout 30 seconds
D/wpa_supplicant( 3171): nl80211: Drv Event 33 (NL80211_CMD_TRIGGER_SCAN) received for wlan0
D/wpa_supplicant( 3171): wlan0: nl80211: Scan trigger
I/WifiHAL ( 1377): Poll result = 1
I/WifiHAL ( 1377): Found some events!!!
D/wpa_supplicant( 3171): wlan0: Event SCAN_STARTED (49) received
D/wpa_supplicant( 3171): wlan0: Own scan request started a scan in 0.000150 seconds
D/WifiHAL ( 1377): no_seq_check received
I/WifiHAL ( 1377): event received NL80211_CMD_TRIGGER_SCAN
I/WifiHAL ( 1377): event received NL80211_CMD_TRIGGER_SCAN, vendor_id = 0x0
I/WifiHAL ( 1377): event ignored!!
D/wpa_supplicant( 3171): CTRL_IFACE monitor sent successfully to /data/misc/wifi/sockets/wpa_ctrl_467-2\x00
D/wpa_supplicant( 3171): CTRL_IFACE monitor sent successfully to /data/misc/wifi/sockets/wpa_ctrl_1377-2\x00
I/WifiHAL ( 1377): Poll result = 1
I/WifiHAL ( 1377): Found some events!!!
D/WifiHAL ( 1377): no_seq_check received
I/WifiHAL ( 1377): event received NL80211_CMD_NEW_SCAN_RESULTS
I/WifiHAL ( 1377): event received NL80211_CMD_NEW_SCAN_RESULTS, vendor_id = 0x0
I/WifiHAL ( 1377): event ignored!!
D/wpa_supplicant( 3171): nl80211: Drv Event 34 (NL80211_CMD_NEW_SCAN_RESULTS) received for wlan0
D/wpa_supplicant( 3171): wlan0: nl80211: New scan results available
D/wpa_supplicant( 3171): nl80211: Scan included frequencies: 2412
D/wpa_supplicant( 3171): wlan0: Event SCAN_RESULTS (3) received
D/wpa_supplicant( 3171): wlan0: Scan completed in 0.070592 seconds
D/wpa_supplicant( 3171): nl80211: Associated on 2412 MHz
D/wpa_supplicant( 3171): nl80211: Associated with 8c:be:be:4b:f8:f7
D/wpa_supplicant( 3171): nl80211: Received scan results (85 BSSes)
D/wpa_supplicant( 3171): nl80211: Scan results indicate BSS status with 8c:be:be:4b:f8:f7 as associated
D/wpa_supplicant( 3171): wlan0: BSS: Start scan result update 453
D/wpa_supplicant( 3171): wlan0: BSS: Remove id 1150 BSSID 04:bd:88:4f:2a:60 SSID 'baojia.Autohome Inc.' due to no match in scan
D/wpa_supplicant( 3171): CTRL_IFACE monitor sent successfully to /data/misc/wifi/sockets/wpa_ctrl_467-2\x00
D/wpa_supplicant( 3171): CTRL_IFACE monitor sent successfully to /data/misc/wifi/sockets/wpa_ctrl_1377-2\x00
D/wpa_supplicant( 3171): BSS: last_scan_res_used=85/128
D/wpa_supplicant( 3171): wlan0: Scan-only results received
D/wpa_supplicant( 3171): CTRL_IFACE monitor sent successfully to /data/misc/wifi/sockets/wpa_ctrl_467-2\x00
D/wpa_supplicant( 3171): CTRL_IFACE monitor sent successfully to /data/misc/wifi/sockets/wpa_ctrl_1377-2\x00
D/wpa_supplicant( 3171): wlan0: Radio work 'scan'@0x55b12b49d0 done in 0.090004 seconds
D/wpa_supplicant( 3171): wlan0: Control interface command 'BSS RANGE=0- MASK=0x23987'
D/wpa_supplicant( 3171): wlan0: Control interface command 'BSS RANGE=492- MASK=0x23987'
D/wpa_supplicant( 3171): wlan0: Control interface command 'BSS RANGE=1140- MASK=0x23987'
I/ServiceManager( 3944): Waiting for service goodix.fp...
I/ServiceManager(17717): Waiting for service AtCmdFwd...
D/wpa_supplicant( 3171): wlan0: Control interface command 'SIGNAL_POLL'
I/ServiceManager( 3944): Waiting for service goodix.fp...
I/ServiceManager(17717): Waiting for service AtCmdFwd...
I/SurfaceFlinger(  425): FPS: 1
I/ServiceManager( 3944): Waiting for service goodix.fp...
I/ServiceManager(17717): Waiting for service AtCmdFwd...
I/subsystem_ramdump(18584): Usage:./system/bin/subsystem_ramdump [arg1] [arg2] [arg3]
I/subsystem_ramdump(18584): [arg1]: (1/2) Ramdump location: 1: eMMC: /data/ramdump or 2: SD card: /sdcard/ramdump
I/subsystem_ramdump(18584): [arg2]: (1/0) 1: Enable RPM log / 0: Disable RPM log
I/subsystem_ramdump(18584): [arg3]: (1/0) 1: Enable qdss ramdump / 0: Disable qdss ramdump
I/subsystem_ramdump(18584):  Using default ramdump location 1: eMMC: /data/ramdump
I/subsystem_ramdump(18584):  Using default 0: Disable RPM log
I/subsystem_ramdump(18584):  Using default 0: Disable qdss ramdump
E/subsystem_ramdump(18584): Unable to open /dev
E/subsystem_ramdump(18584): Failed to find pil ramdump
I/ServiceManager( 3944): Waiting for service goodix.fp...
I/MSM-irqbalance(  841): Decided to move IRQ178 from CPU0 to CPU2
I/ServiceManager(17717): Waiting for service AtCmdFwd...
D/wpa_supplicant( 3171): wlan0: Control interface command 'SIGNAL_POLL'
D/FingerGoodix( 3944): go into while FingerPrint,getFingerPrintService()
I/ServiceManager(17717): Waiting for service AtCmdFwd...
I/ServiceManager( 3944): Waiting for service goodix.fp...
W/Atfwd_Sendcmd(17717): AtCmdFwd service not published, waiting... retryCnt : 3
I/ServiceManager( 3944): Waiting for service goodix.fp...
I/SurfaceFlinger(  425): FPS: 1
D/AndroidRuntime(18585): >>>>>> START com.android.internal.os.RuntimeInit uid 2000 <<<<<<
D/AndroidRuntime(18585): CheckJNI is OFF
D/AndroidRuntime(18585): Calling main entry com.android.commands.wm.Wm
D/AndroidRuntime(18585): Shutting down VM
I/ServiceManager( 3944): Waiting for service goodix.fp...
D/wpa_supplicant( 3171): wlan0: Control interface command 'SIGNAL_POLL'
I/subsystem_ramdump(18606): Usage:./system/bin/subsystem_ramdump [arg1] [arg2] [arg3]
I/subsystem_ramdump(18606): [arg1]: (1/2) Ramdump location: 1: eMMC: /data/ramdump or 2: SD card: /sdcard/ramdump
I/subsystem_ramdump(18606): [arg2]: (1/0) 1: Enable RPM log / 0: Disable RPM log
I/subsystem_ramdump(18606): [arg3]: (1/0) 1: Enable qdss ramdump / 0: Disable qdss ramdump
I/subsystem_ramdump(18606):  Using default ramdump location 1: eMMC: /data/ramdump
I/subsystem_ramdump(18606):  Using default 0: Disable RPM log
I/subsystem_ramdump(18606):  Using default 0: Disable qdss ramdump
E/subsystem_ramdump(18606): Unable to open /dev
E/subsystem_ramdump(18606): Failed to find pil ramdump
D/AndroidRuntime(18609): >>>>>> START com.android.internal.os.RuntimeInit uid 2000 <<<<<<
D/AndroidRuntime(18609): CheckJNI is OFF
