I/ActivityManager( 1377): Killing 10745:com.xiaomi.gamecenter/u0a49 (adj 15): empty #13
D/WifiService( 1377): Client connection lost with reason: 4
D/WifiService( 1377): Client connection lost with reason: 0
V/WindowManager( 1377): Adding window Window{2f98afec u0 com.qihoo360.mobilesafe.chargescreen/com.qihoo360.chargescreen.plugin.ChargeScreenActivity} at 3 of 11 (before Window{264f9ba4 u0 com.miui.home/com.miui.home.launcher.Launcher})
E/ActivityThread(13512): Performing pause of activity that is not resumed: {com.qihoo360.mobilesafe.chargescreen/com.qihoo360.chargescreen.plugin.ChargeScreenActivity}
E/ActivityThread(13512): java.lang.RuntimeException: Performing pause of activity that is not resumed: {com.qihoo360.mobilesafe.chargescreen/com.qihoo360.chargescreen.plugin.ChargeScreenActivity}
E/ActivityThread(13512): 	at android.app.ActivityThread.performPauseActivity(ActivityThread.java:3238)
E/ActivityThread(13512): 	at android.app.ActivityThread.performPauseActivity(ActivityThread.java:3226)
E/ActivityThread(13512): 	at android.app.ActivityThread.handlePauseActivity(ActivityThread.java:3201)
E/ActivityThread(13512): 	at android.app.ActivityThread.access$1000(ActivityThread.java:154)
E/ActivityThread(13512): 	at android.app.ActivityThread$H.handleMessage(ActivityThread.java:1328)
E/ActivityThread(13512): 	at android.os.Handler.dispatchMessage(Handler.java:102)
E/ActivityThread(13512): 	at android.os.Looper.loop(Looper.java:135)
E/ActivityThread(13512): 	at android.app.ActivityThread.main(ActivityThread.java:5276)
E/ActivityThread(13512): 	at java.lang.reflect.Method.invoke(Native Method)
E/ActivityThread(13512): 	at java.lang.reflect.Method.invoke(Method.java:372)
E/ActivityThread(13512): 	at com.android.internal.os.ZygoteInit$MethodAndArgsCaller.run(ZygoteInit.java:908)
E/ActivityThread(13512): 	at com.android.internal.os.ZygoteInit.main(ZygoteInit.java:703)
D/WifiService( 1377): Client connection lost with reason: 4
I/WindowState( 1377): WIN DEATH: Window{2f98afec u0 com.qihoo360.mobilesafe.chargescreen/com.qihoo360.chargescreen.plugin.ChargeScreenActivity}
I/ActivityManager( 1377): Process com.qihoo.appstore:PluginP00 (pid 13512) has died
D/TaskPersister( 1377): removeObsoleteFile: deleting file=1389_activity_icon_1506672457590.png
D/TaskPersister( 1377): removeObsoleteFile: deleting file=1386_activity_icon_1506671442521.png
W/FileUtils(11854): Failed to chmod(/storage/emulated/0/MIUI/lockscreen/.info/images): android.system.ErrnoException: chmod failed: EPERM (Operation not permitted)
E/NetlinkEvent(  439): NetlinkEvent::FindParam(): Parameter 'ALERT_NAME' not found
E/NetlinkEvent(  424): NetlinkEvent::FindParam(): Parameter 'ALERT_NAME' not found
E/NetlinkEvent(  439): NetlinkEvent::FindParam(): Parameter 'ALERT_NAME' not found
E/NetlinkEvent(  424): NetlinkEvent::FindParam(): Parameter 'ALERT_NAME' not found
E/NetlinkEvent(  439): NetlinkEvent::FindParam(): Parameter 'ALERT_NAME' not found
E/NetlinkEvent(  424): NetlinkEvent::FindParam(): Parameter 'ALERT_NAME' not found
E/NetlinkEvent(  424): NetlinkEvent::FindParam(): Parameter 'ALERT_NAME' not found
E/NetlinkEvent(  439): NetlinkEvent::FindParam(): Parameter 'ALERT_NAME' not found
W/FileUtils(11854): Failed to chmod(/storage/emulated/0/MIUI/lockscreen/.info/images/I01032911): android.system.ErrnoException: chmod failed: EPERM (Operation not permitted)
D/NetworkManagementService( 1377): hardware tether stats:NetworkStats: elapsedRealtime=2178593
D/NetworkManagementService( 1377): getNetworkStatsSummaryXt:NetworkStats: elapsedRealtime=2178594
D/NetworkManagementService( 1377):   [0] iface=wlan0 uid=-1 set=ALL tag=0x0 rxBytes=26488531 rxPackets=20855 txBytes=1207394 txPackets=13180 operations=0
D/NetworkManagementService( 1377):   [1] iface=usbnet0 uid=-1 set=ALL tag=0x0 rxBytes=0 rxPackets=0 txBytes=0 txPackets=0 operations=0
D/NetworkManagementService( 1377):   [2] iface=lo uid=-1 set=ALL tag=0x0 rxBytes=1752 rxPackets=31 txBytes=1752 txPackets=31 operations=0
D/NetworkManagementService( 1377): hardware tether stats:NetworkStats: elapsedRealtime=2178595
D/NetworkManagementService( 1377): getNetworkStatsSummaryDev:NetworkStats: elapsedRealtime=2178595
D/NetworkManagementService( 1377):   [0] iface=wlan0 uid=-1 set=ALL tag=0x0 rxBytes=26489527 rxPackets=20884 txBytes=1393945 txPackets=13210 operations=0
D/NetworkManagementService( 1377):   [1] iface=usbnet0 uid=-1 set=ALL tag=0x0 rxBytes=0 rxPackets=0 txBytes=0 txPackets=0 operations=0
D/NetworkManagementService( 1377):   [2] iface=lo uid=-1 set=ALL tag=0x0 rxBytes=1752 rxPackets=31 txBytes=1752 txPackets=31 operations=0
W/ContextImpl( 4670): Calling a method in the system process without a qualified user: android.app.ContextImpl.sendBroadcast:1340 android.content.ContextWrapper.sendBroadcast:377 com.miui.networkassistant.service.tm.TrafficManageService.broadCastDataUsageUpdated:-1 com.miui.networkassistant.service.tm.TrafficManageService$8.onReceive:-1 android.app.LoadedApk$ReceiverDispatcher$Args.run:868 
W/FileUtils(11854): Failed to chmod(/storage/emulated/0/MIUI/lockscreen/.info/images/I01032269): android.system.ErrnoException: chmod failed: EPERM (Operation not permitted)
W/FileUtils(11854): Failed to chmod(/storage/emulated/0/MIUI/lockscreen/.info/images/I00001163): android.system.ErrnoException: chmod failed: EPERM (Operation not permitted)
W/FileUtils(11854): Failed to chmod(/storage/emulated/0/MIUI/lockscreen/.info/images/I01030558): android.system.ErrnoException: chmod failed: EPERM (Operation not permitted)
W/FileUtils(11854): Failed to chmod(/storage/emulated/0/MIUI/lockscreen/.info/images/I01031028): android.system.ErrnoException: chmod failed: EPERM (Operation not permitted)
W/FileUtils(11854): Failed to chmod(/storage/emulated/0/MIUI/lockscreen/.info/images/I01032759): android.system.ErrnoException: chmod failed: EPERM (Operation not permitted)
W/FileUtils(11854): Failed to chmod(/storage/emulated/0/MIUI/lockscreen/.info/images/I01032755): android.system.ErrnoException: chmod failed: EPERM (Operation not permitted)
D/NetworkManagementService( 1377): hardware tether stats:NetworkStats: elapsedRealtime=2180140
D/NetworkManagementService( 1377): getNetworkStatsSummaryXt:NetworkStats: elapsedRealtime=2180141
D/NetworkManagementService( 1377):   [0] iface=wlan0 uid=-1 set=ALL tag=0x0 rxBytes=28590500 rxPackets=22290 txBytes=1242593 txPackets=13984 operations=0
D/NetworkManagementService( 1377):   [1] iface=usbnet0 uid=-1 set=ALL tag=0x0 rxBytes=0 rxPackets=0 txBytes=0 txPackets=0 operations=0
D/NetworkManagementService( 1377):   [2] iface=lo uid=-1 set=ALL tag=0x0 rxBytes=1752 rxPackets=31 txBytes=1752 txPackets=31 operations=0
D/NetworkManagementService( 1377): hardware tether stats:NetworkStats: elapsedRealtime=2180143
D/NetworkManagementService( 1377): getNetworkStatsSummaryDev:NetworkStats: elapsedRealtime=2180144
D/NetworkManagementService( 1377):   [0] iface=wlan0 uid=-1 set=ALL tag=0x0 rxBytes=28591496 rxPackets=22319 txBytes=1440400 txPackets=14014 operations=0
D/NetworkManagementService( 1377):   [1] iface=usbnet0 uid=-1 set=ALL tag=0x0 rxBytes=0 rxPackets=0 txBytes=0 txPackets=0 operations=0
D/NetworkManagementService( 1377):   [2] iface=lo uid=-1 set=ALL tag=0x0 rxBytes=1752 rxPackets=31 txBytes=1752 txPackets=31 operations=0
W/ContextImpl( 4670): Calling a method in the system process without a qualified user: android.app.ContextImpl.sendBroadcast:1340 android.content.ContextWrapper.sendBroadcast:377 com.miui.networkassistant.service.tm.TrafficManageService.broadCastDataUsageUpdated:-1 com.miui.networkassistant.service.tm.TrafficManageService$8.onReceive:-1 android.app.LoadedApk$ReceiverDispatcher$Args.run:868 
W/FileUtils(11854): Failed to chmod(/storage/emulated/0/MIUI/lockscreen/.info/images/I01031887): android.system.ErrnoException: chmod failed: EPERM (Operation not permitted)
W/FileUtils(11854): Failed to chmod(/storage/emulated/0/MIUI/lockscreen/.info/images/I01033084): android.system.ErrnoException: chmod failed: EPERM (Operation not permitted)
W/FileUtils(11854): Failed to chmod(/storage/emulated/0/MIUI/lockscreen/.info/images/I01037358): android.system.ErrnoException: chmod failed: EPERM (Operation not permitted)
W/FileUtils(11854): Failed to chmod(/storage/emulated/0/MIUI/lockscreen/.info/images/I01034993): android.system.ErrnoException: chmod failed: EPERM (Operation not permitted)
W/FileUtils(11854): Failed to chmod(/storage/emulated/0/MIUI/lockscreen/.info/images/I01032269.va): android.system.ErrnoException: chmod failed: EPERM (Operation not permitted)
I/ProcessStatsService( 1377): Prepared write state in 6ms
I/ProcessStatsService( 1377): Pruning old procstats: /data/system/procstats/state-2017-09-20-09-11-01.bin
I/AutoStartManagerService( 1377): MIUILOG- Reject service :Intent { act=android.content.SyncAdapter cmp=com.alibaba.android.rimet/.syncadapter.SyncService (has extras) } userId : 0 uid : 10158
I/ActivityManager( 1377): START u0 {act=android.intent.action.MAIN cat=[android.intent.category.LAUNCHER] flg=0x10200000 cmp=com.android.contacts/.activities.PeopleActivity bnds=[16,1654][208,1846] (has extras)} from uid 10021 on display 0
E/NetlinkEvent(  439): NetlinkEvent::FindParam(): Parameter 'ALERT_NAME' not found
E/NetlinkEvent(  424): NetlinkEvent::FindParam(): Parameter 'ALERT_NAME' not found
E/NetlinkEvent(  439): NetlinkEvent::FindParam(): Parameter 'ALERT_NAME' not found
E/NetlinkEvent(  424): NetlinkEvent::FindParam(): Parameter 'ALERT_NAME' not found
E/NetlinkEvent(  424): NetlinkEvent::FindParam(): Parameter 'ALERT_NAME' not found
E/NetlinkEvent(  439): NetlinkEvent::FindParam(): Parameter 'ALERT_NAME' not found
E/NetlinkEvent(  424): NetlinkEvent::FindParam(): Parameter 'ALERT_NAME' not found
E/NetlinkEvent(  439): NetlinkEvent::FindParam(): Parameter 'ALERT_NAME' not found
E/NetlinkEvent(  439): NetlinkEvent::FindParam(): Parameter 'ALERT_NAME' not found
E/NetlinkEvent(  439): NetlinkEvent::FindParam(): Parameter 'ALERT_NAME' not found
E/NetlinkEvent(  439): NetlinkEvent::FindParam(): Parameter 'ALERT_NAME' not found
E/NetlinkEvent(  439): NetlinkEvent::FindParam(): Parameter 'ALERT_NAME' not found
E/NetlinkEvent(  439): NetlinkEvent::FindParam(): Parameter 'ALERT_NAME' not found
E/NetlinkEvent(  439): NetlinkEvent::FindParam(): Parameter 'ALERT_NAME' not found
E/NetlinkEvent(  424): NetlinkEvent::FindParam(): Parameter 'ALERT_NAME' not found
E/NetlinkEvent(  424): NetlinkEvent::FindParam(): Parameter 'ALERT_NAME' not found
E/NetlinkEvent(  424): NetlinkEvent::FindParam(): Parameter 'ALERT_NAME' not found
E/NetlinkEvent(  424): NetlinkEvent::FindParam(): Parameter 'ALERT_NAME' not found
E/NetlinkEvent(  424): NetlinkEvent::FindParam(): Parameter 'ALERT_NAME' not found
E/NetlinkEvent(  424): NetlinkEvent::FindParam(): Parameter 'ALERT_NAME' not found
I/PowerUI ( 3233): showing low battery warning: level=4 [-2]
W/BroadcastQueueInjector( 1377): Unable to launch app com.baidu.appsearch/10618 for broadcast Intent { act=android.intent.action.ACTION_POWER_DISCONNECTED flg=0x4000010 }: process is not permitted to autostart
W/BroadcastQueueInjector( 1377): Unable to launch app com.baidu.travel/10576 for broadcast Intent { act=android.intent.action.ACTION_POWER_DISCONNECTED flg=0x4000010 }: process is not permitted to autostart
W/BroadcastQueueInjector( 1377): Unable to launch app com.tencent.mtt/10325 for broadcast Intent { act=android.intent.action.ACTION_POWER_DISCONNECTED flg=0x4000010 }: process is not permitted to autostart
W/BroadcastQueueInjector( 1377): Unable to launch app com.alibaba.android.rimet/10158 for broadcast Intent { act=android.intent.action.ACTION_POWER_DISCONNECTED flg=0x4000010 }: process is not permitted to autostart
I/PowerUI ( 3233): updating low battery warning: level=4 [-2]
E/NetlinkEvent(  439): NetlinkEvent::FindParam(): Parameter 'ALERT_NAME' not found
E/NetlinkEvent(  424): NetlinkEvent::FindParam(): Parameter 'ALERT_NAME' not found
E/NetlinkEvent(  424): NetlinkEvent::FindParam(): Parameter 'ALERT_NAME' not found
E/NetlinkEvent(  439): NetlinkEvent::FindParam(): Parameter 'ALERT_NAME' not found
W/ContextImpl( 3214): Calling a method in the system process without a qualified user: android.app.ContextImpl.startService:1705 android.content.ContextWrapper.startService:516 android.content.ContextWrapper.startService:516 com.android.settings.AnalyticsReceiver.onReceive:24 android.app.ActivityThread.handleReceiver:2616 
I/StorageNotification( 3233): UMS connection changed to false (media state mounted)
E/NetlinkEvent(  439): NetlinkEvent::FindParam(): Parameter 'ALERT_NAME' not found
E/NetlinkEvent(  424): NetlinkEvent::FindParam(): Parameter 'ALERT_NAME' not found
E/NetlinkEvent(  439): NetlinkEvent::FindParam(): Parameter 'ALERT_NAME' not found
E/NetlinkEvent(  424): NetlinkEvent::FindParam(): Parameter 'ALERT_NAME' not found
E/NetlinkEvent(  439): NetlinkEvent::FindParam(): Parameter 'ALERT_NAME' not found
E/NetlinkEvent(  424): NetlinkEvent::FindParam(): Parameter 'ALERT_NAME' not found
E/NetlinkEvent(  439): NetlinkEvent::FindParam(): Parameter 'ALERT_NAME' not found
E/NetlinkEvent(  424): NetlinkEvent::FindParam(): Parameter 'ALERT_NAME' not found
I/PowerUI ( 3233): closing low battery warning: level=4
I/EntropyMixer( 1377): Writing entropy...
W/InputMethodManagerService( 1377): Window already focused, ignoring focus gain of: com.android.internal.view.IInputMethodClient$Stub$Proxy@16972e76 attribute=null, token = android.os.BinderProxy@3c4ca317
W/BroadcastQueueInjector( 1377): Unable to launch app com.baidu.appsearch/10618 for broadcast Intent { act=android.intent.action.ACTION_POWER_CONNECTED flg=0x4000010 }: process is not permitted to autostart
W/BroadcastQueueInjector( 1377): Unable to launch app com.baidu.travel/10576 for broadcast Intent { act=android.intent.action.ACTION_POWER_CONNECTED flg=0x4000010 }: process is not permitted to autostart
W/BroadcastQueueInjector( 1377): Unable to launch app com.tencent.mtt/10325 for broadcast Intent { act=android.intent.action.ACTION_POWER_CONNECTED flg=0x4000010 }: process is not permitted to autostart
W/BroadcastQueueInjector( 1377): Unable to launch app com.alibaba.android.rimet/10158 for broadcast Intent { act=android.intent.action.ACTION_POWER_CONNECTED flg=0x4000010 }: process is not permitted to autostart
W/PowerUI ( 3233): unknown intent: Intent { act=android.intent.action.ACTION_POWER_CONNECTED flg=0x4000010 }
E/NetlinkEvent(  439): NetlinkEvent::FindParam(): Parameter 'ALERT_NAME' not found
E/NetlinkEvent(  424): NetlinkEvent::FindParam(): Parameter 'ALERT_NAME' not found
I/PowerUI ( 3233): closing low battery warning: level=4
E/NetlinkEvent(  424): NetlinkEvent::FindParam(): Parameter 'ALERT_NAME' not found
E/NetlinkEvent(  439): NetlinkEvent::FindParam(): Parameter 'ALERT_NAME' not found
E/NetlinkEvent(  439): NetlinkEvent::FindParam(): Parameter 'ALERT_NAME' not found
E/NetlinkEvent(  424): NetlinkEvent::FindParam(): Parameter 'ALERT_NAME' not found
E/NetlinkEvent(  439): NetlinkEvent::FindParam(): Parameter 'ALERT_NAME' not found
E/NetlinkEvent(  424): NetlinkEvent::FindParam(): Parameter 'ALERT_NAME' not found
I/ValidateNoPeople( 1377): skipping global notification
E/NetlinkEvent(  424): NetlinkEvent::FindParam(): Parameter 'ALERT_NAME' not found
E/NetlinkEvent(  424): NetlinkEvent::FindParam(): Parameter 'ALERT_NAME' not found
E/NetlinkEvent(  439): NetlinkEvent::FindParam(): Parameter 'ALERT_NAME' not found
E/NetlinkEvent(  439): NetlinkEvent::FindParam(): Parameter 'ALERT_NAME' not found
E/NetlinkEvent(  439): NetlinkEvent::FindParam(): Parameter 'ALERT_NAME' not found
E/NetlinkEvent(  424): NetlinkEvent::FindParam(): Parameter 'ALERT_NAME' not found
I/StorageNotification( 3233): UMS connection changed to false (media state mounted)
W/ContextImpl( 3214): Calling a method in the system process without a qualified user: android.app.ContextImpl.startService:1705 android.content.ContextWrapper.startService:516 android.content.ContextWrapper.startService:516 com.android.settings.AnalyticsReceiver.onReceive:24 android.app.ActivityThread.handleReceiver:2616 
I/ValidateNoPeople( 1377): skipping global notification
E/NetlinkEvent(  439): NetlinkEvent::FindParam(): Parameter 'ALERT_NAME' not found
E/NetlinkEvent(  424): NetlinkEvent::FindParam(): Parameter 'ALERT_NAME' not found
W/ContextImpl( 3214): Calling a method in the system process without a qualified user: android.app.ContextImpl.startService:1705 android.content.ContextWrapper.startService:516 android.content.ContextWrapper.startService:516 com.android.settings.AnalyticsReceiver.onReceive:24 android.app.ActivityThread.handleReceiver:2616 
E/NetlinkEvent(  439): NetlinkEvent::FindParam(): Parameter 'ALERT_NAME' not found
E/NetlinkEvent(  439): NetlinkEvent::FindParam(): Parameter 'ALERT_NAME' not found
E/NetlinkEvent(  424): NetlinkEvent::FindParam(): Parameter 'ALERT_NAME' not found
E/NetlinkEvent(  424): NetlinkEvent::FindParam(): Parameter 'ALERT_NAME' not found
I/StorageNotification( 3233): UMS connection changed to false (media state mounted)
E/NetlinkEvent(  424): NetlinkEvent::FindParam(): Parameter 'ALERT_NAME' not found
E/NetlinkEvent(  439): NetlinkEvent::FindParam(): Parameter 'ALERT_NAME' not found
I/StorageNotification( 3233): UMS connection changed to false (media state mounted)
W/ContextImpl( 3214): Calling a method in the system process without a qualified user: android.app.ContextImpl.startService:1705 android.content.ContextWrapper.startService:516 android.content.ContextWrapper.startService:516 com.android.settings.AnalyticsReceiver.onReceive:24 android.app.ActivityThread.handleReceiver:2616 
I/ActivityManager( 1377): START u0 {act=android.intent.action.MAIN cat=[android.intent.category.HOME] flg=0x10200000 cmp=com.miui.home/.launcher.Launcher} from uid 1000 on display 0
E/ActivityManager( 1377): Invalid thumbnail dimensions: 0x0
W/ContextImpl( 3233): Calling a method in the system process without a qualified user: android.app.ContextImpl.bindService:1769 android.content.ContextWrapper.bindService:539 com.xiaomi.mistatistic.sdk.controller.LocalEventRecorder.a:96 com.xiaomi.mistatistic.sdk.controller.LocalEventRecorder.b:71 com.xiaomi.mistatistic.sdk.controller.LocalEventRecorder.a:25 
I/ActivityManager( 1377): START u0 {act=android.intent.action.MAIN cat=[android.intent.category.LAUNCHER] flg=0x10200000 cmp=com.android.contacts/.activities.PeopleActivity bnds=[16,1654][208,1846] (has extras)} from uid 10021 on display 0
I/ActivityManager( 1377): START u0 {act=android.intent.action.MAIN cat=[android.intent.category.HOME] flg=0x10200000 cmp=com.miui.home/.launcher.Launcher} from uid 1000 on display 0
E/ActivityManager( 1377): Invalid thumbnail dimensions: 0x0
D/ConnectivityService( 1377): returning Blocked NetworkInfo for ifname=wlan0, uid=10325
W/ContextImpl( 3214): Calling a method in the system process without a qualified user: android.app.ContextImpl.startService:1705 android.content.ContextWrapper.startService:516 android.content.ContextWrapper.startService:516 com.android.settings.MiuiSettingsReceiver.onReceive:113 android.app.ActivityThread.handleReceiver:2616 
I/ActivityManager( 1377): Killing 11290:com.miui.bugreport:remote/1000 (adj 15): empty for 1801s
I/ActivityManager( 1377): Killing 11502:com.tencent.mm:recovery/u0a175 (adj 13): empty for 1812s
I/ActivityManager( 1377): Killing 12452:android:ui/1000 (adj 13): empty for 1802s
W/BroadcastQueue( 1377): Skipping deliver [background] BroadcastRecord{22a0601a u-1 android.net.conn.CONNECTIVITY_CHANGE} to ReceiverList{9ad074b 14485 (unknown name)/2000/u-1 remote:210a313c}: process crashing
I/ActivityManager( 1377): START u0 {act=android.intent.action.MAIN cat=[android.intent.category.LAUNCHER] flg=0x10200000 cmp=cn.com.autohome.travel/.module.launcher.SplashActivity} from uid 2000 on display 0
V/LocationPolicy( 1377): writePolicyLocked()
W/BroadcastQueueInjector( 1377): Unable to launch app cn.com.autohome.travel/10100 for broadcast Intent { act=android.net.conn.CONNECTIVITY_CHANGE flg=0x10 pkg=cn.com.autohome.travel (has extras) }: process is not permitted to autostart
W/ContextImpl( 3233): Calling a method in the system process without a qualified user: android.app.ContextImpl.bindService:1769 android.content.ContextWrapper.bindService:539 com.android.systemui.taskmanager.MemoryCheckManager.bindMemoryCheckService:70 com.android.systemui.taskmanager.TaskManagerView.show:502 com.android.systemui.taskmanager.TaskManagerView.show:478 
W/ContextImpl( 3233): Calling a method in the system process without a qualified user: android.app.ContextImpl.bindService:1769 android.content.ContextWrapper.bindService:539 com.android.systemui.taskmanager.MemoryCheckManager.bindMemoryCheckService:70 com.android.systemui.taskmanager.TaskManagerView$9.onServiceConnected:507 com.android.systemui.taskmanager.MemoryCheckManager$1.onServiceConnected:62 
W/ContextImpl( 3233): Calling a method in the system process without a qualified user: android.app.ContextImpl.sendBroadcast:1340 android.content.ContextWrapper.sendBroadcast:377 com.android.systemui.taskmanager.TaskManagerView.sendVisibilityChangedBroadcast:649 com.android.systemui.taskmanager.TaskManagerView.access$1800:87 com.android.systemui.taskmanager.TaskManagerView$11.run:584 
W/ContextImpl( 3233): Calling a method in the system process without a qualified user: android.app.ContextImpl.sendBroadcast:1340 android.content.ContextWrapper.sendBroadcast:377 com.android.systemui.taskmanager.TaskManagerView.sendVisibilityChangedBroadcast:649 com.android.systemui.taskmanager.TaskManagerView.show:597 com.android.systemui.taskmanager.TaskManagerView.show:478 
I/ActivityManager( 1377): START u0 {act=android.intent.action.MAIN cat=[android.intent.category.LAUNCHER] flg=0x10304000 cmp=com.android.browser/.BrowserActivity} from uid 1000 on display 0
D/NetworkManagementService( 1377): hardware tether stats:NetworkStats: elapsedRealtime=3324361
D/NetworkManagementService( 1377): getNetworkStatsSummaryXt:NetworkStats: elapsedRealtime=3324362
D/NetworkManagementService( 1377):   [0] iface=wlan0 uid=-1 set=ALL tag=0x0 rxBytes=30646113 rxPackets=23790 txBytes=1303085 txPackets=14878 operations=0
D/NetworkManagementService( 1377):   [1] iface=usbnet0 uid=-1 set=ALL tag=0x0 rxBytes=0 rxPackets=0 txBytes=0 txPackets=0 operations=0
D/NetworkManagementService( 1377):   [2] iface=lo uid=-1 set=ALL tag=0x0 rxBytes=3064 rxPackets=55 txBytes=3064 txPackets=55 operations=0
D/NetworkManagementService( 1377): hardware tether stats:NetworkStats: elapsedRealtime=3324363
D/NetworkManagementService( 1377): getNetworkStatsSummaryDev:NetworkStats: elapsedRealtime=3324364
D/NetworkManagementService( 1377):   [0] iface=wlan0 uid=-1 set=ALL tag=0x0 rxBytes=30648257 rxPackets=23860 txBytes=1514794 txPackets=14941 operations=0
D/NetworkManagementService( 1377):   [1] iface=usbnet0 uid=-1 set=ALL tag=0x0 rxBytes=0 rxPackets=0 txBytes=0 txPackets=0 operations=0
D/NetworkManagementService( 1377):   [2] iface=lo uid=-1 set=ALL tag=0x0 rxBytes=3064 rxPackets=55 txBytes=3064 txPackets=55 operations=0
W/ContextImpl( 4670): Calling a method in the system process without a qualified user: android.app.ContextImpl.sendBroadcast:1340 android.content.ContextWrapper.sendBroadcast:377 com.miui.networkassistant.service.tm.TrafficManageService.broadCastDataUsageUpdated:-1 com.miui.networkassistant.service.tm.TrafficManageService$8.onReceive:-1 android.app.LoadedApk$ReceiverDispatcher$Args.run:868 
W/ProcessCpuTracker( 1377): Skipping unknown process pid 14555
W/ContextImpl( 3233): Calling a method in the system process without a qualified user: android.app.ContextImpl.sendBroadcast:1340 android.content.ContextWrapper.sendBroadcast:377 com.android.systemui.taskmanager.TaskManagerView.sendVisibilityChangedBroadcast:649 com.android.systemui.taskmanager.TaskManagerView.show:597 com.android.systemui.taskmanager.TaskManagerView.show:478 
W/InputMethodManagerService( 1377): Window already focused, ignoring focus gain of: com.android.internal.view.IInputMethodClient$Stub$Proxy@259ef3ed attribute=null, token = android.os.BinderProxy@3e72825a
I/ActivityManager( 1377): START u0 {cmp=cn.com.autohome.travel/.module.recommend.TravelNoteDetailActivity (has extras)} from uid 10100 on display 0
V/WindowManager( 1377): addAppToken: AppWindowToken{1641aa70 token=Token{16c4b4b3 ActivityRecord{94e4222 u0 cn.com.autohome.travel/.module.recommend.TravelNoteDetailActivity t1382}}} to stack=1 task=1382 at 1
V/WindowManager( 1377): Adding window Window{30325e6e u0 cn.com.autohome.travel/cn.com.autohome.travel.module.recommend.TravelNoteDetailActivity} at 4 of 11 (after Window{26151c8b u0 cn.com.autohome.travel/cn.com.autohome.travel.module.home.HomeActivity})
W/ContextImpl( 1377): Calling a method in the system process without a qualified user: android.app.ContextImpl.sendBroadcast:1340 com.android.internal.policy.impl.BaseMiuiPhoneWindowManager$14.run:1732 android.os.Handler.handleCallback:739 android.os.Handler.dispatchMessage:95 android.os.Looper.loop:135 
I/ActivityManager( 1377): Start proc 14587:com.android.fileexplorer/u0a47 for broadcast com.android.fileexplorer/.video.VolumeChangeReceiver
I/ActivityManager( 1377): Killing 12494:com.tencent.mobileqq/u0a123 (adj 13): empty for 1831s
D/WifiService( 1377): Client connection lost with reason: 4
I/ActivityManager( 1377): START u0 {act=android.intent.action.MAIN cat=[android.intent.category.LAUNCHER] flg=0x10200000 cmp=cn.com.autohome.travel/.module.launcher.SplashActivity} from uid 2000 on display 0
I/ActivityManager( 1377): START u0 {act=android.intent.action.MAIN cat=[android.intent.category.LAUNCHER] flg=0x10200000 cmp=cn.com.autohome.travel/.module.launcher.SplashActivity} from uid 2000 on display 0
W/ContextImpl( 3233): Calling a method in the system process without a qualified user: android.app.ContextImpl.sendBroadcast:1340 android.content.ContextWrapper.sendBroadcast:377 com.android.systemui.taskmanager.TaskManagerView.sendVisibilityChangedBroadcast:649 com.android.systemui.taskmanager.TaskManagerView.show:597 com.android.systemui.taskmanager.TaskManagerView.show:478 
W/InputMethodManagerService( 1377): Window already focused, ignoring focus gain of: com.android.internal.view.IInputMethodClient$Stub$Proxy@14ef77d2 attribute=null, token = android.os.BinderProxy@3e83e1e9
W/ContextImpl( 1377): Calling a method in the system process without a qualified user: android.app.ContextImpl.sendBroadcast:1340 com.android.internal.policy.impl.BaseMiuiPhoneWindowManager$14.run:1732 android.os.Handler.handleCallback:739 android.os.Handler.dispatchMessage:95 android.os.Looper.loop:135 
D/NetworkManagementService( 1377): hardware tether stats:NetworkStats: elapsedRealtime=3336139
D/NetworkManagementService( 1377): getNetworkStatsSummaryXt:NetworkStats: elapsedRealtime=3336140
D/NetworkManagementService( 1377):   [0] iface=wlan0 uid=-1 set=ALL tag=0x0 rxBytes=32765708 rxPackets=25296 txBytes=1354081 txPackets=15812 operations=0
D/NetworkManagementService( 1377):   [1] iface=usbnet0 uid=-1 set=ALL tag=0x0 rxBytes=0 rxPackets=0 txBytes=0 txPackets=0 operations=0
D/NetworkManagementService( 1377):   [2] iface=lo uid=-1 set=ALL tag=0x0 rxBytes=3064 rxPackets=55 txBytes=3064 txPackets=55 operations=0
D/NetworkManagementService( 1377): hardware tether stats:NetworkStats: elapsedRealtime=3336141
D/NetworkManagementService( 1377): getNetworkStatsSummaryDev:NetworkStats: elapsedRealtime=3336142
D/NetworkManagementService( 1377):   [0] iface=wlan0 uid=-1 set=ALL tag=0x0 rxBytes=32769394 rxPackets=25369 txBytes=1578866 txPackets=15875 operations=0
D/NetworkManagementService( 1377):   [1] iface=usbnet0 uid=-1 set=ALL tag=0x0 rxBytes=0 rxPackets=0 txBytes=0 txPackets=0 operations=0
D/NetworkManagementService( 1377):   [2] iface=lo uid=-1 set=ALL tag=0x0 rxBytes=3064 rxPackets=55 txBytes=3064 txPackets=55 operations=0
W/ContextImpl( 4670): Calling a method in the system process without a qualified user: android.app.ContextImpl.sendBroadcast:1340 android.content.ContextWrapper.sendBroadcast:377 com.miui.networkassistant.service.tm.TrafficManageService.broadCastDataUsageUpdated:-1 com.miui.networkassistant.service.tm.TrafficManageService$8.onReceive:-1 android.app.LoadedApk$ReceiverDispatcher$Args.run:868 
I/ActivityManager( 1377): START u0 {cmp=cn.com.autohome.travel/.module.recommend.StampDetailActivity (has extras)} from uid 10100 on display 0
V/WindowManager( 1377): addAppToken: AppWindowToken{17a62f2a token=Token{3fadd015 ActivityRecord{f3b05cc u0 cn.com.autohome.travel/.module.recommend.StampDetailActivity t1382}}} to stack=1 task=1382 at 2
E/ActivityThread(12072): Failed to find provider info for com.google.settings
W/InputManager( 1377): Input event injection from pid 14485 failed.
W/InputManager( 1377): Input event injection from pid 14485 failed.
V/WindowManager( 1377): Adding window Window{d2488c9 u0 cn.com.autohome.travel/cn.com.autohome.travel.module.recommend.StampDetailActivity} at 5 of 13 (after Window{30325e6e u0 cn.com.autohome.travel/cn.com.autohome.travel.module.recommend.TravelNoteDetailActivity})
V/WindowManager( 1377): Adding window Window{13531aef u0 cn.com.autohome.travel/cn.com.autohome.travel.module.recommend.StampDetailActivity} at 5 of 13 (before Window{d2488c9 u0 cn.com.autohome.travel/cn.com.autohome.travel.module.recommend.StampDetailActivity})
I/ActivityManager( 1377): START u0 {act=android.intent.action.MAIN cat=[android.intent.category.HOME] flg=0x10200000 cmp=com.miui.home/.launcher.Launcher} from uid 1000 on display 0
I/ActivityManager( 1377): START u0 {cmp=cn.com.autohome.travel/.module.recommend.CommentActivity (has extras)} from uid 10100 on display 0
V/WindowManager( 1377): addAppToken: AppWindowToken{309d78e7 token=Token{198366a6 ActivityRecord{2e7f8801 u0 cn.com.autohome.travel/.module.recommend.CommentActivity t1382}}} to stack=1 task=1382 at 3
V/WindowManager( 1377): Adding window Window{f5ba33d u0 cn.com.autohome.travel/cn.com.autohome.travel.module.recommend.CommentActivity} at 6 of 13 (after Window{13531aef u0 cn.com.autohome.travel/cn.com.autohome.travel.module.recommend.StampDetailActivity})
W/ContextImpl( 3233): Calling a method in the system process without a qualified user: android.app.ContextImpl.sendBroadcast:1340 android.content.ContextWrapper.sendBroadcast:377 com.android.systemui.taskmanager.TaskManagerView.sendVisibilityChangedBroadcast:649 com.android.systemui.taskmanager.TaskManagerView.show:597 com.android.systemui.taskmanager.TaskManagerView.show:478 
W/InputMethodManagerService( 1377): Window already focused, ignoring focus gain of: com.android.internal.view.IInputMethodClient$Stub$Proxy@33ef4732 attribute=null, token = android.os.BinderProxy@178d0c94
W/ContextImpl( 1377): Calling a method in the system process without a qualified user: android.app.ContextImpl.sendBroadcast:1354 com.android.internal.policy.impl.BaseMiuiPhoneWindowManager$15.run:1742 android.os.Handler.handleCallback:739 android.os.Handler.dispatchMessage:95 android.os.Looper.loop:135 
V/WindowManager( 1377): Adding window Window{3c055a2c u0 PopupWindow:3d73d5de} at 8 of 15 (after Window{24c6a47e u0 InputMethod})
W/ContextImpl( 3233): Calling a method in the system process without a qualified user: android.app.ContextImpl.sendBroadcast:1340 android.content.ContextWrapper.sendBroadcast:377 com.android.systemui.taskmanager.TaskManagerView.sendVisibilityChangedBroadcast:649 com.android.systemui.taskmanager.TaskManagerView.access$1800:87 com.android.systemui.taskmanager.TaskManagerView$11.run:584 
I/UsageStatsService( 1377): User[0] Flushing usage stats to disk
W/ProcessCpuTracker( 1377): Skipping unknown process pid 14902
W/BroadcastQueue( 1377): Skipping deliver [background] BroadcastRecord{35f97371 u-1 android.net.conn.CONNECTIVITY_CHANGE} to ReceiverList{36c8c556 14938 (unknown name)/2000/u-1 remote:c8138fb}: process crashing
I/ActivityManager( 1377): START u0 {act=android.intent.action.MAIN cat=[android.intent.category.LAUNCHER] flg=0x10200000 cmp=cn.com.autohome.travel/.module.launcher.SplashActivity} from uid 2000 on display 0
W/ContextImpl( 3233): Calling a method in the system process without a qualified user: android.app.ContextImpl.sendBroadcast:1340 android.content.ContextWrapper.sendBroadcast:377 com.android.systemui.taskmanager.TaskManagerView.sendVisibilityChangedBroadcast:649 com.android.systemui.taskmanager.TaskManagerView.show:597 com.android.systemui.taskmanager.TaskManagerView.show:478 
W/InputMethodManagerService( 1377): Window already focused, ignoring focus gain of: com.android.internal.view.IInputMethodClient$Stub$Proxy@362069d7 attribute=null, token = android.os.BinderProxy@178d0c94
W/ContextImpl( 3233): Calling a method in the system process without a qualified user: android.app.ContextImpl.sendBroadcast:1340 android.content.ContextWrapper.sendBroadcast:377 com.android.systemui.taskmanager.TaskManagerView.sendVisibilityChangedBroadcast:649 com.android.systemui.taskmanager.TaskManagerView.access$1800:87 com.android.systemui.taskmanager.TaskManagerView$11.run:584 
W/ContextImpl( 3233): Calling a method in the system process without a qualified user: android.app.ContextImpl.sendBroadcast:1340 android.content.ContextWrapper.sendBroadcast:377 com.android.systemui.taskmanager.TaskManagerView.sendVisibilityChangedBroadcast:649 com.android.systemui.taskmanager.TaskManagerView.show:597 com.android.systemui.taskmanager.TaskManagerView.show:478 
W/InputMethodManagerService( 1377): Window already focused, ignoring focus gain of: com.android.internal.view.IInputMethodClient$Stub$Proxy@1f56c2c4 attribute=null, token = android.os.BinderProxy@178d0c94
W/ContextImpl( 3233): Calling a method in the system process without a qualified user: android.app.ContextImpl.sendBroadcast:1340 android.content.ContextWrapper.sendBroadcast:377 com.android.systemui.taskmanager.TaskManagerView.sendVisibilityChangedBroadcast:649 com.android.systemui.taskmanager.TaskManagerView.access$1800:87 com.android.systemui.taskmanager.TaskManagerView$11.run:584 
W/ContextImpl( 3233): Calling a method in the system process without a qualified user: android.app.ContextImpl.sendBroadcast:1340 android.content.ContextWrapper.sendBroadcast:377 com.android.systemui.taskmanager.TaskManagerView.sendVisibilityChangedBroadcast:649 com.android.systemui.taskmanager.TaskManagerView.show:597 com.android.systemui.taskmanager.TaskManagerView.show:478 
W/InputMethodManagerService( 1377): Window already focused, ignoring focus gain of: com.android.internal.view.IInputMethodClient$Stub$Proxy@2ee0d5ad attribute=null, token = android.os.BinderProxy@178d0c94
W/ContextImpl( 3233): Calling a method in the system process without a qualified user: android.app.ContextImpl.sendBroadcast:1340 android.content.ContextWrapper.sendBroadcast:377 com.android.systemui.taskmanager.TaskManagerView.sendVisibilityChangedBroadcast:649 com.android.systemui.taskmanager.TaskManagerView.show:597 com.android.systemui.taskmanager.TaskManagerView.show:478 
W/InputMethodManagerService( 1377): Window already focused, ignoring focus gain of: com.android.internal.view.IInputMethodClient$Stub$Proxy@27a3e0e2 attribute=null, token = android.os.BinderProxy@178d0c94
W/ContextImpl( 3233): Calling a method in the system process without a qualified user: android.app.ContextImpl.sendBroadcast:1340 android.content.ContextWrapper.sendBroadcast:377 com.android.systemui.taskmanager.TaskManagerView.sendVisibilityChangedBroadcast:649 com.android.systemui.taskmanager.TaskManagerView.access$1800:87 com.android.systemui.taskmanager.TaskManagerView$11.run:584 
W/ContextImpl( 3233): Calling a method in the system process without a qualified user: android.app.ContextImpl.sendBroadcast:1340 android.content.ContextWrapper.sendBroadcast:377 com.android.systemui.taskmanager.TaskManagerView.sendVisibilityChangedBroadcast:649 com.android.systemui.taskmanager.TaskManagerView.show:597 com.android.systemui.taskmanager.TaskManagerView.show:478 
W/InputMethodManagerService( 1377): Window already focused, ignoring focus gain of: com.android.internal.view.IInputMethodClient$Stub$Proxy@2017cc73 attribute=null, token = android.os.BinderProxy@178d0c94
W/ContextImpl( 3233): Calling a method in the system process without a qualified user: android.app.ContextImpl.sendBroadcast:1340 android.content.ContextWrapper.sendBroadcast:377 com.android.systemui.taskmanager.TaskManagerView.sendVisibilityChangedBroadcast:649 com.android.systemui.taskmanager.TaskManagerView.show:597 com.android.systemui.taskmanager.TaskManagerView.show:478 
E/ActivityManager( 1377): Invalid thumbnail dimensions: 0x0
W/ContextImpl( 1377): Calling a method in the system process without a qualified user: android.app.ContextImpl.sendBroadcast:1354 com.android.internal.policy.impl.BaseMiuiPhoneWindowManager$15.run:1742 android.os.Handler.handleCallback:739 android.os.Handler.dispatchMessage:95 android.os.Looper.loop:135 
D/ActivityThread(12226): Loading provider miui.yellowpage.invocation: com.miui.yellowpage.providers.invocation.InvocationProxy
D/ConnectivityService( 1377): returning Blocked NetworkInfo for ifname=wlan0, uid=10593
I/ActivityManager( 1377): START u0 {act=android.intent.action.VIEW dat=content://com.android.contacts/contacts/lookup/3959r3-63D763D7B5BFC9BB98F4978D/3 pkg=com.android.contacts cmp=com.android.contacts/.activities.ContactDetailActivity (has extras)} from uid 10008 on display 0
W/ContextImpl( 1377): Calling a method in the system process without a qualified user: android.app.ContextImpl.sendBroadcast:1340 com.android.internal.policy.impl.BaseMiuiPhoneWindowManager$14.run:1732 android.os.Handler.handleCallback:739 android.os.Handler.dispatchMessage:95 android.os.Looper.loop:135 
I/ActivityManager( 1377): START u0 {act=android.intent.action.INSERT dat=content://com.android.contacts/contacts pkg=com.android.contacts cmp=com.android.contacts/.activities.ContactEditorActivity} from uid 10008 on display 0
I/ActivityManager( 1377): START u0 {act=com.miui.voip.action.ACTIVATE_VOIP_ROUTER pkg=com.miui.voip cmp=com.miui.voip/.engine.activate.ActivateRouterActivity (has extras)} from uid 10008 on display 0
I/ActivityManager( 1377): START u0 {act=android.intent.action.VIEW dat=content://com.android.contacts/contacts/lookup/lookup_group/0 pkg=com.android.contacts cmp=com.android.contacts/.activities.ContactsGroupActivity (has extras)} from uid 10008 on display 0
W/ContextImpl( 3233): Calling a method in the system process without a qualified user: android.app.ContextImpl.sendBroadcast:1340 android.content.ContextWrapper.sendBroadcast:377 com.android.systemui.taskmanager.TaskManagerView.sendVisibilityChangedBroadcast:649 com.android.systemui.taskmanager.TaskManagerView.access$1800:87 com.android.systemui.taskmanager.TaskManagerView$11.run:584 
W/ContextImpl( 3233): Calling a method in the system process without a qualified user: android.app.ContextImpl.sendBroadcast:1340 android.content.ContextWrapper.sendBroadcast:377 com.android.systemui.taskmanager.TaskManagerView.sendVisibilityChangedBroadcast:649 com.android.systemui.taskmanager.TaskManagerView.show:597 com.android.systemui.taskmanager.TaskManagerView.show:478 
W/InputMethodManagerService( 1377): Window already focused, ignoring focus gain of: com.android.internal.view.IInputMethodClient$Stub$Proxy@1635a6b6 attribute=null, token = android.os.BinderProxy@3c4ca317
I/ValidateNoPeople( 1377): skipping global notification
W/ContextImpl( 1377): Calling a method in the system process without a qualified user: android.app.ContextImpl.sendBroadcast:1354 com.android.internal.policy.impl.BaseMiuiPhoneWindowManager$15.run:1742 android.os.Handler.handleCallback:739 android.os.Handler.dispatchMessage:95 android.os.Looper.loop:135 
V/WindowManager( 1377): Adding window Window{874a689 u0 PopupWindow:d3a5033} at 8 of 15 (after Window{24c6a47e u0 InputMethod})
W/ContextImpl( 3233): Calling a method in the system process without a qualified user: android.app.ContextImpl.sendBroadcast:1340 android.content.ContextWrapper.sendBroadcast:377 com.android.systemui.taskmanager.TaskManagerView.sendVisibilityChangedBroadcast:649 com.android.systemui.taskmanager.TaskManagerView.access$1800:87 com.android.systemui.taskmanager.TaskManagerView$11.run:584 
W/ContextImpl( 3233): Calling a method in the system process without a qualified user: android.app.ContextImpl.sendBroadcast:1340 android.content.ContextWrapper.sendBroadcast:377 com.android.systemui.taskmanager.TaskManagerView.sendVisibilityChangedBroadcast:649 com.android.systemui.taskmanager.TaskManagerView.show:597 com.android.systemui.taskmanager.TaskManagerView.show:478 
W/InputMethodManagerService( 1377): Window already focused, ignoring focus gain of: com.android.internal.view.IInputMethodClient$Stub$Proxy@3b5ed68e attribute=null, token = android.os.BinderProxy@3c4ca317
I/ValidateNoPeople( 1377): skipping global notification
V/LocationPolicy( 1377): writePolicyLocked()
D/ConnectivityService( 1377): returning Blocked NetworkInfo for ifname=wlan0, uid=10325
I/ActivityManager( 1377): Start proc 15292:com.xiaomi.market:guard/u0a64 for service com.xiaomi.market/.service.SelfUpdateService
D/NetworkManagementService( 1377): hardware tether stats:NetworkStats: elapsedRealtime=3644048
D/NetworkManagementService( 1377): getNetworkStatsSummaryXt:NetworkStats: elapsedRealtime=3644049
D/NetworkManagementService( 1377):   [0] iface=wlan0 uid=-1 set=ALL tag=0x0 rxBytes=34193824 rxPackets=26558 txBytes=1447007 txPackets=16716 operations=0
D/NetworkManagementService( 1377):   [1] iface=usbnet0 uid=-1 set=ALL tag=0x0 rxBytes=0 rxPackets=0 txBytes=0 txPackets=0 operations=0
D/NetworkManagementService( 1377):   [2] iface=lo uid=-1 set=ALL tag=0x0 rxBytes=3772 rxPackets=68 txBytes=3772 txPackets=68 operations=0
D/NetworkManagementService( 1377): hardware tether stats:NetworkStats: elapsedRealtime=3644050
D/NetworkManagementService( 1377): getNetworkStatsSummaryDev:NetworkStats: elapsedRealtime=3644051
D/NetworkManagementService( 1377):   [0] iface=wlan0 uid=-1 set=ALL tag=0x0 rxBytes=34196206 rxPackets=26637 txBytes=1684700 txPackets=16785 operations=0
D/NetworkManagementService( 1377):   [1] iface=usbnet0 uid=-1 set=ALL tag=0x0 rxBytes=0 rxPackets=0 txBytes=0 txPackets=0 operations=0
D/NetworkManagementService( 1377):   [2] iface=lo uid=-1 set=ALL tag=0x0 rxBytes=3772 rxPackets=68 txBytes=3772 txPackets=68 operations=0
W/ContextImpl( 4670): Calling a method in the system process without a qualified user: android.app.ContextImpl.sendBroadcast:1340 android.content.ContextWrapper.sendBroadcast:377 com.miui.networkassistant.service.tm.TrafficManageService.broadCastDataUsageUpdated:-1 com.miui.networkassistant.service.tm.TrafficManageService$8.onReceive:-1 android.app.LoadedApk$ReceiverDispatcher$Args.run:868 
I/ActivityManager( 1377): Killing 12376:com.android.thememanager/9801 (adj 13): empty for 2130s
I/ActivityManager( 1377): Start proc 15319:sogou.mobile.explorer.hotwords/u0a83 for service com.sohu.inputmethod.sogou.xiaomi/sogou.mobile.explorer.hotwordsbase.entrance.HotwordsBaseEntranceService
W/ProcessCpuTracker( 1377): Skipping unknown process pid 15574
W/BroadcastQueue( 1377): Skipping deliver [background] BroadcastRecord{3e28a433 u-1 android.net.conn.CONNECTIVITY_CHANGE} to ReceiverList{bc7a3f0 15595 (unknown name)/2000/u-1 remote:3dba776d}: process crashing
I/ActivityManager( 1377): START u0 {act=android.intent.action.MAIN cat=[android.intent.category.LAUNCHER] flg=0x10200000 cmp=cn.com.autohome.travel/.module.launcher.SplashActivity} from uid 2000 on display 0
E/ActivityManager( 1377): Invalid thumbnail dimensions: 0x0
V/LocationPolicy( 1377): writePolicyLocked()
W/BroadcastQueueInjector( 1377): Unable to launch app cn.com.autohome.travel/10100 for broadcast Intent { act=android.net.conn.CONNECTIVITY_CHANGE flg=0x10 pkg=cn.com.autohome.travel (has extras) }: process is not permitted to autostart
I/ValidateNoPeople( 1377): skipping global notification
W/ContextImpl( 1377): Calling a method in the system process without a qualified user: android.app.ContextImpl.sendBroadcast:1354 com.android.internal.policy.impl.BaseMiuiPhoneWindowManager$15.run:1742 android.os.Handler.handleCallback:739 android.os.Handler.dispatchMessage:95 android.os.Looper.loop:135 
W/ActivityManager( 1377): Unable to start service Intent { act=service_action_LOOPER_VALUE pkg=com.qihoo.gameassist } U=0: not found
I/ActivityManager( 1377): START u0 {act=android.intent.action.MAIN cat=[android.intent.category.LAUNCHER] flg=0x10200000 cmp=cn.com.autohome.travel/.module.launcher.SplashActivity} from uid 2000 on display 0
W/ContextImpl( 3233): Calling a method in the system process without a qualified user: android.app.ContextImpl.sendBroadcast:1340 android.content.ContextWrapper.sendBroadcast:377 com.android.systemui.taskmanager.TaskManagerView.sendVisibilityChangedBroadcast:649 com.android.systemui.taskmanager.TaskManagerView.access$1800:87 com.android.systemui.taskmanager.TaskManagerView$11.run:584 
W/ContextImpl( 3233): Calling a method in the system process without a qualified user: android.app.ContextImpl.sendBroadcast:1340 android.content.ContextWrapper.sendBroadcast:377 com.android.systemui.taskmanager.TaskManagerView.sendVisibilityChangedBroadcast:649 com.android.systemui.taskmanager.TaskManagerView.show:597 com.android.systemui.taskmanager.TaskManagerView.show:478 
W/InputMethodManagerService( 1377): Window already focused, ignoring focus gain of: com.android.internal.view.IInputMethodClient$Stub$Proxy@2e94c14e attribute=null, token = android.os.BinderProxy@178d0c94
W/ContextImpl( 3233): Calling a method in the system process without a qualified user: android.app.ContextImpl.sendBroadcast:1340 android.content.ContextWrapper.sendBroadcast:377 com.android.systemui.taskmanager.TaskManagerView.sendVisibilityChangedBroadcast:649 com.android.systemui.taskmanager.TaskManagerView.show:597 com.android.systemui.taskmanager.TaskManagerView.show:478 
W/InputMethodManagerService( 1377): Window already focused, ignoring focus gain of: com.android.internal.view.IInputMethodClient$Stub$Proxy@1a844b7c attribute=null, token = android.os.BinderProxy@178d0c94
W/ContextImpl( 3233): Calling a method in the system process without a qualified user: android.app.ContextImpl.sendBroadcast:1340 android.content.ContextWrapper.sendBroadcast:377 com.android.systemui.taskmanager.TaskManagerView.sendVisibilityChangedBroadcast:649 com.android.systemui.taskmanager.TaskManagerView.access$1800:87 com.android.systemui.taskmanager.TaskManagerView$11.run:584 
W/ContextImpl( 3233): Calling a method in the system process without a qualified user: android.app.ContextImpl.sendBroadcast:1340 android.content.ContextWrapper.sendBroadcast:377 com.android.systemui.taskmanager.TaskManagerView.sendVisibilityChangedBroadcast:649 com.android.systemui.taskmanager.TaskManagerView.show:597 com.android.systemui.taskmanager.TaskManagerView.show:478 
W/InputMethodManagerService( 1377): Window already focused, ignoring focus gain of: com.android.internal.view.IInputMethodClient$Stub$Proxy@373c1c05 attribute=null, token = android.os.BinderProxy@178d0c94
W/ContextImpl( 1377): Calling a method in the system process without a qualified user: android.app.ContextImpl.sendBroadcast:1340 com.android.internal.policy.impl.BaseMiuiPhoneWindowManager$14.run:1732 android.os.Handler.handleCallback:739 android.os.Handler.dispatchMessage:95 android.os.Looper.loop:135 
D/WifiService( 1377): New client listening to asynchronous messages
I/ProcessStatsService( 1377): Prepared write state in 6ms
W/BroadcastQueue( 1377): Skipping deliver [background] BroadcastRecord{396c6bd u-1 android.net.conn.CONNECTIVITY_CHANGE} to ReceiverList{2aee64b2 15986 (unknown name)/2000/u-1 remote:1c681067}: process crashing
I/ActivityManager( 1377): START u0 {act=android.intent.action.MAIN cat=[android.intent.category.LAUNCHER] flg=0x10200000 cmp=cn.com.autohome.travel/.module.launcher.SplashActivity} from uid 2000 on display 0
I/ActivityManager( 1377): START u0 {cmp=cn.com.autohome.travel/.module.Login.LoginWithVerifiCodeActivity} from uid 10100 on display 0
V/WindowManager( 1377): addAppToken: AppWindowToken{3e6e11b9 token=Token{34da7780 ActivityRecord{3ddb4c03 u0 cn.com.autohome.travel/.module.Login.LoginWithVerifiCodeActivity t1382}}} to stack=1 task=1382 at 4
V/WindowManager( 1377): Adding window Window{ebca55f u0 cn.com.autohome.travel/cn.com.autohome.travel.module.Login.LoginWithVerifiCodeActivity} at 7 of 15 (after Window{f5ba33d u0 cn.com.autohome.travel/cn.com.autohome.travel.module.recommend.CommentActivity})
W/ViewRootImpl(12072): Dropping event due to no window focus: KeyEvent { action=ACTION_MULTIPLE, keyCode=KEYCODE_DPAD_UP, scanCode=0, metaState=0, flags=0x400, repeatCount=56, eventTime=3732293, downTime=3732293, deviceId=-1, source=0x101 }
W/ViewRootImpl(12072): Dropping event due to no window focus: KeyEvent { action=ACTION_DOWN, keyCode=KEYCODE_DPAD_UP, scanCode=0, metaState=0, flags=0x400, repeatCount=0, eventTime=3732294, downTime=3732294, deviceId=-1, source=0x101 }
W/ViewRootImpl(12072): Cancelling event due to no window focus: KeyEvent { action=ACTION_UP, keyCode=KEYCODE_DPAD_UP, scanCode=0, metaState=0, flags=0x420, repeatCount=0, eventTime=3732294, downTime=3732294, deviceId=-1, source=0x101 }
W/ViewRootImpl(12072): Cancelling event due to no window focus: KeyEvent { action=ACTION_UP, keyCode=KEYCODE_DPAD_UP, scanCode=0, metaState=0, flags=0x420, repeatCount=0, eventTime=3732294, downTime=3732294, deviceId=-1, source=0x101 }
