W/ViewRootImpl(12072): Cancelling event due to no window focus: KeyEvent { action=ACTION_UP, keyCode=KEYCODE_DPAD_UP, scanCode=0, metaState=0, flags=0x420, repeatCount=0, eventTime=3732294, downTime=3732294, deviceId=-1, source=0x101 }
W/ViewRootImpl(12072): Dropping event due to no window focus: KeyEvent { action=ACTION_DOWN, keyCode=KEYCODE_DPAD_UP, scanCode=0, metaState=0, flags=0x400, repeatCount=0, eventTime=3732294, downTime=3732294, deviceId=-1, source=0x101 }
W/ViewRootImpl(12072): Cancelling event due to no window focus: KeyEvent { action=ACTION_UP, keyCode=KEYCODE_DPAD_UP, scanCode=0, metaState=0, flags=0x420, repeatCount=0, eventTime=3732294, downTime=3732294, deviceId=-1, source=0x101 }
W/ViewRootImpl(12072): Cancelling event due to no window focus: KeyEvent { action=ACTION_UP, keyCode=KEYCODE_DPAD_UP, scanCode=0, metaState=0, flags=0x420, repeatCount=0, eventTime=3732294, downTime=3732294, deviceId=-1, source=0x101 }
W/ViewRootImpl(12072): Cancelling event due to no window focus: KeyEvent { action=ACTION_UP, keyCode=KEYCODE_DPAD_UP, scanCode=0, metaState=0, flags=0x420, repeatCount=0, eventTime=3732294, downTime=3732294, deviceId=-1, source=0x101 }
W/ViewRootImpl(12072): Cancelling event due to no window focus: KeyEvent { action=ACTION_UP, keyCode=KEYCODE_DPAD_UP, scanCode=0, metaState=0, flags=0x420, repeatCount=0, eventTime=3732294, downTime=3732294, deviceId=-1, source=0x101 }
W/ViewRootImpl(12072): Cancelling event due to no window focus: KeyEvent { action=ACTION_UP, keyCode=KEYCODE_DPAD_UP, scanCode=0, metaState=0, flags=0x420, repeatCount=0, eventTime=3732294, downTime=3732294, deviceId=-1, source=0x101 }
W/ViewRootImpl(12072): Cancelling event due to no window focus: KeyEvent { action=ACTION_UP, keyCode=KEYCODE_DPAD_UP, scanCode=0, metaState=0, flags=0x420, repeatCount=0, eventTime=3732294, downTime=3732294, deviceId=-1, source=0x101 }
W/ViewRootImpl(12072): Cancelling event due to no window focus: KeyEvent { action=ACTION_UP, keyCode=KEYCODE_DPAD_UP, scanCode=0, metaState=0, flags=0x420, repeatCount=0, eventTime=3732294, downTime=3732294, deviceId=-1, source=0x101 }
W/ViewRootImpl(12072): Cancelling event due to no window focus: KeyEvent { action=ACTION_UP, keyCode=KEYCODE_DPAD_UP, scanCode=0, metaState=0, flags=0x420, repeatCount=0, eventTime=3732294, downTime=3732294, deviceId=-1, source=0x101 }
W/ViewRootImpl(12072): Cancelling event due to no window focus: KeyEvent { action=ACTION_UP, keyCode=KEYCODE_DPAD_UP, scanCode=0, metaState=0, flags=0x420, repeatCount=0, eventTime=3732294, downTime=3732294, deviceId=-1, source=0x101 }
W/ViewRootImpl(12072): Cancelling event due to no window focus: KeyEvent { action=ACTION_UP, keyCode=KEYCODE_DPAD_UP, scanCode=0, metaState=0, flags=0x420, repeatCount=0, eventTime=3732294, downTime=3732294, deviceId=-1, source=0x101 }
W/ViewRootImpl(12072): Cancelling event due to no window focus: KeyEvent { action=ACTION_UP, keyCode=KEYCODE_DPAD_UP, scanCode=0, metaState=0, flags=0x420, repeatCount=0, eventTime=3732294, downTime=3732294, deviceId=-1, source=0x101 }
W/ViewRootImpl(12072): Cancelling event due to no window focus: KeyEvent { action=ACTION_UP, keyCode=KEYCODE_DPAD_UP, scanCode=0, metaState=0, flags=0x420, repeatCount=0, eventTime=3732294, downTime=3732294, deviceId=-1, source=0x101 }
W/ViewRootImpl(12072): Cancelling event due to no window focus: KeyEvent { action=ACTION_UP, keyCode=KEYCODE_DPAD_UP, scanCode=0, metaState=0, flags=0x420, repeatCount=0, eventTime=3732294, downTime=3732294, deviceId=-1, source=0x101 }
W/ViewRootImpl(12072): Cancelling event due to no window focus: KeyEvent { action=ACTION_UP, keyCode=KEYCODE_DPAD_UP, scanCode=0, metaState=0, flags=0x420, repeatCount=0, eventTime=3732294, downTime=3732294, deviceId=-1, source=0x101 }
W/ViewRootImpl(12072): Cancelling event due to no window focus: KeyEvent { action=ACTION_UP, keyCode=KEYCODE_DPAD_UP, scanCode=0, metaState=0, flags=0x420, repeatCount=0, eventTime=3732294, downTime=3732294, deviceId=-1, source=0x101 }
I/NotificationService( 1377): cancelToast pkg=com.sohu.inputmethod.sogou.xiaomi callback=android.app.ITransientNotification$Stub$Proxy@72f8bac
W/NotificationService( 1377): Toast already cancelled. pkg=com.sohu.inputmethod.sogou.xiaomi callback=android.app.ITransientNotification$Stub$Proxy@72f8bac
W/ContextImpl( 1377): Calling a method in the system process without a qualified user: android.app.ContextImpl.sendBroadcast:1340 com.android.internal.policy.impl.BaseMiuiPhoneWindowManager$14.run:1732 android.os.Handler.handleCallback:739 android.os.Handler.dispatchMessage:95 android.os.Looper.loop:135 
I/ActivityManager( 1377): START u0 {cmp=cn.com.autohome.travel/.module.Login.LoginWithPasswdActivity} from uid 10100 on display 0
V/WindowManager( 1377): addAppToken: AppWindowToken{c65a444 token=Token{1b7fe157 ActivityRecord{33a56ad6 u0 cn.com.autohome.travel/.module.Login.LoginWithPasswdActivity t1382}}} to stack=1 task=1382 at 5
V/WindowManager( 1377): Adding window Window{9655e62 u0 cn.com.autohome.travel/cn.com.autohome.travel.module.Login.LoginWithPasswdActivity} at 8 of 17 (after Window{ebca55f u0 cn.com.autohome.travel/cn.com.autohome.travel.module.Login.LoginWithVerifiCodeActivity})
I/ValidateNoPeople( 1377): skipping global notification
W/ContextImpl( 1377): Calling a method in the system process without a qualified user: android.app.ContextImpl.sendBroadcast:1354 com.android.internal.policy.impl.BaseMiuiPhoneWindowManager$15.run:1742 android.os.Handler.handleCallback:739 android.os.Handler.dispatchMessage:95 android.os.Looper.loop:135 
V/WindowManager( 1377): Adding window Window{3b0337dc u0 PopupWindow:28ce92bd} at 10 of 17 (after Window{24c6a47e u0 InputMethod})
I/ValidateNoPeople( 1377): skipping global notification
E/NetlinkEvent(  439): NetlinkEvent::FindParam(): Parameter 'ALERT_NAME' not found
E/NetlinkEvent(  424): NetlinkEvent::FindParam(): Parameter 'ALERT_NAME' not found
E/NetlinkEvent(  439): NetlinkEvent::FindParam(): Parameter 'ALERT_NAME' not found
E/NetlinkEvent(  424): NetlinkEvent::FindParam(): Parameter 'ALERT_NAME' not found
I/ValidateNoPeople( 1377): skipping global notification
W/ContextImpl( 3233): Calling a method in the system process without a qualified user: android.app.ContextImpl.sendBroadcast:1340 android.content.ContextWrapper.sendBroadcast:377 com.android.systemui.taskmanager.TaskManagerView.sendVisibilityChangedBroadcast:649 com.android.systemui.taskmanager.TaskManagerView.show:597 com.android.systemui.taskmanager.TaskManagerView.show:478 
W/InputMethodManagerService( 1377): Window already focused, ignoring focus gain of: com.android.internal.view.IInputMethodClient$Stub$Proxy@2b8c00e5 attribute=null, token = android.os.BinderProxy@febd92d
I/NotificationService( 1377): cancelToast pkg=com.sohu.inputmethod.sogou.xiaomi callback=android.app.ITransientNotification$Stub$Proxy@90057ba
W/NotificationService( 1377): Toast already cancelled. pkg=com.sohu.inputmethod.sogou.xiaomi callback=android.app.ITransientNotification$Stub$Proxy@90057ba
I/ValidateNoPeople( 1377): skipping global notification
I/NotificationService( 1377): cancelToast pkg=com.sohu.inputmethod.sogou.xiaomi callback=android.app.ITransientNotification$Stub$Proxy@3bc366b
W/NotificationService( 1377): Toast already cancelled. pkg=com.sohu.inputmethod.sogou.xiaomi callback=android.app.ITransientNotification$Stub$Proxy@3bc366b
I/ValidateNoPeople( 1377): skipping global notification
I/ValidateNoPeople( 1377): skipping global notification
W/ContextImpl( 3233): Calling a method in the system process without a qualified user: android.app.ContextImpl.sendBroadcast:1340 android.content.ContextWrapper.sendBroadcast:377 com.android.systemui.taskmanager.TaskManagerView.sendVisibilityChangedBroadcast:649 com.android.systemui.taskmanager.TaskManagerView.show:597 com.android.systemui.taskmanager.TaskManagerView.show:478 
W/InputMethodManagerService( 1377): Window already focused, ignoring focus gain of: com.android.internal.view.IInputMethodClient$Stub$Proxy@3179f5c8 attribute=null, token = android.os.BinderProxy@febd92d
I/NotificationService( 1377): cancelToast pkg=com.sohu.inputmethod.sogou.xiaomi callback=android.app.ITransientNotification$Stub$Proxy@1a80c661
W/NotificationService( 1377): Toast already cancelled. pkg=com.sohu.inputmethod.sogou.xiaomi callback=android.app.ITransientNotification$Stub$Proxy@1a80c661
I/ValidateNoPeople( 1377): skipping global notification
I/NotificationService( 1377): cancelToast pkg=com.sohu.inputmethod.sogou.xiaomi callback=android.app.ITransientNotification$Stub$Proxy@154c3586
W/NotificationService( 1377): Toast already cancelled. pkg=com.sohu.inputmethod.sogou.xiaomi callback=android.app.ITransientNotification$Stub$Proxy@154c3586
I/ValidateNoPeople( 1377): skipping global notification
I/NotificationService( 1377): cancelToast pkg=com.sohu.inputmethod.sogou.xiaomi callback=android.app.ITransientNotification$Stub$Proxy@3565ce47
W/NotificationService( 1377): Toast already cancelled. pkg=com.sohu.inputmethod.sogou.xiaomi callback=android.app.ITransientNotification$Stub$Proxy@3565ce47
I/ValidateNoPeople( 1377): skipping global notification
I/ValidateNoPeople( 1377): skipping global notification
I/ValidateNoPeople( 1377): skipping global notification
I/NotificationService( 1377): cancelToast pkg=com.sohu.inputmethod.sogou.xiaomi callback=android.app.ITransientNotification$Stub$Proxy@131ca674
W/NotificationService( 1377): Toast already cancelled. pkg=com.sohu.inputmethod.sogou.xiaomi callback=android.app.ITransientNotification$Stub$Proxy@131ca674
I/ValidateNoPeople( 1377): skipping global notification
I/NotificationService( 1377): cancelToast pkg=com.sohu.inputmethod.sogou.xiaomi callback=android.app.ITransientNotification$Stub$Proxy@fa2679d
W/NotificationService( 1377): Toast already cancelled. pkg=com.sohu.inputmethod.sogou.xiaomi callback=android.app.ITransientNotification$Stub$Proxy@fa2679d
I/ValidateNoPeople( 1377): skipping global notification
I/NotificationService( 1377): cancelToast pkg=com.sohu.inputmethod.sogou.xiaomi callback=android.app.ITransientNotification$Stub$Proxy@24262412
W/NotificationService( 1377): Toast already cancelled. pkg=com.sohu.inputmethod.sogou.xiaomi callback=android.app.ITransientNotification$Stub$Proxy@24262412
I/ValidateNoPeople( 1377): skipping global notification
I/NotificationService( 1377): cancelToast pkg=com.sohu.inputmethod.sogou.xiaomi callback=android.app.ITransientNotification$Stub$Proxy@3b2707e3
W/NotificationService( 1377): Toast already cancelled. pkg=com.sohu.inputmethod.sogou.xiaomi callback=android.app.ITransientNotification$Stub$Proxy@3b2707e3
I/ValidateNoPeople( 1377): skipping global notification
I/ValidateNoPeople( 1377): skipping global notification
I/ValidateNoPeople( 1377): skipping global notification
W/ContextImpl( 3233): Calling a method in the system process without a qualified user: android.app.ContextImpl.sendBroadcast:1340 android.content.ContextWrapper.sendBroadcast:377 com.android.systemui.taskmanager.TaskManagerView.sendVisibilityChangedBroadcast:649 com.android.systemui.taskmanager.TaskManagerView.access$1800:87 com.android.systemui.taskmanager.TaskManagerView$11.run:584 
W/ContextImpl( 3233): Calling a method in the system process without a qualified user: android.app.ContextImpl.sendBroadcast:1340 android.content.ContextWrapper.sendBroadcast:377 com.android.systemui.taskmanager.TaskManagerView.sendVisibilityChangedBroadcast:649 com.android.systemui.taskmanager.TaskManagerView.show:597 com.android.systemui.taskmanager.TaskManagerView.show:478 
I/ValidateNoPeople( 1377): skipping global notification
W/InputMethodManagerService( 1377): Window already focused, ignoring focus gain of: com.android.internal.view.IInputMethodClient$Stub$Proxy@1097b5e0 attribute=null, token = android.os.BinderProxy@febd92d
I/ValidateNoPeople( 1377): skipping global notification
W/ContextImpl( 3233): Calling a method in the system process without a qualified user: android.app.ContextImpl.sendBroadcast:1340 android.content.ContextWrapper.sendBroadcast:377 com.android.systemui.taskmanager.TaskManagerView.sendVisibilityChangedBroadcast:649 com.android.systemui.taskmanager.TaskManagerView.access$1800:87 com.android.systemui.taskmanager.TaskManagerView$11.run:584 
W/ContextImpl( 3233): Calling a method in the system process without a qualified user: android.app.ContextImpl.sendBroadcast:1340 android.content.ContextWrapper.sendBroadcast:377 com.android.systemui.taskmanager.TaskManagerView.sendVisibilityChangedBroadcast:649 com.android.systemui.taskmanager.TaskManagerView.show:597 com.android.systemui.taskmanager.TaskManagerView.show:478 
W/InputMethodManagerService( 1377): Window already focused, ignoring focus gain of: com.android.internal.view.IInputMethodClient$Stub$Proxy@1542e099 attribute=null, token = android.os.BinderProxy@febd92d
I/AutoStartManagerService( 1377): MIUILOG- Reject service :Intent { act=android.content.SyncAdapter cmp=com.alibaba.android.rimet/.syncadapter.SyncService (has extras) } userId : 0 uid : 10158
W/BroadcastQueue( 1377): Skipping deliver [background] BroadcastRecord{2f745710 u-1 android.net.conn.CONNECTIVITY_CHANGE} to ReceiverList{d702209 16664 (unknown name)/2000/u-1 remote:373bb5c2}: process crashing
I/NotificationService( 1377): cancelToast pkg=com.sohu.inputmethod.sogou.xiaomi callback=android.app.ITransientNotification$Stub$Proxy@3f136c0e
W/NotificationService( 1377): Toast already cancelled. pkg=com.sohu.inputmethod.sogou.xiaomi callback=android.app.ITransientNotification$Stub$Proxy@3f136c0e
W/ContextImpl( 1377): Calling a method in the system process without a qualified user: android.app.ContextImpl.sendBroadcast:1354 com.android.internal.policy.impl.BaseMiuiPhoneWindowManager$15.run:1742 android.os.Handler.handleCallback:739 android.os.Handler.dispatchMessage:95 android.os.Looper.loop:135 
I/UsageStatsService( 1377): User[0] Flushing usage stats to disk
D/ConnectivityService( 1377): returning Blocked NetworkInfo for ifname=wlan0, uid=10325
E/NetlinkEvent(  439): NetlinkEvent::FindParam(): Parameter 'ALERT_NAME' not found
E/NetlinkEvent(  424): NetlinkEvent::FindParam(): Parameter 'ALERT_NAME' not found
E/NetlinkEvent(  424): NetlinkEvent::FindParam(): Parameter 'ALERT_NAME' not found
E/NetlinkEvent(  439): NetlinkEvent::FindParam(): Parameter 'ALERT_NAME' not found
E/NetlinkEvent(  439): NetlinkEvent::FindParam(): Parameter 'ALERT_NAME' not found
E/NetlinkEvent(  439): NetlinkEvent::FindParam(): Parameter 'ALERT_NAME' not found
E/NetlinkEvent(  439): NetlinkEvent::FindParam(): Parameter 'ALERT_NAME' not found
E/NetlinkEvent(  424): NetlinkEvent::FindParam(): Parameter 'ALERT_NAME' not found
E/NetlinkEvent(  424): NetlinkEvent::FindParam(): Parameter 'ALERT_NAME' not found
E/NetlinkEvent(  424): NetlinkEvent::FindParam(): Parameter 'ALERT_NAME' not found
E/NetlinkEvent(  439): NetlinkEvent::FindParam(): Parameter 'ALERT_NAME' not found
E/NetlinkEvent(  424): NetlinkEvent::FindParam(): Parameter 'ALERT_NAME' not found
E/NetlinkEvent(  439): NetlinkEvent::FindParam(): Parameter 'ALERT_NAME' not found
E/NetlinkEvent(  424): NetlinkEvent::FindParam(): Parameter 'ALERT_NAME' not found
E/NetlinkEvent(  439): NetlinkEvent::FindParam(): Parameter 'ALERT_NAME' not found
E/NetlinkEvent(  424): NetlinkEvent::FindParam(): Parameter 'ALERT_NAME' not found
E/NetlinkEvent(  424): NetlinkEvent::FindParam(): Parameter 'ALERT_NAME' not found
E/NetlinkEvent(  439): NetlinkEvent::FindParam(): Parameter 'ALERT_NAME' not found
E/NetlinkEvent(  439): NetlinkEvent::FindParam(): Parameter 'ALERT_NAME' not found
E/NetlinkEvent(  439): NetlinkEvent::FindParam(): Parameter 'ALERT_NAME' not found
E/NetlinkEvent(  424): NetlinkEvent::FindParam(): Parameter 'ALERT_NAME' not found
E/NetlinkEvent(  424): NetlinkEvent::FindParam(): Parameter 'ALERT_NAME' not found
E/NetlinkEvent(  439): NetlinkEvent::FindParam(): Parameter 'ALERT_NAME' not found
E/NetlinkEvent(  424): NetlinkEvent::FindParam(): Parameter 'ALERT_NAME' not found
W/BroadcastQueueInjector( 1377): Unable to launch app com.baidu.appsearch/10618 for broadcast Intent { act=android.intent.action.ACTION_POWER_DISCONNECTED flg=0x4000010 }: process is not permitted to autostart
W/BroadcastQueueInjector( 1377): Unable to launch app com.baidu.travel/10576 for broadcast Intent { act=android.intent.action.ACTION_POWER_DISCONNECTED flg=0x4000010 }: process is not permitted to autostart
W/BroadcastQueueInjector( 1377): Unable to launch app com.tencent.mtt/10325 for broadcast Intent { act=android.intent.action.ACTION_POWER_DISCONNECTED flg=0x4000010 }: process is not permitted to autostart
W/BroadcastQueueInjector( 1377): Unable to launch app com.alibaba.android.rimet/10158 for broadcast Intent { act=android.intent.action.ACTION_POWER_DISCONNECTED flg=0x4000010 }: process is not permitted to autostart
I/PowerUI ( 3233): showing low battery warning: level=4 [-2]
I/PowerUI ( 3233): updating low battery warning: level=4 [-2]
I/StorageNotification( 3233): UMS connection changed to false (media state mounted)
W/ContextImpl( 3214): Calling a method in the system process without a qualified user: android.app.ContextImpl.startService:1705 android.content.ContextWrapper.startService:516 android.content.ContextWrapper.startService:516 com.android.settings.AnalyticsReceiver.onReceive:24 android.app.ActivityThread.handleReceiver:2616 
E/NetlinkEvent(  439): NetlinkEvent::FindParam(): Parameter 'ALERT_NAME' not found
E/NetlinkEvent(  439): NetlinkEvent::FindParam(): Parameter 'ALERT_NAME' not found
E/NetlinkEvent(  424): NetlinkEvent::FindParam(): Parameter 'ALERT_NAME' not found
E/NetlinkEvent(  424): NetlinkEvent::FindParam(): Parameter 'ALERT_NAME' not found
E/NetlinkEvent(  439): NetlinkEvent::FindParam(): Parameter 'ALERT_NAME' not found
E/NetlinkEvent(  424): NetlinkEvent::FindParam(): Parameter 'ALERT_NAME' not found
E/NetlinkEvent(  439): NetlinkEvent::FindParam(): Parameter 'ALERT_NAME' not found
E/NetlinkEvent(  424): NetlinkEvent::FindParam(): Parameter 'ALERT_NAME' not found
E/NetlinkEvent(  439): NetlinkEvent::FindParam(): Parameter 'ALERT_NAME' not found
E/NetlinkEvent(  424): NetlinkEvent::FindParam(): Parameter 'ALERT_NAME' not found
E/NetlinkEvent(  439): NetlinkEvent::FindParam(): Parameter 'ALERT_NAME' not found
E/NetlinkEvent(  424): NetlinkEvent::FindParam(): Parameter 'ALERT_NAME' not found
I/EntropyMixer( 1377): Writing entropy...
W/BroadcastQueueInjector( 1377): Unable to launch app com.baidu.appsearch/10618 for broadcast Intent { act=android.intent.action.ACTION_POWER_CONNECTED flg=0x4000010 }: process is not permitted to autostart
W/BroadcastQueueInjector( 1377): Unable to launch app com.baidu.travel/10576 for broadcast Intent { act=android.intent.action.ACTION_POWER_CONNECTED flg=0x4000010 }: process is not permitted to autostart
W/BroadcastQueueInjector( 1377): Unable to launch app com.tencent.mtt/10325 for broadcast Intent { act=android.intent.action.ACTION_POWER_CONNECTED flg=0x4000010 }: process is not permitted to autostart
W/BroadcastQueueInjector( 1377): Unable to launch app com.alibaba.android.rimet/10158 for broadcast Intent { act=android.intent.action.ACTION_POWER_CONNECTED flg=0x4000010 }: process is not permitted to autostart
I/PowerUI ( 3233): closing low battery warning: level=4
W/InputMethodManagerService( 1377): Window already focused, ignoring focus gain of: com.android.internal.view.IInputMethodClient$Stub$Proxy@3c99b80f attribute=null, token = android.os.BinderProxy@febd92d
E/NetlinkEvent(  439): NetlinkEvent::FindParam(): Parameter 'ALERT_NAME' not found
E/NetlinkEvent(  424): NetlinkEvent::FindParam(): Parameter 'ALERT_NAME' not found
W/PowerUI ( 3233): unknown intent: Intent { act=android.intent.action.ACTION_POWER_CONNECTED flg=0x4000010 }
E/NetlinkEvent(  439): NetlinkEvent::FindParam(): Parameter 'ALERT_NAME' not found
E/NetlinkEvent(  424): NetlinkEvent::FindParam(): Parameter 'ALERT_NAME' not found
E/NetlinkEvent(  424): NetlinkEvent::FindParam(): Parameter 'ALERT_NAME' not found
E/NetlinkEvent(  439): NetlinkEvent::FindParam(): Parameter 'ALERT_NAME' not found
E/NetlinkEvent(  424): NetlinkEvent::FindParam(): Parameter 'ALERT_NAME' not found
E/NetlinkEvent(  439): NetlinkEvent::FindParam(): Parameter 'ALERT_NAME' not found
I/ValidateNoPeople( 1377): skipping global notification
E/NetlinkEvent(  439): NetlinkEvent::FindParam(): Parameter 'ALERT_NAME' not found
E/NetlinkEvent(  439): NetlinkEvent::FindParam(): Parameter 'ALERT_NAME' not found
E/NetlinkEvent(  439): NetlinkEvent::FindParam(): Parameter 'ALERT_NAME' not found
E/NetlinkEvent(  424): NetlinkEvent::FindParam(): Parameter 'ALERT_NAME' not found
E/NetlinkEvent(  424): NetlinkEvent::FindParam(): Parameter 'ALERT_NAME' not found
E/NetlinkEvent(  424): NetlinkEvent::FindParam(): Parameter 'ALERT_NAME' not found
I/ValidateNoPeople( 1377): skipping global notification
W/ContextImpl( 3214): Calling a method in the system process without a qualified user: android.app.ContextImpl.startService:1705 android.content.ContextWrapper.startService:516 android.content.ContextWrapper.startService:516 com.android.settings.AnalyticsReceiver.onReceive:24 android.app.ActivityThread.handleReceiver:2616 
I/StorageNotification( 3233): UMS connection changed to false (media state mounted)
E/NetlinkEvent(  439): NetlinkEvent::FindParam(): Parameter 'ALERT_NAME' not found
E/NetlinkEvent(  424): NetlinkEvent::FindParam(): Parameter 'ALERT_NAME' not found
W/ContextImpl( 3214): Calling a method in the system process without a qualified user: android.app.ContextImpl.startService:1705 android.content.ContextWrapper.startService:516 android.content.ContextWrapper.startService:516 com.android.settings.AnalyticsReceiver.onReceive:24 android.app.ActivityThread.handleReceiver:2616 
I/StorageNotification( 3233): UMS connection changed to false (media state mounted)
E/NetlinkEvent(  439): NetlinkEvent::FindParam(): Parameter 'ALERT_NAME' not found
E/NetlinkEvent(  424): NetlinkEvent::FindParam(): Parameter 'ALERT_NAME' not found
E/NetlinkEvent(  424): NetlinkEvent::FindParam(): Parameter 'ALERT_NAME' not found
E/NetlinkEvent(  439): NetlinkEvent::FindParam(): Parameter 'ALERT_NAME' not found
E/NetlinkEvent(  439): NetlinkEvent::FindParam(): Parameter 'ALERT_NAME' not found
E/NetlinkEvent(  424): NetlinkEvent::FindParam(): Parameter 'ALERT_NAME' not found
I/StorageNotification( 3233): UMS connection changed to false (media state mounted)
W/ContextImpl( 3214): Calling a method in the system process without a qualified user: android.app.ContextImpl.startService:1705 android.content.ContextWrapper.startService:516 android.content.ContextWrapper.startService:516 com.android.settings.AnalyticsReceiver.onReceive:24 android.app.ActivityThread.handleReceiver:2616 
W/ProcessCpuTracker( 1377): Skipping unknown process pid 17639
E/ActivityManager( 1377): Invalid thumbnail dimensions: 0x0
W/ViewRootImpl(12226): Dropping event due to no window focus: KeyEvent { action=ACTION_DOWN, keyCode=KEYCODE_BACK, scanCode=158, metaState=0, flags=0x48, repeatCount=0, eventTime=4579430, downTime=4579430, deviceId=12, source=0x101 }
I/ActivityManager( 1377): moveTaskToBack: TaskRecord{a9b7fc9 #1383 A=android.task.contacts U=0 sz=1}
E/ActivityManager( 1377): Invalid thumbnail dimensions: 0x0
W/ViewRootImpl( 4033): Dropping event due to no window focus: KeyEvent { action=ACTION_DOWN, keyCode=KEYCODE_BACK, scanCode=158, metaState=0, flags=0x48, repeatCount=0, eventTime=4579756, downTime=4579756, deviceId=12, source=0x101 }
W/InputMethodManagerService( 1377): Starting input on non-focused client com.android.internal.view.IInputMethodClient$Stub$Proxy@bd34f85 (uid=10008 pid=12226)
E/InputMethodManagerService( 1377): Ignoring hideInputMethod due to an invalid token. uid:10008 token:android.os.BinderProxy@3c4ca317
I/ActivityManager( 1377): Killing 12680:com.miui.cloudservice/u0a42 (adj 13): empty for 3432s
D/WifiService( 1377): Client connection lost with reason: 4
V/LocationPolicy( 1377): writePolicyLocked()
W/BroadcastQueue( 1377): Skipping deliver [background] BroadcastRecord{1670ea3d u-1 android.net.conn.CONNECTIVITY_CHANGE} to ReceiverList{1da08232 17853 (unknown name)/2000/u-1 remote:7f9a7e7}: process crashing
W/BroadcastQueue( 1377): Skipping deliver [background] BroadcastRecord{b86ed39 u-1 android.net.conn.CONNECTIVITY_CHANGE} to ReceiverList{37d08f7e 18019 (unknown name)/2000/u-1 remote:29aedb83}: process crashing
I/ActivityManager( 1377): START u0 {act=android.intent.action.MAIN cat=[android.intent.category.LAUNCHER] flg=0x10200000 cmp=cn.com.autohome.travel/.module.launcher.SplashActivity} from uid 2000 on display 0
V/WindowManager( 1377): addAppToken: AppWindowToken{176023f5 token=Token{3874bd2c ActivityRecord{8f9acdf u0 cn.com.autohome.travel/.module.launcher.SplashActivity t1390}}} to stack=1 task=1390 at 0
V/WindowManager( 1377): Adding window Window{3555dcad u0 Starting cn.com.autohome.travel} at 3 of 11 (after Window{11ca304 u0 com.android.contacts/com.android.contacts.activities.PeopleActivity})
V/LocationPolicy( 1377): writePolicyLocked()
V/WindowManager( 1377): Adding window Window{eb7c95c u0 cn.com.autohome.travel/cn.com.autohome.travel.module.launcher.SplashActivity} at 3 of 12 (before Window{3555dcad u0 Starting cn.com.autohome.travel})
W/BroadcastQueueInjector( 1377): Unable to launch app cn.com.autohome.travel/10100 for broadcast Intent { act=android.net.conn.CONNECTIVITY_CHANGE flg=0x10 pkg=cn.com.autohome.travel (has extras) }: process is not permitted to autostart
I/ActivityManager( 1377): START u0 {act=android.intent.action.MAIN cat=[android.intent.category.LAUNCHER] flg=0x10000000 cmp=com.android.contacts/.activities.PeopleActivity sel=act=android.intent.action.MAIN cat=[android.intent.category.APP_CONTACTS]}} from uid 1000 on display 0
I/ActivityManager( 1377): START u0 {cmp=cn.com.autohome.travel/.module.home.HomeActivity} from uid 10100 on display 0
V/WindowManager( 1377): addAppToken: AppWindowToken{d359090 token=Token{365ddf53 ActivityRecord{287cf342 u0 cn.com.autohome.travel/.module.home.HomeActivity t1390}}} to stack=1 task=1390 at 1
V/WindowManager( 1377): Adding window Window{12eb018e u0 cn.com.autohome.travel/cn.com.autohome.travel.module.home.HomeActivity} at 4 of 12 (after Window{eb7c95c u0 cn.com.autohome.travel/cn.com.autohome.travel.module.launcher.SplashActivity})
I/ActivityManager( 1377): Start proc 18063:cn.com.autohome.travel:remote/u0a100 for service cn.com.autohome.travel/com.baidu.location.f
D/WifiService( 1377): New client listening to asynchronous messages
W/ContextImpl( 3233): Calling a method in the system process without a qualified user: android.app.ContextImpl.sendBroadcast:1340 android.content.ContextWrapper.sendBroadcast:377 com.android.systemui.taskmanager.TaskManagerView.sendVisibilityChangedBroadcast:649 com.android.systemui.taskmanager.TaskManagerView.show:597 com.android.systemui.taskmanager.TaskManagerView.show:478 
E/Vold    (  424): Failed to find mounted volume for /storage/sdcard1/Android/data/cn.com.autohome.travel/files/
W/Vold    (  424): Returning OperationFailed - no handler for errno 0
D/WifiService( 1377): Client connection lost with reason: 4
I/ActivityManager( 1377): Process cn.com.autohome.travel:remote (pid 18063) has died
D/TaskPersister( 1377): removeObsoleteFile: deleting file=1382_task.xml
W/ContextImpl( 3233): Calling a method in the system process without a qualified user: android.app.ContextImpl.sendBroadcast:1340 android.content.ContextWrapper.sendBroadcast:377 com.android.systemui.taskmanager.TaskManagerView.sendVisibilityChangedBroadcast:649 com.android.systemui.taskmanager.TaskManagerView.show:597 com.android.systemui.taskmanager.TaskManagerView.show:478 
W/InputMethodManagerService( 1377): Window already focused, ignoring focus gain of: com.android.internal.view.IInputMethodClient$Stub$Proxy@22da1031 attribute=null, token = android.os.BinderProxy@113a9d89
I/ActivityManager( 1377): START u0 {cmp=cn.com.autohome.travel/.module.recommend.TravelNoteDetailActivity (has extras)} from uid 10100 on display 0
V/WindowManager( 1377): addAppToken: AppWindowToken{17029684 token=Token{2e0c3497 ActivityRecord{3eae0316 u0 cn.com.autohome.travel/.module.recommend.TravelNoteDetailActivity t1390}}} to stack=1 task=1390 at 1
V/WindowManager( 1377): Adding window Window{19ff3aa2 u0 cn.com.autohome.travel/cn.com.autohome.travel.module.recommend.TravelNoteDetailActivity} at 4 of 12 (after Window{12eb018e u0 cn.com.autohome.travel/cn.com.autohome.travel.module.home.HomeActivity})
--------- beginning of main
I/art     (12072): Explicit concurrent mark sweep GC freed 500(22KB) AllocSpace objects, 0(0B) LOS objects, 23% free, 52MB/68MB, paused 1.332ms total 54.008ms
I/art     (12072): Explicit concurrent mark sweep GC freed 620(33KB) AllocSpace objects, 0(0B) LOS objects, 23% free, 52MB/68MB, paused 1.304ms total 55.838ms
I/Timeline( 1377): Timeline: Activity_windows_visible id: ActivityRecord{3eae0316 u0 cn.com.autohome.travel/.module.recommend.TravelNoteDetailActivity t1390} time:4921390
I/Timeline( 1377): Timeline: App_transition_stopped time:4921391
D/wpa_supplicant( 3171): wlan0: Control interface command 'SIGNAL_POLL'
D/BaseMiuiPhoneWindowManager( 1377): keyCode:4 down:true 4921519 4921519 isScreenOn:true
D/BaseMiuiPhoneWindowManager( 1377): keyCode:4 down:false 4921521 4921521 isScreenOn:true
D/WtProcessController( 3842): onAMPauseActivity callback
D/CrashReport(12072): >>> cn.com.autohome.travel.module.recommend.TravelNoteDetailActivity onPaused <<<
I/CrashReport-Native(12072): Set native info: isAppForeground(false)
D/WtProcessController( 3842): onAMResumeActivity callback
I/Timeline( 1377): Timeline: App_transition_ready time:4921533
D/CrashReport(12072): >>> cn.com.autohome.travel.module.home.HomeActivity onResumed <<<
I/CrashReport-Native(12072): Set native info: isAppForeground(true)
I/Timeline( 1377): Timeline: App_transition_ready time:4921545
I/Timeline(12072): Timeline: Activity_idle id: android.os.BinderProxy@570a8ad time:4921571
I/Timeline( 1377): Timeline: App_transition_ready time:4921579
I/Timeline( 1377): Timeline: Activity_windows_visible id: ActivityRecord{287cf342 u0 cn.com.autohome.travel/.module.home.HomeActivity t1390} time:4921808
D/WtProcessController( 3842): onAMDestroyActivity callback
I/Timeline( 1377): Timeline: App_transition_stopped time:4921810
W/SurfaceFlinger(  425): couldn't log to binary event log: overflow.
D/CrashReport(12072): >>> cn.com.autohome.travel.module.recommend.TravelNoteDetailActivity onDestroyed <<<
I/SurfaceFlinger(  425): FPS: 48
I/AudioFlinger(  447): setAppName(), name=[system_server], active=[0]
I/ServiceManager( 3944): Waiting for service goodix.fp...
D/BaseMiuiPhoneWindowManager( 1377): keyCode:23 down:true 4922532 4922532 isScreenOn:true
D/BaseMiuiPhoneWindowManager( 1377): keyCode:23 down:false 4922534 4922534 isScreenOn:true
I/SurfaceFlinger(  425): FPS: 28
D/BaseMiuiPhoneWindowManager( 1377): keyCode:19 down:true 4923038 4923038 isScreenOn:true
D/BaseMiuiPhoneWindowManager( 1377): keyCode:19 down:false 4923040 4923040 isScreenOn:true
D/AudioPolicyManager(  447): getOutput() returns output 2
D/AudioPolicyManager(  447): getOutput() returns output 2
D/audio_hw_primary(  447): out_set_parameters: enter: usecase(1: low-latency-playback) kvpairs: routing=2
D/audio_hw_extn(  447): audio_extn_set_anc_parameters: anc_enabled:0
I/AudioFlinger(  447): setAppName(), name=[system_server], active=[1]
I/ServiceManager( 3944): Waiting for service goodix.fp...
I/subsystem_ramdump(18155): Usage:./system/bin/subsystem_ramdump [arg1] [arg2] [arg3]
I/subsystem_ramdump(18155): [arg1]: (1/2) Ramdump location: 1: eMMC: /data/ramdump or 2: SD card: /sdcard/ramdump
I/subsystem_ramdump(18155): [arg2]: (1/0) 1: Enable RPM log / 0: Disable RPM log
I/subsystem_ramdump(18155): [arg3]: (1/0) 1: Enable qdss ramdump / 0: Disable qdss ramdump
I/subsystem_ramdump(18155):  Using default ramdump location 1: eMMC: /data/ramdump
I/subsystem_ramdump(18155):  Using default 0: Disable RPM log
I/subsystem_ramdump(18155):  Using default 0: Disable qdss ramdump
E/subsystem_ramdump(18155): Unable to open /dev
E/subsystem_ramdump(18155): Failed to find pil ramdump
D/zhoumingliang( 1377): isTcltest==false
W/ProgressBarDelegate( 3233): Unknown Drawable subclass, src=android.graphics.drawable.ScaleDrawable@3c0d587f
D/PhoneStatusBar( 3233): disable: 0x00000000 -> 0x00080000 (diff: 0x00080000)
D/PhoneStatusBar( 3233): disable: < expand icons alerts TICKER* system_info back home recent clock full hide keyguard none >
D/zhoumingliang( 1377): isTcltest==false
W/ProgressBarDelegate( 3233): Unknown Drawable subclass, src=android.graphics.drawable.ScaleDrawable@3c0d587f
D/PhoneStatusBar( 3233): disable: 0x00080000 -> 0x00000000 (diff: 0x00080000)
D/PhoneStatusBar( 3233): disable: < expand icons alerts ticker* system_info back home recent clock full hide keyguard none >
W/InputMethodManagerService( 1377): Window already focused, ignoring focus gain of: com.android.internal.view.IInputMethodClient$Stub$Proxy@3a360e25 attribute=null, token = android.os.BinderProxy@113a9d89
I/SurfaceFlinger(  425): FPS: 30
D/BaseMiuiPhoneWindowManager( 1377): keyCode:23 down:true 4924051 4924051 isScreenOn:true
I/AudioFlinger(  447): setAppName(), name=[system_server], active=[0]
D/BaseMiuiPhoneWindowManager( 1377): keyCode:23 down:false 4924054 4924054 isScreenOn:true
I/ServiceManager( 3944): Waiting for service goodix.fp...
D/wpa_supplicant( 3171): wlan0: Control interface command 'SIGNAL_POLL'
E/ANDR-PERF-RESOURCEQS( 5187): Failed to apply optimization [2, 0]
D/BaseMiuiPhoneWindowManager( 1377): keyCode:54 down:true 4924558 4924558 isScreenOn:true
D/BaseMiuiPhoneWindowManager( 1377): keyCode:54 down:false 4924561 4924561 isScreenOn:true
I/NotificationService( 1377): cancelToast pkg=com.sohu.inputmethod.sogou.xiaomi callback=android.app.ITransientNotification$Stub$Proxy@16f17bfa
W/NotificationService( 1377): Toast already cancelled. pkg=com.sohu.inputmethod.sogou.xiaomi callback=android.app.ITransientNotification$Stub$Proxy@16f17bfa
W/System.err( 3581): java.io.FileNotFoundException: default_theme/1080/phone/res/composing_bg.png
W/System.err( 3581): 	at android.content.res.AssetManager.openAsset(Native Method)
W/System.err( 3581): 	at android.content.res.AssetManager.open(AssetManager.java:317)
W/System.err( 3581): 	at android.content.res.AssetManager.open(AssetManager.java:291)
W/System.err( 3581): 	at cmk.a(SogouSource:734)
W/System.err( 3581): 	at cmk.a(SogouSource:442)
W/System.err( 3581): 	at cmk.a(SogouSource:375)
W/System.err( 3581): 	at cjb.e(SogouSource:347)
W/System.err( 3581): 	at com.sohu.inputmethod.sogou.xiaomi.SogouIME.bY(SogouSource:9243)
W/System.err( 3581): 	at com.sohu.inputmethod.sogou.xiaomi.SogouIME.c(SogouSource:9077)
W/System.err( 3581): 	at com.sohu.inputmethod.sogou.xiaomi.SogouIME.a(SogouSource:15310)
W/System.err( 3581): 	at com.sohu.inputmethod.sogou.xiaomi.SogouIME.onKeyDown(SogouSource:15856)
W/System.err( 3581): 	at android.view.KeyEvent.dispatch(KeyEvent.java:2635)
W/System.err( 3581): 	at android.inputmethodservice.AbstractInputMethodService$AbstractInputMethodSessionImpl.dispatchKeyEvent(AbstractInputMethodService.java:136)
W/System.err( 3581): 	at android.inputmethodservice.IInputMethodSessionWrapper$ImeInputEventReceiver.onInputEvent(IInputMethodSessionWrapper.java:232)
W/System.err( 3581): 	at android.view.InputEventReceiver.dispatchInputEvent(InputEventReceiver.java:185)
W/System.err( 3581): 	at android.os.MessageQueue.nativePollOnce(Native Method)
W/System.err( 3581): 	at android.os.MessageQueue.next(MessageQueue.java:143)
W/System.err( 3581): 	at android.os.Looper.loop(Looper.java:122)
W/System.err( 3581): 	at android.app.ActivityThread.main(ActivityThread.java:5276)
W/System.err( 3581): 	at java.lang.reflect.Method.invoke(Native Method)
W/System.err( 3581): 	at java.lang.reflect.Method.invoke(Method.java:372)
W/System.err( 3581): 	at com.android.internal.os.ZygoteInit$MethodAndArgsCaller.run(ZygoteInit.java:908)
W/System.err( 3581): 	at com.android.internal.os.ZygoteInit.main(ZygoteInit.java:703)
W/System.err( 3581): java.io.FileNotFoundException: default_theme/1080/phone/res/composing_bg.png
W/System.err( 3581): 	at android.content.res.AssetManager.openAsset(Native Method)
W/System.err( 3581): 	at android.content.res.AssetManager.open(AssetManager.java:317)
W/System.err( 3581): 	at android.content.res.AssetManager.open(AssetManager.java:291)
W/System.err( 3581): 	at cmk.a(SogouSource:734)
W/System.err( 3581): 	at cmk.a(SogouSource:442)
W/System.err( 3581): 	at cmk.a(SogouSource:375)
W/System.err( 3581): 	at cjb.e(SogouSource:347)
W/System.err( 3581): 	at cjb.b(SogouSource:112)
W/System.err( 3581): 	at com.sohu.inputmethod.sogou.xiaomi.ComposingView.setTheme(SogouSource:317)
W/System.err( 3581): 	at com.sohu.inputmethod.sogou.xiaomi.ComposingView.update(SogouSource:1066)
W/System.err( 3581): 	at com.sohu.inputmethod.sogou.xiaomi.SogouIME.bY(SogouSource:9257)
W/System.err( 3581): 	at com.sohu.inputmethod.sogou.xiaomi.SogouIME.c(SogouSource:9077)
W/System.err( 3581): 	at com.sohu.inputmethod.sogou.xiaomi.SogouIME.a(SogouSource:15310)
W/System.err( 3581): 	at com.sohu.inputmethod.sogou.xiaomi.SogouIME.onKeyDown(SogouSource:15856)
W/System.err( 3581): 	at android.view.KeyEvent.dispatch(KeyEvent.java:2635)
W/System.err( 3581): 	at android.inputmethodservice.AbstractInputMethodService$AbstractInputMethodSessionImpl.dispatchKeyEvent(AbstractInputMethodService.java:136)
W/System.err( 3581): 	at android.inputmethodservice.IInputMethodSessionWrapper$ImeInputEventReceiver.onInputEvent(IInputMethodSessionWrapper.java:232)
W/System.err( 3581): 	at android.view.InputEventReceiver.dispatchInputEvent(InputEventReceiver.java:185)
W/System.err( 3581): 	at android.os.MessageQueue.nativePollOnce(Native Method)
W/System.err( 3581): 	at android.os.MessageQueue.next(MessageQueue.java:143)
W/System.err( 3581): 	at android.os.Looper.loop(Looper.java:122)
W/System.err( 3581): 	at android.app.ActivityThread.main(ActivityThread.java:5276)
W/System.err( 3581): 	at java.lang.reflect.Method.invoke(Native Method)
W/System.err( 3581): 	at java.lang.reflect.Method.invoke(Method.java:372)
W/System.err( 3581): 	at com.android.internal.os.ZygoteInit$MethodAndArgsCaller.run(ZygoteInit.java:908)
W/System.err( 3581): 	at com.android.internal.os.ZygoteInit.main(ZygoteInit.java:703)
I/NotificationService( 1377): cancelToast pkg=com.sohu.inputmethod.sogou.xiaomi callback=android.app.ITransientNotification$Stub$Proxy@35f425ab
W/NotificationService( 1377): Toast already cancelled. pkg=com.sohu.inputmethod.sogou.xiaomi callback=android.app.ITransientNotification$Stub$Proxy@35f425ab
I/ServiceManager( 3944): Waiting for service goodix.fp...
I/MSM-irqbalance(  841): Decided to move IRQ166 from CPU2 to CPU0
I/Timeline(12072): Timeline: Activity_launch_request time:4925344
D/AudioPolicyManager(  447): getOutput() returns output 2
D/AudioPolicyManager(  447): getOutput() returns output 2
I/MonkeyTest(18019):     // Allowing start of Intent { cmp=cn.com.autohome.travel/.module.recommend.TravelNoteDetailActivity } in package cn.com.autohome.travel
I/ActivityManager( 1377): START u0 {cmp=cn.com.autohome.travel/.module.recommend.TravelNoteDetailActivity (has extras)} from uid 10100 on display 0
D/audio_hw_primary(  447): out_set_parameters: enter: usecase(1: low-latency-playback) kvpairs: routing=2
D/audio_hw_extn(  447): audio_extn_set_anc_parameters: anc_enabled:0
I/AudioFlinger(  447): setAppName(), name=[system_server], active=[1]
D/WtProcessController( 3842): onAMCreateActivity callback
D/WtProcessController( 3842): onAMPauseActivity callback
V/WindowManager( 1377): addAppToken: AppWindowToken{3ccb5dc6 token=Token{3fde67a1 ActivityRecord{29b05408 u0 cn.com.autohome.travel/.module.recommend.TravelNoteDetailActivity t1390}}} to stack=1 task=1390 at 1
D/CrashReport(12072): >>> cn.com.autohome.travel.module.home.HomeActivity onPaused <<<
I/CrashReport-Native(12072): Set native info: isAppForeground(false)
D/WtProcessController( 3842): onAMRestartActivity callback
I/Timeline( 1377): Timeline: App_transition_ready time:4925372
I/SurfaceFlinger(  425): FPS: 23
D/CrashReport(12072): >>> cn.com.autohome.travel.module.recommend.TravelNoteDetailActivity onCreated <<<
E/com.umeng.message.UTrack(12072): RegistrationId is empty
E/com.umeng.message.UTrack(12072): RegistrationId is empty
D/CrashReport(12072): >>> cn.com.autohome.travel.module.recommend.TravelNoteDetailActivity onResumed <<<
I/CrashReport-Native(12072): Set native info: isAppForeground(true)
I/ViewRootImpl(12072): CPU Rendering VSync enable = true
I/XiaomiFirewall( 4670): firewall pkgName:cn.com.autohome.travel, result:0x0
D/ActivityThreadInjector(12072): clearCachedDrawables.
V/WindowManager( 1377): Adding window Window{3cfaa8b4 u0 cn.com.autohome.travel/cn.com.autohome.travel.module.recommend.TravelNoteDetailActivity} at 4 of 12 (after Window{12eb018e u0 cn.com.autohome.travel/cn.com.autohome.travel.module.home.HomeActivity})
I/Timeline( 1377): Timeline: App_transition_ready time:4925441
I/Timeline( 1377): Timeline: App_transition_ready time:4925443
I/Timeline( 1377): Timeline: App_transition_ready time:4925460
I/ActivityManager( 1377): Displayed cn.com.autohome.travel/.module.recommend.TravelNoteDetailActivity: +95ms
I/Timeline(12072): Timeline: Activity_idle id: android.os.BinderProxy@20695c86 time:4925497
I/Timeline( 1377): Timeline: Activity_windows_visible id: ActivityRecord{29b05408 u0 cn.com.autohome.travel/.module.recommend.TravelNoteDetailActivity t1390} time:4925707
I/Timeline( 1377): Timeline: App_transition_stopped time:4925708
I/art     (12072): Explicit concurrent mark sweep GC freed 12524(668KB) AllocSpace objects, 2(40KB) LOS objects, 22% free, 56MB/72MB, paused 1.350ms total 60.065ms
D/BaseMiuiPhoneWindowManager( 1377): keyCode:20 down:true 4925829 4925829 isScreenOn:true
D/BaseMiuiPhoneWindowManager( 1377): keyCode:20 down:false 4925832 4925832 isScreenOn:true
W/AD-PLUGIN-AppInstallActivateManager( 4056): unRegisterSplashPackageUpdatedListener
I/art     (12072): Explicit concurrent mark sweep GC freed 5222(367KB) AllocSpace objects, 7(5MB) LOS objects, 24% free, 50MB/66MB, paused 2.164ms total 59.399ms
I/art     (12072): Explicit concurrent mark sweep GC freed 909(47KB) AllocSpace objects, 1(24KB) LOS objects, 23% free, 50MB/66MB, paused 1.392ms total 55.526ms
I/art     (12072): Explicit concurrent mark sweep GC freed 212(9KB) AllocSpace objects, 2(152KB) LOS objects, 23% free, 53MB/69MB, paused 1.423ms total 54.561ms
I/art     (12072): Explicit concurrent mark sweep GC freed 85(4KB) AllocSpace objects, 0(0B) LOS objects, 23% free, 53MB/69MB, paused 1.159ms total 54.832ms
D/FingerGoodix( 3944): go into while FingerPrint,getFingerPrintService()
I/Timeline(12072): Timeline: Activity_launch_request time:4926344
D/AudioPolicyManager(  447): getOutput() returns output 2
W/AD-PLUGIN-AppInstallActivateManager( 4056): Two apps are same
D/AudioPolicyManager(  447): getOutput() returns output 2
I/MonkeyTest(18019):     // Allowing start of Intent { cmp=cn.com.autohome.travel/.module.recommend.StampDetailActivity } in package cn.com.autohome.travel
I/ActivityManager( 1377): START u0 {cmp=cn.com.autohome.travel/.module.recommend.StampDetailActivity (has extras)} from uid 10100 on display 0
D/WtProcessController( 3842): onAMCreateActivity callback
D/WtProcessController( 3842): onAMPauseActivity callback
D/CrashReport(12072): >>> cn.com.autohome.travel.module.recommend.TravelNoteDetailActivity onPaused <<<
V/WindowManager( 1377): addAppToken: AppWindowToken{38059f23 token=Token{a0f9052 ActivityRecord{558dcdd u0 cn.com.autohome.travel/.module.recommend.StampDetailActivity t1390}}} to stack=1 task=1390 at 2
I/CrashReport-Native(12072): Set native info: isAppForeground(false)
D/audio_hw_primary(  447): out_set_parameters: enter: usecase(1: low-latency-playback) kvpairs: routing=2
D/audio_hw_extn(  447): audio_extn_set_anc_parameters: anc_enabled:0
D/WtProcessController( 3842): onAMRestartActivity callback
I/AudioFlinger(  447): setAppName(), name=[system_server], active=[1]
I/AudioFlinger(  447): setAppName(), name=[system_server], active=[0]
I/Timeline( 1377): Timeline: App_transition_ready time:4926364
D/CrashReport(12072): >>> cn.com.autohome.travel.module.recommend.StampDetailActivity onCreated <<<
E/com.umeng.message.UTrack(12072): RegistrationId is empty
E/com.umeng.message.UTrack(12072): RegistrationId is empty
I/SurfaceFlinger(  425): FPS: 25
W/art     (12072): Attempt to remove local handle scope entry from IRT, ignoring
W/AwContents(12072): onDetachedFromWindow called when already detached. Ignoring
D/EgretLoader(12072): EgretLoader(Context context)
D/EgretLoader(12072): The context is not activity
I/ViewRootImpl(12072): CPU Rendering VSync enable = true
V/WindowManager( 1377): Adding window Window{2a0b69d9 u0 cn.com.autohome.travel/cn.com.autohome.travel.module.recommend.StampDetailActivity} at 5 of 13 (after Window{3cfaa8b4 u0 cn.com.autohome.travel/cn.com.autohome.travel.module.recommend.TravelNoteDetailActivity})
W/art     (12072): Attempt to remove local handle scope entry from IRT, ignoring
W/art     (12072): Attempt to remove local handle scope entry from IRT, ignoring
W/art     (12072): Attempt to remove local handle scope entry from IRT, ignoring
W/art     (12072): Attempt to remove local handle scope entry from IRT, ignoring
D/CrashReport(12072): >>> cn.com.autohome.travel.module.recommend.StampDetailActivity onResumed <<<
I/CrashReport-Native(12072): Set native info: isAppForeground(true)
I/ViewRootImpl(12072): CPU Rendering VSync enable = true
D/ActivityThreadInjector(12072): clearCachedDrawables.
V/WindowManager( 1377): Adding window Window{1d890a7f u0 cn.com.autohome.travel/cn.com.autohome.travel.module.recommend.StampDetailActivity} at 5 of 14 (before Window{2a0b69d9 u0 cn.com.autohome.travel/cn.com.autohome.travel.module.recommend.StampDetailActivity})
I/Timeline( 1377): Timeline: App_transition_ready time:4926457
I/Timeline( 1377): Timeline: App_transition_ready time:4926459
I/Timeline( 1377): Timeline: App_transition_ready time:4926481
I/Timeline( 1377): Timeline: App_transition_ready time:4926498
I/H5      (12072): onStart
I/Timeline( 1377): Timeline: App_transition_ready time:4926516
I/ActivityManager( 1377): Displayed cn.com.autohome.travel/.module.recommend.StampDetailActivity: +157ms
W/cr.BindingManager(12072): Cannot call determinedVisibility() - never saw a connection for the pid: 12072
I/Timeline(12072): Timeline: Activity_idle id: android.os.BinderProxy@cfc9f21 time:4926547
I/LG      (12072): onProgressChanged - 55
I/ServiceManager( 3944): Waiting for service goodix.fp...
I/H5      (12072): ON_JS_BRIDGE_READY...
I/LG      (12072): onProgressChanged - 90
W/SurfaceFlinger(  425): couldn't log to binary event log: overflow.
I/Timeline( 1377): Timeline: Activity_windows_visible id: ActivityRecord{558dcdd u0 cn.com.autohome.travel/.module.recommend.StampDetailActivity t1390} time:4926807
I/Timeline( 1377): Timeline: App_transition_stopped time:4926808
D/BaseMiuiPhoneWindowManager( 1377): keyCode:130 down:true 4926839 4926839 isScreenOn:true
D/BaseMiuiPhoneWindowManager( 1377): keyCode:130 down:false 4926846 4926846 isScreenOn:true
D/WtProcessController( 3842): [ALLOW] [broadcast]callerPackage android start process with Intent { act=android.intent.action.MEDIA_BUTTON flg=0x10 (has extras) } componentName{com.miui.player/com.miui.player.receiver.MediaButtonIntentReceiver}
D/WtProcessController( 3842): onAMProcStart callback
I/ActivityManager( 1377): Start proc 18186:com.miui.player:remote/u0a23 for broadcast com.miui.player/.receiver.MediaButtonIntentReceiver
D/TidaProvider(18186): TidaProvider()
I/ApplicationHelper(18186): Create ApplicationHelper successfully, class=com.miui.player.phone.app.PhoneApplicationHelper@2a074b17
I/Threads (18186): name=mt_PreferenceCache_1, total=3
I/PreferenceCache(18186): handle change: update load background
E/ApplicationHelper(18186): start process, name=com.miui.player:remote
D/DownloadManager(18186): setDebug isDebug=false path= logPath=/storage/emulated/0/.com.miui.player/debug_log.txt
I/ApplicationHelper(18186): on trim memory, level=5
W/MusicApplication(18186): onTrimMemory is called, level=5
I/MediaButtonIntentReceiver(18186): handle action:android.intent.action.MEDIA_BUTTON
I/MediaButtonIntentReceiver(18186): action = 0, repeatCount = 0, command = null, keycode = KEYCODE_MEDIA_RECORD
D/WtProcessController( 3842): [ALLOW] [broadcast]callerPackage android start process with Intent { act=android.intent.action.MEDIA_BUTTON flg=0x10 (has extras) } componentName{com.codeaurora.fmradio/com.codeaurora.fmradio.FMMediaButtonIntentReceiver}
E/WifiStateMachine( 1377): WifiStateMachine CMD_START_SCAN source -2 txSuccessRate=194.00 rxSuccessRate=320.63 targetRoamBSSID=any RSSI=-52
D/WtProcessController( 3842): onAMProcStart callback
I/ActivityManager( 1377): Start proc 18211:com.codeaurora.fmradio/1000 for broadcast com.codeaurora.fmradio/.FMMediaButtonIntentReceiver
D/TidaProvider(18211): TidaProvider()
D/FMAdapterApp(18211): Loading FM-JNI Library
E/android_hardware_fm(18211): FM : loading QCOMM FM-JNI
D/FMAdapterApp(18211): REFCOUNT: Constructed com.codeaurora.fmradio.FMAdapterApp@1cc8a2b1 Instance Count = 1
