--------- beginning of system
D/NetworkManagementService( 1377): getNetworkStatsSummaryDev:NetworkStats: elapsedRealtime=76673
D/NetworkManagementService( 1377):   [0] iface=wlan0 uid=-1 set=ALL tag=0x0 rxBytes=5371909 rxPackets=5115 txBytes=551384 txPackets=3778 operations=0
D/NetworkManagementService( 1377):   [1] iface=usbnet0 uid=-1 set=ALL tag=0x0 rxBytes=0 rxPackets=0 txBytes=0 txPackets=0 operations=0
D/NetworkManagementService( 1377):   [2] iface=lo uid=-1 set=ALL tag=0x0 rxBytes=100 rxPackets=2 txBytes=100 txPackets=2 operations=0
W/ContextImpl( 4670): Calling a method in the system process without a qualified user: android.app.ContextImpl.sendBroadcast:1340 android.content.ContextWrapper.sendBroadcast:377 com.miui.networkassistant.service.tm.TrafficManageService.broadCastDataUsageUpdated:-1 com.miui.networkassistant.service.tm.TrafficManageService$8.onReceive:-1 android.app.LoadedApk$ReceiverDispatcher$Args.run:868 
I/ActivityManager( 1377): Killing 8498:com.xiaomi.market/u0a64 (adj 15): empty #13
I/ActivityManager( 1377): Killing 8463:com.miui.video/u0a65 (adj 15): empty #13
I/ActivityManager( 1377): Process com.android.updater (pid 8969) has died
I/ActivityManager( 1377): Killing 7888:com.miui.weather2/u0a30 (adj 15): empty #13
I/ActivityManager( 1377): Start proc 9034:com.xiaomi.market/u0a64 for broadcast com.xiaomi.market/.data.ConnectivityChangedReceiver
V/LocationPolicy( 1377): updateLocationRulesLocked()
V/LocationPolicy( 1377): updateNotificationsLocked()
V/LocationPolicy( 1377): writePolicyLocked()
D/WifiService( 1377): New client listening to asynchronous messages
I/ActivityManager( 1377): Killing 8567:com.android.calendar/u0a3 (adj 15): empty #13
I/ActivityManager( 1377): Start proc 9070:com.xiaomi.gamecenter/u0a49 for broadcast com.xiaomi.gamecenter/.service.GlobalReceiver
W/ActivityManager( 1377): Unable to start service Intent { pkg=com.mi.liveassistant cmp=com.mi.liveassistant/com.wali.live.watchsdk.ipc.service.MiLiveSdkService } U=0: not found
D/WifiService( 1377): New client listening to asynchronous messages
I/ActivityManager( 1377): Start proc 9159:com.miui.cleanmaster/1000 for broadcast com.miui.cleanmaster/com.miui.optimizecenter.CleanMasterReceiver
D/NetworkManagementService( 1377): hardware tether stats:NetworkStats: elapsedRealtime=77995
D/NetworkManagementService( 1377): getNetworkStatsSummaryXt:NetworkStats: elapsedRealtime=77998
D/NetworkManagementService( 1377):   [0] iface=wlan0 uid=-1 set=ALL tag=0x0 rxBytes=7518297 rxPackets=6658 txBytes=541973 txPackets=4666 operations=0
D/NetworkManagementService( 1377):   [1] iface=usbnet0 uid=-1 set=ALL tag=0x0 rxBytes=0 rxPackets=0 txBytes=0 txPackets=0 operations=0
D/NetworkManagementService( 1377):   [2] iface=lo uid=-1 set=ALL tag=0x0 rxBytes=100 rxPackets=2 txBytes=100 txPackets=2 operations=0
D/NetworkManagementService( 1377): hardware tether stats:NetworkStats: elapsedRealtime=77998
D/NetworkManagementService( 1377): getNetworkStatsSummaryDev:NetworkStats: elapsedRealtime=78000
D/NetworkManagementService( 1377):   [0] iface=wlan0 uid=-1 set=ALL tag=0x0 rxBytes=7518579 rxPackets=6661 txBytes=608278 txPackets=4671 operations=0
D/NetworkManagementService( 1377):   [1] iface=usbnet0 uid=-1 set=ALL tag=0x0 rxBytes=0 rxPackets=0 txBytes=0 txPackets=0 operations=0
D/NetworkManagementService( 1377):   [2] iface=lo uid=-1 set=ALL tag=0x0 rxBytes=100 rxPackets=2 txBytes=100 txPackets=2 operations=0
W/ContextImpl( 4670): Calling a method in the system process without a qualified user: android.app.ContextImpl.sendBroadcast:1340 android.content.ContextWrapper.sendBroadcast:377 com.miui.networkassistant.service.tm.TrafficManageService.broadCastDataUsageUpdated:-1 com.miui.networkassistant.service.tm.TrafficManageService$8.onReceive:-1 android.app.LoadedApk$ReceiverDispatcher$Args.run:868 
I/ActivityManager( 1377): Killing 8632:com.xiaomi.gamecenter.sdk.service/u0a17 (adj 15): empty #13
W/BroadcastQueueInjector( 1377): Unable to launch app com.baidu.appsearch/10618 for broadcast Intent { act=android.net.conn.CONNECTIVITY_CHANGE flg=0x4000010 (has extras) }: process is not permitted to autostart
W/ContextImpl( 9159): Calling a method in the system process without a qualified user: android.app.ContextImpl.startService:1705 android.content.ContextWrapper.startService:516 miui.core.SdkManager$1.run:191 android.os.Handler.handleCallback:739 android.os.Handler.dispatchMessage:95 
W/BroadcastQueueInjector( 1377): Unable to launch app com.baidu.appsearch/10618 for broadcast Intent { act=android.net.conn.CONNECTIVITY_CHANGE flg=0x4000010 (has extras) }: process is not permitted to autostart
W/BroadcastQueueInjector( 1377): Unable to launch app com.baidu.appsearch/10618 for broadcast Intent { act=android.net.conn.CONNECTIVITY_CHANGE flg=0x4000010 (has extras) }: process is not permitted to autostart
W/BroadcastQueueInjector( 1377): Unable to launch app com.baidu.appsearch/10618 for broadcast Intent { act=android.net.conn.CONNECTIVITY_CHANGE flg=0x4000010 (has extras) }: process is not permitted to autostart
W/BroadcastQueueInjector( 1377): Unable to launch app com.baidu.appsearch/10618 for broadcast Intent { act=android.net.conn.CONNECTIVITY_CHANGE flg=0x4000010 (has extras) }: process is not permitted to autostart
W/BroadcastQueueInjector( 1377): Unable to launch app com.baidu.appsearch/10618 for broadcast Intent { act=android.net.conn.CONNECTIVITY_CHANGE flg=0x4000010 (has extras) }: process is not permitted to autostart
I/ActivityManager( 1377): Start proc 9202:com.miui.klo.bugreport/1000 for broadcast com.miui.klo.bugreport/.receiver.KLOStartupReceiver
D/WifiService( 1377): Client connection lost with reason: 4
D/WifiService( 1377): New client listening to asynchronous messages
W/ContextImpl( 9202): Calling a method in the system process without a qualified user: android.app.ContextImpl.startService:1705 android.content.ContextWrapper.startService:516 miui.core.SdkManager$1.run:191 android.os.Handler.handleCallback:739 android.os.Handler.dispatchMessage:95 
W/BroadcastQueueInjector( 1377): Unable to launch app com.UCMobile/10593 for broadcast Intent { act=android.net.conn.CONNECTIVITY_CHANGE flg=0x4000010 (has extras) }: process is not permitted to autostart
I/ActivityManager( 1377): Killing 8662:com.miui.systemAdSolution:remote/u0a85 (adj 15): empty #13
W/BroadcastQueueInjector( 1377): Unable to launch app com.baidu.travel/10576 for broadcast Intent { act=android.net.conn.CONNECTIVITY_CHANGE flg=0x4000010 (has extras) }: process is not permitted to autostart
W/BroadcastQueueInjector( 1377): Unable to launch app com.baidu.travel/10576 for broadcast Intent { act=android.net.conn.CONNECTIVITY_CHANGE flg=0x4000010 (has extras) }: process is not permitted to autostart
W/BroadcastQueueInjector( 1377): Unable to launch app cn.com.autohome.travel/10100 for broadcast Intent { act=android.net.conn.CONNECTIVITY_CHANGE flg=0x4000010 (has extras) }: process is not permitted to autostart
W/BroadcastQueueInjector( 1377): Unable to launch app com.tencent.mtt/10325 for broadcast Intent { act=android.net.conn.CONNECTIVITY_CHANGE flg=0x4000010 (has extras) }: process is not permitted to autostart
W/BroadcastQueueInjector( 1377): Unable to launch app com.chanyouji.inspiration/10126 for broadcast Intent { act=android.net.conn.CONNECTIVITY_CHANGE flg=0x4000010 (has extras) }: process is not permitted to autostart
W/BroadcastQueueInjector( 1377): Unable to launch app com.alibaba.android.rimet/10158 for broadcast Intent { act=android.net.conn.CONNECTIVITY_CHANGE flg=0x4000010 (has extras) }: process is not permitted to autostart
W/BroadcastQueueInjector( 1377): Unable to launch app com.alibaba.android.rimet/10158 for broadcast Intent { act=android.net.conn.CONNECTIVITY_CHANGE flg=0x4000010 (has extras) }: process is not permitted to autostart
W/BroadcastQueueInjector( 1377): Unable to launch app com.alibaba.android.rimet/10158 for broadcast Intent { act=android.net.conn.CONNECTIVITY_CHANGE flg=0x4000010 (has extras) }: process is not permitted to autostart
I/ActivityManager( 1377): Start proc 9234:com.miui.voip:ui/1001 for broadcast com.miui.voip/.event.UIEventReceiver
I/ActivityManager( 1377): Killing 8535:com.mipay.wallet/u0a62 (adj 15): empty #13
E/Vold    (  424): Failed to find mounted volume for /storage/sdcard1/Android/data/com.miui.systemAdSolution/files/
W/Vold    (  424): Returning OperationFailed - no handler for errno 0
I/ActivityManager( 1377): Start proc 9263:com.android.browser/u0a2 for broadcast com.android.browser/.push.BrowserPushSDKReceiver
W/BroadcastQueueInjector( 1377): Unable to launch app com.tencent.mtt/10325 for broadcast Intent { act=com.xiaomi.mipush.MESSAGE_ARRIVED flg=0x10 pkg=com.tencent.mtt (has extras) }: process is not permitted to autostart
W/BroadcastQueueInjector( 1377): Unable to launch app com.tencent.mtt/10325 for broadcast Intent { act=com.xiaomi.mipush.MESSAGE_ARRIVED flg=0x10 pkg=com.tencent.mtt (has extras) }: process is not permitted to autostart
W/BroadcastQueueInjector( 1377): Unable to launch app com.tencent.mtt/10325 for broadcast Intent { act=com.xiaomi.mipush.MESSAGE_ARRIVED flg=0x10 pkg=com.tencent.mtt (has extras) }: process is not permitted to autostart
W/BroadcastQueueInjector( 1377): Unable to launch app com.tencent.mtt/10325 for broadcast Intent { act=com.xiaomi.mipush.MESSAGE_ARRIVED flg=0x10 pkg=com.tencent.mtt (has extras) }: process is not permitted to autostart
E/Vold    (  424): Failed to find mounted volume for /storage/sdcard1/Android/data/com.miui.cloudservice/files/
W/Vold    (  424): Returning OperationFailed - no handler for errno 0
I/ActivityManager( 1377): Start proc 9297:com.miui.video/u0a65 for broadcast com.miui.video/.push.MediaPushMessageReceiver
E/Vold    (  424): Failed to find mounted volume for /storage/sdcard1/Android/data/com.miui.cloudservice/files/
W/Vold    (  424): Returning OperationFailed - no handler for errno 0
V/NotificationService( 1377): notifications are disabled by AppOps for com.android.browser
E/NotificationService( 1377): Suppressing notification from package com.android.browser by user request.
I/ActivityManager( 1377): Killing 8762:com.miui.mipub/u0a18 (adj 15): empty #13
E/Vold    (  424): Failed to find mounted volume for /storage/sdcard1/Android/data/com.miui.systemAdSolution/files/
W/Vold    (  424): Returning OperationFailed - no handler for errno 0
I/ActivityManager( 1377): Start proc 9336:com.miui.cloudbackup/u0a6 for broadcast com.miui.cloudbackup/.receiver.MiuiHomeReadyReceiver
I/ActivityManager( 1377): Killing 8837:com.miui.bugreport:remote/1000 (adj 15): empty #13
I/ActivityManager( 1377): Killing 8918:com.android.htmlviewer/u0a51 (adj 15): empty #13
D/WifiService( 1377): New client listening to asynchronous messages
W/ContextImpl( 3214): Calling a method in the system process without a qualified user: android.app.ContextImpl.startService:1705 android.content.ContextWrapper.startService:516 android.content.ContextWrapper.startService:516 com.android.settings.AnalyticsReceiver.onReceive:24 android.app.ActivityThread.handleReceiver:2616 
D/NetworkManagementService( 1377): hardware tether stats:NetworkStats: elapsedRealtime=79736
D/NetworkManagementService( 1377): getNetworkStatsSummaryXt:NetworkStats: elapsedRealtime=79737
D/NetworkManagementService( 1377):   [0] iface=wlan0 uid=-1 set=ALL tag=0x0 rxBytes=9625711 rxPackets=8169 txBytes=590860 txPackets=5545 operations=0
D/NetworkManagementService( 1377):   [1] iface=usbnet0 uid=-1 set=ALL tag=0x0 rxBytes=0 rxPackets=0 txBytes=0 txPackets=0 operations=0
D/NetworkManagementService( 1377):   [2] iface=lo uid=-1 set=ALL tag=0x0 rxBytes=100 rxPackets=2 txBytes=100 txPackets=2 operations=0
D/NetworkManagementService( 1377): hardware tether stats:NetworkStats: elapsedRealtime=79738
D/NetworkManagementService( 1377): getNetworkStatsSummaryDev:NetworkStats: elapsedRealtime=79742
D/NetworkManagementService( 1377):   [0] iface=wlan0 uid=-1 set=ALL tag=0x0 rxBytes=9625993 rxPackets=8172 txBytes=669897 txPackets=5552 operations=0
D/NetworkManagementService( 1377):   [1] iface=usbnet0 uid=-1 set=ALL tag=0x0 rxBytes=0 rxPackets=0 txBytes=0 txPackets=0 operations=0
D/NetworkManagementService( 1377):   [2] iface=lo uid=-1 set=ALL tag=0x0 rxBytes=100 rxPackets=2 txBytes=100 txPackets=2 operations=0
E/Vold    (  424): Failed to find mounted volume for /storage/sdcard1/Android/data/com.xiaomi.account/files/
W/Vold    (  424): Returning OperationFailed - no handler for errno 0
I/ActivityManager( 1377): Start proc 9376:com.android.soundrecorder/u0a84 for broadcast com.android.soundrecorder/.analytics.AnalyticsReceiver
W/ContextImpl( 4670): Calling a method in the system process without a qualified user: android.app.ContextImpl.sendBroadcast:1340 android.content.ContextWrapper.sendBroadcast:377 com.miui.networkassistant.service.tm.TrafficManageService.broadCastDataUsageUpdated:-1 com.miui.networkassistant.service.tm.TrafficManageService$8.onReceive:-1 android.app.LoadedApk$ReceiverDispatcher$Args.run:868 
E/UsageStatsXml( 1377): UsageStats Xml
E/UsageStatsXml( 1377): java.io.FileNotFoundException: /data/system/usagestats/0/daily/1505952000000: open failed: ENOENT (No such file or directory)
E/UsageStatsXml( 1377): 	at libcore.io.IoBridge.open(IoBridge.java:456)
E/UsageStatsXml( 1377): 	at java.io.FileInputStream.<init>(FileInputStream.java:76)
E/UsageStatsXml( 1377): 	at android.util.AtomicFile.openRead(AtomicFile.java:199)
E/UsageStatsXml( 1377): 	at com.android.server.usage.UsageStatsXml.read(UsageStatsXml.java:55)
E/UsageStatsXml( 1377): 	at com.android.server.usage.UsageStatsDatabase.queryUsageStats(UsageStatsDatabase.java:391)
E/UsageStatsXml( 1377): 	at com.android.server.usage.UserUsageStatsService.queryStats(UserUsageStatsService.java:256)
E/UsageStatsXml( 1377): 	at com.android.server.usage.UserUsageStatsService.queryUsageStats(UserUsageStatsService.java:283)
E/UsageStatsXml( 1377): 	at com.android.server.usage.UsageStatsService.queryUsageStats(UsageStatsService.java:274)
E/UsageStatsXml( 1377): 	at com.android.server.usage.UsageStatsService$BinderService.queryUsageStats(UsageStatsService.java:404)
E/UsageStatsXml( 1377): 	at android.app.usage.IUsageStatsManager$Stub.onTransact(IUsageStatsManager.java:61)
E/UsageStatsXml( 1377): 	at android.os.Binder.execTransact(Binder.java:446)
E/UsageStatsXml( 1377): Caused by: android.system.ErrnoException: open failed: ENOENT (No such file or directory)
E/UsageStatsXml( 1377): 	at libcore.io.Posix.open(Native Method)
E/UsageStatsXml( 1377): 	at libcore.io.BlockGuardOs.open(BlockGuardOs.java:186)
E/UsageStatsXml( 1377): 	at libcore.io.IoBridge.open(IoBridge.java:442)
E/UsageStatsXml( 1377): 	... 10 more
E/UsageStatsDatabase( 1377): Failed to read usage stats file
E/UsageStatsDatabase( 1377): java.io.FileNotFoundException: /data/system/usagestats/0/daily/1505952000000: open failed: ENOENT (No such file or directory)
E/UsageStatsDatabase( 1377): 	at libcore.io.IoBridge.open(IoBridge.java:456)
E/UsageStatsDatabase( 1377): 	at java.io.FileInputStream.<init>(FileInputStream.java:76)
E/UsageStatsDatabase( 1377): 	at android.util.AtomicFile.openRead(AtomicFile.java:199)
E/UsageStatsDatabase( 1377): 	at com.android.server.usage.UsageStatsXml.read(UsageStatsXml.java:55)
E/UsageStatsDatabase( 1377): 	at com.android.server.usage.UsageStatsDatabase.queryUsageStats(UsageStatsDatabase.java:391)
E/UsageStatsDatabase( 1377): 	at com.android.server.usage.UserUsageStatsService.queryStats(UserUsageStatsService.java:256)
E/UsageStatsDatabase( 1377): 	at com.android.server.usage.UserUsageStatsService.queryUsageStats(UserUsageStatsService.java:283)
E/UsageStatsDatabase( 1377): 	at com.android.server.usage.UsageStatsService.queryUsageStats(UsageStatsService.java:274)
E/UsageStatsDatabase( 1377): 	at com.android.server.usage.UsageStatsService$BinderService.queryUsageStats(UsageStatsService.java:404)
E/UsageStatsDatabase( 1377): 	at android.app.usage.IUsageStatsManager$Stub.onTransact(IUsageStatsManager.java:61)
E/UsageStatsDatabase( 1377): 	at android.os.Binder.execTransact(Binder.java:446)
E/UsageStatsDatabase( 1377): Caused by: android.system.ErrnoException: open failed: ENOENT (No such file or directory)
E/UsageStatsDatabase( 1377): 	at libcore.io.Posix.open(Native Method)
E/UsageStatsDatabase( 1377): 	at libcore.io.BlockGuardOs.open(BlockGuardOs.java:186)
E/UsageStatsDatabase( 1377): 	at libcore.io.IoBridge.open(IoBridge.java:442)
E/UsageStatsDatabase( 1377): 	... 10 more
I/ActivityManager( 1377): Start proc 9399:com.android.thememanager/9801 for broadcast com.android.thememanager/.util.ThemeAnalyticsReceiver
I/ActivityManager( 1377): Killing 8944:com.miui.gallery/u0a20 (adj 15): empty #13
I/ActivityManager( 1377): Start proc 9429:com.android.fileexplorer/u0a47 for broadcast com.android.fileexplorer/.controller.AnalyticsReceiver
I/ActivityManager( 1377): Killing 9034:com.xiaomi.market/u0a64 (adj 15): empty #13
W/ActivityThread( 9399): ClassLoader.loadClass: The class loader returned by Thread.getContextClassLoader() may fail for processes that host multiple applications. You should explicitly specify a context class loader. For example: Thread.setContextClassLoader(getClass().getClassLoader());
I/ActivityManager( 1377): Start proc 9475:com.android.calendar/u0a3 for broadcast com.android.calendar/.widget.AgendaWidgetProvider
D/WifiService( 1377): acquireWifiLockLocked: WifiLock{DownloadManager type=3 binder=android.os.BinderProxy@28296598}
I/ActivityManager( 1377): Killing 8601:com.xiaomi.pass/u0a90 (adj 15): empty #13
W/BroadcastQueueInjector( 1377): Unable to launch app com.baidu.appsearch/10618 for broadcast Intent { act=android.intent.action.PACKAGE_CHANGED dat=package:com.qihoo.appstore flg=0x4000010 (has extras) }: process is not permitted to autostart
D/WifiService( 1377): Client connection lost with reason: 4
I/ActivityManager( 1377): Start proc 9518:com.android.quicksearchbox/u0a80 for broadcast com.android.quicksearchbox/.CorporaUpdateReceiver
W/FileUtils( 3465): Failed to chmod(/storage/emulated/0/Download/0ca0c74bc846d424836a3f486ce943f758255e446): android.system.ErrnoException: chmod failed: EPERM (Operation not permitted)
I/ActivityManager( 1377): Killing 9159:com.miui.cleanmaster/1000 (adj 15): empty #13
D/WifiService( 1377): Client connection lost with reason: 4
D/WifiService( 1377): releaseWifiLockLocked: WifiLock{DownloadManager type=3 binder=android.os.BinderProxy@28296598}
W/ContextImpl( 3842): Calling a method in the system process without a qualified user: android.app.ContextImpl.sendBroadcast:1340 android.content.ContextWrapper.sendBroadcast:377 com.miui.whetstone.cloudManager.client.DownloadHelper$MoveFileRunnable.run:-1 java.util.concurrent.ThreadPoolExecutor.runWorker:1112 java.util.concurrent.ThreadPoolExecutor$Worker.run:587 
E/Vold    (  424): Failed to find mounted volume for /storage/sdcard1/Android/data/com.miui.cloudservice/files/
W/Vold    (  424): Returning OperationFailed - no handler for errno 0
I/ActivityManager( 1377): Start proc 9552:com.miui.yellowpage/u0a8 for broadcast com.miui.yellowpage/.sync.PushMessageReceiver
E/Vold    (  424): Failed to find mounted volume for /storage/sdcard1/Android/data/com.miui.cloudservice/files/
W/Vold    (  424): Returning OperationFailed - no handler for errno 0
W/BroadcastQueue( 1377): Unable to launch app com.tencent.mm/10175 for broadcast Intent { act=android.intent.action.MEDIA_SCANNER_STARTED dat=file:///system/media flg=0x10 }: process is bad
I/ActivityManager( 1377): Start proc 9577:com.android.providers.calendar/u0a4 for broadcast com.android.providers.calendar/.CalendarProviderBroadcastReceiver
I/ActivityManager( 1377): Killing 9202:com.miui.klo.bugreport/1000 (adj 15): empty #13
E/Vold    (  424): Failed to find mounted volume for /storage/sdcard1/Android/data/com.xiaomi.account/files/
W/Vold    (  424): Returning OperationFailed - no handler for errno 0
D/NetworkManagementService( 1377): hardware tether stats:NetworkStats: elapsedRealtime=81962
D/NetworkManagementService( 1377): getNetworkStatsSummaryXt:NetworkStats: elapsedRealtime=81963
D/NetworkManagementService( 1377):   [0] iface=wlan0 uid=-1 set=ALL tag=0x0 rxBytes=11754983 rxPackets=9689 txBytes=637238 txPackets=6393 operations=0
D/NetworkManagementService( 1377):   [1] iface=usbnet0 uid=-1 set=ALL tag=0x0 rxBytes=0 rxPackets=0 txBytes=0 txPackets=0 operations=0
D/NetworkManagementService( 1377):   [2] iface=lo uid=-1 set=ALL tag=0x0 rxBytes=100 rxPackets=2 txBytes=100 txPackets=2 operations=0
D/NetworkManagementService( 1377): hardware tether stats:NetworkStats: elapsedRealtime=81963
D/NetworkManagementService( 1377): getNetworkStatsSummaryDev:NetworkStats: elapsedRealtime=81964
D/NetworkManagementService( 1377):   [0] iface=wlan0 uid=-1 set=ALL tag=0x0 rxBytes=11762765 rxPackets=9697 txBytes=727829 txPackets=6400 operations=0
D/NetworkManagementService( 1377):   [1] iface=usbnet0 uid=-1 set=ALL tag=0x0 rxBytes=0 rxPackets=0 txBytes=0 txPackets=0 operations=0
D/NetworkManagementService( 1377):   [2] iface=lo uid=-1 set=ALL tag=0x0 rxBytes=100 rxPackets=2 txBytes=100 txPackets=2 operations=0
I/ActivityManager( 1377): Start proc 9608:com.miui.mipub/u0a18 for broadcast com.miui.mipub/.mixin.forward.MipubPushBroadcastReceiver
W/ContextImpl( 4670): Calling a method in the system process without a qualified user: android.app.ContextImpl.sendBroadcast:1340 android.content.ContextWrapper.sendBroadcast:377 com.miui.networkassistant.service.tm.TrafficManageService.broadCastDataUsageUpdated:-1 com.miui.networkassistant.service.tm.TrafficManageService$8.onReceive:-1 android.app.LoadedApk$ReceiverDispatcher$Args.run:868 
I/ActivityManager( 1377): Process com.qihoo.appstore:PluginP06 (pid 6768) has died
D/WifiService( 1377): Client connection lost with reason: 4
W/ActivityManager( 1377): Scheduling restart of crashed service com.qihoo.appstore/com.morgoo.droidplugin.stub.ServiceStub$StubP06$P00 in 1000ms
I/ActivityManager( 1377): Process com.qihoo.appstore:PluginP01 (pid 7229) has died
W/ActivityManager( 1377): Scheduling restart of crashed service com.qihoo.appstore/com.morgoo.droidplugin.stub.ServiceStub$StubP01$P00 in 1000ms
D/WifiService( 1377): Client connection lost with reason: 4
I/ActivityManager( 1377): Start proc 9629:com.qihoo.appstore:PluginP01/u0a477 for service com.qihoo.appstore/com.morgoo.droidplugin.stub.ServiceStub$StubP01$P00
I/ActivityManager( 1377): Killing 9234:com.miui.voip:ui/1001 (adj 15): empty #13
E/Vold    (  424): Failed to find mounted volume for /storage/sdcard1/Android/data/com.miui.mipub/files/
W/Vold    (  424): Returning OperationFailed - no handler for errno 0
E/Vold    (  424): Failed to find mounted volume for /storage/sdcard1/Android/data/com.miui.mipub/cache/
W/Vold    (  424): Returning OperationFailed - no handler for errno 0
W/BroadcastQueue( 1377): Unable to launch app com.tencent.mm/10175 for broadcast Intent { act=android.intent.action.MEDIA_SCANNER_FINISHED dat=file:///system/media flg=0x10 }: process is bad
W/BroadcastQueue( 1377): Unable to launch app com.tencent.mm/10175 for broadcast Intent { act=android.intent.action.MEDIA_SCANNER_STARTED dat=file:///storage/emulated/0 flg=0x10 }: process is bad
W/BroadcastQueue( 1377): Unable to launch app com.xiaomi.vip/10093 for broadcast Intent { act=com.xiaomi.vip.action.VIP_EVENT_NOTIFY flg=0x10 (has extras) }: process is bad
I/ActivityManager( 1377): Killing 9336:com.miui.cloudbackup/u0a6 (adj 15): empty #13
W/BroadcastQueue( 1377): Unable to launch app com.miui.gallery/10020 for broadcast Intent { act=com.xiaomi.action.MICLOUD_STATUS_INFO_CHANGED flg=0x10 (has extras) }: process is bad
W/BroadcastQueue( 1377): Unable to launch app com.miui.gallery/10020 for broadcast Intent { act=com.xiaomi.action.MICLOUD_STATUS_INFO_CHANGED flg=0x10 (has extras) }: process is bad
D/WifiService( 1377): Client connection lost with reason: 4
I/ActivityManager( 1377): Start proc 9680:com.android.email/u0a45 for broadcast com.android.email/com.kingsoft.email.service.EmailBroadcastReceiver
I/ActivityManager( 1377): Start proc 9703:com.miui.notes:remote/u0a67 for content provider com.miui.notes/.provider.NotesProvider
I/ActivityManager( 1377): Process com.qihoo.appstore:PluginP01 (pid 9629) has died
W/ActivityManager( 1377): Unable to start service Intent { pkg=com.android.email cmp=com.android.email/com.kingsoft.email.service.AttachmentDownloadService } U=0: not found
W/ActivityManager( 1377): Unable to start service Intent { pkg=com.android.email cmp=com.android.email/com.kingsoft.email.service.Pop3Service } U=0: not found
W/ActivityManager( 1377): Unable to start service Intent { pkg=com.android.email cmp=com.android.email/com.kingsoft.email.service.ImapService } U=0: not found
W/ActivityManager( 1377): Unable to start service Intent { pkg=com.android.email cmp=com.android.email/com.kingsoft.email.service.ImapPushService } U=0: not found
W/ActivityManager( 1377): Unable to start service Intent { pkg=com.android.email cmp=com.android.email/com.kingsoft.exchange.service.EmailSyncAdapterService } U=0: not found
I/ActivityManager( 1377): Start proc 9733:com.xiaomi.vip/u0a93 for broadcast com.xiaomi.vip/.push.XiaomiVipPushReceiver
I/ActivityManager( 1377): Killing 9376:com.android.soundrecorder/u0a84 (adj 15): empty #13
I/ActivityManager( 1377): Killing 9399:com.android.thememanager/9801 (adj 15): empty #13
D/NetworkManagementService( 1377): hardware tether stats:NetworkStats: elapsedRealtime=83338
I/ActivityManager( 1377): Start proc 9760:com.miui.securityadd/u0a82 for broadcast com.miui.securityadd/.receiver.PushMessageReceiver
D/NetworkManagementService( 1377): getNetworkStatsSummaryXt:NetworkStats: elapsedRealtime=83340
D/NetworkManagementService( 1377):   [0] iface=wlan0 uid=-1 set=ALL tag=0x0 rxBytes=13890475 rxPackets=11187 txBytes=683846 txPackets=7187 operations=0
D/NetworkManagementService( 1377):   [1] iface=usbnet0 uid=-1 set=ALL tag=0x0 rxBytes=0 rxPackets=0 txBytes=0 txPackets=0 operations=0
D/NetworkManagementService( 1377):   [2] iface=lo uid=-1 set=ALL tag=0x0 rxBytes=100 rxPackets=2 txBytes=100 txPackets=2 operations=0
D/NetworkManagementService( 1377): hardware tether stats:NetworkStats: elapsedRealtime=83340
D/NetworkManagementService( 1377): getNetworkStatsSummaryDev:NetworkStats: elapsedRealtime=83344
D/NetworkManagementService( 1377):   [0] iface=wlan0 uid=-1 set=ALL tag=0x0 rxBytes=13895257 rxPackets=11193 txBytes=785445 txPackets=7192 operations=0
D/NetworkManagementService( 1377):   [1] iface=usbnet0 uid=-1 set=ALL tag=0x0 rxBytes=0 rxPackets=0 txBytes=0 txPackets=0 operations=0
D/NetworkManagementService( 1377):   [2] iface=lo uid=-1 set=ALL tag=0x0 rxBytes=100 rxPackets=2 txBytes=100 txPackets=2 operations=0
W/ContextImpl( 4670): Calling a method in the system process without a qualified user: android.app.ContextImpl.sendBroadcast:1340 android.content.ContextWrapper.sendBroadcast:377 com.miui.networkassistant.service.tm.TrafficManageService.broadCastDataUsageUpdated:-1 com.miui.networkassistant.service.tm.TrafficManageService$8.onReceive:-1 android.app.LoadedApk$ReceiverDispatcher$Args.run:868 
E/Vold    (  424): Failed to find mounted volume for /storage/sdcard1/Android/data/com.xiaomi.vip/files/vip_all_tasks7c220686da77e91b3ae58a4aa8347de0/
W/Vold    (  424): Returning OperationFailed - no handler for errno 0
I/ActivityManager( 1377): Killing 9429:com.android.fileexplorer/u0a47 (adj 15): empty #13
I/ActivityManager( 1377): Waited long enough for: ServiceRecord{2ef8c6b9 u0 com.miui.player/com.android.providers.downloads.service.DownloadService}
E/Vold    (  424): Failed to find mounted volume for /storage/sdcard1/Android/data/com.xiaomi.vip/files/vip_server_data7c220686da77e91b3ae58a4aa8347de0/
W/Vold    (  424): Returning OperationFailed - no handler for errno 0
I/ActivityManager( 1377): Start proc 9796:com.tencent.mm/u0a175 for broadcast com.tencent.mm/.booter.NotifyReceiver
D/WifiService( 1377): New client listening to asynchronous messages
E/Vold    (  424): Failed to find mounted volume for /storage/sdcard1/Android/data/com.xiaomi.vip/files/vip_model7c220686da77e91b3ae58a4aa8347de0/
W/Vold    (  424): Returning OperationFailed - no handler for errno 0
I/ActivityManager( 1377): Killing 9475:com.android.calendar/u0a3 (adj 15): empty #13
I/ActivityManager( 1377): Start proc 9826:com.tencent.mm:recovery/u0a175 for service com.tencent.mm/com.tencent.recovery.service.RecoveryReportService
I/ActivityManager( 1377): Killing 9518:com.android.quicksearchbox/u0a80 (adj 15): empty #13
E/Vold    (  424): Failed to find mounted volume for /storage/sdcard1/Android/data/com.android.email/files/Ringtones/
W/Vold    (  424): Returning OperationFailed - no handler for errno 0
E/ActivityThread( 9796): Failed to find provider info for com.tencent.mm.coolassist.debugprovider
D/NetworkManagementService( 1377): hardware tether stats:NetworkStats: elapsedRealtime=85101
D/NetworkManagementService( 1377): getNetworkStatsSummaryXt:NetworkStats: elapsedRealtime=85102
D/NetworkManagementService( 1377):   [0] iface=wlan0 uid=-1 set=ALL tag=0x0 rxBytes=15996834 rxPackets=12595 txBytes=713715 txPackets=7900 operations=0
D/NetworkManagementService( 1377):   [1] iface=usbnet0 uid=-1 set=ALL tag=0x0 rxBytes=0 rxPackets=0 txBytes=0 txPackets=0 operations=0
D/NetworkManagementService( 1377):   [2] iface=lo uid=-1 set=ALL tag=0x0 rxBytes=100 rxPackets=2 txBytes=100 txPackets=2 operations=0
D/NetworkManagementService( 1377): hardware tether stats:NetworkStats: elapsedRealtime=85103
D/NetworkManagementService( 1377): getNetworkStatsSummaryDev:NetworkStats: elapsedRealtime=85104
D/NetworkManagementService( 1377):   [0] iface=wlan0 uid=-1 set=ALL tag=0x0 rxBytes=15997116 rxPackets=12598 txBytes=825296 txPackets=7905 operations=0
D/NetworkManagementService( 1377):   [1] iface=usbnet0 uid=-1 set=ALL tag=0x0 rxBytes=0 rxPackets=0 txBytes=0 txPackets=0 operations=0
D/NetworkManagementService( 1377):   [2] iface=lo uid=-1 set=ALL tag=0x0 rxBytes=100 rxPackets=2 txBytes=100 txPackets=2 operations=0
W/ContextImpl( 4670): Calling a method in the system process without a qualified user: android.app.ContextImpl.sendBroadcast:1340 android.content.ContextWrapper.sendBroadcast:377 com.miui.networkassistant.service.tm.TrafficManageService.broadCastDataUsageUpdated:-1 com.miui.networkassistant.service.tm.TrafficManageService$8.onReceive:-1 android.app.LoadedApk$ReceiverDispatcher$Args.run:868 
I/ActivityManager( 1377): Waited long enough for: ServiceRecord{d4b9bd6 u0 com.tencent.mm/.booter.CoreService}
E/ActivityManager( 1377): Invalid thumbnail dimensions: 0x0
V/NotificationService( 1377): notifications are disabled by AppOps for com.qihoo.appstore
E/NotificationService( 1377): Suppressing notification from package com.qihoo.appstore by user request.
D/NetworkManagementService( 1377): hardware tether stats:NetworkStats: elapsedRealtime=86868
D/NetworkManagementService( 1377): getNetworkStatsSummaryXt:NetworkStats: elapsedRealtime=86869
D/NetworkManagementService( 1377):   [0] iface=wlan0 uid=-1 set=ALL tag=0x0 rxBytes=18092714 rxPackets=13993 txBytes=742007 txPackets=8604 operations=0
D/NetworkManagementService( 1377):   [1] iface=usbnet0 uid=-1 set=ALL tag=0x0 rxBytes=0 rxPackets=0 txBytes=0 txPackets=0 operations=0
D/NetworkManagementService( 1377):   [2] iface=lo uid=-1 set=ALL tag=0x0 rxBytes=100 rxPackets=2 txBytes=100 txPackets=2 operations=0
D/NetworkManagementService( 1377): hardware tether stats:NetworkStats: elapsedRealtime=86870
D/NetworkManagementService( 1377): getNetworkStatsSummaryDev:NetworkStats: elapsedRealtime=86871
D/NetworkManagementService( 1377):   [0] iface=wlan0 uid=-1 set=ALL tag=0x0 rxBytes=18092996 rxPackets=13996 txBytes=863444 txPackets=8609 operations=0
D/NetworkManagementService( 1377):   [1] iface=usbnet0 uid=-1 set=ALL tag=0x0 rxBytes=0 rxPackets=0 txBytes=0 txPackets=0 operations=0
D/NetworkManagementService( 1377):   [2] iface=lo uid=-1 set=ALL tag=0x0 rxBytes=100 rxPackets=2 txBytes=100 txPackets=2 operations=0
W/ContextImpl( 4670): Calling a method in the system process without a qualified user: android.app.ContextImpl.sendBroadcast:1340 android.content.ContextWrapper.sendBroadcast:377 com.miui.networkassistant.service.tm.TrafficManageService.broadCastDataUsageUpdated:-1 com.miui.networkassistant.service.tm.TrafficManageService$8.onReceive:-1 android.app.LoadedApk$ReceiverDispatcher$Args.run:868 
I/ActivityManager( 1377): Start proc 9905:com.miui.milivetalk/u0a60 for broadcast com.miui.milivetalk/.push.PushReceiver
I/ActivityManager( 1377): Start proc 9934:com.xiaomi.pass/u0a90 for broadcast com.xiaomi.pass/.PassMessageReceiver
I/ActivityManager( 1377): Killing 9552:com.miui.yellowpage/u0a8 (adj 15): empty #13
I/ActivityManager( 1377): Start proc 9969:com.mipay.wallet/u0a62 for broadcast com.mipay.wallet/com.mipay.push.MipayPushMessageReceiver
E/Vold    (  424): Failed to find mounted volume for /storage/sdcard1/Android/data/com.xiaomi.pass/files/
W/Vold    (  424): Returning OperationFailed - no handler for errno 0
D/WifiService( 1377): New client listening to asynchronous messages
E/Vold    (  424): Failed to find mounted volume for /storage/sdcard1/Android/data/com.xiaomi.pass/files/
W/Vold    (  424): Returning OperationFailed - no handler for errno 0
E/Vold    (  424): Failed to find mounted volume for /storage/sdcard1/Android/data/com.xiaomi.pass/files/
W/Vold    (  424): Returning OperationFailed - no handler for errno 0
I/ActivityManager( 1377): Killing 9577:com.android.providers.calendar/u0a4 (adj 15): empty #13
E/Vold    (  424): Failed to find mounted volume for /storage/sdcard1/Android/data/com.xiaomi.pass/files/
W/Vold    (  424): Returning OperationFailed - no handler for errno 0
E/Vold    (  424): Failed to find mounted volume for /storage/sdcard1/Android/data/com.miui.cloudservice/files/
W/Vold    (  424): Returning OperationFailed - no handler for errno 0
E/Vold    (  424): Failed to find mounted volume for /storage/sdcard1/Android/data/com.xiaomi.account/files/
W/Vold    (  424): Returning OperationFailed - no handler for errno 0
I/ActivityManager( 1377): Killing 9263:com.android.browser/u0a2 (adj 15): empty #13
D/WifiService( 1377): New client listening to asynchronous messages
W/ContextImpl( 5150): Calling a method in the system process without a qualified user: android.app.ContextImpl.startService:1705 android.content.ContextWrapper.startService:516 com.miui.securitycenter.service.CloudDataUpdateService.onHandleIntent:-1 android.app.IntentService$ServiceHandler.handleMessage:65 android.os.Handler.dispatchMessage:102 
D/NetworkManagementService( 1377): hardware tether stats:NetworkStats: elapsedRealtime=88734
D/NetworkManagementService( 1377): getNetworkStatsSummaryXt:NetworkStats: elapsedRealtime=88735
D/NetworkManagementService( 1377):   [0] iface=wlan0 uid=-1 set=ALL tag=0x0 rxBytes=20201438 rxPackets=15409 txBytes=771962 txPackets=9319 operations=0
D/NetworkManagementService( 1377):   [1] iface=usbnet0 uid=-1 set=ALL tag=0x0 rxBytes=0 rxPackets=0 txBytes=0 txPackets=0 operations=0
D/NetworkManagementService( 1377):   [2] iface=lo uid=-1 set=ALL tag=0x0 rxBytes=100 rxPackets=2 txBytes=100 txPackets=2 operations=0
D/NetworkManagementService( 1377): hardware tether stats:NetworkStats: elapsedRealtime=88735
D/NetworkManagementService( 1377): getNetworkStatsSummaryDev:NetworkStats: elapsedRealtime=88738
D/NetworkManagementService( 1377):   [0] iface=wlan0 uid=-1 set=ALL tag=0x0 rxBytes=20204720 rxPackets=15414 txBytes=903409 txPackets=9324 operations=0
D/NetworkManagementService( 1377):   [1] iface=usbnet0 uid=-1 set=ALL tag=0x0 rxBytes=0 rxPackets=0 txBytes=0 txPackets=0 operations=0
D/NetworkManagementService( 1377):   [2] iface=lo uid=-1 set=ALL tag=0x0 rxBytes=100 rxPackets=2 txBytes=100 txPackets=2 operations=0
I/ActivityManager( 1377): Start proc 10049:com.android.updater/9802 for service com.android.updater/.UpdateService
I/ActivityManager( 1377): Start proc 10070:com.miui.cleanmaster/1000 for service com.miui.cleanmaster/com.miui.optimizecenter.CloudDataUpdateService
W/ContextImpl( 4670): Calling a method in the system process without a qualified user: android.app.ContextImpl.sendBroadcast:1340 android.content.ContextWrapper.sendBroadcast:377 com.miui.networkassistant.service.tm.TrafficManageService.broadCastDataUsageUpdated:-1 com.miui.networkassistant.service.tm.TrafficManageService$8.onReceive:-1 android.app.LoadedApk$ReceiverDispatcher$Args.run:868 
W/BroadcastQueue( 1377): Unable to launch app com.android.providers.downloads.ui/10010 for broadcast Intent { act=com.downloads.notification.action.noengine.init flg=0x30 }: process is bad
I/ActivityManager( 1377): Start proc 10094:com.miui.yellowpage/u0a8 for broadcast com.miui.yellowpage/.sync.PushMessageReceiver
I/ActivityManager( 1377): Process com.android.updater (pid 10049) has died
W/ActivityThread(10070): ClassLoader.loadClass: The class loader returned by Thread.getContextClassLoader() may fail for processes that host multiple applications. You should explicitly specify a context class loader. For example: Thread.setContextClassLoader(getClass().getClassLoader());
W/ContextImpl(10070): Calling a method in the system process without a qualified user: android.app.ContextImpl.startService:1705 android.content.ContextWrapper.startService:516 miui.core.SdkManager$1.run:191 android.os.Handler.handleCallback:739 android.os.Handler.dispatchMessage:95 
D/WifiService( 1377): New client listening to asynchronous messages
E/ActivityThread( 9796): Failed to find provider info for com.huawei.android.launcher.settings
E/ActivityThread( 9796): Failed to find provider info for com.android.badge
I/ActivityManager( 1377): Start proc 10134:com.android.browser/u0a2 for broadcast com.android.browser/.push.BrowserPushSDKReceiver
I/ActivityManager( 1377): Killing 9608:com.miui.mipub/u0a18 (adj 15): empty #13
I/ActivityManager( 1377): Killing 9703:com.miui.notes:remote/u0a67 (adj 15): empty #13
I/ActivityManager( 1377): Start proc 10180:com.miui.mipub/u0a18 for broadcast com.miui.mipub/.mixin.forward.MipubPushBroadcastReceiver
D/com.android.server.pm.PackageManagerServiceInjector( 1377): check if need preinstall apps
E/Vold    (  424): Failed to find mounted volume for /storage/sdcard1/Android/data/com.miui.mipub/files/
W/Vold    (  424): Returning OperationFailed - no handler for errno 0
I/ActivityManager( 1377): Killing 9760:com.miui.securityadd/u0a82 (adj 15): empty #13
E/Vold    (  424): Failed to find mounted volume for /storage/sdcard1/Android/data/com.miui.mipub/cache/
W/Vold    (  424): Returning OperationFailed - no handler for errno 0
D/DefContainer( 5011): Copying /data/data/com.xiaomi.gamecenter/cache/MIGAMEAPP7_5.01.1594_update.apk to base.apk
D/WifiService( 1377): Client connection lost with reason: 4
W/ContextImpl( 4670): Calling a method in the system process without a qualified user: android.app.ContextImpl.sendBroadcast:1340 android.content.ContextWrapper.sendBroadcast:377 com.miui.networkassistant.service.tm.TrafficManageService.broadCastDataUsageUpdated:-1 com.miui.networkassistant.service.tm.TrafficManageService$1.handleMessage:-1 android.os.Handler.dispatchMessage:98 
I/ActivityManager( 1377): Start proc 10234:com.miui.notes:remote/u0a67 for content provider com.miui.notes/.provider.NotesProvider
W/ContextImpl( 5150): Calling a method in the system process without a qualified user: android.app.ContextImpl.startService:1705 android.content.ContextWrapper.startService:516 android.content.ContextWrapper.startService:516 com.miui.securitycenter.receiver.CleanMasterReceiver.bx:-1 com.miui.securitycenter.receiver.CleanMasterReceiver.onReceive:-1 
W/ContextImpl( 5150): Calling a method in the system process without a qualified user: android.app.ContextImpl.startService:1705 android.content.ContextWrapper.startService:516 android.content.ContextWrapper.startService:516 com.miui.securitycenter.receiver.CleanMasterReceiver.by:-1 com.miui.securitycenter.receiver.CleanMasterReceiver.onReceive:-1 
W/ContextImpl(10070): Calling a method in the system process without a qualified user: android.app.ContextImpl.bindService:1769 android.content.ContextWrapper.bindService:539 com.miui.optimizecenter.manager.BinderManager.getService:94 com.miui.optimizecenter.manager.engine.mi.MiEngine.init:676 com.miui.optimizecenter.manager.ScanTask.startWork:212 
I/ActivityManager( 1377): Start proc 10256:com.android.fileexplorer/u0a47 for service com.android.fileexplorer/.monitor.service.WorkerIntentService
W/ContextImpl(10070): Calling a method in the system process without a qualified user: android.app.ContextImpl.bindService:1769 android.content.ContextWrapper.bindService:539 com.miui.optimizecenter.manager.BinderManager.getService:94 com.miui.optimizecenter.manager.engine.cm.CmEngine.init:401 com.miui.optimizecenter.manager.ScanTask.startWork:212 
I/ActivityManager( 1377): Start proc 10278:com.miui.cleanmaster:cmsdk/1000 for service com.miui.cleanmaster/com.cleanmaster.CleanService
W/ContextImpl(10070): Calling a method in the system process without a qualified user: android.app.ContextImpl.startService:1705 android.content.ContextWrapper.startService:516 tmsdk.common.TMSDKContext.start:-1 tmsdk.common.TMSDKContext.init:-1 com.miui.optimizecenter.manager.engine.tencent.TencentEngine.init:128 
W/ContextImpl(10278): Calling a method in the system process without a qualified user: android.app.ContextImpl.startService:1705 android.content.ContextWrapper.startService:516 miui.core.SdkManager$1.run:191 android.os.Handler.handleCallback:739 android.os.Handler.dispatchMessage:95 
W/ActivityManager( 1377): Unable to start service Intent { act=com.xiaomi.xmsf.push.SCAN pkg=com.xiaomi.payment } U=0: not found
I/ActivityManager( 1377): Start proc 10358:com.android.providers.calendar/u0a4 for content provider com.android.providers.calendar/.CalendarProvider2
I/ActivityManager( 1377): Killing 9733:com.xiaomi.vip/u0a93 (adj 15): empty #13
I/ActivityManager( 1377): Killing 9826:com.tencent.mm:recovery/u0a175 (adj 15): empty #13
I/ActivityManager( 1377): Killing 9934:com.xiaomi.pass/u0a90 (adj 15): empty #13
D/WifiService( 1377): Client connection lost with reason: 4
I/ActivityManager( 1377): Killing 8996:com.xiaomi.account/u0a91 (adj 15): empty #13
D/WifiService( 1377): Client connection lost with reason: 4
I/ActivityManager( 1377): Killing 9297:com.miui.video/u0a65 (adj 15): empty #13
D/PackageManager( 1377): Renaming /data/app/vmdl1479496736.tmp to /data/app/com.xiaomi.gamecenter-1
I/ActivityManager( 1377): Force stopping com.xiaomi.gamecenter appid=10049 user=-1: replace sys pkg
W/PackageManager( 1377): Trying to update system app code path from /data/app/com.xiaomi.gamecenter-2 to /data/app/com.xiaomi.gamecenter-1
I/ActivityManager( 1377): Killing 9070:com.xiaomi.gamecenter/u0a49 (adj 11): stop com.xiaomi.gamecenter
I/ActivityManager( 1377): Start proc 10425:com.qihoo.appstore:PluginP01/u0a477 for service com.qihoo.appstore/com.morgoo.droidplugin.stub.ServiceStub$StubP01$P00
D/WifiService( 1377): Client connection lost with reason: 4
I/ActivityManager( 1377): Start proc 10447:com.tencent.mm:exdevice/u0a175 for service com.tencent.mm/.plugin.exdevice.service.ExDeviceService
I/ActivityManager( 1377): Start proc 10476:com.tencent.mm:recovery/u0a175 for service com.tencent.mm/com.tencent.recovery.service.RecoveryReportService
I/ActivityManager( 1377): Process com.qihoo.appstore:PluginP01 (pid 10425) has died
W/ActivityManager( 1377): Scheduling restart of crashed service com.qihoo.appstore/com.morgoo.droidplugin.stub.ServiceStub$StubP01$P00 in 1576ms
I/ActivityManager( 1377): Waited long enough for: ServiceRecord{67c3b5a u0 com.android.fileexplorer/.monitor.service.FileObserverService}
E/ActivityThread(10447): Failed to find provider info for com.tencent.mm.coolassist.debugprovider
I/ActivityManager( 1377): Start proc 10518:com.qihoo.appstore:PluginP01/u0a477 for service com.qihoo.appstore/com.morgoo.droidplugin.stub.ServiceStub$StubP01$P00
D/WifiService( 1377): New client listening to asynchronous messages
I/ActivityManager( 1377): Waited long enough for: ServiceRecord{105cc206 u0 com.tencent.mm/.booter.NotifyReceiver$NotifyService}
W/ActivityManager( 1377): Unable to start service Intent { act=com.az1.do1 pkg=com.az1.do1 } U=0: not found
I/ActivityManager( 1377): Process com.qihoo.appstore:PluginP01 (pid 10518) has died
W/ActivityManager( 1377): Scheduling restart of crashed service com.qihoo.appstore/com.morgoo.droidplugin.stub.ServiceStub$StubP01$P00 in 12326ms
D/WifiService( 1377): Client connection lost with reason: 4
W/PackageManager( 1377): Code path for pkg : com.xiaomi.gamecenter changing from /data/app/com.xiaomi.gamecenter-2 to /data/app/com.xiaomi.gamecenter-1
W/PackageManager( 1377): Resource path for pkg : com.xiaomi.gamecenter changing from /data/app/com.xiaomi.gamecenter-2 to /data/app/com.xiaomi.gamecenter-1
I/ActivityManager( 1377): Force stopping com.xiaomi.gamecenter appid=10049 user=-1: update pkg
I/ActivityManager( 1377): Force stopping com.xiaomi.gamecenter appid=10049 user=0: pkg removed
D/JobSchedulerService( 1377): Receieved: android.intent.action.PACKAGE_REMOVED
D/BackupManagerService( 1377): Received broadcast Intent { act=android.intent.action.PACKAGE_REMOVED dat=package:com.xiaomi.gamecenter flg=0x4000010 (has extras) }
W/ActivityManager( 1377): Unable to start service Intent { act=service_action_LOOPER_VALUE pkg=com.qihoo.gameassist } U=0: not found
V/LocationPolicy( 1377): ACTION_PACKAGE_ADDED for uid=10049
I/ActivityManager( 1377): Start proc 10601:com.android.musicfx/u0a24 for broadcast com.android.musicfx/.Compatibility$Receiver
W/ActivityManager( 1377): Unable to start service Intent { act=service_action_LOOPER_VALUE pkg=com.qihoo.gameassist } U=0: not found
D/BackupManagerService( 1377): Received broadcast Intent { act=android.intent.action.PACKAGE_ADDED dat=package:com.xiaomi.gamecenter flg=0x4000010 (has extras) }
I/ActivityManager( 1377): Start proc 10633:com.android.keychain/1000 for broadcast com.android.keychain/.KeyChainBroadcastReceiver
I/ActivityManager( 1377): Killing 9969:com.mipay.wallet/u0a62 (adj 15): empty #13
W/ContextImpl(10633): Calling a method in the system process without a qualified user: android.app.ContextImpl.startService:1705 android.content.ContextWrapper.startService:516 android.content.ContextWrapper.startService:516 com.android.keychain.KeyChainBroadcastReceiver.onReceive:12 android.app.ActivityThread.handleReceiver:2616 
I/ActivityManager( 1377): Start proc 10653:com.xiaomi.vip/u0a93 for broadcast com.xiaomi.vip/.service.AppInstallReceiver
I/ActivityManager( 1377): Killing 10180:com.miui.mipub/u0a18 (adj 15): empty #13
I/PackageManager( 1377): Observer no longer exists.
I/ActivityManager( 1377): Start proc 10674:com.xiaomi.market/u0a64 for broadcast com.xiaomi.market/.data.MyPackageMonitor
I/ActivityManager( 1377): Killing 9680:com.android.email/u0a45 (adj 15): empty #13
E/Vold    (  424): Failed to find mounted volume for /storage/sdcard1/Android/data/com.xiaomi.vip/files/vip_all_tasks7c220686da77e91b3ae58a4aa8347de0/
W/Vold    (  424): Returning OperationFailed - no handler for errno 0
E/Vold    (  424): Failed to find mounted volume for /storage/sdcard1/Android/data/com.xiaomi.vip/files/vip_server_data7c220686da77e91b3ae58a4aa8347de0/
W/Vold    (  424): Returning OperationFailed - no handler for errno 0
E/Vold    (  424): Failed to find mounted volume for /storage/sdcard1/Android/data/com.xiaomi.vip/files/vip_model7c220686da77e91b3ae58a4aa8347de0/
W/Vold    (  424): Returning OperationFailed - no handler for errno 0
I/ActivityManager( 1377): Start proc 10714:android.process.mediaUI/u0a10 for broadcast com.android.providers.downloads.ui/.receiver.ApplicationInstallReceiver
I/ActivityManager( 1377): Killing 9905:com.miui.milivetalk/u0a60 (adj 15): empty #13
I/ActivityManager( 1377): Start proc 10745:com.xiaomi.gamecenter/u0a49 for broadcast com.xiaomi.gamecenter/.service.GlobalReceiver
I/ActivityManager( 1377): Killing 10234:com.miui.notes:remote/u0a67 (adj 15): empty #13
W/ActivityManager( 1377): Unable to start service Intent { pkg=com.mi.liveassistant cmp=com.mi.liveassistant/com.wali.live.watchsdk.ipc.service.MiLiveSdkService } U=0: not found
W/BroadcastQueueInjector( 1377): Unable to launch app com.baidu.appsearch/10618 for broadcast Intent { act=android.intent.action.PACKAGE_REMOVED dat=package:com.xiaomi.gamecenter flg=0x4000010 (has extras) }: process is not permitted to autostart
W/BroadcastQueueInjector( 1377): Unable to launch app com.baidu.appsearch/10618 for broadcast Intent { act=android.intent.action.PACKAGE_REMOVED dat=package:com.xiaomi.gamecenter flg=0x4000010 (has extras) }: process is not permitted to autostart
W/BroadcastQueueInjector( 1377): Unable to launch app com.baidu.appsearch/10618 for broadcast Intent { act=android.intent.action.PACKAGE_REMOVED dat=package:com.xiaomi.gamecenter flg=0x4000010 (has extras) }: process is not permitted to autostart
W/BroadcastQueueInjector( 1377): Unable to launch app com.baidu.appsearch/10618 for broadcast Intent { act=android.intent.action.PACKAGE_REMOVED dat=package:com.xiaomi.gamecenter flg=0x4000010 (has extras) }: process is not permitted to autostart
W/BroadcastQueueInjector( 1377): Unable to launch app com.UCMobile/10593 for broadcast Intent { act=android.intent.action.PACKAGE_REMOVED dat=package:com.xiaomi.gamecenter flg=0x4000010 (has extras) }: process is not permitted to autostart
