10-09 15:53:49.207 27431 27470 W System.err: java.io.FileNotFoundException: /proc/23442/stat (No such file or directory)
10-09 15:53:49.207 27431 27470 W System.err: 	at java.io.FileInputStream.open(Native Method)
10-09 15:53:49.207 27431 27470 W System.err: 	at java.io.FileInputStream.<init>(FileInputStream.java:146)
10-09 15:53:49.207 27431 27470 W System.err: 	at java.io.FileInputStream.<init>(FileInputStream.java:99)
10-09 15:53:49.207 27431 27470 W System.err: 	at java.io.FileReader.<init>(FileReader.java:58)
10-09 15:53:49.207 27431 27470 W System.err: 	at com.qihoo.appstore.battery.batteryrank.e.d(AppStore:75)
10-09 15:53:49.207 27431 27470 W System.err: 	at com.qihoo.appstore.battery.batteryrank.a.a(AppStore:112)
10-09 15:53:49.207 27431 27470 W System.err: 	at com.qihoo.appstore.battery.batteryrank.a.doInBackground(AppStore:31)
10-09 15:53:49.207 27431 27470 W System.err: 	at android.os.AsyncTask$2.call(AsyncTask.java:316)
10-09 15:53:49.207 27431 27470 W System.err: 	at java.util.concurrent.FutureTask.run(FutureTask.java:237)
10-09 15:53:49.207 27431 27470 W System.err: 	at java.util.concurrent.ThreadPoolExecutor.runWorker(ThreadPoolExecutor.java:1133)
10-09 15:53:49.207 27431 27470 W System.err: 	at java.util.concurrent.ThreadPoolExecutor$Worker.run(ThreadPoolExecutor.java:607)
10-09 15:53:49.207 27431 27470 W System.err: 	at java.lang.Thread.run(Thread.java:776)
10-09 15:53:49.207 27431 27470 W System.err: java.io.FileNotFoundException: /proc/0/stat (No such file or directory)
10-09 15:53:49.207 27431 27470 W System.err: 	at java.io.FileInputStream.open(Native Method)
10-09 15:53:49.207 27431 27470 W System.err: 	at java.io.FileInputStream.<init>(FileInputStream.java:146)
10-09 15:53:49.207 27431 27470 W System.err: 	at java.io.FileInputStream.<init>(FileInputStream.java:99)
10-09 15:53:49.207 27431 27470 W System.err: 	at java.io.FileReader.<init>(FileReader.java:58)
10-09 15:53:49.207 27431 27470 W System.err: 	at com.qihoo.appstore.battery.batteryrank.e.d(AppStore:75)
10-09 15:53:49.207 27431 27470 W System.err: 	at com.qihoo.appstore.battery.batteryrank.a.a(AppStore:112)
10-09 15:53:49.207 27431 27470 W System.err: 	at com.qihoo.appstore.battery.batteryrank.a.doInBackground(AppStore:31)
10-09 15:53:49.207 27431 27470 W System.err: 	at android.os.AsyncTask$2.call(AsyncTask.java:316)
10-09 15:53:49.207 27431 27470 W System.err: 	at java.util.concurrent.FutureTask.run(FutureTask.java:237)
10-09 15:53:49.207 27431 27470 W System.err: 	at java.util.concurrent.ThreadPoolExecutor.runWorker(ThreadPoolExecutor.java:1133)
10-09 15:53:49.207 27431 27470 W System.err: 	at java.util.concurrent.ThreadPoolExecutor$Worker.run(ThreadPoolExecutor.java:607)
10-09 15:53:49.207 27431 27470 W System.err: 	at java.lang.Thread.run(Thread.java:776)
10-09 15:53:49.207 27431 27470 W System.err: java.io.FileNotFoundException: /proc/1885/stat (No such file or directory)
10-09 15:53:49.207 27431 27470 W System.err: 	at java.io.FileInputStream.open(Native Method)
10-09 15:53:49.207 27431 27470 W System.err: 	at java.io.FileInputStream.<init>(FileInputStream.java:146)
10-09 15:53:49.207 27431 27470 W System.err: 	at java.io.FileInputStream.<init>(FileInputStream.java:99)
10-09 15:53:49.207 27431 27470 W System.err: 	at java.io.FileReader.<init>(FileReader.java:58)
10-09 15:53:49.207 27431 27470 W System.err: 	at com.qihoo.appstore.battery.batteryrank.e.d(AppStore:75)
10-09 15:53:49.207 27431 27470 W System.err: 	at com.qihoo.appstore.battery.batteryrank.a.a(AppStore:112)
10-09 15:53:49.207 27431 27470 W System.err: 	at com.qihoo.appstore.battery.batteryrank.a.doInBackground(AppStore:31)
10-09 15:53:49.207 27431 27470 W System.err: 	at android.os.AsyncTask$2.call(AsyncTask.java:316)
10-09 15:53:49.207 27431 27470 W System.err: 	at java.util.concurrent.FutureTask.run(FutureTask.java:237)
10-09 15:53:49.207 27431 27470 W System.err: 	at java.util.concurrent.ThreadPoolExecutor.runWorker(ThreadPoolExecutor.java:1133)
10-09 15:53:49.207 27431 27470 W System.err: 	at java.util.concurrent.ThreadPoolExecutor$Worker.run(ThreadPoolExecutor.java:607)
10-09 15:53:49.207 27431 27470 W System.err: 	at java.lang.Thread.run(Thread.java:776)
10-09 15:53:49.207 27431 27470 W System.err: java.io.FileNotFoundException: /proc/2519/stat (No such file or directory)
10-09 15:53:49.207 27431 27470 W System.err: 	at java.io.FileInputStream.open(Native Method)
10-09 15:53:49.207 27431 27470 W System.err: 	at java.io.FileInputStream.<init>(FileInputStream.java:146)
10-09 15:53:49.208 27431 27470 W System.err: 	at java.io.FileInputStream.<init>(FileInputStream.java:99)
10-09 15:53:49.208 27431 27470 W System.err: 	at java.io.FileReader.<init>(FileReader.java:58)
10-09 15:53:49.208 27431 27470 W System.err: 	at com.qihoo.appstore.battery.batteryrank.e.d(AppStore:75)
10-09 15:53:49.208 27431 27470 W System.err: 	at com.qihoo.appstore.battery.batteryrank.a.a(AppStore:112)
10-09 15:53:49.208 27431 27470 W System.err: 	at com.qihoo.appstore.battery.batteryrank.a.doInBackground(AppStore:31)
10-09 15:53:49.208 27431 27470 W System.err: 	at android.os.AsyncTask$2.call(AsyncTask.java:316)
10-09 15:53:49.208 27431 27470 W System.err: 	at java.util.concurrent.FutureTask.run(FutureTask.java:237)
10-09 15:53:49.208 27431 27470 W System.err: 	at java.util.concurrent.ThreadPoolExecutor.runWorker(ThreadPoolExecutor.java:1133)
10-09 15:53:49.208 27431 27470 W System.err: 	at java.util.concurrent.ThreadPoolExecutor$Worker.run(ThreadPoolExecutor.java:607)
10-09 15:53:49.208 27431 27470 W System.err: 	at java.lang.Thread.run(Thread.java:776)
10-09 15:53:49.208 27431 27470 W System.err: java.io.FileNotFoundException: /proc/1885/stat (No such file or directory)
10-09 15:53:49.208 27431 27470 W System.err: 	at java.io.FileInputStream.open(Native Method)
10-09 15:53:49.208 27431 27470 W System.err: 	at java.io.FileInputStream.<init>(FileInputStream.java:146)
10-09 15:53:49.208 27431 27470 W System.err: 	at java.io.FileInputStream.<init>(FileInputStream.java:99)
10-09 15:53:49.208 27431 27470 W System.err: 	at java.io.FileReader.<init>(FileReader.java:58)
10-09 15:53:49.208 27431 27470 W System.err: 	at com.qihoo.appstore.battery.batteryrank.e.d(AppStore:75)
10-09 15:53:49.208 27431 27470 W System.err: 	at com.qihoo.appstore.battery.batteryrank.a.a(AppStore:112)
10-09 15:53:49.208 27431 27470 W System.err: 	at com.qihoo.appstore.battery.batteryrank.a.doInBackground(AppStore:31)
10-09 15:53:49.208 27431 27470 W System.err: 	at android.os.AsyncTask$2.call(AsyncTask.java:316)
10-09 15:53:49.208 27431 27470 W System.err: 	at java.util.concurrent.FutureTask.run(FutureTask.java:237)
10-09 15:53:49.208 27431 27470 W System.err: 	at java.util.concurrent.ThreadPoolExecutor.runWorker(ThreadPoolExecutor.java:1133)
10-09 15:53:49.208 27431 27470 W System.err: 	at java.util.concurrent.ThreadPoolExecutor$Worker.run(ThreadPoolExecutor.java:607)
10-09 15:53:49.208 27431 27470 W System.err: 	at java.lang.Thread.run(Thread.java:776)
10-09 15:53:49.208 27431 27470 W System.err: java.io.FileNotFoundException: /proc/2607/stat (No such file or directory)
10-09 15:53:49.208 27431 27470 W System.err: 	at java.io.FileInputStream.open(Native Method)
10-09 15:53:49.208 27431 27470 W System.err: 	at java.io.FileInputStream.<init>(FileInputStream.java:146)
10-09 15:53:49.208 27431 27470 W System.err: 	at java.io.FileInputStream.<init>(FileInputStream.java:99)
10-09 15:53:49.208 27431 27470 W System.err: 	at java.io.FileReader.<init>(FileReader.java:58)
10-09 15:53:49.208 27431 27470 W System.err: 	at com.qihoo.appstore.battery.batteryrank.e.d(AppStore:75)
10-09 15:53:49.208 27431 27470 W System.err: 	at com.qihoo.appstore.battery.batteryrank.a.a(AppStore:112)
10-09 15:53:49.208 27431 27470 W System.err: 	at com.qihoo.appstore.battery.batteryrank.a.doInBackground(AppStore:31)
10-09 15:53:49.208 27431 27470 W System.err: 	at android.os.AsyncTask$2.call(AsyncTask.java:316)
10-09 15:53:49.208 27431 27470 W System.err: 	at java.util.concurrent.FutureTask.run(FutureTask.java:237)
10-09 15:53:49.208 27431 27470 W System.err: 	at java.util.concurrent.ThreadPoolExecutor.runWorker(ThreadPoolExecutor.java:1133)
10-09 15:53:49.208 27431 27470 W System.err: 	at java.util.concurrent.ThreadPoolExecutor$Worker.run(ThreadPoolExecutor.java:607)
10-09 15:53:49.208 27431 27470 W System.err: 	at java.lang.Thread.run(Thread.java:776)
10-09 15:53:49.301  3225 27365 W PlatformStatsUtil: Could not retrieve Usage & Diagnostics setting. Giving up.
10-09 15:53:49.405 23224 23284 E OpenGLRenderer: allen debug liyu Key: 103079215104
10-09 15:53:49.955 23224 23224 I CrashReport-Native: Set native info: isAppForeground(false)
10-09 15:53:49.991 23224 23224 E com.umeng.message.UTrack: RegistrationId is empty
10-09 15:53:49.993 23224 23224 E com.umeng.message.UTrack: RegistrationId is empty
10-09 15:53:50.053 23224 23224 I CrashReport-Native: Set native info: isAppForeground(true)
10-09 15:53:50.057 23224 23224 W VRSystemServiceManager: vr service is not alive
10-09 15:53:50.057 23224 23224 W VRSystemServiceManager: vr service is not alive
10-09 15:53:50.065 23224 23229 I art     : Do partial code cache collection, code=24KB, data=28KB
10-09 15:53:50.065 23224 23229 I art     : After code cache collection, code=23KB, data=28KB
10-09 15:53:50.065 23224 23229 I art     : Increasing code cache capacity to 128KB
10-09 15:53:50.091 27492 27492 I         : power log dlsym ok
10-09 15:53:50.093 27492 27492 I art     : Reinit property: dalvik.vm.checkjni= false
10-09 15:53:50.099  2003  2197 W PhoneInterfaceManager: shouldBlockLocation running ...
10-09 15:53:50.103  2003  2197 I PhoneInterfaceManager: shouldBlockLocation  ret:false
10-09 15:53:50.119 23224 23224 I RefreshingYFF: #####resetHeader()#####
10-09 15:53:50.128 27492 27492 W CrashReport: Bugly debug模式开启，请在发布时把isDebug关闭。 -- Running in debug model for 'isDebug' is enabled. Please disable it when you release.
10-09 15:53:50.128 27492 27492 E CrashReport: --------------------------------------------------------------------------------------------
10-09 15:53:50.128 27492 27492 W CrashReport: Bugly debug模式将有以下行为特性 -- The following list shows the behaviour of debug model: 
10-09 15:53:50.128 27492 27492 W CrashReport: [1] 输出详细的Bugly SDK的Log -- More detailed log of Bugly SDK will be output to logcat;
10-09 15:53:50.128 27492 27492 W CrashReport: [2] 每一条Crash都会被立即上报 -- Every crash caught by Bugly will be uploaded immediately.
10-09 15:53:50.128 27492 27492 W CrashReport: [3] 自定义日志将会在Logcat中输出 -- Custom log will be output to logcat.
10-09 15:53:50.128 27492 27492 E CrashReport: --------------------------------------------------------------------------------------------
10-09 15:53:50.128 27492 27492 I CrashReportInfo: [init] Open debug mode of Bugly.
10-09 15:53:50.128 27492 27492 I CrashReport: [init] Bugly version: v2.6.5
10-09 15:53:50.128 27492 27492 I CrashReport:  crash report start initializing...
10-09 15:53:50.128 27492 27492 I CrashReportInfo: [init] Bugly start initializing...
10-09 15:53:50.128 27492 27492 I CrashReport: [init] Bugly complete version: v2.6.5
10-09 15:53:50.134 27492 27492 I CrashReport: [param] Set APP ID:1f51e94e9b
10-09 15:53:50.135 27492 27492 I CrashReport: [session] launch app, new start
10-09 15:53:50.135 27492 27492 I CrashReport: Initializing crash module.
10-09 15:53:50.150 27492 27492 I CrashReport: backup system java handler: com.android.internal.os.RuntimeInit$UncaughtHandler@49f3ac1
10-09 15:53:50.150 27492 27492 I CrashReport: registered java monitor: com.tencent.bugly.crashreport.crash.e@df90266
10-09 15:53:50.150 27492 27492 I CrashReport: user change native true
10-09 15:53:50.150 27492 27492 I CrashReport: native changed to true
10-09 15:53:50.150 27492 27492 I CrashReport: [Native] Trying to load so: Bugly
10-09 15:53:50.153 27492 27492 I CrashReport: [Native] Successfully loaded SO: Bugly
10-09 15:53:50.153 27492 27492 I CrashReport-Native: setLogMode 3 current 4
10-09 15:53:50.153 27492 27492 I CrashReport-Native: regist start
10-09 15:53:50.153 27492 27492 I CrashReport-Native: JARJNIVERSION:1
10-09 15:53:50.153 27492 27492 I CrashReport-Native: set signal stack
10-09 15:53:50.153 27492 27492 I CrashReport-Native: regist native handler
10-09 15:53:50.153 27492 27492 I CrashReport-Native: Create map list by maps file: /proc/27492/maps
10-09 15:53:50.161 27492 27492 I CrashReport-Native: Opened system log record file: /data/user/0/cn.com.autohome.travel/app_bugly/sys_log_1507535630161042.txt
10-09 15:53:50.161 27492 27492 I CrashReport-Native: NativeBuglyVersion:3.3.1
10-09 15:53:50.161 27492 27492 I CrashReport: [Native] Native Crash Report enable.
10-09 15:53:50.161 27492 27492 I CrashReport: [Native] Info setting jni can be accessed.
10-09 15:53:50.161 27492 27492 I CrashReport: [Native] Extra jni can be accessed.
10-09 15:53:50.161 27492 27492 I CrashReport: anr changed to true
10-09 15:53:50.161 27492 27492 I CrashReport: start anr monitor!
10-09 15:53:50.162 27492 27492 I CrashReportInfo: [init] Bugly initialization finished.
10-09 15:53:50.163 27492 27512 I CrashReport: [ExtraCrashManager] no game agent
10-09 15:53:50.163 27492 27513 I CrashReport-Native: Set native info: app version(1.4.1)
10-09 15:53:50.163 27492 27512 I CrashReport: [BuglyBroadcastRecevier] Register broadcast receiver of Bugly.
10-09 15:53:50.163 27492 27513 I CrashReport-Native: Set native info: app package(cn.com.autohome.travel)
10-09 15:53:50.163 27492 27513 I CrashReport-Native: Set native info: user ID(unknown)
10-09 15:53:50.163 27492 27513 I CrashReport-Native: Set native info: isAppForeground(false)
10-09 15:53:50.163 27492 27513 I CrashReport-Native: Set native info: launchTime(1507535630128)
10-09 15:53:50.170 23224 23284 E OpenGLRenderer: allen debug liyu Key: 1099511627784
10-09 15:53:50.187 27492 27513 I System.out: [/system/bin/sh, -c, getprop]
10-09 15:53:50.187 27492 27513 I System.out: null
10-09 15:53:50.187 27492 27513 I System.out: null
10-09 15:53:50.187 27492 27513 I System.out: Calling by::className:com.tencent.bugly.proguard.z  MethodName:a
10-09 15:53:50.190 27492 27526 E umengsocial: ----sdkversion:6.4.3---
10-09 15:53:50.190 27492 27526 E umengsocial:  如有任何错误，请开启debug模式:在设置各平台APPID的地方添加代码：Config.DEBUG = true
10-09 15:53:50.190 27492 27526 E umengsocial: 所有编译问题或者设置问题，请参考文档：https://at.umeng.com/0fqeCy?cid=476
10-09 15:53:50.201 27492 27528 W DeviceConfig: Could not get mac address.[no permission android.permission.ACCESS_WIFI_STATE
10-09 15:53:50.207 23224 23284 E OpenGLRenderer: allen debug liyu Key: 34359738369
10-09 15:53:50.213 27492 27528 W DeviceConfig: Could not get mac address.[no permission android.permission.ACCESS_WIFI_STATE
10-09 15:53:50.214 27492 27492 W DeviceId: galaxy lib host missing meta-data,make sure you know the right way to integrate galaxy
10-09 15:53:50.214 27492 27492 W DeviceId: galaxy lib host missing meta-data,make sure you know the right way to integrate galaxy
10-09 15:53:50.214 27492 27492 W DeviceId: galaxy lib host missing meta-data,make sure you know the right way to integrate galaxy
10-09 15:53:50.218 27492 27492 I BaiduApiAuth: BaiduApiAuth SDK Version:1.0.20
10-09 15:53:50.229 27492 27513 I System.out: [/system/bin/sh, -c, type su]
10-09 15:53:50.229 27492 27513 I System.out: null
10-09 15:53:50.229 27492 27513 I System.out: null
10-09 15:53:50.229 27492 27513 I System.out: Calling by::className:com.tencent.bugly.proguard.z  MethodName:a
10-09 15:53:50.240 27492 27513 I CrashReport: rom:HuaWei/EMOTION/EmotionUI_5.0
10-09 15:53:50.243 27492 27513 I CrashReport: [UploadManager] Create and start a new thread to execute a task of initializing security context: BUGLY_ASYNC_UPLOAD
10-09 15:53:50.246 27492 27545 I CrashReport: [UploadManager] Create and start a new thread to execute a upload task: BUGLY_ASYNC_UPLOAD
10-09 15:53:50.269  1972  2086 I chatty  : uid=1000(system) core expire 8 lines
10-09 15:53:50.270  2003  2188 W PhoneInterfaceManager: shouldBlockLocation running ...
10-09 15:53:50.273  2003  2188 I PhoneInterfaceManager: shouldBlockLocation  ret:false
10-09 15:53:50.280  2003  2205 W PhoneInterfaceManager: shouldBlockLocation running ...
10-09 15:53:50.284  2003  2205 I PhoneInterfaceManager: shouldBlockLocation  ret:false
10-09 15:53:50.294  2003  9105 W PhoneInterfaceManager: shouldBlockLocation running ...
10-09 15:53:50.297  2003  9105 I PhoneInterfaceManager: shouldBlockLocation  ret:false
10-09 15:53:50.297 27492 27492 I SendBroadcastPermission: action:permission check ok, mPermissionType:0
10-09 15:53:50.298  2003  2197 W PhoneInterfaceManager: shouldBlockLocation running ...
10-09 15:53:50.301  2003  2197 I PhoneInterfaceManager: shouldBlockLocation  ret:false
10-09 15:53:50.304  2003  2015 W PhoneInterfaceManager: shouldBlockLocation running ...
10-09 15:53:50.307 27492 27492 I baidu_location_service: LocationAuthManager status = 0
10-09 15:53:50.310  2003  2015 I PhoneInterfaceManager: shouldBlockLocation  ret:false
10-09 15:53:50.334 27492 27546 I CrashReport: [Upload] Success: userinfo
10-09 15:53:50.403 27492 27528 E UClient : org.json.JSONException: Value ok of type java.lang.String cannot be converted to JSONObject:  [Caught Exception in decryptData()]
10-09 15:53:50.403 27492 27528 E UClient :         at	 org.json.JSON.typeMismatch(JSON.java:111)
10-09 15:53:50.403 27492 27528 E UClient :         at	 org.json.JSONObject.<init>(JSONObject.java:160)
10-09 15:53:50.403 27492 27528 E UClient :         at	 org.json.JSONObject.<init>(JSONObject.java:173)
10-09 15:53:50.403 27492 27528 E UClient :         at	 com.umeng.socialize.net.utils.UClient.decryptData(UClient.java:477)
10-09 15:53:50.403 27492 27528 E UClient :         at	 com.umeng.socialize.net.utils.UClient.parseResult(UClient.java:410)
10-09 15:53:50.403 27492 27528 E UClient :         at	 com.umeng.socialize.net.utils.UClient.httpGetRequest(UClient.java:213)
10-09 15:53:50.403 27492 27528 E UClient :         at	 com.umeng.socialize.net.utils.UClient.execute(UClient.java:72)
10-09 15:53:50.403 27492 27528 E UClient :         at	 com.umeng.socialize.net.base.SocializeClient.execute(SocializeClient.java:33)
10-09 15:53:50.403 27492 27528 E UClient :         at	 com.umeng.socialize.net.stats.StatsAPIs.dauStats(StatsAPIs.java:124)
10-09 15:53:50.403 27492 27528 E UClient :         at	 com.umeng.socialize.net.analytics.SocialAnalytics$8.run(SocialAnalytics.java:238)
10-09 15:53:50.403 27492 27528 E UClient :         at	 java.util.concurrent.Executors$RunnableAdapter.call(Executors.java:428)
10-09 15:53:50.403 27492 27528 E UClient :         at	 java.util.concurrent.FutureTask.run(FutureTask.java:237)
10-09 15:53:50.403 27492 27528 E UClient :         at	 java.util.concurrent.ThreadPoolExecutor.runWorker(ThreadPoolExecutor.java:1133)
10-09 15:53:50.403 27492 27528 E UClient :         at	 java.util.concurrent.ThreadPoolExecutor$Worker.run(ThreadPoolExecutor.java:607)
10-09 15:53:50.403 27492 27528 E UClient :         at	 java.lang.Thread.run(Thread.java:776)
10-09 15:53:50.423 27492 27538 I Process : Sending signal. PID: 27492 SIG: 9
10-09 15:53:50.431  1031  2493 I chatty  : uid=1000(system) Binder:1031_A expire 6 lines
10-09 15:53:50.451  1645  1645 W ImageWallpaper: trimMemory condition not ready!
10-09 15:53:50.456  3747  3747 I Finsky  : [1] com.google.android.finsky.utils.dv.onTrimMemory(25): Memory trim requested to level 5
10-09 15:53:50.491  1645  1645 W ChargingAnimController: Remove charging skip as not exist
10-09 15:53:50.840 23224 23234 W art     : Suspending all threads took: 6.171ms
10-09 15:53:50.842 23224 23234 I art     : Background sticky concurrent mark sweep GC freed 1057(135KB) AllocSpace objects, 1(16KB) LOS objects, 0% free, 76MB/76MB, paused 7.190ms total 50.625ms
10-09 15:53:51.197  1031  1524 I chatty  : uid=1000(system) HuaweiWifiWatch expire 12 lines
10-09 15:53:51.198  1031  1522 I chatty  : uid=1000(system) Thread-13 expire 10 lines
10-09 15:53:52.010   504   504 E Thermal-daemon: [ap] temp_new :39  temp_old :35
10-09 15:53:52.010   504   504 E Thermal-daemon: Report temperature: [ap] temp :39  report_threshold:1
10-09 15:53:52.090  1031  1513 I chatty  : uid=1000(system) WiFiArpStateMac expire 24 lines
10-09 15:53:52.525 27431 27470 E e       : powerUsage
10-09 15:53:52.526 27431 27470 E e       : 201个应用统计
10-09 15:53:52.527 27431 27470 E e       : 186个系统应用, 10个用户应用, 其中0个耗电应用0个耗电无禁止应用
10-09 15:53:52.527 27431 27470 E e       : 总共还需要建议禁止:0个
10-09 15:53:52.527 27431 27470 E e       : countAppsPercents
10-09 15:53:52.666 27431 27470 E BATTERY_REFRESH: EVENT_REFRESHED
10-09 15:53:54.322  3225 27365 W PlatformStatsUtil: Could not retrieve Usage & Diagnostics setting. Giving up.
10-09 15:53:54.637 23481 23481 W System.err: java.lang.NoSuchMethodException: registerScreenActionReceiver [class android.content.Context]
10-09 15:53:54.637 23481 23481 W System.err: 	at java.lang.Class.getMethod(Class.java:1981)
10-09 15:53:54.637 23481 23481 W System.err: 	at java.lang.Class.getDeclaredMethod(Class.java:1960)
10-09 15:53:54.638 23481 23481 W System.err: 	at com.stub.plugin.Stub02.onStartCommand(Native Method)
10-09 15:53:54.638 23481 23481 W System.err: 	at android.app.ActivityThread.handleServiceArgs(ActivityThread.java:3476)
10-09 15:53:54.638 23481 23481 W System.err: 	at android.app.ActivityThread.-wrap23(ActivityThread.java)
10-09 15:53:54.638 23481 23481 W System.err: 	at android.app.ActivityThread$H.handleMessage(ActivityThread.java:1674)
10-09 15:53:54.638 23481 23481 W System.err: 	at android.os.Handler.dispatchMessage(Handler.java:105)
10-09 15:53:54.638 23481 23481 W System.err: 	at android.os.Looper.loop(Looper.java:156)
10-09 15:53:54.638 23481 23481 W System.err: 	at android.app.ActivityThread.main(ActivityThread.java:6523)
10-09 15:53:54.639 23481 23481 W System.err: 	at java.lang.reflect.Method.invoke(Native Method)
10-09 15:53:54.639 23481 23481 W System.err: 	at com.android.internal.os.ZygoteInit$MethodAndArgsCaller.run(ZygoteInit.java:941)
10-09 15:53:54.639 23481 23481 W System.err: 	at com.android.internal.os.ZygoteInit.main(ZygoteInit.java:831)
10-09 15:53:55.365 23481 23481 W System.err: java.lang.NoSuchMethodException: registerScreenActionReceiver [class android.content.Context]
10-09 15:53:55.366 23481 23481 W System.err: 	at java.lang.Class.getMethod(Class.java:1981)
10-09 15:53:55.366 23481 23481 W System.err: 	at java.lang.Class.getDeclaredMethod(Class.java:1960)
10-09 15:53:55.366 23481 23481 W System.err: 	at com.stub.plugin.Stub02.onStartCommand(Native Method)
10-09 15:53:55.366 23481 23481 W System.err: 	at android.app.ActivityThread.handleServiceArgs(ActivityThread.java:3476)
10-09 15:53:55.366 23481 23481 W System.err: 	at android.app.ActivityThread.-wrap23(ActivityThread.java)
10-09 15:53:55.366 23481 23481 W System.err: 	at android.app.ActivityThread$H.handleMessage(ActivityThread.java:1674)
10-09 15:53:55.366 23481 23481 W System.err: 	at android.os.Handler.dispatchMessage(Handler.java:105)
10-09 15:53:55.366 23481 23481 W System.err: 	at android.os.Looper.loop(Looper.java:156)
10-09 15:53:55.366 23481 23481 W System.err: 	at android.app.ActivityThread.main(ActivityThread.java:6523)
10-09 15:53:55.366 23481 23481 W System.err: 	at java.lang.reflect.Method.invoke(Native Method)
10-09 15:53:55.366 23481 23481 W System.err: 	at com.android.internal.os.ZygoteInit$MethodAndArgsCaller.run(ZygoteInit.java:941)
10-09 15:53:55.366 23481 23481 W System.err: 	at com.android.internal.os.ZygoteInit.main(ZygoteInit.java:831)
10-09 15:53:57.013   504   504 E Thermal-daemon: [ap] temp_new :38  temp_old :39
10-09 15:53:57.014   504   504 E Thermal-daemon: Report temperature: [ap] temp :38  report_threshold:1
10-09 15:53:59.635 27342 27562 W System.err: android.content.pm.PackageManager$NameNotFoundException: net.qihoo.launcher.widget.clockweather
10-09 15:53:59.635 27342 27562 W System.err: 	at android.app.ApplicationPackageManager.getPackageInfoAsUser(ApplicationPackageManager.java:161)
10-09 15:53:59.635 27342 27562 W System.err: 	at android.app.ApplicationPackageManager.getPackageInfo(ApplicationPackageManager.java:144)
10-09 15:53:59.635 27342 27562 W System.err: 	at com.common.busi.f.run(Native Method)
10-09 15:53:59.636 27342 27562 W System.err: android.content.pm.PackageManager$NameNotFoundException: net.qihoo.launcher.widget.clockweather
10-09 15:53:59.636 27342 27562 W System.err: 	at android.app.ApplicationPackageManager.getPackageInfoAsUser(ApplicationPackageManager.java:161)
10-09 15:53:59.636 27342 27562 W System.err: 	at android.app.ApplicationPackageManager.getPackageInfo(ApplicationPackageManager.java:144)
10-09 15:53:59.636 27342 27562 W System.err: 	at com.common.busi.f.run(Native Method)
10-09 15:53:59.639 27342 27562 W System.err: android.content.pm.PackageManager$NameNotFoundException: com.qihoo.video
10-09 15:53:59.639 27342 27562 W System.err: 	at android.app.ApplicationPackageManager.getPackageInfoAsUser(ApplicationPackageManager.java:161)
10-09 15:53:59.639 27342 27562 W System.err: 	at android.app.ApplicationPackageManager.getPackageInfo(ApplicationPackageManager.java:144)
10-09 15:53:59.639 27342 27562 W System.err: 	at com.common.busi.f.run(Native Method)
10-09 15:54:00.027  1645  1645 W HwKeyguardDragHelper: AnimationBlocked
10-09 15:54:00.040  1645  1645 W HwKeyguardDragHelper: AnimationBlocked
10-09 15:54:00.043  1645  1645 I EventCenter: EventCenter Get :android.intent.action.TIME_TICK
10-09 15:54:00.047  1645  1645 W ResourceType: Failure getting entry for 0xffffffff (t=254 e=65535) (error -2147483647)
10-09 15:54:00.048  1645  1645 E DateLunarView: mDateString is: 10月9日星期一
10-09 15:54:00.053  1645  1645 W ResourceType: Failure getting entry for 0xffffffff (t=254 e=65535) (error -2147483647)
10-09 15:54:00.053  1645  1645 E DateLunarView: mDateString is: 10月9日星期一
10-09 15:54:00.063  2623  2623 I HwLauncher: Model  onReceive intent=Intent { act=android.intent.action.TIME_TICK flg=0x50000014 (has extras) }
10-09 15:54:00.063  2623  2623 I HwLauncher: Model  onReceive user=UserHandle{0}
10-09 15:54:00.106  1645  1645 W HwKeyguardDragHelper: AnimationBlocked
10-09 15:54:00.155  1987  1987 W HwStepCounter: version : 1
10-09 15:54:00.155  1987  1987 I HwStepCounter: dealReportData length 79
10-09 15:54:00.155  1987  1987 W HwStepCounter: abi 31 total 6 total floor 0 totalCar 1024 total dis 2048
10-09 15:54:00.155  4456  4456 I Step_PreD: 30003302|onSensorChanged: 6
10-09 15:54:00.155  1987  1987 W HwStepCounter: stepPace 4096 stepLength 8192 speed 16384 touchdown_ratio 32768 reserved1 0 reserved2 0
10-09 15:54:00.155  1987  1987 E HwStepCounter: dealReportData tm: 2017-10-09 15:38:14 steps_value[0] : 0 state_value[0]:5 level_value[0]:0
10-09 15:54:00.156  1987  1987 E HwStepCounter: dealReportData tm: 2017-10-09 15:38:14 steps_value[1] : 0 state_value[1]:5 level_value[1]:0
10-09 15:54:00.156  1987  1987 E HwStepCounter: dealReportData tm: 2017-10-09 15:38:14 steps_value[2] : 0 state_value[2]:5 level_value[2]:0
10-09 15:54:00.157  1987  1987 E HwStepCounter: dealReportData tm: 2017-10-09 15:38:14 steps_value[3] : 0 state_value[3]:5 level_value[3]:0
10-09 15:54:00.157  1987  1987 E HwStepCounter: dealReportData tm: 2017-10-09 15:38:14 steps_value[4] : 0 state_value[4]:5 level_value[4]:0
10-09 15:54:00.157  1987  1987 E HwStepCounter: dealReportData tm: 2017-10-09 15:38:14 steps_value[5] : 0 state_value[5]:5 level_value[5]:0
10-09 15:54:00.158  1987  1987 E HwStepCounter: dealReportData tm: 2017-10-09 15:38:14 steps_value[6] : 0 state_value[6]:5 level_value[6]:0
10-09 15:54:00.158  1987  1987 E HwStepCounter: dealReportData tm: 2017-10-09 15:38:14 steps_value[7] : 0 state_value[7]:5 level_value[7]:0
10-09 15:54:00.158  1987  1987 E HwStepCounter: dealReportData tm: 2017-10-09 15:38:14 steps_value[8] : 0 state_value[8]:5 level_value[8]:0
10-09 15:54:00.158  1987  1987 E HwStepCounter: dealReportData tm: 2017-10-09 15:38:14 steps_value[9] : 0 state_value[9]:5 level_value[9]:0
10-09 15:54:00.159  1987  1987 E HwStepCounter: dealReportData tm: 2017-10-09 15:38:14 steps_value[10] : 0 state_value[10]:5 level_value[10]:0
10-09 15:54:00.159  1987  1987 E HwStepCounter: dealReportData tm: 2017-10-09 15:38:14 steps_value[11] : 0 state_value[11]:5 level_value[11]:0
10-09 15:54:00.159  1987  1987 E HwStepCounter: dealReportData tm: 2017-10-09 15:38:14 steps_value[12] : 0 state_value[12]:5 level_value[12]:0
10-09 15:54:00.159  1987  1987 E HwStepCounter: dealReportData tm: 2017-10-09 15:38:14 steps_value[13] : 0 state_value[13]:5 level_value[13]:0
10-09 15:54:00.159  1987  1987 E HwStepCounter: dealReportData tm: 2017-10-09 15:38:14 steps_value[14] : 0 state_value[14]:5 level_value[14]:0
10-09 15:54:00.160  1987  1987 E HwStepCounter: dealReportData tm: 2017-10-09 15:38:14 steps_value[15] : 0 state_value[15]:5 level_value[15]:0
10-09 15:54:00.160  1987  1987 I HwStepCounter: ###### finish ####
10-09 15:54:00.160  1987  1987 I HwStepCounter: isBeginOfToday: 9 -> 9
10-09 15:54:00.160  1987  1987 I HwStepCounter: isBeginOfToday: false
10-09 15:54:00.160  1987  1987 I HwStepCounter: dealReportData: diff = 0
10-09 15:54:00.357  1972 18025 I chatty  : uid=1000(system) traffic stats expire 4 lines
10-09 15:54:01.803  4456  4476 I LogUtil_LogConfig: getLogFile(): logFilePath = /data/data/com.huawei.health/files/com.huawei.health/com.huawei.health_DaemonService/
10-09 15:54:02.015   504   504 E Thermal-daemon: [charger_ic] temp_new :32  temp_old :31
10-09 15:54:02.016   504   504 E Thermal-daemon: Report temperature: [charger_ic] temp :32  report_threshold:1
10-09 15:54:02.017   504   504 E Thermal-daemon: [ap] temp_new :36  temp_old :38
10-09 15:54:02.017   504   504 E Thermal-daemon: Report temperature: [ap] temp :36  report_threshold:1
10-09 15:54:02.106  1031  1031 I chatty  : uid=1000 system_server expire 34 lines
10-09 15:54:02.156  1987  1987 W HwStepCounter: version : 1
10-09 15:54:02.156  1987  1987 I HwStepCounter: dealReportData length 19
10-09 15:54:02.156  1987  1987 W HwStepCounter: abi 31 total 6 total floor 0 totalCar 1024 total dis 2048
10-09 15:54:02.156  1987  1987 W HwStepCounter: stepPace 4096 stepLength 8192 speed 16384 touchdown_ratio 32768 reserved1 0 reserved2 0
10-09 15:54:02.158  1987  1987 E HwStepCounter: dealReportData tm: 2017-10-09 15:54:02 steps_value[0] : 0 state_value[0]:0 level_value[0]:0
10-09 15:54:02.158  1987  1987 I HwStepCounter: ###### finish ####
10-09 15:54:02.158  1987  1987 I HwStepCounter: isBeginOfToday: 9 -> 9
10-09 15:54:02.158  1987  1987 I HwStepCounter: isBeginOfToday: false
10-09 15:54:02.158  1987  1987 I HwStepCounter: dealReportData: diff = 0
10-09 15:54:02.161  4456  4456 I Step_PreD: 30003302|onSensorChanged: 6
10-09 15:54:03.423  2452  2452 I iMonitor: create: 903001011
10-09 15:54:03.429  2452  2452 I iMonitor: send: 903001011
10-09 15:54:03.429  2452  2452 W PTM.PeriodCheckManager: mSendService start
10-09 15:54:03.429   521   899 I logserver: handle_exception_events enter
10-09 15:54:03.445  2452  2773 E LogCollectService: illegal eventid
10-09 15:54:04.238  1031  1454 I chatty  : uid=1000(system) WifiStateMachin expire 12 lines
10-09 15:54:04.243  1031  1522 I chatty  : uid=1000(system) Thread-13 expire 18 lines
10-09 15:54:07.021   504   504 E Thermal-daemon: [ap] temp_new :35  temp_old :36
10-09 15:54:07.022   504   504 E Thermal-daemon: Report temperature: [ap] temp :35  report_threshold:1
10-09 15:54:07.095 23442 23454 I Process : Sending signal. PID: 27431 SIG: 9
10-09 15:54:07.128  1031  1056 I chatty  : uid=1000(system) Binder:1031_1 expire 7 lines
10-09 15:54:07.201  1031  1524 I chatty  : uid=1000(system) HuaweiWifiWatch expire 18 lines
10-09 15:54:07.810  4456  4476 I LogUtil_LogConfig: getLogFile(): logFilePath = /data/data/com.huawei.health/files/com.huawei.health/com.huawei.health_DaemonService/
10-09 15:54:09.156  1987  1987 W HwStepCounter: version : 1
10-09 15:54:09.156  1987  1987 I HwStepCounter: dealReportData length 19
10-09 15:54:09.156  1987  1987 W HwStepCounter: abi 31 total 6 total floor 0 totalCar 1024 total dis 2048
10-09 15:54:09.156  1987  1987 W HwStepCounter: stepPace 4096 stepLength 8192 speed 16384 touchdown_ratio 32768 reserved1 0 reserved2 0
10-09 15:54:09.158  1987  1987 E HwStepCounter: dealReportData tm: 2017-10-09 15:54:09 steps_value[0] : 0 state_value[0]:5 level_value[0]:0
10-09 15:54:09.158  1987  1987 I HwStepCounter: ###### finish ####
10-09 15:54:09.158  1987  1987 I HwStepCounter: isBeginOfToday: 9 -> 9
10-09 15:54:09.158  1987  1987 I HwStepCounter: isBeginOfToday: false
10-09 15:54:09.158  1987  1987 I HwStepCounter: dealReportData: diff = 0
10-09 15:54:09.163  4456  4456 I Step_PreD: 30003302|onSensorChanged: 6
10-09 15:54:13.176  1031  1513 I chatty  : uid=1000(system) WiFiArpStateMac expire 12 lines
10-09 15:54:13.813  4456  4476 I LogUtil_LogConfig: getLogFile(): logFilePath = /data/data/com.huawei.health/files/com.huawei.health/com.huawei.health_DaemonService/
10-09 15:54:14.120  1031  1031 I chatty  : uid=1000 system_server expire 40 lines
10-09 15:54:14.131  1031  8546 I chatty  : uid=1000(system) Binder:1031_14 expire 5 lines
10-09 15:54:14.136  1645  1645 W KeyguardUpdateMonitor: ACTION_BATTERY_CHANGED AMP: 0; Volt: 0
10-09 15:54:14.148 19394 19600 I CloudAlbum[8.0.1.304]: [OperationUtil] cancelNotify
10-09 15:54:14.165  1645  1645 W KeyguardUpdateMonitor: ChargingSpeed  Wattage: -1 ST: 5000000 --> 7500000
10-09 15:54:14.165  1645  1645 I KgBattery: BatteryInfo updated:  2lPc-1
10-09 15:54:14.165  1645  1645 W AppHandler: sendMessage with obj100
10-09 15:54:14.166  1645  1645 W KgBattery: getCharge info with type: text
10-09 15:54:14.168  1645  1645 W HwLockScreenPanel: Handle message: 100
10-09 15:54:14.168  1645  1645 W HwLockScreenPanel: refreshBatteryInfo: null
10-09 15:54:14.950  1031  2589 I chatty  : uid=1000(system) Binder:1031_D expire 3 lines
10-09 15:54:16.051  5231 18064 I PushLog2828: [SocketRead_15:24:53-872]received a msg cmdId:A0(android/null:-1)
10-09 15:54:16.077  5231 18064 I PushLog2828: [SocketRead_15:24:53-872]broadcast(),and mReceivers  4(android/null:-1)
10-09 15:54:16.085  5231  5246 I PushLog2828: [ReceiverDispatcher-313]userType:-1(android/null:-1)
10-09 15:54:16.097  5231  5246 I PushLog2828: [ReceiverDispatcher-313]enter isSupportCtrlSocketV2, mHasCheckCtrlSocketVersion:true,mIsSupportCtrlSokceV2:true(android/null:-1)
10-09 15:54:16.097  5231  5246 I PushLog2828: [ReceiverDispatcher-313]ctrlSocket cmd is 2, param is 180(android/null:-1)
10-09 15:54:16.101  5231  5246 I PushLog2828: [ReceiverDispatcher-313]ctrlSocket success(android/null:-1)
10-09 15:54:16.101   493 16238 E bastetd : [BastetFilter   ] setFilterInfo# unknown action: 0
10-09 15:54:16.102  5231  5246 I PushLog2828: [ReceiverDispatcher-313]jsonStr does not  have a mapping for app(android/null:-1)
10-09 15:54:16.102  5231  5246 I PushLog2828: [ReceiverDispatcher-313]dispkgName is com.autonavi.minimap(android/null:-1)
10-09 15:54:16.110  5231  5246 I PushLog2828: [ReceiverDispatcher-313]com.autonavi.minimap  in user 0 ,uid is 10102(android/null:-1)
10-09 15:54:16.113  5231  5246 I PushLog2828: [ReceiverDispatcher-313]areNotificationsEnabledForPackage:true(android/null:-1)
10-09 15:54:16.115  5231  5246 I PushLog2828: [ReceiverDispatcher-313]com.huawei.android.pushagent  in user 0 ,uid is 10066(android/null:-1)
10-09 15:54:16.117  5231  5246 I PushLog2828: [ReceiverDispatcher-313]areNotificationsEnabledForPackage:true(android/null:-1)
10-09 15:54:16.118  5231  5246 W PackageManager: STAHP USING HIDDEN APIS KTHX
10-09 15:54:16.123  5231  5246 I PushLog2828: [ReceiverDispatcher-313]isSupportNotificationCenter:true(android/null:-1)
10-09 15:54:16.125  5231  5246 I PushLog2828: [ReceiverDispatcher-313]com.huawei.android.pushagent  in user 0 ,uid is 10066(android/null:-1)
10-09 15:54:16.127  5231  5246 I PushLog2828: [ReceiverDispatcher-313]areNotificationsEnabledForPackage:true(android/null:-1)
10-09 15:54:16.130  5231  5246 I PushLog2828: [ReceiverDispatcher-313]isSupportsMultipleUsers: true(android/null:-1)
10-09 15:54:16.134  5231  5246 I PushLog2828: [ReceiverDispatcher-313]userId is: 0(android/null:-1)
10-09 15:54:16.134  5231  5246 I SendBroadcastPermission: action:com.huawei.intent.action.PUSH, mPermissionType:0
10-09 15:54:16.139  5231  5246 I PushLog2828: [ReceiverDispatcher-313]read to Send:A1(android/null:-1)
10-09 15:54:16.141  5231  5246 I PushLog2828: [ReceiverDispatcher-313]send msg to remote srv success(android/null:-1)
10-09 15:54:16.142  5231  5246 I PushLog2828: [ReceiverDispatcher-313]rspPushMessage the response msg is :A1,msgId:39925FB214D4C31E,flag:00(android/null:-1)
10-09 15:54:16.145  5369  5369 I PushLogAC2836: [main-1]action is com.huawei.intent.action.PUSH(pushagent/null:-1)
10-09 15:54:16.149  5369  5369 I PushLogAC2836: [main-1]run push selfshow(pushagent/null:-1)
10-09 15:54:16.153  5369  5369 I PushLogAC2836: [main-1]getEmuiLevel:11(pushagent/null:-1)
10-09 15:54:16.171  5369 27642 I PushLogAC2836: [Thread-18-352]exportedFlag:true(pushagent/null:-1)
10-09 15:54:16.171  5369 27642 I PushLogAC2836: [Thread-18-352]need permission:null(pushagent/null:-1)
10-09 15:54:16.173  5369 27642 E PushLogAC2836: [Thread-18-352]ClassNotFoundException:java.lang.ClassNotFoundException: dalvik.system.Zygote(pushagent/null:-1)
10-09 15:54:16.174  5369 27642 I PushLogAC2836: [Thread-18-352]get small icon from com.autonavi.minimap(pushagent/null:-1)
10-09 15:54:16.185  5369 27642 I PushLogAC2836: [Thread-18-352]getEmuiLevel:11(pushagent/null:-1)
10-09 15:54:16.186  5369 27642 I PushLogAC2836: [Thread-18-352]huawei phone, and emui5.0, need not show large icon.(pushagent/null:-1)
10-09 15:54:16.186  5369 27642 I PushLogAC2836: [Thread-18-352]getEmuiLevel:11(pushagent/null:-1)
10-09 15:54:16.187  5369 27642 W ResourceType: For resource 0x7f021859, entry index(6233) is beyond type entryCount(44)
10-09 15:54:16.187  5369 27642 W ResourceType: Failure getting entry for 0x7f021859 (t=1 e=6233) (error -75)
10-09 15:54:16.187  5369 27642 E HwNotificationColorUtil: Drawable not found: 2130843737
10-09 15:54:16.195  5369 27642 I PushLogAC2836: [Thread-18-352]enter bdReport, cmd =cosa, msgid = 1247625217, eventId = 0,notifyId= -800600529(pushagent/null:-1)
10-09 15:54:16.197  5369 27642 I PushLogAC2836: [Thread-18-352]bd success(pushagent/null:-1)
10-09 15:54:16.236  1645  1645 W HwPhoneLayoutInflater: onCreateView : ClassNotFoundException, In this case we want to let the base class take a crack at it
10-09 15:54:16.237  1645  1645 W HwPhoneLayoutInflater: onCreateView : ClassNotFoundException, In this case we want to let the base class take a crack at it
10-09 15:54:16.244 23442 23442 I SendBroadcastPermission: action:com.qihoo.appstore.ACTION_NOTIFICATION_POSTED, mPermissionType:0
10-09 15:54:16.250  1645  1645 W HwPhoneLayoutInflater: onCreateView : ClassNotFoundException, In this case we want to let the base class take a crack at it
10-09 15:54:16.251  1645  1645 W HwPhoneLayoutInflater: onCreateView : ClassNotFoundException, In this case we want to let the base class take a crack at it
10-09 15:54:16.264 23801 23801 I SendBroadcastPermission: action:com.qihoo.appstore.ACTION_NOTIFICATION_POSTED, mPermissionType:0
10-09 15:54:16.279  1645  1645 W HwPhoneLayoutInflater: onCreateView : ClassNotFoundException, In this case we want to let the base class take a crack at it
10-09 15:54:16.279  1645  1645 W HwPhoneLayoutInflater: onCreateView : ClassNotFoundException, In this case we want to let the base class take a crack at it
10-09 15:54:16.287  1645  1645 W HwPhoneLayoutInflater: onCreateView : ClassNotFoundException, In this case we want to let the base class take a crack at it
10-09 15:54:16.288  1645  1645 W HwPhoneLayoutInflater: onCreateView : ClassNotFoundException, In this case we want to let the base class take a crack at it
10-09 15:54:16.322  1645  1645 W HwKeyguardDragHelper: AnimationBlocked
10-09 15:54:17.029   504   504 E Thermal-daemon: [ap] temp_new :34  temp_old :35
10-09 15:54:17.030   504   504 E Thermal-daemon: Report temperature: [ap] temp :34  report_threshold:1
10-09 15:54:19.899   485  1634 I chatty  : uid=1000(system) Binder:485_4 expire 2 lines
10-09 15:54:19.902 23224 23224 I CrashReport-Native: Set native info: isAppForeground(false)
10-09 15:54:19.963  1645  1664 I KeyguardViewMediator: onStartedGoingToSleep(3) Lock : false reset: false
10-09 15:54:19.963  1645  1645 W MusicUtils: findCurrentMediaPlayPackage sessions size is 0
10-09 15:54:19.965  1645  1645 W KGWallpaper: onStartedGoingToSleep switch to next Magazine
10-09 15:54:19.967  1645  1645 W KGWallpaper_Magazine: Load magazine with type : 1
10-09 15:54:19.967  1645  1645 W KGWallpaper_Magazine: loadPic: 1
10-09 15:54:19.967  1645  1645 I KeyguardUpdateMonitor: Ignore update FP: 0 false
10-09 15:54:19.968  1645  1746 W ExifData: The ifdData is null error!
10-09 15:54:19.969  1645  1746 W ExifData: The ifdData is null error!
10-09 15:54:19.970  1645  1746 W ExifData: The ifdData is null error!
10-09 15:54:20.075  1645  1746 I BitmapUtils: RGB565toARGB888 create bmp = 216x384
10-09 15:54:20.085  1645  1746 W BitmapUtils: blurBitmap : android.graphics.Bitmap@31747cuse source bitmap; use rgb888 as target; Consueme: 11ms
10-09 15:54:20.086  1645  1746 W BokehDrawable: onPostExecute android.graphics.Bitmap@a749105, []
10-09 15:54:20.086  1645  1746 W BokehDrawable: cType is 2; defcolor: bfbfbfbf vibColor: bf390000
10-09 15:54:20.086  1645  1746 W AppHandler: sendMessage 23 with args (-1086783488, 0)
10-09 15:54:20.086  1645  1746 W KGWallpaper_Magazine: load magazine wallpaper use: 116
10-09 15:54:20.086  1645  1645 W ParticleRenderer: setColor to 0.7490196 bf00397b
10-09 15:54:20.086  1645  1645 W CurveScreenAnimView: Set color as to : -1090504325; msg-color: -1086783488
10-09 15:54:20.086  1645  1645 W HwLockScreenPanel: Handle message: 23
10-09 15:54:20.087  1645  1645 W KGWallpaper_Magazine: get Index for key 186 to 30
10-09 15:54:20.087  1645  1645 E KGWallpaper_Magazine: setCurrentPicture to 30
10-09 15:54:20.092  1645  1645 I BitmapUtils: getSuggestColorInfo::isStatusBarArea=true, colorMSD=335, average color=174, color type=1, mask type=0; light 477952.06
10-09 15:54:20.092  1645  1645 I BitmapUtils: java.lang.Exception
10-09 15:54:20.092  1645  1645 I BitmapUtils: 	at com.huawei.keyguard.util.BitmapUtils.getSuggestColorInfo(BitmapUtils.java:829)
10-09 15:54:20.092  1645  1645 I BitmapUtils: 	at com.huawei.keyguard.util.BitmapUtils.getColorInfo(BitmapUtils.java:748)
10-09 15:54:20.092  1645  1645 I BitmapUtils: 	at com.huawei.keyguard.support.magazine.KeyguardWallpaper.updateWallpaper(KeyguardWallpaper.java:145)
10-09 15:54:20.092  1645  1645 I BitmapUtils: 	at com.huawei.keyguard.support.magazine.KeyguardWallpaper.-wrap4(KeyguardWallpaper.java)
10-09 15:54:20.092  1645  1645 I BitmapUtils: 	at com.huawei.keyguard.support.magazine.KeyguardWallpaper$2.onMagazinePicLoaded(KeyguardWallpaper.java:315)
10-09 15:54:20.092  1645  1645 I BitmapUtils: 	at com.huawei.keyguard.support.magazine.MagazineWallpaper$3.onMagazinePicLoaded(MagazineWallpaper.java:737)
10-09 15:54:20.092  1645  1645 I BitmapUtils: 	at com.huawei.keyguard.support.magazine.MagazineWallpaper$BgPicLoader$1.run(MagazineWallpaper.java:535)
10-09 15:54:20.092  1645  1645 I BitmapUtils: 	at android.os.Handler.handleCallback(Handler.java:761)
10-09 15:54:20.092  1645  1645 I BitmapUtils: 	at android.os.Handler.dispatchMessage(Handler.java:98)
10-09 15:54:20.092  1645  1645 I BitmapUtils: 	at android.os.Looper.loop(Looper.java:156)
10-09 15:54:20.092  1645  1645 I BitmapUtils: 	at android.app.ActivityThread.main(ActivityThread.java:6523)
10-09 15:54:20.092  1645  1645 I BitmapUtils: 	at java.lang.reflect.Method.invoke(Native Method)
10-09 15:54:20.092  1645  1645 I BitmapUtils: 	at com.android.internal.os.ZygoteInit$MethodAndArgsCaller.run(ZygoteInit.java:941)
10-09 15:54:20.092  1645  1645 I BitmapUtils: 	at com.android.internal.os.ZygoteInit.main(ZygoteInit.java:831)
10-09 15:54:20.111  1645  1645 I BitmapUtils: getSuggestColorInfo::isStatusBarArea=false, colorMSD=13440, average color=144, color type=1, mask type=1; light 4915829.5
10-09 15:54:20.111  1645  1645 I BitmapUtils: java.lang.Exception
10-09 15:54:20.111  1645  1645 I BitmapUtils: 	at com.huawei.keyguard.util.BitmapUtils.getSuggestColorInfo(BitmapUtils.java:829)
10-09 15:54:20.111  1645  1645 I BitmapUtils: 	at com.huawei.keyguard.util.BitmapUtils.getColorInfo(BitmapUtils.java:751)
10-09 15:54:20.111  1645  1645 I BitmapUtils: 	at com.huawei.keyguard.support.magazine.KeyguardWallpaper.updateWallpaper(KeyguardWallpaper.java:145)
10-09 15:54:20.111  1645  1645 I BitmapUtils: 	at com.huawei.keyguard.support.magazine.KeyguardWallpaper.-wrap4(KeyguardWallpaper.java)
10-09 15:54:20.111  1645  1645 I BitmapUtils: 	at com.huawei.keyguard.support.magazine.KeyguardWallpaper$2.onMagazinePicLoaded(KeyguardWallpaper.java:315)
10-09 15:54:20.111  1645  1645 I BitmapUtils: 	at com.huawei.keyguard.support.magazine.MagazineWallpaper$3.onMagazinePicLoaded(MagazineWallpaper.java:737)
10-09 15:54:20.111  1645  1645 I BitmapUtils: 	at com.huawei.keyguard.support.magazine.MagazineWallpaper$BgPicLoader$1.run(MagazineWallpaper.java:535)
10-09 15:54:20.111  1645  1645 I BitmapUtils: 	at android.os.Handler.handleCallback(Handler.java:761)
10-09 15:54:20.111  1645  1645 I BitmapUtils: 	at android.os.Handler.dispatchMessage(Handler.java:98)
10-09 15:54:20.111  1645  1645 I BitmapUtils: 	at android.os.Looper.loop(Looper.java:156)
10-09 15:54:20.111  1645  1645 I BitmapUtils: 	at android.app.ActivityThread.main(ActivityThread.java:6523)
10-09 15:54:20.111  1645  1645 I BitmapUtils: 	at java.lang.reflect.Method.invoke(Native Method)
10-09 15:54:20.111  1645  1645 I BitmapUtils: 	at com.android.internal.os.ZygoteInit$MethodAndArgsCaller.run(ZygoteInit.java:941)
10-09 15:54:20.111  1645  1645 I BitmapUtils: 	at com.android.internal.os.ZygoteInit.main(ZygoteInit.java:831)
10-09 15:54:20.111  1645  1645 W KGWallpaper: update Wallpaper and block update ui; color  {1=1, 2=1, 3=1, 4=0, 5=2}
10-09 15:54:20.111  1645  1645 W WallpaperPagerAdapter: loadPagerImageView loadType:1 mCurrentPosition:1073741823
10-09 15:54:20.111  1645  1645 W WallpaperPagerAdapter: 1 load  mCurrentIndexOfList:0 mLoadType:1
10-09 15:54:20.111  1645  1645 W WallpaperPagerAdapter: getNextListIndex indexChecked after:1
10-09 15:54:20.114  2827  2827 I InCall  : CallList - no active call 
10-09 15:54:20.117   518   518 E Parcel  : Reading a NULL string not supported here.
10-09 15:54:20.117   518   518 E Parcel  : Reading a NULL string not supported here.
10-09 15:54:20.118   518   542 W AwareLog:defragd: delay_us exceeds max timeout: 599999802 us
10-09 15:54:20.174  1972  2086 I chatty  : uid=1000(system) core expire 2 lines
10-09 15:54:20.176  1645 27655 I BitmapUtils: RGB565toARGB888 create bmp = 216x384
10-09 15:54:20.188  1645 27655 W BitmapUtils: blurBitmap : android.graphics.Bitmap@8323881use source bitmap; use rgb888 as target; Consueme: 17ms
10-09 15:54:20.189  1645 27655 W BokehDrawable: onPostExecute android.graphics.Bitmap@f5f8d26, []
10-09 15:54:20.189  1645 27655 W BokehDrawable: cType is 2; defcolor: bfbfbfbf vibColor: bf625a29
10-09 15:54:20.189  1645 27655 W AppHandler: sendMessage 23 with args (-1084073431, 0)
10-09 15:54:20.189  1645  1645 W ParticleRenderer: setColor to 0.7490196 bf390000
10-09 15:54:20.189  1645  1645 W CurveScreenAnimView: Set color as to : -1086783488; msg-color: -1084073431
10-09 15:54:20.189  1645  1645 W HwLockScreenPanel: Handle message: 23
10-09 15:54:20.300   491   555 I aptouch_daemon: 1507535660300,void filter_set_filter_status(enum tp_filter_status_enum), notify tp_filter status=0!
10-09 15:54:20.300   491   555 I aptouch_daemon: 1507535660300,void filter_logfunc(const char *), void tp_filter_suspend_resume(int) end, state(0/1:suspend/resume)=0
10-09 15:54:20.313  1645  1853 W AppHandler: sendMessage 15
10-09 15:54:20.313  1645  1645 W AppHandler: sendMessage 21 with args (2, 0)
10-09 15:54:20.313  1645  1645 I KeyguardUpdateMonitor: Ignore update FP: 0 false
10-09 15:54:20.313  1645  1645 W HwLockScreenPanel: Handle message: 15
10-09 15:54:20.313  1645  1645 W HwBackDropView: MSG_FINISHED_GOING_SLEEP isQsExpanded false
10-09 15:54:20.314  1645  1645 W CameraLayout: Cameralayout disabled. true false  2
10-09 15:54:20.317  1645  1645 E LocalLinkTextView: setDescription with uselink line!
10-09 15:54:20.317  1645  1645 E LocalLinkTextView: setDescription setMaxShowLines line is : 3
10-09 15:54:20.317  1645  1746 W ExifData: The ifdData is null error!
10-09 15:54:20.318  1645  1746 W ExifData: The ifdData is null error!
10-09 15:54:20.318  1645  1746 W ExifData: The ifdData is null error!
10-09 15:54:20.325  1645  1746 W ExifData: The ifdData is null error!
10-09 15:54:20.326  1645  1746 W ExifData: The ifdData is null error!
10-09 15:54:20.327  1645  1746 W ExifData: The ifdData is null error!
10-09 15:54:20.328  1645  1645 W MagazineDetailView: addInvisibleView null view
10-09 15:54:20.328  1645  1645 W ParticleRenderer: setColor to 0.7490196 bf390000
10-09 15:54:20.328  1645  1645 W CurveScreenAnimView: Set color as to : -1086783488; msg-color: 2
10-09 15:54:20.328  1645  1746 W ExifData: The ifdData is null error!
10-09 15:54:20.328  1645  1645 W HwLockScreenPanel: Handle message: 21
10-09 15:54:20.328  1645  1645 I HwBackDropView: update Wallpaper with Bokeh.
10-09 15:54:20.329  1645  1746 W ExifData: The ifdData is null error!
10-09 15:54:20.330  1645  1746 W ExifData: The ifdData is null error!
10-09 15:54:20.345  1645  1645 W LocalLinkTextView: LocalLinkTextView Handle Message. 102
10-09 15:54:20.345  1645  1645 W LocalLinkTextView: LocalLinkTextView Handle Message. 104
10-09 15:54:20.347  1645  1645 W LocalLinkTextView: LocalLinkTextView setSetDetailStyle com.android.keyguard.hwlockscreen.magazine.MagazineDetailView$1@80fa090  现在皮卡无论是内部装饰、配置还是动力、性能，都足以与任何豪华轿跑或SUV叫板。©壹刻传媒详情 
