10-09 15:54:20.351 23481 27657 I System.out: [ps]
10-09 15:54:20.351 23481 27657 I System.out: null
10-09 15:54:20.351 23481 27657 I System.out: null
10-09 15:54:20.351 23481 27657 I System.out: Calling by::className:com.stub.stub02.p.w  MethodName:run
10-09 15:54:20.351   642   642 I soundtrigger_msg: sound_trigger_set_parameters:set_parameters string![screen_state=off]
10-09 15:54:20.358  1645  1645 W CameraLayout: Cameralayout disabled. true false  2
10-09 15:54:20.369  1031  1521 I chatty  : uid=1000(system) HwIntelligenceS expire 10 lines
10-09 15:54:20.397  1972  2203 I chatty  : uid=1000(system) actions handler expire 15 lines
10-09 15:54:20.401  1885  2139 E HwSystemManager: NatTrafficNotifyService:imsi is null, so return
10-09 15:54:20.403  1885  2150 E HwSystemManager: CommonMethodUtil:/getTemplateMobileAutomatically: no SIM card using data
10-09 15:54:20.403  1885  2150 E HwSystemManager: TrafficNotifyAfterLocked:analyseTrafficAfterLocked: network template is null!
10-09 15:54:20.413  1031  1951 I chatty  : uid=1000(system) LocationThread expire 4 lines
10-09 15:54:20.429  2623  2623 I HwLauncher: Launcher receiver screen off broadcast sendmessage true
10-09 15:54:20.443  2452  2452 I HourObserver: enter into handleScrnOnOffTimeStats, scrnOn = false, mIsPreScrnOn = true, mScrnSwitchTime = 1507535620363, occurTime = 1507535660441, delta = 40078, mScrnOffAccTime = 2279221, mScrnOnAccTime = 526735
10-09 15:54:20.443  2452  2452 I HourObserver: left handleScrnOnOffTimeStats, mScrnOffAccTime = 2279221, mScrnOffAccTime = 2279221, mScrnOnAccTime = 566813
10-09 15:54:20.472  1031 17845 I chatty  : uid=1000(system) Binder:1031_1B expire 10 lines
10-09 15:54:20.521  1031  8551 I chatty  : uid=1000(system) Binder:1031_16 expire 9 lines
10-09 15:54:20.558  2003  2197 W PhoneInterfaceManager: shouldBlockLocation running ...
10-09 15:54:20.562  2003  2197 I PhoneInterfaceManager: shouldBlockLocation  ret:false
10-09 15:54:20.574  2003  2197 W PhoneInterfaceManager: shouldBlockLocation running ...
10-09 15:54:20.578  2003  2197 I PhoneInterfaceManager: shouldBlockLocation  ret:false
10-09 15:54:22.475  1972  2203 I ash     : request wakeup pkgs: [com.qihoo.appstore, com.huawei.vdrive] reason: ScnOffClean
10-09 15:54:23.403  1972  2203 I BlackListAlarmRestrict: [pending] net alarms
10-09 15:54:23.476  1972  2203 I AppManager: Force stop:com.qihoo.appstore Reason:Screen Off Clean
10-09 15:54:23.494  1972  2203 I AppManager: Force stop:com.huawei.vdrive Reason:Screen Off Clean
10-09 15:54:23.504  1972  2203 I ScreenLockClean: Screen Off Clean Apps Num:2 expend time(ms):29
10-09 15:54:23.505  1972  2203 I AppManager: removeProcessDependency pid:27342
10-09 15:54:23.507  1972  2086 I ScenarioAction: new ScenarioAction sPoolSize: 0
10-09 15:54:23.525  1645  1645 W HwKeyguardDragHelper: AnimationBlocked
10-09 15:54:24.906  1645  1645 E KeyguardUpdateMonitor: isSimPinSecure mSimDatas is null or empty 
10-09 15:54:24.932  1645  1645 W StatusBarWindowManager: Apply window without WALLPAPER
10-09 15:54:24.945  1645  1645 W StatusBarWindowManager: Apply window without WALLPAPER
10-09 15:54:24.959  1645  1645 W StatusBarWindowManager: Apply window without WALLPAPER
10-09 15:54:24.963  1645  1645 W HwKeyguardDragHelper: AnimationBlocked
10-09 15:54:24.964  1645  1645 I HwKeyguardBottomArea: HwKeyguardBottom setVisibility with error state
10-09 15:54:24.965  1645  1645 I HwKeyguardBottomArea: HwKeyguardBottom setVisibility with error state
10-09 15:54:24.975  1645  1645 W AppHandler: sendMessage 4
10-09 15:54:24.985  1645  1645 W HwKeyguardPolicy: KGSvcCall updateKeyguardState 1->1; false false
10-09 15:54:24.986  1645  1645 W StatusBarWindowManager: Apply window without WALLPAPER
10-09 15:54:24.988  1645  1645 I PanelBar: panelExpansionChanged 0.0, true
10-09 15:54:24.999  1645  1645 W StatusBarKeyguardViewManager: set navBarVisible 
10-09 15:54:25.016  1645  1645 I KeyguardUpdateMonitor: Ignore update FP: 0 false
10-09 15:54:25.016  1645  1645 W AppHandler: sendSingleMessage 10
10-09 15:54:25.016  1645  1645 W StatusBarKeyguardViewManager: updateStates Show KeyguardStatusBar with clcok: false
10-09 15:54:25.019  1645  1645 E KeyguardUpdateMonitor: isSimPinSecure mSimDatas is null or empty 
10-09 15:54:25.026  1645  1645 E HiddenSpace: update HiddenSpaceData!
10-09 15:54:25.027  1645  1645 I HiddenSpace: don't find the hidden space userId!
10-09 15:54:25.029  1645  1645 W AppHandler: sendImmediateMessage 10
10-09 15:54:25.029  1645  1645 W KgBattery: getCharge info with type: text
10-09 15:54:25.032  1645  1645 W HwLockScreenPanel: Handle message: 10
10-09 15:54:25.033  1645  1645 I HwBackDropView: restore param to 0
10-09 15:54:25.033  1645  1645 W HwBackDropView: setDrawBehindAsSrc skipped. null
10-09 15:54:25.033  1645  1645 I HwBackDropView: checkVisibility : true; true
10-09 15:54:25.036  1645  1645 E KeyguardUpdateMonitor: isSimPinSecure mSimDatas is null or empty 
10-09 15:54:25.037  1645  1645 W AppHandler: sendImmediateMessage 12
10-09 15:54:25.038  1645  1645 W HwLockScreenPanel: Handle message: 12
10-09 15:54:25.081  1645  1645 W HwKeyguardDragHelper: AnimationBlocked
10-09 15:54:25.083  1645  1645 W PanelView: set notification panel padding = 2552
10-09 15:54:25.089  1645  1645 W PanelView: set notification panel padding = 2552
10-09 15:54:25.090  1645  1645 W StatusBarWindowManager: Apply window without WALLPAPER
10-09 15:54:25.090  1645  1725 I SendBroadcastPermission: action:com.android.systemui.statusbar.visible.change, mPermissionType:0
10-09 15:54:25.093  1031  1031 I chatty  : uid=1000 system_server expire 45 lines
10-09 15:54:25.094  1645  1645 I SendBroadcastPermission: action:com.android.keyguard.keyguardlocked, mPermissionType:0
10-09 15:54:25.097  1645  1645 W HwLockScreenPanel: Handle message: 4
10-09 15:54:25.097  1645  1645 I KeyguardUpdateMonitor: Ignore update FP: 0 false
10-09 15:54:25.115 23599 27681 I HwIntelligent3_IntelligentProvider: Provider.call: getPrefString
10-09 15:54:25.117 23599 27681 I HwIntelligent3_ActionBarPullDownAction: doAction call reset
10-09 15:54:25.117 23599 27681 I HwIntelligent3_WorkCommuteManager: resetCommute
10-09 15:54:25.117 23599 27681 E HwIntelligent3_WorkCommuteManager: no need to reset return
10-09 15:54:25.123  1645  1645 E BokehDrawable: BlurBitmap  draw super 0.0
10-09 15:54:25.169   485  2293 I chatty  : uid=1000(system) Binder:485_5 expire 1 line
10-09 15:54:25.177  1645  1645 W KgBattery: getCharge info with type: text
10-09 15:54:25.180  1645  1645 W HwLockScreenPanel: Handle message: 10
10-09 15:54:25.180  1645  1645 I HwBackDropView: restore param to 0
10-09 15:54:25.180  1645  1645 I HwBackDropView: checkVisibility : true; true
10-09 15:54:25.183  1645  1645 E KeyguardUpdateMonitor: isSimPinSecure mSimDatas is null or empty 
10-09 15:54:25.198  1645  1645 W HwKeyguardDragHelper: AnimationBlocked
10-09 15:54:25.199  1645  1645 W PanelView: set notification panel padding = 2552
10-09 15:54:25.401  1972  2203 I CommonAdapter: no net restrict. uid=10014
10-09 15:54:25.512  1645  1746 I WeatherUtils: getCurrentWeatherInfo currentTemperature is :12.0 mWeatherIcon Id is: 12
10-09 15:54:25.527  1645  1746 I WeatherUtils: getCurrentWeatherInfo currentTemperature is :-20000.0 mWeatherIcon Id is: 0
10-09 15:54:25.555  1645  1645 W HwKeyguardDragHelper: AnimationBlocked
10-09 15:54:25.556  1645  1645 W PanelView: set notification panel padding = 2552
10-09 15:54:29.160  1031  1513 I chatty  : uid=1000(system) WiFiArpStateMac expire 19 lines
10-09 15:54:30.118   518   542 W AwareLog:defragd: delay_us exceeds max timeout: 589999347 us
10-09 15:54:31.243  1031  1524 I chatty  : uid=1000(system) HuaweiWifiWatch expire 13 lines
10-09 15:54:32.040   504   504 E Thermal-daemon: [ap] temp_new :33  temp_old :34
10-09 15:54:32.040   504   504 E Thermal-daemon: Report temperature: [ap] temp :33  report_threshold:1
10-09 15:54:39.243  1031  1454 I chatty  : uid=1000(system) WifiStateMachin expire 11 lines
10-09 15:54:39.252  1031  1522 I chatty  : uid=1000(system) Thread-13 expire 14 lines
10-09 15:54:40.121   518   542 W AwareLog:defragd: delay_us exceeds max timeout: 579996660 us
10-09 15:54:42.622 27238 27275 I AppLogManager: PrintWoker poll timeout , shutdown
10-09 15:54:44.023  1645  1645 W KeyguardUpdateMonitor: ACTION_BATTERY_CHANGED AMP: 0; Volt: 0
10-09 15:54:44.030 19394 19600 I CloudAlbum[8.0.1.304]: [OperationUtil] cancelNotify
10-09 15:54:44.054  1645  1645 W KeyguardUpdateMonitor: ChargingSpeed  Wattage: -1 ST: 5000000 --> 7500000
10-09 15:54:44.054  1645  1645 I KgBattery: BatteryInfo updated:  2lPc-1
10-09 15:54:44.054  1645  1645 W AppHandler: sendMessage with obj100
10-09 15:54:44.070  1645  1645 W KgBattery: getCharge info with type: text
10-09 15:54:44.073  1645  1645 W HwLockScreenPanel: Handle message: 100
10-09 15:54:44.073  1645  1645 W HwLockScreenPanel: refreshBatteryInfo: null
10-09 15:54:44.074 19418 19456 I AppLogManager: PrintWoker poll timeout , shutdown
10-09 15:54:44.091  1645  1645 W HwKeyguardDragHelper: AnimationBlocked
10-09 15:54:44.091  1645  1645 W PanelView: set notification panel padding = 2552
10-09 15:54:44.171  1031  1031 I chatty  : uid=1000 system_server expire 64 lines
10-09 15:54:44.215  1645  1645 W KeyguardUpdateMonitor: ACTION_BATTERY_CHANGED AMP: 0; Volt: 0
10-09 15:54:44.219 19394 19600 I CloudAlbum[8.0.1.304]: [OperationUtil] cancelNotify
10-09 15:54:44.220  1645  1645 W KeyguardUpdateMonitor: ChargingSpeed  Wattage: -1 ST: 5000000 --> 7500000
10-09 15:54:44.220  1645  1645 I KgBattery: BatteryInfo updated:  2lPc-1
10-09 15:54:44.220  1645  1645 W AppHandler: sendMessage with obj100
10-09 15:54:44.231  1645  1645 W KgBattery: getCharge info with type: text
10-09 15:54:44.234  1645  1645 W HwLockScreenPanel: Handle message: 100
10-09 15:54:44.234  1645  1645 W HwLockScreenPanel: refreshBatteryInfo: null
10-09 15:54:44.235 27218 27233 I AppLogManager: PrintWoker poll timeout , shutdown
10-09 15:54:44.252  1645  1645 W HwKeyguardDragHelper: AnimationBlocked
10-09 15:54:44.253  1645  1645 W PanelView: set notification panel padding = 2552
10-09 15:54:49.250  1031  1513 I chatty  : uid=1000(system) WiFiArpStateMac expire 21 lines
10-09 15:54:50.123   518   542 W AwareLog:defragd: delay_us exceeds max timeout: 569994333 us
10-09 15:54:52.057   504   504 E Thermal-daemon: [ap] temp_new :32  temp_old :33
10-09 15:54:52.058   504   504 E Thermal-daemon: Report temperature: [ap] temp :32  report_threshold:1
10-09 15:54:53.402  1031  1524 I chatty  : uid=1000(system) HuaweiWifiWatch expire 11 lines
10-09 15:54:53.893  1031 27767 I chatty  : uid=1000 system_server expire 9 lines
10-09 15:55:00.126   518   542 W AwareLog:defragd: delay_us exceeds max timeout: 559991704 us
10-09 15:55:02.449  9959 10010 I SendBroadcastPermission: action:com.tencent.mm.plugin.report.service.KVCommCrossProcessReceiver, mPermissionType:0
10-09 15:55:03.305  1972  2086 I AppManager: no high cpu load
10-09 15:55:08.971  1031  1192 I chatty  : uid=1000(system) android.fg expire 2 lines
10-09 15:55:10.126   518   542 W AwareLog:defragd: delay_us exceeds max timeout: 549991029 us
10-09 15:55:10.314  1031  1513 I chatty  : uid=1000(system) WiFiArpStateMac expire 5 lines
10-09 15:55:11.221  1031  1031 I chatty  : uid=1000 system_server expire 30 lines
10-09 15:55:11.274  1031  1524 I chatty  : uid=1000(system) HuaweiWifiWatch expire 5 lines
10-09 15:55:11.274  1031  1522 I chatty  : uid=1000(system) Thread-13 expire 4 lines
10-09 15:55:11.283  1031  3500 I chatty  : uid=1000(system) MobileQosDetect expire 1 line
10-09 15:55:11.864  1972  2203 I K3V3CpuGovernorPolicy: set scene Hmp policy : 300 , 150
10-09 15:55:11.877  1645  1664 W HwLockScreenReporter: report result: false type:122 msg:
10-09 15:55:11.877  1645  1664 W AppHandler: sendMessage 14
10-09 15:55:11.877  1645  1645 I KeyguardUpdateMonitor: Ignore update FP: 0 false
10-09 15:55:11.878  1645  1645 E KeyguardUpdateMonitor: isSimPinSecure mSimDatas is null or empty 
10-09 15:55:11.878  1645  1645 W HwLockScreenPanel: createLockScreenView when reset
10-09 15:55:11.878  1645  1645 I HwLockScreenPanel: loadMagazine
10-09 15:55:11.881  1645  1645 W HwLockScreenPanel: Handle message: 14
10-09 15:55:11.891  1645  1645 W DisabledFeatureUtils: Dis-Feature : 0
10-09 15:55:11.892  1031  1445 I chatty  : uid=1000(system) Binder:1031_3 expire 2 lines
10-09 15:55:11.893   518   518 E Parcel  : Reading a NULL string not supported here.
10-09 15:55:11.893   518   518 E Parcel  : Reading a NULL string not supported here.
10-09 15:55:11.893   518   542 W AwareLog:defragd: Event 7 was not found in the queue, already cancelled?
10-09 15:55:11.895  1972  2086 I SensorState: sensor:4 enable:true uid:10045
10-09 15:55:11.895  1972  2086 I PGServer: report state:4 event type:1 pid:4 uid:10045 pkg:null to pid: 1031
10-09 15:55:11.895  1972  2086 I SensorState: addSensor,mHandles:{4=1}
10-09 15:55:11.899  2827  2827 I InCall  : CallList - no active call 
10-09 15:55:11.901   642   961 I soundtrigger_msg: sound_trigger_set_parameters:set_parameters string![screen_state=on]
10-09 15:55:11.913  1645  1645 W HwKeyguardDragHelper: AnimationBlocked
10-09 15:55:11.914  2003  2188 W PhoneInterfaceManager: shouldBlockLocation running ...
10-09 15:55:11.914  2003  2188 I PhoneInterfaceManager: shouldBlockLocation  ret:false
10-09 15:55:11.930  1645  1645 W PanelView: set notification panel padding = 2552
10-09 15:55:11.931  1972  2086 I AppManager: no high cpu load
10-09 15:55:11.931  1645  1645 E BokehDrawable: BlurBitmap  draw super 0.0
10-09 15:55:11.932  1645  1645 E BokehDrawable: BlurBitmap  draw super 0.0
10-09 15:55:11.933  1645  1645 W DisabledFeatureUtils: Dis-Feature : 0
10-09 15:55:11.941   485  1436 I chatty  : uid=1000(system) Binder:485_3 expire 1 line
10-09 15:55:11.951  1645  1645 W HwKeyguardDragHelper: AnimationBlocked
10-09 15:55:11.952  1645  1645 W PanelView: set notification panel padding = 2552
10-09 15:55:12.050  1645  1746 I EventCenter: ContentChange for slot: 1
10-09 15:55:12.050  1645  1746 I EventCenter: ContentChange for slot: 1
10-09 15:55:12.050  1645  1746 I EventCenter: ContentChange for slot: 1
10-09 15:55:12.050  1645  1746 I EventCenter: ContentChange for slot: 1
10-09 15:55:12.057   485   485 I chatty  : uid=1000(system) /system/bin/surfaceflinger expire 1 line
10-09 15:55:12.067  1645  1645 I HwLockScreenReporter: report msg is :{picture: magazine-unlock-02-2.3.752-_0d61dd1b535a445fa4ca9bdc2720155c.jpg}
10-09 15:55:12.067  1645  1645 W HwLockScreenReporter: report result: false type:162 msg:{picture: magazine-unlock-02-2.3.752-_0d61dd1b535a445fa4ca9bdc2720155c.jpg, channelId: 02}
10-09 15:55:12.068  1645  1746 I EventCenter: ContentChange for slot: 1
10-09 15:55:12.071   504   504 E Thermal-daemon: [charger_ic] temp_new :31  temp_old :32
10-09 15:55:12.071   504   504 E Thermal-daemon: Report temperature: [charger_ic] temp :31  report_threshold:1
10-09 15:55:12.074  1645  1645 I HwBrightnessUtils: APS brightness=63.0,ConvertToPercentage=0.4473574
10-09 15:55:12.094   491   555 I aptouch_daemon: 1507535712094,void filter_set_filter_status(enum tp_filter_status_enum), notify tp_filter status=1!
10-09 15:55:12.094   491   555 I aptouch_daemon: 1507535712094,void filter_logfunc(const char *), void tp_filter_suspend_resume(int) end, state(0/1:suspend/resume)=1
10-09 15:55:12.099  2003  2292 W PhoneInterfaceManager: shouldBlockLocation running ...
10-09 15:55:12.099  2003  2292 I PhoneInterfaceManager: shouldBlockLocation  ret:false
10-09 15:55:12.099  1972  2086 I BatteryMonitor: screen off: 51s, awake: 51s wakeups: 1, battery changed: 0
10-09 15:55:12.099  1972  2203 I ash     : ash->screen on
10-09 15:55:12.124 19394 19394 I hisync-findmyphone.WlanScanReceiver: WlanScanReceiver onReceive action:android.net.wifi.SCAN_RESULTS
10-09 15:55:12.126  2452  2452 I HourObserver: enter into handleScrnOnOffTimeStats, scrnOn = true, mIsPreScrnOn = false, mScrnSwitchTime = 1507535660441, occurTime = 1507535712124, delta = 51683, mScrnOffAccTime = 2279221, mScrnOnAccTime = 566813
10-09 15:55:12.126  2452  2452 I HourObserver: left handleScrnOnOffTimeStats, mScrnOffAccTime = 2330904, mScrnOffAccTime = 2330904, mScrnOnAccTime = 566813
10-09 15:55:12.132  2607  2739 W trace_@_16_2_@: @_16_2_5_@14
10-09 15:55:12.133 19394 19394 I hisync-findmyphone.WlanScanReceiver: scanResults: 14
10-09 15:55:12.145  1031  2001 I chatty  : uid=1000(system) Binder:1031_6 expire 18 lines
10-09 15:55:12.152  5755  5755 E HwSystemManager: MemCPUMonitor:startTimerMonitor isCompleted = true
10-09 15:55:12.224  1645  1645 W HwKeyguardDragHelper: AnimationBlocked
10-09 15:55:12.225  1645  1645 W PanelView: set notification panel padding = 2552
10-09 15:55:12.226  1645  1645 I EventCenter: EventCenter Get :android.intent.action.TIME_TICK
10-09 15:55:12.230  1645  1645 W ResourceType: Failure getting entry for 0xffffffff (t=254 e=65535) (error -2147483647)
10-09 15:55:12.231  1645  1645 E DateLunarView: mDateString is: 10月9日星期一
10-09 15:55:12.233  1645  1645 W ResourceType: Failure getting entry for 0xffffffff (t=254 e=65535) (error -2147483647)
10-09 15:55:12.234  1645  1645 E DateLunarView: mDateString is: 10月9日星期一
10-09 15:55:12.241  1645  1645 W HwKeyguardDragHelper: AnimationBlocked
10-09 15:55:12.241  1645  1645 W PanelView: set notification panel padding = 2552
10-09 15:55:12.248  2623  2623 I HwLauncher: Model  onReceive intent=Intent { act=android.intent.action.TIME_TICK flg=0x50000014 (has extras) }
10-09 15:55:12.248  2623  2623 I HwLauncher: Model  onReceive user=UserHandle{0}
10-09 15:55:12.341  1645  1645 W HwKeyguardDragHelper: AnimationBlocked
10-09 15:55:12.341  1645  1645 W PanelView: set notification panel padding = 2552
10-09 15:55:12.543  1645  1645 W HwLockScreenPanel: isInterestMotionEvent false  2
10-09 15:55:12.543  1645  1645 W HwKeyguardDragHelper: HwKyguardDragHelper onInterceptTouchEvent: 4
10-09 15:55:12.544  1645  1645 W HwKeyguardDragHelper:   onTouchEvent 0   4
10-09 15:55:12.552   485   532 I chatty  : uid=1000(system) Binder:485_1 expire 1 line
10-09 15:55:12.557   485  2293 I chatty  : uid=1000(system) Binder:485_5 expire 1 line
10-09 15:55:12.568   485  1436 I chatty  : uid=1000(system) Binder:485_3 expire 2 lines
10-09 15:55:12.572  1645  1645 W ParticleRenderer: setDrawState: from NODRAW to STARTDRAW
10-09 15:55:12.573  1645  1645 W HwKeyguardDragHelper:   onTouchEvent 2   4
10-09 15:55:12.590  1645  1645 W HwKeyguardDragHelper:   onTouchEvent 2   4
10-09 15:55:12.594  1645  1645 W HwKeyguardDragHelper: AnimationBlocked
10-09 15:55:12.594  1645  1645 W PanelView: set notification panel padding = 2552
10-09 15:55:12.607  1645  1645 W HwKeyguardDragHelper:   onTouchEvent 2   4
10-09 15:55:12.624  1645  1645 W HwKeyguardDragHelper:   onTouchEvent 2   4
10-09 15:55:12.635  1645  1645 W HwKeyguardDragHelper:   onTouchEvent 1   4
10-09 15:55:12.635  1645  1645 W ParticleRenderer: setDrawState: from STARTDRAW to DISDRAW
10-09 15:55:12.635  1645  1645 W HwKeyguardDragHelper: KeyguardDrag animatToExitKeyguard
10-09 15:55:12.635  1645  1645 W PanelView: setAnimationParam 1.0 0  1.0
10-09 15:55:12.636  1645  1645 W PanelView: updateAlaphaAndScaleForChild 0  com.android.systemui.statusbar.phone.NotificationsQuickSettingsContainer{ee342d5 V.E...... ........ 0,0-1440,2560 #7f1403ee app:id/notification_container_parent}
10-09 15:55:12.636  1645  1645 W PanelView: HwPanelView restoreDrawState
10-09 15:55:12.636  1645  1645 W PanelView: setAnimationParam 0.0 0  1.0
10-09 15:55:12.636  1645  1645 W PanelView: updateAlaphaAndScaleForChild 0  com.android.systemui.statusbar.phone.NotificationsQuickSettingsContainer{ee342d5 V.E...... ........ 0,0-1440,2560 #7f1403ee app:id/notification_container_parent}
10-09 15:55:12.636  1645  1645 W HwKeyguardDragHelper: AnimationBlocked
10-09 15:55:12.636  1645  1645 W PanelView: set notification panel padding = 2552
10-09 15:55:12.637  1645  1645 W StatusBarWindowManager: Apply window without WALLPAPER
10-09 15:55:12.637  1645  1645 I PanelBar: panelExpansionChanged 0.0, false
10-09 15:55:12.638  1645  1645 W AppHandler: sendMessage 4
10-09 15:55:12.638  1645  1725 I SendBroadcastPermission: action:com.android.systemui.statusbar.visible.change, mPermissionType:0
10-09 15:55:12.638  1645  1645 W PanelView: set notification panel padding = 2552
10-09 15:55:12.639  1645  1645 W StatusBarWindowManager: Apply window without WALLPAPER
10-09 15:55:12.639  1645  1645 W StatusBarWindowManager: Apply window without WALLPAPER
10-09 15:55:12.639  1645  1645 I StatusBarKeyguardViewManager: StatusBarKeyguardViewManager dismiss: true false
10-09 15:55:12.639  1645  1645 E KeyguardUpdateMonitor: isSimPinSecure mSimDatas is null or empty 
10-09 15:55:12.641  1645  1645 W StatusBarKeyguardViewManager: updateStates Show KeyguardStatusBar with clcok: false
10-09 15:55:12.641  1645  1645 E KeyguardUpdateMonitor: isSimPinSecure mSimDatas is null or empty 
10-09 15:55:12.641  1645  1645 E KeyguardUpdateMonitor: isSimPinSecure mSimDatas is null or empty 
10-09 15:55:12.643  1645  1645 W StatusBarKeyguardViewManager: dismiss. showing: true false - false, false, false
10-09 15:55:12.643  1645  1645 W StatusBarKeyguardViewManager: java.lang.Exception
10-09 15:55:12.643  1645  1645 W StatusBarKeyguardViewManager: 	at com.android.systemui.statusbar.phone.HwStatusBarKeyguardViewManager.dismiss(HwStatusBarKeyguardViewManager.java:317)
10-09 15:55:12.643  1645  1645 W StatusBarKeyguardViewManager: 	at com.android.systemui.statusbar.phone.PhoneStatusBar.showBouncer(PhoneStatusBar.java:4540)
10-09 15:55:12.643  1645  1645 W StatusBarKeyguardViewManager: 	at com.android.systemui.statusbar.phone.PhoneStatusBar.makeExpandedInvisible(PhoneStatusBar.java:2968)
10-09 15:55:12.643  1645  1645 W StatusBarKeyguardViewManager: 	at com.android.systemui.statusbar.phone.HwPanelView.afterKeyguardExit(HwPanelView.java:159)
10-09 15:55:12.643  1645  1645 W StatusBarKeyguardViewManager: 	at com.android.systemui.statusbar.phone.HwKeyguardDragHelper$KeyguardAnimationControl.afterKeyguardExit(HwKeyguardDragHelper.java:517)
10-09 15:55:12.643  1645  1645 W StatusBarKeyguardViewManager: 	at com.android.systemui.statusbar.phone.HwKeyguardDragHelper$KeyguardAnimationControl.animateToBouncer(HwKeyguardDragHelper.java:511)
10-09 15:55:12.643  1645  1645 W StatusBarKeyguardViewManager: 	at com.android.systemui.statusbar.phone.HwKeyguardDragHelper$KeyguardAnimationControl.-wrap1(HwKeyguardDragHelper.java)
10-09 15:55:12.643  1645  1645 W StatusBarKeyguardViewManager: 	at com.android.systemui.statusbar.phone.HwKeyguardDragHelper$SimpleGestureListener.onFling(HwKeyguardDragHelper.java:413)
10-09 15:55:12.643  1645  1645 W StatusBarKeyguardViewManager: 	at android.view.GestureDetector.onTouchEvent(GestureDetector.java:656)
10-09 15:55:12.643  1645  1645 W StatusBarKeyguardViewManager: 	at com.android.systemui.statusbar.phone.HwKeyguardDragHelper.procUnlockMotionEvent(HwKeyguardDragHelper.java:323)
10-09 15:55:12.643  1645  1645 W StatusBarKeyguardViewManager: 	at com.android.systemui.statusbar.phone.HwKeyguardDragHelper.onTouchEvent(HwKeyguardDragHelper.java:202)
10-09 15:55:12.643  1645  1645 W StatusBarKeyguardViewManager: 	at com.android.systemui.statusbar.phone.StatusBarWindowView.onTouchEvent(StatusBarWindowView.java:295)
10-09 15:55:12.643  1645  1645 W StatusBarKeyguardViewManager: 	at com.android.systemui.statusbar.phone.PhoneStatusBar$21.onTouch(PhoneStatusBar.java:760)
10-09 15:55:12.643  1645  1645 W StatusBarKeyguardViewManager: 	at android.view.View.dispatchTouchEvent(View.java:10008)
10-09 15:55:12.643  1645  1645 W StatusBarKeyguardViewManager: 	at android.view.ViewGroup.dispatchTransformedTouchEvent(ViewGroup.java:2665)
10-09 15:55:12.643  1645  1645 W StatusBarKeyguardViewManager: 	at android.view.ViewGroup.dispatchTouchEvent(ViewGroup.java:2344)
10-09 15:55:12.643  1645  1645 W StatusBarKeyguardViewManager: 	at com.android.systemui.statusbar.phone.StatusBarWindowView.dispatchTouchEvent(StatusBarWindowView.java:250)
10-09 15:55:12.643  1645  1645 W StatusBarKeyguardViewManager: 	at android.view.View.dispatchPointerEvent(View.java:10232)
10-09 15:55:12.643  1645  1645 W StatusBarKeyguardViewManager: 	at android.view.ViewRootImpl$ViewPostImeInputStage.processPointerEvent(ViewRootImpl.java:4856)
10-09 15:55:12.643  1645  1645 W StatusBarKeyguardViewManager: 	at android.view.ViewRootImpl$ViewPostImeInputStage.onProcess(ViewRootImpl.java:4717)
10-09 15:55:12.643  1645  1645 W StatusBarKeyguardViewManager: 	at android.view.ViewRootImpl$InputStage.deliver(ViewRootImpl.java:4249)
10-09 15:55:12.643  1645  1645 W StatusBarKeyguardViewManager: 	at android.view.ViewRootImpl$InputStage.onDeliverToNext(ViewRootImpl.java:4302)
10-09 15:55:12.643  1645  1645 W StatusBarKeyguardViewManager: 	at android.view.ViewRootImpl$InputStage.forward(ViewRootImpl.java:4268)
10-09 15:55:12.643  1645  1645 W StatusBarKeyguardViewManager: 	at android.view.ViewRootImpl$AsyncInputStage.forward(ViewRootImpl.java:4395)
10-09 15:55:12.643  1645  1645 W StatusBarKeyguardViewManager: 	at android.view.ViewRootImpl$InputStage.apply(ViewRootImpl.java:4276)
10-09 15:55:12.643  1645  1645 W StatusBarKeyguardViewManager: 	at android.view.ViewRootImpl$AsyncInputStage.apply(ViewRootImpl.java:4452)
10-09 15:55:12.643  1645  1645 W StatusBarKeyguardViewManager: 	at android.view.ViewRootImpl$InputStage.deliver(ViewRootImpl.java:4249)
10-09 15:55:12.643  1645  1645 W StatusBarKeyguardViewManager: 	at android.view.ViewRootImpl$InputStage.onDeliverToNext(ViewRootImpl.java:4302)
10-09 15:55:12.643  1645  1645 W StatusBarKeyguardViewManager: 	at android.view.ViewRootImpl$InputStage.forward(ViewRootImpl.java:4268)
10-09 15:55:12.643  1645  1645 W StatusBarKeyguardViewManager: 	at android.view.ViewRootImpl$InputStage.apply(ViewRootImpl.java:4276)
10-09 15:55:12.643  1645  1645 W StatusBarKeyguardViewManager: 	at android.view.ViewRootImpl$InputStage.deliver(ViewRootImpl.java:4249)
10-09 15:55:12.643  1645  1645 W StatusBarKeyguardViewManager: 	at android.view.ViewRootImpl.deliverInputEvent(ViewRootImpl.java:6676)
10-09 15:55:12.643  1645  1645 W StatusBarKeyguardViewManager: 	at android.view.ViewRootImpl.doProcessInputEvents(ViewRootImpl.java:6650)
10-09 15:55:12.643  1645  1645 W StatusBarKeyguardViewManager: 	at android.view.ViewRootImpl.enqueueInputEvent(ViewRootImpl.java:6611)
10-09 15:55:12.643  1645  1645 W StatusBarKeyguardViewManager: 	at android.view.ViewRootImpl$WindowInputEventReceiver.onInputEvent(ViewRootImpl.java:6803)
10-09 15:55:12.643  1645  1645 W StatusBarKeyguardViewManager: 	at android.view.InputEventReceiver.dispatchInputEvent(InputEventReceiver.java:192)
10-09 15:55:12.643  1645  1645 W StatusBarKeyguardViewManager: 	at android.os.MessageQueue.nativePollOnce(Native Method)
10-09 15:55:12.643  1645  1645 W StatusBarKeyguardViewManager: 	at android.os.MessageQueue.next(MessageQueue.java:356)
10-09 15:55:12.643  1645  1645 W StatusBarKeyguardViewManager: 	at android.os.Looper.loop(Looper.java:138)
10-09 15:55:12.643  1645  1645 W StatusBarKeyguardViewManager: 	at android.app.ActivityThread.main(ActivityThread.java:6523)
10-09 15:55:12.643  1645  1645 W StatusBarKeyguardViewManager: 	at java.lang.reflect.Method.invoke(Native Method)
10-09 15:55:12.643  1645  1645 W StatusBarKeyguardViewManager: 	at com.android.internal.os.ZygoteInit$MethodAndArgsCaller.run(ZygoteInit.java:941)
10-09 15:55:12.643  1645  1645 W StatusBarKeyguardViewManager: 	at com.android.internal.os.ZygoteInit.main(ZygoteInit.java:831)
10-09 15:55:12.652 23599 27829 E HwIntelligent3_ActionBarPullDownAction: doAction not pull down return
10-09 15:55:12.653  1972  2086 I ScenarioService: check surface view pkg: cn.com.autohome.travel
10-09 15:55:12.653  1645  1645 W HwLockScreenReporter: report result: false type:153 msg:{MagazineUnlock:true,CostTime:81}
10-09 15:55:12.654  1645  1645 W StatusBarKeyguardViewManager: startPreHideAnimation
10-09 15:55:12.659   485   485 I chatty  : uid=1000(system) /system/bin/surfaceflinger expire 3 lines
10-09 15:55:12.672  1645  1645 W HwKeyguardDragHelper: KeyguardDrag animateToExitBouncer
10-09 15:55:12.672  1645  1645 W HwKeyguardDragHelper: KeyguardAnimCallack onPreHideAnimation and motion unfinished: 4
10-09 15:55:12.672  1645  1645 W AppHandler: sendImmediateMessage 10
10-09 15:55:12.672  1645  1645 W KgBattery: getCharge info with type: text
10-09 15:55:12.676  1645  1645 W HwLockScreenPanel: Handle message: 10
10-09 15:55:12.676  1645  1645 I HwBackDropView: restore param to 0
10-09 15:55:12.676  1645  1645 W HwBackDropView: setDrawBehindAsSrc skipped. null
10-09 15:55:12.676  1645  1645 I HwBackDropView: checkVisibility : false; false
10-09 15:55:12.678  1645  1645 W CameraLayout: Cameralayout disabled. true false  2
10-09 15:55:12.678  1645  1645 W AppHandler: sendMessage 11
10-09 15:55:12.679  1645  1645 W HwKeyguardDragHelper: AnimationBlocked
10-09 15:55:12.679  1645  1645 W PanelView: set notification panel padding = 2552
10-09 15:55:12.681  1645  1645 W HwLockScreenPanel: Handle message: 4
10-09 15:55:12.682 23224 23224 I CrashReport-Native: Set native info: isAppForeground(true)
10-09 15:55:12.683  1645  1645 W AppHandler: sendMessage 4
10-09 15:55:12.683 23224 23224 I CrashReport: [session] launch app one times (app in background 52 seconds and over 30 seconds)
10-09 15:55:12.683  1645  1645 W PanelView: HwPanelView restoreDrawState
10-09 15:55:12.683  1645  1645 W PanelView: setAnimationParam 0.0 4  1.0
10-09 15:55:12.683  1645  1645 W PanelView: updateAlaphaAndScaleForChild 0  com.android.systemui.statusbar.phone.NotificationsQuickSettingsContainer{ee342d5 V.E...... ......ID 0,0-1440,2560 #7f1403ee app:id/notification_container_parent}
10-09 15:55:12.684  1031  8543 I chatty  : uid=1000(system) Binder:1031_13 expire 1 line
10-09 15:55:12.684  1645  1645 W StatusBarWindowManager: Apply window without WALLPAPER
10-09 15:55:12.684  1645  1645 W PanelView: set notification panel padding = 2552
10-09 15:55:12.684  1972  2086 I SensorState: sensor:4 enable:false uid:10045
10-09 15:55:12.685  1972  2086 I SensorState: removeSensor,mHandles:{}
10-09 15:55:12.685  1972  2086 I PGServer: report state:4 event type:2 pid:4 uid:10045 pkg:null to pid: 1031
10-09 15:55:12.689  1645  1645 W HwKeyguardPolicy: KGSvcCall updateKeyguardState 0->0; false false
10-09 15:55:12.689  1645  1645 W StatusBarWindowManager: Apply window without WALLPAPER
10-09 15:55:12.689  1645  1645 W ScrimController: startScrimAnimation 0.0 @ com.android.systemui.statusbar.ScrimView{5b90982 V.ED..... ......ID 0,0-1440,2560 #7f14041e app:id/scrim_behind}
10-09 15:55:12.690  1645  1645 I KeyguardUpdateMonitor: Ignore update FP: 0 false
10-09 15:55:12.690  1645  1645 W AppHandler: sendSingleMessage 10
10-09 15:55:12.690  1645  1645 W StatusBarKeyguardViewManager: updateStates Hide KeyguardStatusBar 
10-09 15:55:12.691  1645  1645 E KeyguardUpdateMonitor: isSimPinSecure mSimDatas is null or empty 
10-09 15:55:12.691  1645  1645 I SendBroadcastPermission: action:android.intent.action.USER_PRESENT, mPermissionType:0
10-09 15:55:12.694  1031  8548 I chatty  : uid=1000(system) Binder:1031_15 expire 5 lines
10-09 15:55:12.694  1972  2086 I ScenarioAction: new ScenarioAction sPoolSize: 0
10-09 15:55:12.696  1645  1645 W AppHandler: sendMessage 16
10-09 15:55:12.702  1645  1645 W HwLockScreenPanel: Handle message: 11
10-09 15:55:12.709  1645  1645 W HwKeyguardDragHelper: AnimationBlocked
10-09 15:55:12.713  1645  1645 W HwLockScreenPanel: Handle message: 4
10-09 15:55:12.713  1645  1645 W HwLockScreenPanel: Handle message: 16
10-09 15:55:12.714  1972  2203 I BacklightControl: can't adjust backlight when app launch from other scene.
10-09 15:55:12.715  1972  2203 I ThermalStateManager: handle action thermal policy:208
10-09 15:55:12.715  1972  2203 I ThermalStateManager: battery trigger: batteryLevel = 24, triggerLevel = 1, actions = {pop_up_dialog=0}
10-09 15:55:12.715  1972  2203 I ThermalStateManager: triggerLevel = 2, triggerAction :{pop_up_dialog=0}
10-09 15:55:12.715  1031 15724 I chatty  : uid=1000(system) Binder:1031_1A expire 1 line
10-09 15:55:12.716  1972  2223 I PGServer: report state:10000 event type:2 pid:0 uid:0 pkg:cn.com.autohome.travel to pid: 1031
10-09 15:55:12.716  1972  2223 I PGServer: report state:10000 event type:1 pid:0 uid:0 pkg:cn.com.autohome.travel to pid: 1031
10-09 15:55:12.718  3225 27831 I Authzen : [DeviceStateSyncManager] The server is in sync with current state. Nothing to do
10-09 15:55:12.722  1972  2203 I BlackListAlarmRestrict: [resume] net alarms
10-09 15:55:12.722  1972  2203 I GmsGsfPolicy: The same state to ctrl gms alarm : false
10-09 15:55:12.722  1972  2203 I ash     : ash->screen unlock
10-09 15:55:12.723  1885  2139 E HwSystemManager: NatTrafficNotifyService:imsi is null, so return
10-09 15:55:12.723  1885  2150 E HwSystemManager: TrafficNotifyAfterLocked:analyseTrafficAfterUnLocked: network template is null!
10-09 15:55:12.736  3225  3225 I DeviceCache: Unable to convert the the network interface's MAC Address to string. MAC address cannot be null.
10-09 15:55:12.737  3225  3225 I DeviceCache: Unable to convert the the network interface's MAC Address to string. MAC address cannot be null.
10-09 15:55:12.748 27252 27837 W System  : ClassLoader referenced unknown path: /system/app/WebViewGoogle/lib/arm64
10-09 15:55:12.752 27252 27837 I WebViewFactory: Loading com.google.android.webview version 55.0.2883.91 (code 288309150)
10-09 15:55:12.755 27252 27252 I Process : Sending signal. PID: 27252 SIG: 9
10-09 15:55:12.791  1645  1645 W KgBattery: getCharge info with type: text
10-09 15:55:12.792  1645  1645 W HwLockScreenPanel: Handle message: 10
10-09 15:55:12.792  1645  1645 I HwBackDropView: restore param to 0
10-09 15:55:12.792  1645  1645 I HwBackDropView: checkVisibility : false; false
10-09 15:55:12.792  1645  1645 W CameraLayout: Cameralayout disabled. true false  2
10-09 15:55:12.918  4456  4456 I Step_PreD: 30003302|onSensorChanged: 6
10-09 15:55:12.918  1987  1987 W HwStepCounter: version : 1
10-09 15:55:12.918  1987  1987 I HwStepCounter: dealReportData length 23
10-09 15:55:12.918  1987  1987 W HwStepCounter: abi 31 total 6 total floor 0 totalCar 1024 total dis 2048
10-09 15:55:12.918  1987  1987 W HwStepCounter: stepPace 4096 stepLength 8192 speed 16384 touchdown_ratio 32768 reserved1 0 reserved2 0
10-09 15:55:12.918  1987  1987 E HwStepCounter: dealReportData tm: 2017-10-09 15:54:20 steps_value[0] : 0 state_value[0]:5 level_value[0]:0
10-09 15:55:12.919  1987  1987 E HwStepCounter: dealReportData tm: 2017-10-09 15:54:20 steps_value[1] : 0 state_value[1]:0 level_value[1]:0
10-09 15:55:12.919  1987  1987 I HwStepCounter: ###### finish ####
10-09 15:55:12.919  1987  1987 I HwStepCounter: isBeginOfToday: 9 -> 9
10-09 15:55:12.919  1987  1987 I HwStepCounter: isBeginOfToday: false
10-09 15:55:12.919  1987  1987 I HwStepCounter: dealReportData: diff = 0
10-09 15:55:13.028   485  1634 I chatty  : uid=1000(system) Binder:485_4 expire 3 lines
10-09 15:55:13.031  1645  1645 W HwKeyguardDragHelper: AnimationBlocked
10-09 15:55:13.043   485  2293 I chatty  : uid=1000(system) Binder:485_5 expire 1 line
10-09 15:55:13.046   485   532 I chatty  : uid=1000(system) Binder:485_1 expire 1 line
10-09 15:55:13.058   485   485 I chatty  : uid=1000(system) /system/bin/surfaceflinger expire 1 line
10-09 15:55:13.135  1645  1645 W ParticleRenderer: setDrawState: from DISDRAW to NODRAW
10-09 15:55:13.417  1972  2203 I K3V3CpuGovernorPolicy: close previously scene Hmp policy : 300 , 150
10-09 15:55:13.801 27846 27846 I         : power log dlsym ok
10-09 15:55:13.805 27846 27846 I art     : Reinit property: dalvik.vm.checkjni= false
10-09 15:55:13.831   485  1436 I chatty  : uid=1000(system) Binder:485_3 expire 1 line
10-09 15:55:13.840   485   534 I chatty  : uid=1000(system) Binder:485_2 expire 1 line
10-09 15:55:13.867 27846 27846 W CrashReport: Bugly debug模式开启，请在发布时把isDebug关闭。 -- Running in debug model for 'isDebug' is enabled. Please disable it when you release.
10-09 15:55:13.868 27846 27846 E CrashReport: --------------------------------------------------------------------------------------------
10-09 15:55:13.868 27846 27846 W CrashReport: Bugly debug模式将有以下行为特性 -- The following list shows the behaviour of debug model: 
10-09 15:55:13.868 27846 27846 W CrashReport: [1] 输出详细的Bugly SDK的Log -- More detailed log of Bugly SDK will be output to logcat;
10-09 15:55:13.868 27846 27846 W CrashReport: [2] 每一条Crash都会被立即上报 -- Every crash caught by Bugly will be uploaded immediately.
10-09 15:55:13.868 27846 27846 W CrashReport: [3] 自定义日志将会在Logcat中输出 -- Custom log will be output to logcat.
10-09 15:55:13.868 27846 27846 E CrashReport: --------------------------------------------------------------------------------------------
10-09 15:55:13.868 27846 27846 I CrashReportInfo: [init] Open debug mode of Bugly.
10-09 15:55:13.868 27846 27846 I CrashReport: [init] Bugly version: v2.6.5
10-09 15:55:13.868 27846 27846 I CrashReport:  crash report start initializing...
10-09 15:55:13.868 27846 27846 I CrashReportInfo: [init] Bugly start initializing...
10-09 15:55:13.868 27846 27846 I CrashReport: [init] Bugly complete version: v2.6.5
10-09 15:55:13.877  4456  4476 I LogUtil_LogConfig: getLogFile(): logFilePath = /data/data/com.huawei.health/files/com.huawei.health/com.huawei.health_DaemonService/
10-09 15:55:13.878 27846 27846 I CrashReport: [param] Set APP ID:1f51e94e9b
10-09 15:55:13.880 27846 27846 I CrashReport: [session] launch app, new start
10-09 15:55:13.882 27846 27846 I CrashReport: Initializing crash module.
10-09 15:55:13.897 27846 27846 I CrashReport: backup system java handler: com.android.internal.os.RuntimeInit$UncaughtHandler@49f3ac1
10-09 15:55:13.897 27846 27846 I CrashReport: registered java monitor: com.tencent.bugly.crashreport.crash.e@df90266
10-09 15:55:13.897 27846 27846 I CrashReport: user change native true
10-09 15:55:13.897 27846 27846 I CrashReport: native changed to true
10-09 15:55:13.897 27846 27846 I CrashReport: [Native] Trying to load so: Bugly
10-09 15:55:13.899 27846 27846 I CrashReport: [Native] Successfully loaded SO: Bugly
10-09 15:55:13.900 27846 27846 I CrashReport-Native: setLogMode 3 current 4
10-09 15:55:13.900 27846 27846 I CrashReport-Native: regist start
10-09 15:55:13.900 27846 27846 I CrashReport-Native: JARJNIVERSION:1
10-09 15:55:13.900 27846 27846 I CrashReport-Native: set signal stack
10-09 15:55:13.900 27846 27846 I CrashReport-Native: regist native handler
10-09 15:55:13.900 27846 27846 I CrashReport-Native: Create map list by maps file: /proc/27846/maps
10-09 15:55:13.916   485   532 I chatty  : uid=1000(system) Binder:485_1 expire 1 line
10-09 15:55:13.920 27846 27846 I CrashReport-Native: Opened system log record file: /data/user/0/cn.com.autohome.travel/app_bugly/sys_log_1507535713919362.txt
10-09 15:55:13.920 27846 27846 I CrashReport-Native: NativeBuglyVersion:3.3.1
10-09 15:55:13.920 27846 27846 I CrashReport: [Native] Native Crash Report enable.
10-09 15:55:13.920 27846 27846 I CrashReport: [Native] Info setting jni can be accessed.
10-09 15:55:13.920 27846 27846 I CrashReport: [Native] Extra jni can be accessed.
10-09 15:55:13.921 27846 27846 I CrashReport: anr changed to true
10-09 15:55:13.922 27846 27846 I CrashReport: start anr monitor!
10-09 15:55:13.923 27846 27864 I CrashReport-Native: Set native info: app version(1.4.1)
10-09 15:55:13.923 27846 27864 I CrashReport-Native: Set native info: app package(cn.com.autohome.travel)
10-09 15:55:13.923 27846 27864 I CrashReport-Native: Set native info: user ID(unknown)
10-09 15:55:13.923 27846 27864 I CrashReport-Native: Set native info: isAppForeground(false)
10-09 15:55:13.923 27846 27864 I CrashReport-Native: Set native info: launchTime(1507535713869)
10-09 15:55:13.925 27846 27865 I CrashReport: [ExtraCrashManager] no game agent
10-09 15:55:13.927 27846 27846 I CrashReportInfo: [init] Bugly initialization finished.
10-09 15:55:13.930 27846 27866 I CrashReport: [BuglyBroadcastRecevier] Register broadcast receiver of Bugly.
10-09 15:55:13.966 27846 27869 E umengsocial: ----sdkversion:6.4.3---
10-09 15:55:13.966 27846 27869 E umengsocial:  如有任何错误，请开启debug模式:在设置各平台APPID的地方添加代码：Config.DEBUG = true
10-09 15:55:13.966 27846 27869 E umengsocial: 所有编译问题或者设置问题，请参考文档：https://at.umeng.com/0fqeCy?cid=476
10-09 15:55:13.988 27846 27865 I System.out: [/system/bin/sh, -c, getprop]
10-09 15:55:13.988 27846 27865 I System.out: null
10-09 15:55:13.988 27846 27865 I System.out: null
10-09 15:55:13.990 27846 27865 I System.out: Calling by::className:com.tencent.bugly.proguard.z  MethodName:a
10-09 15:55:13.997  1031  1439 I chatty  : uid=1000(system) InputDispatcher expire 1 line
10-09 15:55:14.001 27846 27870 W DeviceConfig: Could not get mac address.[no permission android.permission.ACCESS_WIFI_STATE
10-09 15:55:14.007 23224 23224 I CrashReport-Native: Set native info: isAppForeground(false)
10-09 15:55:14.013  1972  2086 I ScenarioAction: new ScenarioAction sPoolSize: 0
10-09 15:55:14.013  1972  2086 I ScenarioService: old above launcher pkgs: [com.scanning, com.huawei.android.internal.app, com.android.browser, com.android.packageinstaller, cn.com.autohome.travel] new front:com.android.browser
10-09 15:55:14.029   485  1436 I chatty  : uid=1000(system) Binder:485_3 expire 1 line
10-09 15:55:14.030   485   534 I chatty  : uid=1000(system) Binder:485_2 expire 2 lines
10-09 15:55:14.050 18308 18308 I ActionTrace_HomePageShadow: BrowserController onRestart
10-09 15:55:14.052  1972  2203 I BacklightControl: can't adjust backlight when app launch from other scene.
10-09 15:55:14.053 18308 18308 I ActionTrace_HomePageShadow: BrowserController onStart
10-09 15:55:14.056  1972  2203 I ThermalStateManager: handle action thermal policy:203
10-09 15:55:14.057 18308 18308 I ActionTrace_push: HWPushAssistant#connectHuaweiApiClient usedTime: 1979688
10-09 15:55:14.058 18308 18308 I ActionTrace_HomePageShadow: BrowserController onResume
10-09 15:55:14.059  1972  2223 I PGServer: report state:10000 event type:2 pid:0 uid:0 pkg:cn.com.autohome.travel to pid: 1031
10-09 15:55:14.059  1972  2223 I PGServer: report state:10001 event type:1 pid:0 uid:0 pkg:com.android.browser to pid: 1031
10-09 15:55:14.060 27846 27870 W DeviceConfig: Could not get mac address.[no permission android.permission.ACCESS_WIFI_STATE
10-09 15:55:14.064 27846 27846 W DeviceId: galaxy lib host missing meta-data,make sure you know the right way to integrate galaxy
10-09 15:55:14.064 27846 27846 W DeviceId: galaxy lib host missing meta-data,make sure you know the right way to integrate galaxy
10-09 15:55:14.064 27846 27846 W DeviceId: galaxy lib host missing meta-data,make sure you know the right way to integrate galaxy
10-09 15:55:14.070 18308 18345 I OpenGLRenderer: Initialized EGL, version 1.4
10-09 15:55:14.074   485  1634 I chatty  : uid=1000(system) Binder:485_4 expire 5 lines
10-09 15:55:14.077 27846 27846 I BaiduApiAuth: BaiduApiAuth SDK Version:1.0.20
10-09 15:55:14.078 18308 18308 I ActionTrace_view: ACWindowEnvironment#dispatchDraw
10-09 15:55:14.078 18308 18308 I ActionTrace_view: WindowLayer#dispatchDrawfalse
10-09 15:55:14.079 18308 18308 I ActionTrace_activity: frame 1
10-09 15:55:14.079  1645  1645 I PhoneStatusBarPolicy: updateBluetooth:::setBluetoothBatteryEnable false.
10-09 15:55:14.079  1645  1645 I PhoneStatusBarPolicy: updateBluetooth::bluetoothEnabled:false, bluetoothConnected=false, bluetoothTransfering=false
10-09 15:55:14.085 18308 18345 E OpenGLRenderer: allen debug liyu Key: 0
10-09 15:55:14.086 18308 18345 E OpenGLRenderer: allen debug liyu Key: 1
10-09 15:55:14.087 18308 18345 E OpenGLRenderer: allen debug liyu Key: 3
10-09 15:55:14.095 27846 27865 I System.out: [/system/bin/sh, -c, type su]
10-09 15:55:14.095 27846 27865 I System.out: null
10-09 15:55:14.095 27846 27865 I System.out: null
10-09 15:55:14.095 27846 27865 I System.out: Calling by::className:com.tencent.bugly.proguard.z  MethodName:a
10-09 15:55:14.110 18308 18308 I ActionTrace_activity: frame 2
10-09 15:55:14.114 27846 27846 I SendBroadcastPermission: action:permission check ok, mPermissionType:0
10-09 15:55:14.115 27846 27865 I CrashReport: rom:HuaWei/EMOTION/EmotionUI_5.0
10-09 15:55:14.120 27846 27865 I CrashReport: [UploadManager] Create and start a new thread to execute a task of initializing security context: BUGLY_ASYNC_UPLOAD
10-09 15:55:14.124 27846 27886 I CrashReport: [UploadManager] Create and start a new thread to execute a upload task: BUGLY_ASYNC_UPLOAD
10-09 15:55:14.126 18308 18308 I ActionTrace_activity: frame 3
10-09 15:55:14.143 18308 18308 I ActionTrace_activity: frame 4
10-09 15:55:14.177 18308 18308 I ActionTrace_activity: frame 5
10-09 15:55:14.193 18308 18308 I ActionTrace_activity: frame 6
10-09 15:55:14.211 18308 18308 I ActionTrace_activity: frame 7
10-09 15:55:14.227 18308 18308 I ActionTrace_activity: frame 8
10-09 15:55:14.244 18308 18308 I ActionTrace_activity: frame 9
10-09 15:55:14.277 18308 18308 I ActionTrace_activity: frame 10
10-09 15:55:14.284  1645  1645 W KeyguardUpdateMonitor: ACTION_BATTERY_CHANGED AMP: 0; Volt: 0
10-09 15:55:14.288 19394 19600 I CloudAlbum[8.0.1.304]: [OperationUtil] cancelNotify
10-09 15:55:14.293 27846 27887 I CrashReport: [Upload] Success: userinfo
10-09 15:55:14.294 18308 18308 I ActionTrace_activity: frame 11
10-09 15:55:14.298  1645  1645 W KeyguardUpdateMonitor: ChargingSpeed  Wattage: -1 ST: 5000000 --> 7500000
10-09 15:55:14.298  1645  1645 I KgBattery: BatteryInfo updated:  2lPc-1
10-09 15:55:14.298  1645  1645 W AppHandler: sendMessage with obj100
10-09 15:55:14.298  1645  1645 W KgBattery: getCharge info with type: text
10-09 15:55:14.300  1645  1645 W HwLockScreenPanel: Handle message: 100
10-09 15:55:14.300  1645  1645 W HwLockScreenPanel: refreshBatteryInfo: null
10-09 15:55:14.310 18308 18308 I ActionTrace_activity: frame 12
10-09 15:55:14.319 27846 27870 E UClient : org.json.JSONException: Value ok of type java.lang.String cannot be converted to JSONObject:  [Caught Exception in decryptData()]
10-09 15:55:14.319 27846 27870 E UClient :         at	 org.json.JSON.typeMismatch(JSON.java:111)
10-09 15:55:14.319 27846 27870 E UClient :         at	 org.json.JSONObject.<init>(JSONObject.java:160)
10-09 15:55:14.319 27846 27870 E UClient :         at	 org.json.JSONObject.<init>(JSONObject.java:173)
10-09 15:55:14.319 27846 27870 E UClient :         at	 com.umeng.socialize.net.utils.UClient.decryptData(UClient.java:477)
10-09 15:55:14.319 27846 27870 E UClient :         at	 com.umeng.socialize.net.utils.UClient.parseResult(UClient.java:410)
10-09 15:55:14.319 27846 27870 E UClient :         at	 com.umeng.socialize.net.utils.UClient.httpGetRequest(UClient.java:213)
10-09 15:55:14.319 27846 27870 E UClient :         at	 com.umeng.socialize.net.utils.UClient.execute(UClient.java:72)
10-09 15:55:14.319 27846 27870 E UClient :         at	 com.umeng.socialize.net.base.SocializeClient.execute(SocializeClient.java:33)
10-09 15:55:14.319 27846 27870 E UClient :         at	 com.umeng.socialize.net.stats.StatsAPIs.dauStats(StatsAPIs.java:124)
10-09 15:55:14.319 27846 27870 E UClient :         at	 com.umeng.socialize.net.analytics.SocialAnalytics$8.run(SocialAnalytics.java:238)
10-09 15:55:14.319 27846 27870 E UClient :         at	 java.util.concurrent.Executors$RunnableAdapter.call(Executors.java:428)
10-09 15:55:14.319 27846 27870 E UClient :         at	 java.util.concurrent.FutureTask.run(FutureTask.java:237)
10-09 15:55:14.319 27846 27870 E UClient :         at	 java.util.concurrent.ThreadPoolExecutor.runWorker(ThreadPoolExecutor.java:1133)
10-09 15:55:14.319 27846 27870 E UClient :         at	 java.util.concurrent.ThreadPoolExecutor$Worker.run(ThreadPoolExecutor.java:607)
10-09 15:55:14.320 27846 27870 E UClient :         at	 java.lang.Thread.run(Thread.java:776)
10-09 15:55:14.327 18308 18308 I ActionTrace_activity: frame 13
10-09 15:55:14.360 18308 18308 I ActionTrace_activity: frame 14
10-09 15:55:14.371 18308 18313 I art     : Compiler allocated 6MB to compile void com.uc.browser.webwindow.gm.notify(com.uc.framework.b.n)
10-09 15:55:14.377 18308 18308 I ActionTrace_activity: frame 15
10-09 15:55:14.394 18308 18308 I ActionTrace_activity: frame 16
10-09 15:55:14.410 18308 18308 I ActionTrace_activity: frame 17
10-09 15:55:14.427 18308 18308 I ActionTrace_activity: frame 18
10-09 15:55:14.461 18308 18308 I ActionTrace_activity: frame 19
10-09 15:55:14.477 18308 18308 I ActionTrace_activity: frame 20
10-09 15:55:14.494 18308 18308 I ActionTrace_activity: frame 21
10-09 15:55:14.510 18308 18308 I ActionTrace_activity: frame 22
10-09 15:55:14.544 18308 18308 I ActionTrace_activity: frame 23
10-09 15:55:14.560 18308 18308 I ActionTrace_activity: frame 24
10-09 15:55:14.577 18308 18308 I ActionTrace_activity: frame 25
10-09 15:55:14.594 18308 18308 I ActionTrace_activity: frame 26
10-09 15:55:14.610 18308 18308 I ActionTrace_activity: frame 27
10-09 15:55:14.644 18308 18308 I ActionTrace_activity: frame 28
10-09 15:55:14.661 18308 18308 I ActionTrace_activity: frame 29
10-09 15:55:14.677 18308 18308 I ActionTrace_activity: frame 30
10-09 15:55:14.694 18308 18308 I ActionTrace_activity: frame 31
10-09 15:55:14.728 18308 18308 I ActionTrace_activity: frame 32
10-09 15:55:14.745 18308 18308 I ActionTrace_activity: frame 33
10-09 15:55:14.761 18308 18308 I ActionTrace_activity: frame 34
10-09 15:55:14.778 18308 18308 I ActionTrace_activity: frame 35
10-09 15:55:14.811 18308 18308 I ActionTrace_activity: frame 36
10-09 15:55:14.828 18308 18308 I ActionTrace_activity: frame 37
10-09 15:55:14.844 18308 18308 I ActionTrace_activity: frame 38
10-09 15:55:14.861 18308 18308 I ActionTrace_activity: frame 39
10-09 15:55:14.862   485   485 I chatty  : uid=1000(system) /system/bin/surfaceflinger expire 1 line
10-09 15:55:14.877 18308 18308 I ActionTrace_activity: frame 40
