10-09 15:55:27.105   508   508 I StreamImpl: instance[0xefae2500], return buffer(7) succeed, count(4) still at DRV . 
10-09 15:55:27.106   508   508 I Camera3-Device: processCaptureResult(), frame number: 16, output buffers: 1, use partial result: false
10-09 15:55:27.106   508   508 I Camera3-Device: returnOutputBuffers(), stream 0xef7ff900 return output buffer 0xf02d0084.
10-09 15:55:27.106   508   508 I StreamImpl: instance[0xefae2500], return buffer(0) succeed, count(3) still at DRV . 
10-09 15:55:27.106   508   508 I Camera3-Device: processCaptureResult(), frame number: 17, output buffers: 1, use partial result: false
10-09 15:55:27.106   508   508 I Camera3-Device: returnOutputBuffers(), stream 0xef7ff900 return output buffer 0xf02cf184.
10-09 15:55:27.106   508   508 I StreamImpl: instance[0xefae2500], return buffer(1) succeed, count(2) still at DRV . 
10-09 15:55:27.106   508   508 I Camera3-Device: processCaptureResult(), frame number: 18, output buffers: 1, use partial result: false
10-09 15:55:27.106   508   508 I Camera3-Device: returnOutputBuffers(), stream 0xef7ff900 return output buffer 0xf02cf544.
10-09 15:55:27.106   508   508 I StreamImpl: instance[0xefae2500], return buffer(2) succeed, count(1) still at DRV . 
10-09 15:55:27.106   508   508 I Camera3-Device: processCaptureResult(), frame number: 19, output buffers: 1, use partial result: false
10-09 15:55:27.106   508   508 I Camera3-Device: returnOutputBuffers(), stream 0xef7ff900 return output buffer 0xf02cf864.
10-09 15:55:27.106   508   508 I StreamImpl: instance[0xefae2500], return buffer(3) succeed, count(0) still at DRV . 
10-09 15:55:27.106   508   508 I Camera3-Device: processCaptureResult(), frame number: 20, output buffers: 1, use partial result: false
10-09 15:55:27.106   508   508 I Camera3-IOStreamBase: returnAnyBufferLocked: Stream 2: All buffers returned; now idle
10-09 15:55:27.106   508   508 I Camera3-Device: returnOutputBuffers(), stream 0xef7ff900 return output buffer 0xf02cf364.
10-09 15:55:27.106   508 27951 I Camera3-Status: Camera device is now idle
10-09 15:55:27.106   508   508 I Camera3-Device: flush: Camera 0: Flush done, last frame number 0, return: 0.
10-09 15:55:27.126  1031  2493 I chatty  : uid=1000(system) Binder:1031_A expire 1 line
10-09 15:55:27.170   506   623 I HISPMsgController: virtual TRetCode hw::CHISPRpmsgController::procMsgAck(hisp_msg_t &): api:MSG_EVENT_SENT extern:0x4 message_id:0x0
10-09 15:55:27.170   506   623 I ImagingSystem: enter AFDoneTimeEvent()
10-09 15:55:27.171   506   629 I Reprocess: void hw::CFilterReprocess::updateBufferList(): not focused, notity drop frame.
10-09 15:55:27.171   506   629 I Reprocess: void hw::CFilterReprocess::updateBufferList(): not focused, notity drop frame.
10-09 15:55:27.171   506   629 I Reprocess: void hw::CFilterReprocess::updateBufferList(): not focused, notity drop frame.
10-09 15:55:27.189   506 27985 I         : virtual buffer_md_t *hw::COutMetaSplit::splitOutMeta(hw::CDataTable &, hw::ISensorModuleSpec *), ae_state=2, trigger_id=0, preflash_state=0, need_lcd_compension=0,flash_state=2, capflash_ae_effect=0, resume_ae_doing=0ae_mode=1, ae_precapture=0
10-09 15:55:27.190   506   629 I Reprocess: TRetCode hw::CFilterReprocess::doReceive(hw::IBuffer *):drop current frame
10-09 15:55:27.190   506 27983 W IppFrameImpl: [HWA_CAM3]getDepthAddr, have no depth buf
10-09 15:55:27.192   506 27983 I contrastCal: [smartAf]contrast_cal_process: giNumFlagDoAF = 17, focus_stage = 4
10-09 15:55:27.192   506 27983 I contrastCal: FocusRect =(w143, h143)
10-09 15:55:27.193   506 27983 I contrastCal: rect[top:130, left:411, width:143, height:143]
10-09 15:55:27.193   506 27983 I contrastCal: full win contrast:1073
10-09 15:55:27.193   506 27983 I contrastCal: debug_af, point_light_flag:0, curr[code:558, fv:1073, light num:0]
10-09 15:55:27.193   506 27983 E HwaStatInfo: [0512fd9_64E] getDualDepthImage() Depth Image is NULL 
10-09 15:55:27.193   506 27983 I LaserSelfCali: laserSelfCali,mFrameNum3:16,fr:24,iso:331,exp:40000,RangeMilliMeter:11,RangeStatus:0,SignalRate:1274880,spad:676,Ambient:0,Xtalk:0,Timeout:33,signal:9,sigma:60,RIT:69,mIsInfinity:0,mDirtyXtalk:0,mIsDirty:0
10-09 15:55:27.229   506 27985 I         : virtual buffer_md_t *hw::COutMetaSplit::splitOutMeta(hw::CDataTable &, hw::ISensorModuleSpec *), af_mode=1, af_state=4, trigger_id=1, vcm_code=532, vcm_virtual_code=303, af_region[1351,853,2617,2120,1000] pointFlag[0]
10-09 15:55:27.229   506 27985 I         : AF debug_info[0] : mmitype = 0, result = 0;e_force_stage = 0, step_cnt_of_trip = 0, step_of_trip = 0,cur_pos_code = 532,cur_pos_contrast = 0, top_code = 0, top_contrast = 0
10-09 15:55:27.229   506 27985 I         : virtual buffer_md_t *hw::COutMetaSplit::splitOutMeta(hw::CDataTable &, hw::ISensorModuleSpec *), ae_state=2, trigger_id=0, preflash_state=0, need_lcd_compension=0,flash_state=2, capflash_ae_effect=0, resume_ae_doing=0ae_mode=1, ae_precapture=0
10-09 15:55:27.230   506   629 I Reprocess: TRetCode hw::CFilterReprocess::doReceive(hw::IBuffer *):drop current frame
10-09 15:55:27.230   506 27983 W IppFrameImpl: [HWA_CAM3]getDepthAddr, have no depth buf
10-09 15:55:27.232   506 27983 I SmartAE : SmartAE_HISI,mFrameCnt:18,mStableFrameBegin:18,cameraID:0,isSaliencyOrChOver:0,SAE_EVComp:0,mSetEVComp:0,T:25,ISO:331,isAEStable:1,aeLock:0,mIsSetEVComp:1,mYTotalMean:81,isDiffYMean:0,mStable:1,mImageStable:1,msnapShotMode:1,faceNum:0,mTouched:1,faceTouchEVComp:11,isDualHDR:0,isHDR:0,HDRReserveData:0,HDRFrameNum:0,HDREV:0 0 0 0,NL_EVComLevel:0,mCurrentScene:20
10-09 15:55:27.232   506 27983 I contrastCal: [smartAf]contrast_cal_process: giNumFlagDoAF = 18, focus_stage = 0
10-09 15:55:27.232   506 27983 I contrastCal: [smartAf]Normal:
10-09 15:55:27.232   506 27983 I contrastCal: [smartAf]array[ 462, 1453]
10-09 15:55:27.232   506 27983 I contrastCal: [smartAf]array[ 486, 1568]
10-09 15:55:27.232   506 27983 I contrastCal: [smartAf]array[ 510, 1153]
10-09 15:55:27.232   506 27983 I contrastCal: [smartAf]array[ 534,  722]
10-09 15:55:27.232   506 27983 I contrastCal: [smartAf]array[ 558, 1073]
10-09 15:55:27.232   506 27983 I contrastCal: [smartAf]Zone:
10-09 15:55:27.232   506 27983 I contrastCal: [smartAf]array[ 462, 3417]
10-09 15:55:27.232   506 27983 I contrastCal: [smartAf]array[ 486, 3418]
10-09 15:55:27.232   506 27983 I contrastCal: [smartAf]array[ 510, 2712]
10-09 15:55:27.232   506 27983 I contrastCal: [smartAf]array[ 534,  910]
10-09 15:55:27.232   506 27983 I contrastCal: [smartAf]array[ 558, 1610]
10-09 15:55:27.232   506 27983 I contrastCal: [smartAf]Enlarge:
10-09 15:55:27.232   506 27983 I contrastCal: [smartAf]array[ 462, 1453]
10-09 15:55:27.232   506 27983 I contrastCal: [smartAf]array[ 486, 1568]
10-09 15:55:27.232   506 27983 I contrastCal: [smartAf]array[ 510, 1153]
10-09 15:55:27.232   506 27983 I contrastCal: [smartAf]array[ 534,  722]
10-09 15:55:27.232   506 27983 I contrastCal: [smartAf]array[ 558, 1073]
10-09 15:55:27.233   506 27983 E HwaStatInfo: [0512fd9_64E] getDualDepthImage() Depth Image is NULL 
10-09 15:55:27.235  1031  1031 I chatty  : uid=1000 system_server expire 9 lines
10-09 15:55:27.269   506 27985 I         : virtual buffer_md_t *hw::COutMetaSplit::splitOutMeta(hw::CDataTable &, hw::ISensorModuleSpec *), ae_state=2, trigger_id=0, preflash_state=0, need_lcd_compension=0,flash_state=2, capflash_ae_effect=0, resume_ae_doing=0ae_mode=1, ae_precapture=0
10-09 15:55:27.270   506 27983 W IppFrameImpl: [HWA_CAM3]getDepthAddr, have no depth buf
10-09 15:55:27.271   506   629 I Reprocess: TRetCode hw::CFilterReprocess::doReceive(hw::IBuffer *):drop current frame
10-09 15:55:27.273   506 27983 I contrastCal: [smartAf]contrast_cal_process: giNumFlagDoAF = 1, focus_stage = 0
10-09 15:55:27.273   506 27983 E HwaStatInfo: [0512fd9_64E] getDualDepthImage() Depth Image is NULL 
10-09 15:55:27.273   506 27983 I LaserSelfCali: laserSelfCali,mFrameNum3:18,fr:24,iso:331,exp:40000,RangeMilliMeter:15,RangeStatus:0,SignalRate:1272320,spad:676,Ambient:0,Xtalk:0,Timeout:33,signal:9,sigma:60,RIT:69,mIsInfinity:0,mDirtyXtalk:0,mIsDirty:0
10-09 15:55:27.280  1031  1454 I chatty  : uid=1000(system) WifiStateMachin expire 1 line
10-09 15:55:27.283  1031  1524 I chatty  : uid=1000(system) HuaweiWifiWatch expire 7 lines
10-09 15:55:27.283  1031  1522 I chatty  : uid=1000(system) Thread-13 expire 4 lines
10-09 15:55:27.287  1031  3500 I chatty  : uid=1000(system) MobileQosDetect expire 2 lines
10-09 15:55:27.309   506 27985 I         : virtual buffer_md_t *hw::COutMetaSplit::splitOutMeta(hw::CDataTable &, hw::ISensorModuleSpec *), ae_state=2, trigger_id=0, preflash_state=0, need_lcd_compension=0,flash_state=2, capflash_ae_effect=0, resume_ae_doing=0ae_mode=1, ae_precapture=0
10-09 15:55:27.310   506 27983 W IppFrameImpl: [HWA_CAM3]getDepthAddr, have no depth buf
10-09 15:55:27.312   506 27983 I SmartAE : SmartAE_HISI,mFrameCnt:20,mStableFrameBegin:18,cameraID:0,isSaliencyOrChOver:0,SAE_EVComp:0,mSetEVComp:0,T:25,ISO:331,isAEStable:1,aeLock:0,mIsSetEVComp:1,mYTotalMean:82,isDiffYMean:0,mStable:1,mImageStable:1,msnapShotMode:1,faceNum:0,mTouched:1,faceTouchEVComp:11,isDualHDR:0,isHDR:0,HDRReserveData:0,HDRFrameNum:0,HDREV:0 0 0 0,NL_EVComLevel:0,mCurrentScene:20
10-09 15:55:27.312   506 27983 I contrastCal: [smartAf]contrast_cal_process: giNumFlagDoAF = 2, focus_stage = 0
10-09 15:55:27.312   506 27983 E HwaStatInfo: [0512fd9_64E] getDualDepthImage() Depth Image is NULL 
10-09 15:55:27.350   506 27985 I         : virtual buffer_md_t *hw::COutMetaSplit::splitOutMeta(hw::CDataTable &, hw::ISensorModuleSpec *), ae_state=2, trigger_id=0, preflash_state=0, need_lcd_compension=0,flash_state=2, capflash_ae_effect=0, resume_ae_doing=0ae_mode=1, ae_precapture=0
10-09 15:55:27.351   506 27983 W IppFrameImpl: [HWA_CAM3]getDepthAddr, have no depth buf
10-09 15:55:27.354   506 27983 I contrastCal: [smartAf]contrast_cal_process: giNumFlagDoAF = 3, focus_stage = 0
10-09 15:55:27.354   506 27983 E HwaStatInfo: [0512fd9_64E] getDualDepthImage() Depth Image is NULL 
10-09 15:55:27.354   506 27983 I LaserSelfCali: laserSelfCali,mFrameNum3:20,fr:24,iso:331,exp:40000,RangeMilliMeter:12,RangeStatus:0,SignalRate:1276928,spad:676,Ambient:0,Xtalk:0,Timeout:33,signal:9,sigma:60,RIT:69,mIsInfinity:0,mDirtyXtalk:0,mIsDirty:0
10-09 15:55:27.390   506 27985 I         : virtual buffer_md_t *hw::COutMetaSplit::splitOutMeta(hw::CDataTable &, hw::ISensorModuleSpec *), ae_state=2, trigger_id=0, preflash_state=0, need_lcd_compension=0,flash_state=2, capflash_ae_effect=0, resume_ae_doing=0ae_mode=1, ae_precapture=0
10-09 15:55:27.391   506 27983 W IppFrameImpl: [HWA_CAM3]getDepthAddr, have no depth buf
10-09 15:55:27.392   506 27983 I SmartAE : SmartAE_HISI,mFrameCnt:22,mStableFrameBegin:18,cameraID:0,isSaliencyOrChOver:0,SAE_EVComp:0,mSetEVComp:0,T:25,ISO:331,isAEStable:1,aeLock:0,mIsSetEVComp:1,mYTotalMean:83,isDiffYMean:0,mStable:1,mImageStable:1,msnapShotMode:1,faceNum:0,mTouched:1,faceTouchEVComp:11,isDualHDR:0,isHDR:0,HDRReserveData:0,HDRFrameNum:0,HDREV:0 0 0 0,NL_EVComLevel:0,mCurrentScene:20
10-09 15:55:27.392   506 27983 I contrastCal: [smartAf]contrast_cal_process: giNumFlagDoAF = 4, focus_stage = 0
10-09 15:55:27.393   506 27983 E HwaStatInfo: [0512fd9_64E] getDualDepthImage() Depth Image is NULL 
10-09 15:55:27.393   506  1351 I ImagingSystem: void hw::CImagingPipeline::metaBufferDone()(2850): meta buffer list is null when SOF.
10-09 15:55:27.399   508  1355 I Camera2Client: disconnect(), Camera 0, calling PID: 19773, client PID: 19773, service PID: 508
10-09 15:55:27.399   508  1355 I Camera2Client: Camera 0: Shutting down
10-09 15:55:27.399   508  1355 I Camera2-StreamingProcessor: stopStream: Camera 0
10-09 15:55:27.399   508  1355 I Camera2-StreamingProcessor: stopStream: Camera 0
10-09 15:55:27.399   508  1355 I Camera3-Device: flush: Camera 0: Flushing all requests
10-09 15:55:27.399   508  1355 I Camera3-Device: RequestThread::clear:
10-09 15:55:27.399   508  1355 I Camera3Device: int hw::Camera3Device::flush()(2218): instance[0xf02db540]. 
10-09 15:55:27.399   508  1355 W Camera3Device: int hw::Camera3Device::flush()(2232): instance[0xf02db540], has Flushed. 
10-09 15:55:27.399   508  1355 I Camera3-Device: flush: Camera 0: Flush done, last frame number 0, return: 0.
10-09 15:55:27.399   508  1355 I Camera2Client: Camera 0: Waiting for threads
10-09 15:55:27.399   508  1355 I Camera2Client: Camera 0: Deleting streams
10-09 15:55:27.399   508  1355 I Camera2-StreamingProcessor: deletePreviewStream: for cameraId 0 on streamId 0
10-09 15:55:27.399   508  1355 I Camera3-Device: deleteStream: Camera 0: Deleting stream 0
10-09 15:55:27.399   508  1355 I Camera3-Device: deleteStream(), delete stream: 0, 0xf02b4800
10-09 15:55:27.399   508  1355 I Camera3-Stream: disconnect: Stream 0, 0xf02b4800: Disconnecting...
10-09 15:55:27.399   508  1355 I Camera3-OutputStream: disconnectLocked: disconnecting stream 0 from native window, for stream 0xf02b4800
10-09 15:55:27.400   485  2293 I chatty  : uid=1000(system) Binder:485_5 expire 5 lines
10-09 15:55:27.400   485  2293 I gralloc : alloc_device_free:586: Free handle(0x793286b100)
10-09 15:55:27.400   508  1355 I Camera3-Device: deleteStream: Camera 0: Deleting stream 0, return: 0
10-09 15:55:27.401   508  1355 I Camera3-Device: deleteStream: Camera 0: Deleting stream 1
10-09 15:55:27.401   508  1355 I Camera3-Device: deleteStream(), delete stream: 1, 0xef2e8000
10-09 15:55:27.401   508  1355 I Camera3-Stream: disconnect: Stream 1, 0xef2e8000: Disconnecting...
10-09 15:55:27.401   508  1355 I Camera3-OutputStream: disconnectLocked: disconnecting stream 1 from native window, for stream 0xef2e8000
10-09 15:55:27.401   508  1355 I Camera3-Device: deleteStream: Camera 0: Deleting stream 1, return: 0
10-09 15:55:27.401   508  1355 I Camera3-Device: deleteStream: Camera 0: Deleting stream 2
10-09 15:55:27.401   508  1355 I Camera3-Device: deleteStream(), delete stream: 2, 0xef7ff900
10-09 15:55:27.401   508  1355 I Camera3-Stream: disconnect: Stream 2, 0xef7ff900: Disconnecting...
10-09 15:55:27.401   508  1355 I Camera3-OutputStream: disconnectLocked: disconnecting stream 2 from native window, for stream 0xef7ff900
10-09 15:55:27.401   508  1355 I Camera3-Device: deleteStream: Camera 0: Deleting stream 2, return: 0
10-09 15:55:27.403   508  1355 I Camera2Client: Camera 0: Disconnecting device
10-09 15:55:27.403   508  1355 I Camera3-Device: disconnect: E
10-09 15:55:27.403   508  1355 I Camera3-Device: disconnect: request thread and status tracker exit.
10-09 15:55:27.403   508  1355 I Camera3Device: int hw::Camera3Device::close()(843): instance[0x0xf02db540]. 
10-09 15:55:27.403   508  1355 I Camera3DeviceImpl: int hw::Camera3DeviceImpl::close()(407): instance[0xf02c7500]. 
10-09 15:55:27.403   508 27949 I Camera3DeviceImpl: virtual bool hw::Camera3DeviceImpl::threadLoop(): result: -1 exit poll loop. 
10-09 15:55:27.403   508  1355 I MetaImpl: virtual int hw::Camera3MetadataImpl::stop()(1189): instance[0xf02c02a0], start(0), flush(1). 
10-09 15:55:27.404   506  1351 I ImagingSystem: #Camera# [12793387]> 1_stopStreaming
10-09 15:55:27.404   506  1351 I HispManager: virtual TRetCode hw::CHISPManager::stopStreaming(hw::IImagingPipeline *, uint32_t) enter .
10-09 15:55:27.443   506 27983 I IppAlgoFilter: processFrame skip frame after prepareStop
10-09 15:55:27.443   506   629 I Reprocess: Drop the buffer if reprocess is deactive.
10-09 15:55:27.443   506  1351 I ImagingSystem: TRetCode hw::CHISPFeatureTNR::set(bool)(1363) set TNR mode to 0!
10-09 15:55:27.444   506 27985 I         : virtual buffer_md_t *hw::COutMetaSplit::splitOutMeta(hw::CDataTable &, hw::ISensorModuleSpec *), ae_state=2, trigger_id=0, preflash_state=0, need_lcd_compension=0,flash_state=2, capflash_ae_effect=0, resume_ae_doing=0ae_mode=1, ae_precapture=0
10-09 15:55:27.444   506 27989 I ImagingSystem: TRetCode hw::CHISPProcessorManager::wait4Start(): ignore waiting .
10-09 15:55:27.444   506 27989 E HispFilter: virtual TRetCode hw::CFilterHISPBase::packetStreamBuffers(): (#0) enqueue ISP Buffer failed !
10-09 15:55:27.444   506 27981 I IppAlgoFilter: processFrame skip frame after prepareStop
10-09 15:55:27.444   506 27977 I CFilterDownscale: receive() skip frame after ready stop
10-09 15:55:27.444   506 27985 I         : virtual buffer_md_t *hw::COutMetaSplit::splitOutMeta(hw::CDataTable &, hw::ISensorModuleSpec *), ae_state=2, trigger_id=0, preflash_state=0, need_lcd_compension=0,flash_state=2, capflash_ae_effect=0, resume_ae_doing=0ae_mode=1, ae_precapture=0
10-09 15:55:27.444   506 27976 I CFilterDownscale: receive() skip frame after ready stop
10-09 15:55:27.445   506 27983 I IppAlgoFilter: processFrame skip frame after prepareStop
10-09 15:55:27.445   506 27983 I IppAlgoFilter: processFrame skip frame after prepareStop
10-09 15:55:27.445   506  1351 I HispManager: TRetCode hw::CHISPManager::deInitMsgController(): enter
10-09 15:55:27.445   506  1351 I DmapManager: virtual TRetCode hw::CHISPDmapManager::stopStreaming(hw::IImagingPipeline *, uint32_t): enter
10-09 15:55:27.445   506  1351 I ImagingSystem: virtual TRetCode hw::CSensorManager::stopStreaming(hw::IImagingPipeline *, uint32_t) enter
10-09 15:55:27.445   506 27981 I IppAlgoFilter: processFrame skip frame after prepareStop
10-09 15:55:27.445   506 27985 I         : virtual buffer_md_t *hw::COutMetaSplit::splitOutMeta(hw::CDataTable &, hw::ISensorModuleSpec *), ae_state=2, trigger_id=0, preflash_state=0, need_lcd_compension=0,flash_state=2, capflash_ae_effect=0, resume_ae_doing=0ae_mode=1, ae_precapture=0
10-09 15:55:27.445   506 27991 E MotionSensorGather: Thread[CGsensorGather] exit! 
10-09 15:55:27.445   506 27976 I CFilterDownscale: receive() skip frame after ready stop
10-09 15:55:27.446   506 27977 I CFilterDownscale: receive() skip frame after ready stop
10-09 15:55:27.446   506 27981 I IppAlgoFilter: processFrame skip frame after prepareStop
10-09 15:55:27.446   506  1351 I MotionSensorGather: enter ~CMotionsensorGather()
10-09 15:55:27.446   506 27976 I CFilterDownscale: receive() skip frame after ready stop
10-09 15:55:27.446   506 27977 I CFilterDownscale: receive() skip frame after ready stop
10-09 15:55:27.446   506   629 I Reprocess: Drop the buffer if reprocess is deactive.
10-09 15:55:27.446   506   629 I Reprocess: TRetCode hw::CFilterReprocess::doReceive(hw::IBuffer *):drop current frame
10-09 15:55:27.448  1031  2143 I chatty  : uid=1000(system) Binder:1031_9 expire 1 line
10-09 15:55:27.452  1031 15723 I chatty  : uid=1000(system) Binder:1031_19 expire 1 line
10-09 15:55:27.454  1031  8551 I chatty  : uid=1000(system) Binder:1031_16 expire 1 line
10-09 15:55:27.456   506  1351 I FLashInfoProcess: enter Gsensor void hw::CFlashInfoProcesser::stopGsensor()()
10-09 15:55:27.456   506 27990 E FLashInfoProcess: Thread[CGsensorGather] exit! 
10-09 15:55:27.459   506  1351 W PipelineImpl: virtual TRetCode hw::CPipelineImpl::disconnectPostProc(hw::CDataTable &): post proc is already disconnected .
10-09 15:55:27.459   506  1351 I ImagingSystem: virtual TRetCode hw::CPipelineBase::stop()(3392): instance[0x7daa0e7800]. 
10-09 15:55:27.459   506  1351 I ImagingSystem: virtual TRetCode hw::CFilterBase::stop()(795): (stream.sink) instance[0x7d8b80cc00]. 
10-09 15:55:27.459   506  1351 I ImagingSystem: virtual TRetCode hw::CFilterBase::stop()(795): (stream.sink) instance[0x7d8ab5c400]. 
10-09 15:55:27.459   506  1351 I ImagingSystem: virtual TRetCode hw::CFilterBase::stop()(795): (stream.sink) instance[0x7d8ab5c800]. 
10-09 15:55:27.459   506  1351 I ImagingSystem: virtual TRetCode hw::CFilterBase::stop()(795): (HISPMetaOutput) instance[0x7daa1aad00]. 
10-09 15:55:27.459   506  1351 I ImagingSystem: virtual TRetCode hw::CGraphicMemoryAllocator::doDeallocate4Idle()(0x7daa05af80) m_listIdle.size(5) m_listBusy.size(1) m_rgBuffer.size(6)
10-09 15:55:27.459   506  1351 I ImagingSystem: virtual TRetCode hw::CGraphicMemoryAllocator::doDeallocate4Idle()(347, 0x7daa05af80). w[614400], h[1], f[0x10a], u[42420003].
10-09 15:55:27.459   506  1351 I gralloc : alloc_device_free:586: Free handle(0x7daa0e3f00)
10-09 15:55:27.459   506  1351 I ImagingSystem: virtual TRetCode hw::CGraphicMemoryAllocator::doDeallocate4Idle()(347, 0x7daa05af80). w[614400], h[1], f[0x10a], u[42420003].
10-09 15:55:27.459   506  1351 I gralloc : alloc_device_free:586: Free handle(0x7d8abe0100)
10-09 15:55:27.459   506  1351 I ImagingSystem: virtual TRetCode hw::CGraphicMemoryAllocator::doDeallocate4Idle()(347, 0x7daa05af80). w[614400], h[1], f[0x10a], u[42420003].
10-09 15:55:27.459   506  1351 I gralloc : alloc_device_free:586: Free handle(0x7d8abe0300)
10-09 15:55:27.459   506  1351 I ImagingSystem: virtual TRetCode hw::CGraphicMemoryAllocator::doDeallocate4Idle()(347, 0x7daa05af80). w[614400], h[1], f[0x10a], u[42420003].
10-09 15:55:27.459   506  1351 I gralloc : alloc_device_free:586: Free handle(0x7d8abe0500)
10-09 15:55:27.459   506  1351 I ImagingSystem: virtual TRetCode hw::CGraphicMemoryAllocator::doDeallocate4Idle()(347, 0x7daa05af80). w[614400], h[1], f[0x10a], u[42420003].
10-09 15:55:27.459   506  1351 I gralloc : alloc_device_free:586: Free handle(0x7daa0e3700)
10-09 15:55:27.459   506  1351 I ImagingSystem: virtual TRetCode hw::CGraphicMemoryAllocator::doDeallocate4Idle()(0x7daa05af80) m_rgBuffer.size(1)
10-09 15:55:27.459   506  1351 I ImagingSystem: virtual TRetCode hw::CFilterBase::stop()(795): (algo.ipp) instance[0x7daa11a000]. 
10-09 15:55:27.460   506  1351 I IppAlgoPortIn: [HWA_CAM3]this=0x7daa11a080, ipptype=0, enter deactivate()
10-09 15:55:27.460   506  1351 I IppAlgoFilter: [HWA_CAM3]this=0x7daa11a000, ipptype=0, enter destroyAlgo() 
10-09 15:55:27.460   506  1351 I IppAlgoPortIn: [HWA_CAM3]this=0x7daa11a080, ipptype=0, exit deactivate()
10-09 15:55:27.460   506  1351 I ImagingSystem: virtual TRetCode hw::CGraphicMemoryAllocator::doDeallocate4Idle()(0x7da8af88c0) m_listIdle.size(5) m_listBusy.size(1) m_rgBuffer.size(6)
10-09 15:55:27.460   506  1351 I ImagingSystem: virtual TRetCode hw::CGraphicMemoryAllocator::doDeallocate4Idle()(347, 0x7da8af88c0). w[1280], h[720], f[0x11], u[42420003].
10-09 15:55:27.460   506  1351 I gralloc : alloc_device_free:586: Free handle(0x7daa0e3300)
10-09 15:55:27.460   506  1351 I ImagingSystem: virtual TRetCode hw::CGraphicMemoryAllocator::doDeallocate4Idle()(347, 0x7da8af88c0). w[1280], h[720], f[0x11], u[42420003].
10-09 15:55:27.460   506  1351 I gralloc : alloc_device_free:586: Free handle(0x7daa0e3500)
10-09 15:55:27.460   506  1351 I ImagingSystem: virtual TRetCode hw::CGraphicMemoryAllocator::doDeallocate4Idle()(347, 0x7da8af88c0). w[1280], h[720], f[0x11], u[42420003].
10-09 15:55:27.460   506  1351 I gralloc : alloc_device_free:586: Free handle(0x7daa0e3b00)
10-09 15:55:27.460   506  1351 I ImagingSystem: virtual TRetCode hw::CGraphicMemoryAllocator::doDeallocate4Idle()(347, 0x7da8af88c0). w[1280], h[720], f[0x11], u[42420003].
10-09 15:55:27.460   506  1351 I gralloc : alloc_device_free:586: Free handle(0x7daa0e3d00)
10-09 15:55:27.460   506  1351 I ImagingSystem: virtual TRetCode hw::CGraphicMemoryAllocator::doDeallocate4Idle()(347, 0x7da8af88c0). w[1280], h[720], f[0x11], u[42420003].
10-09 15:55:27.460   506  1351 I gralloc : alloc_device_free:586: Free handle(0x7daa0e3100)
10-09 15:55:27.460   506  1351 I ImagingSystem: virtual TRetCode hw::CGraphicMemoryAllocator::doDeallocate4Idle()(0x7da8af88c0) m_rgBuffer.size(1)
10-09 15:55:27.460   506  1351 I IppAlgoPortIn: [HWA_CAM3]this=0x7daa11a080, ipptype=0, enter stop()
10-09 15:55:27.460   506  1351 I IppAlgoFilter: [HWA_CAM3]this=0x7daa11a000, ipptype=0, enter stopAlgo() 
10-09 15:55:27.460   506  1351 I IppAlgo : [HWA_CAM3]FRMC_ this=0x7daa0ecc90, ipptype=0, name=StatIpp, enter stop()
10-09 15:55:27.461   506 27992 I SensorGatherThread: [0512fd9_64I] Thread exit [SensorGatherThread]
10-09 15:55:27.462  1031 15724 I chatty  : uid=1000(system) Binder:1031_1A expire 1 line
10-09 15:55:27.464   506  1351 I Misc____: [0512fd9_64I] onStop,notifyLaserStatus(0)
10-09 15:55:27.464   506  1351 I DLibLoader: [0512fd9_64I] enter unloadSo(), mSoName=libtrans_depth_code.so
10-09 15:55:27.465   506  1351 I DLibLoader: [0512fd9_64I] enter ~DLibLoader()
10-09 15:55:27.465   506  1351 I IppAlgo : [HWA_CAM3]FRMC_ this=0x7daa0ecc90, ipptype=0, name=StatIpp, exit stop()
10-09 15:55:27.465   506  1351 I IppAlgoFilter: [HWA_CAM3]this=0x7daa11a000, ipptype=0, exit stopAlgo() 
10-09 15:55:27.465   506  1351 I IppAlgoFilter: [HWA_CAM3]this=0x7daa11a000, ipptype=0, enter resetFilterInfosAndDestroy() 
10-09 15:55:27.465   506  1351 I IppAlgoFilter: [HWA_CAM3]this=0x7daa11a000, ipptype=0, exit resetFilterInfosAndDestroy() 
10-09 15:55:27.465   506  1351 I IppAlgoPortIn: [HWA_CAM3]this=0x7daa11a080, ipptype=0, exit stop()
10-09 15:55:27.465   506  1351 I ImagingSystem: virtual TRetCode hw::CFilterBase::stop()(795): (downscale) instance[0x7daa1ac100]. 
10-09 15:55:27.465   506  1351 I ImagingSystem: virtual TRetCode hw::CGraphicMemoryAllocator::doDeallocate4Idle()(0x7daa059c40) m_listIdle.size(3) m_listBusy.size(1) m_rgBuffer.size(4)
10-09 15:55:27.465   506  1351 I ImagingSystem: virtual TRetCode hw::CGraphicMemoryAllocator::doDeallocate4Idle()(347, 0x7daa059c40). w[1920], h[1080], f[0x11], u[42420003].
10-09 15:55:27.465   506  1351 I gralloc : alloc_device_free:586: Free handle(0x7daa109c00)
10-09 15:55:27.465   506  1351 I ImagingSystem: virtual TRetCode hw::CGraphicMemoryAllocator::doDeallocate4Idle()(347, 0x7daa059c40). w[1920], h[1080], f[0x11], u[42420003].
10-09 15:55:27.465   506  1351 I gralloc : alloc_device_free:586: Free handle(0x7daa109e00)
10-09 15:55:27.465   506  1351 I ImagingSystem: virtual TRetCode hw::CGraphicMemoryAllocator::doDeallocate4Idle()(347, 0x7daa059c40). w[1920], h[1080], f[0x11], u[42420003].
10-09 15:55:27.465   506  1351 I gralloc : alloc_device_free:586: Free handle(0x7daa164e00)
10-09 15:55:27.466   506  1351 I ImagingSystem: virtual TRetCode hw::CGraphicMemoryAllocator::doDeallocate4Idle()(0x7daa059c40) m_rgBuffer.size(1)
10-09 15:55:27.466   506  1351 I ImagingSystem: virtual TRetCode hw::CFilterBase::stop()(795): (downscale) instance[0x7daa1ab200]. 
10-09 15:55:27.466   506  1351 I ImagingSystem: virtual TRetCode hw::CGraphicMemoryAllocator::doDeallocate4Idle()(0x7daa059c40) m_listIdle.size(0) m_listBusy.size(1) m_rgBuffer.size(1)
10-09 15:55:27.466   506  1351 I ImagingSystem: virtual TRetCode hw::CGraphicMemoryAllocator::doDeallocate4Idle()(0x7daa059c40) m_rgBuffer.size(1)
10-09 15:55:27.466   506  1351 I CFilterJpeg: virtual TRetCode hw::CFilterJpeg::stop(): instance[0x7d8ab5d000]. 
10-09 15:55:27.466   506  1351 I JpegEncoder: virtual int hw::JpegEncoder::stop(): instance[0x0x7daa1ae400]. 
10-09 15:55:27.466   506  1351 I JpegEncoder: virtual int hw::JpegEncoder::stop(): the thread exited. 
10-09 15:55:27.466   506  1351 I ImagingSystem: virtual TRetCode hw::CFilterBase::stop()(795): (jpeg.encoder) instance[0x7d8ab5d000]. 
10-09 15:55:27.466   506  1351 I ImagingSystem: virtual TRetCode hw::CGraphicMemoryAllocator::doDeallocate4Idle()(0x7daa05a880) m_listIdle.size(0) m_listBusy.size(0) m_rgBuffer.size(0)
10-09 15:55:27.466   506  1351 I ImagingSystem: virtual TRetCode hw::CGraphicMemoryAllocator::doDeallocate4Idle()(0x7daa05a880) m_rgBuffer.size(0)
10-09 15:55:27.466   506  1351 I ImagingSystem: virtual TRetCode hw::CFilterBase::stop()(795): (fork) instance[0x7daa0e6600]. 
10-09 15:55:27.466   506  1351 I ImagingSystem: virtual TRetCode hw::CGraphicMemoryAllocator::doDeallocate4Idle()(0x7daa059c40) m_listIdle.size(0) m_listBusy.size(1) m_rgBuffer.size(1)
10-09 15:55:27.466   506  1351 I ImagingSystem: virtual TRetCode hw::CGraphicMemoryAllocator::doDeallocate4Idle()(0x7daa059c40) m_rgBuffer.size(1)
10-09 15:55:27.466   506  1351 I ImagingSystem: virtual TRetCode hw::CPortOutFork::deactivate()(2081): instance[0x7daa061680]. 
10-09 15:55:27.466   506  1351 I ImagingSystem: virtual TRetCode hw::CGraphicMemoryAllocator::doDeallocate4Idle()(0x7daa059c40) m_listIdle.size(0) m_listBusy.size(1) m_rgBuffer.size(1)
10-09 15:55:27.466   506  1351 I ImagingSystem: virtual TRetCode hw::CGraphicMemoryAllocator::doDeallocate4Idle()(0x7daa059c40) m_rgBuffer.size(1)
10-09 15:55:27.466   506  1351 I ImagingSystem: virtual TRetCode hw::CPortOutFork::deactivate()(2081): instance[0x7daa061400]. 
10-09 15:55:27.466   506  1351 I ImagingSystem: virtual TRetCode hw::CGraphicMemoryAllocator::doDeallocate4Idle()(0x7daa059c40) m_listIdle.size(0) m_listBusy.size(1) m_rgBuffer.size(1)
10-09 15:55:27.466   506  1351 I ImagingSystem: virtual TRetCode hw::CGraphicMemoryAllocator::doDeallocate4Idle()(0x7daa059c40) m_rgBuffer.size(1)
10-09 15:55:27.466   506  1351 I ImagingSystem: virtual TRetCode hw::CFilterBase::stop()(795): (algo.pp) instance[0x7daa0d0000]. 
10-09 15:55:27.466   506  1351 I ImagingSystem: virtual TRetCode hw::CGraphicMemoryAllocator::doDeallocate4Idle()(0x7daa05a6c0) m_listIdle.size(4) m_listBusy.size(0) m_rgBuffer.size(4)
10-09 15:55:27.466   506  1351 I ImagingSystem: virtual TRetCode hw::CGraphicMemoryAllocator::doDeallocate4Idle()(347, 0x7daa05a6c0). w[320], h[240], f[0x100], u[42420003].
10-09 15:55:27.466   506  1351 I gralloc : alloc_device_free:586: Free handle(0x7daa10e000)
10-09 15:55:27.466   506  1351 I ImagingSystem: virtual TRetCode hw::CGraphicMemoryAllocator::doDeallocate4Idle()(347, 0x7daa05a6c0). w[320], h[240], f[0x100], u[42420003].
10-09 15:55:27.466   506  1351 I gralloc : alloc_device_free:586: Free handle(0x7daa10e300)
10-09 15:55:27.467   506  1351 I ImagingSystem: virtual TRetCode hw::CGraphicMemoryAllocator::doDeallocate4Idle()(347, 0x7daa05a6c0). w[320], h[240], f[0x100], u[42420003].
10-09 15:55:27.467   506  1351 I gralloc : alloc_device_free:586: Free handle(0x7daa10e500)
10-09 15:55:27.467   506  1351 I ImagingSystem: virtual TRetCode hw::CGraphicMemoryAllocator::doDeallocate4Idle()(347, 0x7daa05a6c0). w[320], h[240], f[0x100], u[42420003].
10-09 15:55:27.467   506  1351 I gralloc : alloc_device_free:586: Free handle(0x7daa10e700)
10-09 15:55:27.467   506  1351 I ImagingSystem: virtual TRetCode hw::CGraphicMemoryAllocator::doDeallocate4Idle()(0x7daa05a6c0) m_rgBuffer.size(0)
10-09 15:55:27.467   506  1351 I PpFrameAllocatorProxy: [0512fd9_64I] enter setProp() type: 1, width: 0, height: 0, bufferCount 0
10-09 15:55:27.467   506  1351 I PpFrameAllocatorProxy: [0512fd9_64I] enter setProp() type: 2, width: 0, height: 0, bufferCount 0
10-09 15:55:27.467   506  1351 I PpFrameAllocatorProxy: [0512fd9_64I] enter setProp() type: 6, width: 0, height: 0, bufferCount 0
10-09 15:55:27.467   506  1351 I ImagingSystem: virtual TRetCode hw::CFilterBase::stop()(795): (algo.ipp) instance[0x7daa11b800]. 
10-09 15:55:27.467   506  1351 I IppAlgoPortIn: [HWA_CAM3]this=0x7daa11b880, ipptype=256, enter deactivate()
10-09 15:55:27.468   506  1351 I IppAlgoFilter: [HWA_CAM3]this=0x7daa11b800, ipptype=256, enter destroyAlgo() 
10-09 15:55:27.468   506  1351 I IppAlgoPortIn: [HWA_CAM3]this=0x7daa11b880, ipptype=256, exit deactivate()
10-09 15:55:27.468   506  1351 I ImagingSystem: virtual TRetCode hw::CGraphicMemoryAllocator::doDeallocate4Idle()(0x7daa059c40) m_listIdle.size(0) m_listBusy.size(1) m_rgBuffer.size(1)
10-09 15:55:27.468   506  1351 I ImagingSystem: virtual TRetCode hw::CGraphicMemoryAllocator::doDeallocate4Idle()(0x7daa059c40) m_rgBuffer.size(1)
10-09 15:55:27.468   506  1351 I ImagingSystem: virtual TRetCode hw::CGraphicMemoryAllocator::doDeallocate4Idle()(0x7daa059c40) m_listIdle.size(0) m_listBusy.size(1) m_rgBuffer.size(1)
10-09 15:55:27.468   506  1351 I ImagingSystem: virtual TRetCode hw::CGraphicMemoryAllocator::doDeallocate4Idle()(0x7daa059c40) m_rgBuffer.size(1)
10-09 15:55:27.468   506  1351 I IppAlgoPortIn: [HWA_CAM3]this=0x7daa11b880, ipptype=256, enter stop()
10-09 15:55:27.468   506  1351 I IppAlgoFilter: [HWA_CAM3]this=0x7daa11b800, ipptype=256, enter stopAlgo() 
10-09 15:55:27.468   506  1351 I IppAlgo : [HWA_CAM3]FRMC_ this=0x7daa0ecfa0, ipptype=256, name=PostIpp, enter stop()
10-09 15:55:27.468   506  1351 I IppAlgo : [HWA_CAM3]FRMC_ this=0x7daa0ecfa0, ipptype=256, name=PostIpp, exit stop()
10-09 15:55:27.468   506  1351 I IppAlgoFilter: [HWA_CAM3]this=0x7daa11b800, ipptype=256, exit stopAlgo() 
10-09 15:55:27.468   506  1351 I IppAlgoFilter: [HWA_CAM3]this=0x7daa11b800, ipptype=256, enter resetFilterInfosAndDestroy() 
10-09 15:55:27.468   506  1351 I IppAlgoFilter: [HWA_CAM3]this=0x7daa11b800, ipptype=256, exit resetFilterInfosAndDestroy() 
10-09 15:55:27.468   506  1351 I IppAlgoPortIn: [HWA_CAM3]this=0x7daa11b880, ipptype=256, exit stop()
10-09 15:55:27.469   506  1351 I DeviceCopybit: close copybit device succeed.
10-09 15:55:27.469   506  1351 I ImagingSystem: virtual TRetCode hw::CFilterBase::stop()(795): (downscale) instance[0x7daa1ad000]. 
10-09 15:55:27.469   506  1351 I ImagingSystem: virtual TRetCode hw::CGraphicMemoryAllocator::doDeallocate4Idle()(0x7daa05a500) m_listIdle.size(6) m_listBusy.size(0) m_rgBuffer.size(6)
10-09 15:55:27.469   506  1351 I ImagingSystem: virtual TRetCode hw::CGraphicMemoryAllocator::doDeallocate4Idle()(347, 0x7daa05a500). w[960], h[720], f[0x100], u[42420003].
10-09 15:55:27.469   506  1351 I gralloc : alloc_device_free:586: Free handle(0x7daa10e900)
10-09 15:55:27.469   506  1351 I ImagingSystem: virtual TRetCode hw::CGraphicMemoryAllocator::doDeallocate4Idle()(347, 0x7daa05a500). w[960], h[720], f[0x100], u[42420003].
10-09 15:55:27.469   506  1351 I gralloc : alloc_device_free:586: Free handle(0x7daa10eb00)
10-09 15:55:27.469   506  1351 I ImagingSystem: virtual TRetCode hw::CGraphicMemoryAllocator::doDeallocate4Idle()(347, 0x7daa05a500). w[960], h[720], f[0x100], u[42420003].
10-09 15:55:27.469   506  1351 I gralloc : alloc_device_free:586: Free handle(0x7daa10ed00)
10-09 15:55:27.469   506  1351 I ImagingSystem: virtual TRetCode hw::CGraphicMemoryAllocator::doDeallocate4Idle()(347, 0x7daa05a500). w[960], h[720], f[0x100], u[42420003].
10-09 15:55:27.469   506  1351 I gralloc : alloc_device_free:586: Free handle(0x7daa10ef00)
10-09 15:55:27.469   506  1351 I ImagingSystem: virtual TRetCode hw::CGraphicMemoryAllocator::doDeallocate4Idle()(347, 0x7daa05a500). w[960], h[720], f[0x100], u[42420003].
10-09 15:55:27.469   506  1351 I gralloc : alloc_device_free:586: Free handle(0x7daa164200)
10-09 15:55:27.470   506  1351 I ImagingSystem: virtual TRetCode hw::CGraphicMemoryAllocator::doDeallocate4Idle()(347, 0x7daa05a500). w[960], h[720], f[0x100], u[42420003].
10-09 15:55:27.470   506  1351 I gralloc : alloc_device_free:586: Free handle(0x7daa164400)
10-09 15:55:27.470   506  1351 I ImagingSystem: virtual TRetCode hw::CGraphicMemoryAllocator::doDeallocate4Idle()(0x7daa05a500) m_rgBuffer.size(0)
10-09 15:55:27.470   506   629 I HISPDataTableManager: void hw::CHISPDataTableManager::releaseHispDataTable(hw::CHISPDataTable &): enter.
10-09 15:55:27.470   506  1351 I ImagingSystem: virtual TRetCode hw::CFilterBase::stop()(795): (HISP150Reprocess) instance[0x7daa0a9050]. 
10-09 15:55:27.470   506  1351 I ImagingSystem: virtual TRetCode hw::CGraphicMemoryAllocator::doDeallocate4Idle()(0x7daa05ac00) m_listIdle.size(5) m_listBusy.size(1) m_rgBuffer.size(6)
10-09 15:55:27.470   506  1351 I ImagingSystem: virtual TRetCode hw::CGraphicMemoryAllocator::doDeallocate4Idle()(347, 0x7daa05ac00). w[3968], h[2976], f[0x116], u[42420000].
10-09 15:55:27.470   506  1351 I gralloc : alloc_device_free:586: Free handle(0x7d8abef100)
10-09 15:55:27.470   506  1351 I ImagingSystem: virtual TRetCode hw::CGraphicMemoryAllocator::doDeallocate4Idle()(347, 0x7daa05ac00). w[3968], h[2976], f[0x116], u[42420000].
10-09 15:55:27.470   506  1351 I gralloc : alloc_device_free:586: Free handle(0x7d8abe0700)
10-09 15:55:27.471   506  1351 I ImagingSystem: virtual TRetCode hw::CGraphicMemoryAllocator::doDeallocate4Idle()(347, 0x7daa05ac00). w[3968], h[2976], f[0x116], u[42420000].
10-09 15:55:27.471   506  1351 I gralloc : alloc_device_free:586: Free handle(0x7d8abe0900)
10-09 15:55:27.471   506  1351 I ImagingSystem: virtual TRetCode hw::CGraphicMemoryAllocator::doDeallocate4Idle()(347, 0x7daa05ac00). w[3968], h[2976], f[0x116], u[42420000].
10-09 15:55:27.471   506  1351 I gralloc : alloc_device_free:586: Free handle(0x7d8abe0b00)
10-09 15:55:27.471   506  1351 I ImagingSystem: virtual TRetCode hw::CGraphicMemoryAllocator::doDeallocate4Idle()(347, 0x7daa05ac00). w[3968], h[2976], f[0x116], u[42420000].
10-09 15:55:27.471   506  1351 I gralloc : alloc_device_free:586: Free handle(0x7d8abe0d00)
10-09 15:55:27.471   506  1351 I ImagingSystem: virtual TRetCode hw::CGraphicMemoryAllocator::doDeallocate4Idle()(0x7daa05ac00) m_rgBuffer.size(1)
10-09 15:55:27.471   506  1351 I ImagingSystem: virtual TRetCode hw::CFilterBase::stop()(795): (HISP150Filter) instance[0x7daa0a8be0]. 
10-09 15:55:27.471   506  1351 I HispPort: void hw::CPortOutHISPBase::setStreamState(int32_t): (#0, PORT_YUV_Main) state: Active
10-09 15:55:27.471   506  1351 I ImagingSystem: virtual TRetCode hw::CGraphicMemoryAllocator::doDeallocate4Idle()(0x7daa059c40) m_listIdle.size(0) m_listBusy.size(1) m_rgBuffer.size(1)
10-09 15:55:27.471   506  1351 I ImagingSystem: virtual TRetCode hw::CGraphicMemoryAllocator::doDeallocate4Idle()(0x7daa059c40) m_rgBuffer.size(1)
10-09 15:55:27.471   506  1351 I HispPort: void hw::CPortOutHISPBase::setStreamState(int32_t): (#0, PORT_YUV_TINY) state: Active
10-09 15:55:27.471   506  1351 I ImagingSystem: virtual TRetCode hw::CGraphicMemoryAllocator::doDeallocate4Idle()(0x7da8af88c0) m_listIdle.size(0) m_listBusy.size(1) m_rgBuffer.size(1)
10-09 15:55:27.471   506  1351 I ImagingSystem: virtual TRetCode hw::CGraphicMemoryAllocator::doDeallocate4Idle()(0x7da8af88c0) m_rgBuffer.size(1)
10-09 15:55:27.472   506  1351 I HispPort: void hw::CPortOutHISPBase::setStreamState(int32_t): (#0, PORT_META) state: Active
10-09 15:55:27.472   506  1351 I ImagingSystem: virtual TRetCode hw::CGraphicMemoryAllocator::doDeallocate4Idle()(0x7daa05af80) m_listIdle.size(0) m_listBusy.size(1) m_rgBuffer.size(1)
10-09 15:55:27.472   506  1351 I ImagingSystem: virtual TRetCode hw::CGraphicMemoryAllocator::doDeallocate4Idle()(0x7daa05af80) m_rgBuffer.size(1)
10-09 15:55:27.472   506  1351 I HispPort: void hw::CPortOutHISPBase::setStreamState(int32_t): (#0, PORT_FE_RAW) state: Active
10-09 15:55:27.472   506  1351 I ImagingSystem: virtual TRetCode hw::CGraphicMemoryAllocator::doDeallocate4Idle()(0x7daa05ac00) m_listIdle.size(0) m_listBusy.size(1) m_rgBuffer.size(1)
10-09 15:55:27.472   506  1351 I ImagingSystem: virtual TRetCode hw::CGraphicMemoryAllocator::doDeallocate4Idle()(0x7daa05ac00) m_rgBuffer.size(1)
10-09 15:55:27.472   506  1351 I ImagingSystem: virtual TRetCode hw::CGraphicMemoryAllocator::doDeallocate4Idle()(0x7daa05ac00) m_listIdle.size(1) m_listBusy.size(0) m_rgBuffer.size(1)
10-09 15:55:27.472   506  1351 I ImagingSystem: virtual TRetCode hw::CGraphicMemoryAllocator::doDeallocate4Idle()(347, 0x7daa05ac00). w[3968], h[2976], f[0x116], u[42420000].
10-09 15:55:27.472   506  1351 I gralloc : alloc_device_free:586: Free handle(0x7d8abe0f00)
10-09 15:55:27.472   506  1351 I ImagingSystem: virtual TRetCode hw::CGraphicMemoryAllocator::doDeallocate4Idle()(0x7daa05ac00) m_rgBuffer.size(0)
10-09 15:55:27.472   506  1351 I ImagingSystem: virtual TRetCode hw::CGraphicMemoryAllocator::doDeallocate4Idle()(0x7daa05af80) m_listIdle.size(1) m_listBusy.size(0) m_rgBuffer.size(1)
10-09 15:55:27.472   506  1351 I ImagingSystem: virtual TRetCode hw::CGraphicMemoryAllocator::doDeallocate4Idle()(347, 0x7daa05af80). w[614400], h[1], f[0x10a], u[42420003].
10-09 15:55:27.472   506  1351 I gralloc : alloc_device_free:586: Free handle(0x7daa0e3900)
10-09 15:55:27.472   506  1351 I ImagingSystem: virtual TRetCode hw::CGraphicMemoryAllocator::doDeallocate4Idle()(0x7daa05af80) m_rgBuffer.size(0)
10-09 15:55:27.473   506  1351 I ImagingSystem: virtual TRetCode hw::CGraphicMemoryAllocator::doDeallocate4Idle()(0x7da8af88c0) m_listIdle.size(1) m_listBusy.size(0) m_rgBuffer.size(1)
10-09 15:55:27.473   506  1351 I ImagingSystem: virtual TRetCode hw::CGraphicMemoryAllocator::doDeallocate4Idle()(347, 0x7da8af88c0). w[1280], h[720], f[0x11], u[42420003].
10-09 15:55:27.473   506  1351 I gralloc : alloc_device_free:586: Free handle(0x7daa164f00)
10-09 15:55:27.473   506  1351 I ImagingSystem: virtual TRetCode hw::CGraphicMemoryAllocator::doDeallocate4Idle()(0x7da8af88c0) m_rgBuffer.size(0)
10-09 15:55:27.473   506  1351 I ImagingSystem: virtual TRetCode hw::CGraphicMemoryAllocator::doDeallocate4Idle()(0x7daa059c40) m_listIdle.size(1) m_listBusy.size(0) m_rgBuffer.size(1)
10-09 15:55:27.473   506  1351 I ImagingSystem: virtual TRetCode hw::CGraphicMemoryAllocator::doDeallocate4Idle()(347, 0x7daa059c40). w[1920], h[1080], f[0x11], u[42420003].
10-09 15:55:27.473   506  1351 I gralloc : alloc_device_free:586: Free handle(0x7daa0e2100)
10-09 15:55:27.473   506  1351 I ImagingSystem: virtual TRetCode hw::CGraphicMemoryAllocator::doDeallocate4Idle()(0x7daa059c40) m_rgBuffer.size(0)
10-09 15:55:27.473   506  1351 I ImagingSystem: virtual TRetCode hw::CFilterBase::stop()(795): (sensor) instance[0x7daa07b058]. 
10-09 15:55:27.473   506  1351 I JpegEncoder: virtual hw::JpegEncoder::~JpegEncoder(): instance[0x7daa1ae400]. 
10-09 15:55:27.473   506  1351 I JpegEncoderExif: virtual hw::JpegEncoderExif::~JpegEncoderExif()(817): instance[0x7d8b842000]. 
10-09 15:55:27.473   506  1351 I ImagingSystem: virtual TRetCode hw::CPipelineBase::stop()(3392): instance[0x7daa0e7800]. 
10-09 15:55:27.473   506  1351 I ImagingSystem: enter virtual void hw::CLONPipeline::waitStreamStoped()(335)
10-09 15:55:27.473   506  1351 I ImagingSystem: void hw::CImagingPipeline::stopStreaming()(3109): pipeline 0x7daa107400, intent 1, mode 0, zsl 1,mirror 0, postproc 0, burst 0, customMode 0.
10-09 15:55:27.473   506  1351 I ImagingSystem: #Camera# [12793387]< 1_stopStreaming
10-09 15:55:27.475   508  1355 I Camera3Stream: virtual int hw::Camera3Stream::stop(): instance[0xef78c3c0]. 
10-09 15:55:27.475   508  1355 I StreamImpl: virtual int hw::Camera3StreamImpl::stop()(305): instance[0xefae2080], start(0), flush(1). 
10-09 15:55:27.475   508  1355 I Camera3Stream: virtual int hw::Camera3Stream::stop(): instance[0xef78c3c0]. 
10-09 15:55:27.475   508  1355 I StreamImpl: virtual int hw::Camera3StreamImpl::stop()(298): instance[0xefae2080], no start, just return. 
10-09 15:55:27.475   508  1355 I Camera3Stream: virtual hw::Camera3Stream::~Camera3Stream(): instance[0xef78c3c0]. 
10-09 15:55:27.475   508  1355 I StreamImpl: virtual hw::Camera3StreamImpl::~Camera3StreamImpl()(66): instance[0xefae2080]. 
10-09 15:55:27.476   508  1355 I Camera3Stream: virtual int hw::Camera3Stream::stop(): instance[0xef7fc990]. 
10-09 15:55:27.476   508  1355 I StreamImpl: virtual int hw::Camera3StreamImpl::stop()(305): instance[0xefae2380], start(0), flush(1). 
10-09 15:55:27.477   508  1355 I Camera3Stream: virtual int hw::Camera3Stream::stop(): instance[0xef7fc990]. 
10-09 15:55:27.477   508  1355 I StreamImpl: virtual int hw::Camera3StreamImpl::stop()(298): instance[0xefae2380], no start, just return. 
10-09 15:55:27.477   508  1355 I Camera3Stream: virtual hw::Camera3Stream::~Camera3Stream(): instance[0xef7fc990]. 
10-09 15:55:27.477   508  1355 I StreamImpl: virtual hw::Camera3StreamImpl::~Camera3StreamImpl()(66): instance[0xefae2380]. 
10-09 15:55:27.477   508  1355 I Camera3Stream: virtual int hw::Camera3Stream::stop(): instance[0xef78c480]. 
10-09 15:55:27.477   508  1355 I StreamImpl: virtual int hw::Camera3StreamImpl::stop()(305): instance[0xefae2500], start(0), flush(1). 
10-09 15:55:27.478   508  1355 I Camera3Stream: virtual int hw::Camera3Stream::stop(): instance[0xef78c480]. 
10-09 15:55:27.478   508  1355 I StreamImpl: virtual int hw::Camera3StreamImpl::stop()(298): instance[0xefae2500], no start, just return. 
10-09 15:55:27.478   508  1355 I Camera3Stream: virtual hw::Camera3Stream::~Camera3Stream(): instance[0xef78c480]. 
10-09 15:55:27.478   508  1355 I StreamImpl: virtual hw::Camera3StreamImpl::~Camera3StreamImpl()(66): instance[0xefae2500]. 
10-09 15:55:27.478   508  1355 I Camera3Module: close camera /dev/video4 succeed.
10-09 15:55:27.478   508  1355 I Camera3-Device: disconnect: X
10-09 15:55:27.478   508  1355 I Camera3-Device: disconnect: E
10-09 15:55:27.478   508  1355 I Camera3-Device: disconnect: X, device has been disconnected before.
10-09 15:55:27.479   506  1351 I ImagingSystem: void hw::CLONPipeline::powerDown() enter.
10-09 15:55:27.479   506  1351 I ImagingSystem: #Camera# [12822530]> ImagingSystem_powerDown
10-09 15:55:27.479   506  1351 I ImagingSystem: enter virtual TRetCode hw::CHISPLaserController::closeCamera(hw::IImagingPipeline *).
10-09 15:55:27.480   508  1355 I CameraService: onTorchStatusChangedLocked: Torch status changed for cameraId=0, newStatus=1
10-09 15:55:27.480   508  1355 I Camera3Module: int hw::Camera3Module::getCameraCount(): instance[0xf029b208]. camera count:2
10-09 15:55:27.480   508  1355 I CameraService: onTorchStatusChangedLocked: Torch status changed for cameraId=0, newStatus=1
10-09 15:55:27.480   506  1351 I HispSensorController: virtual TRetCode hw::CHISPSensorController::closeCamera(hw::IImagingPipeline *, hw::CDataTable &):camera id = [0] enter. 
10-09 15:55:27.480   508  1355 I CameraService: disconnect: Disconnected client for camera 0 for PID 19773
10-09 15:55:27.481  1972  2086 I ScenarioAction: new ScenarioAction sPoolSize: 0
10-09 15:55:27.481  1972  2203 I ThermalStateManager: handle action thermal policy:208
10-09 15:55:27.482  1972  2203 I ThermalStateManager: battery trigger: batteryLevel = 24, triggerLevel = 1, actions = {pop_up_dialog=0}
10-09 15:55:27.482  1972  2203 I ThermalStateManager: triggerLevel = 2, triggerAction :{pop_up_dialog=0}
10-09 15:55:27.484   506  1351 E Hisp150SensorController: virtual bool hw::CHISP150SensorController::isIrisCameraAvailable(hw::CDataTable &): failed to get iris stage
10-09 15:55:27.485   508  1356 I Camera2Client: ~Camera2Client()
10-09 15:55:27.485   508  1356 I Camera2Client: disconnect(), Camera 0, calling PID: 508, client PID: 0, service PID: 508
10-09 15:55:27.485   508  1356 I Camera2Client: Camera 0: Closed
10-09 15:55:27.485   508  1356 I CameraHwSendCmd: ~CameraHwSendCmd()
10-09 15:55:27.485   508  1356 I CameraHwCallBack: ~CameraHwCallBack()
10-09 15:55:27.485   508  1356 I Camera2-CaptureSequencer: ~CaptureSequencer: Exit
10-09 15:55:27.485   508  1356 I CameraHwParam: ~CCameraHwParam(0xef7d1180)
10-09 15:55:27.485   508  1356 I Camera2ClientBase: Closed Camera 0. Client was: com.scanning (PID 19773, UID 10143)
10-09 15:55:27.485 19773 19900 I MID     : [StatService(497): SourceFile:38] - read mid from sharedPreferences， key=__MTA_DEVICE_INFO__1000001
10-09 15:55:27.487   506  1351 I gralloc : alloc_device_free:586: Free handle(0x7daa058e00)
10-09 15:55:27.487  1031  5633 I chatty  : uid=1000(system) AsyUploadThread expire 1 line
10-09 15:55:27.489   506  1351 I HispSensorController: virtual void hw::CHISPSensorController::releaseCalibBuffer(): instance(0x7daa0a7ff8). 
10-09 15:55:27.491 19773 19900 I MID     : [StatService(497): SourceFile:41] - read mid from Settings.System
10-09 15:55:27.491   506  1351 I HISP150OisController: virtual TRetCode hw::CHISP150OisController::closeCamera(), release ois buffer
10-09 15:55:27.493   506  1351 E ImagingSystem: virtual TRetCode hw::CSensorManager::powerDown(hw::IImagingPipeline *, uint32_t)(270, 0x7daa07af40): . TODO: !
10-09 15:55:27.493   506  1351 I FLashDevice: int hw::CFlashController::TurnOff() enter, fd=19.
10-09 15:55:27.493   506  1351 I FLashInfoProcess: enter Gsensor void hw::CFlashInfoProcesser::clearGsensor()()
10-09 15:55:27.493  1972  2223 I PGServer: report state:10017 event type:1 pid:0 uid:0 pkg:null to pid: 1031
10-09 15:55:27.493  1031 15723 I chatty  : uid=1000(system) Binder:1031_19 expire 1 line
10-09 15:55:27.495 19773 19900 I MID     : [StatService(497): SourceFile:52] - read mid from InternalStorage
10-09 15:55:27.499   506  1351 E ImagingSystem: virtual TRetCode hw::CSensorManager::powerDownDone(hw::IImagingPipeline *, uint32_t)(282, 0x7daa07af40): . TODO: !
10-09 15:55:27.499   506  1351 I HispManager: virtual TRetCode hw::CHISPManager::powerDown(hw::IImagingPipeline *, uint32_t): isp power down. pl:0x7daa107400
10-09 15:55:27.499   506  1351 I HispManager: #Camera# [1]> CHISPManager::powerDown
10-09 15:55:27.503   506  1351 I HispManager: #Camera# [1]< CHISPManager::powerDown
10-09 15:55:27.503   506  1351 I ImagingSystem: virtual TRetCode hw::CHISPFeatureFpsRange::deInitFeature() m_fHwcamera = 0
10-09 15:55:27.503   506  1351 I ImagingSystem: #Camera# [12822530]< ImagingSystem_powerDown
10-09 15:55:27.503   506  1351 I ImagingSystem: virtual TRetCode hw::(anonymous namespace)::CMetaTraceAllocator::doDeallocate4Idle()(0x7da8a7d900) m_listIdle.size(54) m_listBusy.size(10) m_rgBuffer.size(64)
10-09 15:55:27.505   506  1351 I ImagingSystem: virtual TRetCode hw::(anonymous namespace)::CMetaTraceAllocator::doDeallocate4Idle()(0x7da8a7d900) m_rgBuffer.size(10)
10-09 15:55:27.505   506  1351 I ImagingSystem: virtual TRetCode hw::(anonymous namespace)::CMetaTraceAllocator::doDeallocate4Idle()(0x7da8a7d900) m_listIdle.size(1) m_listBusy.size(9) m_rgBuffer.size(10)
10-09 15:55:27.505   506  1351 I ImagingSystem: virtual TRetCode hw::(anonymous namespace)::CMetaTraceAllocator::doDeallocate4Idle()(0x7da8a7d900) m_rgBuffer.size(9)
10-09 15:55:27.505   506  1351 I ImagingSystem: virtual TRetCode hw::(anonymous namespace)::CMetaTraceAllocator::doDeallocate4Idle()(0x7da8a7d900) m_listIdle.size(1) m_listBusy.size(8) m_rgBuffer.size(9)
10-09 15:55:27.505   506  1351 I ImagingSystem: virtual TRetCode hw::(anonymous namespace)::CMetaTraceAllocator::doDeallocate4Idle()(0x7da8a7d900) m_rgBuffer.size(8)
