10-09 15:55:27.505   506  1351 I ImagingSystem: virtual TRetCode hw::(anonymous namespace)::CMetaTraceAllocator::doDeallocate4Idle()(0x7da8a7d900) m_listIdle.size(1) m_listBusy.size(7) m_rgBuffer.size(8)
10-09 15:55:27.505   506  1351 I ImagingSystem: virtual TRetCode hw::(anonymous namespace)::CMetaTraceAllocator::doDeallocate4Idle()(0x7da8a7d900) m_rgBuffer.size(7)
10-09 15:55:27.505   506  1351 I ImagingSystem: virtual TRetCode hw::(anonymous namespace)::CMetaTraceAllocator::doDeallocate4Idle()(0x7da8a7d900) m_listIdle.size(1) m_listBusy.size(6) m_rgBuffer.size(7)
10-09 15:55:27.506   506  1351 I ImagingSystem: virtual TRetCode hw::(anonymous namespace)::CMetaTraceAllocator::doDeallocate4Idle()(0x7da8a7d900) m_rgBuffer.size(6)
10-09 15:55:27.506   506  1351 I ImagingSystem: virtual TRetCode hw::(anonymous namespace)::CMetaTraceAllocator::doDeallocate4Idle()(0x7da8a7d900) m_listIdle.size(1) m_listBusy.size(5) m_rgBuffer.size(6)
10-09 15:55:27.506   506  1351 I ImagingSystem: virtual TRetCode hw::(anonymous namespace)::CMetaTraceAllocator::doDeallocate4Idle()(0x7da8a7d900) m_rgBuffer.size(5)
10-09 15:55:27.506   506  1351 I ImagingSystem: virtual TRetCode hw::(anonymous namespace)::CMetaTraceAllocator::doDeallocate4Idle()(0x7da8a7d900) m_listIdle.size(1) m_listBusy.size(4) m_rgBuffer.size(5)
10-09 15:55:27.506   506  1351 I ImagingSystem: virtual TRetCode hw::(anonymous namespace)::CMetaTraceAllocator::doDeallocate4Idle()(0x7da8a7d900) m_rgBuffer.size(4)
10-09 15:55:27.506   506  1351 I ImagingSystem: virtual TRetCode hw::(anonymous namespace)::CMetaTraceAllocator::doDeallocate4Idle()(0x7da8a7d900) m_listIdle.size(1) m_listBusy.size(3) m_rgBuffer.size(4)
10-09 15:55:27.506   506  1351 I ImagingSystem: virtual TRetCode hw::(anonymous namespace)::CMetaTraceAllocator::doDeallocate4Idle()(0x7da8a7d900) m_rgBuffer.size(3)
10-09 15:55:27.506   506  1351 I ImagingSystem: virtual TRetCode hw::(anonymous namespace)::CMetaTraceAllocator::doDeallocate4Idle()(0x7da8a7d900) m_listIdle.size(1) m_listBusy.size(2) m_rgBuffer.size(3)
10-09 15:55:27.506   506  1351 I ImagingSystem: virtual TRetCode hw::(anonymous namespace)::CMetaTraceAllocator::doDeallocate4Idle()(0x7da8a7d900) m_rgBuffer.size(2)
10-09 15:55:27.506   506  1351 I ImagingSystem: virtual TRetCode hw::(anonymous namespace)::CMetaTraceAllocator::doDeallocate4Idle()(0x7da8a7d900) m_listIdle.size(1) m_listBusy.size(1) m_rgBuffer.size(2)
10-09 15:55:27.506   506  1351 I ImagingSystem: virtual TRetCode hw::(anonymous namespace)::CMetaTraceAllocator::doDeallocate4Idle()(0x7da8a7d900) m_rgBuffer.size(1)
10-09 15:55:27.507   506  1351 I ImagingSystem: virtual TRetCode hw::(anonymous namespace)::CMetaTraceAllocator::doDeallocate4Idle()(0x7da8a7d900) m_listIdle.size(1) m_listBusy.size(0) m_rgBuffer.size(1)
10-09 15:55:27.507   506  1351 I ImagingSystem: virtual TRetCode hw::(anonymous namespace)::CMetaTraceAllocator::doDeallocate4Idle()(0x7da8a7d900) m_rgBuffer.size(0)
10-09 15:55:27.508   506  1351 I DLibLoader: [0512fd9_64I] enter unloadSo(), mSoName=libSmartAE.so
10-09 15:55:27.508   506  1351 I DLibLoader: [0512fd9_64I] enter ~DLibLoader()
10-09 15:55:27.508   506  1351 I HwaDMapIpp: [0512fd9_64I] enter ~HwaDMapIpp()
10-09 15:55:27.509   506  1351 I         : HwCamMem delMemChunk,dumpMemInfo allSize-=(0) getSize(1048576) getAddr(0x7d8b20c800) getUseRef=1
10-09 15:55:27.509   506  1351 I DLibLoader: [0512fd9_64I] enter unloadSo(), mSoName=libcontrastCal.so
10-09 15:55:27.509   506  1351 I DLibLoader: [0512fd9_64I] enter ~DLibLoader()
10-09 15:55:27.509   506  1351 I DLibLoader: [0512fd9_64I] enter unloadSo(), mSoName=libLaserSelfCali.so
10-09 15:55:27.509   506  1351 I DLibLoader: [0512fd9_64I] enter ~DLibLoader()
10-09 15:55:27.509   506  1351 I         : [0512fd9_64I] IspEnhncAlgoIpp:enter onDestroy()
10-09 15:55:27.509   506  1351 I YuvCalculate: enter ~YuvCalculate
10-09 15:55:27.509   506  1351 I MotionDetect: enter ~MotionDetect
10-09 15:55:27.509   485  2293 I gralloc : alloc_device_alloc:564: Alloc handle(0x793286b100): interfmt=1, stride=896, size=5505024, usage=0x333
10-09 15:55:27.510   506  1351 I DLibLoader: [0512fd9_64I] enter unloadSo(), mSoName=libispenhnc.so
10-09 15:55:27.510   506  1351 I DLibLoader: [0512fd9_64I] enter ~DLibLoader()
10-09 15:55:27.510   506  1351 I         : [0512fd9_64I] IspEnhncAlgoIpp:enter ~~IspEnhncAlgoIpp()
10-09 15:55:27.510   506  1351 I MemPoolMonitor: [0512fd9_64I] HwCamMem enter checkMemChunkLeak(), allocateType=1
10-09 15:55:27.510   506  1351 I MemPoolMonitor: [0512fd9_64I] HwCamMem exit checkMemChunkLeak(), allocateType=1, isMemLeaked=0
10-09 15:55:27.510   485   532 I gralloc : alloc_device_free:586: Free handle(0x793286b100)
10-09 15:55:27.510   506  1351 I HwaStatInfo: [0512fd9_64I] enter uninitialize()
10-09 15:55:27.513   485   485 I gralloc : alloc_device_free:586: Free handle(0x792ac6fc00)
10-09 15:55:27.529  2623  2623 I HwLauncher: Launcher onStart()
10-09 15:55:27.529  2623  2623 I HwLauncher: Launcher  Launcher.onStart() cost 1 ms
10-09 15:55:27.529  2623  2775 E HwLauncher: SettingsEx , no such field.
10-09 15:55:27.530  2623  2775 W HwLauncher: Clock getDataFormat the getSystemString failed.
10-09 15:55:27.532  2623  2775 I HwLauncher: ClockDynamicUpdater clock update folder at ClockDynamicUpdater
10-09 15:55:27.532  2623  2775 I HwLauncher: DynamicUpdater updateBitmap end and send update message
10-09 15:55:27.534  1031  8541 I chatty  : uid=1000(system) Binder:1031_12 expire 1 line
10-09 15:55:27.564  2003  9105 W PhoneInterfaceManager: shouldBlockLocation running ...
10-09 15:55:27.564  2003  9105 I PhoneInterfaceManager: shouldBlockLocation  ret:false
10-09 15:55:27.568  2623  2881 I OpenGLRenderer: Initialized EGL, version 1.4
10-09 15:55:27.570  2623  2623 I HwLauncher: DynamicUpdater  mDynamicIconList size:1 Intent:Intent { cmp=com.android.deskclock/.AlarmsMainActivity }
10-09 15:55:27.570  2623  2623 I HwLauncher: DynamicUpdater call updateFolder
10-09 15:55:27.582   485   534 E BufferQueueProducer: [com.huawei.android.launcher/com.huawei.android.launcher.unihome.UniHomeLauncher] connect: already connected (cur=1 req=1)
10-09 15:55:27.584  1645  1645 I PhoneStatusBarPolicy: updateBluetooth:::setBluetoothBatteryEnable false.
10-09 15:55:27.584  1645  1645 I PhoneStatusBarPolicy: updateBluetooth::bluetoothEnabled:false, bluetoothConnected=false, bluetoothTransfering=false
10-09 15:55:27.587   485  1436 I gralloc : alloc_device_alloc:564: Alloc handle(0x793285c000): interfmt=200000001, stride=1472, size=15310848, usage=0xb00
10-09 15:55:27.589   485  1436 I gralloc : alloc_device_alloc:564: Alloc handle(0x793286b700): interfmt=200000001, stride=1472, size=15310848, usage=0xb00
10-09 15:55:27.596   485  1436 I gralloc : alloc_device_alloc:564: Alloc handle(0x793286b900): interfmt=200000001, stride=1472, size=15310848, usage=0xb00
10-09 15:55:27.611   506  1340 I         : mempoolcfg case CLEAR_ALL, virtual void android::MTMemoryPool::MemHandler::handleMessage(const android::Message &)
10-09 15:55:27.659  2623  2881 E OpenGLRenderer: allen debug liyu Key: 1
10-09 15:55:27.661  2623  2881 E OpenGLRenderer: allen debug liyu Key: 34359738371
10-09 15:55:27.670  1031  1042 I chatty  : uid=1000(system) HeapTaskDaemon expire 1 line
10-09 15:55:27.683  1031  2001 I chatty  : uid=1000(system) Binder:1031_6 expire 7 lines
10-09 15:55:27.688  5127  5127 I SendBroadcastPermission: action:com.baidu.input.entry.launcer, mPermissionType:0
10-09 15:55:27.923   505   540 I AwareLog: HibSTrategy::HibStrategySwapCandidateProcessAdd packagename com.android.browser
10-09 15:55:27.924  1972  1985 I PGServer: getTopFrontApp. calling pkg: android
10-09 15:55:27.925   505  2440 I AwareLog: HiberManagerService::do_reclaim ok, pid=18308
10-09 15:55:27.960  1031  1440 I chatty  : uid=1000(system) InputReader expire 21 lines
10-09 15:55:27.965  2623  2623 I HwLauncher: Launcher onBackPressed zoomEnable=false
10-09 15:55:27.965  2623  2623 I HwLauncher:  FPSMonitor snapToPage whichPage = 1 delta = 0 duration = 300
10-09 15:55:27.966  2623  2623 I HwLauncher: DropSearchView  hide() Already hidden.
10-09 15:55:27.966  2623  2623 I HwLauncher: Launcher onBackPressed end
10-09 15:55:28.133  2623  2881 W OpenGLRenderer: Incorrectly called buildLayer on View: ShortcutAndWidgetContainer, destroying layer...
10-09 15:55:28.133  2623  2881 W OpenGLRenderer: Incorrectly called buildLayer on View: ShortcutAndWidgetContainer, destroying layer...
10-09 15:55:28.150  2623  2623 I HwLauncher: Launcher onBackPressed zoomEnable=false
10-09 15:55:28.150  2623  2623 I HwLauncher: DropSearchView  hide() Already hidden.
10-09 15:55:28.150  2623  2623 I HwLauncher: Launcher onBackPressed end
10-09 15:55:28.211   485  1634 I gralloc : alloc_device_free:586: Free handle(0x792ac6fb00)
10-09 15:55:28.211   485  1634 I gralloc : alloc_device_free:586: Free handle(0x7932994300)
10-09 15:55:28.284  2623  2623 I HwLauncher:  FPSMonitor endScroll
10-09 15:55:28.290 19773 19934 I MID     : [StatStore(503): SourceFile:38] - read mid from sharedPreferences， key=__MTA_DEVICE_INFO__1000001
10-09 15:55:28.291 19773 19934 I MID     : [StatStore(503): SourceFile:41] - read mid from Settings.System
10-09 15:55:28.294 19773 19934 I MID     : [StatStore(503): SourceFile:52] - read mid from InternalStorage
10-09 15:55:28.321  2623  2623 I HwLauncher: Launcher onBackPressed zoomEnable=false
10-09 15:55:28.321  2623  2623 I HwLauncher:  FPSMonitor snapToPage whichPage = 1 delta = 0 duration = 300
10-09 15:55:28.321  2623  2623 I HwLauncher: DropSearchView  hide() Already hidden.
10-09 15:55:28.322  2623  2623 I HwLauncher: Launcher onBackPressed end
10-09 15:55:28.353   505  2440 I AwareLog: HiberManagerService::getReclaimResult:reclaim_kb=146416, swap_kb=117676, swap_us=427868
10-09 15:55:28.353   505  2440 I AwareLog: HibStrategy::HibStrategySwapCandidateProcessRemove packagename is com.android.browser
10-09 15:55:28.353   505  2440 I AwareLog: HiberManagerService::sendMessagetoHiberTask successful
10-09 15:55:28.496  2623  2623 I HwLauncher: Launcher onBackPressed zoomEnable=false
10-09 15:55:28.496  2623  2623 I HwLauncher: DropSearchView  hide() Already hidden.
10-09 15:55:28.496  2623  2623 I HwLauncher: Launcher onBackPressed end
10-09 15:55:28.652  2623  2623 I HwLauncher:  FPSMonitor endScroll
10-09 15:55:28.662  2623  2623 I HwLauncher: Launcher onBackPressed zoomEnable=false
10-09 15:55:28.662  2623  2623 I HwLauncher:  FPSMonitor snapToPage whichPage = 1 delta = 0 duration = 300
10-09 15:55:28.663  2623  2623 I HwLauncher: DropSearchView  hide() Already hidden.
10-09 15:55:28.663  2623  2623 I HwLauncher: Launcher onBackPressed end
10-09 15:55:28.769   485   485 I gralloc : alloc_device_free:586: Free handle(0x7932994f00)
10-09 15:55:28.829  2623  2623 I HwLauncher: Launcher onBackPressed zoomEnable=false
10-09 15:55:28.829  2623  2623 I HwLauncher: DropSearchView  hide() Already hidden.
10-09 15:55:28.829  2623  2623 I HwLauncher: Launcher onBackPressed end
10-09 15:55:28.986  2623  2623 I HwLauncher:  FPSMonitor endScroll
10-09 15:55:29.000  2623  2623 I HwLauncher: Launcher onBackPressed zoomEnable=false
10-09 15:55:29.000  2623  2623 I HwLauncher:  FPSMonitor snapToPage whichPage = 1 delta = 0 duration = 300
10-09 15:55:29.000  2623  2623 I HwLauncher: DropSearchView  hide() Already hidden.
10-09 15:55:29.001  2623  2623 I HwLauncher: Launcher onBackPressed end
10-09 15:55:29.236  1031  1031 I chatty  : uid=1000 system_server expire 9 lines
10-09 15:55:29.320  2623  2623 I HwLauncher:  FPSMonitor endScroll
10-09 15:55:29.452  1645  1645 W HwKeyguardDragHelper: AnimationBlocked
10-09 15:55:29.458  1031  1439 I chatty  : uid=1000(system) InputDispatcher expire 2 lines
10-09 15:55:29.460  1031  1146 I chatty  : uid=1000(system) android.bg expire 2 lines
10-09 15:55:29.471  2623 28024 W HwLauncher: getDownloadInfo return null!
10-09 15:55:29.473  2623 28025 W HwLauncher: getDownloadInfo return null!
10-09 15:55:29.476  2623  2623 I HwLauncher: Launcher  onNewIntent mIsToUninstallApp = false,mIsLoading = false
10-09 15:55:29.482  2623  2623 I HwLauncher: Launcher  onNewIntent alreadyOnHome = true, touchActive = false
10-09 15:55:29.482  2623  2623 I HwLauncher: Launcher hidePiflowsNews called by Launcher.onNewIntent, show = false
10-09 15:55:29.482  2623  2623 I HwLauncher:  FPSMonitor snapToPage whichPage = 0 delta = -1440 duration = 300
10-09 15:55:29.483  2623  2623 I HwLauncher: Workspace  changeState() fromState = NORMAL_MODE, toState = NORMAL_MODE, animated = true, delay = 40
10-09 15:55:29.483  2623  2623 W HwLauncher: Workspace  changeState() state no change.
10-09 15:55:29.483  1972  2248 I BacklightControl: Ratio: 100 Auto: false
10-09 15:55:29.483  2623  2623 I HwLauncher: Launcher  onNewIntent end
10-09 15:55:29.483  2623  2623 I HwLauncher: Launcher onResume()
10-09 15:55:29.483  2623  2623 I HwLauncher: Launcher doResumeWork()
10-09 15:55:29.485  2623  2623 I HwLauncher: Launcher  onResume mIsToUninstallApp = false
10-09 15:55:29.485  2623  2623 I HwLauncher: Launcher  Launcher hot start cost 1957 ms
10-09 15:55:29.486  1972  2223 I PGServer: report state:10004 event type:2 pid:0 uid:0 pkg:com.scanning to pid: 1031
10-09 15:55:29.486  1972  2223 I PGServer: report state:10010 event type:1 pid:0 uid:0 pkg:com.huawei.android.launcher to pid: 1031
10-09 15:55:29.486  1031  2591 I chatty  : uid=1000(system) Binder:1031_F expire 2 lines
10-09 15:55:29.504   485   485 I gralloc : alloc_device_free:586: Free handle(0x793285cb00)
10-09 15:55:29.511   485   532 I gralloc : alloc_device_free:586: Free handle(0x793285c500)
10-09 15:55:29.511   485   532 I gralloc : alloc_device_free:586: Free handle(0x792ac6f800)
10-09 15:55:29.687   485   585 I gralloc : alloc_device_free:586: Free handle(0x7932994c00)
10-09 15:55:29.687   485   585 I gralloc : alloc_device_free:586: Free handle(0x7932994d00)
10-09 15:55:29.687   485   585 I gralloc : alloc_device_free:586: Free handle(0x793286b200)
10-09 15:55:29.687   485   585 I gralloc : alloc_device_free:586: Free handle(0x793286b300)
10-09 15:55:29.687   485   585 I gralloc : alloc_device_free:586: Free handle(0x793286b400)
10-09 15:55:29.688   485   585 I gralloc : alloc_device_free:586: Free handle(0x793286b500)
10-09 15:55:29.804  2623  2623 I HwLauncher:  FPSMonitor endScroll
10-09 15:55:29.838   485   485 I gralloc : alloc_device_free:586: Free handle(0x792acac400)
10-09 15:55:29.838   485   485 I gralloc : alloc_device_free:586: Free handle(0x793285cc00)
10-09 15:55:29.844  2623  2623 I HwLauncher: Launcher onBackPressed zoomEnable=false
10-09 15:55:29.844  2623  2623 I HwLauncher:  FPSMonitor snapToPage whichPage = 0 delta = 0 duration = 300
10-09 15:55:29.844  2623  2623 I HwLauncher: DropSearchView  hide() Already hidden.
10-09 15:55:29.844  2623  2623 I HwLauncher: Launcher onBackPressed end
10-09 15:55:29.849 18308 18308 I ActionTrace_HomePageShadow: BrowserController onStop
10-09 15:55:29.853   485   485 I gralloc : alloc_device_free:586: Free handle(0x792ac6fd00)
10-09 15:55:29.888  2623  2623 W HwLauncher: BubbleTextView Animate already started
10-09 15:55:29.972  1031  1454 I chatty  : uid=1000(system) WifiStateMachin expire 1 line
10-09 15:55:30.070   485   485 I gralloc : alloc_device_free:586: Free handle(0x793285ce00)
10-09 15:55:30.071   485   485 I gralloc : alloc_device_free:586: Free handle(0x792acac800)
10-09 15:55:30.138  1972  2566 I PGServer: checkPkgType. calling pkg: android
10-09 15:55:30.171  2623  2623 I HwLauncher:  FPSMonitor endScroll
10-09 15:55:30.616   506  1340 I         : getTotalMemoryFromDDRInfo, buffer = 0x4ff
10-09 15:55:30.616   506  1340 I         : , len = 6
10-09 15:55:30.616   506  1340 I         : [getTotalMemoryFromDDRInfo] total memory =4194304KB
10-09 15:55:30.627   506  1340 I         : HwCamMem mempoolcfg void android::MTMemoryPool::dumpMemInfo() Free=1393228, Total=4194304, Pss=14375 mTimeOutCount=1
10-09 15:55:30.738  2623  2623 I HwLauncher: FPSMonitor  [Launcher , dispatchTouchEvent begin, false, true] down event  x = 699 y = 1273
10-09 15:55:30.738  2623  2623 I HwLauncher: Launcher workspaceTranslationX = 0.0
10-09 15:55:30.738  2623  2623 I HwLauncher: FPSMonitor  [PagedView , onIntercept] down event  x = 699 y = 1273
10-09 15:55:30.738  2623  2623 I HwLauncher: FPSMonitor  [Launcher , dispatchTouchEvent end, false, true] down event  x = 699 y = 1273
10-09 15:55:30.797  1031  1435 I chatty  : uid=1000(system) sManagerService expire 1 line
10-09 15:55:30.805  2623  2623 I HwLauncher:  FPSMonitor startScroll xMoved = false  xPaged = true xDiff =  50
10-09 15:55:30.915  2623  2623 I HwLauncher: FPSMonitor  [Launcher , dispatchTouchEvent begin, false, true] up event  x = 90 y = 1066
10-09 15:55:30.915  2623  2623 I HwLauncher: FPSMonitor  [PagedView , onTouchEvent] up event  x = 90 y = 1066
10-09 15:55:30.915  2623  2623 I HwLauncher:  FPSMonitor snapToPage whichPage = 1 delta = 747 duration = 336
10-09 15:55:30.915  2623  2623 I HwLauncher: FPSMonitor  [Launcher , dispatchTouchEvent end, false, true] up event  x = 90 y = 1066
10-09 15:55:31.239  2623  2623 I HwLauncher:  FPSMonitor endScroll
10-09 15:55:31.295  1031  1513 I chatty  : uid=1000(system) WiFiArpStateMac expire 5 lines
10-09 15:55:31.899  1031  1434 I chatty  : uid=1000(system) AlarmManager expire 1 line
10-09 15:55:31.899  1031  1454 I chatty  : uid=1000(system) WifiStateMachin expire 2 lines
10-09 15:55:31.910  1031  1462 I chatty  : uid=1000(system) WifiScanningSer expire 3 lines
10-09 15:55:31.996  2623  2623 I HwLauncher: WidgetCustomizeContainer all widgets =[AppWidgetProviderInfo(UserHandle{0}/ComponentInfo{cn.wps.moffice_eng/cn.wps.widget.MofficeAppWidgetProvider_4x2}), AppWidgetProviderInfo(UserHandle{0}/ComponentInfo{com.android.calendar/com.android.calendar.widget.CalendarAppWidgetProvider}), AppWidgetProviderInfo(UserHandle{0}/ComponentInfo{com.android.calendar/com.android.calendar.simpleui.CalendarSimpleUiPRovider}), AppWidgetProviderInfo(UserHandle{0}/ComponentInfo{com.android.calendar/com.android.calendar.mycalendar.CalendarAppWidgetProvider}), AppWidgetProviderInfo(UserHandle{0}/ComponentInfo{com.android.deskclock/com.android.alarmclock.DigitalClockAppWidgetProvider}), AppWidgetProviderInfo(UserHandle{0}/ComponentInfo{com.android.deskclock/com.android.alarmclock.AnalogAppWidgetProvider}), AppWidgetProviderInfo(UserHandle{0}/ComponentInfo{com.android.deskclock/com.android.alarmclock.WorldClockAppWidgetProvider}), AppWidgetProviderInfo(UserHandle{0}/ComponentInfo{com.android.email/com.android.email.provider.WidgetProvider}), AppWidgetProviderInfo(UserHandle{0}/ComponentInfo{com.android.gallery3d/com.android.gallery3d.gadget.PhotoAppWidgetProvider}), AppWidgetProviderInfo(UserHandle{0}/ComponentInfo{com.android.mediacenter/com.android.mediacenter.localmusic.MediaAppWidgetProvider}), AppWidgetProviderInfo(UserHandle{0}/ComponentInfo{com.android.settings/com.android.settings.widget.SettingsAppWidgetProvider}), AppWidgetProviderInfo(UserHandle{0}/ComponentInfo{com.example.android.notepad/com.example.android.notepad.widget.NotesWidgetProvider}), AppWidgetProviderInfo(UserHandle{0}/ComponentInfo{com.huawei.android.launcher/com.huawei.android.launcher.widget.OneKeyCleanWidget}), AppWidgetProviderInfo(UserHandle{0}/ComponentInfo{com.huawei.android.totemweather/com.huawei.android.totemweather.widget.WeatherSmallWidgetProvider}), AppWidgetProviderInfo(UserHandle{0}/ComponentInfo{com.huawei.android.totemweather/com.huawei.android.totemweather.widget.WeatherSimpleWidgetProvider}), AppWidgetProviderInfo(UserHandle{0}/ComponentInfo{com.huawei.android.totemweather/com.huawei.android.totemweather.widget.doublecity.DualWidgetWeatherProvider}), AppWidgetProviderInfo(UserHandle{0}/ComponentInfo{com.huawei.android.totemweather/com.huawei.android.totemweather.widget.mulan.MulanWidgetWeatherProvider}), AppWidgetProviderInfo(UserHandle{0}/ComponentInfo{com.huawei.health/com.huawei.health.ui.widget.HealthSportWidget}), AppWidgetProviderInfo(UserHandle{0}/ComponentInfo{com.sina.weibo/com.sina.weibo.gowidget.GoWidgetProvider}), AppWidgetProviderInfo(UserHandle{0}/ComponentInfo{com.mfw.roadbook/com.mfw.roadbook.widget.TravelNoteWidget})]
10-09 15:55:32.085   504   504 E Thermal-daemon: [ap] temp_new :37  temp_old :34
10-09 15:55:32.085   504   504 E Thermal-daemon: Report temperature: [ap] temp :37  report_threshold:1
10-09 15:55:32.132  1031  1454 I chatty  : uid=1000(system) WifiStateMachin expire 1 line
10-09 15:55:32.172  2623  2623 I HwLauncher: FPSMonitor  [Launcher , dispatchTouchEvent begin, false, true] down event  x = 685 y = 1419
10-09 15:55:32.172  2623  2623 I HwLauncher: Launcher workspaceTranslationX = 0.0
10-09 15:55:32.172  2623  2623 I HwLauncher: FPSMonitor  [PagedView , onIntercept] down event  x = 685 y = 1419
10-09 15:55:32.173  1972  2086 I ScenarioAction: new ScenarioAction sPoolSize: 0
10-09 15:55:32.173  2623  2623 I HwLauncher: FPSMonitor  [Launcher , dispatchTouchEvent end, false, true] down event  x = 685 y = 1419
10-09 15:55:32.193  2623  2881 E OpenGLRenderer: allen debug liyu Key: 9437249
10-09 15:55:32.264  2623  2623 I HwLauncher: FPSMonitor  [Launcher , dispatchTouchEvent begin, false, true] up event  x = 685 y = 1419
10-09 15:55:32.264  2623  2623 I HwLauncher: FPSMonitor  [PagedView , onIntercept] up event  x = 685 y = 1419
10-09 15:55:32.265  2623  2623 I HwLauncher: FPSMonitor  [Launcher , dispatchTouchEvent end, false, true] up event  x = 685 y = 1419
10-09 15:55:32.266  2623  2623 I HwLauncher: Launcher onclick begin com.huawei.android.launcher.BubbleTextView{eba568 VFED..CL. ...P..ID 562,1303-843,1684 #9c010203}
10-09 15:55:32.266  2623  2623 I HwLauncher: Launcher.Utilities  startActivitySafely useLaunchAnimation = true
10-09 15:55:32.266  2623  2623 I HwLauncher: Launcher.Utilities  startActivitySafely begin startActivity() for current user
10-09 15:55:32.268  1031  2589 I chatty  : uid=1000(system) Binder:1031_D expire 2 lines
10-09 15:55:32.269  1031  1146 I chatty  : uid=1000(system) android.bg expire 1 line
10-09 15:55:32.277  1031  1194 I chatty  : uid=1000(system) android.display expire 2 lines
10-09 15:55:32.277  2623  2623 I HwLauncher: Launcher.Utilities  startActivitySafely end startActivity() for current user
10-09 15:55:32.277  2623  2623 I HwLauncher: Launcher this view's parent is not SearchGridView , so no need to reportRecentApp.
10-09 15:55:32.277  2623  2623 I HwLauncher: Launcher onclick end
10-09 15:55:32.278  2623  2623 I HwLauncher: Launcher onPause()
10-09 15:55:32.279  2623 28043 I HwLauncher: Launcher.MotionManager stopMotionAppsReco begin,mFlg = 403
10-09 15:55:32.279  2623 28043 W HwLauncher: Launcher.MotionManager stopMotionAppsReco service flg 403 is unavailable
10-09 15:55:32.285  1031  2493 I chatty  : uid=1000(system) Binder:1031_A expire 1 line
10-09 15:55:32.296 23224 23224 E com.umeng.message.UTrack: RegistrationId is empty
10-09 15:55:32.297  1972  2223 I PGServer: report state:10010 event type:2 pid:0 uid:0 pkg:com.huawei.android.launcher to pid: 1031
10-09 15:55:32.297  1972  2223 I PGServer: report state:10000 event type:1 pid:0 uid:0 pkg:cn.com.autohome.travel to pid: 1031
10-09 15:55:32.297  1031  1056 I chatty  : uid=1000(system) Binder:1031_1 expire 2 lines
10-09 15:55:32.298 23224 23224 E com.umeng.message.UTrack: RegistrationId is empty
10-09 15:55:32.305 23224 23224 I CrashReport-Native: Set native info: isAppForeground(true)
10-09 15:55:32.305 23224 23224 W VRSystemServiceManager: vr service is not alive
10-09 15:55:32.305 23224 23224 W VRSystemServiceManager: vr service is not alive
10-09 15:55:32.308   485  2293 I gralloc : alloc_device_alloc:564: Alloc handle(0x7932994700): interfmt=1, stride=1472, size=15073280, usage=0x933
10-09 15:55:32.328  1031 15723 I chatty  : uid=1000(system) Binder:1031_19 expire 1 line
10-09 15:55:32.328  1645  1645 I PhoneStatusBarPolicy: updateBluetooth:::setBluetoothBatteryEnable false.
10-09 15:55:32.328  1645  1645 I PhoneStatusBarPolicy: updateBluetooth::bluetoothEnabled:false, bluetoothConnected=false, bluetoothTransfering=false
10-09 15:55:32.328  1645  1645 W HwKeyguardDragHelper: AnimationBlocked
10-09 15:55:32.329 23224 23284 I OpenGLRenderer: Initialized EGL, version 1.4
10-09 15:55:32.330   485  2293 I gralloc : alloc_device_free:586: Free handle(0x793285c000)
10-09 15:55:32.330   485  2293 I gralloc : alloc_device_free:586: Free handle(0x793286b700)
10-09 15:55:32.332   485  2293 E BufferQueueProducer: [cn.com.autohome.travel/cn.com.autohome.travel.module.launcher.SplashActivity] connect: already connected (cur=1 req=1)
10-09 15:55:32.333   485  1634 I gralloc : alloc_device_alloc:564: Alloc handle(0x7932994300): interfmt=200000001, stride=1472, size=15310848, usage=0xb00
10-09 15:55:32.336   485  1634 I gralloc : alloc_device_alloc:564: Alloc handle(0x792ac6fb00): interfmt=200000001, stride=1472, size=15310848, usage=0xb00
10-09 15:55:32.338   485  1634 I gralloc : alloc_device_alloc:564: Alloc handle(0x793285c900): interfmt=200000001, stride=1472, size=15310848, usage=0xb00
10-09 15:55:32.343 23224 23284 E OpenGLRenderer: allen debug liyu Key: 0
10-09 15:55:32.346 23224 23284 E OpenGLRenderer: allen debug liyu Key: 1
10-09 15:55:32.346 23224 23284 E OpenGLRenderer: allen debug liyu Key: 34359738371
10-09 15:55:32.352  1031  1194 I chatty  : uid=1000(system) android.display expire 2 lines
10-09 15:55:32.352  1031  1146 I chatty  : uid=1000(system) android.bg expire 4 lines
10-09 15:55:32.391  1031  1992 I chatty  : uid=1000(system) Binder:1031_5 expire 2 lines
10-09 15:55:32.558   485   485 I gralloc : alloc_device_free:586: Free handle(0x7932994700)
10-09 15:55:32.565  1031  1147 I chatty  : uid=1000(system) ActivityManager expire 2 lines
10-09 15:55:32.565  2623  2623 I HwLauncher: Launcher onStop()
10-09 15:55:32.591   485   485 I gralloc : alloc_device_free:586: Free handle(0x793286b900)
10-09 15:55:32.591  1972  1984 I PGServer: checkPkgType. calling pkg: android
10-09 15:55:32.596  1972  2432 I PGServer: checkPkgType. calling pkg: com.huawei.iaware
10-09 15:55:32.980  1031  1454 I chatty  : uid=1000(system) WifiStateMachin expire 1 line
10-09 15:55:33.238  1031  1031 I chatty  : uid=1000 system_server expire 3 lines
10-09 15:55:33.525  1031  1148 I chatty  : uid=1000(system) android.ui expire 4 lines
10-09 15:55:33.846  2623 28026 W HwLauncher: getDownloadInfo return null!
10-09 15:55:34.312  1031  2589 I chatty  : uid=1000(system) Binder:1031_D expire 2 lines
10-09 15:55:34.321 23224 23224 I CrashReport-Native: Set native info: isAppForeground(false)
10-09 15:55:34.333 23224 23224 E com.umeng.message.UTrack: RegistrationId is empty
10-09 15:55:34.334 23224 23224 E com.umeng.message.UTrack: RegistrationId is empty
10-09 15:55:34.370 23224 23224 I CrashReport-Native: Set native info: isAppForeground(true)
10-09 15:55:34.371 23224 23224 W VRSystemServiceManager: vr service is not alive
10-09 15:55:34.371 23224 23224 W VRSystemServiceManager: vr service is not alive
10-09 15:55:34.386 28061 28061 I         : power log dlsym ok
10-09 15:55:34.389 28061 28061 I art     : Reinit property: dalvik.vm.checkjni= false
10-09 15:55:34.393  2003  2205 W PhoneInterfaceManager: shouldBlockLocation running ...
10-09 15:55:34.397   485   532 E BufferQueueProducer: [cn.com.autohome.travel/cn.com.autohome.travel.module.home.HomeActivity] connect: already connected (cur=1 req=1)
10-09 15:55:34.398   485  2293 I gralloc : alloc_device_alloc:564: Alloc handle(0x793286b700): interfmt=200000001, stride=1472, size=15310848, usage=0xb00
10-09 15:55:34.400   485  2293 I gralloc : alloc_device_alloc:564: Alloc handle(0x793285c000): interfmt=200000001, stride=1472, size=15310848, usage=0xb00
10-09 15:55:34.401  2003  2205 I PhoneInterfaceManager: shouldBlockLocation  ret:false
10-09 15:55:34.403   485  2293 I gralloc : alloc_device_alloc:564: Alloc handle(0x7932994900): interfmt=200000001, stride=1472, size=15310848, usage=0xb00
10-09 15:55:34.407 23224 23284 E OpenGLRenderer: allen debug liyu Key: 68719476736
10-09 15:55:34.410 23224 23224 I RefreshingYFF: #####resetHeader()#####
10-09 15:55:34.413   485   532 I gralloc : alloc_device_alloc:564: Alloc handle(0x792ac6f800): interfmt=1, stride=64, size=4096, usage=0x100
10-09 15:55:34.418   485  1436 I gralloc : alloc_device_free:586: Free handle(0x792ac6f800)
10-09 15:55:34.430 28061 28061 W CrashReport: Bugly debug模式开启，请在发布时把isDebug关闭。 -- Running in debug model for 'isDebug' is enabled. Please disable it when you release.
10-09 15:55:34.430 28061 28061 E CrashReport: --------------------------------------------------------------------------------------------
10-09 15:55:34.430 28061 28061 W CrashReport: Bugly debug模式将有以下行为特性 -- The following list shows the behaviour of debug model: 
10-09 15:55:34.430 28061 28061 W CrashReport: [1] 输出详细的Bugly SDK的Log -- More detailed log of Bugly SDK will be output to logcat;
10-09 15:55:34.430 28061 28061 W CrashReport: [2] 每一条Crash都会被立即上报 -- Every crash caught by Bugly will be uploaded immediately.
10-09 15:55:34.430 28061 28061 W CrashReport: [3] 自定义日志将会在Logcat中输出 -- Custom log will be output to logcat.
10-09 15:55:34.430 28061 28061 E CrashReport: --------------------------------------------------------------------------------------------
10-09 15:55:34.430 28061 28061 I CrashReportInfo: [init] Open debug mode of Bugly.
10-09 15:55:34.430 28061 28061 I CrashReport: [init] Bugly version: v2.6.5
10-09 15:55:34.430 28061 28061 I CrashReport:  crash report start initializing...
10-09 15:55:34.430 28061 28061 I CrashReportInfo: [init] Bugly start initializing...
10-09 15:55:34.430 28061 28061 I CrashReport: [init] Bugly complete version: v2.6.5
10-09 15:55:34.430  1031  2002 I chatty  : uid=1000(system) Binder:1031_7 expire 2 lines
10-09 15:55:34.434 23224 23229 I art     : Do partial code cache collection, code=61KB, data=59KB
10-09 15:55:34.436 23224 23229 I art     : After code cache collection, code=49KB, data=49KB
10-09 15:55:34.436 23224 23229 I art     : Increasing code cache capacity to 256KB
10-09 15:55:34.439 28061 28061 I CrashReport: [param] Set APP ID:1f51e94e9b
10-09 15:55:34.440 28061 28061 I CrashReport: [session] launch app, new start
10-09 15:55:34.442 28061 28061 I CrashReport: Initializing crash module.
10-09 15:55:34.443 23224 23284 E OpenGLRenderer: allen debug liyu Key: 1099511627784
10-09 15:55:34.443 28061 28061 I CrashReport: backup system java handler: com.android.internal.os.RuntimeInit$UncaughtHandler@a3c93af
10-09 15:55:34.443 28061 28061 I CrashReport: registered java monitor: com.tencent.bugly.crashreport.crash.e@92463bc
10-09 15:55:34.443 28061 28061 I CrashReport: user change native true
10-09 15:55:34.443 28061 28061 I CrashReport: native changed to true
10-09 15:55:34.443 28061 28061 I CrashReport: [Native] Trying to load so: Bugly
10-09 15:55:34.443 23224 23284 E OpenGLRenderer: allen debug liyu Key: 103079215104
10-09 15:55:34.444 28061 28061 I CrashReport: [Native] Successfully loaded SO: Bugly
10-09 15:55:34.444 28061 28061 I CrashReport-Native: setLogMode 3 current 4
10-09 15:55:34.444 28061 28061 I CrashReport-Native: regist start
10-09 15:55:34.444 28061 28061 I CrashReport-Native: JARJNIVERSION:1
10-09 15:55:34.444 28061 28061 I CrashReport-Native: set signal stack
10-09 15:55:34.444 28061 28061 I CrashReport-Native: regist native handler
10-09 15:55:34.444 28061 28061 I CrashReport-Native: Create map list by maps file: /proc/28061/maps
10-09 15:55:34.450   485   532 I gralloc : alloc_device_free:586: Free handle(0x7932994300)
10-09 15:55:34.451   485   532 I gralloc : alloc_device_free:586: Free handle(0x792ac6fb00)
10-09 15:55:34.454 28061 28061 I CrashReport-Native: Opened system log record file: /data/user/0/cn.com.autohome.travel/app_bugly/sys_log_1507535734454518.txt
10-09 15:55:34.454 28061 28061 I CrashReport-Native: NativeBuglyVersion:3.3.1
10-09 15:55:34.454 28061 28061 I CrashReport: [Native] Native Crash Report enable.
10-09 15:55:34.454 28061 28061 I CrashReport: [Native] Info setting jni can be accessed.
10-09 15:55:34.455 28061 28061 I CrashReport: [Native] Extra jni can be accessed.
10-09 15:55:34.455 28061 28061 I CrashReport: anr changed to true
10-09 15:55:34.455 28061 28082 I CrashReport-Native: Set native info: app version(1.4.1)
10-09 15:55:34.455 28061 28082 I CrashReport-Native: Set native info: app package(cn.com.autohome.travel)
10-09 15:55:34.455 28061 28082 I CrashReport-Native: Set native info: user ID(unknown)
10-09 15:55:34.455 28061 28082 I CrashReport-Native: Set native info: isAppForeground(false)
10-09 15:55:34.455 28061 28082 I CrashReport-Native: Set native info: launchTime(1507535734430)
10-09 15:55:34.455 28061 28061 I CrashReport: start anr monitor!
10-09 15:55:34.456 28061 28061 I CrashReportInfo: [init] Bugly initialization finished.
10-09 15:55:34.456 28061 28082 I CrashReport: [ExtraCrashManager] no game agent
10-09 15:55:34.456 28061 28082 I CrashReport: [BuglyBroadcastRecevier] Register broadcast receiver of Bugly.
10-09 15:55:34.474 28061 28086 E umengsocial: ----sdkversion:6.4.3---
10-09 15:55:34.474 28061 28086 E umengsocial:  如有任何错误，请开启debug模式:在设置各平台APPID的地方添加代码：Config.DEBUG = true
10-09 15:55:34.474 28061 28086 E umengsocial: 所有编译问题或者设置问题，请参考文档：https://at.umeng.com/0fqeCy?cid=476
10-09 15:55:34.484 28061 28083 I System.out: [/system/bin/sh, -c, getprop]
10-09 15:55:34.484 28061 28083 I System.out: null
10-09 15:55:34.484 28061 28083 I System.out: null
10-09 15:55:34.484 28061 28083 I System.out: Calling by::className:com.tencent.bugly.proguard.z  MethodName:a
10-09 15:55:34.489 28061 28090 W DeviceConfig: Could not get mac address.[no permission android.permission.ACCESS_WIFI_STATE
10-09 15:55:34.493 28061 28061 W DeviceId: galaxy lib host missing meta-data,make sure you know the right way to integrate galaxy
10-09 15:55:34.493 28061 28061 W DeviceId: galaxy lib host missing meta-data,make sure you know the right way to integrate galaxy
10-09 15:55:34.493 28061 28061 W DeviceId: galaxy lib host missing meta-data,make sure you know the right way to integrate galaxy
10-09 15:55:34.503 28061 28061 I BaiduApiAuth: BaiduApiAuth SDK Version:1.0.20
10-09 15:55:34.504 28061 28090 W DeviceConfig: Could not get mac address.[no permission android.permission.ACCESS_WIFI_STATE
10-09 15:55:34.516 28061 28083 I System.out: [/system/bin/sh, -c, type su]
10-09 15:55:34.516 28061 28083 I System.out: null
10-09 15:55:34.516 28061 28083 I System.out: null
10-09 15:55:34.516 28061 28083 I System.out: Calling by::className:com.tencent.bugly.proguard.z  MethodName:a
10-09 15:55:34.516 28061 28061 I SendBroadcastPermission: action:permission check ok, mPermissionType:0
10-09 15:55:34.521 28061 28061 I baidu_location_service: LocationAuthManager status = 0
10-09 15:55:34.524 28061 28083 I CrashReport: rom:HuaWei/EMOTION/EmotionUI_5.0
10-09 15:55:34.527 28061 28083 I CrashReport: [UploadManager] Create and start a new thread to execute a task of initializing security context: BUGLY_ASYNC_UPLOAD
10-09 15:55:34.528  1031  2001 I chatty  : uid=1000(system) Binder:1031_6 expire 4 lines
10-09 15:55:34.529 28061 28101 I CrashReport: [UploadManager] Create and start a new thread to execute a upload task: BUGLY_ASYNC_UPLOAD
10-09 15:55:34.529 23224 23284 E OpenGLRenderer: allen debug liyu Key: 34359738369
10-09 15:55:34.533  1031  1951 I chatty  : uid=1000(system) LocationThread expire 3 lines
10-09 15:55:34.549  2003  2197 W PhoneInterfaceManager: shouldBlockLocation running ...
10-09 15:55:34.552  2003  2197 I PhoneInterfaceManager: shouldBlockLocation  ret:false
10-09 15:55:34.561  1031  1058 I chatty  : uid=1000(system) Binder:1031_2 expire 1 line
10-09 15:55:34.562  2003  9105 W PhoneInterfaceManager: shouldBlockLocation running ...
10-09 15:55:34.563  1972  2086 I SensorState: sensor:9 enable:true uid:10146
10-09 15:55:34.563  1972  2086 I PGServer: report state:4 event type:1 pid:9 uid:10146 pkg:null to pid: 1031
10-09 15:55:34.563  1972  2086 I SensorState: addSensor,mHandles:{9=1}
10-09 15:55:34.565  2003  9105 I PhoneInterfaceManager: shouldBlockLocation  ret:false
10-09 15:55:34.568  2003  2015 W PhoneInterfaceManager: shouldBlockLocation running ...
10-09 15:55:34.571  2003  2015 I PhoneInterfaceManager: shouldBlockLocation  ret:false
10-09 15:55:34.584  2003  2205 W PhoneInterfaceManager: shouldBlockLocation running ...
10-09 15:55:34.587  2003  2205 I PhoneInterfaceManager: shouldBlockLocation  ret:false
10-09 15:55:34.589  2003  2188 W PhoneInterfaceManager: shouldBlockLocation running ...
10-09 15:55:34.592  2003  2188 I PhoneInterfaceManager: shouldBlockLocation  ret:false
10-09 15:55:34.661 28061 28102 I CrashReport: [Upload] Success: userinfo
10-09 15:55:34.713  1031  8541 I chatty  : uid=1000(system) Binder:1031_12 expire 4 lines
10-09 15:55:34.716 28061 28090 E UClient : org.json.JSONException: Value ok of type java.lang.String cannot be converted to JSONObject:  [Caught Exception in decryptData()]
10-09 15:55:34.717 28061 28090 E UClient :         at	 org.json.JSON.typeMismatch(JSON.java:111)
10-09 15:55:34.717 28061 28090 E UClient :         at	 org.json.JSONObject.<init>(JSONObject.java:160)
10-09 15:55:34.717 28061 28090 E UClient :         at	 org.json.JSONObject.<init>(JSONObject.java:173)
10-09 15:55:34.717 28061 28090 E UClient :         at	 com.umeng.socialize.net.utils.UClient.decryptData(UClient.java:477)
10-09 15:55:34.717 28061 28090 E UClient :         at	 com.umeng.socialize.net.utils.UClient.parseResult(UClient.java:410)
10-09 15:55:34.717 28061 28090 E UClient :         at	 com.umeng.socialize.net.utils.UClient.httpGetRequest(UClient.java:213)
10-09 15:55:34.717 28061 28090 E UClient :         at	 com.umeng.socialize.net.utils.UClient.execute(UClient.java:72)
10-09 15:55:34.717 28061 28090 E UClient :         at	 com.umeng.socialize.net.base.SocializeClient.execute(SocializeClient.java:33)
10-09 15:55:34.717 28061 28090 E UClient :         at	 com.umeng.socialize.net.stats.StatsAPIs.dauStats(StatsAPIs.java:124)
10-09 15:55:34.717 28061 28090 E UClient :         at	 com.umeng.socialize.net.analytics.SocialAnalytics$8.run(SocialAnalytics.java:238)
10-09 15:55:34.717 28061 28090 E UClient :         at	 java.util.concurrent.Executors$RunnableAdapter.call(Executors.java:428)
10-09 15:55:34.717 28061 28090 E UClient :         at	 java.util.concurrent.FutureTask.run(FutureTask.java:237)
10-09 15:55:34.717 28061 28090 E UClient :         at	 java.util.concurrent.ThreadPoolExecutor.runWorker(ThreadPoolExecutor.java:1133)
10-09 15:55:34.717 28061 28090 E UClient :         at	 java.util.concurrent.ThreadPoolExecutor$Worker.run(ThreadPoolExecutor.java:607)
10-09 15:55:34.717 28061 28090 E UClient :         at	 java.lang.Thread.run(Thread.java:776)
10-09 15:55:34.718  1031  2592 I chatty  : uid=1000(system) Binder:1031_10 expire 9 lines
10-09 15:55:34.726 28061 28097 I Process : Sending signal. PID: 28061 SIG: 9
10-09 15:55:34.765  1972  2086 I SensorState: sensor:9 enable:false uid:10146
10-09 15:55:34.765  1972  2086 I SensorState: removeSensor,mHandles:{}
10-09 15:55:34.765  1972  2086 I PGServer: report state:4 event type:2 pid:9 uid:10146 pkg:null to pid: 1031
10-09 15:55:34.778   485   485 I gralloc : alloc_device_free:586: Free handle(0x793285c900)
10-09 15:55:34.806  1031  1440 I chatty  : uid=1000(system) InputReader expire 3 lines
10-09 15:55:34.808  1031  1439 I chatty  : uid=1000(system) InputDispatcher expire 1 line
10-09 15:55:34.815 23224 23224 I CrashReport-Native: Set native info: isAppForeground(false)
10-09 15:55:34.816  1031  5633 I chatty  : uid=1000(system) AsyUploadThread expire 1 line
10-09 15:55:34.819  1031  1445 I chatty  : uid=1000(system) Binder:1031_3 expire 1 line
10-09 15:55:34.830   485   532 I gralloc : alloc_device_alloc:564: Alloc handle(0x792ac6fb00): interfmt=1, stride=896, size=5304320, usage=0x333
10-09 15:55:34.831   485   534 I gralloc : alloc_device_free:586: Free handle(0x792ac6fb00)
10-09 15:55:34.845  2623  2623 I HwLauncher: Launcher onStart()
10-09 15:55:34.845  2623  2623 I HwLauncher: Launcher  Launcher.onStart() cost 0 ms
10-09 15:55:34.845  2623  2775 E HwLauncher: SettingsEx , no such field.
10-09 15:55:34.845  2623  2775 W HwLauncher: Clock getDataFormat the getSystemString failed.
10-09 15:55:34.845  2623  2623 I HwLauncher: Launcher onResume()
10-09 15:55:34.847  2623  2623 I HwLauncher: Launcher doResumeWork()
10-09 15:55:34.847  1972  2223 I PGServer: report state:10000 event type:2 pid:0 uid:0 pkg:cn.com.autohome.travel to pid: 1031
10-09 15:55:34.847  1972  2223 I PGServer: report state:10010 event type:1 pid:0 uid:0 pkg:com.huawei.android.launcher to pid: 1031
10-09 15:55:34.847  1031 17845 I chatty  : uid=1000(system) Binder:1031_1B expire 2 lines
10-09 15:55:34.849  2623  2623 I HwLauncher: Launcher  onResume mIsToUninstallApp = false
10-09 15:55:34.849  2623  2623 I HwLauncher: Launcher  Launcher hot start cost 5 ms
10-09 15:55:34.856  2003  2197 W PhoneInterfaceManager: shouldBlockLocation running ...
10-09 15:55:34.856  2003  2197 I PhoneInterfaceManager: shouldBlockLocation  ret:false
10-09 15:55:34.858  2623  2881 I OpenGLRenderer: Initialized EGL, version 1.4
10-09 15:55:34.861   485   534 E BufferQueueProducer: [com.huawei.android.launcher/com.huawei.android.launcher.unihome.UniHomeLauncher] connect: already connected (cur=1 req=1)
10-09 15:55:34.861   485   532 I gralloc : alloc_device_alloc:564: Alloc handle(0x7932994300): interfmt=200000001, stride=1472, size=15310848, usage=0xb00
10-09 15:55:34.864   485   532 I gralloc : alloc_device_alloc:564: Alloc handle(0x793285c500): interfmt=200000001, stride=1472, size=15310848, usage=0xb00
10-09 15:55:34.869  5127  5127 I SendBroadcastPermission: action:com.baidu.input.entry.launcer, mPermissionType:0
10-09 15:55:34.869   485   532 I gralloc : alloc_device_alloc:564: Alloc handle(0x793286b100): interfmt=200000001, stride=1472, size=15310848, usage=0xb00
10-09 15:55:34.870  1645  1645 I PhoneStatusBarPolicy: updateBluetooth:::setBluetoothBatteryEnable false.
10-09 15:55:34.870  1645  1645 I PhoneStatusBarPolicy: updateBluetooth::bluetoothEnabled:false, bluetoothConnected=false, bluetoothTransfering=false
10-09 15:55:34.885  2623  2881 E OpenGLRenderer: allen debug liyu Key: 1
10-09 15:55:34.886  2623  2881 E OpenGLRenderer: allen debug liyu Key: 34359738371
10-09 15:55:34.912   485   485 I gralloc : alloc_device_free:586: Free handle(0x7932994900)
10-09 15:55:35.144  1031  1440 I chatty  : uid=1000(system) InputReader expire 1 line
10-09 15:55:35.151  2623  2623 I HwLauncher: Launcher onBackPressed zoomEnable=false
10-09 15:55:35.151  2623  2623 I HwLauncher:  FPSMonitor snapToPage whichPage = 1 delta = 0 duration = 300
10-09 15:55:35.152  2623  2623 I HwLauncher: DropSearchView  hide() Already hidden.
10-09 15:55:35.152  2623  2623 I HwLauncher: Launcher onBackPressed end
10-09 15:55:35.179   485   485 I gralloc : alloc_device_free:586: Free handle(0x793285c000)
10-09 15:55:35.180   485   485 I gralloc : alloc_device_free:586: Free handle(0x793286b700)
10-09 15:55:35.239  1031  1031 I chatty  : uid=1000 system_server expire 5 lines
10-09 15:55:35.287  1031  1454 I chatty  : uid=1000(system) WifiStateMachin expire 1 line
10-09 15:55:35.288  1031  1031 I chatty  : uid=1000 system_server expire 2 lines
10-09 15:55:35.289  1031  1522 I chatty  : uid=1000(system) Thread-13 expire 2 lines
10-09 15:55:35.289  1031  1524 I chatty  : uid=1000(system) HuaweiWifiWatch expire 3 lines
10-09 15:55:35.289  1031  1031 I chatty  : uid=1000 system_server expire 3 lines
10-09 15:55:35.289  1031  1522 I chatty  : uid=1000(system) Thread-13 expire 2 lines
10-09 15:55:35.289  1031  1031 I chatty  : uid=1000 system_server expire 1 line
10-09 15:55:35.291  1031  1524 I chatty  : uid=1000(system) HuaweiWifiWatch expire 3 lines
10-09 15:55:35.291  1031  3500 I chatty  : uid=1000(system) MobileQosDetect expire 1 line
10-09 15:55:35.421  2623  2881 W OpenGLRenderer: Incorrectly called buildLayer on View: ShortcutAndWidgetContainer, destroying layer...
10-09 15:55:35.421  2623  2881 W OpenGLRenderer: Incorrectly called buildLayer on View: ShortcutAndWidgetContainer, destroying layer...
10-09 15:55:35.441  1972  1984 I PGServer: checkPkgType. calling pkg: android
10-09 15:55:35.497  2623  2623 I HwLauncher:  FPSMonitor endScroll
10-09 15:55:35.605  2623  2623 I HwLauncher: FPSMonitor  [Launcher , dispatchTouchEvent begin, false, true] down event  x = 804 y = 1987
10-09 15:55:35.605  2623  2623 I HwLauncher: Launcher workspaceTranslationX = 0.0
10-09 15:55:35.605  2623  2623 I HwLauncher: FPSMonitor  [PagedView , onIntercept] down event  x = 804 y = 1987
10-09 15:55:35.606  2623  2623 I HwLauncher: FPSMonitor  [Launcher , dispatchTouchEvent end, false, true] down event  x = 804 y = 1987
10-09 15:55:35.664  1031  1435 I chatty  : uid=1000(system) sManagerService expire 1 line
10-09 15:55:35.680  2623  2623 I HwLauncher:  FPSMonitor startScroll xMoved = false  xPaged = true xDiff =  79
10-09 15:55:35.739  2623  2623 I HwLauncher: FPSMonitor  [Launcher , dispatchTouchEvent begin, false, true] up event  x = 1135 y = 1755
10-09 15:55:35.739  2623  2623 I HwLauncher: FPSMonitor  [PagedView , onTouchEvent] up event  x = 1135 y = 1755
10-09 15:55:35.739  2623  2623 I HwLauncher:  FPSMonitor snapToPage whichPage = 0 delta = -983 duration = 324
10-09 15:55:35.740  2623  2623 I HwLauncher: FPSMonitor  [Launcher , dispatchTouchEvent end, false, true] up event  x = 1135 y = 1755
10-09 15:55:35.989  1031  1454 I chatty  : uid=1000(system) WifiStateMachin expire 1 line
10-09 15:55:36.064  2623  2623 I HwLauncher:  FPSMonitor endScroll
10-09 15:55:36.324  1031  1513 I chatty  : uid=1000(system) WiFiArpStateMac expire 9 lines
10-09 15:55:36.467  2623  2623 I HwLauncher: FPSMonitor  [Launcher , dispatchTouchEvent begin, false, true] down event  x = 1013 y = 1806
10-09 15:55:36.468  2623  2623 I HwLauncher: Launcher workspaceTranslationX = 0.0
10-09 15:55:36.468  2623  2623 I HwLauncher: FPSMonitor  [PagedView , onIntercept] down event  x = 1013 y = 1806
10-09 15:55:36.469  2623  2623 I HwLauncher: FPSMonitor  [Launcher , dispatchTouchEvent end, false, true] down event  x = 1013 y = 1806
10-09 15:55:36.470  1972  2086 I ScenarioAction: new ScenarioAction sPoolSize: 0
10-09 15:55:36.484  2623  2881 E OpenGLRenderer: allen debug liyu Key: 9437249
10-09 15:55:36.536  2623  2623 I HwLauncher: FPSMonitor  [Launcher , dispatchTouchEvent begin, false, true] up event  x = 1011 y = 1806
10-09 15:55:36.536  2623  2623 I HwLauncher: FPSMonitor  [PagedView , onIntercept] up event  x = 1011 y = 1806
10-09 15:55:36.536  2623  2623 I HwLauncher: FPSMonitor  [Launcher , dispatchTouchEvent end, false, true] up event  x = 1011 y = 1806
10-09 15:55:36.536  2623  2623 I HwLauncher: Launcher onclick begin com.huawei.android.launcher.BubbleTextView{c6272f0 VFED..CL. ...P..ID 843,1684-1124,2065 #9c000304}
10-09 15:55:36.537  2623  2623 I HwLauncher: Launcher.Utilities  startActivitySafely useLaunchAnimation = true
10-09 15:55:36.537  2623  2623 I HwLauncher: Launcher.Utilities  startActivitySafely begin startActivity() for current user
10-09 15:55:36.539  1031  2591 I chatty  : uid=1000(system) Binder:1031_F expire 3 lines
10-09 15:55:36.540  1031  1146 I chatty  : uid=1000(system) android.bg expire 8 lines
10-09 15:55:36.549  2623  2623 I HwLauncher: Launcher.Utilities  startActivitySafely end startActivity() for current user
10-09 15:55:36.550  2623  2623 I HwLauncher: Launcher this view's parent is not SearchGridView , so no need to reportRecentApp.
10-09 15:55:36.550  2623  2623 I HwLauncher: Launcher onclick end
10-09 15:55:36.555  2623  2623 I HwLauncher: Launcher onPause()
10-09 15:55:36.556  2623 28126 I HwLauncher: Launcher.MotionManager stopMotionAppsReco begin,mFlg = 403
10-09 15:55:36.556  2623 28126 W HwLauncher: Launcher.MotionManager stopMotionAppsReco service flg 403 is unavailable
10-09 15:55:36.560  1031  1992 I chatty  : uid=1000(system) Binder:1031_5 expire 1 line
10-09 15:55:36.571  1972  2223 I PGServer: report state:10010 event type:2 pid:0 uid:0 pkg:com.huawei.android.launcher to pid: 1031
10-09 15:55:36.571  1972  2223 I PGServer: report state:10000 event type:1 pid:0 uid:0 pkg:com.android.settings to pid: 1031
10-09 15:55:36.571  1031  2002 I chatty  : uid=1000(system) Binder:1031_7 expire 2 lines
10-09 15:55:36.571  1031 14713 I chatty  : uid=1000(system) Binder:1031_17 expire 1 line
10-09 15:55:36.612  1645  1645 I PhoneStatusBarPolicy: updateBluetooth:::setBluetoothBatteryEnable false.
10-09 15:55:36.612  1645  1645 I PhoneStatusBarPolicy: updateBluetooth::bluetoothEnabled:false, bluetoothConnected=false, bluetoothTransfering=false
10-09 15:55:36.612   485  1634 E BufferQueueProducer: [com.android.settings/com.android.settings.HWSettings] connect: already connected (cur=1 req=1)
10-09 15:55:36.613   485  1436 I gralloc : alloc_device_alloc:564: Alloc handle(0x792ac6f800): interfmt=200000001, stride=1472, size=15310848, usage=0xb00
10-09 15:55:36.615  1566 28131 E NaviUtils: isTrikeyExist = true
10-09 15:55:36.617   485  1436 I gralloc : alloc_device_alloc:564: Alloc handle(0x793286bb00): interfmt=200000001, stride=1472, size=15310848, usage=0xb00
10-09 15:55:36.619   485  1436 I gralloc : alloc_device_alloc:564: Alloc handle(0x793285c000): interfmt=200000001, stride=1472, size=15310848, usage=0xb00
10-09 15:55:36.622  5127  5127 I SendBroadcastPermission: action:com.baidu.input.entry.launcer, mPermissionType:0
10-09 15:55:36.642 19394 19414 I hisync-findmyphone.AntiTheftInf: AntiTheftManagerEx getEnable = true from cache
10-09 15:55:36.654   485  2293 I gralloc : alloc_device_free:586: Free handle(0x793285c500)
10-09 15:55:36.655  1031  2592 I chatty  : uid=1000(system) Binder:1031_10 expire 1 line
10-09 15:55:36.655   485  2293 I gralloc : alloc_device_free:586: Free handle(0x793286b100)
