int logctl_get(): open '/dev/hwlog_switch' fail -1, 13. Permission denied

Note: log switch off, only log_main and log_events will have logs!
--------- beginning of main
10-09 15:55:34.436 23224 23229 I art     : After code cache collection, code=49KB, data=49KB
10-09 15:55:34.436 23224 23229 I art     : Increasing code cache capacity to 256KB
10-09 15:55:34.439 28061 28061 I CrashReport: [param] Set APP ID:1f51e94e9b
10-09 15:55:34.440 28061 28061 I CrashReport: [session] launch app, new start
10-09 15:55:34.442 28061 28061 I CrashReport: Initializing crash module.
10-09 15:55:34.443 23224 23284 E OpenGLRenderer: allen debug liyu Key: 1099511627784
10-09 15:55:34.443 28061 28061 I CrashReport: backup system java handler: com.android.internal.os.RuntimeInit$UncaughtHandler@a3c93af
10-09 15:55:34.443 28061 28061 I CrashReport: registered java monitor: com.tencent.bugly.crashreport.crash.e@92463bc
10-09 15:55:34.443 28061 28061 I CrashReport: user change native true
10-09 15:55:34.443 28061 28061 I CrashReport: native changed to true
10-09 15:55:34.443 28061 28061 I CrashReport: [Native] Trying to load so: Bugly
10-09 15:55:34.443 23224 23284 E OpenGLRenderer: allen debug liyu Key: 103079215104
10-09 15:55:34.444 28061 28061 I CrashReport: [Native] Successfully loaded SO: Bugly
10-09 15:55:34.444 28061 28061 I CrashReport-Native: setLogMode 3 current 4
10-09 15:55:34.444 28061 28061 I CrashReport-Native: regist start
10-09 15:55:34.444 28061 28061 I CrashReport-Native: JARJNIVERSION:1
10-09 15:55:34.444 28061 28061 I CrashReport-Native: set signal stack
10-09 15:55:34.444 28061 28061 I CrashReport-Native: regist native handler
10-09 15:55:34.444 28061 28061 I CrashReport-Native: Create map list by maps file: /proc/28061/maps
10-09 15:55:34.454 28061 28061 I CrashReport-Native: Opened system log record file: /data/user/0/cn.com.autohome.travel/app_bugly/sys_log_1507535734454518.txt
10-09 15:55:34.454 28061 28061 I CrashReport-Native: NativeBuglyVersion:3.3.1
10-09 15:55:34.454 28061 28061 I CrashReport: [Native] Native Crash Report enable.
10-09 15:55:34.454 28061 28061 I CrashReport: [Native] Info setting jni can be accessed.
10-09 15:55:34.455 28061 28061 I CrashReport: [Native] Extra jni can be accessed.
10-09 15:55:34.455 28061 28061 I CrashReport: anr changed to true
10-09 15:55:34.455 28061 28082 I CrashReport-Native: Set native info: app version(1.4.1)
10-09 15:55:34.455 28061 28082 I CrashReport-Native: Set native info: app package(cn.com.autohome.travel)
10-09 15:55:34.455 28061 28082 I CrashReport-Native: Set native info: user ID(unknown)
10-09 15:55:34.455 28061 28082 I CrashReport-Native: Set native info: isAppForeground(false)
10-09 15:55:34.455 28061 28082 I CrashReport-Native: Set native info: launchTime(1507535734430)
10-09 15:55:34.455 28061 28061 I CrashReport: start anr monitor!
10-09 15:55:34.456 28061 28061 I CrashReportInfo: [init] Bugly initialization finished.
10-09 15:55:34.456 28061 28082 I CrashReport: [ExtraCrashManager] no game agent
10-09 15:55:34.456 28061 28082 I CrashReport: [BuglyBroadcastRecevier] Register broadcast receiver of Bugly.
10-09 15:55:34.474 28061 28086 E umengsocial: ----sdkversion:6.4.3---
10-09 15:55:34.474 28061 28086 E umengsocial:  如有任何错误，请开启debug模式:在设置各平台APPID的地方添加代码：Config.DEBUG = true
10-09 15:55:34.474 28061 28086 E umengsocial: 所有编译问题或者设置问题，请参考文档：https://at.umeng.com/0fqeCy?cid=476
10-09 15:55:34.484 28061 28083 I System.out: [/system/bin/sh, -c, getprop]
10-09 15:55:34.484 28061 28083 I System.out: null
10-09 15:55:34.484 28061 28083 I System.out: null
10-09 15:55:34.484 28061 28083 I System.out: Calling by::className:com.tencent.bugly.proguard.z  MethodName:a
10-09 15:55:34.489 28061 28090 W DeviceConfig: Could not get mac address.[no permission android.permission.ACCESS_WIFI_STATE
10-09 15:55:34.493 28061 28061 W DeviceId: galaxy lib host missing meta-data,make sure you know the right way to integrate galaxy
10-09 15:55:34.493 28061 28061 W DeviceId: galaxy lib host missing meta-data,make sure you know the right way to integrate galaxy
10-09 15:55:34.493 28061 28061 W DeviceId: galaxy lib host missing meta-data,make sure you know the right way to integrate galaxy
10-09 15:55:34.503 28061 28061 I BaiduApiAuth: BaiduApiAuth SDK Version:1.0.20
10-09 15:55:34.504 28061 28090 W DeviceConfig: Could not get mac address.[no permission android.permission.ACCESS_WIFI_STATE
10-09 15:55:34.516 28061 28083 I System.out: [/system/bin/sh, -c, type su]
10-09 15:55:34.516 28061 28083 I System.out: null
10-09 15:55:34.516 28061 28083 I System.out: null
10-09 15:55:34.516 28061 28083 I System.out: Calling by::className:com.tencent.bugly.proguard.z  MethodName:a
10-09 15:55:34.516 28061 28061 I SendBroadcastPermission: action:permission check ok, mPermissionType:0
10-09 15:55:34.521 28061 28061 I baidu_location_service: LocationAuthManager status = 0
10-09 15:55:34.524 28061 28083 I CrashReport: rom:HuaWei/EMOTION/EmotionUI_5.0
10-09 15:55:34.527 28061 28083 I CrashReport: [UploadManager] Create and start a new thread to execute a task of initializing security context: BUGLY_ASYNC_UPLOAD
10-09 15:55:34.529 28061 28101 I CrashReport: [UploadManager] Create and start a new thread to execute a upload task: BUGLY_ASYNC_UPLOAD
10-09 15:55:34.529 23224 23284 E OpenGLRenderer: allen debug liyu Key: 34359738369
10-09 15:55:34.533  1031  1951 I chatty  : uid=1000(system) LocationThread expire 12 lines
10-09 15:55:34.549  2003  2197 W PhoneInterfaceManager: shouldBlockLocation running ...
10-09 15:55:34.552  2003  2197 I PhoneInterfaceManager: shouldBlockLocation  ret:false
10-09 15:55:34.561  1031  1058 I chatty  : uid=1000(system) Binder:1031_2 expire 1 line
10-09 15:55:34.562  2003  9105 W PhoneInterfaceManager: shouldBlockLocation running ...
10-09 15:55:34.563  1972  2086 I SensorState: sensor:9 enable:true uid:10146
10-09 15:55:34.563  1972  2086 I PGServer: report state:4 event type:1 pid:9 uid:10146 pkg:null to pid: 1031
10-09 15:55:34.563  1972  2086 I SensorState: addSensor,mHandles:{9=1}
10-09 15:55:34.565  2003  9105 I PhoneInterfaceManager: shouldBlockLocation  ret:false
10-09 15:55:34.568  2003  2015 W PhoneInterfaceManager: shouldBlockLocation running ...
10-09 15:55:34.571  2003  2015 I PhoneInterfaceManager: shouldBlockLocation  ret:false
10-09 15:55:34.584  2003  2205 W PhoneInterfaceManager: shouldBlockLocation running ...
10-09 15:55:34.587  2003  2205 I PhoneInterfaceManager: shouldBlockLocation  ret:false
10-09 15:55:34.589  2003  2188 W PhoneInterfaceManager: shouldBlockLocation running ...
10-09 15:55:34.592  2003  2188 I PhoneInterfaceManager: shouldBlockLocation  ret:false
10-09 15:55:34.661 28061 28102 I CrashReport: [Upload] Success: userinfo
10-09 15:55:34.716 28061 28090 E UClient : org.json.JSONException: Value ok of type java.lang.String cannot be converted to JSONObject:  [Caught Exception in decryptData()]
10-09 15:55:34.717 28061 28090 E UClient :         at	 org.json.JSON.typeMismatch(JSON.java:111)
10-09 15:55:34.717 28061 28090 E UClient :         at	 org.json.JSONObject.<init>(JSONObject.java:160)
10-09 15:55:34.717 28061 28090 E UClient :         at	 org.json.JSONObject.<init>(JSONObject.java:173)
10-09 15:55:34.717 28061 28090 E UClient :         at	 com.umeng.socialize.net.utils.UClient.decryptData(UClient.java:477)
10-09 15:55:34.717 28061 28090 E UClient :         at	 com.umeng.socialize.net.utils.UClient.parseResult(UClient.java:410)
10-09 15:55:34.717 28061 28090 E UClient :         at	 com.umeng.socialize.net.utils.UClient.httpGetRequest(UClient.java:213)
10-09 15:55:34.717 28061 28090 E UClient :         at	 com.umeng.socialize.net.utils.UClient.execute(UClient.java:72)
10-09 15:55:34.717 28061 28090 E UClient :         at	 com.umeng.socialize.net.base.SocializeClient.execute(SocializeClient.java:33)
10-09 15:55:34.717 28061 28090 E UClient :         at	 com.umeng.socialize.net.stats.StatsAPIs.dauStats(StatsAPIs.java:124)
10-09 15:55:34.717 28061 28090 E UClient :         at	 com.umeng.socialize.net.analytics.SocialAnalytics$8.run(SocialAnalytics.java:238)
10-09 15:55:34.717 28061 28090 E UClient :         at	 java.util.concurrent.Executors$RunnableAdapter.call(Executors.java:428)
10-09 15:55:34.717 28061 28090 E UClient :         at	 java.util.concurrent.FutureTask.run(FutureTask.java:237)
10-09 15:55:34.717 28061 28090 E UClient :         at	 java.util.concurrent.ThreadPoolExecutor.runWorker(ThreadPoolExecutor.java:1133)
10-09 15:55:34.717 28061 28090 E UClient :         at	 java.util.concurrent.ThreadPoolExecutor$Worker.run(ThreadPoolExecutor.java:607)
10-09 15:55:34.717 28061 28090 E UClient :         at	 java.lang.Thread.run(Thread.java:776)
10-09 15:55:34.726 28061 28097 I Process : Sending signal. PID: 28061 SIG: 9
10-09 15:55:34.765  1972  2086 I SensorState: sensor:9 enable:false uid:10146
10-09 15:55:34.765  1972  2086 I SensorState: removeSensor,mHandles:{}
10-09 15:55:34.765  1972  2086 I PGServer: report state:4 event type:2 pid:9 uid:10146 pkg:null to pid: 1031
10-09 15:55:34.815 23224 23224 I CrashReport-Native: Set native info: isAppForeground(false)
10-09 15:55:34.845  2623  2623 I HwLauncher: Launcher onStart()
10-09 15:55:34.845  2623  2623 I HwLauncher: Launcher  Launcher.onStart() cost 0 ms
10-09 15:55:34.845  2623  2775 E HwLauncher: SettingsEx , no such field.
10-09 15:55:34.845  2623  2775 W HwLauncher: Clock getDataFormat the getSystemString failed.
10-09 15:55:34.845  2623  2623 I HwLauncher: Launcher onResume()
10-09 15:55:34.847  2623  2623 I HwLauncher: Launcher doResumeWork()
10-09 15:55:34.847  1972  2223 I PGServer: report state:10000 event type:2 pid:0 uid:0 pkg:cn.com.autohome.travel to pid: 1031
10-09 15:55:34.847  1972  2223 I PGServer: report state:10010 event type:1 pid:0 uid:0 pkg:com.huawei.android.launcher to pid: 1031
10-09 15:55:34.847  1031 17845 I chatty  : uid=1000(system) Binder:1031_1B expire 3 lines
10-09 15:55:34.849  2623  2623 I HwLauncher: Launcher  onResume mIsToUninstallApp = false
10-09 15:55:34.849  2623  2623 I HwLauncher: Launcher  Launcher hot start cost 5 ms
10-09 15:55:34.856  2003  2197 W PhoneInterfaceManager: shouldBlockLocation running ...
10-09 15:55:34.856  2003  2197 I PhoneInterfaceManager: shouldBlockLocation  ret:false
10-09 15:55:34.858  2623  2881 I OpenGLRenderer: Initialized EGL, version 1.4
10-09 15:55:34.869  5127  5127 I SendBroadcastPermission: action:com.baidu.input.entry.launcer, mPermissionType:0
10-09 15:55:34.885  2623  2881 E OpenGLRenderer: allen debug liyu Key: 1
10-09 15:55:34.886  2623  2881 E OpenGLRenderer: allen debug liyu Key: 34359738371
10-09 15:55:35.151  2623  2623 I HwLauncher: Launcher onBackPressed zoomEnable=false
10-09 15:55:35.151  2623  2623 I HwLauncher:  FPSMonitor snapToPage whichPage = 1 delta = 0 duration = 300
10-09 15:55:35.152  2623  2623 I HwLauncher: DropSearchView  hide() Already hidden.
10-09 15:55:35.152  2623  2623 I HwLauncher: Launcher onBackPressed end
10-09 15:55:35.421  2623  2881 W OpenGLRenderer: Incorrectly called buildLayer on View: ShortcutAndWidgetContainer, destroying layer...
10-09 15:55:35.421  2623  2881 W OpenGLRenderer: Incorrectly called buildLayer on View: ShortcutAndWidgetContainer, destroying layer...
10-09 15:55:35.441  1972  1984 I PGServer: checkPkgType. calling pkg: android
10-09 15:55:35.497  2623  2623 I HwLauncher:  FPSMonitor endScroll
10-09 15:55:35.605  2623  2623 I HwLauncher: FPSMonitor  [Launcher , dispatchTouchEvent begin, false, true] down event  x = 804 y = 1987
10-09 15:55:35.605  2623  2623 I HwLauncher: Launcher workspaceTranslationX = 0.0
10-09 15:55:35.605  2623  2623 I HwLauncher: FPSMonitor  [PagedView , onIntercept] down event  x = 804 y = 1987
10-09 15:55:35.606  2623  2623 I HwLauncher: FPSMonitor  [Launcher , dispatchTouchEvent end, false, true] down event  x = 804 y = 1987
10-09 15:55:35.680  2623  2623 I HwLauncher:  FPSMonitor startScroll xMoved = false  xPaged = true xDiff =  79
10-09 15:55:35.739  2623  2623 I HwLauncher: FPSMonitor  [Launcher , dispatchTouchEvent begin, false, true] up event  x = 1135 y = 1755
10-09 15:55:35.739  2623  2623 I HwLauncher: FPSMonitor  [PagedView , onTouchEvent] up event  x = 1135 y = 1755
10-09 15:55:35.739  2623  2623 I HwLauncher:  FPSMonitor snapToPage whichPage = 0 delta = -983 duration = 324
10-09 15:55:35.740  2623  2623 I HwLauncher: FPSMonitor  [Launcher , dispatchTouchEvent end, false, true] up event  x = 1135 y = 1755
10-09 15:55:36.064  2623  2623 I HwLauncher:  FPSMonitor endScroll
10-09 15:55:36.467  2623  2623 I HwLauncher: FPSMonitor  [Launcher , dispatchTouchEvent begin, false, true] down event  x = 1013 y = 1806
10-09 15:55:36.468  2623  2623 I HwLauncher: Launcher workspaceTranslationX = 0.0
10-09 15:55:36.468  2623  2623 I HwLauncher: FPSMonitor  [PagedView , onIntercept] down event  x = 1013 y = 1806
10-09 15:55:36.469  2623  2623 I HwLauncher: FPSMonitor  [Launcher , dispatchTouchEvent end, false, true] down event  x = 1013 y = 1806
10-09 15:55:36.470  1972  2086 I ScenarioAction: new ScenarioAction sPoolSize: 0
10-09 15:55:36.484  2623  2881 E OpenGLRenderer: allen debug liyu Key: 9437249
10-09 15:55:36.536  2623  2623 I HwLauncher: FPSMonitor  [Launcher , dispatchTouchEvent begin, false, true] up event  x = 1011 y = 1806
10-09 15:55:36.536  2623  2623 I HwLauncher: FPSMonitor  [PagedView , onIntercept] up event  x = 1011 y = 1806
10-09 15:55:36.536  2623  2623 I HwLauncher: FPSMonitor  [Launcher , dispatchTouchEvent end, false, true] up event  x = 1011 y = 1806
10-09 15:55:36.536  2623  2623 I HwLauncher: Launcher onclick begin com.huawei.android.launcher.BubbleTextView{c6272f0 VFED..CL. ...P..ID 843,1684-1124,2065 #9c000304}
10-09 15:55:36.537  2623  2623 I HwLauncher: Launcher.Utilities  startActivitySafely useLaunchAnimation = true
10-09 15:55:36.537  2623  2623 I HwLauncher: Launcher.Utilities  startActivitySafely begin startActivity() for current user
10-09 15:55:36.549  2623  2623 I HwLauncher: Launcher.Utilities  startActivitySafely end startActivity() for current user
10-09 15:55:36.550  2623  2623 I HwLauncher: Launcher this view's parent is not SearchGridView , so no need to reportRecentApp.
10-09 15:55:36.550  2623  2623 I HwLauncher: Launcher onclick end
10-09 15:55:36.555  2623  2623 I HwLauncher: Launcher onPause()
10-09 15:55:36.556  2623 28126 I HwLauncher: Launcher.MotionManager stopMotionAppsReco begin,mFlg = 403
10-09 15:55:36.556  2623 28126 W HwLauncher: Launcher.MotionManager stopMotionAppsReco service flg 403 is unavailable
10-09 15:55:36.571  1972  2223 I PGServer: report state:10010 event type:2 pid:0 uid:0 pkg:com.huawei.android.launcher to pid: 1031
10-09 15:55:36.571  1972  2223 I PGServer: report state:10000 event type:1 pid:0 uid:0 pkg:com.android.settings to pid: 1031
10-09 15:55:36.571  1031 14713 I chatty  : uid=1000(system) Binder:1031_17 expire 1 line
10-09 15:55:36.613   485  1436 I chatty  : uid=1000(system) Binder:485_3 expire 9 lines
10-09 15:55:36.615  1566 28131 E NaviUtils: isTrikeyExist = true
10-09 15:55:36.622  5127  5127 I SendBroadcastPermission: action:com.baidu.input.entry.launcer, mPermissionType:0
10-09 15:55:36.642 19394 19414 I hisync-findmyphone.AntiTheftInf: AntiTheftManagerEx getEnable = true from cache
10-09 15:55:36.654   485  2293 I chatty  : uid=1000(system) Binder:485_5 expire 4 lines
10-09 15:55:36.655  1031  2592 I chatty  : uid=1000(system) Binder:1031_10 expire 3 lines
10-09 15:55:36.907  2623  2623 I HwLauncher: Launcher onStop()
10-09 15:55:40.762  2623  2623 I HwLauncher: Launcher onStart()
10-09 15:55:40.762  2623  2623 I HwLauncher: Launcher  Launcher.onStart() cost 0 ms
10-09 15:55:40.763  2623  2623 I HwLauncher: Launcher onResume()
10-09 15:55:40.763  2623  2775 E HwLauncher: SettingsEx , no such field.
10-09 15:55:40.763  2623  2775 W HwLauncher: Clock getDataFormat the getSystemString failed.
10-09 15:55:40.764  2623  2623 I HwLauncher: Launcher doResumeWork()
10-09 15:55:40.766  2623  2623 I HwLauncher: Launcher  onResume mIsToUninstallApp = false
10-09 15:55:40.766  2623  2623 I HwLauncher: Launcher  Launcher hot start cost 4 ms
10-09 15:55:40.767  1972  2223 I PGServer: report state:10000 event type:2 pid:0 uid:0 pkg:com.android.settings to pid: 1031
10-09 15:55:40.767  1972  2223 I PGServer: report state:10010 event type:1 pid:0 uid:0 pkg:com.huawei.android.launcher to pid: 1031
10-09 15:55:40.778  2003  2292 W PhoneInterfaceManager: shouldBlockLocation running ...
10-09 15:55:40.779  2003  2292 I PhoneInterfaceManager: shouldBlockLocation  ret:false
10-09 15:55:40.781  2623  2881 I OpenGLRenderer: Initialized EGL, version 1.4
10-09 15:55:40.781  1645  1645 I chatty  : uid=10045(com.huawei.HwMultiScreenShot) com.android.systemui expire 19 lines
10-09 15:55:40.799  2623  2881 E OpenGLRenderer: allen debug liyu Key: 1
10-09 15:55:40.800  2623  2881 E OpenGLRenderer: allen debug liyu Key: 34359738371
10-09 15:55:40.812  5127  5127 I SendBroadcastPermission: action:com.baidu.input.entry.launcer, mPermissionType:0
10-09 15:55:40.812  1031  2590 I chatty  : uid=1000(system) Binder:1031_E expire 1 line
10-09 15:55:41.106   485   485 I chatty  : uid=1000(system) /system/bin/surfaceflinger expire 5 lines
10-09 15:55:41.311  2623  2881 W OpenGLRenderer: Incorrectly called buildLayer on View: ShortcutAndWidgetContainer, destroying layer...
10-09 15:55:41.311  2623  2881 W OpenGLRenderer: Incorrectly called buildLayer on View: ShortcutAndWidgetContainer, destroying layer...
10-09 15:55:41.535  2623  2623 I HwLauncher: FPSMonitor  [Launcher , dispatchTouchEvent begin, false, true] down event  x = 1345 y = 1890
10-09 15:55:41.535  2623  2623 I HwLauncher: Launcher workspaceTranslationX = 0.0
10-09 15:55:41.535  2623  2623 I HwLauncher: FPSMonitor  [PagedView , onIntercept] down event  x = 1345 y = 1890
10-09 15:55:41.536  2623  2623 I HwLauncher: FPSMonitor  [Launcher , dispatchTouchEvent end, false, true] down event  x = 1345 y = 1890
10-09 15:55:41.542  2623  2881 E OpenGLRenderer: allen debug liyu Key: 9437249
10-09 15:55:41.574  2623  2623 I HwLauncher:  FPSMonitor startScroll xMoved = true  xPaged = true xDiff =  89
10-09 15:55:41.638  2623  2623 I HwLauncher: FPSMonitor  [Launcher , dispatchTouchEvent begin, false, true] up event  x = 838 y = 2024
10-09 15:55:41.638  2623  2623 I HwLauncher: FPSMonitor  [PagedView , onTouchEvent] up event  x = 838 y = 2024
10-09 15:55:41.638  2623  2623 I HwLauncher:  FPSMonitor snapToPage whichPage = 1 delta = 852 duration = 300
10-09 15:55:41.639  2623  2623 I HwLauncher: FPSMonitor  [Launcher , dispatchTouchEvent end, false, true] up event  x = 838 y = 2024
10-09 15:55:41.958  2623  2623 I HwLauncher:  FPSMonitor endScroll
10-09 15:55:42.091   504   504 E Thermal-daemon: [ap] temp_new :36  temp_old :37
10-09 15:55:42.091   504   504 E Thermal-daemon: Report temperature: [ap] temp :36  report_threshold:1
10-09 15:55:42.359  2623  2623 I HwLauncher: FPSMonitor  [Launcher , dispatchTouchEvent begin, false, true] down event  x = 698 y = 1451
10-09 15:55:42.359  2623  2623 I HwLauncher: Launcher workspaceTranslationX = 0.0
10-09 15:55:42.359  2623  2623 I HwLauncher: FPSMonitor  [PagedView , onIntercept] down event  x = 698 y = 1451
10-09 15:55:42.361  2623  2623 I HwLauncher: FPSMonitor  [Launcher , dispatchTouchEvent end, false, true] down event  x = 698 y = 1451
10-09 15:55:42.361  1972  2086 I ScenarioAction: new ScenarioAction sPoolSize: 0
10-09 15:55:42.434  2623  2623 I HwLauncher: FPSMonitor  [Launcher , dispatchTouchEvent begin, false, true] up event  x = 684 y = 1445
10-09 15:55:42.434  2623  2623 I HwLauncher: FPSMonitor  [PagedView , onIntercept] up event  x = 684 y = 1445
10-09 15:55:42.434  2623  2623 I HwLauncher: FPSMonitor  [Launcher , dispatchTouchEvent end, false, true] up event  x = 684 y = 1445
10-09 15:55:42.434  2623  2623 I HwLauncher: Launcher onclick begin com.huawei.android.launcher.BubbleTextView{eba568 VFED..CL. ...P..ID 562,1303-843,1684 #9c010203}
10-09 15:55:42.434  2623  2623 I HwLauncher: Launcher.Utilities  startActivitySafely useLaunchAnimation = true
10-09 15:55:42.434  2623  2623 I HwLauncher: Launcher.Utilities  startActivitySafely begin startActivity() for current user
10-09 15:55:42.445  2623  2623 I HwLauncher: Launcher.Utilities  startActivitySafely end startActivity() for current user
10-09 15:55:42.445  2623  2623 I HwLauncher: Launcher this view's parent is not SearchGridView , so no need to reportRecentApp.
10-09 15:55:42.445  2623  2623 I HwLauncher: Launcher onclick end
10-09 15:55:42.448  2623  2623 I HwLauncher: Launcher onPause()
10-09 15:55:42.449  2623 28157 I HwLauncher: Launcher.MotionManager stopMotionAppsReco begin,mFlg = 403
10-09 15:55:42.449  2623 28157 W HwLauncher: Launcher.MotionManager stopMotionAppsReco service flg 403 is unavailable
10-09 15:55:42.455  1031  2585 I chatty  : uid=1000(system) Binder:1031_B expire 1 line
10-09 15:55:42.469 23224 23224 E com.umeng.message.UTrack: RegistrationId is empty
10-09 15:55:42.469  1972  2223 I PGServer: report state:10010 event type:2 pid:0 uid:0 pkg:com.huawei.android.launcher to pid: 1031
10-09 15:55:42.469  1972  2223 I PGServer: report state:10000 event type:1 pid:0 uid:0 pkg:cn.com.autohome.travel to pid: 1031
10-09 15:55:42.469  1031  2606 I chatty  : uid=1000(system) Binder:1031_11 expire 1 line
10-09 15:55:42.470 23224 23224 E com.umeng.message.UTrack: RegistrationId is empty
10-09 15:55:42.476 23224 23224 I CrashReport-Native: Set native info: isAppForeground(true)
10-09 15:55:42.477 23224 23224 W VRSystemServiceManager: vr service is not alive
10-09 15:55:42.477 23224 23224 W VRSystemServiceManager: vr service is not alive
10-09 15:55:42.496 23224 23284 I OpenGLRenderer: Initialized EGL, version 1.4
10-09 15:55:42.500   485  1634 I chatty  : uid=1000(system) Binder:485_4 expire 5 lines
10-09 15:55:42.500   485   532 I chatty  : uid=1000(system) Binder:485_1 expire 4 lines
10-09 15:55:42.510 23224 23284 E OpenGLRenderer: allen debug liyu Key: 0
10-09 15:55:42.513 23224 23284 E OpenGLRenderer: allen debug liyu Key: 1
10-09 15:55:42.514 23224 23284 E OpenGLRenderer: allen debug liyu Key: 34359738371
10-09 15:55:42.564  1031  1665 I chatty  : uid=1000(system) Binder:1031_4 expire 2 lines
10-09 15:55:42.733  2623  2623 I HwLauncher: Launcher onStop()
10-09 15:55:42.767  1972  1985 I PGServer: checkPkgType. calling pkg: android
10-09 15:55:42.770  1972  2432 I PGServer: checkPkgType. calling pkg: com.huawei.iaware
10-09 15:55:43.296  1031  1524 I chatty  : uid=1000(system) HuaweiWifiWatch expire 16 lines
10-09 15:55:44.023 19394 19600 I CloudAlbum[8.0.1.304]: [OperationUtil] cancelNotify
10-09 15:55:44.367 19394 19600 I CloudAlbum[8.0.1.304]: [OperationUtil] cancelNotify
10-09 15:55:44.491 23224 23224 I CrashReport-Native: Set native info: isAppForeground(false)
10-09 15:55:44.499 23224 23224 E com.umeng.message.UTrack: RegistrationId is empty
10-09 15:55:44.500 23224 23224 E com.umeng.message.UTrack: RegistrationId is empty
10-09 15:55:44.528 23224 23224 I CrashReport-Native: Set native info: isAppForeground(true)
10-09 15:55:44.529 23224 23224 W VRSystemServiceManager: vr service is not alive
10-09 15:55:44.529 23224 23224 W VRSystemServiceManager: vr service is not alive
10-09 15:55:44.541 28175 28175 I         : power log dlsym ok
10-09 15:55:44.543 28175 28175 I art     : Reinit property: dalvik.vm.checkjni= false
10-09 15:55:44.545  2003  2017 W PhoneInterfaceManager: shouldBlockLocation running ...
10-09 15:55:44.547  2003  2017 I PhoneInterfaceManager: shouldBlockLocation  ret:false
10-09 15:55:44.573 23224 23284 E OpenGLRenderer: allen debug liyu Key: 68719476736
10-09 15:55:44.574 28175 28175 W CrashReport: Bugly debug模式开启，请在发布时把isDebug关闭。 -- Running in debug model for 'isDebug' is enabled. Please disable it when you release.
10-09 15:55:44.574 28175 28175 E CrashReport: --------------------------------------------------------------------------------------------
10-09 15:55:44.574 28175 28175 W CrashReport: Bugly debug模式将有以下行为特性 -- The following list shows the behaviour of debug model: 
10-09 15:55:44.574 28175 28175 W CrashReport: [1] 输出详细的Bugly SDK的Log -- More detailed log of Bugly SDK will be output to logcat;
10-09 15:55:44.574 28175 28175 W CrashReport: [2] 每一条Crash都会被立即上报 -- Every crash caught by Bugly will be uploaded immediately.
10-09 15:55:44.574 28175 28175 W CrashReport: [3] 自定义日志将会在Logcat中输出 -- Custom log will be output to logcat.
10-09 15:55:44.574 28175 28175 E CrashReport: --------------------------------------------------------------------------------------------
10-09 15:55:44.574 28175 28175 I CrashReportInfo: [init] Open debug mode of Bugly.
10-09 15:55:44.574 28175 28175 I CrashReport: [init] Bugly version: v2.6.5
10-09 15:55:44.574 28175 28175 I CrashReport:  crash report start initializing...
10-09 15:55:44.574 28175 28175 I CrashReportInfo: [init] Bugly start initializing...
10-09 15:55:44.574 28175 28175 I CrashReport: [init] Bugly complete version: v2.6.5
10-09 15:55:44.576 23224 23224 I RefreshingYFF: #####resetHeader()#####
10-09 15:55:44.578 28175 28175 I CrashReport: [param] Set APP ID:1f51e94e9b
10-09 15:55:44.579 28175 28175 I CrashReport: [session] launch app, new start
10-09 15:55:44.580 28175 28175 I CrashReport: Initializing crash module.
10-09 15:55:44.583 28175 28175 I CrashReport: backup system java handler: com.android.internal.os.RuntimeInit$UncaughtHandler@9c8bbcb
10-09 15:55:44.583 28175 28175 I CrashReport: registered java monitor: com.tencent.bugly.crashreport.crash.e@db1ffa8
10-09 15:55:44.583 28175 28175 I CrashReport: user change native true
10-09 15:55:44.583 28175 28175 I CrashReport: native changed to true
10-09 15:55:44.583 28175 28175 I CrashReport: [Native] Trying to load so: Bugly
10-09 15:55:44.584 28175 28175 I CrashReport: [Native] Successfully loaded SO: Bugly
10-09 15:55:44.584 28175 28175 I CrashReport-Native: setLogMode 3 current 4
10-09 15:55:44.584 28175 28175 I CrashReport-Native: regist start
10-09 15:55:44.584 28175 28175 I CrashReport-Native: JARJNIVERSION:1
10-09 15:55:44.584 28175 28175 I CrashReport-Native: set signal stack
10-09 15:55:44.584 28175 28175 I CrashReport-Native: regist native handler
10-09 15:55:44.584 28175 28175 I CrashReport-Native: Create map list by maps file: /proc/28175/maps
10-09 15:55:44.593 28175 28175 I CrashReport-Native: Opened system log record file: /data/user/0/cn.com.autohome.travel/app_bugly/sys_log_1507535744592875.txt
10-09 15:55:44.593 28175 28175 I CrashReport-Native: NativeBuglyVersion:3.3.1
10-09 15:55:44.593 28175 28175 I CrashReport: [Native] Native Crash Report enable.
10-09 15:55:44.593 28175 28175 I CrashReport: [Native] Info setting jni can be accessed.
10-09 15:55:44.593 28175 28175 I CrashReport: [Native] Extra jni can be accessed.
10-09 15:55:44.593 28175 28175 I CrashReport: anr changed to true
10-09 15:55:44.593 28175 28175 I CrashReport: start anr monitor!
10-09 15:55:44.593 28175 28194 I CrashReport-Native: Set native info: app version(1.4.1)
10-09 15:55:44.593 28175 28194 I CrashReport-Native: Set native info: app package(cn.com.autohome.travel)
10-09 15:55:44.593 28175 28194 I CrashReport-Native: Set native info: user ID(unknown)
10-09 15:55:44.593 28175 28194 I CrashReport-Native: Set native info: isAppForeground(false)
10-09 15:55:44.593 28175 28194 I CrashReport-Native: Set native info: launchTime(1507535744574)
10-09 15:55:44.594 28175 28193 I CrashReport: [ExtraCrashManager] no game agent
10-09 15:55:44.594 28175 28193 I CrashReport: [BuglyBroadcastRecevier] Register broadcast receiver of Bugly.
10-09 15:55:44.594 28175 28175 I CrashReportInfo: [init] Bugly initialization finished.
10-09 15:55:44.607 23224 23284 E OpenGLRenderer: allen debug liyu Key: 1099511627784
10-09 15:55:44.608 23224 23284 E OpenGLRenderer: allen debug liyu Key: 103079215104
10-09 15:55:44.616 28175 28193 I System.out: [/system/bin/sh, -c, getprop]
10-09 15:55:44.616 28175 28193 I System.out: null
10-09 15:55:44.616 28175 28193 I System.out: null
10-09 15:55:44.616 28175 28198 E umengsocial: ----sdkversion:6.4.3---
10-09 15:55:44.616 28175 28198 E umengsocial:  如有任何错误，请开启debug模式:在设置各平台APPID的地方添加代码：Config.DEBUG = true
10-09 15:55:44.616 28175 28198 E umengsocial: 所有编译问题或者设置问题，请参考文档：https://at.umeng.com/0fqeCy?cid=476
10-09 15:55:44.616 28175 28193 I System.out: Calling by::className:com.tencent.bugly.proguard.z  MethodName:a
10-09 15:55:44.621   485  1436 I gralloc : alloc_device_free:586: Free handle(0x793286bc00)
10-09 15:55:44.621   485  1436 I gralloc : alloc_device_free:586: Free handle(0x793286be00)
10-09 15:55:44.635 28175 28200 W DeviceConfig: Could not get mac address.[no permission android.permission.ACCESS_WIFI_STATE
10-09 15:55:44.646 28175 28175 W DeviceId: galaxy lib host missing meta-data,make sure you know the right way to integrate galaxy
10-09 15:55:44.646 28175 28175 W DeviceId: galaxy lib host missing meta-data,make sure you know the right way to integrate galaxy
10-09 15:55:44.646 28175 28175 W DeviceId: galaxy lib host missing meta-data,make sure you know the right way to integrate galaxy
10-09 15:55:44.649 28175 28193 I System.out: [/system/bin/sh, -c, type su]
10-09 15:55:44.649 28175 28193 I System.out: null
10-09 15:55:44.649 28175 28193 I System.out: null
10-09 15:55:44.649 28175 28193 I System.out: Calling by::className:com.tencent.bugly.proguard.z  MethodName:a
10-09 15:55:44.650 28175 28200 W DeviceConfig: Could not get mac address.[no permission android.permission.ACCESS_WIFI_STATE
10-09 15:55:44.654 28175 28175 I BaiduApiAuth: BaiduApiAuth SDK Version:1.0.20
10-09 15:55:44.662 28175 28193 I CrashReport: rom:HuaWei/EMOTION/EmotionUI_5.0
10-09 15:55:44.665 28175 28193 I CrashReport: [UploadManager] Create and start a new thread to execute a task of initializing security context: BUGLY_ASYNC_UPLOAD
10-09 15:55:44.674 28175 28175 I SendBroadcastPermission: action:permission check ok, mPermissionType:0
10-09 15:55:44.675 28175 28211 I CrashReport: [UploadManager] Create and start a new thread to execute a upload task: BUGLY_ASYNC_UPLOAD
10-09 15:55:44.680 23224 23284 E OpenGLRenderer: allen debug liyu Key: 34359738369
10-09 15:55:44.682 28175 28175 I baidu_location_service: LocationAuthManager status = 0
10-09 15:55:44.687  1031  2018 I chatty  : uid=1000(system) Binder:1031_8 expire 6 lines
10-09 15:55:44.696 23224 23229 I art     : Compiler allocated 7MB to compile android.view.View cn.com.autohome.travel.module.home.HomeRecommendFragment$RecommendAdapter.getView(int, android.view.View, android.view.ViewGroup)
10-09 15:55:44.703  2003  2205 W PhoneInterfaceManager: shouldBlockLocation running ...
10-09 15:55:44.706  2003  2205 I PhoneInterfaceManager: shouldBlockLocation  ret:false
10-09 15:55:44.711  1972  2086 I SensorState: sensor:9 enable:true uid:10146
10-09 15:55:44.711  1972  2086 I PGServer: report state:4 event type:1 pid:9 uid:10146 pkg:null to pid: 1031
10-09 15:55:44.711  1972  2086 I SensorState: addSensor,mHandles:{9=1}
10-09 15:55:44.711  2003  2188 W PhoneInterfaceManager: shouldBlockLocation running ...
10-09 15:55:44.714  2003  2188 I PhoneInterfaceManager: shouldBlockLocation  ret:false
10-09 15:55:44.717  2003  2292 W PhoneInterfaceManager: shouldBlockLocation running ...
10-09 15:55:44.720  2003  2292 I PhoneInterfaceManager: shouldBlockLocation  ret:false
10-09 15:55:44.731  2003  2017 W PhoneInterfaceManager: shouldBlockLocation running ...
10-09 15:55:44.734  2003  2017 I PhoneInterfaceManager: shouldBlockLocation  ret:false
10-09 15:55:44.735  2003  2197 W PhoneInterfaceManager: shouldBlockLocation running ...
10-09 15:55:44.738  2003  2197 I PhoneInterfaceManager: shouldBlockLocation  ret:false
10-09 15:55:44.769 28175 28214 I CrashReport: [Upload] Success: userinfo
10-09 15:55:44.814  1031 15707 I chatty  : uid=1000(system) Binder:1031_18 expire 5 lines
10-09 15:55:44.818  1031  8541 I chatty  : uid=1000(system) Binder:1031_12 expire 1 line
10-09 15:55:44.825 28175 28212 I Process : Sending signal. PID: 28175 SIG: 9
10-09 15:55:44.864  1972  2086 I chatty  : uid=1000(system) core expire 4 lines
10-09 15:55:44.864  1031  2001 I chatty  : uid=1000(system) Binder:1031_6 expire 7 lines
10-09 15:55:44.929   485   485 I gralloc : alloc_device_free:586: Free handle(0x7932994300)
10-09 15:55:45.014  1031  1454 I chatty  : uid=1000(system) WifiStateMachin expire 16 lines
10-09 15:55:45.244  1031  1031 I chatty  : uid=1000 system_server expire 50 lines
10-09 15:55:46.298  2003  2188 W PhoneInterfaceManager: shouldBlockLocation running ...
10-09 15:55:46.302  2003  2188 I PhoneInterfaceManager: shouldBlockLocation  ret:false
10-09 15:55:46.336  1031  1513 I chatty  : uid=1000(system) WiFiArpStateMac expire 17 lines
10-09 15:55:49.922  1987  1987 W HwStepCounter: version : 1
10-09 15:55:49.922  1987  1987 I HwStepCounter: dealReportData length 19
10-09 15:55:49.922  1987  1987 W HwStepCounter: abi 31 total 6 total floor 0 totalCar 1024 total dis 2048
10-09 15:55:49.922  1987  1987 W HwStepCounter: stepPace 4096 stepLength 8192 speed 16384 touchdown_ratio 32768 reserved1 0 reserved2 0
10-09 15:55:49.927  4456  4456 I Step_PreD: 30003302|onSensorChanged: 6
10-09 15:55:49.929  1987  1987 E HwStepCounter: dealReportData tm: 2017-10-09 15:55:50 steps_value[0] : 0 state_value[0]:5 level_value[0]:0
10-09 15:55:49.930  1987  1987 I HwStepCounter: ###### finish ####
10-09 15:55:49.930  1987  1987 I HwStepCounter: isBeginOfToday: 9 -> 9
10-09 15:55:49.930  1987  1987 I HwStepCounter: isBeginOfToday: false
10-09 15:55:49.930  1987  1987 I HwStepCounter: dealReportData: diff = 0
10-09 15:55:51.308  1031  1522 I chatty  : uid=1000(system) Thread-13 expire 12 lines
10-09 15:55:52.097   504   504 E Thermal-daemon: [ap] temp_new :35  temp_old :36
10-09 15:55:52.097   504   504 E Thermal-daemon: Report temperature: [ap] temp :35  report_threshold:1
10-09 15:55:53.058  2452  3108 I NCCHR_NcLogCollectServiceImpl: getUserType = 1
10-09 15:55:54.422  1031  1192 I chatty  : uid=1000(system) android.fg expire 2 lines
10-09 15:55:55.921  4456  4476 I LogUtil_LogConfig: getLogFile(): logFilePath = /data/data/com.huawei.health/files/com.huawei.health/com.huawei.health_DaemonService/
10-09 15:55:57.336  2452  3119 I NCCHR_NcLogCollectServiceImpl: getUserType = 1
10-09 15:55:58.667  2452  2452 I iMonitor: create: 903002009
10-09 15:55:58.669  2452  2452 I iMonitor: send: 903002009
10-09 15:55:58.669   521   899 I logserver: handle_exception_events enter
10-09 15:55:58.760  2452  2468 I art     : Background sticky concurrent mark sweep GC freed 16258(1381KB) AllocSpace objects, 4(600KB) LOS objects, 5% free, 14MB/15MB, paused 5.581ms total 42.026ms
10-09 15:56:00.027  1645  1645 I chatty  : uid=10045(com.huawei.HwMultiScreenShot) com.android.systemui expire 13 lines
10-09 15:56:00.059  2623  2623 I HwLauncher: Model  onReceive intent=Intent { act=android.intent.action.TIME_TICK flg=0x50000014 (has extras) }
10-09 15:56:00.059  2623  2623 I HwLauncher: Model  onReceive user=UserHandle{0}
10-09 15:56:02.101   504   504 E Thermal-daemon: [pa_0] temp_new :32  temp_old :31
10-09 15:56:02.101   504   504 E Thermal-daemon: Report temperature: [pa_0] temp :32  report_threshold:1
10-09 15:56:02.104   504   504 E Thermal-daemon: [ap] temp_new :34  temp_old :35
10-09 15:56:02.104   504   504 E Thermal-daemon: Report temperature: [ap] temp :34  report_threshold:1
10-09 15:56:02.341  1031  1513 I chatty  : uid=1000(system) WiFiArpStateMac expire 17 lines
10-09 15:56:03.268  1031  1031 I chatty  : uid=1000 system_server expire 29 lines
10-09 15:56:03.447  2452  2452 I iMonitor: create: 903001011
10-09 15:56:03.454  2452  2452 I iMonitor: send: 903001011
10-09 15:56:03.455   521   899 I logserver: handle_exception_events enter
10-09 15:56:03.455  2452  2452 W PTM.PeriodCheckManager: mSendService start
10-09 15:56:03.475  2452  2773 E LogCollectService: illegal eventid
10-09 15:56:05.029 28284 28284 I XmlParser: startElement itemName:resource user:-2011221976
10-09 15:56:05.029 28284 28284 I XmlParser: startElement itemName:group user:-2011221976
10-09 15:56:05.029 28284 28284 I XmlParser: startElement itemName:id user:-2011221976
10-09 15:56:05.029 28284 28284 I XmlParser: endElement itemName:id user:-2011221976
10-09 15:56:05.029 28284 28284 I XmlParser: startElement itemName:name user:-2011221976
10-09 15:56:05.029 28284 28284 I XmlParser: endElement itemName:name user:-2011221976
10-09 15:56:05.029 28284 28284 I XmlParser: startElement itemName:define user:-2011221976
10-09 15:56:05.029 28284 28284 I XmlParser: endElement itemName:define user:-2011221976
10-09 15:56:05.029 28284 28284 I XmlParser: startElement itemName:description user:-2011221976
10-09 15:56:05.029 28284 28284 I XmlParser: endElement itemName:description user:-2011221976
10-09 15:56:05.029 28284 28284 I XmlParser: endElement itemName:group user:-2011221976
10-09 15:56:05.029 28284 28284 I XmlParser: startElement itemName:group user:-2011221976
10-09 15:56:05.029 28284 28284 I XmlParser: startElement itemName:id user:-2011221976
10-09 15:56:05.029 28284 28284 I XmlParser: endElement itemName:id user:-2011221976
10-09 15:56:05.029 28284 28284 I XmlParser: startElement itemName:name user:-2011221976
10-09 15:56:05.029 28284 28284 I XmlParser: endElement itemName:name user:-2011221976
10-09 15:56:05.029 28284 28284 I XmlParser: startElement itemName:define user:-2011221976
10-09 15:56:05.029 28284 28284 E XmlParser: startElement mResult:1024
10-09 15:56:05.029 28284 28284 I XmlParser: endElement itemName:define user:-2011221976
10-09 15:56:05.029 28284 28284 I XmlParser: startElement itemName:description user:-2011221976
10-09 15:56:05.029 28284 28284 I XmlParser: endElement itemName:description user:-2011221976
10-09 15:56:05.029 28284 28284 I XmlParser: endElement itemName:group user:-2011221976
10-09 15:56:05.029 28284 28284 I XmlParser: startElement itemName:group user:-2011221976
10-09 15:56:05.029 28284 28284 I XmlParser: startElement itemName:id user:-2011221976
10-09 15:56:05.029 28284 28284 I XmlParser: endElement itemName:id user:-2011221976
10-09 15:56:05.029 28284 28284 I XmlParser: startElement itemName:name user:-2011221976
10-09 15:56:05.029 28284 28284 I XmlParser: endElement itemName:name user:-2011221976
10-09 15:56:05.029 28284 28284 I XmlParser: startElement itemName:define user:-2011221976
10-09 15:56:05.029 28284 28284 I XmlParser: endElement itemName:define user:-2011221976
10-09 15:56:05.029 28284 28284 I XmlParser: startElement itemName:description user:-2011221976
10-09 15:56:05.029 28284 28284 I XmlParser: endElement itemName:description user:-2011221976
10-09 15:56:05.029 28284 28284 I XmlParser: endElement itemName:group user:-2011221976
10-09 15:56:05.029 28284 28284 I XmlParser: startElement itemName:group user:-2011221976
10-09 15:56:05.029 28284 28284 I XmlParser: startElement itemName:id user:-2011221976
10-09 15:56:05.029 28284 28284 I XmlParser: endElement itemName:id user:-2011221976
10-09 15:56:05.029 28284 28284 I XmlParser: startElement itemName:name user:-2011221976
10-09 15:56:05.029 28284 28284 I XmlParser: endElement itemName:name user:-2011221976
10-09 15:56:05.029 28284 28284 I XmlParser: startElement itemName:define user:-2011221976
10-09 15:56:05.029 28284 28284 I XmlParser: endElement itemName:define user:-2011221976
10-09 15:56:05.029 28284 28284 I XmlParser: startElement itemName:description user:-2011221976
10-09 15:56:05.029 28284 28284 I XmlParser: endElement itemName:description user:-2011221976
10-09 15:56:05.029 28284 28284 I XmlParser: endElement itemName:group user:-2011221976
10-09 15:56:05.029 28284 28284 I XmlParser: endElement itemName:resource user:-2011221976
10-09 15:56:05.029 28284 28284 I XmlParser: startElement itemName:resource user:0
10-09 15:56:05.029 28284 28284 I XmlParser: startElement itemName:group user:0
10-09 15:56:05.029 28284 28284 I XmlParser: startElement itemName:id user:0
10-09 15:56:05.029 28284 28284 I XmlParser: endElement itemName:id user:0
10-09 15:56:05.029 28284 28284 I XmlParser: startElement itemName:name user:0
10-09 15:56:05.029 28284 28284 I XmlParser: endElement itemName:name user:0
10-09 15:56:05.029 28284 28284 I XmlParser: startElement itemName:define user:0
10-09 15:56:05.029 28284 28284 E XmlParser: startElement mResult:2097152
10-09 15:56:05.029 28284 28284 I XmlParser: endElement itemName:define user:0
10-09 15:56:05.029 28284 28284 I XmlParser: startElement itemName:description user:0
10-09 15:56:05.029 28284 28284 I XmlParser: endElement itemName:description user:0
10-09 15:56:05.029 28284 28284 I XmlParser: endElement itemName:group user:0
10-09 15:56:05.029 28284 28284 I XmlParser: startElement itemName:group user:0
10-09 15:56:05.029 28284 28284 I XmlParser: startElement itemName:id user:0
10-09 15:56:05.029 28284 28284 I XmlParser: endElement itemName:id user:0
10-09 15:56:05.029 28284 28284 I XmlParser: startElement itemName:name user:0
10-09 15:56:05.029 28284 28284 I XmlParser: endElement itemName:name user:0
10-09 15:56:05.030 28284 28284 I XmlParser: startElement itemName:define user:0
10-09 15:56:05.030 28284 28284 I XmlParser: endElement itemName:define user:0
10-09 15:56:05.030 28284 28284 I XmlParser: startElement itemName:description user:0
10-09 15:56:05.030 28284 28284 I XmlParser: endElement itemName:description user:0
10-09 15:56:05.030 28284 28284 I XmlParser: endElement itemName:group user:0
10-09 15:56:05.030 28284 28284 I XmlParser: startElement itemName:group user:0
10-09 15:56:05.030 28284 28284 I XmlParser: startElement itemName:id user:0
10-09 15:56:05.030 28284 28284 I XmlParser: endElement itemName:id user:0
10-09 15:56:05.030 28284 28284 I XmlParser: startElement itemName:name user:0
10-09 15:56:05.030 28284 28284 I XmlParser: endElement itemName:name user:0
10-09 15:56:05.030 28284 28284 I XmlParser: startElement itemName:define user:0
10-09 15:56:05.030 28284 28284 I XmlParser: endElement itemName:define user:0
10-09 15:56:05.030 28284 28284 I XmlParser: startElement itemName:description user:0
10-09 15:56:05.030 28284 28284 I XmlParser: endElement itemName:description user:0
10-09 15:56:05.030 28284 28284 I XmlParser: endElement itemName:group user:0
10-09 15:56:05.030 28284 28284 I XmlParser: startElement itemName:group user:0
10-09 15:56:05.030 28284 28284 I XmlParser: startElement itemName:id user:0
10-09 15:56:05.030 28284 28284 I XmlParser: endElement itemName:id user:0
10-09 15:56:05.030 28284 28284 I XmlParser: startElement itemName:name user:0
10-09 15:56:05.030 28284 28284 I XmlParser: endElement itemName:name user:0
10-09 15:56:05.030 28284 28284 I XmlParser: startElement itemName:define user:0
10-09 15:56:05.030 28284 28284 I XmlParser: endElement itemName:define user:0
10-09 15:56:05.030 28284 28284 I XmlParser: startElement itemName:description user:0
10-09 15:56:05.030 28284 28284 I XmlParser: endElement itemName:description user:0
10-09 15:56:05.030 28284 28284 I XmlParser: endElement itemName:group user:0
10-09 15:56:05.030 28284 28284 I XmlParser: endElement itemName:resource user:0
10-09 15:56:05.030 28284 28284 I libEGL  : egl_cache_t() maxKeySize:1024  maxTotalSize:2097152
10-09 15:56:05.036 28284 28284 I appproc : CLASSPATH=/system/framework/wm.jar
10-09 15:56:05.036 28284 28284 I appproc : Command=app_process /system/bin com.android.commands.wm.Wm size 
10-09 15:56:05.039 28284 28284 I AndroidRuntime: readDownloadBoosterConfig: 'false'
10-09 15:56:05.092 28284 28284 I art     : Reinit property: dalvik.vm.checkjni= false
10-09 15:56:05.103 28284 28284 I HWSERVICES: hwnative_get_component_register:libdrmbitmap,JNI
10-09 15:56:05.106 28284 28284 I Radio-JNI: register_android_hardware_Radio DONE
10-09 15:56:05.107 28284 28284 I android_hardware_fm.cpp: register_android_hardware_fm_fmradio
10-09 15:56:05.107 28284 28284 I android_hardware_fm.cpp: ========64bit long size = 8
10-09 15:56:05.107 28284 28284 I android_hardware_fm.cpp: FM: get chip type = bcm43xx
10-09 15:56:05.109 28284 28284 E fm_if.c : find the id:fm and begins to open the devices
10-09 15:56:05.109 28284 28284 I android_hardware_fm.cpp: register_android_hardware_fm_fmradio, ret is 0
10-09 15:56:05.689 28303 28303 I XmlParser: startElement itemName:resource user:-598564824
10-09 15:56:05.689 28303 28303 I XmlParser: startElement itemName:group user:-598564824
10-09 15:56:05.689 28303 28303 I XmlParser: startElement itemName:id user:-598564824
10-09 15:56:05.689 28303 28303 I XmlParser: endElement itemName:id user:-598564824
10-09 15:56:05.690 28303 28303 I XmlParser: startElement itemName:name user:-598564824
10-09 15:56:05.690 28303 28303 I XmlParser: endElement itemName:name user:-598564824
10-09 15:56:05.690 28303 28303 I XmlParser: startElement itemName:define user:-598564824
10-09 15:56:05.690 28303 28303 I XmlParser: endElement itemName:define user:-598564824
10-09 15:56:05.690 28303 28303 I XmlParser: startElement itemName:description user:-598564824
10-09 15:56:05.690 28303 28303 I XmlParser: endElement itemName:description user:-598564824
10-09 15:56:05.690 28303 28303 I XmlParser: endElement itemName:group user:-598564824
10-09 15:56:05.690 28303 28303 I XmlParser: startElement itemName:group user:-598564824
10-09 15:56:05.690 28303 28303 I XmlParser: startElement itemName:id user:-598564824
10-09 15:56:05.690 28303 28303 I XmlParser: endElement itemName:id user:-598564824
10-09 15:56:05.690 28303 28303 I XmlParser: startElement itemName:name user:-598564824
10-09 15:56:05.690 28303 28303 I XmlParser: endElement itemName:name user:-598564824
10-09 15:56:05.690 28303 28303 I XmlParser: startElement itemName:define user:-598564824
10-09 15:56:05.690 28303 28303 E XmlParser: startElement mResult:1024
10-09 15:56:05.690 28303 28303 I XmlParser: endElement itemName:define user:-598564824
10-09 15:56:05.690 28303 28303 I XmlParser: startElement itemName:description user:-598564824
10-09 15:56:05.690 28303 28303 I XmlParser: endElement itemName:description user:-598564824
10-09 15:56:05.690 28303 28303 I XmlParser: endElement itemName:group user:-598564824
10-09 15:56:05.690 28303 28303 I XmlParser: startElement itemName:group user:-598564824
10-09 15:56:05.690 28303 28303 I XmlParser: startElement itemName:id user:-598564824
10-09 15:56:05.690 28303 28303 I XmlParser: endElement itemName:id user:-598564824
10-09 15:56:05.690 28303 28303 I XmlParser: startElement itemName:name user:-598564824
10-09 15:56:05.690 28303 28303 I XmlParser: endElement itemName:name user:-598564824
10-09 15:56:05.690 28303 28303 I XmlParser: startElement itemName:define user:-598564824
10-09 15:56:05.690 28303 28303 I XmlParser: endElement itemName:define user:-598564824
10-09 15:56:05.690 28303 28303 I XmlParser: startElement itemName:description user:-598564824
10-09 15:56:05.690 28303 28303 I XmlParser: endElement itemName:description user:-598564824
10-09 15:56:05.690 28303 28303 I XmlParser: endElement itemName:group user:-598564824
10-09 15:56:05.690 28303 28303 I XmlParser: startElement itemName:group user:-598564824
10-09 15:56:05.690 28303 28303 I XmlParser: startElement itemName:id user:-598564824
10-09 15:56:05.690 28303 28303 I XmlParser: endElement itemName:id user:-598564824
10-09 15:56:05.690 28303 28303 I XmlParser: startElement itemName:name user:-598564824
10-09 15:56:05.690 28303 28303 I XmlParser: endElement itemName:name user:-598564824
10-09 15:56:05.690 28303 28303 I XmlParser: startElement itemName:define user:-598564824
10-09 15:56:05.690 28303 28303 I XmlParser: endElement itemName:define user:-598564824
10-09 15:56:05.690 28303 28303 I XmlParser: startElement itemName:description user:-598564824
10-09 15:56:05.690 28303 28303 I XmlParser: endElement itemName:description user:-598564824
10-09 15:56:05.690 28303 28303 I XmlParser: endElement itemName:group user:-598564824
10-09 15:56:05.690 28303 28303 I XmlParser: endElement itemName:resource user:-598564824
10-09 15:56:05.690 28303 28303 I XmlParser: startElement itemName:resource user:0
10-09 15:56:05.690 28303 28303 I XmlParser: startElement itemName:group user:0
10-09 15:56:05.690 28303 28303 I XmlParser: startElement itemName:id user:0
10-09 15:56:05.690 28303 28303 I XmlParser: endElement itemName:id user:0
10-09 15:56:05.690 28303 28303 I XmlParser: startElement itemName:name user:0
10-09 15:56:05.690 28303 28303 I XmlParser: endElement itemName:name user:0
10-09 15:56:05.690 28303 28303 I XmlParser: startElement itemName:define user:0
10-09 15:56:05.690 28303 28303 E XmlParser: startElement mResult:2097152
10-09 15:56:05.690 28303 28303 I XmlParser: endElement itemName:define user:0
10-09 15:56:05.690 28303 28303 I XmlParser: startElement itemName:description user:0
10-09 15:56:05.690 28303 28303 I XmlParser: endElement itemName:description user:0
10-09 15:56:05.690 28303 28303 I XmlParser: endElement itemName:group user:0
10-09 15:56:05.690 28303 28303 I XmlParser: startElement itemName:group user:0
10-09 15:56:05.690 28303 28303 I XmlParser: startElement itemName:id user:0
10-09 15:56:05.690 28303 28303 I XmlParser: endElement itemName:id user:0
10-09 15:56:05.690 28303 28303 I XmlParser: startElement itemName:name user:0
10-09 15:56:05.690 28303 28303 I XmlParser: endElement itemName:name user:0
10-09 15:56:05.690 28303 28303 I XmlParser: startElement itemName:define user:0
10-09 15:56:05.690 28303 28303 I XmlParser: endElement itemName:define user:0
10-09 15:56:05.690 28303 28303 I XmlParser: startElement itemName:description user:0
10-09 15:56:05.690 28303 28303 I XmlParser: endElement itemName:description user:0
10-09 15:56:05.690 28303 28303 I XmlParser: endElement itemName:group user:0
10-09 15:56:05.690 28303 28303 I XmlParser: startElement itemName:group user:0
10-09 15:56:05.690 28303 28303 I XmlParser: startElement itemName:id user:0
10-09 15:56:05.690 28303 28303 I XmlParser: endElement itemName:id user:0
10-09 15:56:05.690 28303 28303 I XmlParser: startElement itemName:name user:0
