10-09 16:05:15.940  1645  1645 W HwKeyguardDragHelper: AnimationBlocked
10-09 16:05:15.941  1645  1645 W PanelView: set notification panel padding = 2552
10-09 16:05:19.435  1031  1031 I chatty  : uid=1000 system_server expire 9 lines
10-09 16:05:19.939  1031  1524 I chatty  : uid=1000(system) HuaweiWifiWatch expire 12 lines
10-09 16:05:19.942  1031  1031 I chatty  : uid=1000 system_server expire 17 lines
10-09 16:05:19.949  1031  3500 I chatty  : uid=1000(system) MobileQosDetect expire 7 lines
10-09 16:05:21.553  1031  1513 I chatty  : uid=1000(system) WiFiArpStateMac expire 13 lines
10-09 16:05:23.703   518   542 W AwareLog:defragd: delay_us exceeds max timeout: 99921895 us
10-09 16:05:24.430  1031  1192 I chatty  : uid=1000(system) android.fg expire 3 lines
10-09 16:05:27.941  1031  1454 I chatty  : uid=1000(system) WifiStateMachin expire 6 lines
10-09 16:05:27.950  1031  1522 I chatty  : uid=1000(system) Thread-13 expire 12 lines
10-09 16:05:33.705   518   542 W AwareLog:defragd: delay_us exceeds max timeout: 89919305 us
10-09 16:05:34.457  1031  1031 I chatty  : uid=1000 system_server expire 28 lines
10-09 16:05:36.631  1031  1513 I chatty  : uid=1000(system) WiFiArpStateMac expire 17 lines
10-09 16:05:37.251  1031  1434 I chatty  : uid=1000(system) AlarmManager expire 1 line
10-09 16:05:37.286  1885  1885 W HwSystemManager: AbsRecordInfo:createRecordFromBundle type provider or service
10-09 16:05:37.287  1645  1645 W HwKeyguardDragHelper: AnimationBlocked
10-09 16:05:37.287  1885  1885 W HwSystemManager: AbsRecordInfo:createRecordFromBundle type provider or service
10-09 16:05:37.288  1645  1645 W PanelView: set notification panel padding = 2552
10-09 16:05:37.290  1645  1645 I EventCenter: EventCenter Get :android.intent.action.TIME_TICK
10-09 16:05:37.298  1645  1645 W ResourceType: Failure getting entry for 0xffffffff (t=254 e=65535) (error -2147483647)
10-09 16:05:37.298  1645  1645 E DateLunarView: mDateString is: 10月9日星期一
10-09 16:05:37.304  1645  1645 W ResourceType: Failure getting entry for 0xffffffff (t=254 e=65535) (error -2147483647)
10-09 16:05:37.305  1645  1645 E DateLunarView: mDateString is: 10月9日星期一
10-09 16:05:37.317  1645  1645 W HwKeyguardDragHelper: AnimationBlocked
10-09 16:05:37.317  1645  1645 W PanelView: set notification panel padding = 2552
10-09 16:05:37.331  2623  2623 I HwLauncher: Model  onReceive intent=Intent { act=android.intent.action.TIME_TICK flg=0x50000014 (has extras) }
10-09 16:05:37.331  2623  2623 I HwLauncher: Model  onReceive user=UserHandle{0}
10-09 16:05:37.353  1031  2591 I chatty  : uid=1000(system) Binder:1031_F expire 1 line
10-09 16:05:37.411  1645  1645 W HwKeyguardDragHelper: AnimationBlocked
10-09 16:05:37.411  1645  1645 W PanelView: set notification panel padding = 2552
10-09 16:05:43.708   518   542 W AwareLog:defragd: delay_us exceeds max timeout: 79916683 us
10-09 16:05:43.966  1031  1524 I chatty  : uid=1000(system) HuaweiWifiWatch expire 12 lines
10-09 16:05:44.021  1645  1645 W KeyguardUpdateMonitor: ACTION_BATTERY_CHANGED AMP: 0; Volt: 0
10-09 16:05:44.026  1645  1645 W KeyguardUpdateMonitor: ChargingSpeed  Wattage: -1 ST: 5000000 --> 7500000
10-09 16:05:44.026  1645  1645 I KgBattery: BatteryInfo updated:  2lPc-1
10-09 16:05:44.026  1645  1645 W AppHandler: sendMessage with obj100
10-09 16:05:44.036 19394 19600 I CloudAlbum[8.0.1.304]: [OperationUtil] cancelNotify
10-09 16:05:44.050  1645  1645 W KgBattery: getCharge info with type: text
10-09 16:05:44.054  1645  1645 W HwLockScreenPanel: Handle message: 100
10-09 16:05:44.054  1645  1645 W HwLockScreenPanel: refreshBatteryInfo: null
10-09 16:05:44.073  1645  1645 W HwKeyguardDragHelper: AnimationBlocked
10-09 16:05:44.074  1645  1645 W PanelView: set notification panel padding = 2552
10-09 16:05:45.973  1645  1645 W KeyguardUpdateMonitor: ACTION_BATTERY_CHANGED AMP: 0; Volt: 0
10-09 16:05:45.977  1645  1645 W KeyguardUpdateMonitor: ChargingSpeed  Wattage: -1 ST: 5000000 --> 7500000
10-09 16:05:45.977  1645  1645 I KgBattery: BatteryInfo updated:  2lPc-1
10-09 16:05:45.977  1645  1645 W AppHandler: sendMessage with obj100
10-09 16:05:45.987 19394 19600 I CloudAlbum[8.0.1.304]: [OperationUtil] cancelNotify
10-09 16:05:46.003  1645  1645 W KgBattery: getCharge info with type: text
10-09 16:05:46.004  2452  2452 I iMonitor: create: 903001012
10-09 16:05:46.005  2452  2452 E iMonitor: Bad param for imonitor_set_param, paramid: 11
10-09 16:05:46.007  1645  1645 W HwLockScreenPanel: Handle message: 100
10-09 16:05:46.007  1645  1645 W HwLockScreenPanel: refreshBatteryInfo: null
10-09 16:05:46.008  2452  2452 E iMonitor: Bad param for imonitor_set_param, paramid: 12
10-09 16:05:46.009  2452  2452 E iMonitor: Bad param for imonitor_set_param, paramid: 10
10-09 16:05:46.009  2452  2452 I iMonitor: send: 903001012
10-09 16:05:46.010   521   899 I logserver: handle_exception_events enter
10-09 16:05:46.025  1645  1645 W HwKeyguardDragHelper: AnimationBlocked
10-09 16:05:46.025  1645  1645 W PanelView: set notification panel padding = 2552
10-09 16:05:46.028  2452  2773 E LogCollectService: illegal eventid
10-09 16:05:49.475  1031  1031 I chatty  : uid=1000 system_server expire 26 lines
10-09 16:05:51.975  1031  1522 I chatty  : uid=1000(system) Thread-13 expire 12 lines
10-09 16:05:53.710   518   542 W AwareLog:defragd: delay_us exceeds max timeout: 69914029 us
10-09 16:05:57.672  1031  1513 I chatty  : uid=1000(system) WiFiArpStateMac expire 14 lines
10-09 16:06:03.630  2452  2452 I iMonitor: create: 903001011
10-09 16:06:03.636  2452  2452 I iMonitor: send: 903001011
10-09 16:06:03.637   521   899 I logserver: handle_exception_events enter
10-09 16:06:03.637  2452  2452 W PTM.PeriodCheckManager: mSendService start
10-09 16:06:03.651  2452  2773 E LogCollectService: illegal eventid
10-09 16:06:03.711   518   542 W AwareLog:defragd: delay_us exceeds max timeout: 59913383 us
10-09 16:06:04.493  1031  1031 I chatty  : uid=1000 system_server expire 16 lines
10-09 16:06:06.302  3747  3817 I PlayCommon: [230] com.google.android.play.a.l.e(787): Preparing logs for uploading
10-09 16:06:06.303  3747  3817 I PlayCommon: [230] com.google.android.play.a.l.e(789): No file ready to send
10-09 16:06:07.994  1031  1524 I chatty  : uid=1000(system) HuaweiWifiWatch expire 11 lines
10-09 16:06:12.329  1031  1192 I chatty  : uid=1000(system) android.fg expire 1 line
10-09 16:06:12.716  1031  1513 I chatty  : uid=1000(system) WiFiArpStateMac expire 13 lines
10-09 16:06:13.712   518   542 W AwareLog:defragd: delay_us exceeds max timeout: 49912726 us
10-09 16:06:14.509  1031  1031 I chatty  : uid=1000 system_server expire 19 lines
10-09 16:06:15.993  1031  1454 I chatty  : uid=1000(system) WifiStateMachin expire 2 lines
10-09 16:06:15.999  1031  1522 I chatty  : uid=1000(system) Thread-13 expire 7 lines
10-09 16:06:16.007  1031  3500 I chatty  : uid=1000(system) MobileQosDetect expire 7 lines
10-09 16:06:16.055  1645  1645 W KeyguardUpdateMonitor: ACTION_BATTERY_CHANGED AMP: 0; Volt: 0
10-09 16:06:16.055 19394 19600 I CloudAlbum[8.0.1.304]: [OperationUtil] cancelNotify
10-09 16:06:16.081  1645  1645 W KeyguardUpdateMonitor: ChargingSpeed  Wattage: -1 ST: 5000000 --> 7500000
10-09 16:06:16.081  1645  1645 I KgBattery: BatteryInfo updated:  2lPc-1
10-09 16:06:16.081  1645  1645 W AppHandler: sendMessage with obj100
10-09 16:06:16.081  1645  1645 W KgBattery: getCharge info with type: text
10-09 16:06:16.085  1645  1645 W HwLockScreenPanel: Handle message: 100
10-09 16:06:16.085  1645  1645 W HwLockScreenPanel: refreshBatteryInfo: null
10-09 16:06:16.104  1645  1645 W HwKeyguardDragHelper: AnimationBlocked
10-09 16:06:16.104  1645  1645 W PanelView: set notification panel padding = 2552
10-09 16:06:23.712   518   542 W AwareLog:defragd: delay_us exceeds max timeout: 39911942 us
10-09 16:06:24.011  1031  1522 I chatty  : uid=1000(system) Thread-13 expire 13 lines
10-09 16:06:24.011  1031  1031 I chatty  : uid=1000 system_server expire 23 lines
10-09 16:06:24.012  1031  1524 I chatty  : uid=1000(system) HuaweiWifiWatch expire 11 lines
10-09 16:06:24.433  1031  1192 I chatty  : uid=1000(system) android.fg expire 3 lines
10-09 16:06:28.744  1031  1513 I chatty  : uid=1000(system) WiFiArpStateMac expire 11 lines
10-09 16:06:32.011  1031  1454 I chatty  : uid=1000(system) WifiStateMachin expire 4 lines
10-09 16:06:33.714   518   542 W AwareLog:defragd: delay_us exceeds max timeout: 29910074 us
10-09 16:06:38.263 29035 29035 I XmlParser: startElement itemName:resource user:-1662504920
10-09 16:06:38.263 29035 29035 I XmlParser: startElement itemName:group user:-1662504920
10-09 16:06:38.263 29035 29035 I XmlParser: startElement itemName:id user:-1662504920
10-09 16:06:38.263 29035 29035 I XmlParser: endElement itemName:id user:-1662504920
10-09 16:06:38.263 29035 29035 I XmlParser: startElement itemName:name user:-1662504920
10-09 16:06:38.263 29035 29035 I XmlParser: endElement itemName:name user:-1662504920
10-09 16:06:38.263 29035 29035 I XmlParser: startElement itemName:define user:-1662504920
10-09 16:06:38.263 29035 29035 I XmlParser: endElement itemName:define user:-1662504920
10-09 16:06:38.263 29035 29035 I XmlParser: startElement itemName:description user:-1662504920
10-09 16:06:38.263 29035 29035 I XmlParser: endElement itemName:description user:-1662504920
10-09 16:06:38.263 29035 29035 I XmlParser: endElement itemName:group user:-1662504920
10-09 16:06:38.263 29035 29035 I XmlParser: startElement itemName:group user:-1662504920
10-09 16:06:38.263 29035 29035 I XmlParser: startElement itemName:id user:-1662504920
10-09 16:06:38.263 29035 29035 I XmlParser: endElement itemName:id user:-1662504920
10-09 16:06:38.263 29035 29035 I XmlParser: startElement itemName:name user:-1662504920
10-09 16:06:38.263 29035 29035 I XmlParser: endElement itemName:name user:-1662504920
10-09 16:06:38.263 29035 29035 I XmlParser: startElement itemName:define user:-1662504920
10-09 16:06:38.263 29035 29035 E XmlParser: startElement mResult:1024
10-09 16:06:38.263 29035 29035 I XmlParser: endElement itemName:define user:-1662504920
10-09 16:06:38.263 29035 29035 I XmlParser: startElement itemName:description user:-1662504920
10-09 16:06:38.263 29035 29035 I XmlParser: endElement itemName:description user:-1662504920
10-09 16:06:38.263 29035 29035 I XmlParser: endElement itemName:group user:-1662504920
10-09 16:06:38.263 29035 29035 I XmlParser: startElement itemName:group user:-1662504920
10-09 16:06:38.263 29035 29035 I XmlParser: startElement itemName:id user:-1662504920
10-09 16:06:38.263 29035 29035 I XmlParser: endElement itemName:id user:-1662504920
10-09 16:06:38.263 29035 29035 I XmlParser: startElement itemName:name user:-1662504920
10-09 16:06:38.263 29035 29035 I XmlParser: endElement itemName:name user:-1662504920
10-09 16:06:38.263 29035 29035 I XmlParser: startElement itemName:define user:-1662504920
10-09 16:06:38.263 29035 29035 I XmlParser: endElement itemName:define user:-1662504920
10-09 16:06:38.263 29035 29035 I XmlParser: startElement itemName:description user:-1662504920
10-09 16:06:38.263 29035 29035 I XmlParser: endElement itemName:description user:-1662504920
10-09 16:06:38.263 29035 29035 I XmlParser: endElement itemName:group user:-1662504920
10-09 16:06:38.263 29035 29035 I XmlParser: startElement itemName:group user:-1662504920
10-09 16:06:38.264 29035 29035 I XmlParser: startElement itemName:id user:-1662504920
10-09 16:06:38.264 29035 29035 I XmlParser: endElement itemName:id user:-1662504920
10-09 16:06:38.264 29035 29035 I XmlParser: startElement itemName:name user:-1662504920
10-09 16:06:38.264 29035 29035 I XmlParser: endElement itemName:name user:-1662504920
10-09 16:06:38.264 29035 29035 I XmlParser: startElement itemName:define user:-1662504920
10-09 16:06:38.264 29035 29035 I XmlParser: endElement itemName:define user:-1662504920
10-09 16:06:38.264 29035 29035 I XmlParser: startElement itemName:description user:-1662504920
10-09 16:06:38.264 29035 29035 I XmlParser: endElement itemName:description user:-1662504920
10-09 16:06:38.264 29035 29035 I XmlParser: endElement itemName:group user:-1662504920
10-09 16:06:38.264 29035 29035 I XmlParser: endElement itemName:resource user:-1662504920
10-09 16:06:38.264 29035 29035 I XmlParser: startElement itemName:resource user:0
10-09 16:06:38.264 29035 29035 I XmlParser: startElement itemName:group user:0
10-09 16:06:38.264 29035 29035 I XmlParser: startElement itemName:id user:0
10-09 16:06:38.264 29035 29035 I XmlParser: endElement itemName:id user:0
10-09 16:06:38.264 29035 29035 I XmlParser: startElement itemName:name user:0
10-09 16:06:38.264 29035 29035 I XmlParser: endElement itemName:name user:0
10-09 16:06:38.264 29035 29035 I XmlParser: startElement itemName:define user:0
10-09 16:06:38.264 29035 29035 E XmlParser: startElement mResult:2097152
10-09 16:06:38.264 29035 29035 I XmlParser: endElement itemName:define user:0
10-09 16:06:38.264 29035 29035 I XmlParser: startElement itemName:description user:0
10-09 16:06:38.264 29035 29035 I XmlParser: endElement itemName:description user:0
10-09 16:06:38.264 29035 29035 I XmlParser: endElement itemName:group user:0
10-09 16:06:38.264 29035 29035 I XmlParser: startElement itemName:group user:0
10-09 16:06:38.264 29035 29035 I XmlParser: startElement itemName:id user:0
10-09 16:06:38.264 29035 29035 I XmlParser: endElement itemName:id user:0
10-09 16:06:38.264 29035 29035 I XmlParser: startElement itemName:name user:0
10-09 16:06:38.264 29035 29035 I XmlParser: endElement itemName:name user:0
10-09 16:06:38.264 29035 29035 I XmlParser: startElement itemName:define user:0
10-09 16:06:38.264 29035 29035 I XmlParser: endElement itemName:define user:0
10-09 16:06:38.264 29035 29035 I XmlParser: startElement itemName:description user:0
10-09 16:06:38.264 29035 29035 I XmlParser: endElement itemName:description user:0
10-09 16:06:38.264 29035 29035 I XmlParser: endElement itemName:group user:0
10-09 16:06:38.264 29035 29035 I XmlParser: startElement itemName:group user:0
10-09 16:06:38.264 29035 29035 I XmlParser: startElement itemName:id user:0
10-09 16:06:38.264 29035 29035 I XmlParser: endElement itemName:id user:0
10-09 16:06:38.264 29035 29035 I XmlParser: startElement itemName:name user:0
10-09 16:06:38.264 29035 29035 I XmlParser: endElement itemName:name user:0
10-09 16:06:38.264 29035 29035 I XmlParser: startElement itemName:define user:0
10-09 16:06:38.264 29035 29035 I XmlParser: endElement itemName:define user:0
10-09 16:06:38.264 29035 29035 I XmlParser: startElement itemName:description user:0
10-09 16:06:38.264 29035 29035 I XmlParser: endElement itemName:description user:0
10-09 16:06:38.264 29035 29035 I XmlParser: endElement itemName:group user:0
10-09 16:06:38.264 29035 29035 I XmlParser: startElement itemName:group user:0
10-09 16:06:38.264 29035 29035 I XmlParser: startElement itemName:id user:0
10-09 16:06:38.264 29035 29035 I XmlParser: endElement itemName:id user:0
10-09 16:06:38.264 29035 29035 I XmlParser: startElement itemName:name user:0
10-09 16:06:38.264 29035 29035 I XmlParser: endElement itemName:name user:0
10-09 16:06:38.264 29035 29035 I XmlParser: startElement itemName:define user:0
10-09 16:06:38.264 29035 29035 I XmlParser: endElement itemName:define user:0
10-09 16:06:38.264 29035 29035 I XmlParser: startElement itemName:description user:0
10-09 16:06:38.264 29035 29035 I XmlParser: endElement itemName:description user:0
10-09 16:06:38.264 29035 29035 I XmlParser: endElement itemName:group user:0
10-09 16:06:38.264 29035 29035 I XmlParser: endElement itemName:resource user:0
10-09 16:06:38.264 29035 29035 I libEGL  : egl_cache_t() maxKeySize:1024  maxTotalSize:2097152
10-09 16:06:38.267 29035 29035 I appproc : CLASSPATH=/system/framework/am.jar
10-09 16:06:38.267 29035 29035 I appproc : Command=app_process /system/bin com.android.commands.am.Am startservice --user 0 -a com.qihoo.appstore.ACTION_DAEMON_CORE_SERVICE --ei com.qihoo.appstore.rtservice.EXTRA_PID2 22303 --ei startType 19 
10-09 16:06:38.269 29035 29035 I AndroidRuntime: readDownloadBoosterConfig: 'false'
10-09 16:06:38.305 29035 29035 I art     : Reinit property: dalvik.vm.checkjni= false
10-09 16:06:38.313 29035 29035 I HWSERVICES: hwnative_get_component_register:libdrmbitmap,JNI
10-09 16:06:38.315 29035 29035 I Radio-JNI: register_android_hardware_Radio DONE
10-09 16:06:38.317 29035 29035 I android_hardware_fm.cpp: register_android_hardware_fm_fmradio
10-09 16:06:38.317 29035 29035 I android_hardware_fm.cpp: ========64bit long size = 8
10-09 16:06:38.317 29035 29035 I android_hardware_fm.cpp: FM: get chip type = bcm43xx
10-09 16:06:38.317 29035 29035 E fm_if.c : find the id:fm and begins to open the devices
10-09 16:06:38.317 29035 29035 I android_hardware_fm.cpp: register_android_hardware_fm_fmradio, ret is 0
10-09 16:06:38.331  1031  1992 I chatty  : uid=1000(system) Binder:1031_5 expire 1 line
10-09 16:06:38.342 29044 29044 I         : power log dlsym ok
10-09 16:06:38.344 29044 29044 I art     : Reinit property: dalvik.vm.checkjni= false
10-09 16:06:38.358   485  1436 I gralloc : alloc_device_alloc:564: Alloc handle(0x793286b300): interfmt=1, stride=64, size=4096, usage=0x100
10-09 16:06:38.362   485  2293 I gralloc : alloc_device_free:586: Free handle(0x793286b300)
10-09 16:06:38.459 29044 29044 W art     : Found duplicate classes, falling back to interpreter mode for /data/data/com.qihoo.appstore/.jiagu/classes.dex
10-09 16:06:38.459 29044 29044 W art     : Found duplicated class when checking oat files: 'Landroid/content/pm/IPackageInstallObserver2;' in /data/data/com.qihoo.appstore/.jiagu/classes.dex and /data/app/com.qihoo.appstore-1/base.apk
10-09 16:06:38.459 29044 29044 W art     : Dex location /data/data/com.qihoo.appstore/.jiagu/classes.dex does not seem to include dex file. Allow oat file use. This is potentially dangerous.
10-09 16:06:38.479 29044 29044 W art     : Found duplicate classes, falling back to interpreter mode for /data/data/com.qihoo.appstore/.jiagu/classes2.dex
10-09 16:06:38.479 29044 29044 W art     : Found duplicated class when checking oat files: 'Landroid/content/pm/IPackageInstallObserver2;' in /data/data/com.qihoo.appstore/.jiagu/classes.dex and /data/app/com.qihoo.appstore-1/base.apk
10-09 16:06:38.479 29044 29044 W art     : Dex location /data/data/com.qihoo.appstore/.jiagu/classes2.dex does not seem to include dex file. Allow oat file use. This is potentially dangerous.
10-09 16:06:38.494 29044 29044 W art     : Found duplicate classes, falling back to interpreter mode for /data/data/com.qihoo.appstore/.jiagu/classes3.dex
10-09 16:06:38.494 29044 29044 W art     : Found duplicated class when checking oat files: 'Landroid/content/pm/IPackageInstallObserver2;' in /data/data/com.qihoo.appstore/.jiagu/classes.dex and /data/app/com.qihoo.appstore-1/base.apk
10-09 16:06:38.494 29044 29044 W art     : Dex location /data/data/com.qihoo.appstore/.jiagu/classes3.dex does not seem to include dex file. Allow oat file use. This is potentially dangerous.
10-09 16:06:38.499 29044 29044 W art     : Found duplicate classes, falling back to interpreter mode for /data/app/com.qihoo.appstore-1/base.apk
10-09 16:06:38.499 29044 29044 W art     : Found duplicated class when checking oat files: 'Landroid/content/pm/IPackageInstallObserver2;' in /data/app/com.qihoo.appstore-1/base.apk and /data/data/com.qihoo.appstore/.jiagu/classes.dex
10-09 16:06:38.571 29044 29044 I MultiDex: VM with version 2.1.0 has multidex support
10-09 16:06:38.571 29044 29044 I MultiDex: install
10-09 16:06:38.571 29044 29044 I MultiDex: VM has multidex support, MultiDex support library is disabled.
10-09 16:06:38.599 29044 29044 W System  : ClassLoader referenced unknown path: 
10-09 16:06:38.599 29044 29044 W System  : ClassLoader referenced unknown path: 
10-09 16:06:38.660 29067 29067 I         : power log dlsym ok
10-09 16:06:38.662 29067 29067 I art     : Reinit property: dalvik.vm.checkjni= false
10-09 16:06:38.674   485   534 I gralloc : alloc_device_alloc:564: Alloc handle(0x793285cc00): interfmt=1, stride=64, size=4096, usage=0x100
10-09 16:06:38.678   485  2293 I gralloc : alloc_device_free:586: Free handle(0x793285cc00)
10-09 16:06:38.777 29067 29067 W art     : Found duplicate classes, falling back to interpreter mode for /data/data/com.qihoo.appstore/.jiagu/classes.dex
10-09 16:06:38.777  1031  1513 I chatty  : uid=1000(system) WiFiArpStateMac expire 15 lines
10-09 16:06:38.777 29067 29067 W art     : Found duplicated class when checking oat files: 'Landroid/content/pm/IPackageInstallObserver2;' in /data/data/com.qihoo.appstore/.jiagu/classes.dex and /data/app/com.qihoo.appstore-1/base.apk
10-09 16:06:38.777 29067 29067 W art     : Dex location /data/data/com.qihoo.appstore/.jiagu/classes.dex does not seem to include dex file. Allow oat file use. This is potentially dangerous.
10-09 16:06:38.792 29067 29067 W art     : Found duplicate classes, falling back to interpreter mode for /data/data/com.qihoo.appstore/.jiagu/classes2.dex
10-09 16:06:38.792 29067 29067 W art     : Found duplicated class when checking oat files: 'Landroid/content/pm/IPackageInstallObserver2;' in /data/data/com.qihoo.appstore/.jiagu/classes.dex and /data/app/com.qihoo.appstore-1/base.apk
10-09 16:06:38.792 29067 29067 W art     : Dex location /data/data/com.qihoo.appstore/.jiagu/classes2.dex does not seem to include dex file. Allow oat file use. This is potentially dangerous.
10-09 16:06:38.806 29067 29067 W art     : Found duplicate classes, falling back to interpreter mode for /data/data/com.qihoo.appstore/.jiagu/classes3.dex
10-09 16:06:38.806 29067 29067 W art     : Found duplicated class when checking oat files: 'Landroid/content/pm/IPackageInstallObserver2;' in /data/data/com.qihoo.appstore/.jiagu/classes.dex and /data/app/com.qihoo.appstore-1/base.apk
10-09 16:06:38.806 29067 29067 W art     : Dex location /data/data/com.qihoo.appstore/.jiagu/classes3.dex does not seem to include dex file. Allow oat file use. This is potentially dangerous.
10-09 16:06:38.812 29067 29067 W art     : Found duplicate classes, falling back to interpreter mode for /data/app/com.qihoo.appstore-1/base.apk
10-09 16:06:38.812 29067 29067 W art     : Found duplicated class when checking oat files: 'Landroid/content/pm/IPackageInstallObserver2;' in /data/app/com.qihoo.appstore-1/base.apk and /data/data/com.qihoo.appstore/.jiagu/classes.dex
10-09 16:06:38.873 29067 29067 I MultiDex: VM with version 2.1.0 has multidex support
10-09 16:06:38.873 29067 29067 I MultiDex: install
10-09 16:06:38.873 29067 29067 I MultiDex: VM has multidex support, MultiDex support library is disabled.
10-09 16:06:38.912 29067 29067 W System  : ClassLoader referenced unknown path: 
10-09 16:06:38.912 29067 29067 W System  : ClassLoader referenced unknown path: 
10-09 16:06:38.914 29067 29067 W ws001   : p m hlc u d p o com.qihoo.appstore.loader.p.ProviderN1
10-09 16:06:38.928 29067 29067 W ws001   : NRH lcl.fc: c=com.ak.torch.core.bridge.Core
10-09 16:06:38.929 29067 29067 W ws001   : NRH lcl.fc: c=com.ak.b.d.b
10-09 16:06:38.929 29067 29067 W ws001   : NRH lcl.fc: c=com.ak.torch.engine.download.a
10-09 16:06:38.930 29067 29067 W ws001   : NRH lcl.fc: c=com.ak.torch.engine.landingpage.LandingPageBridge
10-09 16:06:38.930 29067 29067 W ws001   : NRH lcl.fc: c=com.ak.torch.engine.landingpage.a
10-09 16:06:38.931 29067 29067 W ws001   : NRH lcl.fc: c=com.ak.a.b.a
10-09 16:06:38.931 29067 29067 W ws001   : NRH lcl.fc: c=com.ak.torch.core.nati.NativeAdLoaderProxy
10-09 16:06:38.932 29067 29067 W ws001   : NRH lcl.fc: c=com.ak.torch.engine.loader.h
10-09 16:06:38.932 29067 29067 W ws001   : NRH lcl.fc: c=com.ak.torch.engine.loader.b
10-09 16:06:38.933 29067 29067 W ws001   : NRH lcl.fc: c=com.ak.torch.core.splash.d
10-09 16:06:38.933 29067 29067 W ws001   : NRH lcl.fc: c=com.ak.torch.core.splash.h
10-09 16:06:38.935 29067 29067 W ws001   : NRH lcl.fc: c=com.ak.torch.core.nativdo.NativeVideoAdLoaderProxy
10-09 16:06:38.935 29067 29067 W ws001   : NRH lcl.fc: c=com.ak.torch.engine.e.b
10-09 16:06:38.936 29067 29067 W ws001   : NRH lcl.fc: c=com.ak.torch.core.bridge.a
10-09 16:06:38.937 29067 29067 W ws001   : NRH lcl.fc: c=com.ak.b.d.a
10-09 16:06:38.937 29067 29067 W ws001   : NRH lcl.fc: c=com.ak.torch.core.provider.TorchProvider
10-09 16:06:38.938 29067 29067 W ws001   : NRH lcl.fc: c=com.ak.j.c
10-09 16:06:38.938 29067 29067 W ws001   : NRH lcl.fc: c=com.ak.d.a
10-09 16:06:38.939 29067 29067 W ws001   : NRH lcl.fc: c=com.ak.i.d
10-09 16:06:38.941 29067 29067 W ws001   : NRH lcl.fc: c=com.ak.b.a
10-09 16:06:38.941 29067 29067 W ws001   : NRH lcl.fc: c=com.ak.torch.engine.i.b
10-09 16:06:38.942 29067 29067 W ws001   : NRH lcl.fc: c=com.ak.torch.engine.i.c
10-09 16:06:38.943 29067 29067 W ws001   : NRH lcl.fc: c=com.ak.b.c
10-09 16:06:38.944 29067 29067 W ws001   : NRH lcl.fc: c=com.ak.torch.core.bridge.b
10-09 16:06:38.944 29067 29067 W ws001   : NRH lcl.fc: c=com.ak.b.d
10-09 16:06:38.945 29067 29091 W ws001   : NRH lcl.fc: c=com.ak.torch.engine.e.a
10-09 16:06:38.945 29067 29067 W ws001   : NRH lcl.fc: c=com.ak.torch.engine.e.a
10-09 16:06:38.945 29067 29091 W ws001   : NRH lcl.fc: c=com.ak.j.b
10-09 16:06:38.947 29067 29091 W ws001   : NRH lcl.fc: c=com.ak.g.a
10-09 16:06:38.947 29067 29091 W ws001   : NRH lcl.fc: c=com.ak.g.d
10-09 16:06:38.948 29067 29091 W ws001   : NRH lcl.fc: c=com.ak.g.b
10-09 16:06:38.949 29067 29091 W ws001   : NRH lcl.fc: c=com.ak.g.c
10-09 16:06:38.950 29067 29091 W ws001   : NRH lcl.fc: c=com.ak.torch.engine.i.a.b
10-09 16:06:38.950  1031  2590 I chatty  : uid=1000(system) Binder:1031_E expire 1 line
10-09 16:06:38.950 29067 29091 W ws001   : NRH lcl.fc: c=com.ak.l.a
10-09 16:06:38.951 29067 29091 W ws001   : NRH lcl.fc: c=com.ak.l.b
10-09 16:06:38.955 29067 29091 W ws001   : NRH lcl.fc: c=com.ak.torch.engine.i.a.a
10-09 16:06:38.956 29067 29091 W ws001   : NRH lcl.fc: c=com.ak.torch.engine.e.c
10-09 16:06:38.956 29067 29091 W ws001   : NRH lcl.fc: c=com.ak.b.e.a
10-09 16:06:38.957 29067 29091 W ws001   : NRH lcl.fc: c=com.ak.c.a
10-09 16:06:38.957 29067 29091 W ws001   : NRH lcl.fc: c=com.ak.e.a.d
10-09 16:06:38.957 29067 29091 W ws001   : NRH lcl.fc: c=com.ak.e.b.a
10-09 16:06:38.957 29067 29091 W ws001   : NRH lcl.fc: c=com.ak.e.a.a
10-09 16:06:38.958 29067 29091 W ws001   : NRH lcl.fc: c=com.ak.e.b.c
10-09 16:06:38.961 29067 29091 W ws001   : NRH lcl.fc: c=com.ak.torch.engine.i.d
10-09 16:06:38.961 29067 29091 W ws001   : NRH lcl.fc: c=com.ak.torch.engine.i.a
10-09 16:06:38.965  1031  2591 I chatty  : uid=1000(system) Binder:1031_F expire 4 lines
10-09 16:06:38.966  1031  1951 I chatty  : uid=1000(system) LocationThread expire 6 lines
10-09 16:06:38.972  2452  2471 I NCCHR_NcLogCollectServiceImpl: getUserType = 1
10-09 16:06:38.980  2607  2607 W trace_@_11_1_@: @_11_1_1_@ android.permission.ACCESS_COARSE_LOCATION true 24
10-09 16:06:38.981  2607  2607 W trace_@_11_1_@: @_11_1_1_@ android.permission.ACCESS_FINE_LOCATION true 24
10-09 16:06:38.981  2607  2607 W trace_@_11_1_@: @_11_1_1_@ android.permission.READ_PHONE_STATE true 24
10-09 16:06:38.982  2607  2607 W trace_@_11_1_@: @_11_1_1_@ android.permission.WRITE_EXTERNAL_STORAGE true 24
10-09 16:06:38.982  2607  2607 W trace_@_29_4_@: @_29_4_4_@
10-09 16:06:38.982  2607  2607 W trace_@_29_4_@: @_29_4_4_@package:[com.qihoo.appstore]|reportLocation:true|interval:10000
10-09 16:06:38.984  2607  2607 W trace_@_29_4_@: @_29_4_7_@20000
10-09 16:06:38.984  2607  2607 W trace_@_11_1_@: @_11_1_2_@ [android.permission.ACCESS_COARSE_LOCATION, android.permission.ACCESS_FINE_LOCATION, android.permission.READ_PHONE_STATE, android.permission.WRITE_EXTERNAL_STORAGE] 24
10-09 16:06:38.985  2607  2607 W trace_@_27_3_@: @_27_3_4_@@_27_3_7_@20000
10-09 16:06:38.986  2607  2738 W trace_@_16_1_@: @_16_1_6_@com.amap.location.networklocator.h@296a5db
10-09 16:06:38.986  2607  2738 W trace_@_16_4_@: @_16_4_4_@@_16_4_5_@20000@_16_4_6_@com.amap.location.d.a.b.b.c$b@30f8878@_16_4_7_@false
10-09 16:06:38.986 29044 29044 W JobInfo : Specified interval for 1 is +10m0s0ms. Clamped to +15m0s0ms
10-09 16:06:38.987  2607  2739 W trace_@_16_4_@: @_16_4_10_@20000
10-09 16:06:38.987  2607  2739 W trace_@_16_2_@: @_16_2_3_@0
10-09 16:06:38.987  2607  2739 W trace_@_16_2_@: @_16_2_18_@
10-09 16:06:38.993  2607  2739 W trace_@_16_2_@: @_16_2_12_@
10-09 16:06:39.000  2003  9105 W PhoneInterfaceManager: shouldBlockLocation running ...
10-09 16:06:39.000  2003  9105 I PhoneInterfaceManager: shouldBlockLocation  ret:false
10-09 16:06:39.030  2003  2017 W PhoneInterfaceManager: shouldBlockLocation running ...
10-09 16:06:39.030  2003  2017 I PhoneInterfaceManager: shouldBlockLocation  ret:false
10-09 16:06:39.037  2003  2197 W PhoneInterfaceManager: shouldBlockLocation running ...
10-09 16:06:39.037  2003  2197 I PhoneInterfaceManager: shouldBlockLocation  ret:false
10-09 16:06:39.046 29067 29114 W ws001   : NRH lcl.fc: c=com.ak.torch.core.bridge.c
10-09 16:06:39.047 29067 29120 W ws001   : NRH lcl.fc: c=com.ak.torch.engine.h.a.g
10-09 16:06:39.047 29067 29114 W ws001   : NRH lcl.fc: c=com.ak.torch.core.splash.i
10-09 16:06:39.047 29067 29120 W ws001   : NRH lcl.fc: c=com.ak.torch.engine.h.a.e
10-09 16:06:39.047  2607  2739 W trace_@_16_2_@: @_16_2_20_@
10-09 16:06:39.047 29067 29120 W ws001   : NRH lcl.fc: c=com.ak.torch.engine.h.a.f
10-09 16:06:39.047  2607  2739 W trace_@_16_3_@: @_16_3_3_@
10-09 16:06:39.047  2607  2739 W trace_@_16_3_@: @_16_3_16_@
10-09 16:06:39.048 29067 29095 W ws001   : NRH lcl.fc: c=com.ak.b.b.a
10-09 16:06:39.066  2607  2739 W trace_@_19_2_@: @_19_2_1_@http://aps.amap.com/APS/r?ver=4.7&q=0&csid=19cbe7d1-35f3-4a4c-ba50-afd87d375b31
10-09 16:06:39.082 29067 29067 W ContextImpl: Implicit intents with startService are not safe: Intent { act=com.qihoo.appstore.floatwin.FloatWindowService (has extras) } android.content.ContextWrapper.startService:613 com.qihoo.appstore.floatwin.FloatWindowService.a:-1 com.qihoo.appstore.base.AppStoreApplication.a:-1 
10-09 16:06:39.093 29067 29067 W System.err: java.lang.NoSuchMethodException: registerScreenActionReceiver [class android.content.Context]
10-09 16:06:39.093 29067 29067 W System.err: 	at java.lang.Class.getMethod(Class.java:1981)
10-09 16:06:39.093 29067 29067 W System.err: 	at java.lang.Class.getDeclaredMethod(Class.java:1960)
10-09 16:06:39.093 29067 29067 W System.err: 	at com.stub.plugin.Stub02.onStartCommand(Native Method)
10-09 16:06:39.093 29067 29067 W System.err: 	at android.app.ActivityThread.handleServiceArgs(ActivityThread.java:3476)
10-09 16:06:39.093 29067 29067 W System.err: 	at android.app.ActivityThread.-wrap23(ActivityThread.java)
10-09 16:06:39.093 29067 29067 W System.err: 	at android.app.ActivityThread$H.handleMessage(ActivityThread.java:1674)
10-09 16:06:39.093 29067 29067 W System.err: 	at android.os.Handler.dispatchMessage(Handler.java:105)
10-09 16:06:39.093 29067 29067 W System.err: 	at android.os.Looper.loop(Looper.java:156)
10-09 16:06:39.093 29067 29067 W System.err: 	at android.app.ActivityThread.main(ActivityThread.java:6523)
10-09 16:06:39.093 29067 29067 W System.err: 	at java.lang.reflect.Method.invoke(Native Method)
10-09 16:06:39.093 29067 29067 W System.err: 	at com.android.internal.os.ZygoteInit$MethodAndArgsCaller.run(ZygoteInit.java:941)
10-09 16:06:39.095 29067 29067 W System.err: 	at com.android.internal.os.ZygoteInit.main(ZygoteInit.java:831)
10-09 16:06:39.102 29067 29112 I System.out: [pm, list, packages]
10-09 16:06:39.102 29067 29112 I System.out: null
10-09 16:06:39.102 29067 29112 I System.out: null
10-09 16:06:39.103 29067 29112 I System.out: Calling by::className:com.qihoo.utils.ba  MethodName:b
10-09 16:06:39.114  2003  2205 W PhoneInterfaceManager: shouldBlockLocation running ...
10-09 16:06:39.118  2003  2205 I PhoneInterfaceManager: shouldBlockLocation  ret:false
10-09 16:06:39.125  2003  2205 W PhoneInterfaceManager: shouldBlockLocation running ...
10-09 16:06:39.130  2003  2205 I PhoneInterfaceManager: shouldBlockLocation  ret:false
10-09 16:06:39.142  2607  2739 W trace_@_16_3_@: @_16_3_10_@
10-09 16:06:39.143  2607  2739 W trace_@_17_1_@: @_17_1_3_@@@_88JR6,,pJ,_@@,lat:@@_6FRFnDLJF_@@,accu:25.0,rettype:-1
10-09 16:06:39.143  2607  2739 W trace_@_17_1_@: @_17_1_4_@@@_LJDW8WL8D,6Wp,8H,Jp#LJDW8WL8D,6Wp,8H,Jp#Y53Z3K3_@@ nearby:@@_p,8,DH,,8FLn,WgO#p,8,DH,,8FLnnWgO#p,8,DH,,8FLn6WgO#p,8,DH,,8FLnLWgO#8pLnpDHJL6,LHppWgO#p,8,DH,,8F8,,WgO#p,8,DH,,8F8,8WgO#p,8,DH,,8F8,pWgO#p,8,DH,,8F8,DWgO#p,8,DH,,8FLpnWgO#p,8,DH,,8FLpHWgO#p,8,DH,,8FLJ8W9YY7zz#p,8,DH,,8FLpJWgO#p,8,DH,,8FJ6nWgO#p,8,DH,,8FJ6,WgO#p,8,DH,,8FJ66WgO#p,8,DH,,8FJ6LWgO#p,8,DH,,8FJ6pWgO#p,8,DH,,8F8DFWgO#p,8,DH,,8F8DLWgO#p,8,DH,,8F8DJWgO#p,8,DH,,8F8DpWgO#Fnp6FpJ6HHL,HDWgO#Fnp6FpnJLJJLHHWgO#Fnp6FpJ6HH6pnJWgO#Fnp6FpJHDnnHHDWgO#Fnp6Fpn,,n,8HLWgO#Fnp6FpnJLJn8F,WgO#Fnp6FpJHDnHpHLWgO#p,8,DH,,,DLJFWgO#p,8,DH,,,DLJJWgO#p,8,DH,,,DLJLWgO#p,8,DH,,,DLJpWgO#p,8,DH,,8FJ,8WgO#p,8,DH,,8FJ8nWgO#p,8,DH,,8FJ8HWgO#p,8,DH,,8FJ8FWgO#p,8,DH,,8FJ8JWgO#p86H,8HLL8,HLHWgO#p,8,DHDJFDnDLWgO#,JLJpJpn,n,pL6,WgO#p,8,DHDJFDnDJWgO#p,8,DH,,,DLp6WgO#p,8,DH,,,DLpDWgO#p,8,DHDJFDnDpWgO#p,8,DHDJJ,J8DWgO#p,8,DHDJJ,J86WgO#p,8,DHDJJ,JDFWgO#p,8,DHDJJ,JDHWgO#p,8,DH,DDDDJLWgO#8,6JL,JL8JLDnJnWgO#p,8,DH,,8FL,LWgO#p,8,DH,DDDDJFWgO#p,8,DH,,,DLLFWgO#686D,JnH6JFDJFWgO#,JLJpJpn,np,DFJWgO#J8JF66LFpF6DLDWgO_@@
10-09 16:06:39.144 29067 29067 W ws001   : NRH lcl.fc: c=com.ak.e.b.d
10-09 16:06:39.144  2607  2739 I @_17_1_@: same acc
10-09 16:06:39.145 29067 29135 W ws001   : NRH lcl.fc: c=com.ak.e.a.e
10-09 16:06:39.145 29067 29136 W ws001   : NRH lcl.fc: c=com.ak.e.a.e
10-09 16:06:39.145 29067 29136 W ws001   : NRH lcl.fc: c=com.ak.f.c
10-09 16:06:39.146  2607  2739 W trace_@_17_1_@: @_17_1_16_@@@_3h1,WjVY9Q3Vg1{"erVu3h7r"1"g7QZVri"W"jVg"188JR6,,pJpW"j9Q"16FRFnDLJHW"9YYwr9YC"1,pW"QCe7"1"X7X"}Wg79rOC1p,8,DH,,8FLn6WgO#p,8,DH,,8FLnLWgO#p,8,DH,,8FLn,WgO#p,8,DH,,8FLnnWgO#p,8,DH,,8FLpJWgO#p,8,DH,,8FLpnWgO#p,8,DH,,8FLJ8W9YY7zz#p,8,DH,,8FLpHWgO#Fnp6FpJHDnnHHDWgO#Fnp6FpJ6HH6pnJWgO#p,8,DH,,8F8,8WgO#p,8,DH,,8F8,,WgO#Fnp6FpnJLJJLHHWgO#p,8,DH,,8F8,DWgO#p,8,DH,,8F8,pWgO#p,8,DH,,8FJ6,WgO#p,8,DH,,8FJ6LWgO#p,8,DH,,8FJ66WgO#p,8,DH,,8FJ6pWgO#p,8,DH,,8FJ6nWgO#Fnp6Fpn,,n,8HLWgO#,JLJpJpnFH,FFJ6WgO#p,8,DH,,,DLJFWgO#p,8,DH,,,DLJpWgO#p,8,DH,,,DLJJWgO#p,8,DH,,,DLJLWgO#p,8,DH,,8F8DJWgO#p,8,DH,,8F8DLWgO#p,8,DHDJJ,JDFWgO#p,8,DHDJJ,J86WgO#p,8,DHDJJ,J8DWgO#p,8,DHDJJ,JDHWgO#p,8,DH,,8FJ8HWgO#p,8,DH,,8FJ8nWgO#p,8,DH,,8F8DpWgO#,JLJpJpn,nn6J6nWgO#p,8,DH,,8FLL8WgO#p,8,DH,,8F8DFWgO#p,8,DH,,8FLLpWgO#p,8,DH,,8FLL,WgO#p,8,DH,,8FLLDWgO#p,8,DH,,8pF,pWgO#p,8,DH,,8pF,8WgO#p,8,DH,,8pF,DWgO#8,6JL,JL8JLDnJnWgO#p,8,DHDJFDnDLWgO#p,8,DHDJJ,pFLWgO#,JLJpJpn,n,pL6,WgO#p,8,DH,,8pF,,WgO#p,8,DHDJFDnDpWgO#p,8,DHDJFDnDJWgO#p,8,DHDJFDnDFWgO#p,8,DH,,,DLp6WgO#p,8,DHDJJ,pF6WgO#p,8,DH,,,DLLHWgO#Fnp6FpJHDnHpHLWgO#p,8,DH,,8FJ8FWgO#Fnp6FpJ6HHL,HDWgO#Fnp6FpnJL6DL,LWgO#p,8,DH,,,DLLFWgO#p,8,DH,,8FJ,8WgO#Fnp6FpJ6HLnp8,WgO#,JLJpJpn,n,LD6HWgO#,JLJpJpn,n6,ppDWgO#J8JF66LFpFD,HHWgO#p,8,DHDJHnLn6WgO#p,8,DHDJHnLnLWgO#p,8,DHDJHnLn,WgO#J8JF66LFpF6DLDWgO#p,8,DHDJJ,pFnWgOWj9zQ.z7hU3X718pDnp6pnFpLnHW3gz7rQU3X718pDnp8pn866Lp_@@
10-09 16:06:39.180  2607  2739 W trace_@_16_4_@: @_16_4_12_@
10-09 16:06:39.184  2452  2469 I NCCHR_NcLogCollectServiceImpl: getUserType = 1
10-09 16:06:39.185  2452 17949 I NCCHR_NcLogCollectServiceImpl: getUserType = 1
10-09 16:06:39.195  1031 15724 I chatty  : uid=1000(system) Binder:1031_1A expire 9 lines
10-09 16:06:39.197  2607  2607 W trace_@_11_1_@: @_11_1_1_@ android.permission.ACCESS_COARSE_LOCATION true 24
10-09 16:06:39.200  2607  2607 W trace_@_11_1_@: @_11_1_1_@ android.permission.ACCESS_FINE_LOCATION true 24
10-09 16:06:39.200  2607  2607 W trace_@_11_1_@: @_11_1_1_@ android.permission.READ_PHONE_STATE true 24
10-09 16:06:39.201  2607  2607 W trace_@_11_1_@: @_11_1_1_@ android.permission.WRITE_EXTERNAL_STORAGE true 24
10-09 16:06:39.201  2607  2607 W trace_@_29_4_@: @_29_4_4_@
10-09 16:06:39.201  2607  2607 W trace_@_29_4_@: @_29_4_4_@package:[android]|reportLocation:true|interval:86400000
10-09 16:06:39.202  2607  2607 W trace_@_29_4_@: @_29_4_7_@86400000
10-09 16:06:39.202  2607  2607 W trace_@_27_3_@: @_27_3_4_@@_27_3_7_@86400000
10-09 16:06:39.203  2607  2738 W trace_@_16_1_@: @_16_1_6_@com.amap.location.networklocator.h@296a5db
10-09 16:06:39.203  2607  2738 W trace_@_16_4_@: @_16_4_4_@@_16_4_5_@86400000@_16_4_6_@com.amap.location.d.a.b.b.c$b@30f8878@_16_4_7_@false
10-09 16:06:39.203 29067 29067 W VRSystemServiceManager: vr service is not alive
10-09 16:06:39.204  2607  2739 W trace_@_16_4_@: @_16_4_10_@86400000
10-09 16:06:39.204  2607  2739 W trace_@_16_2_@: @_16_2_1_@
10-09 16:06:39.221 29067 29117 W System.err: java.lang.InstantiationException: java.lang.Class<com.qihoo.m.a> has no zero argument constructor
10-09 16:06:39.222 29067 29117 W System.err: 	at java.lang.Class.newInstance(Native Method)
10-09 16:06:39.222 29067 29117 W System.err: 	at com.qihoo.sdk.report.common.d.a(AppStore)
10-09 16:06:39.222 29067 29117 W System.err: 	at com.qihoo.sdk.report.b.a$1.run(AppStore)
10-09 16:06:39.222 29067 29117 W System.err: 	at java.util.concurrent.ThreadPoolExecutor.runWorker(ThreadPoolExecutor.java:1133)
10-09 16:06:39.222 29067 29117 W System.err: 	at java.util.concurrent.ThreadPoolExecutor$Worker.run(ThreadPoolExecutor.java:607)
10-09 16:06:39.222 29067 29117 W System.err: 	at java.lang.Thread.run(Thread.java:776)
10-09 16:06:39.237 29067 29147 I fb-UnpackingSoSource: dso store is up-to-date: /data/user/0/com.qihoo.appstore/lib-main
10-09 16:06:39.255 29067 29143 I OpenGLRenderer: Initialized EGL, version 1.4
10-09 16:06:39.259 29067 29143 W linker  : /vendor/lib/libhwuibp.so: unused DT entry: type 0xf arg 0xeb5
10-09 16:06:39.261   485   534 E BufferQueueProducer: [] connect: already connected (cur=1 req=1)
10-09 16:06:39.262   485  1436 I gralloc : alloc_device_alloc:564: Alloc handle(0x793286bc00): interfmt=1, stride=192, size=110592, usage=0xb00
10-09 16:06:39.262   485  1436 I gralloc : alloc_device_alloc:564: Alloc handle(0x793280fa00): interfmt=1, stride=192, size=110592, usage=0xb00
10-09 16:06:39.263   485  1436 I gralloc : alloc_device_alloc:564: Alloc handle(0x793285c500): interfmt=1, stride=192, size=110592, usage=0xb00
10-09 16:06:39.278 29067 29143 E OpenGLRenderer: allen debug liyu Key: 1
10-09 16:06:39.345 29130 29130 I XmlParser: startElement itemName:resource user:886984744
10-09 16:06:39.345 29130 29130 I XmlParser: startElement itemName:group user:886984744
10-09 16:06:39.345 29130 29130 I XmlParser: startElement itemName:id user:886984744
10-09 16:06:39.345 29130 29130 I XmlParser: endElement itemName:id user:886984744
10-09 16:06:39.345 29130 29130 I XmlParser: startElement itemName:name user:886984744
10-09 16:06:39.345 29130 29130 I XmlParser: endElement itemName:name user:886984744
10-09 16:06:39.345 29130 29130 I XmlParser: startElement itemName:define user:886984744
10-09 16:06:39.345 29130 29130 I XmlParser: endElement itemName:define user:886984744
10-09 16:06:39.345 29130 29130 I XmlParser: startElement itemName:description user:886984744
10-09 16:06:39.345 29130 29130 I XmlParser: endElement itemName:description user:886984744
10-09 16:06:39.345 29130 29130 I XmlParser: endElement itemName:group user:886984744
10-09 16:06:39.345 29130 29130 I XmlParser: startElement itemName:group user:886984744
10-09 16:06:39.345 29130 29130 I XmlParser: startElement itemName:id user:886984744
10-09 16:06:39.345 29130 29130 I XmlParser: endElement itemName:id user:886984744
10-09 16:06:39.345 29130 29130 I XmlParser: startElement itemName:name user:886984744
10-09 16:06:39.345 29130 29130 I XmlParser: endElement itemName:name user:886984744
10-09 16:06:39.345 29130 29130 I XmlParser: startElement itemName:define user:886984744
10-09 16:06:39.345 29130 29130 E XmlParser: startElement mResult:1024
10-09 16:06:39.345 29130 29130 I XmlParser: endElement itemName:define user:886984744
10-09 16:06:39.345 29130 29130 I XmlParser: startElement itemName:description user:886984744
10-09 16:06:39.345 29130 29130 I XmlParser: endElement itemName:description user:886984744
10-09 16:06:39.345 29130 29130 I XmlParser: endElement itemName:group user:886984744
10-09 16:06:39.345 29130 29130 I XmlParser: startElement itemName:group user:886984744
10-09 16:06:39.345 29130 29130 I XmlParser: startElement itemName:id user:886984744
10-09 16:06:39.345 29130 29130 I XmlParser: endElement itemName:id user:886984744
10-09 16:06:39.345 29130 29130 I XmlParser: startElement itemName:name user:886984744
10-09 16:06:39.345 29130 29130 I XmlParser: endElement itemName:name user:886984744
10-09 16:06:39.345 29130 29130 I XmlParser: startElement itemName:define user:886984744
10-09 16:06:39.346 29130 29130 I XmlParser: endElement itemName:define user:886984744
10-09 16:06:39.346 29130 29130 I XmlParser: startElement itemName:description user:886984744
10-09 16:06:39.346 29130 29130 I XmlParser: endElement itemName:description user:886984744
10-09 16:06:39.346 29130 29130 I XmlParser: endElement itemName:group user:886984744
10-09 16:06:39.346 29130 29130 I XmlParser: startElement itemName:group user:886984744
10-09 16:06:39.346 29130 29130 I XmlParser: startElement itemName:id user:886984744
10-09 16:06:39.346 29130 29130 I XmlParser: endElement itemName:id user:886984744
10-09 16:06:39.346 29130 29130 I XmlParser: startElement itemName:name user:886984744
10-09 16:06:39.346 29130 29130 I XmlParser: endElement itemName:name user:886984744
10-09 16:06:39.346 29130 29130 I XmlParser: startElement itemName:define user:886984744
10-09 16:06:39.346 29130 29130 I XmlParser: endElement itemName:define user:886984744
10-09 16:06:39.346 29130 29130 I XmlParser: startElement itemName:description user:886984744
10-09 16:06:39.346 29130 29130 I XmlParser: endElement itemName:description user:886984744
10-09 16:06:39.346 29130 29130 I XmlParser: endElement itemName:group user:886984744
10-09 16:06:39.346 29130 29130 I XmlParser: endElement itemName:resource user:886984744
10-09 16:06:39.346 29130 29130 I XmlParser: startElement itemName:resource user:0
10-09 16:06:39.346 29130 29130 I XmlParser: startElement itemName:group user:0
10-09 16:06:39.346 29130 29130 I XmlParser: startElement itemName:id user:0
10-09 16:06:39.346 29130 29130 I XmlParser: endElement itemName:id user:0
10-09 16:06:39.346 29130 29130 I XmlParser: startElement itemName:name user:0
10-09 16:06:39.346 29130 29130 I XmlParser: endElement itemName:name user:0
10-09 16:06:39.346 29130 29130 I XmlParser: startElement itemName:define user:0
10-09 16:06:39.346 29130 29130 E XmlParser: startElement mResult:2097152
10-09 16:06:39.346 29130 29130 I XmlParser: endElement itemName:define user:0
10-09 16:06:39.346 29130 29130 I XmlParser: startElement itemName:description user:0
10-09 16:06:39.346 29130 29130 I XmlParser: endElement itemName:description user:0
10-09 16:06:39.346 29130 29130 I XmlParser: endElement itemName:group user:0
10-09 16:06:39.346 29130 29130 I XmlParser: startElement itemName:group user:0
10-09 16:06:39.346 29130 29130 I XmlParser: startElement itemName:id user:0
10-09 16:06:39.346 29130 29130 I XmlParser: endElement itemName:id user:0
10-09 16:06:39.346 29130 29130 I XmlParser: startElement itemName:name user:0
10-09 16:06:39.346 29130 29130 I XmlParser: endElement itemName:name user:0
10-09 16:06:39.346 29130 29130 I XmlParser: startElement itemName:define user:0
10-09 16:06:39.346 29130 29130 I XmlParser: endElement itemName:define user:0
10-09 16:06:39.346 29130 29130 I XmlParser: startElement itemName:description user:0
10-09 16:06:39.346 29130 29130 I XmlParser: endElement itemName:description user:0
10-09 16:06:39.346 29130 29130 I XmlParser: endElement itemName:group user:0
10-09 16:06:39.346 29130 29130 I XmlParser: startElement itemName:group user:0
10-09 16:06:39.346 29130 29130 I XmlParser: startElement itemName:id user:0
10-09 16:06:39.346 29130 29130 I XmlParser: endElement itemName:id user:0
10-09 16:06:39.346 29130 29130 I XmlParser: startElement itemName:name user:0
10-09 16:06:39.346 29130 29130 I XmlParser: endElement itemName:name user:0
10-09 16:06:39.346 29130 29130 I XmlParser: startElement itemName:define user:0
10-09 16:06:39.346 29130 29130 I XmlParser: endElement itemName:define user:0
10-09 16:06:39.346 29130 29130 I XmlParser: startElement itemName:description user:0
10-09 16:06:39.346 29130 29130 I XmlParser: endElement itemName:description user:0
10-09 16:06:39.346 29130 29130 I XmlParser: endElement itemName:group user:0
10-09 16:06:39.346 29130 29130 I XmlParser: startElement itemName:group user:0
10-09 16:06:39.346 29130 29130 I XmlParser: startElement itemName:id user:0
10-09 16:06:39.346 29130 29130 I XmlParser: endElement itemName:id user:0
10-09 16:06:39.346 29130 29130 I XmlParser: startElement itemName:name user:0
10-09 16:06:39.346 29130 29130 I XmlParser: endElement itemName:name user:0
10-09 16:06:39.346 29130 29130 I XmlParser: startElement itemName:define user:0
10-09 16:06:39.346 29130 29130 I XmlParser: endElement itemName:define user:0
10-09 16:06:39.346 29130 29130 I XmlParser: startElement itemName:description user:0
10-09 16:06:39.346 29130 29130 I XmlParser: endElement itemName:description user:0
10-09 16:06:39.346 29130 29130 I XmlParser: endElement itemName:group user:0
10-09 16:06:39.346 29130 29130 I XmlParser: endElement itemName:resource user:0
10-09 16:06:39.346 29130 29130 I libEGL  : egl_cache_t() maxKeySize:1024  maxTotalSize:2097152
10-09 16:06:39.350 29130 29130 I appproc : CLASSPATH=/system/framework/pm.jar
10-09 16:06:39.350 29130 29130 I appproc : Command=app_process /system/bin com.android.commands.pm.Pm list packages 
10-09 16:06:39.351 29130 29130 I AndroidRuntime: readDownloadBoosterConfig: 'false'
10-09 16:06:39.387 29130 29130 I art     : Reinit property: dalvik.vm.checkjni= false
10-09 16:06:39.396 29130 29130 I HWSERVICES: hwnative_get_component_register:libdrmbitmap,JNI
10-09 16:06:39.399 29130 29130 I Radio-JNI: register_android_hardware_Radio DONE
10-09 16:06:39.400 29130 29130 I android_hardware_fm.cpp: register_android_hardware_fm_fmradio
10-09 16:06:39.401 29130 29130 I android_hardware_fm.cpp: ========64bit long size = 8
10-09 16:06:39.401 29130 29130 I android_hardware_fm.cpp: FM: get chip type = bcm43xx
10-09 16:06:39.401 29130 29130 E fm_if.c : find the id:fm and begins to open the devices
10-09 16:06:39.401 29130 29130 I android_hardware_fm.cpp: register_android_hardware_fm_fmradio, ret is 0
10-09 16:06:39.432 29130 29130 I art     : System.exit called, status: 0
10-09 16:06:39.432 29130 29130 I AndroidRuntime: VM exiting with result code 0.
10-09 16:06:39.433 29130 29169 W MessageQueue: Handler (android.os.Handler) {7ed94bb} sending message to a Handler on a dead thread
10-09 16:06:39.433 29130 29169 W MessageQueue: java.lang.IllegalStateException: Handler (android.os.Handler) {7ed94bb} sending message to a Handler on a dead thread
10-09 16:06:39.433 29130 29169 W MessageQueue: 	at android.os.MessageQueue.enqueueMessage(MessageQueue.java:616)
10-09 16:06:39.433 29130 29169 W MessageQueue: 	at android.os.Handler.enqueueMessage(Handler.java:653)
10-09 16:06:39.433 29130 29169 W MessageQueue: 	at android.os.Handler.sendMessageAtTime(Handler.java:622)
10-09 16:06:39.433 29130 29169 W MessageQueue: 	at android.os.Handler.sendMessageDelayed(Handler.java:592)
10-09 16:06:39.433 29130 29169 W MessageQueue: 	at android.os.Handler.post(Handler.java:345)
10-09 16:06:39.433 29130 29169 W MessageQueue: 	at android.os.ResultReceiver$MyResultReceiver.send(ResultReceiver.java:57)
10-09 16:06:39.433 29130 29169 W MessageQueue: 	at com.android.internal.os.IResultReceiver$Stub.onTransact(IResultReceiver.java:58)
10-09 16:06:39.433 29130 29169 W MessageQueue: 	at android.os.Binder.execTransact(Binder.java:565)
10-09 16:06:39.536  1031  1031 I chatty  : uid=1000 system_server expire 42 lines
10-09 16:06:40.623 29067 29067 W ws001   : NRH lcl.fc: c=android.widget.NotificationHeaderView
10-09 16:06:40.625 29067 29067 W ws001   : NRH lcl.fc: c=android.webkit.NotificationHeaderView
10-09 16:06:40.627 29067 29067 W ws001   : NRH lcl.fc: c=android.app.NotificationHeaderView
10-09 16:06:40.772 29067 29067 W System.err: java.lang.NoSuchMethodException: registerScreenActionReceiver [class android.content.Context]
10-09 16:06:40.772 29067 29067 W System.err: 	at java.lang.Class.getMethod(Class.java:1981)
10-09 16:06:40.772 29067 29067 W System.err: 	at java.lang.Class.getDeclaredMethod(Class.java:1960)
10-09 16:06:40.772 29067 29067 W System.err: 	at com.stub.plugin.Stub02.onStartCommand(Native Method)
10-09 16:06:40.772 29067 29067 W System.err: 	at android.app.ActivityThread.handleServiceArgs(ActivityThread.java:3476)
10-09 16:06:40.772 29067 29067 W System.err: 	at android.app.ActivityThread.-wrap23(ActivityThread.java)
10-09 16:06:40.772 29067 29067 W System.err: 	at android.app.ActivityThread$H.handleMessage(ActivityThread.java:1674)
10-09 16:06:40.772 29067 29067 W System.err: 	at android.os.Handler.dispatchMessage(Handler.java:105)
10-09 16:06:40.772 29067 29067 W System.err: 	at android.os.Looper.loop(Looper.java:156)
10-09 16:06:40.772 29067 29067 W System.err: 	at android.app.ActivityThread.main(ActivityThread.java:6523)
10-09 16:06:40.772 29067 29067 W System.err: 	at java.lang.reflect.Method.invoke(Native Method)
10-09 16:06:40.772 29067 29067 W System.err: 	at com.android.internal.os.ZygoteInit$MethodAndArgsCaller.run(ZygoteInit.java:941)
10-09 16:06:40.772 29067 29067 W System.err: 	at com.android.internal.os.ZygoteInit.main(ZygoteInit.java:831)
10-09 16:06:40.859 29044 29044 W ContextImpl: Implicit intents with startService are not safe: Intent { act=com.qihoo.appstore.ACTION_EVENT_STAT (has extras) } android.content.ContextWrapper.startService:613 com.qihoo.core.CoreService.a:-1 com.qihoo.core.CoreService.onStartCommand:-1 
