10-09 16:14:49.423  1987  1987 E HwStepCounter: dealReportData tm: 2017-10-09 15:57:04 steps_value[9] : 0 state_value[9]:5 level_value[9]:0
10-09 16:14:49.424  1987  1987 E HwStepCounter: dealReportData tm: 2017-10-09 15:57:04 steps_value[10] : 0 state_value[10]:5 level_value[10]:0
10-09 16:14:49.424  1987  1987 E HwStepCounter: dealReportData tm: 2017-10-09 15:57:04 steps_value[11] : 0 state_value[11]:5 level_value[11]:0
10-09 16:14:49.424  1987  1987 E HwStepCounter: dealReportData tm: 2017-10-09 15:57:04 steps_value[12] : 0 state_value[12]:5 level_value[12]:0
10-09 16:14:49.425  1987  1987 E HwStepCounter: dealReportData tm: 2017-10-09 15:57:04 steps_value[13] : 0 state_value[13]:5 level_value[13]:0
10-09 16:14:49.425  1987  1987 E HwStepCounter: dealReportData tm: 2017-10-09 15:57:04 steps_value[14] : 0 state_value[14]:5 level_value[14]:0
10-09 16:14:49.425  1987  1987 E HwStepCounter: dealReportData tm: 2017-10-09 15:57:04 steps_value[15] : 0 state_value[15]:5 level_value[15]:0
10-09 16:14:49.425  1987  1987 E HwStepCounter: dealReportData tm: 2017-10-09 15:57:04 steps_value[16] : 0 state_value[16]:5 level_value[16]:0
10-09 16:14:49.426  1987  1987 E HwStepCounter: dealReportData tm: 2017-10-09 15:57:04 steps_value[17] : 0 state_value[17]:0 level_value[17]:0
10-09 16:14:49.426  1987  1987 I HwStepCounter: ###### finish ####
10-09 16:14:49.426  1987  1987 I HwStepCounter: isBeginOfToday: 9 -> 9
10-09 16:14:49.426  1987  1987 I HwStepCounter: isBeginOfToday: false
10-09 16:14:49.426  1987  1987 I HwStepCounter: dealReportData: diff = 0
10-09 16:14:49.465  1031  1031 I TrafficMonitor: update:rxPkts:27,txPkts:22,rxBytes:20836,txBytes:1126
10-09 16:14:49.465  1031  1031 I TrafficMonitor: no expired. level:2
10-09 16:14:49.465  1031  1031 I TrafficMonitor: gettimer:interval=2000
10-09 16:14:49.465  1031  1031 I TrafficMonitor: during_ms:2001,period_ms:2000
10-09 16:14:49.465  1031  1031 I TrafficMonitor: count:286,rx_sum:27,tx_sum:22,rxBytes:20836,during_ms:2001,rx_speed:10412.7936031984,tx_speed:562.7186406796602,rto:1.2272727272727273
10-09 16:14:49.507   485  1436 I gralloc : alloc_device_free:586: Free handle(0x793286b100)
10-09 16:14:49.507   485  1436 I gralloc : alloc_device_free:586: Free handle(0x793285c200)
10-09 16:14:49.508   485  1436 E BufferQueueProducer: [StatusBar] connect: already connected (cur=1 req=1)
10-09 16:14:49.510  1645  1645 W HwKeyguardDragHelper: AnimationBlocked
10-09 16:14:49.524   485   534 I gralloc : alloc_device_alloc:564: Alloc handle(0x792ac6fb00): interfmt=1, stride=1472, size=565248, usage=0xb00
10-09 16:14:49.527   485  2293 I gralloc : alloc_device_alloc:564: Alloc handle(0x792ac6f800): interfmt=1, stride=1472, size=565248, usage=0xb00
10-09 16:14:49.536   485   485 I gralloc : alloc_device_free:586: Free handle(0x7932994500)
10-09 16:14:49.575  1645  1645 W ParticleRenderer: setDrawState: from OPENDRAW to NODRAW
10-09 16:14:49.851  1972  2203 I K3V3CpuGovernorPolicy: close previously scene Hmp policy : 300 , 150
10-09 16:14:50.242 29433 29433 I         : power log dlsym ok
10-09 16:14:50.243 29433 29433 I art     : Reinit property: dalvik.vm.checkjni= false
10-09 16:14:50.253  1031  1445 E Process : isHighLoadProcess: get cpu failed
10-09 16:14:50.258   485   534 I gralloc : alloc_device_alloc:564: Alloc handle(0x792ac6fe00): interfmt=1, stride=64, size=4096, usage=0x100
10-09 16:14:50.266   485  1634 I gralloc : alloc_device_free:586: Free handle(0x792ac6fe00)
10-09 16:14:50.289 29433 29433 W CrashReport: Bugly debug模式开启，请在发布时把isDebug关闭。 -- Running in debug model for 'isDebug' is enabled. Please disable it when you release.
10-09 16:14:50.289 29433 29433 E CrashReport: --------------------------------------------------------------------------------------------
10-09 16:14:50.289 29433 29433 W CrashReport: Bugly debug模式将有以下行为特性 -- The following list shows the behaviour of debug model: 
10-09 16:14:50.289 29433 29433 W CrashReport: [1] 输出详细的Bugly SDK的Log -- More detailed log of Bugly SDK will be output to logcat;
10-09 16:14:50.289 29433 29433 W CrashReport: [2] 每一条Crash都会被立即上报 -- Every crash caught by Bugly will be uploaded immediately.
10-09 16:14:50.290 29433 29433 W CrashReport: [3] 自定义日志将会在Logcat中输出 -- Custom log will be output to logcat.
10-09 16:14:50.290 29433 29433 E CrashReport: --------------------------------------------------------------------------------------------
10-09 16:14:50.290 29433 29433 I CrashReportInfo: [init] Open debug mode of Bugly.
10-09 16:14:50.290 29433 29433 I CrashReport: [init] Bugly version: v2.6.5
10-09 16:14:50.290 29433 29433 I CrashReport:  crash report start initializing...
10-09 16:14:50.290 29433 29433 I CrashReportInfo: [init] Bugly start initializing...
10-09 16:14:50.290 29433 29433 I CrashReport: [init] Bugly complete version: v2.6.5
10-09 16:14:50.298 29433 29433 I CrashReport: [param] Set APP ID:1f51e94e9b
10-09 16:14:50.300 29433 29433 I CrashReport: [session] launch app, new start
10-09 16:14:50.302 29433 29433 I CrashReport: Initializing crash module.
10-09 16:14:50.303 29433 29433 I CrashReport: backup system java handler: com.android.internal.os.RuntimeInit$UncaughtHandler@a3c93af
10-09 16:14:50.303 29433 29433 I CrashReport: registered java monitor: com.tencent.bugly.crashreport.crash.e@92463bc
10-09 16:14:50.303 29433 29433 I CrashReport: user change native true
10-09 16:14:50.305 29433 29433 I CrashReport: native changed to true
10-09 16:14:50.305 29433 29433 I CrashReport: [Native] Trying to load so: Bugly
10-09 16:14:50.308 29433 29433 I CrashReport: [Native] Successfully loaded SO: Bugly
10-09 16:14:50.308 29433 29433 I CrashReport-Native: setLogMode 3 current 4
10-09 16:14:50.308 29433 29433 I CrashReport-Native: regist start
10-09 16:14:50.308 29433 29433 I CrashReport-Native: JARJNIVERSION:1
10-09 16:14:50.308 29433 29433 I CrashReport-Native: set signal stack
10-09 16:14:50.308 29433 29433 I CrashReport-Native: regist native handler
10-09 16:14:50.308 29433 29433 I CrashReport-Native: Create map list by maps file: /proc/29433/maps
10-09 16:14:50.331 29433 29433 I CrashReport-Native: Opened system log record file: /data/user/0/cn.com.autohome.travel/app_bugly/sys_log_1507536890330896.txt
10-09 16:14:50.331 29433 29433 I CrashReport-Native: NativeBuglyVersion:3.3.1
10-09 16:14:50.331 29433 29433 I CrashReport: [Native] Native Crash Report enable.
10-09 16:14:50.331 29433 29433 I CrashReport: [Native] Info setting jni can be accessed.
10-09 16:14:50.331 29433 29433 I CrashReport: [Native] Extra jni can be accessed.
10-09 16:14:50.332 29433 29433 I CrashReport: anr changed to true
10-09 16:14:50.332 29433 29433 I CrashReport: start anr monitor!
10-09 16:14:50.332 29433 29453 I CrashReport-Native: Set native info: app version(1.4.1)
10-09 16:14:50.333 29433 29453 I CrashReport-Native: Set native info: app package(cn.com.autohome.travel)
10-09 16:14:50.333 29433 29453 I CrashReport-Native: Set native info: user ID(unknown)
10-09 16:14:50.333 29433 29453 I CrashReport-Native: Set native info: isAppForeground(false)
10-09 16:14:50.333 29433 29453 I CrashReport-Native: Set native info: launchTime(1507536890291)
10-09 16:14:50.334 29433 29433 I CrashReportInfo: [init] Bugly initialization finished.
10-09 16:14:50.335 29433 29453 I CrashReport: [ExtraCrashManager] no game agent
10-09 16:14:50.335 29433 29453 I CrashReport: [BuglyBroadcastRecevier] Register broadcast receiver of Bugly.
10-09 16:14:50.372 29433 29451 I System.out: [/system/bin/sh, -c, getprop]
10-09 16:14:50.372 29433 29451 I System.out: null
10-09 16:14:50.372 29433 29451 I System.out: null
10-09 16:14:50.372 29433 29451 I System.out: Calling by::className:com.tencent.bugly.proguard.z  MethodName:a
10-09 16:14:50.376 29433 29457 E umengsocial: ----sdkversion:6.4.3---
10-09 16:14:50.376 29433 29457 E umengsocial:  如有任何错误，请开启debug模式:在设置各平台APPID的地方添加代码：Config.DEBUG = true
10-09 16:14:50.376 29433 29457 E umengsocial: 所有编译问题或者设置问题，请参考文档：https://at.umeng.com/0fqeCy?cid=476
10-09 16:14:50.431 29433 29433 W DeviceId: galaxy lib host missing meta-data,make sure you know the right way to integrate galaxy
10-09 16:14:50.431 29433 29433 W DeviceId: galaxy lib host missing meta-data,make sure you know the right way to integrate galaxy
10-09 16:14:50.431 29433 29433 W DeviceId: galaxy lib host missing meta-data,make sure you know the right way to integrate galaxy
10-09 16:14:50.439 29433 29451 I System.out: [/system/bin/sh, -c, type su]
10-09 16:14:50.439 29433 29451 I System.out: null
10-09 16:14:50.439 29433 29451 I System.out: null
10-09 16:14:50.439 29433 29451 I System.out: Calling by::className:com.tencent.bugly.proguard.z  MethodName:a
10-09 16:14:50.441 29433 29433 I BaiduApiAuth: BaiduApiAuth SDK Version:1.0.20
10-09 16:14:50.445   485   534 I gralloc : alloc_device_alloc:564: Alloc handle(0x792acac300): interfmt=1, stride=1472, size=565248, usage=0xb00
10-09 16:14:50.452 29433 29462 W DeviceConfig: Could not get mac address.[no permission android.permission.ACCESS_WIFI_STATE
10-09 16:14:50.472 29433 29462 W DeviceConfig: Could not get mac address.[no permission android.permission.ACCESS_WIFI_STATE
10-09 16:14:50.478 29433 29451 I CrashReport: rom:HuaWei/EMOTION/EmotionUI_5.0
10-09 16:14:50.493 29433 29451 I CrashReport: [UploadManager] Create and start a new thread to execute a task of initializing security context: BUGLY_ASYNC_UPLOAD
10-09 16:14:50.498 29433 29467 I CrashReport: [UploadManager] Create and start a new thread to execute a upload task: BUGLY_ASYNC_UPLOAD
10-09 16:14:50.504 29433 29433 I SendBroadcastPermission: action:permission check ok, mPermissionType:0
10-09 16:14:50.604 29433 29469 I CrashReport: [Upload] Success: userinfo
10-09 16:14:50.668 29433 29462 E UClient : org.json.JSONException: Value ok of type java.lang.String cannot be converted to JSONObject:  [Caught Exception in decryptData()]
10-09 16:14:50.668 29433 29462 E UClient :         at	 org.json.JSON.typeMismatch(JSON.java:111)
10-09 16:14:50.668 29433 29462 E UClient :         at	 org.json.JSONObject.<init>(JSONObject.java:160)
10-09 16:14:50.668 29433 29462 E UClient :         at	 org.json.JSONObject.<init>(JSONObject.java:173)
10-09 16:14:50.668 29433 29462 E UClient :         at	 com.umeng.socialize.net.utils.UClient.decryptData(UClient.java:477)
10-09 16:14:50.668 29433 29462 E UClient :         at	 com.umeng.socialize.net.utils.UClient.parseResult(UClient.java:410)
10-09 16:14:50.668 29433 29462 E UClient :         at	 com.umeng.socialize.net.utils.UClient.httpGetRequest(UClient.java:213)
10-09 16:14:50.668 29433 29462 E UClient :         at	 com.umeng.socialize.net.utils.UClient.execute(UClient.java:72)
10-09 16:14:50.668 29433 29462 E UClient :         at	 com.umeng.socialize.net.base.SocializeClient.execute(SocializeClient.java:33)
10-09 16:14:50.668 29433 29462 E UClient :         at	 com.umeng.socialize.net.stats.StatsAPIs.dauStats(StatsAPIs.java:124)
10-09 16:14:50.668 29433 29462 E UClient :         at	 com.umeng.socialize.net.analytics.SocialAnalytics$8.run(SocialAnalytics.java:238)
10-09 16:14:50.668 29433 29462 E UClient :         at	 java.util.concurrent.Executors$RunnableAdapter.call(Executors.java:428)
10-09 16:14:50.668 29433 29462 E UClient :         at	 java.util.concurrent.FutureTask.run(FutureTask.java:237)
10-09 16:14:50.668 29433 29462 E UClient :         at	 java.util.concurrent.ThreadPoolExecutor.runWorker(ThreadPoolExecutor.java:1133)
10-09 16:14:50.668 29433 29462 E UClient :         at	 java.util.concurrent.ThreadPoolExecutor$Worker.run(ThreadPoolExecutor.java:607)
10-09 16:14:50.668 29433 29462 E UClient :         at	 java.lang.Thread.run(Thread.java:776)
10-09 16:14:50.864  1031  1513 E HwCHRWebMonitor: WebMonitor [mNetWorkIsSuck=0 mUIDIsSuck=]  WebSpeed [WEBSENDSEGS=37  WEBRESENDSEGS=0  WEBRECVSEGS=33  WEBERRSEGS=0  WEBOUTRSTS=0  WEBESTABLISRST=0  WEBRTTDURATION=268  WEBRTTSEGS=9  WEBSRTT=272  WEBSNDDUPACKS=0  SENDSEGS=0  RESENDSEGS=0  RECVSEGS=0  ERRSEGS=0  OUTRSTS=0  ESTABLISRST=0  RTTDURATION=0  RTTSEGS=0  SNDDUPACKS=0  suckTimes=0 recovage_times=0]
10-09 16:14:50.864  1031  1513 E HwCHRWifiRSSIGroupSummery: updateTcpSummery mRSSI:-62  HwCHRWifiRSSIGroup [rssi_index=4, rtt_tcp_packets=3207, rtt_tcp_duration=103965, rtt_lan_duration=1474, rtt_lan_failures=0, rtt_lan_succ=92, rtt_lan_max=65, rtt_lan_min=2,same_area_frequency=0,adjacent_area_frequency=0]
10-09 16:14:50.872  1031  1513 E HwCHRWebMonitor: HwCHRWifiPacketCnt [mTXGood=51, mTXbad=0, mRXGood=54] rssi=-62
10-09 16:14:50.872  1031  1513 E HwCHRWebMonitor: Good NetWork Traffic , so mOnAppSuckTime, mUnModifyCount reset 0
10-09 16:14:51.249  4456  4476 I LogUtil_LogConfig: getLogFile(): logFilePath = /data/data/com.huawei.health/files/com.huawei.health/com.huawei.health_DaemonService/
10-09 16:14:51.435  1031  1454 E WifiConfigManager: updateConfiguration freq=2462 BSSID=04:bd:88:4f:29:c5 RSSI=-60 "Autohome Inc.-Staff"WPA_EAP
10-09 16:14:51.468  1031  1031 I TrafficMonitor: update:rxPkts:22,txPkts:18,rxBytes:7277,txBytes:3345
10-09 16:14:51.468  1031  1031 I TrafficMonitor: start expired. level:-1
10-09 16:14:51.468  1031  1031 I TrafficMonitor: gettimer:interval=2000
10-09 16:14:52.907  1031  1146 W AwareLog: RMS.AwareSceneRecognize: SceneRec sceneType :2, eventType:0, pkg=null
10-09 16:14:53.111   504   504 E Thermal-daemon: [charger_ic] temp_new :31  temp_old :30
10-09 16:14:53.111   504   504 E Thermal-daemon: Report temperature: [charger_ic] temp :31  report_threshold:1
10-09 16:14:53.111   504   504 E Thermal-daemon: [ap] temp_new :32  temp_old :31
10-09 16:14:53.112   504   504 E Thermal-daemon: Report temperature: [ap] temp :32  report_threshold:1
10-09 16:14:53.470  1031  1031 I TrafficMonitor: update:rxPkts:5,txPkts:0,rxBytes:624,txBytes:0
10-09 16:14:53.470  1031  1031 I TrafficMonitor: start expired. level:-1
10-09 16:14:53.470  1031  1031 I TrafficMonitor: gettimer:interval=2000
10-09 16:14:54.444  1031  1454 E WifiConfigManager: updateConfiguration freq=2462 BSSID=04:bd:88:4f:29:c5 RSSI=-60 "Autohome Inc.-Staff"WPA_EAP
10-09 16:14:54.466  1031  1031 I TrafficMonitor: expired arrive. level:-1
10-09 16:14:54.466  1031  1031 I TrafficMonitor: during_ms:2002,period_ms:2000
10-09 16:14:54.466  1031  1031 I TrafficMonitor: count:288,rx_sum:5,tx_sum:0,rxBytes:624,during_ms:2002,rx_speed:311.6883116883117,tx_speed:0.0,rto:0.0
10-09 16:14:55.420  1987  1987 W HwStepCounter: version : 1
10-09 16:14:55.420  1987  1987 I HwStepCounter: dealReportData length 19
10-09 16:14:55.420  1987  1987 W HwStepCounter: abi 31 total 6 total floor 0 totalCar 1024 total dis 2048
10-09 16:14:55.420  1987  1987 W HwStepCounter: stepPace 4096 stepLength 8192 speed 16384 touchdown_ratio 32768 reserved1 0 reserved2 0
10-09 16:14:55.420  1987  1987 E HwStepCounter: dealReportData tm: 2017-10-09 16:14:56 steps_value[0] : 0 state_value[0]:5 level_value[0]:0
10-09 16:14:55.420  1987  1987 I HwStepCounter: ###### finish ####
10-09 16:14:55.421  1987  1987 I HwStepCounter: isBeginOfToday: 9 -> 9
10-09 16:14:55.421  1987  1987 I HwStepCounter: isBeginOfToday: false
10-09 16:14:55.421  1987  1987 I HwStepCounter: dealReportData: diff = 0
10-09 16:14:55.423  4456  4456 I Step_PreD: 30003302|onSensorChanged: 6
10-09 16:14:55.472  1031  1031 I TrafficMonitor: update:rxPkts:4,txPkts:0,rxBytes:546,txBytes:0
10-09 16:14:55.472  1031  1031 I TrafficMonitor: start expired. level:-1
10-09 16:14:55.472  1031  1031 I TrafficMonitor: gettimer:interval=2000
10-09 16:14:55.876  1031  1513 E HwCHRWebMonitor: WebMonitor [mNetWorkIsSuck=0 mUIDIsSuck=]  WebSpeed [WEBSENDSEGS=0  WEBRESENDSEGS=0  WEBRECVSEGS=0  WEBERRSEGS=0  WEBOUTRSTS=0  WEBESTABLISRST=0  WEBRTTDURATION=0  WEBRTTSEGS=0  WEBSRTT=272  WEBSNDDUPACKS=0  SENDSEGS=0  RESENDSEGS=0  RECVSEGS=0  ERRSEGS=0  OUTRSTS=0  ESTABLISRST=0  RTTDURATION=0  RTTSEGS=0  SNDDUPACKS=0  suckTimes=0 recovage_times=0]
10-09 16:14:55.876  1031  1513 E HwCHRWifiRSSIGroupSummery: updateTcpSummery mRSSI:-61  HwCHRWifiRSSIGroup [rssi_index=4, rtt_tcp_packets=3207, rtt_tcp_duration=103965, rtt_lan_duration=1474, rtt_lan_failures=0, rtt_lan_succ=92, rtt_lan_max=65, rtt_lan_min=2,same_area_frequency=0,adjacent_area_frequency=0]
10-09 16:14:55.889  1031  1513 E HwCHRWebMonitor: HwCHRWifiPacketCnt [mTXGood=1, mTXbad=0, mRXGood=12] rssi=-61
10-09 16:14:55.891  1031  1513 E HwCHRWebMonitor: running processName=cn.com.autohome.travel
10-09 16:14:55.906  1031  1513 E HwCHRWifiLinkMonitor: HwCHRWifiBcmIncrCounterLst [txbyte=5143  txframe=36  txnoassoc=0  txphyerror=0  txctl=19  txfail=0  txphyerr=0  txfrmsnt=55  txnoack=3  txfrag=55  txnocts=2  txrts=27  txnobuf=0  txallfrm=216  txerror=0  txretrans=3  rxbyte=32581  rxframe=75  rxbadfcs=235  rxbadplcp=41  rxmulti=37  rxfrag=255  rxctl=153  rxbadcm=0  rxnobuf=0  rxcrsglitch=5658  rxbadds=0  rxnondata=0  rxmulti=37  reset=0  rxdfrmocast=42  rxmfrmocast=153  rxdfrmucastmbss=38  rxmfrmucastmbss=44  rxbeaconmbss=98  rxdfmucastobss=0  rxbeaconobss=439  rxstrt=1496  rxcfrmocast=163  rxcfrmucast=132  rxdfrmmcast=76  rxmfrmmcast=543  rxcfrmmcast=0  ]
10-09 16:14:56.553  1031  1454 E WifiConfigManager: updateConfiguration freq=2462 BSSID=04:bd:88:4f:29:c5 RSSI=-61 "Autohome Inc.-Staff"WPA_EAP
10-09 16:14:56.558  1031  1031 I QosMonitor: queryRtt: rtt_type = 3
10-09 16:14:56.558  1031  1031 I WifiProJNI: ######### GET RTT:3 ########
10-09 16:14:56.558  1031  1524 I HuaweiWifiWatchdogStateMachine: spd good count:0, add sc:0.0, rate:1.0
10-09 16:14:56.558  1031  1522 I QosMonitor: postEventFromNative: msg=100,arg1=4,arg2=9
10-09 16:14:56.559  1031  1522 W WifiProJNI: poll before: g_monitor_fd =257
10-09 16:14:56.559  1031  1031 I QosMonitor: resetRtt: rtt_type = 3
10-09 16:14:56.559  1031  1524 I HuaweiWifiWatchdogStateMachine: current mHighDataFlowRate = 1.0
10-09 16:14:56.559  1031  1031 I WifiProJNI: ######### RESET RTT:3 ########
10-09 16:14:56.559  1031  1524 I HuaweiWifiWatchdogStateMachine: POta txb txg rxg:0, 58, 0. Lr =0% Totpkt=58
10-09 16:14:56.559  1031  1031 I WifiProJNI: ######### CMD_QUERY_PKTS ########
10-09 16:14:56.560  1031  1522 I QosMonitor: postEventFromNative: msg=100,arg1=0,arg2=9
10-09 16:14:56.560  1031  1522 W WifiProJNI: poll before: g_monitor_fd =257
10-09 16:14:56.560  1031  1031 I MQoS    : rtt=272,tcp_tx_pkts=179407,tcp_rx_pkts=232531
10-09 16:14:56.561  1031  1524 I HuaweiWifiWatchdogStateMachine: PTcp RTT:272, rtt pkt=10, tcp_rx=33, tcp_tx=37, tcp_reTran=0, rtRate=0
10-09 16:14:56.562  1031  1524 I HuaweiWifiWatchdogStateMachine: rs ota tcp lr rttvb bad: false, false, false, false, false; rsth:-75
10-09 16:14:56.562  1031  1524 I HuaweiWifiWatchdogStateMachine:  pkt chk not bad, reset sc to 0.
10-09 16:14:56.573  1031  3500 I MQoS    : QOS_level:0(0),wifi-link;SIM error;use level-0
10-09 16:14:57.252  4456  4476 I LogUtil_LogConfig: getLogFile(): logFilePath = /data/data/com.huawei.health/files/com.huawei.health/com.huawei.health_DaemonService/
10-09 16:14:57.455  1031  1454 E WifiConfigManager: updateConfiguration freq=2462 BSSID=04:bd:88:4f:29:c5 RSSI=-61 "Autohome Inc.-Staff"WPA_EAP
10-09 16:14:57.475  1031  1031 I TrafficMonitor: update:rxPkts:5,txPkts:0,rxBytes:702,txBytes:0
10-09 16:14:57.475  1031  1031 I TrafficMonitor: start expired. level:-1
10-09 16:14:57.475  1031  1031 I TrafficMonitor: gettimer:interval=2000
10-09 16:14:58.114   504   504 E Thermal-daemon: [charger_ic] temp_new :30  temp_old :31
10-09 16:14:58.114   504   504 E Thermal-daemon: Report temperature: [charger_ic] temp :30  report_threshold:1
10-09 16:14:58.298  1031  1434 W AlarmManager: mIsScreenOn is: true, WAKEUP alarm trigger action = com.google.android.gms.gcm.HEARTBEAT_ALARM package name is: com.google.android.gms
10-09 16:14:58.309  2003  2017 W PhoneInterfaceManager: shouldBlockLocation running ...
10-09 16:14:58.309  2003  2017 I PhoneInterfaceManager: shouldBlockLocation  ret:false
10-09 16:14:59.477  1031  1031 I TrafficMonitor: update:rxPkts:7,txPkts:2,rxBytes:787,txBytes:164
10-09 16:14:59.477  1031  1031 I TrafficMonitor: start expired. level:-1
10-09 16:14:59.477  1031  1031 I TrafficMonitor: gettimer:interval=2000
10-09 16:15:00.025  1645  1645 W HwKeyguardDragHelper: AnimationBlocked
10-09 16:15:00.035  1645  1645 I EventCenter: EventCenter Get :android.intent.action.TIME_TICK
10-09 16:15:00.040  1645  1645 W HwKeyguardDragHelper: AnimationBlocked
10-09 16:15:00.047  1645  1645 W ResourceType: Failure getting entry for 0xffffffff (t=254 e=65535) (error -2147483647)
10-09 16:15:00.047  1645  1645 E DateLunarView: mDateString is: 10月9日星期一
10-09 16:15:00.050  1645  1645 W ResourceType: Failure getting entry for 0xffffffff (t=254 e=65535) (error -2147483647)
10-09 16:15:00.051  1645  1645 E DateLunarView: mDateString is: 10月9日星期一
10-09 16:15:00.058  2623  2623 I HwLauncher: Model  onReceive intent=Intent { act=android.intent.action.TIME_TICK flg=0x50000014 (has extras) }
10-09 16:15:00.058  2623  2623 I HwLauncher: Model  onReceive user=UserHandle{0}
10-09 16:15:00.069  1031  2493 E Process : isHighLoadProcess: get cpu failed
10-09 16:15:00.088  1645  1645 W HwKeyguardDragHelper: AnimationBlocked
10-09 16:15:00.466  1031  1454 E WifiConfigManager: updateConfiguration freq=2462 BSSID=04:bd:88:4f:29:c5 RSSI=-61 "Autohome Inc.-Staff"WPA_EAP
10-09 16:15:00.473  1031  1031 I TrafficMonitor: expired arrive. level:-1
10-09 16:15:00.473  1031  1031 I TrafficMonitor: during_ms:2002,period_ms:2000
10-09 16:15:00.473  1031  1031 I TrafficMonitor: count:291,rx_sum:7,tx_sum:2,rxBytes:787,during_ms:2002,rx_speed:393.10689310689315,tx_speed:81.91808191808192,rto:3.5
10-09 16:15:00.890  1031  1513 E HwCHRWebMonitor: WebMonitor [mNetWorkIsSuck=0 mUIDIsSuck=]  WebSpeed [WEBSENDSEGS=0  WEBRESENDSEGS=0  WEBRECVSEGS=1  WEBERRSEGS=0  WEBOUTRSTS=0  WEBESTABLISRST=0  WEBRTTDURATION=345  WEBRTTSEGS=1  WEBSRTT=2784  WEBSNDDUPACKS=0  SENDSEGS=0  RESENDSEGS=0  RECVSEGS=0  ERRSEGS=0  OUTRSTS=0  ESTABLISRST=0  RTTDURATION=0  RTTSEGS=0  SNDDUPACKS=0  suckTimes=0 recovage_times=0]
10-09 16:15:00.890  1031  1513 E HwCHRWifiRSSIGroupSummery: updateTcpSummery mRSSI:-62  HwCHRWifiRSSIGroup [rssi_index=4, rtt_tcp_packets=3208, rtt_tcp_duration=104310, rtt_lan_duration=1474, rtt_lan_failures=0, rtt_lan_succ=92, rtt_lan_max=65, rtt_lan_min=2,same_area_frequency=0,adjacent_area_frequency=0]
10-09 16:15:00.901  1031  1513 E HwCHRWebMonitor: HwCHRWifiPacketCnt [mTXGood=6, mTXbad=0, mRXGood=16] rssi=-62
10-09 16:15:00.902  1031  1513 E HwCHRWebMonitor: running processName=cn.com.autohome.travel
10-09 16:15:00.903  1031  1513 E HwCHRWebMonitor: HwCHRWifiUIDWebSpeed [appName=com.google.uid.shared:10014 UID=10014  WEBSENDSEGS=0  WEBRESENDSEGS=0  WEBRECVSEGS=1  WEBERRSEGS=0  WEBOUTRSTS=0  WEBESTABLISRST=0  WEBRTTDURATION=345  WEBRTTSEGS=1  WEBSNDDUPACKS=0  suckTimes=0 recovage_times=0]
10-09 16:15:01.480  1031  1031 I TrafficMonitor: update:rxPkts:7,txPkts:0,rxBytes:858,txBytes:0
10-09 16:15:01.480  1031  1031 I TrafficMonitor: start expired. level:-1
10-09 16:15:01.480  1031  1031 I TrafficMonitor: gettimer:interval=2000
10-09 16:15:03.120   504   504 E Thermal-daemon: [charger_ic] temp_new :31  temp_old :30
10-09 16:15:03.120   504   504 E Thermal-daemon: Report temperature: [charger_ic] temp :31  report_threshold:1
10-09 16:15:03.328  1972  2086 I AppManager: no high cpu load
10-09 16:15:03.335  1972  2086 I AppManager: no high cpu load
10-09 16:15:03.482  1031  1031 I TrafficMonitor: update:rxPkts:8,txPkts:1,rxBytes:936,txBytes:106
10-09 16:15:03.482  1031  1031 I TrafficMonitor: start expired. level:-1
10-09 16:15:03.482  1031  1031 I TrafficMonitor: gettimer:interval=2000
10-09 16:15:03.482  1031  1454 E WifiConfigManager: updateConfiguration freq=2462 BSSID=04:bd:88:4f:29:c5 RSSI=-61 "Autohome Inc.-Staff"WPA_EAP
10-09 16:15:03.639  1031  2585 E SensorHub: batch called handle:3 sample_ns:300000000 latency_ns:0
10-09 16:15:04.563  1031  1454 E WifiConfigManager: updateConfiguration freq=2462 BSSID=04:bd:88:4f:29:c5 RSSI=-62 "Autohome Inc.-Staff"WPA_EAP
10-09 16:15:04.571  1031  1031 I QosMonitor: queryRtt: rtt_type = 3
10-09 16:15:04.571  1031  1031 I WifiProJNI: ######### GET RTT:3 ########
10-09 16:15:04.571  1031  1524 I HuaweiWifiWatchdogStateMachine: spd good count:0, add sc:0.0, rate:1.0
10-09 16:15:04.571  1031  1524 I HuaweiWifiWatchdogStateMachine: current mHighDataFlowRate = 1.0
10-09 16:15:04.571  1031  1524 I HuaweiWifiWatchdogStateMachine: POta txb txg rxg:0, 11, 0. Lr =0% Totpkt=11
10-09 16:15:04.571  1031  1522 I QosMonitor: postEventFromNative: msg=100,arg1=4,arg2=9
10-09 16:15:04.572  1031  1031 I WifiProJNI: ######### CMD_QUERY_PKTS ########
10-09 16:15:04.572  1031  1522 W WifiProJNI: poll before: g_monitor_fd =257
10-09 16:15:04.572  1031  1522 I QosMonitor: postEventFromNative: msg=100,arg1=0,arg2=9
10-09 16:15:04.572  1031  1522 W WifiProJNI: poll before: g_monitor_fd =257
10-09 16:15:04.572  1031  1031 I MQoS    : rtt=2784,tcp_tx_pkts=179409,tcp_rx_pkts=232532
10-09 16:15:04.572  1031  1031 I QosMonitor: resetRtt: rtt_type = 3
10-09 16:15:04.572  1031  1031 I WifiProJNI: ######### RESET RTT:3 ########
10-09 16:15:04.574  1031  1524 I HuaweiWifiWatchdogStateMachine: PTcp RTT:0, rtt pkt=0, tcp_rx=1, tcp_tx=2, tcp_reTran=0, rtRate=0
10-09 16:15:04.587  1031  3500 I MQoS    : QOS_level:0(0),wifi-link;SIM error;use level-0
10-09 16:15:05.485  1031  1031 I TrafficMonitor: update:rxPkts:6,txPkts:0,rxBytes:780,txBytes:0
10-09 16:15:05.485  1031  1031 I TrafficMonitor: start expired. level:-1
10-09 16:15:05.485  1031  1031 I TrafficMonitor: gettimer:interval=2000
10-09 16:15:05.906  1031  1513 E HwCHRWebMonitor: WebMonitor [mNetWorkIsSuck=0 mUIDIsSuck=]  WebSpeed [WEBSENDSEGS=0  WEBRESENDSEGS=0  WEBRECVSEGS=0  WEBERRSEGS=0  WEBOUTRSTS=0  WEBESTABLISRST=0  WEBRTTDURATION=0  WEBRTTSEGS=0  WEBSRTT=2784  WEBSNDDUPACKS=0  SENDSEGS=0  RESENDSEGS=0  RECVSEGS=0  ERRSEGS=0  OUTRSTS=0  ESTABLISRST=0  RTTDURATION=0  RTTSEGS=0  SNDDUPACKS=0  suckTimes=0 recovage_times=0]
10-09 16:15:05.906  1031  1513 E HwCHRWifiRSSIGroupSummery: updateTcpSummery mRSSI:-63  HwCHRWifiRSSIGroup [rssi_index=4, rtt_tcp_packets=3208, rtt_tcp_duration=104310, rtt_lan_duration=1474, rtt_lan_failures=0, rtt_lan_succ=92, rtt_lan_max=65, rtt_lan_min=2,same_area_frequency=0,adjacent_area_frequency=0]
10-09 16:15:05.919  1031  1513 E HwCHRWebMonitor: HwCHRWifiPacketCnt [mTXGood=5, mTXbad=0, mRXGood=19] rssi=-63
10-09 16:15:05.921  1031  1513 E HwCHRWebMonitor: running processName=cn.com.autohome.travel
10-09 16:15:05.939  1031  1513 E HwCHRWifiLinkMonitor: HwCHRWifiBcmIncrCounterLst [txbyte=436  txframe=5  txnoassoc=0  txphyerror=0  txctl=6  txfail=0  txphyerr=0  txfrmsnt=11  txnoack=2  txfrag=11  txnocts=2  txrts=5  txnobuf=0  txallfrm=29  txerror=0  txretrans=3  rxbyte=4673  rxframe=35  rxbadfcs=111  rxbadplcp=23  rxmulti=32  rxfrag=155  rxctl=91  rxbadcm=0  rxnobuf=0  rxcrsglitch=4255  rxbadds=0  rxnondata=0  rxmulti=32  reset=0  rxdfrmocast=40  rxmfrmocast=110  rxdfrmucastmbss=3  rxmfrmucastmbss=0  rxbeaconmbss=91  rxdfmucastobss=0  rxbeaconobss=351  rxstrt=920  rxcfrmocast=96  rxcfrmucast=21  rxdfrmmcast=63  rxmfrmmcast=454  rxcfrmmcast=0  ]
10-09 16:15:06.480  1031  1031 I TrafficMonitor: expired arrive. level:-1
10-09 16:15:06.481  1031  1031 I TrafficMonitor: during_ms:2003,period_ms:2000
10-09 16:15:06.481  1031  1031 I TrafficMonitor: count:294,rx_sum:6,tx_sum:0,rxBytes:780,during_ms:2003,rx_speed:389.4158761857214,tx_speed:0.0,rto:0.0
10-09 16:15:06.493  1031  1454 E WifiConfigManager: updateConfiguration freq=2462 BSSID=04:bd:88:4f:29:c5 RSSI=-62 "Autohome Inc.-Staff"WPA_EAP
10-09 16:15:07.487  1031  1031 I TrafficMonitor: update:rxPkts:10,txPkts:0,rxBytes:1014,txBytes:0
10-09 16:15:07.487  1031  1031 I TrafficMonitor: start expired. level:-1
10-09 16:15:07.488  1031  1031 I TrafficMonitor: gettimer:interval=2000
10-09 16:15:08.410  1031  1434 W AlarmManager: mIsScreenOn is: true, WAKEUP alarm talarm.operation == null,package name is: android listenerTag is: WifiConnectivityManager Schedule Periodic Scan Timer creator uid is: 1000
10-09 16:15:08.411  1031  1454 I WifiConnectivityManager: periodicScanTimerHandler mScreenOn true
10-09 16:15:08.413  1031  1454 E WifiConnectivityManager: isWifiScanSpecialChannels is false,mWifiState : 1
10-09 16:15:08.423  1031  1462 I WifiHAL : Got channel list with 13 channels
10-09 16:15:08.424  1031  1462 I WifiHAL : Got channel list with 9 channels
10-09 16:15:08.425  1031  1462 I WifiHAL : Got channel list with 4 channels
10-09 16:15:09.490  1031  1031 I TrafficMonitor: update:rxPkts:7,txPkts:0,rxBytes:764,txBytes:0
10-09 16:15:09.490  1031  1031 I TrafficMonitor: start expired. level:-1
10-09 16:15:09.490  1031  1031 I TrafficMonitor: gettimer:interval=2000
10-09 16:15:09.505  1031  1454 E WifiConfigManager: updateConfiguration freq=2462 BSSID=04:bd:88:4f:29:c5 RSSI=-62 "Autohome Inc.-Staff"WPA_EAP
10-09 16:15:10.625  1031  1454 W WifiStateMachine: attemptAutoConnect: false
10-09 16:15:11.493  1031  1031 I TrafficMonitor: update:rxPkts:10,txPkts:0,rxBytes:1092,txBytes:0
10-09 16:15:11.493  1031  1031 I TrafficMonitor: start expired. level:-1
10-09 16:15:11.493  1031  1031 I TrafficMonitor: gettimer:interval=2000
10-09 16:15:11.849  1031  1513 E HwCHRWifiRSSIGroupSummery: updatArpSummery mRSSI:-62  HwCHRWifiRSSIGroup [rssi_index=4, rtt_tcp_packets=3208, rtt_tcp_duration=104310, rtt_lan_duration=1490, rtt_lan_failures=0, rtt_lan_succ=93, rtt_lan_max=65, rtt_lan_min=2,same_area_frequency=0,adjacent_area_frequency=0]
10-09 16:15:11.899  1031  1513 E HwCHRWebMonitor: WebMonitor [mNetWorkIsSuck=0 mUIDIsSuck=]  WebSpeed [WEBSENDSEGS=0  WEBRESENDSEGS=0  WEBRECVSEGS=0  WEBERRSEGS=0  WEBOUTRSTS=0  WEBESTABLISRST=0  WEBRTTDURATION=0  WEBRTTSEGS=0  WEBSRTT=2784  WEBSNDDUPACKS=0  SENDSEGS=0  RESENDSEGS=0  RECVSEGS=0  ERRSEGS=0  OUTRSTS=0  ESTABLISRST=0  RTTDURATION=0  RTTSEGS=0  SNDDUPACKS=0  suckTimes=0 recovage_times=0]
10-09 16:15:11.899  1031  1513 E HwCHRWifiRSSIGroupSummery: updateTcpSummery mRSSI:-62  HwCHRWifiRSSIGroup [rssi_index=4, rtt_tcp_packets=3208, rtt_tcp_duration=104310, rtt_lan_duration=1490, rtt_lan_failures=0, rtt_lan_succ=93, rtt_lan_max=65, rtt_lan_min=2,same_area_frequency=0,adjacent_area_frequency=0]
10-09 16:15:11.904  1031  1513 E HwCHRWebMonitor: HwCHRWifiPacketCnt [mTXGood=81, mTXbad=0, mRXGood=32] rssi=-62
10-09 16:15:11.906  1031  1513 E HwCHRWebMonitor: running processName=cn.com.autohome.travel
10-09 16:15:12.488  1031  1031 I TrafficMonitor: expired arrive. level:-1
10-09 16:15:12.488  1031  1031 I TrafficMonitor: during_ms:2003,period_ms:2000
10-09 16:15:12.488  1031  1031 I TrafficMonitor: count:297,rx_sum:10,tx_sum:0,rxBytes:1092,during_ms:2003,rx_speed:545.18222666001,tx_speed:0.0,rto:0.0
10-09 16:15:12.515  1031  1454 E WifiConfigManager: updateConfiguration freq=2462 BSSID=04:bd:88:4f:29:c5 RSSI=-62 "Autohome Inc.-Staff"WPA_EAP
10-09 16:15:12.565  1031  1454 E WifiConfigManager: updateConfiguration freq=2462 BSSID=04:bd:88:4f:29:c5 RSSI=-62 "Autohome Inc.-Staff"WPA_EAP
10-09 16:15:12.571  1031  1031 I QosMonitor: queryRtt: rtt_type = 3
10-09 16:15:12.571  1031  1031 I WifiProJNI: ######### GET RTT:3 ########
10-09 16:15:12.571  1031  1524 I HuaweiWifiWatchdogStateMachine: spd good count:0, add sc:0.0, rate:1.0
10-09 16:15:12.571  1031  1522 I QosMonitor: postEventFromNative: msg=100,arg1=4,arg2=9
10-09 16:15:12.572  1031  1524 I HuaweiWifiWatchdogStateMachine: current mHighDataFlowRate = 1.0
10-09 16:15:12.572  1031  1522 W WifiProJNI: poll before: g_monitor_fd =257
10-09 16:15:12.572  1031  1524 I HuaweiWifiWatchdogStateMachine: POta txb txg rxg:0, 92, 0. Lr =0% Totpkt=92
10-09 16:15:12.572  1031  1031 I WifiProJNI: ######### CMD_QUERY_PKTS ########
10-09 16:15:12.572  1031  1522 I QosMonitor: postEventFromNative: msg=100,arg1=0,arg2=9
10-09 16:15:12.572  1031  1522 W WifiProJNI: poll before: g_monitor_fd =257
10-09 16:15:12.572  1031  1031 I MQoS    : rtt=2784,tcp_tx_pkts=179409,tcp_rx_pkts=232532
10-09 16:15:12.574  1031  1524 I HuaweiWifiWatchdogStateMachine: PTcp RTT:0, rtt pkt=0, tcp_rx=0, tcp_tx=0, tcp_reTran=0, rtRate=0
10-09 16:15:12.586  1031  3500 I MQoS    : QOS_level:0(0),wifi-link;SIM error;use level-0
10-09 16:15:12.586  1031  3500 I MQoS    : skip-low-Level:0(0),wifi-link;SIM error;use level-0
10-09 16:15:13.128   504   504 E Thermal-daemon: [ap] temp_new :31  temp_old :32
10-09 16:15:13.128   504   504 E Thermal-daemon: Report temperature: [ap] temp :31  report_threshold:1
10-09 16:15:13.495  1031  1031 I TrafficMonitor: update:rxPkts:11,txPkts:0,rxBytes:1170,txBytes:0
10-09 16:15:13.495  1031  1031 I TrafficMonitor: start expired. level:-1
10-09 16:15:13.495  1031  1031 I TrafficMonitor: gettimer:interval=2000
10-09 16:15:15.497  1031  1031 I TrafficMonitor: update:rxPkts:6,txPkts:0,rxBytes:904,txBytes:0
10-09 16:15:15.497  1031  1031 I TrafficMonitor: start expired. level:-1
10-09 16:15:15.497  1031  1031 I TrafficMonitor: gettimer:interval=2000
10-09 16:15:15.532  1031  1454 E WifiConfigManager: updateConfiguration freq=2462 BSSID=04:bd:88:4f:29:c5 RSSI=-62 "Autohome Inc.-Staff"WPA_EAP
10-09 16:15:16.911  1031  1513 E HwCHRWebMonitor: WebMonitor [mNetWorkIsSuck=0 mUIDIsSuck=]  WebSpeed [WEBSENDSEGS=0  WEBRESENDSEGS=0  WEBRECVSEGS=0  WEBERRSEGS=0  WEBOUTRSTS=0  WEBESTABLISRST=0  WEBRTTDURATION=0  WEBRTTSEGS=0  WEBSRTT=2784  WEBSNDDUPACKS=0  SENDSEGS=0  RESENDSEGS=0  RECVSEGS=0  ERRSEGS=0  OUTRSTS=0  ESTABLISRST=0  RTTDURATION=0  RTTSEGS=0  SNDDUPACKS=0  suckTimes=0 recovage_times=0]
10-09 16:15:16.911  1031  1513 E HwCHRWifiRSSIGroupSummery: updateTcpSummery mRSSI:-62  HwCHRWifiRSSIGroup [rssi_index=4, rtt_tcp_packets=3208, rtt_tcp_duration=104310, rtt_lan_duration=1490, rtt_lan_failures=0, rtt_lan_succ=93, rtt_lan_max=65, rtt_lan_min=2,same_area_frequency=0,adjacent_area_frequency=0]
10-09 16:15:16.918  1031  1513 E HwCHRWebMonitor: HwCHRWifiPacketCnt [mTXGood=1, mTXbad=0, mRXGood=19] rssi=-62
10-09 16:15:16.920  1031  1513 E HwCHRWebMonitor: running processName=cn.com.autohome.travel
10-09 16:15:16.986 29549 29549 I XmlParser: startElement itemName:resource user:-1994555352
10-09 16:15:16.986 29549 29549 I XmlParser: startElement itemName:group user:-1994555352
10-09 16:15:16.986 29549 29549 I XmlParser: startElement itemName:id user:-1994555352
10-09 16:15:16.986 29549 29549 I XmlParser: endElement itemName:id user:-1994555352
10-09 16:15:16.986 29549 29549 I XmlParser: startElement itemName:name user:-1994555352
10-09 16:15:16.986 29549 29549 I XmlParser: endElement itemName:name user:-1994555352
10-09 16:15:16.986 29549 29549 I XmlParser: startElement itemName:define user:-1994555352
10-09 16:15:16.986 29549 29549 I XmlParser: endElement itemName:define user:-1994555352
10-09 16:15:16.986 29549 29549 I XmlParser: startElement itemName:description user:-1994555352
10-09 16:15:16.986 29549 29549 I XmlParser: endElement itemName:description user:-1994555352
10-09 16:15:16.986 29549 29549 I XmlParser: endElement itemName:group user:-1994555352
10-09 16:15:16.986 29549 29549 I XmlParser: startElement itemName:group user:-1994555352
10-09 16:15:16.986 29549 29549 I XmlParser: startElement itemName:id user:-1994555352
10-09 16:15:16.986 29549 29549 I XmlParser: endElement itemName:id user:-1994555352
10-09 16:15:16.986 29549 29549 I XmlParser: startElement itemName:name user:-1994555352
10-09 16:15:16.986 29549 29549 I XmlParser: endElement itemName:name user:-1994555352
10-09 16:15:16.986 29549 29549 I XmlParser: startElement itemName:define user:-1994555352
10-09 16:15:16.986 29549 29549 E XmlParser: startElement mResult:1024
10-09 16:15:16.986 29549 29549 I XmlParser: endElement itemName:define user:-1994555352
10-09 16:15:16.986 29549 29549 I XmlParser: startElement itemName:description user:-1994555352
10-09 16:15:16.986 29549 29549 I XmlParser: endElement itemName:description user:-1994555352
10-09 16:15:16.986 29549 29549 I XmlParser: endElement itemName:group user:-1994555352
10-09 16:15:16.986 29549 29549 I XmlParser: startElement itemName:group user:-1994555352
10-09 16:15:16.986 29549 29549 I XmlParser: startElement itemName:id user:-1994555352
10-09 16:15:16.986 29549 29549 I XmlParser: endElement itemName:id user:-1994555352
10-09 16:15:16.986 29549 29549 I XmlParser: startElement itemName:name user:-1994555352
10-09 16:15:16.986 29549 29549 I XmlParser: endElement itemName:name user:-1994555352
10-09 16:15:16.986 29549 29549 I XmlParser: startElement itemName:define user:-1994555352
10-09 16:15:16.986 29549 29549 I XmlParser: endElement itemName:define user:-1994555352
10-09 16:15:16.986 29549 29549 I XmlParser: startElement itemName:description user:-1994555352
10-09 16:15:16.986 29549 29549 I XmlParser: endElement itemName:description user:-1994555352
10-09 16:15:16.986 29549 29549 I XmlParser: endElement itemName:group user:-1994555352
10-09 16:15:16.986 29549 29549 I XmlParser: startElement itemName:group user:-1994555352
10-09 16:15:16.986 29549 29549 I XmlParser: startElement itemName:id user:-1994555352
10-09 16:15:16.986 29549 29549 I XmlParser: endElement itemName:id user:-1994555352
10-09 16:15:16.986 29549 29549 I XmlParser: startElement itemName:name user:-1994555352
10-09 16:15:16.986 29549 29549 I XmlParser: endElement itemName:name user:-1994555352
10-09 16:15:16.986 29549 29549 I XmlParser: startElement itemName:define user:-1994555352
10-09 16:15:16.986 29549 29549 I XmlParser: endElement itemName:define user:-1994555352
10-09 16:15:16.986 29549 29549 I XmlParser: startElement itemName:description user:-1994555352
10-09 16:15:16.986 29549 29549 I XmlParser: endElement itemName:description user:-1994555352
10-09 16:15:16.986 29549 29549 I XmlParser: endElement itemName:group user:-1994555352
10-09 16:15:16.986 29549 29549 I XmlParser: endElement itemName:resource user:-1994555352
10-09 16:15:16.986 29549 29549 I XmlParser: startElement itemName:resource user:0
10-09 16:15:16.986 29549 29549 I XmlParser: startElement itemName:group user:0
10-09 16:15:16.986 29549 29549 I XmlParser: startElement itemName:id user:0
10-09 16:15:16.986 29549 29549 I XmlParser: endElement itemName:id user:0
10-09 16:15:16.986 29549 29549 I XmlParser: startElement itemName:name user:0
10-09 16:15:16.986 29549 29549 I XmlParser: endElement itemName:name user:0
10-09 16:15:16.986 29549 29549 I XmlParser: startElement itemName:define user:0
10-09 16:15:16.986 29549 29549 E XmlParser: startElement mResult:2097152
10-09 16:15:16.986 29549 29549 I XmlParser: endElement itemName:define user:0
10-09 16:15:16.986 29549 29549 I XmlParser: startElement itemName:description user:0
10-09 16:15:16.986 29549 29549 I XmlParser: endElement itemName:description user:0
10-09 16:15:16.986 29549 29549 I XmlParser: endElement itemName:group user:0
10-09 16:15:16.986 29549 29549 I XmlParser: startElement itemName:group user:0
10-09 16:15:16.986 29549 29549 I XmlParser: startElement itemName:id user:0
10-09 16:15:16.986 29549 29549 I XmlParser: endElement itemName:id user:0
10-09 16:15:16.986 29549 29549 I XmlParser: startElement itemName:name user:0
10-09 16:15:16.986 29549 29549 I XmlParser: endElement itemName:name user:0
10-09 16:15:16.986 29549 29549 I XmlParser: startElement itemName:define user:0
10-09 16:15:16.986 29549 29549 I XmlParser: endElement itemName:define user:0
10-09 16:15:16.986 29549 29549 I XmlParser: startElement itemName:description user:0
10-09 16:15:16.986 29549 29549 I XmlParser: endElement itemName:description user:0
10-09 16:15:16.986 29549 29549 I XmlParser: endElement itemName:group user:0
10-09 16:15:16.986 29549 29549 I XmlParser: startElement itemName:group user:0
10-09 16:15:16.986 29549 29549 I XmlParser: startElement itemName:id user:0
10-09 16:15:16.986 29549 29549 I XmlParser: endElement itemName:id user:0
10-09 16:15:16.986 29549 29549 I XmlParser: startElement itemName:name user:0
10-09 16:15:16.986 29549 29549 I XmlParser: endElement itemName:name user:0
10-09 16:15:16.986 29549 29549 I XmlParser: startElement itemName:define user:0
10-09 16:15:16.986 29549 29549 I XmlParser: endElement itemName:define user:0
10-09 16:15:16.986 29549 29549 I XmlParser: startElement itemName:description user:0
10-09 16:15:16.986 29549 29549 I XmlParser: endElement itemName:description user:0
10-09 16:15:16.986 29549 29549 I XmlParser: endElement itemName:group user:0
10-09 16:15:16.986 29549 29549 I XmlParser: startElement itemName:group user:0
10-09 16:15:16.986 29549 29549 I XmlParser: startElement itemName:id user:0
10-09 16:15:16.986 29549 29549 I XmlParser: endElement itemName:id user:0
10-09 16:15:16.986 29549 29549 I XmlParser: startElement itemName:name user:0
10-09 16:15:16.986 29549 29549 I XmlParser: endElement itemName:name user:0
10-09 16:15:16.986 29549 29549 I XmlParser: startElement itemName:define user:0
10-09 16:15:16.986 29549 29549 I XmlParser: endElement itemName:define user:0
10-09 16:15:16.986 29549 29549 I XmlParser: startElement itemName:description user:0
10-09 16:15:16.986 29549 29549 I XmlParser: endElement itemName:description user:0
10-09 16:15:16.986 29549 29549 I XmlParser: endElement itemName:group user:0
10-09 16:15:16.986 29549 29549 I XmlParser: endElement itemName:resource user:0
10-09 16:15:16.986 29549 29549 I libEGL  : egl_cache_t() maxKeySize:1024  maxTotalSize:2097152
10-09 16:15:16.990 29549 29549 I appproc : CLASSPATH=/system/framework/wm.jar
10-09 16:15:16.990 29549 29549 I appproc : Command=app_process /system/bin com.android.commands.wm.Wm size 
10-09 16:15:16.992 29549 29549 I AndroidRuntime: readDownloadBoosterConfig: 'false'
10-09 16:15:17.029 29549 29549 I art     : Reinit property: dalvik.vm.checkjni= false
10-09 16:15:17.037 29549 29549 I HWSERVICES: hwnative_get_component_register:libdrmbitmap,JNI
10-09 16:15:17.039 29549 29549 I Radio-JNI: register_android_hardware_Radio DONE
10-09 16:15:17.041 29549 29549 I android_hardware_fm.cpp: register_android_hardware_fm_fmradio
10-09 16:15:17.041 29549 29549 I android_hardware_fm.cpp: ========64bit long size = 8
10-09 16:15:17.041 29549 29549 I android_hardware_fm.cpp: FM: get chip type = bcm43xx
10-09 16:15:17.041 29549 29549 E fm_if.c : find the id:fm and begins to open the devices
10-09 16:15:17.041 29549 29549 I android_hardware_fm.cpp: register_android_hardware_fm_fmradio, ret is 0
10-09 16:15:17.486  1645  1645 W KeyguardUpdateMonitor: ACTION_BATTERY_CHANGED AMP: 0; Volt: 0
10-09 16:15:17.489 19394 19600 I CloudAlbum[8.0.1.304]: [OperationUtil] cancelNotify
10-09 16:15:17.498  1031  1031 I TrafficMonitor: update:rxPkts:8,txPkts:0,rxBytes:936,txBytes:0
10-09 16:15:17.498  1031  1031 I TrafficMonitor: start expired. level:-1
10-09 16:15:17.498  1031  1031 I TrafficMonitor: gettimer:interval=2000
10-09 16:15:17.502  1645  1645 W KeyguardUpdateMonitor: ChargingSpeed  Wattage: -1 ST: 5000000 --> 7500000
10-09 16:15:17.502  1645  1645 I KgBattery: BatteryInfo updated:  2lPc-1
10-09 16:15:17.502  1645  1645 W AppHandler: sendMessage with obj100
10-09 16:15:17.517  1645  1645 W KgBattery: getCharge info with type: text
10-09 16:15:17.519  1645  1645 W HwLockScreenPanel: Handle message: 100
10-09 16:15:17.519  1645  1645 W HwLockScreenPanel: refreshBatteryInfo: null
