10-09 15:56:37.854 28914 28914 I appproc : Command=app_process /system/bin com.android.commands.content.Content call --uri content://settings/secure --method GET_secure --arg enabled_notification_listeners 
10-09 15:56:37.856 28914 28914 I AndroidRuntime: readDownloadBoosterConfig: 'false'
10-09 15:56:37.894 28914 28914 I art     : Reinit property: dalvik.vm.checkjni= false
10-09 15:56:37.900 28914 28914 I HWSERVICES: hwnative_get_component_register:libdrmbitmap,JNI
10-09 15:56:37.903 28914 28914 I Radio-JNI: register_android_hardware_Radio DONE
10-09 15:56:37.904 28914 28914 I android_hardware_fm.cpp: register_android_hardware_fm_fmradio
10-09 15:56:37.904 28914 28914 I android_hardware_fm.cpp: ========64bit long size = 8
10-09 15:56:37.904 28914 28914 I android_hardware_fm.cpp: FM: get chip type = bcm43xx
10-09 15:56:37.905 28914 28914 E fm_if.c : find the id:fm and begins to open the devices
10-09 15:56:37.905 28914 28914 I android_hardware_fm.cpp: register_android_hardware_fm_fmradio, ret is 0
10-09 15:56:39.192 28905 28905 I chatty  : uid=10145(com.qihoo.appstore) app_process32 expire 83 lines
10-09 15:56:39.193 28905 28905 I XmlParser: endElement itemName:description user:0
10-09 15:56:39.193 28905 28905 I XmlParser: endElement itemName:group user:0
10-09 15:56:39.193 28905 28905 I XmlParser: endElement itemName:resource user:0
10-09 15:56:39.193 28905 28905 I libEGL  : egl_cache_t() maxKeySize:1024  maxTotalSize:2097152
10-09 15:56:39.195 28905 28905 E libfingersense_wrapper: Couldn't load FingerSense library with dlopen(). Error: dlopen failed: library "libfingersense.so" not found
10-09 15:56:39.351  1031  1524 I chatty  : uid=1000(system) HuaweiWifiWatch expire 9 lines
10-09 15:56:39.353  1031  1522 I chatty  : uid=1000(system) Thread-13 expire 8 lines
10-09 15:56:39.570 28905 28905 I appproc : CLASSPATH=:/data/app/com.qihoo.appstore-1/base.apk
10-09 15:56:39.570 28905 28905 I appproc : Command=app_process32 / com.qihoo.appstore.rootcommand.persistent.CoreDaemon --nice-name=com.qihoo.appstore_CoreDaemon --daemon 
10-09 15:56:39.577 28905 28905 I AndroidRuntime: readDownloadBoosterConfig: 'false'
10-09 15:56:39.910 28905 28905 W System  : ClassLoader referenced unknown path: 
10-09 15:56:39.916 28905 28905 W System  : ClassLoader referenced unknown path: 
10-09 15:56:39.916 28905 28905 I art     : Reinit property: dalvik.vm.checkjni= false
10-09 15:56:39.968 28905 28905 I HWSERVICES: hwnative_get_component_register:libdrmbitmap,JNI
10-09 15:56:39.994 28905 28905 I Radio-JNI: register_android_hardware_Radio DONE
10-09 15:56:40.009 28905 28905 I android_hardware_fm.cpp: register_android_hardware_fm_fmradio
10-09 15:56:40.010 28905 28905 I android_hardware_fm.cpp: ========32bit long size = 4
10-09 15:56:40.010 28905 28905 I android_hardware_fm.cpp: FM: get chip type = bcm43xx
10-09 15:56:40.015 28905 28905 E fm_if.c : find the id:fm and begins to open the devices
10-09 15:56:40.016 28905 28905 I android_hardware_fm.cpp: register_android_hardware_fm_fmradio, ret is 0
10-09 15:56:40.494 28934 28934 E CoreDaemon: getProcessName com.qihoo.appstore_CoreDaemon
10-09 15:56:40.527 28935 28935 E CoreDaemon: getProcessName com.qihoo.appstore_CoreDaemon
10-09 15:56:41.172 28671 28696 W System.err: android.content.pm.PackageManager$NameNotFoundException: net.qihoo.launcher.widget.clockweather
10-09 15:56:41.172 28671 28696 W System.err: 	at android.app.ApplicationPackageManager.getPackageInfoAsUser(ApplicationPackageManager.java:161)
10-09 15:56:41.172 28671 28696 W System.err: 	at android.app.ApplicationPackageManager.getPackageInfo(ApplicationPackageManager.java:144)
10-09 15:56:41.172 28671 28696 W System.err: 	at com.common.busi.f.run(Native Method)
10-09 15:56:41.174 28671 28696 W System.err: android.content.pm.PackageManager$NameNotFoundException: net.qihoo.launcher.widget.clockweather
10-09 15:56:41.174 28671 28696 W System.err: 	at android.app.ApplicationPackageManager.getPackageInfoAsUser(ApplicationPackageManager.java:161)
10-09 15:56:41.174 28671 28696 W System.err: 	at android.app.ApplicationPackageManager.getPackageInfo(ApplicationPackageManager.java:144)
10-09 15:56:41.174 28671 28696 W System.err: 	at com.common.busi.f.run(Native Method)
10-09 15:56:41.176 28671 28696 W System.err: android.content.pm.PackageManager$NameNotFoundException: com.qihoo.video
10-09 15:56:41.176 28671 28696 W System.err: 	at android.app.ApplicationPackageManager.getPackageInfoAsUser(ApplicationPackageManager.java:161)
10-09 15:56:41.176 28671 28696 W System.err: 	at android.app.ApplicationPackageManager.getPackageInfo(ApplicationPackageManager.java:144)
10-09 15:56:41.176 28671 28696 W System.err: 	at com.common.busi.f.run(Native Method)
10-09 15:56:42.128   504   504 E Thermal-daemon: [ap] temp_new :37  temp_old :38
10-09 15:56:42.128   504   504 E Thermal-daemon: Report temperature: [ap] temp :37  report_threshold:1
10-09 15:56:43.217  1031  1440 I chatty  : uid=1000(system) InputReader expire 1 line
10-09 15:56:43.221 20837 20837 I SendBroadcastPermission: action:com.huawei.appmarket.service.downloadservice.Receiver, mPermissionType:0
10-09 15:56:43.227 17389 17423 W ResourceType: For resource 0x7f020e8c, entry index(3724) is beyond type entryCount(582)
10-09 15:56:43.227 17389 17423 W ResourceType: Failure getting entry for 0x7f020e8c (t=1 e=3724) (error -75)
10-09 15:56:43.227 17389 17423 W ResourceType: For resource 0x7f020e8c, entry index(3724) is beyond type entryCount(582)
10-09 15:56:43.227 17389 17423 W ResourceType: Failure getting entry for 0x7f020e8c (t=1 e=3724) (error -75)
10-09 15:56:43.227 17389 17423 W ResourceType: For resource 0x7f020e8c, entry index(3724) is beyond type entryCount(582)
10-09 15:56:43.227 17389 17423 W ResourceType: Failure getting entry for 0x7f020e8c (t=1 e=3724) (error -75)
10-09 15:56:43.234 17389 17423 W Contacts: AccountTypeManager Skipping extension package com.google.android.apps.plus because it doesn't have the CONTACTS_STRUCTURE metadata
10-09 15:56:43.238  2623  2623 I HwLauncher: LauncherDownloadModel onReceive intent=Intent { act=android.intent.action.PACKAGE_CHANGED dat=package:com.qihoo.appstore flg=0x44000010 (has extras) }
10-09 15:56:43.238  2623  2623 I HwLauncher: SimpleLauncherModeaction= android.intent.action.PACKAGE_CHANGEDpackageName = com.qihoo.appstore
10-09 15:56:43.239  2623  2623 I HwLauncher: LauncherDownloadModel onReceive intent=Intent { act=com.huawei.appmarket.service.downloadservice.Receiver flg=0x10 }
10-09 15:56:43.239  2623  2623 W HwLauncher: get getBundleExtra with downloadtask all return null!
10-09 15:56:43.239  2623  2778 I HwLauncher: SimpleLauncherModemAllAppsList.updatePackage com.qihoo.appstore
10-09 15:56:43.241  2623  2778 I HwLauncher: SimpleAllAppsList  updatePackage : package[com.qihoo.appstore] matched activity's size is 1 and data List size is 0
10-09 15:56:43.247  2623  2778 I HwLauncher: Launcher.LauncherProvider  queried count: 0
10-09 15:56:43.249  2623  2778 I HwLauncher: SimpleAllAppsList  findAndUpdateInfoInDB : found 0 shortcutInfo for package[com.qihoo.appstore] in db
10-09 15:56:43.249  2623  2778 I HwLauncher: SimpleAllAppsList  updatePackage do not add new SimpleApplicationInfo,It's in normal now. package = com.qihoo.appstore
10-09 15:56:43.249  2623  2778 W HwLauncher: SimpleLauncherModeNobody to tell about the new app.  Launcher is probably loading.
10-09 15:56:43.254 20837 20837 I SendBroadcastPermission: action:com.huawei.appmarket.service.downloadservice.Receiver, mPermissionType:0
10-09 15:56:43.256  2623  2623 I HwLauncher: LauncherDownloadModel onReceive intent=Intent { act=com.huawei.appmarket.service.downloadservice.Receiver flg=0x10 }
10-09 15:56:43.256  2623  2623 W HwLauncher: get getBundleExtra with downloadtask all return null!
10-09 15:56:43.328 28697 28697 I art     : Waiting for a blocking GC DisableMovingGc
10-09 15:56:43.329 28697 28697 I art     : Starting a blocking GC DisableMovingGc
10-09 15:56:43.403  1031  1031 I chatty  : uid=1000 system_server expire 15 lines
10-09 15:56:43.431  1031  1146 I chatty  : uid=1000(system) android.bg expire 3 lines
10-09 15:56:43.465  2623  2623 I HwLauncher: Model onPackageChanged packageName = com.qihoo.appstore user = UserHandle{0}
10-09 15:56:43.465  2623  2623 I HwLauncher: MutilSelectedIcons onPreHandleUpdatedTask : mIsInMutilSelectMode = false task = 2 packages = [com.qihoo.appstore] hasHandleInvisiblePanel = false
10-09 15:56:43.465  2623  2623 I HwLauncher: Model  enqueuePackageUpdated post task
10-09 15:56:43.466  2623  2623 I HwLauncher: PowerSaveLauncherModel onPackageChanged packageName = com.qihoo.appstore user = UserHandle{0}
10-09 15:56:43.466  2623  2623 E HwLauncher: PowerSaveLauncherModel onPackageChanged:  not inPowerSaveLauncher 
10-09 15:56:43.466  2623  2775 I HwLauncher: Model  PackageUpdatedTask Op : 2
10-09 15:56:43.466  2623  2775 I HwLauncher: Model mAllAppsList.updatePackage com.qihoo.appstore
10-09 15:56:43.466  2623  2775 I HwLauncher: AllIdleAppsList  updatePackage  isCloneApp =  false
10-09 15:56:43.467  2623  2775 I HwLauncher: AllIdleAppsList  updatePackage : package[com.qihoo.appstore] matched activity's size is 1 and data List size is 56
10-09 15:56:43.479  2623  2775 I HwResourcesImpl: load icon id : 7f020271, pkgName : com.qihoo.appstore
10-09 15:56:43.479  2623  2775 W CfgFilePolicy: No config file found for:/themes/diff/icons
10-09 15:56:43.479  2623  2775 W CfgFilePolicy: CFG_DIRS length : 9
10-09 15:56:43.480  2623  2775 I HwResourcesImpl: icon : com.qihoo.appstore found in app
10-09 15:56:43.484  1031  1513 I chatty  : uid=1000(system) WiFiArpStateMac expire 2 lines
10-09 15:56:43.494  2623  2775 I HwLauncher: Launcher.IconCache, cacheLocked  Utilities.createIconBitmap entry.title =  360手机助手 ComponentName:ComponentInfo{com.qihoo.appstore/com.qihoo.appstore.home.LauncherActivity} user:UserHandle{0}
10-09 15:56:43.494  2623  2775 I HwLauncher: Model shortcutInfo.title = ShortcutInfo(title= 360手机助手)ComponentInfo{com.qihoo.appstore/com.qihoo.appstore.home.LauncherActivity}
10-09 15:56:43.494  2623  2623 I HwLauncher: Workspace updateShortcuts apps.size() 1
10-09 15:56:43.494  2623  2623 I HwLauncher: Launcher.Folder childCount: 8
10-09 15:56:43.494  2623  2623 I HwLauncher: Launcher.Folder childCount: 7
10-09 15:56:43.494  2623  2623 I HwLauncher: Launcher.Folder childCount: 7
10-09 15:56:43.494  2623  2623 I HwLauncher: Workspace updateShortcuts shortcutInfo = ShortcutInfo(title= 360手机助手)
10-09 15:56:43.497  2623  2623 I HwLauncher: Launcher Deferring update until onResume
10-09 15:56:44.025  1645  1645 W KeyguardUpdateMonitor: ACTION_BATTERY_CHANGED AMP: 0; Volt: 0
10-09 15:56:44.029 19394 19600 I CloudAlbum[8.0.1.304]: [OperationUtil] cancelNotify
10-09 15:56:44.029  1645  1645 W KeyguardUpdateMonitor: ChargingSpeed  Wattage: -1 ST: 5000000 --> 7500000
10-09 15:56:44.030  1645  1645 I KgBattery: BatteryInfo updated:  2lPc-1
10-09 15:56:44.030  1645  1645 W AppHandler: sendMessage with obj100
10-09 15:56:44.049  1031  1058 I chatty  : uid=1000(system) Binder:1031_2 expire 1 line
10-09 15:56:44.055  1645  1645 W KgBattery: getCharge info with type: text
10-09 15:56:44.059  1645  1645 W HwLockScreenPanel: Handle message: 100
10-09 15:56:44.059  1645  1645 W HwLockScreenPanel: refreshBatteryInfo: null
10-09 15:56:44.064  1031  2001 I chatty  : uid=1000(system) Binder:1031_6 expire 2 lines
10-09 15:56:44.076  1031  8546 I chatty  : uid=1000(system) Binder:1031_14 expire 1 line
10-09 15:56:44.086  1031  2591 I chatty  : uid=1000(system) Binder:1031_F expire 1 line
10-09 15:56:44.097  1031  2018 I chatty  : uid=1000(system) Binder:1031_8 expire 1 line
10-09 15:56:44.539  1645  1645 W KeyguardUpdateMonitor: ACTION_BATTERY_CHANGED AMP: 0; Volt: 0
10-09 15:56:44.547 19394 19600 I CloudAlbum[8.0.1.304]: [OperationUtil] cancelNotify
10-09 15:56:44.560  1645  1645 W KeyguardUpdateMonitor: ChargingSpeed  Wattage: -1 ST: 5000000 --> 7500000
10-09 15:56:44.560  1645  1645 I KgBattery: BatteryInfo updated:  2lPc-1
10-09 15:56:44.560  1645  1645 W AppHandler: sendMessage with obj100
10-09 15:56:44.566  1645  1645 W KgBattery: getCharge info with type: text
10-09 15:56:44.570  1645  1645 W HwLockScreenPanel: Handle message: 100
10-09 15:56:44.570  1645  1645 W HwLockScreenPanel: refreshBatteryInfo: null
10-09 15:56:47.128   504   504 E Thermal-daemon: [battery] temp_new :30  temp_old :31
10-09 15:56:47.128   504   504 E Thermal-daemon: Report temperature: [battery] temp :30  report_threshold:1
10-09 15:56:47.131   504   504 E Thermal-daemon: [ap] temp_new :36  temp_old :37
10-09 15:56:47.131   504   504 E Thermal-daemon: Report temperature: [ap] temp :36  report_threshold:1
10-09 15:56:47.336  1031  1261 I chatty  : uid=1000(system) PackageManager expire 1 line
10-09 15:56:47.365  1031  1524 I chatty  : uid=1000(system) HuaweiWifiWatch expire 11 lines
10-09 15:56:47.370  1031  3500 I chatty  : uid=1000(system) MobileQosDetect expire 4 lines
10-09 15:56:47.406  1031  1031 I chatty  : uid=1000 system_server expire 31 lines
10-09 15:56:48.246  1031  1454 I chatty  : uid=1000(system) WifiStateMachin expire 9 lines
10-09 15:56:48.477  1031  2589 I chatty  : uid=1000(system) Binder:1031_D expire 1 line
10-09 15:56:48.484  1031  1513 I chatty  : uid=1000(system) WiFiArpStateMac expire 15 lines
10-09 15:56:52.134   504   504 E Thermal-daemon: [ap] temp_new :35  temp_old :36
10-09 15:56:52.135   504   504 E Thermal-daemon: Report temperature: [ap] temp :35  report_threshold:1
10-09 15:56:54.423  1031  1192 I chatty  : uid=1000(system) android.fg expire 1 line
10-09 15:56:55.376  1031  1522 I chatty  : uid=1000(system) Thread-13 expire 8 lines
10-09 15:57:00.033  1645  1645 W HwKeyguardDragHelper: AnimationBlocked
10-09 15:57:00.042  1645  1645 I EventCenter: EventCenter Get :android.intent.action.TIME_TICK
10-09 15:57:00.048  1645  1645 W HwKeyguardDragHelper: AnimationBlocked
10-09 15:57:00.056  1645  1645 W ResourceType: Failure getting entry for 0xffffffff (t=254 e=65535) (error -2147483647)
10-09 15:57:00.056  1645  1645 E DateLunarView: mDateString is: 10月9日星期一
10-09 15:57:00.059  1645  1645 W ResourceType: Failure getting entry for 0xffffffff (t=254 e=65535) (error -2147483647)
10-09 15:57:00.059  1645  1645 E DateLunarView: mDateString is: 10月9日星期一
10-09 15:57:00.067  2623  2623 I HwLauncher: Model  onReceive intent=Intent { act=android.intent.action.TIME_TICK flg=0x50000014 (has extras) }
10-09 15:57:00.067  2623  2623 I HwLauncher: Model  onReceive user=UserHandle{0}
10-09 15:57:00.083  1031  8551 I chatty  : uid=1000(system) Binder:1031_16 expire 6 lines
10-09 15:57:00.110  1645  1645 W HwKeyguardDragHelper: AnimationBlocked
10-09 15:57:01.422  1031  1031 I chatty  : uid=1000 system_server expire 12 lines
10-09 15:57:02.142   504   504 E Thermal-daemon: [ap] temp_new :34  temp_old :35
10-09 15:57:02.142   504   504 E Thermal-daemon: Report temperature: [ap] temp :34  report_threshold:1
10-09 15:57:03.175 28697 28729 W ws001   : NRH lcl.fc: c=com.ak.torch.engine.f.a
10-09 15:57:03.177 28697 28729 W ws001   : NRH lcl.fc: c=com.ak.torch.engine.d.b
10-09 15:57:03.180 28697 28729 W ws001   : NRH lcl.fc: c=com.ak.c.d
10-09 15:57:03.180 28697 28756 W ws001   : NRH lcl.fc: c=com.ak.torch.engine.f.c
10-09 15:57:03.185 28697 28950 W ws001   : NRH lcl.fc: c=com.ak.torch.engine.f.g
10-09 15:57:03.200 28697 28729 W ws001   : NRH lcl.fc: c=com.ak.b.c.a
10-09 15:57:03.201 28697 28729 W ws001   : NRH lcl.fc: c=com.ak.c.g
10-09 15:57:03.213  1031  2001 I chatty  : uid=1000(system) Binder:1031_6 expire 1 line
10-09 15:57:03.255 28697 28729 W ws001   : NRH lcl.fc: c=com.ak.c.m
10-09 15:57:03.277  1031  1058 I chatty  : uid=1000(system) Binder:1031_2 expire 1 line
10-09 15:57:03.282 28697 28728 W ws001   : NRH lcl.fc: c=com.ak.f.a
10-09 15:57:03.307  1031  2018 I chatty  : uid=1000(system) Binder:1031_8 expire 2 lines
10-09 15:57:03.317  1031  1992 I chatty  : uid=1000(system) Binder:1031_5 expire 1 line
10-09 15:57:03.327  1031  2143 I chatty  : uid=1000(system) Binder:1031_9 expire 1 line
10-09 15:57:03.345 28697 28729 W ws001   : NRH lcl.fc: c=com.ak.c.l
10-09 15:57:03.350  2003  2205 W PhoneInterfaceManager: shouldBlockLocation running ...
10-09 15:57:03.358  2003  2205 I PhoneInterfaceManager: shouldBlockLocation  ret:false
10-09 15:57:03.379 28697 28729 W ws001   : NRH lcl.fc: c=com.ak.torch.engine.d.c
10-09 15:57:03.382  2003  9105 W PhoneInterfaceManager: shouldBlockLocation running ...
10-09 15:57:03.391  2003  9105 I PhoneInterfaceManager: shouldBlockLocation  ret:false
10-09 15:57:03.401  2003  2188 W PhoneInterfaceManager: shouldBlockLocation running ...
10-09 15:57:03.407  2003  2188 I PhoneInterfaceManager: shouldBlockLocation  ret:false
10-09 15:57:03.412 28697 28729 W ws001   : NRH lcl.fc: c=com.ak.torch.engine.d.a
10-09 15:57:03.415 28697 28729 W ws001   : NRH lcl.fc: c=com.ak.f.b
10-09 15:57:03.420  1031  1206 I chatty  : uid=1000(system) PowerManagerSer expire 2 lines
10-09 15:57:03.423 28697 28729 W ws001   : NRH lcl.fc: c=com.ak.h.a
10-09 15:57:03.425 28697 28729 W ws001   : NRH lcl.fc: c=com.ak.h.e
10-09 15:57:03.426 28697 28729 W ws001   : NRH lcl.fc: c=com.ak.h.b
10-09 15:57:03.427 28697 28729 W ws001   : NRH lcl.fc: c=com.ak.torch.engine.f.b
10-09 15:57:03.428 28697 28729 W ws001   : NRH lcl.fc: c=com.ak.h.g
10-09 15:57:03.428 23224 23224 I CrashReport-Native: Set native info: isAppForeground(false)
10-09 15:57:03.429 28697 28729 W ws001   : NRH lcl.fc: c=com.ak.h.f
10-09 15:57:03.432   485  2293 E BufferQueueProducer: [ColorFade] connect: already connected (cur=1 req=1)
10-09 15:57:03.437   485   532 I gralloc : alloc_device_alloc:564: Alloc handle(0x793286b100): interfmt=1, stride=1472, size=15073280, usage=0x333
10-09 15:57:03.438   485  2293 I gralloc : alloc_device_free:586: Free handle(0x793286b100)
10-09 15:57:03.448  1645  2073 I KeyguardViewMediator: onStartedGoingToSleep(3) Lock : false reset: false
10-09 15:57:03.448  1645  1645 W MusicUtils: findCurrentMediaPlayPackage sessions size is 0
10-09 15:57:03.450  1645  1645 W KGWallpaper: onStartedGoingToSleep switch to next Magazine
10-09 15:57:03.451  1031  1056 I chatty  : uid=1000(system) Binder:1031_1 expire 5 lines
10-09 15:57:03.451  1645  1645 W KGWallpaper_Magazine: Load magazine with type : 1
10-09 15:57:03.451  1645  1645 W KGWallpaper_Magazine: loadPic: 1
10-09 15:57:03.452  1645  1645 I KeyguardUpdateMonitor: Ignore update FP: 0 false
10-09 15:57:03.452  1645  1746 W ExifData: The ifdData is null error!
10-09 15:57:03.453  1645  1746 W ExifData: The ifdData is null error!
10-09 15:57:03.455  1645  1746 W ExifData: The ifdData is null error!
10-09 15:57:03.561  1645  1746 I BitmapUtils: RGB565toARGB888 create bmp = 216x384
10-09 15:57:03.569  1645  1746 W BitmapUtils: blurBitmap : android.graphics.Bitmap@bff9bb7use source bitmap; use rgb888 as target; Consueme: 9ms
10-09 15:57:03.570  1645  1746 W BokehDrawable: onPostExecute android.graphics.Bitmap@3d13f24, []
10-09 15:57:03.570  1645  1746 W BokehDrawable: cType is 2; defcolor: bfbfbfbf vibColor: bf625a29
10-09 15:57:03.570  1645  1746 W AppHandler: sendMessage 23 with args (-1084073431, 0)
10-09 15:57:03.570  1645  1746 W KGWallpaper_Magazine: load magazine wallpaper use: 115
10-09 15:57:03.570  1645  1645 W ParticleRenderer: setColor to 0.7490196 bf390000
10-09 15:57:03.570  1645  1645 W CurveScreenAnimView: Set color as to : -1086783488; msg-color: -1084073431
10-09 15:57:03.570  1645  1645 W HwLockScreenPanel: Handle message: 23
10-09 15:57:03.570  1645  1645 W KGWallpaper_Magazine: get Index for key 187 to 31
10-09 15:57:03.570  1645  1645 E KGWallpaper_Magazine: setCurrentPicture to 31
10-09 15:57:03.575  1645  1645 I BitmapUtils: getSuggestColorInfo::isStatusBarArea=true, colorMSD=899, average color=48, color type=2, mask type=0; light 132135.69
10-09 15:57:03.575  1645  1645 I BitmapUtils: java.lang.Exception
10-09 15:57:03.575  1645  1645 I BitmapUtils: 	at com.huawei.keyguard.util.BitmapUtils.getSuggestColorInfo(BitmapUtils.java:829)
10-09 15:57:03.575  1645  1645 I BitmapUtils: 	at com.huawei.keyguard.util.BitmapUtils.getColorInfo(BitmapUtils.java:748)
10-09 15:57:03.575  1645  1645 I BitmapUtils: 	at com.huawei.keyguard.support.magazine.KeyguardWallpaper.updateWallpaper(KeyguardWallpaper.java:145)
10-09 15:57:03.575  1645  1645 I BitmapUtils: 	at com.huawei.keyguard.support.magazine.KeyguardWallpaper.-wrap4(KeyguardWallpaper.java)
10-09 15:57:03.575  1645  1645 I BitmapUtils: 	at com.huawei.keyguard.support.magazine.KeyguardWallpaper$2.onMagazinePicLoaded(KeyguardWallpaper.java:315)
10-09 15:57:03.575  1645  1645 I BitmapUtils: 	at com.huawei.keyguard.support.magazine.MagazineWallpaper$3.onMagazinePicLoaded(MagazineWallpaper.java:737)
10-09 15:57:03.575  1645  1645 I BitmapUtils: 	at com.huawei.keyguard.support.magazine.MagazineWallpaper$BgPicLoader$1.run(MagazineWallpaper.java:535)
10-09 15:57:03.575  1645  1645 I BitmapUtils: 	at android.os.Handler.handleCallback(Handler.java:761)
10-09 15:57:03.575  1645  1645 I BitmapUtils: 	at android.os.Handler.dispatchMessage(Handler.java:98)
10-09 15:57:03.575  1645  1645 I BitmapUtils: 	at android.os.Looper.loop(Looper.java:156)
10-09 15:57:03.575  1645  1645 I BitmapUtils: 	at android.app.ActivityThread.main(ActivityThread.java:6523)
10-09 15:57:03.575  1645  1645 I BitmapUtils: 	at java.lang.reflect.Method.invoke(Native Method)
10-09 15:57:03.575  1645  1645 I BitmapUtils: 	at com.android.internal.os.ZygoteInit$MethodAndArgsCaller.run(ZygoteInit.java:941)
10-09 15:57:03.575  1645  1645 I BitmapUtils: 	at com.android.internal.os.ZygoteInit.main(ZygoteInit.java:831)
10-09 15:57:03.591  1645  1645 I BitmapUtils: getSuggestColorInfo::isStatusBarArea=false, colorMSD=13932, average color=111, color type=1, mask type=1; light 3819207.2
10-09 15:57:03.591  1645  1645 I BitmapUtils: java.lang.Exception
10-09 15:57:03.591  1645  1645 I BitmapUtils: 	at com.huawei.keyguard.util.BitmapUtils.getSuggestColorInfo(BitmapUtils.java:829)
10-09 15:57:03.591  1645  1645 I BitmapUtils: 	at com.huawei.keyguard.util.BitmapUtils.getColorInfo(BitmapUtils.java:751)
10-09 15:57:03.591  1645  1645 I BitmapUtils: 	at com.huawei.keyguard.support.magazine.KeyguardWallpaper.updateWallpaper(KeyguardWallpaper.java:145)
10-09 15:57:03.591  1645  1645 I BitmapUtils: 	at com.huawei.keyguard.support.magazine.KeyguardWallpaper.-wrap4(KeyguardWallpaper.java)
10-09 15:57:03.591  1645  1645 I BitmapUtils: 	at com.huawei.keyguard.support.magazine.KeyguardWallpaper$2.onMagazinePicLoaded(KeyguardWallpaper.java:315)
10-09 15:57:03.591  1645  1645 I BitmapUtils: 	at com.huawei.keyguard.support.magazine.MagazineWallpaper$3.onMagazinePicLoaded(MagazineWallpaper.java:737)
10-09 15:57:03.591  1645  1645 I BitmapUtils: 	at com.huawei.keyguard.support.magazine.MagazineWallpaper$BgPicLoader$1.run(MagazineWallpaper.java:535)
10-09 15:57:03.591  1645  1645 I BitmapUtils: 	at android.os.Handler.handleCallback(Handler.java:761)
10-09 15:57:03.591  1645  1645 I BitmapUtils: 	at android.os.Handler.dispatchMessage(Handler.java:98)
10-09 15:57:03.591  1645  1645 I BitmapUtils: 	at android.os.Looper.loop(Looper.java:156)
10-09 15:57:03.591  1645  1645 I BitmapUtils: 	at android.app.ActivityThread.main(ActivityThread.java:6523)
10-09 15:57:03.591  1645  1645 I BitmapUtils: 	at java.lang.reflect.Method.invoke(Native Method)
10-09 15:57:03.591  1645  1645 I BitmapUtils: 	at com.android.internal.os.ZygoteInit$MethodAndArgsCaller.run(ZygoteInit.java:941)
10-09 15:57:03.591  1645  1645 I BitmapUtils: 	at com.android.internal.os.ZygoteInit.main(ZygoteInit.java:831)
10-09 15:57:03.591  1645  1645 W KGWallpaper: update Wallpaper and block update ui; color  {1=1, 2=2, 3=1, 4=0, 5=2}
10-09 15:57:03.591  1645  1645 W WallpaperPagerAdapter: loadPagerImageView loadType:1 mCurrentPosition:1073741823
10-09 15:57:03.591  1645  1645 W WallpaperPagerAdapter: 1 load  mCurrentIndexOfList:0 mLoadType:1
10-09 15:57:03.591  1645  1645 W WallpaperPagerAdapter: getNextListIndex indexChecked after:1
10-09 15:57:03.622  2827  2827 I InCall  : CallList - no active call 
10-09 15:57:03.624   518  1337 E Parcel  : Reading a NULL string not supported here.
10-09 15:57:03.624   518  1337 E Parcel  : Reading a NULL string not supported here.
10-09 15:57:03.624   518   542 W AwareLog:defragd: delay_us exceeds max timeout: 599999934 us
10-09 15:57:03.641  1972  2086 I AppManager: no high cpu load
10-09 15:57:03.694  1645 28953 I BitmapUtils: RGB565toARGB888 create bmp = 216x384
10-09 15:57:03.702  1645 28953 W BitmapUtils: blurBitmap : android.graphics.Bitmap@8752990use source bitmap; use rgb888 as target; Consueme: 9ms
10-09 15:57:03.703  1645 28953 W BokehDrawable: onPostExecute android.graphics.Bitmap@1ecc289, []
10-09 15:57:03.703  1645 28953 W BokehDrawable: cType is 2; defcolor: bfbfbfbf vibColor: bf296aac
10-09 15:57:03.703  1645 28953 W AppHandler: sendMessage 23 with args (-1087804756, 0)
10-09 15:57:03.703  1645  1645 W ParticleRenderer: setColor to 0.7490196 bf625a29
10-09 15:57:03.703  1645  1645 W CurveScreenAnimView: Set color as to : -1084073431; msg-color: -1087804756
10-09 15:57:03.703  1645  1645 W HwLockScreenPanel: Handle message: 23
10-09 15:57:03.805   491   555 I aptouch_daemon: 1507535823805,void filter_set_filter_status(enum tp_filter_status_enum), notify tp_filter status=0!
10-09 15:57:03.805   491   555 I aptouch_daemon: 1507535823805,void filter_logfunc(const char *), void tp_filter_suspend_resume(int) end, state(0/1:suspend/resume)=0
10-09 15:57:03.819  1645  1853 W AppHandler: sendMessage 15
10-09 15:57:03.820  1645  1645 W AppHandler: sendMessage 21 with args (2, 0)
10-09 15:57:03.820  1645  1645 I KeyguardUpdateMonitor: Ignore update FP: 0 false
10-09 15:57:03.820  1645  1645 W HwLockScreenPanel: Handle message: 15
10-09 15:57:03.820  1645  1645 W HwBackDropView: MSG_FINISHED_GOING_SLEEP isQsExpanded false
10-09 15:57:03.821  1645  1645 W CameraLayout: Cameralayout disabled. true false  2
10-09 15:57:03.825  1645  1645 E LocalLinkTextView: setDescription with uselink line!
10-09 15:57:03.826  1645  1746 W ExifData: The ifdData is null error!
10-09 15:57:03.827  1645  1746 W ExifData: The ifdData is null error!
10-09 15:57:03.828  1645  1746 W ExifData: The ifdData is null error!
10-09 15:57:03.835  1031 15707 I chatty  : uid=1000(system) Binder:1031_18 expire 2 lines
10-09 15:57:03.836  1645  1746 W ExifData: The ifdData is null error!
10-09 15:57:03.837  1645  1746 W ExifData: The ifdData is null error!
10-09 15:57:03.837  1645  1645 W MagazineDetailView: addInvisibleView null view
10-09 15:57:03.837  1645  1645 W ParticleRenderer: setColor to 0.7490196 bf625a29
10-09 15:57:03.837  1645  1645 W CurveScreenAnimView: Set color as to : -1084073431; msg-color: 2
10-09 15:57:03.837  1645  1645 W HwLockScreenPanel: Handle message: 21
10-09 15:57:03.837  1645  1645 I HwBackDropView: update Wallpaper with Bokeh.
10-09 15:57:03.838  1645  1746 W ExifData: The ifdData is null error!
10-09 15:57:03.839  1645  1746 W ExifData: The ifdData is null error!
10-09 15:57:03.840  1645  1746 W ExifData: The ifdData is null error!
10-09 15:57:03.841  1645  1746 W ExifData: The ifdData is null error!
10-09 15:57:03.854  1645  1645 W LocalLinkTextView: LocalLinkTextView Handle Message. 102
10-09 15:57:03.855  1645  1645 W LocalLinkTextView: LocalLinkTextView Handle Message. 104
10-09 15:57:03.855 28697 28956 I System.out: [ps]
10-09 15:57:03.855 28697 28956 I System.out: null
10-09 15:57:03.855 28697 28956 I System.out: null
10-09 15:57:03.855 28697 28956 I System.out: Calling by::className:com.stub.stub02.p.w  MethodName:run
10-09 15:57:03.856  1645  1645 W LocalLinkTextView: LocalLinkTextView setSetDetailStyle com.android.keyguard.hwlockscreen.magazine.MagazineDetailView$1@80fa090  姣好的容颜以及让人心动的笑容，清爽干净的穿着，给人舒适的感觉。©壹刻传媒详情 
10-09 15:57:03.858   642  1479 I soundtrigger_msg: sound_trigger_set_parameters:set_parameters string![screen_state=off]
10-09 15:57:03.867  1645  1645 W CameraLayout: Cameralayout disabled. true false  2
10-09 15:57:03.877  1031  1521 I chatty  : uid=1000(system) HwIntelligenceS expire 1 line
10-09 15:57:03.878  1031  1435 I chatty  : uid=1000(system) sManagerService expire 2 lines
10-09 15:57:03.900  1031 14713 I chatty  : uid=1000(system) Binder:1031_17 expire 1 line
10-09 15:57:03.903  1885  2150 E HwSystemManager: CommonMethodUtil:/getTemplateMobileAutomatically: no SIM card using data
10-09 15:57:03.903  1885  2150 E HwSystemManager: TrafficNotifyAfterLocked:analyseTrafficAfterLocked: network template is null!
10-09 15:57:03.904  1031  2588 I chatty  : uid=1000(system) Binder:1031_C expire 1 line
10-09 15:57:03.904  1885  2139 E HwSystemManager: NatTrafficNotifyService:imsi is null, so return
10-09 15:57:03.908  1972  2086 I WakelockMonitor: charging state and not start wakelock monitor.
10-09 15:57:03.909  1972  2203 I ash     : ash->screen off
10-09 15:57:03.909  1972  2203 I ThermalStateManager: handle action thermal policy:301
10-09 15:57:03.915  1031  1951 I chatty  : uid=1000(system) LocationThread expire 2 lines
10-09 15:57:03.924  1031  2447 I chatty  : uid=1000(system) HwDeviceUsageCo expire 1 line
10-09 15:57:03.927  2623  2623 I HwLauncher: Launcher receiver screen off broadcast sendmessage true
10-09 15:57:03.928  1031  8548 I chatty  : uid=1000(system) Binder:1031_15 expire 3 lines
10-09 15:57:03.936  2452  2452 I HourObserver: enter into handleScrnOnOffTimeStats, scrnOn = false, mIsPreScrnOn = true, mScrnSwitchTime = 1507535712124, occurTime = 1507535823935, delta = 111811, mScrnOffAccTime = 2330904, mScrnOnAccTime = 566813
10-09 15:57:03.937  2452  2452 I HourObserver: left handleScrnOnOffTimeStats, mScrnOffAccTime = 2330904, mScrnOffAccTime = 2330904, mScrnOnAccTime = 678624
10-09 15:57:03.989  1031  1992 I chatty  : uid=1000(system) Binder:1031_5 expire 4 lines
10-09 15:57:04.019  1031  2588 I chatty  : uid=1000(system) Binder:1031_C expire 6 lines
10-09 15:57:04.048  1031  8543 I chatty  : uid=1000(system) Binder:1031_13 expire 2 lines
10-09 15:57:04.065  1031  1056 I chatty  : uid=1000(system) Binder:1031_1 expire 1 line
10-09 15:57:04.073  1031  2589 I chatty  : uid=1000(system) Binder:1031_D expire 1 line
10-09 15:57:04.094 28671 28671 W System  : ClassLoader referenced unknown path: 
10-09 15:57:04.105  1031 15707 I chatty  : uid=1000(system) Binder:1031_18 expire 1 line
10-09 15:57:04.116  1031  1992 I chatty  : uid=1000(system) Binder:1031_5 expire 1 line
10-09 15:57:04.421  1031  1031 I chatty  : uid=1000 system_server expire 3 lines
10-09 15:57:04.488  1031  1513 I chatty  : uid=1000(system) WiFiArpStateMac expire 16 lines
10-09 15:57:05.439  1031  1031 I chatty  : uid=1000 system_server expire 33 lines
10-09 15:57:05.931  1972  2203 I ScreenLockClean: protect top task app: [cn.com.autohome.travel]
10-09 15:57:05.980  1972  2203 I CommonAdapter: defaultSmsApplication: com.android.mms
10-09 15:57:05.981  1972  2203 I AppManager: ignore audio by cloud push : com.qihoo.appstore
10-09 15:57:05.981  1972  2203 I AppManager: ignore audio by cloud push : com.qihoo.appstore
10-09 15:57:05.982  1972  2203 I AppManager: clean apps: [com.scanning, com.qihoo.appstore]
10-09 15:57:05.982  1972  2203 I AppManager: iAware protect apps: [com.tencent.mm, com.alibaba.android.rimet, com.android.email, com.cubic.autohome, cn.com.autohome.travel] spend(ms):1
10-09 15:57:05.982  1972  2203 I AppManager: from iaware protect apps remove history high power apps: [com.alibaba.android.rimet, com.tencent.mm, com.huawei.health]
10-09 15:57:05.982  1972  2203 I AppManager: remian iaware protect apps: [com.android.email, com.cubic.autohome, cn.com.autohome.travel]
10-09 15:57:05.982  1972  2203 I ScreenLockClean: Screen Off get Clean Apps Num:2 expend time(ms):63
10-09 15:57:05.982  1972  2203 I ash     : request wakeup pkgs: [com.scanning, com.qihoo.appstore] reason: ScnOffClean
10-09 15:57:06.919  1972  2203 I BlackListAlarmRestrict: [pending] net alarms
10-09 15:57:06.983  1972  2203 I AppManager: Force stop:com.scanning Reason:Screen Off Clean
10-09 15:57:06.988  1031 15723 I chatty  : uid=1000(system) Binder:1031_19 expire 3 lines
10-09 15:57:06.989  1031  1445 I chatty  : uid=1000(system) Binder:1031_3 expire 3 lines
10-09 15:57:06.996  1972  2203 I AppManager: Force stop:com.qihoo.appstore Reason:Screen Off Clean
10-09 15:57:06.999  1031 15724 I chatty  : uid=1000(system) Binder:1031_1A expire 3 lines
10-09 15:57:07.001  1031  8541 I chatty  : uid=1000(system) Binder:1031_12 expire 13 lines
10-09 15:57:07.008  1972  2203 I ScreenLockClean: Screen Off Clean Apps Num:2 expend time(ms):24
10-09 15:57:07.015  1031  2018 I chatty  : uid=1000(system) Binder:1031_8 expire 3 lines
10-09 15:57:07.042  1645  1645 W HwKeyguardDragHelper: AnimationBlocked
10-09 15:57:07.054   485   532 I gralloc : alloc_device_free:586: Free handle(0x792ac6f900)
10-09 15:57:07.070   485   485 I gralloc : alloc_device_free:586: Free handle(0x792ac6fb00)
10-09 15:57:07.070   485   485 I gralloc : alloc_device_free:586: Free handle(0x792ac6fd00)
10-09 15:57:07.071  1031  1951 I chatty  : uid=1000(system) LocationThread expire 1 line
10-09 15:57:07.145   504   504 E Thermal-daemon: [ap] temp_new :35  temp_old :34
10-09 15:57:07.145   504   504 E Thermal-daemon: Report temperature: [ap] temp :35  report_threshold:1
10-09 15:57:08.427  1031  1434 I chatty  : uid=1000(system) AlarmManager expire 2 lines
10-09 15:57:08.433  1645  1645 E KeyguardUpdateMonitor: isSimPinSecure mSimDatas is null or empty 
10-09 15:57:08.460  1645  1645 W StatusBarWindowManager: Apply window without WALLPAPER
10-09 15:57:08.473  1645  1645 W StatusBarWindowManager: Apply window without WALLPAPER
10-09 15:57:08.483  1645  1645 W StatusBarWindowManager: Apply window without WALLPAPER
10-09 15:57:08.488  1645  1645 W HwKeyguardDragHelper: AnimationBlocked
10-09 15:57:08.489  1645  1645 I HwKeyguardBottomArea: HwKeyguardBottom setVisibility with error state
10-09 15:57:08.490  1645  1645 I HwKeyguardBottomArea: HwKeyguardBottom setVisibility with error state
10-09 15:57:08.496  1645  1645 W AppHandler: sendMessage 4
10-09 15:57:08.507  1645  1645 W HwKeyguardPolicy: KGSvcCall updateKeyguardState 1->1; false false
10-09 15:57:08.507  1645  1645 W StatusBarWindowManager: Apply window without WALLPAPER
10-09 15:57:08.509  1645  1645 I PanelBar: panelExpansionChanged 0.0, true
10-09 15:57:08.521  1645  1645 W StatusBarKeyguardViewManager: set navBarVisible 
10-09 15:57:08.537  1645  1645 I KeyguardUpdateMonitor: Ignore update FP: 0 false
10-09 15:57:08.537  1645  1645 W AppHandler: sendSingleMessage 10
10-09 15:57:08.538  1645  1645 W StatusBarKeyguardViewManager: updateStates Show KeyguardStatusBar with clcok: false
10-09 15:57:08.541  1645  1645 E KeyguardUpdateMonitor: isSimPinSecure mSimDatas is null or empty 
10-09 15:57:08.546  1645  1645 E HiddenSpace: update HiddenSpaceData!
10-09 15:57:08.547  1645  1645 I HiddenSpace: don't find the hidden space userId!
10-09 15:57:08.548  1645  1645 W AppHandler: sendImmediateMessage 10
10-09 15:57:08.548  1645  1645 W KgBattery: getCharge info with type: text
10-09 15:57:08.552  1645  1645 W HwLockScreenPanel: Handle message: 10
10-09 15:57:08.552  1645  1645 I HwBackDropView: restore param to 0
10-09 15:57:08.552  1645  1645 W HwBackDropView: setDrawBehindAsSrc skipped. null
10-09 15:57:08.553  1645  1645 I HwBackDropView: checkVisibility : true; true
10-09 15:57:08.555  1645  1645 E KeyguardUpdateMonitor: isSimPinSecure mSimDatas is null or empty 
10-09 15:57:08.557  1645  1645 W AppHandler: sendImmediateMessage 12
10-09 15:57:08.557  1645  1645 W HwLockScreenPanel: Handle message: 12
10-09 15:57:08.598   485   532 I gralloc : alloc_device_free:586: Free handle(0x792acacc00)
10-09 15:57:08.598   485   532 I gralloc : alloc_device_free:586: Free handle(0x793285c200)
10-09 15:57:08.601   485   532 E BufferQueueProducer: [StatusBar] connect: already connected (cur=1 req=1)
10-09 15:57:08.608  1645  1645 W HwKeyguardDragHelper: AnimationBlocked
10-09 15:57:08.609  1645  1645 W PanelView: set notification panel padding = 2552
10-09 15:57:08.616  1645  1645 W PanelView: set notification panel padding = 2552
10-09 15:57:08.616  1645  1645 W StatusBarWindowManager: Apply window without WALLPAPER
10-09 15:57:08.616  1645  1725 I SendBroadcastPermission: action:com.android.systemui.statusbar.visible.change, mPermissionType:0
10-09 15:57:08.620  1645  1645 I SendBroadcastPermission: action:com.android.keyguard.keyguardlocked, mPermissionType:0
10-09 15:57:08.623  1645  1645 W HwLockScreenPanel: Handle message: 4
10-09 15:57:08.623  1645  1645 I KeyguardUpdateMonitor: Ignore update FP: 0 false
10-09 15:57:08.642 23599 28966 I HwIntelligent3_IntelligentProvider: Provider.call: getPrefString
10-09 15:57:08.643 23599 28966 I HwIntelligent3_ActionBarPullDownAction: doAction call reset
10-09 15:57:08.643 23599 28966 I HwIntelligent3_WorkCommuteManager: resetCommute
10-09 15:57:08.643 23599 28966 E HwIntelligent3_WorkCommuteManager: no need to reset return
10-09 15:57:08.649  1645  1645 E BokehDrawable: BlurBitmap  draw super 0.0
10-09 15:57:08.681   485  1634 I gralloc : alloc_device_alloc:564: Alloc handle(0x7932994500): interfmt=200000001, stride=1472, size=15310848, usage=0xb00
10-09 15:57:08.698   485  2293 I gralloc : alloc_device_alloc:564: Alloc handle(0x793286b100): interfmt=200000001, stride=1472, size=15310848, usage=0xb00
10-09 15:57:08.706  1645  1645 W KgBattery: getCharge info with type: text
10-09 15:57:08.710  1645  1645 W HwLockScreenPanel: Handle message: 10
10-09 15:57:08.710  1645  1645 I HwBackDropView: restore param to 0
10-09 15:57:08.710  1645  1645 I HwBackDropView: checkVisibility : true; true
10-09 15:57:08.712  1645  1645 E KeyguardUpdateMonitor: isSimPinSecure mSimDatas is null or empty 
10-09 15:57:08.727  1645  1645 W HwKeyguardDragHelper: AnimationBlocked
10-09 15:57:08.728  1645  1645 W PanelView: set notification panel padding = 2552
10-09 15:57:08.913  1972  2203 I CommonAdapter: no net restrict. uid=10014
10-09 15:57:09.035  1645  1746 I WeatherUtils: getCurrentWeatherInfo currentTemperature is :12.0 mWeatherIcon Id is: 12
10-09 15:57:09.039  1031  1665 I chatty  : uid=1000(system) Binder:1031_4 expire 1 line
10-09 15:57:09.051  1645  1746 I WeatherUtils: getCurrentWeatherInfo currentTemperature is :-20000.0 mWeatherIcon Id is: 0
10-09 15:57:09.081  1645  1645 W HwKeyguardDragHelper: AnimationBlocked
10-09 15:57:09.081  1645  1645 W PanelView: set notification panel padding = 2552
10-09 15:57:11.387  1031  1454 I chatty  : uid=1000(system) WifiStateMachin expire 4 lines
10-09 15:57:11.392  1031  1524 I chatty  : uid=1000(system) HuaweiWifiWatch expire 12 lines
10-09 15:57:11.393  1031  1522 I chatty  : uid=1000(system) Thread-13 expire 12 lines
10-09 15:57:11.400  1031  3500 I chatty  : uid=1000(system) MobileQosDetect expire 4 lines
10-09 15:57:11.807   505   548 I Pged-IPgedBinderService: hwpged receiveBastetAction, pid: 8167, action: 1, reserve: 0
10-09 15:57:11.807  1972  1984 I PgedBinderListener: net callback uids list:[-1, 8167]
10-09 15:57:11.808  1972  2203 I ash     : recordCanProxyApps: state: -1, pid: 8167
10-09 15:57:11.811  1031  2002 I chatty  : uid=1000(system) Binder:1031_7 expire 2 lines
10-09 15:57:12.148   504   504 E Thermal-daemon: [charger_ic] temp_new :32  temp_old :33
10-09 15:57:12.149   504   504 E Thermal-daemon: Report temperature: [charger_ic] temp :32  report_threshold:1
10-09 15:57:12.150   504   504 E Thermal-daemon: [ap] temp_new :34  temp_old :35
10-09 15:57:12.150   504   504 E Thermal-daemon: Report temperature: [ap] temp :34  report_threshold:1
10-09 15:57:13.627   518   542 W AwareLog:defragd: delay_us exceeds max timeout: 589997521 us
10-09 15:57:14.610  1645  1645 W KeyguardUpdateMonitor: ACTION_BATTERY_CHANGED AMP: 0; Volt: 0
10-09 15:57:14.614  1645  1645 W KeyguardUpdateMonitor: ChargingSpeed  Wattage: -1 ST: 5000000 --> 7500000
10-09 15:57:14.614  1645  1645 I KgBattery: BatteryInfo updated:  2lPc-1
10-09 15:57:14.614  1645  1645 W AppHandler: sendMessage with obj100
10-09 15:57:14.617 19394 19600 I CloudAlbum[8.0.1.304]: [OperationUtil] cancelNotify
10-09 15:57:14.643  1645  1645 W KgBattery: getCharge info with type: text
10-09 15:57:14.646  1645  1645 W HwLockScreenPanel: Handle message: 100
10-09 15:57:14.646  1645  1645 W HwLockScreenPanel: refreshBatteryInfo: null
10-09 15:57:14.660  1645  1645 W HwKeyguardDragHelper: AnimationBlocked
10-09 15:57:14.660  1645  1645 W PanelView: set notification panel padding = 2552
10-09 15:57:17.153   504   504 E Thermal-daemon: [charger_ic] temp_new :33  temp_old :32
10-09 15:57:17.154   504   504 E Thermal-daemon: Report temperature: [charger_ic] temp :33  report_threshold:1
10-09 15:57:17.465  1031  1031 I chatty  : uid=1000 system_server expire 42 lines
10-09 15:57:19.559  1031  1513 I chatty  : uid=1000(system) WiFiArpStateMac expire 15 lines
10-09 15:57:22.156   504   504 E Thermal-daemon: [charger_ic] temp_new :32  temp_old :33
10-09 15:57:22.157   504   504 E Thermal-daemon: Report temperature: [charger_ic] temp :32  report_threshold:1
10-09 15:57:23.630   518   542 W AwareLog:defragd: delay_us exceeds max timeout: 579994741 us
10-09 15:57:23.897  9959  9959 I SendBroadcastPermission: action:null, mPermissionType:0
10-09 15:57:24.420  1031  1192 I chatty  : uid=1000(system) android.fg expire 1 line
10-09 15:57:27.159   504   504 E Thermal-daemon: [charger_ic] temp_new :33  temp_old :32
10-09 15:57:27.160   504   504 E Thermal-daemon: Report temperature: [charger_ic] temp :33  report_threshold:1
10-09 15:57:27.161   504   504 E Thermal-daemon: [ap] temp_new :33  temp_old :34
10-09 15:57:27.161   504   504 E Thermal-daemon: Report temperature: [ap] temp :33  report_threshold:1
10-09 15:57:27.412  1031  1524 I chatty  : uid=1000(system) HuaweiWifiWatch expire 12 lines
10-09 15:57:32.164   504   504 E Thermal-daemon: [charger_ic] temp_new :32  temp_old :33
10-09 15:57:32.164   504   504 E Thermal-daemon: Report temperature: [charger_ic] temp :32  report_threshold:1
10-09 15:57:33.498  1031  1031 I chatty  : uid=1000 system_server expire 23 lines
10-09 15:57:33.632   518   542 W AwareLog:defragd: delay_us exceeds max timeout: 569992018 us
10-09 15:57:35.420  1031  1522 I chatty  : uid=1000(system) Thread-13 expire 4 lines
10-09 15:57:35.552  1031  1513 I chatty  : uid=1000(system) WiFiArpStateMac expire 18 lines
10-09 15:57:41.515  1031  1031 I chatty  : uid=1000 system_server expire 34 lines
10-09 15:57:43.424  1031  1454 I chatty  : uid=1000(system) WifiStateMachin expire 7 lines
10-09 15:57:43.430  1031  1524 I chatty  : uid=1000(system) HuaweiWifiWatch expire 12 lines
10-09 15:57:43.430  1031  1522 I chatty  : uid=1000(system) Thread-13 expire 12 lines
10-09 15:57:43.439  1031  3500 I chatty  : uid=1000(system) MobileQosDetect expire 5 lines
10-09 15:57:43.633   518   542 W AwareLog:defragd: delay_us exceeds max timeout: 559991377 us
10-09 15:57:44.022  1645  1645 W KeyguardUpdateMonitor: ACTION_BATTERY_CHANGED AMP: 0; Volt: 0
10-09 15:57:44.027  1645  1645 W KeyguardUpdateMonitor: ChargingSpeed  Wattage: -1 ST: 5000000 --> 7500000
10-09 15:57:44.027  1645  1645 I KgBattery: BatteryInfo updated:  2lPc-1
10-09 15:57:44.027  1645  1645 W AppHandler: sendMessage with obj100
10-09 15:57:44.029 19394 19600 I CloudAlbum[8.0.1.304]: [OperationUtil] cancelNotify
10-09 15:57:44.043  1645  1645 W KgBattery: getCharge info with type: text
10-09 15:57:44.047  1645  1645 W HwLockScreenPanel: Handle message: 100
10-09 15:57:44.047  1645  1645 W HwLockScreenPanel: refreshBatteryInfo: null
10-09 15:57:44.065  1645  1645 W HwKeyguardDragHelper: AnimationBlocked
10-09 15:57:44.066  1645  1645 W PanelView: set notification panel padding = 2552
10-09 15:57:53.390  1031  1192 I chatty  : uid=1000(system) android.fg expire 5 lines
10-09 15:57:53.634   518   542 W AwareLog:defragd: delay_us exceeds max timeout: 549990713 us
10-09 15:57:55.543  1031  1031 I chatty  : uid=1000 system_server expire 32 lines
10-09 15:57:55.649  1031  1513 I chatty  : uid=1000(system) WiFiArpStateMac expire 13 lines
10-09 15:58:03.482  2452  2452 I iMonitor: create: 903001011
10-09 15:58:03.490  2452  2452 I iMonitor: send: 903001011
10-09 15:58:03.490   521   899 I logserver: handle_exception_events enter
10-09 15:58:03.491  2452  2452 W PTM.PeriodCheckManager: mSendService start
10-09 15:58:03.507  2452  2773 E LogCollectService: illegal eventid
10-09 15:58:03.636   518   542 W AwareLog:defragd: delay_us exceeds max timeout: 539988310 us
10-09 15:58:07.461  1031  1524 I chatty  : uid=1000(system) HuaweiWifiWatch expire 10 lines
10-09 15:58:09.009  1882  1882 I wpa_supp: wlan0: WNM: Preferred List Available
10-09 15:58:09.014  1031  1949 I chatty  : uid=1000(system) WifiMonitor expire 1 line
10-09 15:58:09.159  1031  1462 I chatty  : uid=1000(system) WifiScanningSer expire 1 line
10-09 15:58:09.559  1031  1031 I chatty  : uid=1000 system_server expire 31 lines
10-09 15:58:11.673  1031  1513 I chatty  : uid=1000(system) WiFiArpStateMac expire 13 lines
10-09 15:58:12.203   504   504 E Thermal-daemon: [pa_0] temp_new :31  temp_old :32
10-09 15:58:12.203   504   504 E Thermal-daemon: Report temperature: [pa_0] temp :31  report_threshold:1
10-09 15:58:13.639   518   542 W AwareLog:defragd: delay_us exceeds max timeout: 529985714 us
10-09 15:58:14.778  1645  1645 W KeyguardUpdateMonitor: ACTION_BATTERY_CHANGED AMP: 0; Volt: 0
10-09 15:58:14.785  1645  1645 W KeyguardUpdateMonitor: ChargingSpeed  Wattage: -1 ST: 5000000 --> 7500000
10-09 15:58:14.785  1645  1645 I KgBattery: BatteryInfo updated:  2lPc-1
10-09 15:58:14.785  1645  1645 W AppHandler: sendMessage with obj100
10-09 15:58:14.787 19394 19600 I CloudAlbum[8.0.1.304]: [OperationUtil] cancelNotify
10-09 15:58:14.807  1645  1645 W KgBattery: getCharge info with type: text
10-09 15:58:14.810  1645  1645 W HwLockScreenPanel: Handle message: 100
10-09 15:58:14.810  1645  1645 W HwLockScreenPanel: refreshBatteryInfo: null
10-09 15:58:14.829  1645  1645 W HwKeyguardDragHelper: AnimationBlocked
10-09 15:58:14.829  1645  1645 W PanelView: set notification panel padding = 2552
10-09 15:58:15.473  1031  1522 I chatty  : uid=1000(system) Thread-13 expire 12 lines
10-09 15:58:17.207   504   504 E Thermal-daemon: [pa_0] temp_new :32  temp_old :31
10-09 15:58:17.207   504   504 E Thermal-daemon: Report temperature: [pa_0] temp :32  report_threshold:1
10-09 15:58:17.209   504   504 E Thermal-daemon: [ap] temp_new :32  temp_old :33
10-09 15:58:17.209   504   504 E Thermal-daemon: Report temperature: [ap] temp :32  report_threshold:1
10-09 15:58:22.211   504   504 E Thermal-daemon: [pa_0] temp_new :31  temp_old :32
10-09 15:58:22.211   504   504 E Thermal-daemon: Report temperature: [pa_0] temp :31  report_threshold:1
10-09 15:58:22.596  1031  1031 I chatty  : uid=1000 system_server expire 26 lines
10-09 15:58:23.484  1031  1524 I chatty  : uid=1000(system) HuaweiWifiWatch expire 8 lines
10-09 15:58:23.641   518   542 W AwareLog:defragd: delay_us exceeds max timeout: 519983094 us
10-09 15:58:26.718  1031  1513 I chatty  : uid=1000(system) WiFiArpStateMac expire 13 lines
10-09 15:58:33.611  1031  1031 I chatty  : uid=1000 system_server expire 16 lines
10-09 15:58:33.644   518   542 W AwareLog:defragd: delay_us exceeds max timeout: 509980469 us
10-09 15:58:39.497  1031  1454 I chatty  : uid=1000(system) WifiStateMachin expire 7 lines
10-09 15:58:39.505  1031  1524 I chatty  : uid=1000(system) HuaweiWifiWatch expire 10 lines
10-09 15:58:39.505  1031  1522 I chatty  : uid=1000(system) Thread-13 expire 10 lines
10-09 15:58:39.513  1031  3500 I chatty  : uid=1000(system) MobileQosDetect expire 5 lines
10-09 15:58:39.733  1882  1882 I wpa_supp: wlan0: WNM: Preferred List Available
10-09 15:58:39.736  1031  1949 I chatty  : uid=1000(system) WifiMonitor expire 1 line
10-09 15:58:39.887  1031  1462 I chatty  : uid=1000(system) WifiScanningSer expire 1 line
10-09 15:58:41.018 23224 23244 I CrashReport: [UploadManager] Create and start a new thread to execute a upload task: BUGLY_ASYNC_UPLOAD
10-09 15:58:41.046  1031  1192 I chatty  : uid=1000(system) android.fg expire 2 lines
10-09 15:58:41.124 23224 28975 I CrashReport: [Upload] Success: userinfo
10-09 15:58:42.747  1031  1513 I chatty  : uid=1000(system) WiFiArpStateMac expire 15 lines
10-09 15:58:43.647   518   542 W AwareLog:defragd: delay_us exceeds max timeout: 499977846 us
10-09 15:58:44.021  1645  1645 W KeyguardUpdateMonitor: ACTION_BATTERY_CHANGED AMP: 0; Volt: 0
10-09 15:58:44.029  1645  1645 W KeyguardUpdateMonitor: ChargingSpeed  Wattage: -1 ST: 5000000 --> 7500000
10-09 15:58:44.029  1645  1645 I KgBattery: BatteryInfo updated:  2lPc-1
10-09 15:58:44.029  1645  1645 W AppHandler: sendMessage with obj100
10-09 15:58:44.030 19394 19600 I CloudAlbum[8.0.1.304]: [OperationUtil] cancelNotify
10-09 15:58:44.045  1645  1645 W KgBattery: getCharge info with type: text
10-09 15:58:44.049  1645  1645 W HwLockScreenPanel: Handle message: 100
10-09 15:58:44.049  1645  1645 W HwLockScreenPanel: refreshBatteryInfo: null
10-09 15:58:44.067  1645  1645 W HwKeyguardDragHelper: AnimationBlocked
10-09 15:58:44.068  1645  1645 W PanelView: set notification panel padding = 2552
10-09 15:58:44.859  1645  1645 W KeyguardUpdateMonitor: ACTION_BATTERY_CHANGED AMP: 0; Volt: 0
10-09 15:58:44.862 19394 19600 I CloudAlbum[8.0.1.304]: [OperationUtil] cancelNotify
10-09 15:58:44.883  1645  1645 W KeyguardUpdateMonitor: ChargingSpeed  Wattage: -1 ST: 5000000 --> 7500000
10-09 15:58:44.883  1645  1645 I KgBattery: BatteryInfo updated:  2lPc-1
10-09 15:58:44.883  1645  1645 W AppHandler: sendMessage with obj100
10-09 15:58:44.884  1645  1645 W KgBattery: getCharge info with type: text
10-09 15:58:44.887  1645  1645 W HwLockScreenPanel: Handle message: 100
10-09 15:58:44.887  1645  1645 W HwLockScreenPanel: refreshBatteryInfo: null
10-09 15:58:44.906  1645  1645 W HwKeyguardDragHelper: AnimationBlocked
