W/BroadcastQueueInjector( 1377): Unable to launch app com.alibaba.android.rimet/10158 for broadcast Intent { act=android.intent.action.ACTION_POWER_DISCONNECTED flg=0x4000010 }: process is not permitted to autostart
I/PowerUI ( 3233): showing low battery warning: level=3 [-2]
I/StorageNotification( 3233): UMS connection changed to false (media state mounted)
W/ContextImpl( 3214): Calling a method in the system process without a qualified user: android.app.ContextImpl.startService:1705 android.content.ContextWrapper.startService:516 android.content.ContextWrapper.startService:516 com.android.settings.AnalyticsReceiver.onReceive:24 android.app.ActivityThread.handleReceiver:2616 
W/InputMethodManagerService( 1377): Window already focused, ignoring focus gain of: com.android.internal.view.IInputMethodClient$Stub$Proxy@31a849a2 attribute=null, token = android.os.BinderProxy@1f439a37
W/ContextImpl( 1377): Calling a method in the system process without a qualified user: android.app.ContextImpl.sendBroadcast:1340 com.android.internal.policy.impl.BaseMiuiPhoneWindowManager$14.run:1732 android.os.Handler.handleCallback:739 android.os.Handler.dispatchMessage:95 android.os.Looper.loop:135 
W/ContextImpl( 1377): Calling a method in the system process without a qualified user: android.app.ContextImpl.sendBroadcast:1340 com.android.internal.policy.impl.PhoneWindowManager.interceptKeyBeforeQueueing:5297 com.android.internal.policy.impl.MiuiPhoneWindowManager.callSuperInterceptKeyBeforeQueueing:77 com.android.internal.policy.impl.BaseMiuiPhoneWindowManager.interceptKeyBeforeQueueingInternal:932 com.android.internal.policy.impl.MiuiPhoneWindowManager.interceptKeyBeforeQueueing:63 
W/ContextImpl( 1377): Calling a method in the system process without a qualified user: android.app.ContextImpl.sendBroadcast:1340 com.android.internal.policy.impl.BaseMiuiPhoneWindowManager$14.run:1732 android.os.Handler.handleCallback:739 android.os.Handler.dispatchMessage:95 android.os.Looper.loop:135 
I/PowerManagerService( 1377): Going to sleep due to power button (uid 1000)...
I/DisplayManagerService( 1377): Display device changed: DisplayDeviceInfo{"": uniqueId="local:0", 1080 x 1920, 60.0 fps, supportedRefreshRates [60.0], density 480, 391.885 x 381.0 dpi, appVsyncOff 0, presDeadline 17666667, touch INTERNAL, rotation 0, type BUILT_IN, state OFF, FLAG_DEFAULT_DISPLAY, FLAG_ROTATES_WITH_CONTENT, FLAG_SECURE, FLAG_SUPPORTS_PROTECTED_BUFFERS}
V/ActivityManager( 1377): Display changed displayId=0
W/DreamManagerService( 1377): Dream ComponentInfo{com.android.systemui/com.android.systemui.doze.DozeService} does not exist
I/PowerManagerService( 1377): Sleeping (uid 1000)...
V/NotificationListeners( 1377): disabling notification listener for user 0: ComponentInfo{com.qihoo.appstore/com.qihoo.appstore.AppStoreNotificationListenerService}
V/NotificationListeners( 1377): enabling notification listener for user 0: ComponentInfo{com.qihoo.appstore/com.qihoo.appstore.AppStoreNotificationListenerService}
W/ContextImpl( 3233): Calling a method in the system process without a qualified user: android.app.ContextImpl.bindService:1769 android.content.ContextWrapper.bindService:539 android.content.ContextWrapper.bindService:539 miui.maml.elements.MusicController.registerListener:72 miui.maml.elements.MusicControlScreenElement.init:687 
V/NotificationListeners( 1377): enabling notification listener for user 0: ComponentInfo{com.android.keyguard/miui.maml.elements.MusicListenerService}
I/ActivityManager( 1377): Start proc 13273:com.xiaomi.account/u0a91 for service com.xiaomi.account/com.xiaomi.passport.accountmanager.MiAuthenticatorService
W/ContextImpl( 1377): Calling a method in the system process without a qualified user: android.app.ContextImpl.sendBroadcast:1340 com.android.internal.policy.impl.PhoneWindowManager.interceptKeyBeforeQueueing:5297 com.android.internal.policy.impl.MiuiPhoneWindowManager.callSuperInterceptKeyBeforeQueueing:77 com.android.internal.policy.impl.BaseMiuiPhoneWindowManager.interceptKeyBeforeQueueingInternal:932 com.android.internal.policy.impl.MiuiPhoneWindowManager.interceptKeyBeforeQueueing:63 
I/PowerManagerService( 1377): Waking up from sleep (uid 1000)...
I/DisplayPowerController( 1377): Blocking screen on until initial contents have been drawn.
I/DisplayManagerService( 1377): Display device changed: DisplayDeviceInfo{"": uniqueId="local:0", 1080 x 1920, 60.0 fps, supportedRefreshRates [60.0], density 480, 391.885 x 381.0 dpi, appVsyncOff 0, presDeadline 17666667, touch INTERNAL, rotation 0, type BUILT_IN, state ON, FLAG_DEFAULT_DISPLAY, FLAG_ROTATES_WITH_CONTENT, FLAG_SECURE, FLAG_SUPPORTS_PROTECTED_BUFFERS}
V/ActivityManager( 1377): Display changed displayId=0
D/WifiService( 1377): New client listening to asynchronous messages
W/ContextImpl( 3233): Calling a method in the system process without a qualified user: android.app.ContextImpl.bindService:1769 android.content.ContextWrapper.bindService:539 com.xiaomi.mistatistic.sdk.controller.LocalEventRecorder.a:96 com.xiaomi.mistatistic.sdk.controller.LocalEventRecorder.b:71 com.xiaomi.mistatistic.sdk.controller.LocalEventRecorder.a:25 
W/ContextImpl( 1377): Calling a method in the system process without a qualified user: android.app.ContextImpl.sendBroadcast:1340 com.android.internal.policy.impl.BaseMiuiPhoneWindowManager$14.run:1732 android.os.Handler.handleCallback:739 android.os.Handler.dispatchMessage:95 android.os.Looper.loop:135 
I/DisplayPowerController( 1377): Unblocked screen on after 454 ms
V/LocationPolicy( 1377): Screen state changed
V/LocationPolicy( 1377): Screen state changed
W/ContextImpl( 1377): Calling a method in the system process without a qualified user: android.app.ContextImpl.sendBroadcast:1340 com.android.internal.policy.impl.PhoneWindowManager.interceptKeyBeforeQueueing:5297 com.android.internal.policy.impl.MiuiPhoneWindowManager.callSuperInterceptKeyBeforeQueueing:77 com.android.internal.policy.impl.BaseMiuiPhoneWindowManager.interceptKeyBeforeQueueingInternal:932 com.android.internal.policy.impl.MiuiPhoneWindowManager.interceptKeyBeforeQueueing:63 
W/ContextImpl( 1377): Calling a method in the system process without a qualified user: android.app.ContextImpl.sendBroadcast:1340 com.android.internal.policy.impl.BaseMiuiPhoneWindowManager$14.run:1732 android.os.Handler.handleCallback:739 android.os.Handler.dispatchMessage:95 android.os.Looper.loop:135 
I/PowerManagerService( 1377): Going to sleep due to power button (uid 1000)...
I/DisplayManagerService( 1377): Display device changed: DisplayDeviceInfo{"": uniqueId="local:0", 1080 x 1920, 60.0 fps, supportedRefreshRates [60.0], density 480, 391.885 x 381.0 dpi, appVsyncOff 0, presDeadline 17666667, touch INTERNAL, rotation 0, type BUILT_IN, state OFF, FLAG_DEFAULT_DISPLAY, FLAG_ROTATES_WITH_CONTENT, FLAG_SECURE, FLAG_SUPPORTS_PROTECTED_BUFFERS}
V/ActivityManager( 1377): Display changed displayId=0
W/DreamManagerService( 1377): Dream ComponentInfo{com.android.systemui/com.android.systemui.doze.DozeService} does not exist
I/PowerManagerService( 1377): Sleeping (uid 1000)...
V/LocationPolicy( 1377): Screen state changed
E/NetlinkEvent(  424): NetlinkEvent::FindParam(): Parameter 'ALERT_NAME' not found
E/NetlinkEvent(  424): NetlinkEvent::FindParam(): Parameter 'ALERT_NAME' not found
E/NetlinkEvent(  439): NetlinkEvent::FindParam(): Parameter 'ALERT_NAME' not found
E/NetlinkEvent(  439): NetlinkEvent::FindParam(): Parameter 'ALERT_NAME' not found
E/NetlinkEvent(  439): NetlinkEvent::FindParam(): Parameter 'ALERT_NAME' not found
E/NetlinkEvent(  439): NetlinkEvent::FindParam(): Parameter 'ALERT_NAME' not found
E/NetlinkEvent(  424): NetlinkEvent::FindParam(): Parameter 'ALERT_NAME' not found
E/NetlinkEvent(  424): NetlinkEvent::FindParam(): Parameter 'ALERT_NAME' not found
E/NetlinkEvent(  424): NetlinkEvent::FindParam(): Parameter 'ALERT_NAME' not found
E/NetlinkEvent(  439): NetlinkEvent::FindParam(): Parameter 'ALERT_NAME' not found
E/NetlinkEvent(  424): NetlinkEvent::FindParam(): Parameter 'ALERT_NAME' not found
E/NetlinkEvent(  439): NetlinkEvent::FindParam(): Parameter 'ALERT_NAME' not found
E/NetlinkEvent(  424): NetlinkEvent::FindParam(): Parameter 'ALERT_NAME' not found
E/NetlinkEvent(  439): NetlinkEvent::FindParam(): Parameter 'ALERT_NAME' not found
E/NetlinkEvent(  424): NetlinkEvent::FindParam(): Parameter 'ALERT_NAME' not found
E/NetlinkEvent(  439): NetlinkEvent::FindParam(): Parameter 'ALERT_NAME' not found
D/NetworkManagementService( 1377): hardware tether stats:NetworkStats: elapsedRealtime=1871492
D/NetworkManagementService( 1377): getNetworkStatsSummaryXt:NetworkStats: elapsedRealtime=1871493
D/NetworkManagementService( 1377):   [0] iface=wlan0 uid=-1 set=ALL tag=0x0 rxBytes=24444801 rxPackets=19400 txBytes=1151302 txPackets=12322 operations=0
D/NetworkManagementService( 1377):   [1] iface=usbnet0 uid=-1 set=ALL tag=0x0 rxBytes=0 rxPackets=0 txBytes=0 txPackets=0 operations=0
D/NetworkManagementService( 1377):   [2] iface=lo uid=-1 set=ALL tag=0x0 rxBytes=1752 rxPackets=31 txBytes=1752 txPackets=31 operations=0
D/NetworkManagementService( 1377): hardware tether stats:NetworkStats: elapsedRealtime=1871494
D/NetworkManagementService( 1377): getNetworkStatsSummaryDev:NetworkStats: elapsedRealtime=1871495
D/NetworkManagementService( 1377):   [0] iface=wlan0 uid=-1 set=ALL tag=0x0 rxBytes=24445797 rxPackets=19429 txBytes=1325841 txPackets=12352 operations=0
D/NetworkManagementService( 1377):   [1] iface=usbnet0 uid=-1 set=ALL tag=0x0 rxBytes=0 rxPackets=0 txBytes=0 txPackets=0 operations=0
D/NetworkManagementService( 1377):   [2] iface=lo uid=-1 set=ALL tag=0x0 rxBytes=1752 rxPackets=31 txBytes=1752 txPackets=31 operations=0
W/ActivityThread( 1377): ClassLoader.getResources: The class loader returned by Thread.getContextClassLoader() may fail for processes that host multiple applications. You should explicitly specify a context class loader. For example: Thread.setContextClassLoader(getClass().getClassLoader());
W/ContextImpl( 4670): Calling a method in the system process without a qualified user: android.app.ContextImpl.sendBroadcast:1340 android.content.ContextWrapper.sendBroadcast:377 com.miui.networkassistant.service.tm.TrafficManageService.broadCastDataUsageUpdated:-1 com.miui.networkassistant.service.tm.TrafficManageService$8.onReceive:-1 android.app.LoadedApk$ReceiverDispatcher$Args.run:868 
W/ContextImpl( 3842): Calling a method in the system process without a qualified user: android.app.ContextImpl.sendBroadcast:1340 android.content.ContextWrapper.sendBroadcast:377 com.miui.whetstone.cloudManager.CloudControlJobService$NetworkRequestAsyncTask.doInBackground:-1 com.miui.whetstone.cloudManager.CloudControlJobService$NetworkRequestAsyncTask.doInBackground:-1 android.os.AsyncTask$2.call:292 
W/ActivityManager( 1377): Unable to start service Intent { act=service_action_LOOPER_VALUE pkg=com.qihoo.gameassist } U=0: not found
E/NetlinkEvent(  424): NetlinkEvent::FindParam(): Parameter 'ALERT_NAME' not found
E/NetlinkEvent(  439): NetlinkEvent::FindParam(): Parameter 'ALERT_NAME' not found
E/NetlinkEvent(  424): NetlinkEvent::FindParam(): Parameter 'ALERT_NAME' not found
E/NetlinkEvent(  439): NetlinkEvent::FindParam(): Parameter 'ALERT_NAME' not found
E/NetlinkEvent(  439): NetlinkEvent::FindParam(): Parameter 'ALERT_NAME' not found
E/NetlinkEvent(  439): NetlinkEvent::FindParam(): Parameter 'ALERT_NAME' not found
E/NetlinkEvent(  439): NetlinkEvent::FindParam(): Parameter 'ALERT_NAME' not found
E/NetlinkEvent(  439): NetlinkEvent::FindParam(): Parameter 'ALERT_NAME' not found
E/NetlinkEvent(  424): NetlinkEvent::FindParam(): Parameter 'ALERT_NAME' not found
E/NetlinkEvent(  424): NetlinkEvent::FindParam(): Parameter 'ALERT_NAME' not found
E/NetlinkEvent(  424): NetlinkEvent::FindParam(): Parameter 'ALERT_NAME' not found
E/NetlinkEvent(  424): NetlinkEvent::FindParam(): Parameter 'ALERT_NAME' not found
W/ContextImpl( 1377): Calling a method in the system process without a qualified user: android.app.ContextImpl.sendBroadcast:1340 com.android.internal.policy.impl.PhoneWindowManager.interceptKeyBeforeQueueing:5297 com.android.internal.policy.impl.MiuiPhoneWindowManager.callSuperInterceptKeyBeforeQueueing:77 com.android.internal.policy.impl.BaseMiuiPhoneWindowManager.interceptKeyBeforeQueueingInternal:932 com.android.internal.policy.impl.MiuiPhoneWindowManager.interceptKeyBeforeQueueing:63 
I/EntropyMixer( 1377): Writing entropy...
I/PowerManagerService( 1377): Waking up from sleep (uid 1000)...
I/DisplayPowerController( 1377): Blocking screen on until initial contents have been drawn.
W/ContextImpl( 1377): Calling a method in the system process without a qualified user: android.app.ContextImpl.sendBroadcast:1340 com.android.internal.policy.impl.BaseMiuiPhoneWindowManager$14.run:1732 android.os.Handler.handleCallback:739 android.os.Handler.dispatchMessage:95 android.os.Looper.loop:135 
E/NetlinkEvent(  439): NetlinkEvent::FindParam(): Parameter 'ALERT_NAME' not found
E/NetlinkEvent(  424): NetlinkEvent::FindParam(): Parameter 'ALERT_NAME' not found
I/DisplayManagerService( 1377): Display device changed: DisplayDeviceInfo{"": uniqueId="local:0", 1080 x 1920, 60.0 fps, supportedRefreshRates [60.0], density 480, 391.885 x 381.0 dpi, appVsyncOff 0, presDeadline 17666667, touch INTERNAL, rotation 0, type BUILT_IN, state ON, FLAG_DEFAULT_DISPLAY, FLAG_ROTATES_WITH_CONTENT, FLAG_SECURE, FLAG_SUPPORTS_PROTECTED_BUFFERS}
W/BroadcastQueueInjector( 1377): Unable to launch app com.baidu.appsearch/10618 for broadcast Intent { act=android.intent.action.ACTION_POWER_CONNECTED flg=0x4000010 }: process is not permitted to autostart
W/BroadcastQueueInjector( 1377): Unable to launch app com.baidu.travel/10576 for broadcast Intent { act=android.intent.action.ACTION_POWER_CONNECTED flg=0x4000010 }: process is not permitted to autostart
W/BroadcastQueueInjector( 1377): Unable to launch app com.tencent.mtt/10325 for broadcast Intent { act=android.intent.action.ACTION_POWER_CONNECTED flg=0x4000010 }: process is not permitted to autostart
W/BroadcastQueueInjector( 1377): Unable to launch app com.alibaba.android.rimet/10158 for broadcast Intent { act=android.intent.action.ACTION_POWER_CONNECTED flg=0x4000010 }: process is not permitted to autostart
V/ActivityManager( 1377): Display changed displayId=0
V/LocationPolicy( 1377): Screen state changed
W/PowerUI ( 3233): unknown intent: Intent { act=android.intent.action.ACTION_POWER_CONNECTED flg=0x4000010 }
E/NetlinkEvent(  439): NetlinkEvent::FindParam(): Parameter 'ALERT_NAME' not found
E/NetlinkEvent(  424): NetlinkEvent::FindParam(): Parameter 'ALERT_NAME' not found
E/NetlinkEvent(  424): NetlinkEvent::FindParam(): Parameter 'ALERT_NAME' not found
E/NetlinkEvent(  439): NetlinkEvent::FindParam(): Parameter 'ALERT_NAME' not found
E/NetlinkEvent(  439): NetlinkEvent::FindParam(): Parameter 'ALERT_NAME' not found
E/NetlinkEvent(  424): NetlinkEvent::FindParam(): Parameter 'ALERT_NAME' not found
E/NetlinkEvent(  439): NetlinkEvent::FindParam(): Parameter 'ALERT_NAME' not found
E/NetlinkEvent(  439): NetlinkEvent::FindParam(): Parameter 'ALERT_NAME' not found
E/NetlinkEvent(  439): NetlinkEvent::FindParam(): Parameter 'ALERT_NAME' not found
E/NetlinkEvent(  424): NetlinkEvent::FindParam(): Parameter 'ALERT_NAME' not found
E/NetlinkEvent(  424): NetlinkEvent::FindParam(): Parameter 'ALERT_NAME' not found
E/NetlinkEvent(  424): NetlinkEvent::FindParam(): Parameter 'ALERT_NAME' not found
I/ValidateNoPeople( 1377): skipping global notification
I/ValidateNoPeople( 1377): skipping global notification
W/ContextImpl( 3214): Calling a method in the system process without a qualified user: android.app.ContextImpl.startService:1705 android.content.ContextWrapper.startService:516 android.content.ContextWrapper.startService:516 com.android.settings.AnalyticsReceiver.onReceive:24 android.app.ActivityThread.handleReceiver:2616 
I/StorageNotification( 3233): UMS connection changed to false (media state mounted)
E/NetlinkEvent(  439): NetlinkEvent::FindParam(): Parameter 'ALERT_NAME' not found
E/NetlinkEvent(  424): NetlinkEvent::FindParam(): Parameter 'ALERT_NAME' not found
I/DisplayPowerController( 1377): Unblocked screen on after 380 ms
E/NetlinkEvent(  424): NetlinkEvent::FindParam(): Parameter 'ALERT_NAME' not found
E/NetlinkEvent(  424): NetlinkEvent::FindParam(): Parameter 'ALERT_NAME' not found
E/NetlinkEvent(  439): NetlinkEvent::FindParam(): Parameter 'ALERT_NAME' not found
E/NetlinkEvent(  439): NetlinkEvent::FindParam(): Parameter 'ALERT_NAME' not found
W/ContextImpl( 3214): Calling a method in the system process without a qualified user: android.app.ContextImpl.startService:1705 android.content.ContextWrapper.startService:516 android.content.ContextWrapper.startService:516 com.android.settings.AnalyticsReceiver.onReceive:24 android.app.ActivityThread.handleReceiver:2616 
E/NetlinkEvent(  439): NetlinkEvent::FindParam(): Parameter 'ALERT_NAME' not found
E/NetlinkEvent(  424): NetlinkEvent::FindParam(): Parameter 'ALERT_NAME' not found
W/ContextImpl( 3214): Calling a method in the system process without a qualified user: android.app.ContextImpl.startService:1705 android.content.ContextWrapper.startService:516 android.content.ContextWrapper.startService:516 com.android.settings.AnalyticsReceiver.onReceive:24 android.app.ActivityThread.handleReceiver:2616 
I/StorageNotification( 3233): UMS connection changed to false (media state mounted)
I/StorageNotification( 3233): UMS connection changed to false (media state mounted)
I/ActivityManager( 1377): START u0 {flg=0x10000000 cmp=com.qihoo.appstore/.lockscreen.ChargeScreenProxyActivity} from uid 10477 on display 0
V/WindowManager( 1377): addAppToken: AppWindowToken{3bb6b770 token=Token{35e1d5b3 ActivityRecord{26174722 u0 com.qihoo.appstore/.lockscreen.ChargeScreenProxyActivity t1388}}} to stack=1 task=1388 at 0
E/ActivityManager( 1377): Invalid thumbnail dimensions: 0x0
V/NotificationListeners( 1377): disabling notification listener for user 0: ComponentInfo{com.qihoo.appstore/com.qihoo.appstore.AppStoreNotificationListenerService}
V/NotificationListeners( 1377): disabling notification listener for user 0: ComponentInfo{com.android.keyguard/miui.maml.elements.MusicListenerService}
V/NotificationListeners( 1377): enabling notification listener for user 0: ComponentInfo{com.android.keyguard/miui.maml.elements.MusicListenerService}
V/NotificationListeners( 1377): enabling notification listener for user 0: ComponentInfo{com.qihoo.appstore/com.qihoo.appstore.AppStoreNotificationListenerService}
I/ActivityManager( 1377): START u0 {flg=0x10000000 cmp=com.qihoo.appstore/com.morgoo.droidplugin.stub.ActivityStub$P00$SingleInstance00 (has extras)} from uid 10477 on display 0
V/WindowManager( 1377): addAppToken: AppWindowToken{3ca13c07 token=Token{d3dc246 ActivityRecord{1fc18e21 u0 com.qihoo.appstore/com.morgoo.droidplugin.stub.ActivityStub$P00$SingleInstance00 t1389}}} to stack=1 task=1389 at 0
V/WindowManager( 1377): Based on layer: Adding window Window{17a79fb8 u0 Starting com.qihoo.appstore} at 4 of 11
I/ActivityManager( 1377): Start proc 13512:com.qihoo.appstore:PluginP00/u0a477 for activity com.qihoo.appstore/com.morgoo.droidplugin.stub.ActivityStub$P00$SingleInstance00
E/ActivityManager( 1377): Invalid thumbnail dimensions: 0x0
W/ContextImpl( 3233): Calling a method in the system process without a qualified user: android.app.ContextImpl.sendBroadcast:1340 android.content.ContextWrapper.sendBroadcast:377 android.content.ContextWrapper.sendBroadcast:377 com.android.keyguard.MiuiDefaultLockScreen.sendUserPresentBroadcast:948 com.android.keyguard.MiuiDefaultLockScreen.handleMoveUpEvent:940 
W/BroadcastQueueInjector( 1377): Unable to launch app com.baidu.appsearch/10618 for broadcast Intent { act=android.intent.action.USER_PRESENT flg=0x24000010 }: process is not permitted to autostart
W/BroadcastQueueInjector( 1377): Unable to launch app com.baidu.appsearch/10618 for broadcast Intent { act=android.intent.action.USER_PRESENT flg=0x24000010 }: process is not permitted to autostart
W/BroadcastQueueInjector( 1377): Unable to launch app com.UCMobile/10593 for broadcast Intent { act=android.intent.action.USER_PRESENT flg=0x24000010 }: process is not permitted to autostart
W/BroadcastQueueInjector( 1377): Unable to launch app com.baidu.travel/10576 for broadcast Intent { act=android.intent.action.USER_PRESENT flg=0x24000010 }: process is not permitted to autostart
W/BroadcastQueueInjector( 1377): Unable to launch app cn.com.autohome.travel/10100 for broadcast Intent { act=android.intent.action.USER_PRESENT flg=0x24000010 }: process is not permitted to autostart
W/BroadcastQueueInjector( 1377): Unable to launch app com.alibaba.android.rimet/10158 for broadcast Intent { act=android.intent.action.USER_PRESENT flg=0x24000010 }: process is not permitted to autostart
W/ActivityManager( 1377): Activity pause timeout for ActivityRecord{1fc18e21 u0 com.qihoo.appstore/com.morgoo.droidplugin.stub.ActivityStub$P00$SingleInstance00 t1389}
D/WifiService( 1377): New client listening to asynchronous messages
E/ActivityManager( 1377): Invalid thumbnail dimensions: 0x0
W/ActivityManager( 1377): Activity pause timeout for ActivityRecord{1fc18e21 u0 com.qihoo.appstore/com.morgoo.droidplugin.stub.ActivityStub$P00$SingleInstance00 t1389 f}
W/InputMethodManagerService( 1377): Window already focused, ignoring focus gain of: com.android.internal.view.IInputMethodClient$Stub$Proxy@3dfd1963 attribute=android.view.inputmethod.EditorInfo@8122960, token = android.os.BinderProxy@1f439a37
I/ActivityManager( 1377): Killing 10745:com.xiaomi.gamecenter/u0a49 (adj 15): empty #13
D/WifiService( 1377): Client connection lost with reason: 4
D/WifiService( 1377): Client connection lost with reason: 0
V/WindowManager( 1377): Adding window Window{2f98afec u0 com.qihoo360.mobilesafe.chargescreen/com.qihoo360.chargescreen.plugin.ChargeScreenActivity} at 3 of 11 (before Window{264f9ba4 u0 com.miui.home/com.miui.home.launcher.Launcher})
E/ActivityThread(13512): Performing pause of activity that is not resumed: {com.qihoo360.mobilesafe.chargescreen/com.qihoo360.chargescreen.plugin.ChargeScreenActivity}
E/ActivityThread(13512): java.lang.RuntimeException: Performing pause of activity that is not resumed: {com.qihoo360.mobilesafe.chargescreen/com.qihoo360.chargescreen.plugin.ChargeScreenActivity}
E/ActivityThread(13512): 	at android.app.ActivityThread.performPauseActivity(ActivityThread.java:3238)
E/ActivityThread(13512): 	at android.app.ActivityThread.performPauseActivity(ActivityThread.java:3226)
E/ActivityThread(13512): 	at android.app.ActivityThread.handlePauseActivity(ActivityThread.java:3201)
E/ActivityThread(13512): 	at android.app.ActivityThread.access$1000(ActivityThread.java:154)
E/ActivityThread(13512): 	at android.app.ActivityThread$H.handleMessage(ActivityThread.java:1328)
E/ActivityThread(13512): 	at android.os.Handler.dispatchMessage(Handler.java:102)
E/ActivityThread(13512): 	at android.os.Looper.loop(Looper.java:135)
E/ActivityThread(13512): 	at android.app.ActivityThread.main(ActivityThread.java:5276)
E/ActivityThread(13512): 	at java.lang.reflect.Method.invoke(Native Method)
E/ActivityThread(13512): 	at java.lang.reflect.Method.invoke(Method.java:372)
E/ActivityThread(13512): 	at com.android.internal.os.ZygoteInit$MethodAndArgsCaller.run(ZygoteInit.java:908)
E/ActivityThread(13512): 	at com.android.internal.os.ZygoteInit.main(ZygoteInit.java:703)
D/WifiService( 1377): Client connection lost with reason: 4
I/WindowState( 1377): WIN DEATH: Window{2f98afec u0 com.qihoo360.mobilesafe.chargescreen/com.qihoo360.chargescreen.plugin.ChargeScreenActivity}
I/ActivityManager( 1377): Process com.qihoo.appstore:PluginP00 (pid 13512) has died
D/TaskPersister( 1377): removeObsoleteFile: deleting file=1389_activity_icon_1506672457590.png
D/TaskPersister( 1377): removeObsoleteFile: deleting file=1386_activity_icon_1506671442521.png
W/FileUtils(11854): Failed to chmod(/storage/emulated/0/MIUI/lockscreen/.info/images): android.system.ErrnoException: chmod failed: EPERM (Operation not permitted)
E/NetlinkEvent(  439): NetlinkEvent::FindParam(): Parameter 'ALERT_NAME' not found
E/NetlinkEvent(  424): NetlinkEvent::FindParam(): Parameter 'ALERT_NAME' not found
E/NetlinkEvent(  439): NetlinkEvent::FindParam(): Parameter 'ALERT_NAME' not found
E/NetlinkEvent(  424): NetlinkEvent::FindParam(): Parameter 'ALERT_NAME' not found
E/NetlinkEvent(  439): NetlinkEvent::FindParam(): Parameter 'ALERT_NAME' not found
E/NetlinkEvent(  424): NetlinkEvent::FindParam(): Parameter 'ALERT_NAME' not found
E/NetlinkEvent(  424): NetlinkEvent::FindParam(): Parameter 'ALERT_NAME' not found
E/NetlinkEvent(  439): NetlinkEvent::FindParam(): Parameter 'ALERT_NAME' not found
W/FileUtils(11854): Failed to chmod(/storage/emulated/0/MIUI/lockscreen/.info/images/I01032911): android.system.ErrnoException: chmod failed: EPERM (Operation not permitted)
D/NetworkManagementService( 1377): hardware tether stats:NetworkStats: elapsedRealtime=2178593
D/NetworkManagementService( 1377): getNetworkStatsSummaryXt:NetworkStats: elapsedRealtime=2178594
D/NetworkManagementService( 1377):   [0] iface=wlan0 uid=-1 set=ALL tag=0x0 rxBytes=26488531 rxPackets=20855 txBytes=1207394 txPackets=13180 operations=0
D/NetworkManagementService( 1377):   [1] iface=usbnet0 uid=-1 set=ALL tag=0x0 rxBytes=0 rxPackets=0 txBytes=0 txPackets=0 operations=0
D/NetworkManagementService( 1377):   [2] iface=lo uid=-1 set=ALL tag=0x0 rxBytes=1752 rxPackets=31 txBytes=1752 txPackets=31 operations=0
D/NetworkManagementService( 1377): hardware tether stats:NetworkStats: elapsedRealtime=2178595
D/NetworkManagementService( 1377): getNetworkStatsSummaryDev:NetworkStats: elapsedRealtime=2178595
D/NetworkManagementService( 1377):   [0] iface=wlan0 uid=-1 set=ALL tag=0x0 rxBytes=26489527 rxPackets=20884 txBytes=1393945 txPackets=13210 operations=0
D/NetworkManagementService( 1377):   [1] iface=usbnet0 uid=-1 set=ALL tag=0x0 rxBytes=0 rxPackets=0 txBytes=0 txPackets=0 operations=0
D/NetworkManagementService( 1377):   [2] iface=lo uid=-1 set=ALL tag=0x0 rxBytes=1752 rxPackets=31 txBytes=1752 txPackets=31 operations=0
W/ContextImpl( 4670): Calling a method in the system process without a qualified user: android.app.ContextImpl.sendBroadcast:1340 android.content.ContextWrapper.sendBroadcast:377 com.miui.networkassistant.service.tm.TrafficManageService.broadCastDataUsageUpdated:-1 com.miui.networkassistant.service.tm.TrafficManageService$8.onReceive:-1 android.app.LoadedApk$ReceiverDispatcher$Args.run:868 
W/FileUtils(11854): Failed to chmod(/storage/emulated/0/MIUI/lockscreen/.info/images/I01032269): android.system.ErrnoException: chmod failed: EPERM (Operation not permitted)
W/FileUtils(11854): Failed to chmod(/storage/emulated/0/MIUI/lockscreen/.info/images/I00001163): android.system.ErrnoException: chmod failed: EPERM (Operation not permitted)
W/FileUtils(11854): Failed to chmod(/storage/emulated/0/MIUI/lockscreen/.info/images/I01030558): android.system.ErrnoException: chmod failed: EPERM (Operation not permitted)
W/FileUtils(11854): Failed to chmod(/storage/emulated/0/MIUI/lockscreen/.info/images/I01031028): android.system.ErrnoException: chmod failed: EPERM (Operation not permitted)
W/FileUtils(11854): Failed to chmod(/storage/emulated/0/MIUI/lockscreen/.info/images/I01032759): android.system.ErrnoException: chmod failed: EPERM (Operation not permitted)
W/FileUtils(11854): Failed to chmod(/storage/emulated/0/MIUI/lockscreen/.info/images/I01032755): android.system.ErrnoException: chmod failed: EPERM (Operation not permitted)
D/NetworkManagementService( 1377): hardware tether stats:NetworkStats: elapsedRealtime=2180140
D/NetworkManagementService( 1377): getNetworkStatsSummaryXt:NetworkStats: elapsedRealtime=2180141
D/NetworkManagementService( 1377):   [0] iface=wlan0 uid=-1 set=ALL tag=0x0 rxBytes=28590500 rxPackets=22290 txBytes=1242593 txPackets=13984 operations=0
D/NetworkManagementService( 1377):   [1] iface=usbnet0 uid=-1 set=ALL tag=0x0 rxBytes=0 rxPackets=0 txBytes=0 txPackets=0 operations=0
D/NetworkManagementService( 1377):   [2] iface=lo uid=-1 set=ALL tag=0x0 rxBytes=1752 rxPackets=31 txBytes=1752 txPackets=31 operations=0
D/NetworkManagementService( 1377): hardware tether stats:NetworkStats: elapsedRealtime=2180143
D/NetworkManagementService( 1377): getNetworkStatsSummaryDev:NetworkStats: elapsedRealtime=2180144
D/NetworkManagementService( 1377):   [0] iface=wlan0 uid=-1 set=ALL tag=0x0 rxBytes=28591496 rxPackets=22319 txBytes=1440400 txPackets=14014 operations=0
D/NetworkManagementService( 1377):   [1] iface=usbnet0 uid=-1 set=ALL tag=0x0 rxBytes=0 rxPackets=0 txBytes=0 txPackets=0 operations=0
D/NetworkManagementService( 1377):   [2] iface=lo uid=-1 set=ALL tag=0x0 rxBytes=1752 rxPackets=31 txBytes=1752 txPackets=31 operations=0
W/ContextImpl( 4670): Calling a method in the system process without a qualified user: android.app.ContextImpl.sendBroadcast:1340 android.content.ContextWrapper.sendBroadcast:377 com.miui.networkassistant.service.tm.TrafficManageService.broadCastDataUsageUpdated:-1 com.miui.networkassistant.service.tm.TrafficManageService$8.onReceive:-1 android.app.LoadedApk$ReceiverDispatcher$Args.run:868 
W/FileUtils(11854): Failed to chmod(/storage/emulated/0/MIUI/lockscreen/.info/images/I01031887): android.system.ErrnoException: chmod failed: EPERM (Operation not permitted)
W/FileUtils(11854): Failed to chmod(/storage/emulated/0/MIUI/lockscreen/.info/images/I01033084): android.system.ErrnoException: chmod failed: EPERM (Operation not permitted)
W/FileUtils(11854): Failed to chmod(/storage/emulated/0/MIUI/lockscreen/.info/images/I01037358): android.system.ErrnoException: chmod failed: EPERM (Operation not permitted)
W/FileUtils(11854): Failed to chmod(/storage/emulated/0/MIUI/lockscreen/.info/images/I01034993): android.system.ErrnoException: chmod failed: EPERM (Operation not permitted)
W/FileUtils(11854): Failed to chmod(/storage/emulated/0/MIUI/lockscreen/.info/images/I01032269.va): android.system.ErrnoException: chmod failed: EPERM (Operation not permitted)
I/ProcessStatsService( 1377): Prepared write state in 6ms
I/ProcessStatsService( 1377): Pruning old procstats: /data/system/procstats/state-2017-09-20-09-11-01.bin
I/AutoStartManagerService( 1377): MIUILOG- Reject service :Intent { act=android.content.SyncAdapter cmp=com.alibaba.android.rimet/.syncadapter.SyncService (has extras) } userId : 0 uid : 10158
I/ActivityManager( 1377): START u0 {act=android.intent.action.MAIN cat=[android.intent.category.LAUNCHER] flg=0x10200000 cmp=com.android.contacts/.activities.PeopleActivity bnds=[16,1654][208,1846] (has extras)} from uid 10021 on display 0
E/NetlinkEvent(  439): NetlinkEvent::FindParam(): Parameter 'ALERT_NAME' not found
E/NetlinkEvent(  424): NetlinkEvent::FindParam(): Parameter 'ALERT_NAME' not found
E/NetlinkEvent(  439): NetlinkEvent::FindParam(): Parameter 'ALERT_NAME' not found
E/NetlinkEvent(  424): NetlinkEvent::FindParam(): Parameter 'ALERT_NAME' not found
E/NetlinkEvent(  424): NetlinkEvent::FindParam(): Parameter 'ALERT_NAME' not found
E/NetlinkEvent(  439): NetlinkEvent::FindParam(): Parameter 'ALERT_NAME' not found
E/NetlinkEvent(  424): NetlinkEvent::FindParam(): Parameter 'ALERT_NAME' not found
E/NetlinkEvent(  439): NetlinkEvent::FindParam(): Parameter 'ALERT_NAME' not found
E/NetlinkEvent(  439): NetlinkEvent::FindParam(): Parameter 'ALERT_NAME' not found
E/NetlinkEvent(  439): NetlinkEvent::FindParam(): Parameter 'ALERT_NAME' not found
E/NetlinkEvent(  439): NetlinkEvent::FindParam(): Parameter 'ALERT_NAME' not found
E/NetlinkEvent(  439): NetlinkEvent::FindParam(): Parameter 'ALERT_NAME' not found
E/NetlinkEvent(  439): NetlinkEvent::FindParam(): Parameter 'ALERT_NAME' not found
E/NetlinkEvent(  439): NetlinkEvent::FindParam(): Parameter 'ALERT_NAME' not found
E/NetlinkEvent(  424): NetlinkEvent::FindParam(): Parameter 'ALERT_NAME' not found
E/NetlinkEvent(  424): NetlinkEvent::FindParam(): Parameter 'ALERT_NAME' not found
E/NetlinkEvent(  424): NetlinkEvent::FindParam(): Parameter 'ALERT_NAME' not found
E/NetlinkEvent(  424): NetlinkEvent::FindParam(): Parameter 'ALERT_NAME' not found
E/NetlinkEvent(  424): NetlinkEvent::FindParam(): Parameter 'ALERT_NAME' not found
E/NetlinkEvent(  424): NetlinkEvent::FindParam(): Parameter 'ALERT_NAME' not found
I/PowerUI ( 3233): showing low battery warning: level=4 [-2]
W/BroadcastQueueInjector( 1377): Unable to launch app com.baidu.appsearch/10618 for broadcast Intent { act=android.intent.action.ACTION_POWER_DISCONNECTED flg=0x4000010 }: process is not permitted to autostart
W/BroadcastQueueInjector( 1377): Unable to launch app com.baidu.travel/10576 for broadcast Intent { act=android.intent.action.ACTION_POWER_DISCONNECTED flg=0x4000010 }: process is not permitted to autostart
W/BroadcastQueueInjector( 1377): Unable to launch app com.tencent.mtt/10325 for broadcast Intent { act=android.intent.action.ACTION_POWER_DISCONNECTED flg=0x4000010 }: process is not permitted to autostart
W/BroadcastQueueInjector( 1377): Unable to launch app com.alibaba.android.rimet/10158 for broadcast Intent { act=android.intent.action.ACTION_POWER_DISCONNECTED flg=0x4000010 }: process is not permitted to autostart
I/PowerUI ( 3233): updating low battery warning: level=4 [-2]
E/NetlinkEvent(  439): NetlinkEvent::FindParam(): Parameter 'ALERT_NAME' not found
E/NetlinkEvent(  424): NetlinkEvent::FindParam(): Parameter 'ALERT_NAME' not found
E/NetlinkEvent(  424): NetlinkEvent::FindParam(): Parameter 'ALERT_NAME' not found
E/NetlinkEvent(  439): NetlinkEvent::FindParam(): Parameter 'ALERT_NAME' not found
W/ContextImpl( 3214): Calling a method in the system process without a qualified user: android.app.ContextImpl.startService:1705 android.content.ContextWrapper.startService:516 android.content.ContextWrapper.startService:516 com.android.settings.AnalyticsReceiver.onReceive:24 android.app.ActivityThread.handleReceiver:2616 
I/StorageNotification( 3233): UMS connection changed to false (media state mounted)
E/NetlinkEvent(  439): NetlinkEvent::FindParam(): Parameter 'ALERT_NAME' not found
E/NetlinkEvent(  424): NetlinkEvent::FindParam(): Parameter 'ALERT_NAME' not found
E/NetlinkEvent(  439): NetlinkEvent::FindParam(): Parameter 'ALERT_NAME' not found
E/NetlinkEvent(  424): NetlinkEvent::FindParam(): Parameter 'ALERT_NAME' not found
E/NetlinkEvent(  439): NetlinkEvent::FindParam(): Parameter 'ALERT_NAME' not found
E/NetlinkEvent(  424): NetlinkEvent::FindParam(): Parameter 'ALERT_NAME' not found
E/NetlinkEvent(  439): NetlinkEvent::FindParam(): Parameter 'ALERT_NAME' not found
E/NetlinkEvent(  424): NetlinkEvent::FindParam(): Parameter 'ALERT_NAME' not found
I/PowerUI ( 3233): closing low battery warning: level=4
I/EntropyMixer( 1377): Writing entropy...
W/InputMethodManagerService( 1377): Window already focused, ignoring focus gain of: com.android.internal.view.IInputMethodClient$Stub$Proxy@16972e76 attribute=null, token = android.os.BinderProxy@3c4ca317
W/BroadcastQueueInjector( 1377): Unable to launch app com.baidu.appsearch/10618 for broadcast Intent { act=android.intent.action.ACTION_POWER_CONNECTED flg=0x4000010 }: process is not permitted to autostart
W/BroadcastQueueInjector( 1377): Unable to launch app com.baidu.travel/10576 for broadcast Intent { act=android.intent.action.ACTION_POWER_CONNECTED flg=0x4000010 }: process is not permitted to autostart
W/BroadcastQueueInjector( 1377): Unable to launch app com.tencent.mtt/10325 for broadcast Intent { act=android.intent.action.ACTION_POWER_CONNECTED flg=0x4000010 }: process is not permitted to autostart
W/BroadcastQueueInjector( 1377): Unable to launch app com.alibaba.android.rimet/10158 for broadcast Intent { act=android.intent.action.ACTION_POWER_CONNECTED flg=0x4000010 }: process is not permitted to autostart
W/PowerUI ( 3233): unknown intent: Intent { act=android.intent.action.ACTION_POWER_CONNECTED flg=0x4000010 }
E/NetlinkEvent(  439): NetlinkEvent::FindParam(): Parameter 'ALERT_NAME' not found
E/NetlinkEvent(  424): NetlinkEvent::FindParam(): Parameter 'ALERT_NAME' not found
I/PowerUI ( 3233): closing low battery warning: level=4
E/NetlinkEvent(  424): NetlinkEvent::FindParam(): Parameter 'ALERT_NAME' not found
E/NetlinkEvent(  439): NetlinkEvent::FindParam(): Parameter 'ALERT_NAME' not found
E/NetlinkEvent(  439): NetlinkEvent::FindParam(): Parameter 'ALERT_NAME' not found
E/NetlinkEvent(  424): NetlinkEvent::FindParam(): Parameter 'ALERT_NAME' not found
E/NetlinkEvent(  439): NetlinkEvent::FindParam(): Parameter 'ALERT_NAME' not found
E/NetlinkEvent(  424): NetlinkEvent::FindParam(): Parameter 'ALERT_NAME' not found
I/ValidateNoPeople( 1377): skipping global notification
E/NetlinkEvent(  424): NetlinkEvent::FindParam(): Parameter 'ALERT_NAME' not found
E/NetlinkEvent(  424): NetlinkEvent::FindParam(): Parameter 'ALERT_NAME' not found
E/NetlinkEvent(  439): NetlinkEvent::FindParam(): Parameter 'ALERT_NAME' not found
E/NetlinkEvent(  439): NetlinkEvent::FindParam(): Parameter 'ALERT_NAME' not found
E/NetlinkEvent(  439): NetlinkEvent::FindParam(): Parameter 'ALERT_NAME' not found
E/NetlinkEvent(  424): NetlinkEvent::FindParam(): Parameter 'ALERT_NAME' not found
I/StorageNotification( 3233): UMS connection changed to false (media state mounted)
W/ContextImpl( 3214): Calling a method in the system process without a qualified user: android.app.ContextImpl.startService:1705 android.content.ContextWrapper.startService:516 android.content.ContextWrapper.startService:516 com.android.settings.AnalyticsReceiver.onReceive:24 android.app.ActivityThread.handleReceiver:2616 
I/ValidateNoPeople( 1377): skipping global notification
E/NetlinkEvent(  439): NetlinkEvent::FindParam(): Parameter 'ALERT_NAME' not found
E/NetlinkEvent(  424): NetlinkEvent::FindParam(): Parameter 'ALERT_NAME' not found
W/ContextImpl( 3214): Calling a method in the system process without a qualified user: android.app.ContextImpl.startService:1705 android.content.ContextWrapper.startService:516 android.content.ContextWrapper.startService:516 com.android.settings.AnalyticsReceiver.onReceive:24 android.app.ActivityThread.handleReceiver:2616 
E/NetlinkEvent(  439): NetlinkEvent::FindParam(): Parameter 'ALERT_NAME' not found
E/NetlinkEvent(  439): NetlinkEvent::FindParam(): Parameter 'ALERT_NAME' not found
E/NetlinkEvent(  424): NetlinkEvent::FindParam(): Parameter 'ALERT_NAME' not found
E/NetlinkEvent(  424): NetlinkEvent::FindParam(): Parameter 'ALERT_NAME' not found
I/StorageNotification( 3233): UMS connection changed to false (media state mounted)
E/NetlinkEvent(  424): NetlinkEvent::FindParam(): Parameter 'ALERT_NAME' not found
E/NetlinkEvent(  439): NetlinkEvent::FindParam(): Parameter 'ALERT_NAME' not found
I/StorageNotification( 3233): UMS connection changed to false (media state mounted)
W/ContextImpl( 3214): Calling a method in the system process without a qualified user: android.app.ContextImpl.startService:1705 android.content.ContextWrapper.startService:516 android.content.ContextWrapper.startService:516 com.android.settings.AnalyticsReceiver.onReceive:24 android.app.ActivityThread.handleReceiver:2616 
I/ActivityManager( 1377): START u0 {act=android.intent.action.MAIN cat=[android.intent.category.HOME] flg=0x10200000 cmp=com.miui.home/.launcher.Launcher} from uid 1000 on display 0
E/ActivityManager( 1377): Invalid thumbnail dimensions: 0x0
W/ContextImpl( 3233): Calling a method in the system process without a qualified user: android.app.ContextImpl.bindService:1769 android.content.ContextWrapper.bindService:539 com.xiaomi.mistatistic.sdk.controller.LocalEventRecorder.a:96 com.xiaomi.mistatistic.sdk.controller.LocalEventRecorder.b:71 com.xiaomi.mistatistic.sdk.controller.LocalEventRecorder.a:25 
I/ActivityManager( 1377): START u0 {act=android.intent.action.MAIN cat=[android.intent.category.LAUNCHER] flg=0x10200000 cmp=com.android.contacts/.activities.PeopleActivity bnds=[16,1654][208,1846] (has extras)} from uid 10021 on display 0
I/ActivityManager( 1377): START u0 {act=android.intent.action.MAIN cat=[android.intent.category.HOME] flg=0x10200000 cmp=com.miui.home/.launcher.Launcher} from uid 1000 on display 0
E/ActivityManager( 1377): Invalid thumbnail dimensions: 0x0
D/ConnectivityService( 1377): returning Blocked NetworkInfo for ifname=wlan0, uid=10325
W/ContextImpl( 3214): Calling a method in the system process without a qualified user: android.app.ContextImpl.startService:1705 android.content.ContextWrapper.startService:516 android.content.ContextWrapper.startService:516 com.android.settings.MiuiSettingsReceiver.onReceive:113 android.app.ActivityThread.handleReceiver:2616 
I/ActivityManager( 1377): Killing 11290:com.miui.bugreport:remote/1000 (adj 15): empty for 1801s
I/ActivityManager( 1377): Killing 11502:com.tencent.mm:recovery/u0a175 (adj 13): empty for 1812s
I/ActivityManager( 1377): Killing 12452:android:ui/1000 (adj 13): empty for 1802s
W/BroadcastQueue( 1377): Skipping deliver [background] BroadcastRecord{22a0601a u-1 android.net.conn.CONNECTIVITY_CHANGE} to ReceiverList{9ad074b 14485 (unknown name)/2000/u-1 remote:210a313c}: process crashing
I/ActivityManager( 1377): START u0 {act=android.intent.action.MAIN cat=[android.intent.category.LAUNCHER] flg=0x10200000 cmp=cn.com.autohome.travel/.module.launcher.SplashActivity} from uid 2000 on display 0
V/LocationPolicy( 1377): writePolicyLocked()
W/BroadcastQueueInjector( 1377): Unable to launch app cn.com.autohome.travel/10100 for broadcast Intent { act=android.net.conn.CONNECTIVITY_CHANGE flg=0x10 pkg=cn.com.autohome.travel (has extras) }: process is not permitted to autostart
W/ContextImpl( 3233): Calling a method in the system process without a qualified user: android.app.ContextImpl.bindService:1769 android.content.ContextWrapper.bindService:539 com.android.systemui.taskmanager.MemoryCheckManager.bindMemoryCheckService:70 com.android.systemui.taskmanager.TaskManagerView.show:502 com.android.systemui.taskmanager.TaskManagerView.show:478 
W/ContextImpl( 3233): Calling a method in the system process without a qualified user: android.app.ContextImpl.bindService:1769 android.content.ContextWrapper.bindService:539 com.android.systemui.taskmanager.MemoryCheckManager.bindMemoryCheckService:70 com.android.systemui.taskmanager.TaskManagerView$9.onServiceConnected:507 com.android.systemui.taskmanager.MemoryCheckManager$1.onServiceConnected:62 
W/ContextImpl( 3233): Calling a method in the system process without a qualified user: android.app.ContextImpl.sendBroadcast:1340 android.content.ContextWrapper.sendBroadcast:377 com.android.systemui.taskmanager.TaskManagerView.sendVisibilityChangedBroadcast:649 com.android.systemui.taskmanager.TaskManagerView.access$1800:87 com.android.systemui.taskmanager.TaskManagerView$11.run:584 
W/ContextImpl( 3233): Calling a method in the system process without a qualified user: android.app.ContextImpl.sendBroadcast:1340 android.content.ContextWrapper.sendBroadcast:377 com.android.systemui.taskmanager.TaskManagerView.sendVisibilityChangedBroadcast:649 com.android.systemui.taskmanager.TaskManagerView.show:597 com.android.systemui.taskmanager.TaskManagerView.show:478 
I/ActivityManager( 1377): START u0 {act=android.intent.action.MAIN cat=[android.intent.category.LAUNCHER] flg=0x10304000 cmp=com.android.browser/.BrowserActivity} from uid 1000 on display 0
D/NetworkManagementService( 1377): hardware tether stats:NetworkStats: elapsedRealtime=3324361
D/NetworkManagementService( 1377): getNetworkStatsSummaryXt:NetworkStats: elapsedRealtime=3324362
D/NetworkManagementService( 1377):   [0] iface=wlan0 uid=-1 set=ALL tag=0x0 rxBytes=30646113 rxPackets=23790 txBytes=1303085 txPackets=14878 operations=0
D/NetworkManagementService( 1377):   [1] iface=usbnet0 uid=-1 set=ALL tag=0x0 rxBytes=0 rxPackets=0 txBytes=0 txPackets=0 operations=0
D/NetworkManagementService( 1377):   [2] iface=lo uid=-1 set=ALL tag=0x0 rxBytes=3064 rxPackets=55 txBytes=3064 txPackets=55 operations=0
D/NetworkManagementService( 1377): hardware tether stats:NetworkStats: elapsedRealtime=3324363
D/NetworkManagementService( 1377): getNetworkStatsSummaryDev:NetworkStats: elapsedRealtime=3324364
D/NetworkManagementService( 1377):   [0] iface=wlan0 uid=-1 set=ALL tag=0x0 rxBytes=30648257 rxPackets=23860 txBytes=1514794 txPackets=14941 operations=0
D/NetworkManagementService( 1377):   [1] iface=usbnet0 uid=-1 set=ALL tag=0x0 rxBytes=0 rxPackets=0 txBytes=0 txPackets=0 operations=0
D/NetworkManagementService( 1377):   [2] iface=lo uid=-1 set=ALL tag=0x0 rxBytes=3064 rxPackets=55 txBytes=3064 txPackets=55 operations=0
W/ContextImpl( 4670): Calling a method in the system process without a qualified user: android.app.ContextImpl.sendBroadcast:1340 android.content.ContextWrapper.sendBroadcast:377 com.miui.networkassistant.service.tm.TrafficManageService.broadCastDataUsageUpdated:-1 com.miui.networkassistant.service.tm.TrafficManageService$8.onReceive:-1 android.app.LoadedApk$ReceiverDispatcher$Args.run:868 
W/ProcessCpuTracker( 1377): Skipping unknown process pid 14555
W/ContextImpl( 3233): Calling a method in the system process without a qualified user: android.app.ContextImpl.sendBroadcast:1340 android.content.ContextWrapper.sendBroadcast:377 com.android.systemui.taskmanager.TaskManagerView.sendVisibilityChangedBroadcast:649 com.android.systemui.taskmanager.TaskManagerView.show:597 com.android.systemui.taskmanager.TaskManagerView.show:478 
W/InputMethodManagerService( 1377): Window already focused, ignoring focus gain of: com.android.internal.view.IInputMethodClient$Stub$Proxy@259ef3ed attribute=null, token = android.os.BinderProxy@3e72825a
I/ActivityManager( 1377): START u0 {cmp=cn.com.autohome.travel/.module.recommend.TravelNoteDetailActivity (has extras)} from uid 10100 on display 0
V/WindowManager( 1377): addAppToken: AppWindowToken{1641aa70 token=Token{16c4b4b3 ActivityRecord{94e4222 u0 cn.com.autohome.travel/.module.recommend.TravelNoteDetailActivity t1382}}} to stack=1 task=1382 at 1
V/WindowManager( 1377): Adding window Window{30325e6e u0 cn.com.autohome.travel/cn.com.autohome.travel.module.recommend.TravelNoteDetailActivity} at 4 of 11 (after Window{26151c8b u0 cn.com.autohome.travel/cn.com.autohome.travel.module.home.HomeActivity})
W/ContextImpl( 1377): Calling a method in the system process without a qualified user: android.app.ContextImpl.sendBroadcast:1340 com.android.internal.policy.impl.BaseMiuiPhoneWindowManager$14.run:1732 android.os.Handler.handleCallback:739 android.os.Handler.dispatchMessage:95 android.os.Looper.loop:135 
I/ActivityManager( 1377): Start proc 14587:com.android.fileexplorer/u0a47 for broadcast com.android.fileexplorer/.video.VolumeChangeReceiver
I/ActivityManager( 1377): Killing 12494:com.tencent.mobileqq/u0a123 (adj 13): empty for 1831s
D/WifiService( 1377): Client connection lost with reason: 4
I/ActivityManager( 1377): START u0 {act=android.intent.action.MAIN cat=[android.intent.category.LAUNCHER] flg=0x10200000 cmp=cn.com.autohome.travel/.module.launcher.SplashActivity} from uid 2000 on display 0
I/ActivityManager( 1377): START u0 {act=android.intent.action.MAIN cat=[android.intent.category.LAUNCHER] flg=0x10200000 cmp=cn.com.autohome.travel/.module.launcher.SplashActivity} from uid 2000 on display 0
W/ContextImpl( 3233): Calling a method in the system process without a qualified user: android.app.ContextImpl.sendBroadcast:1340 android.content.ContextWrapper.sendBroadcast:377 com.android.systemui.taskmanager.TaskManagerView.sendVisibilityChangedBroadcast:649 com.android.systemui.taskmanager.TaskManagerView.show:597 com.android.systemui.taskmanager.TaskManagerView.show:478 
W/InputMethodManagerService( 1377): Window already focused, ignoring focus gain of: com.android.internal.view.IInputMethodClient$Stub$Proxy@14ef77d2 attribute=null, token = android.os.BinderProxy@3e83e1e9
W/ContextImpl( 1377): Calling a method in the system process without a qualified user: android.app.ContextImpl.sendBroadcast:1340 com.android.internal.policy.impl.BaseMiuiPhoneWindowManager$14.run:1732 android.os.Handler.handleCallback:739 android.os.Handler.dispatchMessage:95 android.os.Looper.loop:135 
D/NetworkManagementService( 1377): hardware tether stats:NetworkStats: elapsedRealtime=3336139
D/NetworkManagementService( 1377): getNetworkStatsSummaryXt:NetworkStats: elapsedRealtime=3336140
D/NetworkManagementService( 1377):   [0] iface=wlan0 uid=-1 set=ALL tag=0x0 rxBytes=32765708 rxPackets=25296 txBytes=1354081 txPackets=15812 operations=0
D/NetworkManagementService( 1377):   [1] iface=usbnet0 uid=-1 set=ALL tag=0x0 rxBytes=0 rxPackets=0 txBytes=0 txPackets=0 operations=0
D/NetworkManagementService( 1377):   [2] iface=lo uid=-1 set=ALL tag=0x0 rxBytes=3064 rxPackets=55 txBytes=3064 txPackets=55 operations=0
D/NetworkManagementService( 1377): hardware tether stats:NetworkStats: elapsedRealtime=3336141
D/NetworkManagementService( 1377): getNetworkStatsSummaryDev:NetworkStats: elapsedRealtime=3336142
D/NetworkManagementService( 1377):   [0] iface=wlan0 uid=-1 set=ALL tag=0x0 rxBytes=32769394 rxPackets=25369 txBytes=1578866 txPackets=15875 operations=0
D/NetworkManagementService( 1377):   [1] iface=usbnet0 uid=-1 set=ALL tag=0x0 rxBytes=0 rxPackets=0 txBytes=0 txPackets=0 operations=0
D/NetworkManagementService( 1377):   [2] iface=lo uid=-1 set=ALL tag=0x0 rxBytes=3064 rxPackets=55 txBytes=3064 txPackets=55 operations=0
