D/wpa_supplicant( 3171): nl80211: Scan results indicate BSS status with 8c:be:be:4b:f8:f7 as associated
D/wpa_supplicant( 3171): wlan0: BSS: Start scan result update 431
D/wpa_supplicant( 3171): wlan0: BSS: Remove id 1071 BSSID 04:bd:88:4f:2d:a5 SSID 'Autohome Inc.-Staff' due to no match in scan
D/wpa_supplicant( 3171): CTRL_IFACE monitor sent successfully to /data/misc/wifi/sockets/wpa_ctrl_467-2\x00
D/wpa_supplicant( 3171): CTRL_IFACE monitor sent successfully to /data/misc/wifi/sockets/wpa_ctrl_1377-2\x00
D/wpa_supplicant( 3171): wlan0: BSS: Remove id 956 BSSID 04:bd:88:4b:d0:d1 SSID 'Local.Autohome Inc.' due to no match in scan
D/wpa_supplicant( 3171): CTRL_IFACE monitor sent successfully to /data/misc/wifi/sockets/wpa_ctrl_467-2\x00
D/wpa_supplicant( 3171): CTRL_IFACE monitor sent successfully to /data/misc/wifi/sockets/wpa_ctrl_1377-2\x00
D/wpa_supplicant( 3171): wlan0: BSS: Remove id 1112 BSSID 58:b6:33:ce:8d:28 SSID 'xxb' due to no match in scan
D/wpa_supplicant( 3171): CTRL_IFACE monitor sent successfully to /data/misc/wifi/sockets/wpa_ctrl_467-2\x00
D/wpa_supplicant( 3171): CTRL_IFACE monitor sent successfully to /data/misc/wifi/sockets/wpa_ctrl_1377-2\x00
D/wpa_supplicant( 3171): wlan0: BSS: Remove id 720 BSSID 04:bd:88:4b:d0:d0 SSID 'Autohome Inc.-Guest' due to no match in scan
D/wpa_supplicant( 3171): CTRL_IFACE monitor sent successfully to /data/misc/wifi/sockets/wpa_ctrl_467-2\x00
D/wpa_supplicant( 3171): CTRL_IFACE monitor sent successfully to /data/misc/wifi/sockets/wpa_ctrl_1377-2\x00
D/wpa_supplicant( 3171): BSS: last_scan_res_used=73/128
D/wpa_supplicant( 3171): wlan0: Scan-only results received
D/wpa_supplicant( 3171): CTRL_IFACE monitor sent successfully to /data/misc/wifi/sockets/wpa_ctrl_467-2\x00
D/wpa_supplicant( 3171): CTRL_IFACE monitor sent successfully to /data/misc/wifi/sockets/wpa_ctrl_1377-2\x00
D/wpa_supplicant( 3171): wlan0: Radio work 'scan'@0x55b1325d80 done in 2.361758 seconds
D/wpa_supplicant( 3171): wlan0: Control interface command 'BSS RANGE=0- MASK=0x23987'
D/wpa_supplicant( 3171): wlan0: Control interface command 'BSS RANGE=492- MASK=0x23987'
D/wpa_supplicant( 3171): wlan0: Control interface command 'BSS RANGE=1095- MASK=0x23987'
D/LBSSystemMonitorService( 1377): handleMessage what - 4
D/Wiper_jni( 1377): Send Network Location.
I/ServiceManager( 3944): Waiting for service goodix.fp...
D/wpa_supplicant( 3171): wlan0: Control interface command 'SIGNAL_POLL'
I/ServiceManager(17717): Waiting for service AtCmdFwd...
I/ServiceManager( 3944): Waiting for service goodix.fp...
I/SurfaceFlinger(  425): FPS: 1
I/subsystem_ramdump(17825): Usage:./system/bin/subsystem_ramdump [arg1] [arg2] [arg3]
I/subsystem_ramdump(17825): [arg1]: (1/2) Ramdump location: 1: eMMC: /data/ramdump or 2: SD card: /sdcard/ramdump
I/subsystem_ramdump(17825): [arg2]: (1/0) 1: Enable RPM log / 0: Disable RPM log
I/subsystem_ramdump(17825): [arg3]: (1/0) 1: Enable qdss ramdump / 0: Disable qdss ramdump
I/subsystem_ramdump(17825):  Using default ramdump location 1: eMMC: /data/ramdump
I/subsystem_ramdump(17825):  Using default 0: Disable RPM log
I/subsystem_ramdump(17825):  Using default 0: Disable qdss ramdump
E/subsystem_ramdump(17825): Unable to open /dev
E/subsystem_ramdump(17825): Failed to find pil ramdump
I/ServiceManager(17717): Waiting for service AtCmdFwd...
I/ServiceManager( 3944): Waiting for service goodix.fp...
I/SurfaceFlinger(  425): FPS: 1
D/SizeAdaptiveLayout( 3233): com.android.internal.widget.SizeAdaptiveLayout{1156fc69 V.E..... ......ID 0,0-986,189 #70800d9 com.android.systemui:id/adaptive}child view android.widget.FrameLayout{3b921987 V.E..... ......ID 0,0-986,188 #1020336 android:id/status_bar_latest_event_content} measured out of bounds at 188px clamped to 189px
D/SizeAdaptiveLayout( 3233): com.android.internal.widget.SizeAdaptiveLayout{28128957 V.E..... ......ID 0,0-986,189 #70800d9 com.android.systemui:id/adaptive}child view android.widget.FrameLayout{1fb7e8e5 V.E..... ......ID 0,0-986,188 #1020336 android:id/status_bar_latest_event_content} measured out of bounds at 188px clamped to 189px
I/ServiceManager(17717): Waiting for service AtCmdFwd...
I/MSM-irqbalance(  841): Decided to move IRQ215 from CPU3 to CPU1
I/ServiceManager( 3944): Waiting for service goodix.fp...
D/wpa_supplicant( 3171): wlan0: Control interface command 'SIGNAL_POLL'
I/ServiceManager(17717): Waiting for service AtCmdFwd...
I/ServiceManager( 3944): Waiting for service goodix.fp...
W/Atfwd_Sendcmd(17717): AtCmdFwd service not published, waiting... retryCnt : 1
D/FingerGoodix( 3944): go into while FingerPrint,getFingerPrintService()
I/PowerKeeperBackgroundService( 5119): onStartCommand()
I/PowerKeeperService( 5119): onAlarm
I/SurfaceFlinger(  425): FPS: 1
I/ServiceManager( 3944): Waiting for service goodix.fp...
D/wpa_supplicant( 3171): wlan0: Control interface command 'SIGNAL_POLL'
I/subsystem_ramdump(17827): Usage:./system/bin/subsystem_ramdump [arg1] [arg2] [arg3]
I/subsystem_ramdump(17827): [arg1]: (1/2) Ramdump location: 1: eMMC: /data/ramdump or 2: SD card: /sdcard/ramdump
I/subsystem_ramdump(17827): [arg2]: (1/0) 1: Enable RPM log / 0: Disable RPM log
I/subsystem_ramdump(17827): [arg3]: (1/0) 1: Enable qdss ramdump / 0: Disable qdss ramdump
I/subsystem_ramdump(17827):  Using default ramdump location 1: eMMC: /data/ramdump
I/subsystem_ramdump(17827):  Using default 0: Disable RPM log
I/subsystem_ramdump(17827):  Using default 0: Disable qdss ramdump
E/subsystem_ramdump(17827): Unable to open /dev
E/subsystem_ramdump(17827): Failed to find pil ramdump
I/ServiceManager( 3944): Waiting for service goodix.fp...
I/ServiceManager( 3944): Waiting for service goodix.fp...
I/MSM-irqbalance(  841): Decided to move IRQ200 from CPU3 to CPU1
I/ServiceManager( 3944): Waiting for service goodix.fp...
I/SurfaceFlinger(  425): FPS: 1
D/wpa_supplicant( 3171): wlan0: Control interface command 'SIGNAL_POLL'
I/ServiceManager( 3944): Waiting for service goodix.fp...
I/ServiceManager(17717): Waiting for service AtCmdFwd...
E/GpsXtraDownloader( 1377): No XTRA servers were specified in the GPS configuration
D/FingerGoodix( 3944): go into while FingerPrint,getFingerPrintService()
I/ServiceManager(17717): Waiting for service AtCmdFwd...
I/ServiceManager( 3944): Waiting for service goodix.fp...
I/subsystem_ramdump(17830): Usage:./system/bin/subsystem_ramdump [arg1] [arg2] [arg3]
I/subsystem_ramdump(17830): [arg1]: (1/2) Ramdump location: 1: eMMC: /data/ramdump or 2: SD card: /sdcard/ramdump
I/subsystem_ramdump(17830): [arg2]: (1/0) 1: Enable RPM log / 0: Disable RPM log
I/subsystem_ramdump(17830): [arg3]: (1/0) 1: Enable qdss ramdump / 0: Disable qdss ramdump
I/subsystem_ramdump(17830):  Using default ramdump location 1: eMMC: /data/ramdump
I/subsystem_ramdump(17830):  Using default 0: Disable RPM log
I/subsystem_ramdump(17830):  Using default 0: Disable qdss ramdump
E/subsystem_ramdump(17830): Unable to open /dev
E/subsystem_ramdump(17830): Failed to find pil ramdump
I/ServiceManager(17717): Waiting for service AtCmdFwd...
I/ServiceManager( 3944): Waiting for service goodix.fp...
D/wpa_supplicant( 3171): wlan0: Control interface command 'SIGNAL_POLL'
I/ServiceManager(17717): Waiting for service AtCmdFwd...
I/MSM-irqbalance(  841): Decided to move IRQ240 from CPU3 to CPU1
I/ServiceManager( 3944): Waiting for service goodix.fp...
I/SurfaceFlinger(  425): FPS: 1
D/AndroidRuntime(17832): >>>>>> START com.android.internal.os.RuntimeInit uid 2000 <<<<<<
D/AndroidRuntime(17832): CheckJNI is OFF
I/ServiceManager(17717): Waiting for service AtCmdFwd...
D/AndroidRuntime(17832): Calling main entry com.android.commands.wm.Wm
D/AndroidRuntime(17832): Shutting down VM
I/ServiceManager( 3944): Waiting for service goodix.fp...
D/AndroidRuntime(17853): >>>>>> START com.android.internal.os.RuntimeInit uid 2000 <<<<<<
D/AndroidRuntime(17853): CheckJNI is OFF
W/Atfwd_Sendcmd(17717): AtCmdFwd service not published, waiting... retryCnt : 2
D/AndroidRuntime(17853): Calling main entry com.android.commands.monkey.Monkey
W/BroadcastQueue( 1377): Skipping deliver [background] BroadcastRecord{1670ea3d u-1 android.net.conn.CONNECTIVITY_CHANGE} to ReceiverList{1da08232 17853 (unknown name)/2000/u-1 remote:7f9a7e7}: process crashing
I/art     (17853): System.exit called, status: -4
I/AndroidRuntime(17853): VM exiting with result code -4.
I/ServiceManager( 3944): Waiting for service goodix.fp...
D/wpa_supplicant( 3171): wlan0: Control interface command 'SIGNAL_POLL'
D/FingerGoodix( 3944): go into while FingerPrint,getFingerPrintService()
I/subsystem_ramdump(17882): Usage:./system/bin/subsystem_ramdump [arg1] [arg2] [arg3]
I/subsystem_ramdump(17882): [arg1]: (1/2) Ramdump location: 1: eMMC: /data/ramdump or 2: SD card: /sdcard/ramdump
I/subsystem_ramdump(17882): [arg2]: (1/0) 1: Enable RPM log / 0: Disable RPM log
I/subsystem_ramdump(17882): [arg3]: (1/0) 1: Enable qdss ramdump / 0: Disable qdss ramdump
I/subsystem_ramdump(17882):  Using default ramdump location 1: eMMC: /data/ramdump
I/subsystem_ramdump(17882):  Using default 0: Disable RPM log
I/subsystem_ramdump(17882):  Using default 0: Disable qdss ramdump
E/subsystem_ramdump(17882): Unable to open /dev
E/subsystem_ramdump(17882): Failed to find pil ramdump
I/ServiceManager( 3944): Waiting for service goodix.fp...
I/SurfaceFlinger(  425): FPS: 1
I/ServiceManager( 3944): Waiting for service goodix.fp...
I/MSM-irqbalance(  841): Decided to move IRQ239 from CPU1 to CPU2
D/wpa_supplicant( 3171): wlan0: Control interface command 'SIGNAL_POLL'
I/ServiceManager( 3944): Waiting for service goodix.fp...
I/ServiceManager( 3944): Waiting for service goodix.fp...
E/WifiStateMachine( 1377): WifiStateMachine CMD_START_SCAN source -2 txSuccessRate=0.00 rxSuccessRate=0.00 targetRoamBSSID=any RSSI=-48
E/WifiStateMachine( 1377): WifiStateMachine starting scan for "mtest"-WPA_PSK with 2412
D/wpa_supplicant( 3171): wlan0: Control interface command 'SCAN TYPE=ONLY freq=2412'
D/wpa_supplicant( 3171): wlan0: Setting scan request: 0.000000 sec
D/wpa_supplicant( 3171): wlan0: Starting AP scan for wildcard SSID
D/wpa_supplicant( 3171): wlan0: Limit manual scan to specified channels
D/wpa_supplicant( 3171): wlan0: Add radio work 'scan'@0x55b1325d80
D/wpa_supplicant( 3171): wlan0: First radio work item in the queue - schedule start immediately
D/wpa_supplicant( 3171): wlan0: Starting radio work 'scan'@0x55b1325d80 after 0.000026 second wait
D/wpa_supplicant( 3171): wlan0: nl80211: scan request
D/wpa_supplicant( 3171): Scan requested (ret=0) - scan timeout 30 seconds
D/wpa_supplicant( 3171): nl80211: Drv Event 33 (NL80211_CMD_TRIGGER_SCAN) received for wlan0
D/wpa_supplicant( 3171): wlan0: nl80211: Scan trigger
D/wpa_supplicant( 3171): wlan0: Event SCAN_STARTED (49) received
D/wpa_supplicant( 3171): wlan0: Own scan request started a scan in 0.000097 seconds
I/WifiHAL ( 1377): Poll result = 1
I/WifiHAL ( 1377): Found some events!!!
D/WifiHAL ( 1377): no_seq_check received
I/WifiHAL ( 1377): event received NL80211_CMD_TRIGGER_SCAN
I/WifiHAL ( 1377): event received NL80211_CMD_TRIGGER_SCAN, vendor_id = 0x0
I/WifiHAL ( 1377): event ignored!!
D/wpa_supplicant( 3171): CTRL_IFACE monitor sent successfully to /data/misc/wifi/sockets/wpa_ctrl_467-2\x00
D/wpa_supplicant( 3171): CTRL_IFACE monitor sent successfully to /data/misc/wifi/sockets/wpa_ctrl_1377-2\x00
I/WifiHAL ( 1377): Poll result = 1
I/WifiHAL ( 1377): Found some events!!!
D/WifiHAL ( 1377): no_seq_check received
I/WifiHAL ( 1377): event received NL80211_CMD_NEW_SCAN_RESULTS
I/WifiHAL ( 1377): event received NL80211_CMD_NEW_SCAN_RESULTS, vendor_id = 0x0
I/WifiHAL ( 1377): event ignored!!
D/wpa_supplicant( 3171): nl80211: Drv Event 34 (NL80211_CMD_NEW_SCAN_RESULTS) received for wlan0
D/wpa_supplicant( 3171): wlan0: nl80211: New scan results available
D/wpa_supplicant( 3171): nl80211: Scan included frequencies: 2412
D/wpa_supplicant( 3171): wlan0: Event SCAN_RESULTS (3) received
D/wpa_supplicant( 3171): wlan0: Scan completed in 0.082730 seconds
D/wpa_supplicant( 3171): nl80211: Associated on 2412 MHz
D/wpa_supplicant( 3171): nl80211: Associated with 8c:be:be:4b:f8:f7
D/wpa_supplicant( 3171): nl80211: Received scan results (73 BSSes)
D/wpa_supplicant( 3171): nl80211: Scan results indicate BSS status with 8c:be:be:4b:f8:f7 as associated
D/wpa_supplicant( 3171): wlan0: BSS: Start scan result update 432
D/wpa_supplicant( 3171): wlan0: BSS: Remove id 1125 BSSID 04:bd:88:37:68:41 SSID 'Tech.Autohome Inc.' due to no match in scan
D/wpa_supplicant( 3171): CTRL_IFACE monitor sent successfully to /data/misc/wifi/sockets/wpa_ctrl_467-2\x00
D/wpa_supplicant( 3171): CTRL_IFACE monitor sent successfully to /data/misc/wifi/sockets/wpa_ctrl_1377-2\x00
D/wpa_supplicant( 3171): wlan0: BSS: Remove id 1120 BSSID 04:bd:88:4b:d0:c1 SSID 'Local.Autohome Inc.' due to no match in scan
D/wpa_supplicant( 3171): CTRL_IFACE monitor sent successfully to /data/misc/wifi/sockets/wpa_ctrl_467-2\x00
D/wpa_supplicant( 3171): CTRL_IFACE monitor sent successfully to /data/misc/wifi/sockets/wpa_ctrl_1377-2\x00
D/wpa_supplicant( 3171): wlan0: BSS: Remove id 1123 BSSID 04:bd:88:4b:d0:c0 SSID 'Autohome Inc.-Guest' due to no match in scan
D/wpa_supplicant( 3171): CTRL_IFACE monitor sent successfully to /data/misc/wifi/sockets/wpa_ctrl_467-2\x00
D/wpa_supplicant( 3171): CTRL_IFACE monitor sent successfully to /data/misc/wifi/sockets/wpa_ctrl_1377-2\x00
D/wpa_supplicant( 3171): BSS: last_scan_res_used=73/128
D/wpa_supplicant( 3171): wlan0: Scan-only results received
D/wpa_supplicant( 3171): CTRL_IFACE monitor sent successfully to /data/misc/wifi/sockets/wpa_ctrl_467-2\x00
D/wpa_supplicant( 3171): CTRL_IFACE monitor sent successfully to /data/misc/wifi/sockets/wpa_ctrl_1377-2\x00
D/wpa_supplicant( 3171): wlan0: Radio work 'scan'@0x55b1325d80 done in 0.103517 seconds
D/wpa_supplicant( 3171): wlan0: Control interface command 'BSS RANGE=0- MASK=0x23987'
E/CoreDaemon( 6537): not Start Daemon in coredaemon
D/wpa_supplicant( 3171): wlan0: Control interface command 'BSS RANGE=492- MASK=0x23987'
D/wpa_supplicant( 3171): wlan0: Control interface command 'BSS RANGE=1095- MASK=0x23987'
E/CoreDaemon( 6538): not Start Daemon in coredaemon
E/WifiStateMachine( 1377): WifiStateMachine CMD_START_SCAN source 10032 txSuccessRate=0.00 rxSuccessRate=0.00 targetRoamBSSID=any RSSI=-48
D/wpa_supplicant( 3171): wlan0: Control interface command 'SCAN TYPE=ONLY'
D/wpa_supplicant( 3171): wlan0: Setting scan request: 0.000000 sec
D/wpa_supplicant( 3171): wlan0: Starting AP scan for wildcard SSID
D/wpa_supplicant( 3171): wlan0: Add radio work 'scan'@0x55b1325d80
D/wpa_supplicant( 3171): wlan0: First radio work item in the queue - schedule start immediately
D/wpa_supplicant( 3171): wlan0: Starting radio work 'scan'@0x55b1325d80 after 0.000050 second wait
D/wpa_supplicant( 3171): wlan0: nl80211: scan request
D/wpa_supplicant( 3171): Scan requested (ret=0) - scan timeout 30 seconds
D/wpa_supplicant( 3171): nl80211: Drv Event 33 (NL80211_CMD_TRIGGER_SCAN) received for wlan0
D/wpa_supplicant( 3171): wlan0: nl80211: Scan trigger
D/wpa_supplicant( 3171): wlan0: Event SCAN_STARTED (49) received
D/wpa_supplicant( 3171): wlan0: Own scan request started a scan in 0.000154 seconds
D/wpa_supplicant( 3171): CTRL_IFACE monitor sent successfully to /data/misc/wifi/sockets/wpa_ctrl_467-2\x00
D/wpa_supplicant( 3171): CTRL_IFACE monitor sent successfully to /data/misc/wifi/sockets/wpa_ctrl_1377-2\x00
I/WifiHAL ( 1377): Poll result = 1
I/WifiHAL ( 1377): Found some events!!!
D/WifiHAL ( 1377): no_seq_check received
I/WifiHAL ( 1377): event received NL80211_CMD_TRIGGER_SCAN
I/WifiHAL ( 1377): event received NL80211_CMD_TRIGGER_SCAN, vendor_id = 0x0
I/WifiHAL ( 1377): event ignored!!
I/ServiceManager( 3944): Waiting for service goodix.fp...
I/SurfaceFlinger(  425): FPS: 1
D/wpa_supplicant( 3171): wlan0: Control interface command 'SIGNAL_POLL'
I/subsystem_ramdump(17896): Usage:./system/bin/subsystem_ramdump [arg1] [arg2] [arg3]
I/subsystem_ramdump(17896): [arg1]: (1/2) Ramdump location: 1: eMMC: /data/ramdump or 2: SD card: /sdcard/ramdump
I/subsystem_ramdump(17896): [arg2]: (1/0) 1: Enable RPM log / 0: Disable RPM log
I/subsystem_ramdump(17896): [arg3]: (1/0) 1: Enable qdss ramdump / 0: Disable qdss ramdump
I/subsystem_ramdump(17896):  Using default ramdump location 1: eMMC: /data/ramdump
I/subsystem_ramdump(17896):  Using default 0: Disable RPM log
I/subsystem_ramdump(17896):  Using default 0: Disable qdss ramdump
E/subsystem_ramdump(17896): Unable to open /dev
E/subsystem_ramdump(17896): Failed to find pil ramdump
D/FingerGoodix( 3944): go into while FingerPrint,getFingerPrintService()
I/ServiceManager( 3944): Waiting for service goodix.fp...
I/WifiHAL ( 1377): Poll result = 1
I/WifiHAL ( 1377): Found some events!!!
D/WifiHAL ( 1377): no_seq_check received
I/WifiHAL ( 1377): event received NL80211_CMD_NEW_SCAN_RESULTS
I/WifiHAL ( 1377): event received NL80211_CMD_NEW_SCAN_RESULTS, vendor_id = 0x0
I/WifiHAL ( 1377): event ignored!!
D/wpa_supplicant( 3171): nl80211: Drv Event 34 (NL80211_CMD_NEW_SCAN_RESULTS) received for wlan0
D/wpa_supplicant( 3171): wlan0: nl80211: New scan results available
D/wpa_supplicant( 3171): nl80211: Scan included frequencies: 2412 2417 2422 2427 2432 2437 2442 2447 2452 2457 2462 2467 2472 5180 5200 5220 5240 5260 5280 5300 5320 5745 5765 5785 5805 5825
D/wpa_supplicant( 3171): wlan0: Event SCAN_RESULTS (3) received
D/wpa_supplicant( 3171): wlan0: Scan completed in 2.298893 seconds
D/wpa_supplicant( 3171): nl80211: Associated on 2412 MHz
D/wpa_supplicant( 3171): nl80211: Associated with 8c:be:be:4b:f8:f7
D/wpa_supplicant( 3171): nl80211: Received scan results (79 BSSes)
D/wpa_supplicant( 3171): nl80211: Scan results indicate BSS status with 8c:be:be:4b:f8:f7 as associated
D/wpa_supplicant( 3171): wlan0: BSS: Start scan result update 433
D/wpa_supplicant( 3171): wlan0: BSS: Add new id 1130 BSSID 58:b6:33:4e:8c:3c SSID 'bjpublic'
D/wpa_supplicant( 3171): CTRL_IFACE monitor sent successfully to /data/misc/wifi/sockets/wpa_ctrl_467-2\x00
D/wpa_supplicant( 3171): CTRL_IFACE monitor sent successfully to /data/misc/wifi/sockets/wpa_ctrl_1377-2\x00
D/wpa_supplicant( 3171): wlan0: BSS: Add new id 1131 BSSID 04:bd:88:4b:d0:c5 SSID 'Autohome Inc.-Staff'
D/wpa_supplicant( 3171): CTRL_IFACE monitor sent successfully to /data/misc/wifi/sockets/wpa_ctrl_467-2\x00
D/wpa_supplicant( 3171): CTRL_IFACE monitor sent successfully to /data/misc/wifi/sockets/wpa_ctrl_1377-2\x00
D/wpa_supplicant( 3171): wlan0: BSS: Add new id 1132 BSSID 04:bd:88:4f:1b:e0 SSID 'Autohome Inc.-Guest'
D/wpa_supplicant( 3171): CTRL_IFACE monitor sent successfully to /data/misc/wifi/sockets/wpa_ctrl_467-2\x00
D/wpa_supplicant( 3171): CTRL_IFACE monitor sent successfully to /data/misc/wifi/sockets/wpa_ctrl_1377-2\x00
D/wpa_supplicant( 3171): wlan0: BSS: Remove id 1094 BSSID f0:b4:29:6d:a0:cc SSID 'NBMD_MiWIFI_5G' due to no match in scan
D/wpa_supplicant( 3171): CTRL_IFACE monitor sent successfully to /data/misc/wifi/sockets/wpa_ctrl_467-2\x00
D/wpa_supplicant( 3171): CTRL_IFACE monitor sent successfully to /data/misc/wifi/sockets/wpa_ctrl_1377-2\x00
D/wpa_supplicant( 3171): wlan0: BSS: Remove id 1096 BSSID 04:bd:88:4f:2d:a1 SSID 'Tech.Autohome Inc.' due to no match in scan
D/wpa_supplicant( 3171): CTRL_IFACE monitor sent successfully to /data/misc/wifi/sockets/wpa_ctrl_467-2\x00
D/wpa_supplicant( 3171): CTRL_IFACE monitor sent successfully to /data/misc/wifi/sockets/wpa_ctrl_1377-2\x00
D/wpa_supplicant( 3171): wlan0: BSS: Remove id 1095 BSSID 2e:bb:58:d9:86:b0 SSID '\xe8\xaf\xb6\xef\xbc\x9f\xe4\xbd\xa0\xe6\x98\xaf\xef\xbc\x9f' due to no match in scan
D/wpa_supplicant( 3171): CTRL_IFACE monitor sent successfully to /data/misc/wifi/sockets/wpa_ctrl_467-2\x00
D/wpa_supplicant( 3171): CTRL_IFACE monitor sent successfully to /data/misc/wifi/sockets/wpa_ctrl_1377-2\x00
D/wpa_supplicant( 3171): wlan0: BSS: Remove id 1028 BSSID 04:bd:88:4f:29:b2 SSID 'Local.Autohome Inc.' due to no match in scan
D/wpa_supplicant( 3171): CTRL_IFACE monitor sent successfully to /data/misc/wifi/sockets/wpa_ctrl_467-2\x00
D/wpa_supplicant( 3171): CTRL_IFACE monitor sent successfully to /data/misc/wifi/sockets/wpa_ctrl_1377-2\x00
D/wpa_supplicant( 3171): BSS: last_scan_res_used=79/128
D/wpa_supplicant( 3171): wlan0: Scan-only results received
D/wpa_supplicant( 3171): CTRL_IFACE monitor sent successfully to /data/misc/wifi/sockets/wpa_ctrl_467-2\x00
D/wpa_supplicant( 3171): CTRL_IFACE monitor sent successfully to /data/misc/wifi/sockets/wpa_ctrl_1377-2\x00
D/wpa_supplicant( 3171): wlan0: Radio work 'scan'@0x55b1325d80 done in 2.321760 seconds
D/wpa_supplicant( 3171): wlan0: Control interface command 'BSS RANGE=0- MASK=0x23987'
D/wpa_supplicant( 3171): wlan0: Control interface command 'BSS RANGE=492- MASK=0x23987'
D/wpa_supplicant( 3171): wlan0: Control interface command 'BSS RANGE=1106- MASK=0x23987'
D/LBSSystemMonitorService( 1377): handleMessage what - 4
D/Wiper_jni( 1377): Send Network Location.
I/MSM-irqbalance(  841): Decided to move IRQ166 from CPU1 to CPU2
I/ServiceManager( 3944): Waiting for service goodix.fp...
I/ServiceManager( 3944): Waiting for service goodix.fp...
D/wpa_supplicant( 3171): wlan0: Control interface command 'SIGNAL_POLL'
I/ServiceManager(17717): Waiting for service AtCmdFwd...
I/ServiceManager( 3944): Waiting for service goodix.fp...
I/SurfaceFlinger(  425): FPS: 1
I/ServiceManager(17717): Waiting for service AtCmdFwd...
I/ServiceManager( 3944): Waiting for service goodix.fp...
I/subsystem_ramdump(17910): Usage:./system/bin/subsystem_ramdump [arg1] [arg2] [arg3]
I/subsystem_ramdump(17910): [arg1]: (1/2) Ramdump location: 1: eMMC: /data/ramdump or 2: SD card: /sdcard/ramdump
I/subsystem_ramdump(17910): [arg2]: (1/0) 1: Enable RPM log / 0: Disable RPM log
I/subsystem_ramdump(17910): [arg3]: (1/0) 1: Enable qdss ramdump / 0: Disable qdss ramdump
I/subsystem_ramdump(17910):  Using default ramdump location 1: eMMC: /data/ramdump
I/subsystem_ramdump(17910):  Using default 0: Disable RPM log
I/subsystem_ramdump(17910):  Using default 0: Disable qdss ramdump
E/subsystem_ramdump(17910): Unable to open /dev
E/subsystem_ramdump(17910): Failed to find pil ramdump
I/ServiceManager(17717): Waiting for service AtCmdFwd...
D/FingerGoodix( 3944): go into while FingerPrint,getFingerPrintService()
D/wpa_supplicant( 3171): wlan0: Control interface command 'SIGNAL_POLL'
I/ServiceManager( 3944): Waiting for service goodix.fp...
I/ServiceManager(17717): Waiting for service AtCmdFwd...
I/MSM-irqbalance(  841): Decided to move IRQ104 from CPU1 to CPU2
I/ServiceManager( 3944): Waiting for service goodix.fp...
I/ServiceManager(17717): Waiting for service AtCmdFwd...
I/SurfaceFlinger(  425): FPS: 1
I/ServiceManager( 3944): Waiting for service goodix.fp...
W/Atfwd_Sendcmd(17717): AtCmdFwd service not published, waiting... retryCnt : 3
D/wpa_supplicant( 3171): wlan0: Control interface command 'SIGNAL_POLL'
I/ServiceManager( 3944): Waiting for service goodix.fp...
I/subsystem_ramdump(17930): Usage:./system/bin/subsystem_ramdump [arg1] [arg2] [arg3]
I/subsystem_ramdump(17930): [arg1]: (1/2) Ramdump location: 1: eMMC: /data/ramdump or 2: SD card: /sdcard/ramdump
I/subsystem_ramdump(17930): [arg2]: (1/0) 1: Enable RPM log / 0: Disable RPM log
I/subsystem_ramdump(17930): [arg3]: (1/0) 1: Enable qdss ramdump / 0: Disable qdss ramdump
I/subsystem_ramdump(17930):  Using default ramdump location 1: eMMC: /data/ramdump
I/subsystem_ramdump(17930):  Using default 0: Disable RPM log
I/subsystem_ramdump(17930):  Using default 0: Disable qdss ramdump
E/subsystem_ramdump(17930): Unable to open /dev
E/subsystem_ramdump(17930): Failed to find pil ramdump
I/ServiceManager( 3944): Waiting for service goodix.fp...
D/FingerGoodix( 3944): go into while FingerPrint,getFingerPrintService()
I/MSM-irqbalance(  841): Decided to move IRQ130 from CPU1 to CPU2
I/ServiceManager( 3944): Waiting for service goodix.fp...
I/SurfaceFlinger(  425): FPS: 1
D/wpa_supplicant( 3171): wlan0: Control interface command 'SIGNAL_POLL'
I/ServiceManager( 3944): Waiting for service goodix.fp...
I/ServiceManager( 3944): Waiting for service goodix.fp...
I/ServiceManager( 3944): Waiting for service goodix.fp...
I/subsystem_ramdump(17942): Usage:./system/bin/subsystem_ramdump [arg1] [arg2] [arg3]
I/subsystem_ramdump(17942): [arg1]: (1/2) Ramdump location: 1: eMMC: /data/ramdump or 2: SD card: /sdcard/ramdump
I/subsystem_ramdump(17942): [arg2]: (1/0) 1: Enable RPM log / 0: Disable RPM log
I/subsystem_ramdump(17942): [arg3]: (1/0) 1: Enable qdss ramdump / 0: Disable qdss ramdump
I/subsystem_ramdump(17942):  Using default ramdump location 1: eMMC: /data/ramdump
I/subsystem_ramdump(17942):  Using default 0: Disable RPM log
I/subsystem_ramdump(17942):  Using default 0: Disable qdss ramdump
E/subsystem_ramdump(17942): Unable to open /dev
E/subsystem_ramdump(17942): Failed to find pil ramdump
D/wpa_supplicant( 3171): wlan0: Control interface command 'SIGNAL_POLL'
I/ServiceManager( 3944): Waiting for service goodix.fp...
I/SurfaceFlinger(  425): FPS: 1
I/MSM-irqbalance(  841): Decided to move IRQ240 from CPU1 to CPU2
D/FingerGoodix( 3944): go into while FingerPrint,getFingerPrintService()
I/ServiceManager( 3944): Waiting for service goodix.fp...
I/ServiceManager( 3944): Waiting for service goodix.fp...
D/wpa_supplicant( 3171): wlan0: Control interface command 'SIGNAL_POLL'
E/WifiStateMachine( 1377): WifiStateMachine CMD_START_SCAN source -2 txSuccessRate=0.00 rxSuccessRate=0.00 targetRoamBSSID=any RSSI=-47
E/WifiStateMachine( 1377): WifiStateMachine starting scan for "mtest"-WPA_PSK with 2412
D/wpa_supplicant( 3171): wlan0: Control interface command 'SCAN TYPE=ONLY freq=2412'
D/wpa_supplicant( 3171): wlan0: Setting scan request: 0.000000 sec
D/wpa_supplicant( 3171): wlan0: Starting AP scan for wildcard SSID
D/wpa_supplicant( 3171): wlan0: Limit manual scan to specified channels
D/wpa_supplicant( 3171): wlan0: Add radio work 'scan'@0x55b1325d80
D/wpa_supplicant( 3171): wlan0: First radio work item in the queue - schedule start immediately
D/wpa_supplicant( 3171): wlan0: Starting radio work 'scan'@0x55b1325d80 after 0.000051 second wait
D/wpa_supplicant( 3171): wlan0: nl80211: scan request
D/wpa_supplicant( 3171): Scan requested (ret=0) - scan timeout 30 seconds
D/wpa_supplicant( 3171): nl80211: Drv Event 33 (NL80211_CMD_TRIGGER_SCAN) received for wlan0
D/wpa_supplicant( 3171): wlan0: nl80211: Scan trigger
D/wpa_supplicant( 3171): wlan0: Event SCAN_STARTED (49) received
D/wpa_supplicant( 3171): wlan0: Own scan request started a scan in 0.000137 seconds
D/wpa_supplicant( 3171): CTRL_IFACE monitor sent successfully to /data/misc/wifi/sockets/wpa_ctrl_467-2\x00
D/wpa_supplicant( 3171): CTRL_IFACE monitor sent successfully to /data/misc/wifi/sockets/wpa_ctrl_1377-2\x00
I/WifiHAL ( 1377): Poll result = 1
I/WifiHAL ( 1377): Found some events!!!
D/WifiHAL ( 1377): no_seq_check received
I/WifiHAL ( 1377): event received NL80211_CMD_TRIGGER_SCAN
I/WifiHAL ( 1377): event received NL80211_CMD_TRIGGER_SCAN, vendor_id = 0x0
I/WifiHAL ( 1377): event ignored!!
I/WifiHAL ( 1377): Poll result = 1
I/WifiHAL ( 1377): Found some events!!!
D/WifiHAL ( 1377): no_seq_check received
I/WifiHAL ( 1377): event received NL80211_CMD_NEW_SCAN_RESULTS
I/WifiHAL ( 1377): event received NL80211_CMD_NEW_SCAN_RESULTS, vendor_id = 0x0
I/WifiHAL ( 1377): event ignored!!
D/wpa_supplicant( 3171): nl80211: Drv Event 34 (NL80211_CMD_NEW_SCAN_RESULTS) received for wlan0
D/wpa_supplicant( 3171): wlan0: nl80211: New scan results available
D/wpa_supplicant( 3171): nl80211: Scan included frequencies: 2412
D/wpa_supplicant( 3171): wlan0: Event SCAN_RESULTS (3) received
D/wpa_supplicant( 3171): wlan0: Scan completed in 0.071842 seconds
D/wpa_supplicant( 3171): nl80211: Associated on 2412 MHz
D/wpa_supplicant( 3171): nl80211: Associated with 8c:be:be:4b:f8:f7
D/wpa_supplicant( 3171): nl80211: Received scan results (70 BSSes)
D/wpa_supplicant( 3171): nl80211: Scan results indicate BSS status with 8c:be:be:4b:f8:f7 as associated
D/wpa_supplicant( 3171): wlan0: BSS: Start scan result update 434
D/wpa_supplicant( 3171): wlan0: BSS: Add new id 1133 BSSID 04:bd:88:37:68:42 SSID 'Local.Autohome Inc.'
D/wpa_supplicant( 3171): CTRL_IFACE monitor sent successfully to /data/misc/wifi/sockets/wpa_ctrl_467-2\x00
D/wpa_supplicant( 3171): CTRL_IFACE monitor sent successfully to /data/misc/wifi/sockets/wpa_ctrl_1377-2\x00
D/wpa_supplicant( 3171): BSS: last_scan_res_used=70/128
D/wpa_supplicant( 3171): wlan0: Scan-only results received
D/wpa_supplicant( 3171): CTRL_IFACE monitor sent successfully to /data/misc/wifi/sockets/wpa_ctrl_467-2\x00
D/wpa_supplicant( 3171): CTRL_IFACE monitor sent successfully to /data/misc/wifi/sockets/wpa_ctrl_1377-2\x00
D/wpa_supplicant( 3171): wlan0: Radio work 'scan'@0x55b1325d80 done in 0.079572 seconds
D/wpa_supplicant( 3171): wlan0: Control interface command 'BSS RANGE=0- MASK=0x23987'
D/wpa_supplicant( 3171): wlan0: Control interface command 'BSS RANGE=492- MASK=0x23987'
D/wpa_supplicant( 3171): wlan0: Control interface command 'BSS RANGE=1106- MASK=0x23987'
I/subsystem_ramdump(17955): Usage:./system/bin/subsystem_ramdump [arg1] [arg2] [arg3]
I/subsystem_ramdump(17955): [arg1]: (1/2) Ramdump location: 1: eMMC: /data/ramdump or 2: SD card: /sdcard/ramdump
I/subsystem_ramdump(17955): [arg2]: (1/0) 1: Enable RPM log / 0: Disable RPM log
I/subsystem_ramdump(17955): [arg3]: (1/0) 1: Enable qdss ramdump / 0: Disable qdss ramdump
I/subsystem_ramdump(17955):  Using default ramdump location 1: eMMC: /data/ramdump
I/subsystem_ramdump(17955):  Using default 0: Disable RPM log
I/subsystem_ramdump(17955):  Using default 0: Disable qdss ramdump
E/subsystem_ramdump(17955): Unable to open /dev
E/subsystem_ramdump(17955): Failed to find pil ramdump
I/ServiceManager( 3944): Waiting for service goodix.fp...
I/SurfaceFlinger(  425): FPS: 1
I/ServiceManager( 3944): Waiting for service goodix.fp...
E/WifiStateMachine( 1377): WifiStateMachine CMD_START_SCAN source 10032 txSuccessRate=0.00 rxSuccessRate=0.00 targetRoamBSSID=any RSSI=-47
D/wpa_supplicant( 3171): wlan0: Control interface command 'SCAN TYPE=ONLY'
D/wpa_supplicant( 3171): wlan0: Setting scan request: 0.000000 sec
D/wpa_supplicant( 3171): wlan0: Starting AP scan for wildcard SSID
D/wpa_supplicant( 3171): wlan0: Add radio work 'scan'@0x55b1325d80
D/wpa_supplicant( 3171): wlan0: First radio work item in the queue - schedule start immediately
D/wpa_supplicant( 3171): wlan0: Starting radio work 'scan'@0x55b1325d80 after 0.000049 second wait
D/wpa_supplicant( 3171): wlan0: nl80211: scan request
D/wpa_supplicant( 3171): Scan requested (ret=0) - scan timeout 30 seconds
D/wpa_supplicant( 3171): nl80211: Drv Event 33 (NL80211_CMD_TRIGGER_SCAN) received for wlan0
D/wpa_supplicant( 3171): wlan0: nl80211: Scan trigger
D/wpa_supplicant( 3171): wlan0: Event SCAN_STARTED (49) received
D/wpa_supplicant( 3171): wlan0: Own scan request started a scan in 0.000166 seconds
D/wpa_supplicant( 3171): CTRL_IFACE monitor sent successfully to /data/misc/wifi/sockets/wpa_ctrl_467-2\x00
D/wpa_supplicant( 3171): CTRL_IFACE monitor sent successfully to /data/misc/wifi/sockets/wpa_ctrl_1377-2\x00
I/WifiHAL ( 1377): Poll result = 1
I/WifiHAL ( 1377): Found some events!!!
D/WifiHAL ( 1377): no_seq_check received
I/WifiHAL ( 1377): event received NL80211_CMD_TRIGGER_SCAN
I/WifiHAL ( 1377): event received NL80211_CMD_TRIGGER_SCAN, vendor_id = 0x0
I/WifiHAL ( 1377): event ignored!!
I/ServiceManager( 3944): Waiting for service goodix.fp...
D/wpa_supplicant( 3171): wlan0: Control interface command 'SIGNAL_POLL'
I/MSM-irqbalance(  841): Decided to move IRQ174 from CPU3 to CPU2
D/FingerGoodix( 3944): go into while FingerPrint,getFingerPrintService()
I/ServiceManager( 3944): Waiting for service goodix.fp...
I/WifiHAL ( 1377): Poll result = 1
I/WifiHAL ( 1377): Found some events!!!
D/WifiHAL ( 1377): no_seq_check received
I/WifiHAL ( 1377): event received NL80211_CMD_NEW_SCAN_RESULTS
I/WifiHAL ( 1377): event received NL80211_CMD_NEW_SCAN_RESULTS, vendor_id = 0x0
I/WifiHAL ( 1377): event ignored!!
D/wpa_supplicant( 3171): nl80211: Drv Event 34 (NL80211_CMD_NEW_SCAN_RESULTS) received for wlan0
D/wpa_supplicant( 3171): wlan0: nl80211: New scan results available
D/wpa_supplicant( 3171): nl80211: Scan included frequencies: 2412 2417 2422 2427 2432 2437 2442 2447 2452 2457 2462 2467 2472 5180 5200 5220 5240 5260 5280 5300 5320 5745 5765 5785 5805 5825
D/wpa_supplicant( 3171): wlan0: Event SCAN_RESULTS (3) received
D/wpa_supplicant( 3171): wlan0: Scan completed in 2.263526 seconds
D/wpa_supplicant( 3171): nl80211: Associated on 2412 MHz
D/wpa_supplicant( 3171): nl80211: Associated with 8c:be:be:4b:f8:f7
D/wpa_supplicant( 3171): nl80211: Received scan results (71 BSSes)
D/wpa_supplicant( 3171): nl80211: Scan results indicate BSS status with 8c:be:be:4b:f8:f7 as associated
D/wpa_supplicant( 3171): wlan0: BSS: Start scan result update 435
D/wpa_supplicant( 3171): wlan0: BSS: Add new id 1134 BSSID 04:bd:88:4b:d0:d1 SSID 'Local.Autohome Inc.'
D/wpa_supplicant( 3171): CTRL_IFACE monitor sent successfully to /data/misc/wifi/sockets/wpa_ctrl_467-2\x00
D/wpa_supplicant( 3171): CTRL_IFACE monitor sent successfully to /data/misc/wifi/sockets/wpa_ctrl_1377-2\x00
D/wpa_supplicant( 3171): wlan0: BSS: Add new id 1135 BSSID 94:b4:0f:20:20:b2 SSID 'Local.Autohome Inc.'
D/wpa_supplicant( 3171): CTRL_IFACE monitor sent successfully to /data/misc/wifi/sockets/wpa_ctrl_467-2\x00
D/wpa_supplicant( 3171): CTRL_IFACE monitor sent successfully to /data/misc/wifi/sockets/wpa_ctrl_1377-2\x00
D/wpa_supplicant( 3171): wlan0: BSS: Add new id 1136 BSSID 94:b4:0f:20:20:b1 SSID 'Tech.Autohome Inc.'
D/wpa_supplicant( 3171): CTRL_IFACE monitor sent successfully to /data/misc/wifi/sockets/wpa_ctrl_467-2\x00
D/wpa_supplicant( 3171): CTRL_IFACE monitor sent successfully to /data/misc/wifi/sockets/wpa_ctrl_1377-2\x00
D/wpa_supplicant( 3171): wlan0: BSS: Add new id 1137 BSSID 94:b4:0f:20:20:b0 SSID 'Autohome Inc.-Guest'
D/wpa_supplicant( 3171): CTRL_IFACE monitor sent successfully to /data/misc/wifi/sockets/wpa_ctrl_467-2\x00
D/wpa_supplicant( 3171): CTRL_IFACE monitor sent successfully to /data/misc/wifi/sockets/wpa_ctrl_1377-2\x00
D/wpa_supplicant( 3171): wlan0: BSS: Remove id 1129 BSSID 04:bd:88:4f:2a:60 SSID 'baojia.Autohome Inc.' due to no match in scan
D/wpa_supplicant( 3171): CTRL_IFACE monitor sent successfully to /data/misc/wifi/sockets/wpa_ctrl_467-2\x00
D/wpa_supplicant( 3171): CTRL_IFACE monitor sent successfully to /data/misc/wifi/sockets/wpa_ctrl_1377-2\x00
D/wpa_supplicant( 3171): wlan0: BSS: Remove id 1113 BSSID 04:bd:88:4f:2a:65 SSID 'Autohome Inc.-Staff' due to no match in scan
D/wpa_supplicant( 3171): CTRL_IFACE monitor sent successfully to /data/misc/wifi/sockets/wpa_ctrl_467-2\x00
D/wpa_supplicant( 3171): CTRL_IFACE monitor sent successfully to /data/misc/wifi/sockets/wpa_ctrl_1377-2\x00
D/wpa_supplicant( 3171): wlan0: BSS: Remove id 1111 BSSID 04:bd:88:4f:2a:61 SSID 'Tech.Autohome Inc.' due to no match in scan
D/wpa_supplicant( 3171): CTRL_IFACE monitor sent successfully to /data/misc/wifi/sockets/wpa_ctrl_467-2\x00
D/wpa_supplicant( 3171): CTRL_IFACE monitor sent successfully to /data/misc/wifi/sockets/wpa_ctrl_1377-2\x00
D/wpa_supplicant( 3171): wlan0: BSS: Remove id 1086 BSSID 04:bd:88:4f:2a:63 SSID 'Autohome Inc.-Guest' due to no match in scan
D/wpa_supplicant( 3171): CTRL_IFACE monitor sent successfully to /data/misc/wifi/sockets/wpa_ctrl_467-2\x00
D/wpa_supplicant( 3171): CTRL_IFACE monitor sent successfully to /data/misc/wifi/sockets/wpa_ctrl_1377-2\x00
D/wpa_supplicant( 3171): BSS: last_scan_res_used=71/128
D/wpa_supplicant( 3171): wlan0: Scan-only results received
D/wpa_supplicant( 3171): CTRL_IFACE monitor sent successfully to /data/misc/wifi/sockets/wpa_ctrl_467-2\x00
D/wpa_supplicant( 3171): CTRL_IFACE monitor sent successfully to /data/misc/wifi/sockets/wpa_ctrl_1377-2\x00
D/wpa_supplicant( 3171): wlan0: Radio work 'scan'@0x55b1325d80 done in 2.292876 seconds
D/wpa_supplicant( 3171): wlan0: Control interface command 'BSS RANGE=0- MASK=0x23987'
D/wpa_supplicant( 3171): wlan0: Control interface command 'BSS RANGE=492- MASK=0x23987'
D/wpa_supplicant( 3171): wlan0: Control interface command 'BSS RANGE=1111- MASK=0x23987'
D/LBSSystemMonitorService( 1377): handleMessage what - 4
D/Wiper_jni( 1377): Send Network Location.
I/ServiceManager(17717): Waiting for service AtCmdFwd...
I/ServiceManager( 3944): Waiting for service goodix.fp...
I/SurfaceFlinger(  425): FPS: 1
I/subsystem_ramdump(17969): Usage:./system/bin/subsystem_ramdump [arg1] [arg2] [arg3]
I/subsystem_ramdump(17969): [arg1]: (1/2) Ramdump location: 1: eMMC: /data/ramdump or 2: SD card: /sdcard/ramdump
I/subsystem_ramdump(17969): [arg2]: (1/0) 1: Enable RPM log / 0: Disable RPM log
I/subsystem_ramdump(17969): [arg3]: (1/0) 1: Enable qdss ramdump / 0: Disable qdss ramdump
I/subsystem_ramdump(17969):  Using default ramdump location 1: eMMC: /data/ramdump
I/subsystem_ramdump(17969):  Using default 0: Disable RPM log
I/subsystem_ramdump(17969):  Using default 0: Disable qdss ramdump
E/subsystem_ramdump(17969): Unable to open /dev
E/subsystem_ramdump(17969): Failed to find pil ramdump
D/wpa_supplicant( 3171): wlan0: Control interface command 'SIGNAL_POLL'
I/ServiceManager(17717): Waiting for service AtCmdFwd...
I/ServiceManager( 3944): Waiting for service goodix.fp...
I/ServiceManager(17717): Waiting for service AtCmdFwd...
I/ServiceManager( 3944): Waiting for service goodix.fp...
I/ServiceManager(17717): Waiting for service AtCmdFwd...
I/MSM-irqbalance(  841): Decided to move IRQ57 from CPU3 to CPU2
I/ServiceManager( 3944): Waiting for service goodix.fp...
D/wpa_supplicant( 3171): wlan0: Control interface command 'SIGNAL_POLL'
D/Ulp_jni ( 1377): Location CB invoked
I/ServiceManager(17717): Waiting for service AtCmdFwd...
D/FingerGoodix( 3944): go into while FingerPrint,getFingerPrintService()
I/SurfaceFlinger(  425): FPS: 1
I/ServiceManager( 3944): Waiting for service goodix.fp...
W/Atfwd_Sendcmd(17717): AtCmdFwd service not published, waiting... retryCnt : 4
I/subsystem_ramdump(17980): Usage:./system/bin/subsystem_ramdump [arg1] [arg2] [arg3]
I/subsystem_ramdump(17980): [arg1]: (1/2) Ramdump location: 1: eMMC: /data/ramdump or 2: SD card: /sdcard/ramdump
I/subsystem_ramdump(17980): [arg2]: (1/0) 1: Enable RPM log / 0: Disable RPM log
I/subsystem_ramdump(17980): [arg3]: (1/0) 1: Enable qdss ramdump / 0: Disable qdss ramdump
I/subsystem_ramdump(17980):  Using default ramdump location 1: eMMC: /data/ramdump
I/subsystem_ramdump(17980):  Using default 0: Disable RPM log
I/subsystem_ramdump(17980):  Using default 0: Disable qdss ramdump
E/subsystem_ramdump(17980): Unable to open /dev
E/subsystem_ramdump(17980): Failed to find pil ramdump
I/ServiceManager( 3944): Waiting for service goodix.fp...
I/SurfaceFlinger(  425): FPS: 2
I/ServiceManager( 3944): Waiting for service goodix.fp...
D/wpa_supplicant( 3171): wlan0: Control interface command 'SIGNAL_POLL'
I/ServiceManager( 3944): Waiting for service goodix.fp...
I/MSM-irqbalance(  841): Decided to move IRQ215 from CPU1 to CPU2
I/SurfaceFlinger(  425): FPS: 1
I/ServiceManager( 3944): Waiting for service goodix.fp...
D/FingerGoodix( 3944): go into while FingerPrint,getFingerPrintService()
D/wpa_supplicant( 3171): wlan0: Control interface command 'SIGNAL_POLL'
I/ServiceManager( 3944): Waiting for service goodix.fp...
I/subsystem_ramdump(17982): Usage:./system/bin/subsystem_ramdump [arg1] [arg2] [arg3]
I/subsystem_ramdump(17982): [arg1]: (1/2) Ramdump location: 1: eMMC: /data/ramdump or 2: SD card: /sdcard/ramdump
I/subsystem_ramdump(17982): [arg2]: (1/0) 1: Enable RPM log / 0: Disable RPM log
I/subsystem_ramdump(17982): [arg3]: (1/0) 1: Enable qdss ramdump / 0: Disable qdss ramdump
I/subsystem_ramdump(17982):  Using default ramdump location 1: eMMC: /data/ramdump
I/subsystem_ramdump(17982):  Using default 0: Disable RPM log
I/subsystem_ramdump(17982):  Using default 0: Disable qdss ramdump
E/subsystem_ramdump(17982): Unable to open /dev
E/subsystem_ramdump(17982): Failed to find pil ramdump
I/ServiceManager( 3944): Waiting for service goodix.fp...
I/ServiceManager( 3944): Waiting for service goodix.fp...
I/SurfaceFlinger(  425): FPS: 1
D/wpa_supplicant( 3171): wlan0: Control interface command 'SIGNAL_POLL'
I/MSM-irqbalance(  841): Decided to move IRQ65 from CPU0 to CPU2
I/ServiceManager( 3944): Waiting for service goodix.fp...
I/ServiceManager( 3944): Waiting for service goodix.fp...
E/WifiStateMachine( 1377): WifiStateMachine CMD_START_SCAN source -2 txSuccessRate=0.38 rxSuccessRate=0.25 targetRoamBSSID=any RSSI=-46
E/WifiStateMachine( 1377): WifiStateMachine starting scan for "mtest"-WPA_PSK with 2412
D/wpa_supplicant( 3171): wlan0: Control interface command 'SCAN TYPE=ONLY freq=2412'
D/wpa_supplicant( 3171): wlan0: Setting scan request: 0.000000 sec
D/wpa_supplicant( 3171): wlan0: Starting AP scan for wildcard SSID
D/wpa_supplicant( 3171): wlan0: Limit manual scan to specified channels
D/wpa_supplicant( 3171): wlan0: Add radio work 'scan'@0x55b1327e20
D/wpa_supplicant( 3171): wlan0: First radio work item in the queue - schedule start immediately
D/wpa_supplicant( 3171): wlan0: Starting radio work 'scan'@0x55b1327e20 after 0.000047 second wait
D/wpa_supplicant( 3171): wlan0: nl80211: scan request
D/wpa_supplicant( 3171): Scan requested (ret=0) - scan timeout 30 seconds
D/wpa_supplicant( 3171): nl80211: Drv Event 33 (NL80211_CMD_TRIGGER_SCAN) received for wlan0
D/wpa_supplicant( 3171): wlan0: nl80211: Scan trigger
D/wpa_supplicant( 3171): wlan0: Event SCAN_STARTED (49) received
I/WifiHAL ( 1377): Poll result = 1
I/WifiHAL ( 1377): Found some events!!!
D/wpa_supplicant( 3171): wlan0: Own scan request started a scan in 0.000146 seconds
D/WifiHAL ( 1377): no_seq_check received
I/WifiHAL ( 1377): event received NL80211_CMD_TRIGGER_SCAN
I/WifiHAL ( 1377): event received NL80211_CMD_TRIGGER_SCAN, vendor_id = 0x0
I/WifiHAL ( 1377): event ignored!!
D/wpa_supplicant( 3171): CTRL_IFACE monitor sent successfully to /data/misc/wifi/sockets/wpa_ctrl_467-2\x00
D/wpa_supplicant( 3171): CTRL_IFACE monitor sent successfully to /data/misc/wifi/sockets/wpa_ctrl_1377-2\x00
I/WifiHAL ( 1377): Poll result = 1
I/WifiHAL ( 1377): Found some events!!!
D/WifiHAL ( 1377): no_seq_check received
I/WifiHAL ( 1377): event received NL80211_CMD_NEW_SCAN_RESULTS
I/WifiHAL ( 1377): event received NL80211_CMD_NEW_SCAN_RESULTS, vendor_id = 0x0
I/WifiHAL ( 1377): event ignored!!
D/wpa_supplicant( 3171): nl80211: Drv Event 34 (NL80211_CMD_NEW_SCAN_RESULTS) received for wlan0
D/wpa_supplicant( 3171): wlan0: nl80211: New scan results available
D/wpa_supplicant( 3171): nl80211: Scan included frequencies: 2412
D/wpa_supplicant( 3171): wlan0: Event SCAN_RESULTS (3) received
D/wpa_supplicant( 3171): wlan0: Scan completed in 0.072869 seconds
D/wpa_supplicant( 3171): nl80211: Associated on 2412 MHz
D/wpa_supplicant( 3171): nl80211: Associated with 8c:be:be:4b:f8:f7
D/wpa_supplicant( 3171): nl80211: Received scan results (72 BSSes)
D/wpa_supplicant( 3171): nl80211: Scan results indicate BSS status with 8c:be:be:4b:f8:f7 as associated
D/wpa_supplicant( 3171): wlan0: BSS: Start scan result update 436
D/wpa_supplicant( 3171): wlan0: BSS: Add new id 1138 BSSID 04:bd:88:37:68:41 SSID 'Tech.Autohome Inc.'
D/wpa_supplicant( 3171): CTRL_IFACE monitor sent successfully to /data/misc/wifi/sockets/wpa_ctrl_467-2\x00
D/wpa_supplicant( 3171): CTRL_IFACE monitor sent successfully to /data/misc/wifi/sockets/wpa_ctrl_1377-2\x00
D/wpa_supplicant( 3171): wlan0: BSS: Remove id 1110 BSSID 58:b6:33:8e:8e:f8 SSID '' due to no match in scan
D/wpa_supplicant( 3171): CTRL_IFACE monitor sent successfully to /data/misc/wifi/sockets/wpa_ctrl_467-2\x00
D/wpa_supplicant( 3171): CTRL_IFACE monitor sent successfully to /data/misc/wifi/sockets/wpa_ctrl_1377-2\x00
D/wpa_supplicant( 3171): BSS: last_scan_res_used=72/128
D/wpa_supplicant( 3171): wlan0: Scan-only results received
D/wpa_supplicant( 3171): CTRL_IFACE monitor sent successfully to /data/misc/wifi/sockets/wpa_ctrl_467-2\x00
D/wpa_supplicant( 3171): CTRL_IFACE monitor sent successfully to /data/misc/wifi/sockets/wpa_ctrl_1377-2\x00
D/wpa_supplicant( 3171): wlan0: Radio work 'scan'@0x55b1327e20 done in 0.129553 seconds
D/wpa_supplicant( 3171): wlan0: Control interface command 'BSS RANGE=0- MASK=0x23987'
D/wpa_supplicant( 3171): wlan0: Control interface command 'BSS RANGE=492- MASK=0x23987'
D/wpa_supplicant( 3171): wlan0: Control interface command 'BSS RANGE=1115- MASK=0x23987'
D/FingerGoodix( 3944): go into while FingerPrint,getFingerPrintService()
I/ServiceManager( 3944): Waiting for service goodix.fp...
I/subsystem_ramdump(17985): Usage:./system/bin/subsystem_ramdump [arg1] [arg2] [arg3]
I/subsystem_ramdump(17985): [arg1]: (1/2) Ramdump location: 1: eMMC: /data/ramdump or 2: SD card: /sdcard/ramdump
I/subsystem_ramdump(17985): [arg2]: (1/0) 1: Enable RPM log / 0: Disable RPM log
I/subsystem_ramdump(17985): [arg3]: (1/0) 1: Enable qdss ramdump / 0: Disable qdss ramdump
I/subsystem_ramdump(17985):  Using default ramdump location 1: eMMC: /data/ramdump
I/subsystem_ramdump(17985):  Using default 0: Disable RPM log
I/subsystem_ramdump(17985):  Using default 0: Disable qdss ramdump
E/subsystem_ramdump(17985): Unable to open /dev
E/subsystem_ramdump(17985): Failed to find pil ramdump
D/wpa_supplicant( 3171): wlan0: Control interface command 'SIGNAL_POLL'
I/SurfaceFlinger(  425): FPS: 1
I/ServiceManager( 3944): Waiting for service goodix.fp...
I/ServiceManager( 3944): Waiting for service goodix.fp...
I/SurfaceFlinger(  425): FPS: 1
D/SizeAdaptiveLayout( 3233): com.android.internal.widget.SizeAdaptiveLayout{1156fc69 V.E..... ......ID 0,0-986,189 #70800d9 com.android.systemui:id/adaptive}child view android.widget.FrameLayout{3b921987 V.E..... ......ID 0,0-986,188 #1020336 android:id/status_bar_latest_event_content} measured out of bounds at 188px clamped to 189px
D/SizeAdaptiveLayout( 3233): com.android.internal.widget.SizeAdaptiveLayout{28128957 V.E..... ......ID 0,0-986,189 #70800d9 com.android.systemui:id/adaptive}child view android.widget.FrameLayout{1fb7e8e5 V.E..... ......ID 0,0-986,188 #1020336 android:id/status_bar_latest_event_content} measured out of bounds at 188px clamped to 189px
I/MSM-irqbalance(  841): Decided to move IRQ178 from CPU0 to CPU2
I/ServiceManager( 3944): Waiting for service goodix.fp...
D/wpa_supplicant( 3171): wlan0: Control interface command 'SIGNAL_POLL'
D/MSF.D.QLog( 7652): QLog init
I/ServiceManager( 3944): Waiting for service goodix.fp...
E/WifiStateMachine( 1377): WifiStateMachine CMD_START_SCAN source 10032 txSuccessRate=0.02 rxSuccessRate=0.02 targetRoamBSSID=any RSSI=-46
D/wpa_supplicant( 3171): wlan0: Control interface command 'SCAN TYPE=ONLY'
D/wpa_supplicant( 3171): wlan0: Setting scan request: 0.000000 sec
D/wpa_supplicant( 3171): wlan0: Starting AP scan for wildcard SSID
D/wpa_supplicant( 3171): wlan0: Add radio work 'scan'@0x55b1327e20
D/wpa_supplicant( 3171): wlan0: First radio work item in the queue - schedule start immediately
D/wpa_supplicant( 3171): wlan0: Starting radio work 'scan'@0x55b1327e20 after 0.000049 second wait
D/wpa_supplicant( 3171): wlan0: nl80211: scan request
D/wpa_supplicant( 3171): Scan requested (ret=0) - scan timeout 30 seconds
I/WifiHAL ( 1377): Poll result = 1
I/WifiHAL ( 1377): Found some events!!!
D/wpa_supplicant( 3171): nl80211: Drv Event 33 (NL80211_CMD_TRIGGER_SCAN) received for wlan0
D/wpa_supplicant( 3171): wlan0: nl80211: Scan trigger
D/WifiHAL ( 1377): no_seq_check received
D/wpa_supplicant( 3171): wlan0: Event SCAN_STARTED (49) received
I/WifiHAL ( 1377): event received NL80211_CMD_TRIGGER_SCAN
I/WifiHAL ( 1377): event received NL80211_CMD_TRIGGER_SCAN, vendor_id = 0x0
I/WifiHAL ( 1377): event ignored!!
D/wpa_supplicant( 3171): wlan0: Own scan request started a scan in 0.000149 seconds
D/wpa_supplicant( 3171): CTRL_IFACE monitor sent successfully to /data/misc/wifi/sockets/wpa_ctrl_467-2\x00
D/wpa_supplicant( 3171): CTRL_IFACE monitor sent successfully to /data/misc/wifi/sockets/wpa_ctrl_1377-2\x00
I/SurfaceFlinger(  425): FPS: 1
D/FingerGoodix( 3944): go into while FingerPrint,getFingerPrintService()
I/subsystem_ramdump(17987): Usage:./system/bin/subsystem_ramdump [arg1] [arg2] [arg3]
I/subsystem_ramdump(17987): [arg1]: (1/2) Ramdump location: 1: eMMC: /data/ramdump or 2: SD card: /sdcard/ramdump
I/subsystem_ramdump(17987): [arg2]: (1/0) 1: Enable RPM log / 0: Disable RPM log
I/subsystem_ramdump(17987): [arg3]: (1/0) 1: Enable qdss ramdump / 0: Disable qdss ramdump
I/subsystem_ramdump(17987):  Using default ramdump location 1: eMMC: /data/ramdump
I/subsystem_ramdump(17987):  Using default 0: Disable RPM log
I/subsystem_ramdump(17987):  Using default 0: Disable qdss ramdump
E/subsystem_ramdump(17987): Unable to open /dev
E/subsystem_ramdump(17987): Failed to find pil ramdump
I/ServiceManager( 3944): Waiting for service goodix.fp...
D/wpa_supplicant( 3171): wlan0: Control interface command 'SIGNAL_POLL'
I/ServiceManager( 3944): Waiting for service goodix.fp...
I/WifiHAL ( 1377): Poll result = 1
I/WifiHAL ( 1377): Found some events!!!
D/WifiHAL ( 1377): no_seq_check received
I/WifiHAL ( 1377): event received NL80211_CMD_NEW_SCAN_RESULTS
