W/ContextImpl( 4670): Calling a method in the system process without a qualified user: android.app.ContextImpl.sendBroadcast:1340 android.content.ContextWrapper.sendBroadcast:377 com.miui.networkassistant.service.tm.TrafficManageService.broadCastDataUsageUpdated:-1 com.miui.networkassistant.service.tm.TrafficManageService$8.onReceive:-1 android.app.LoadedApk$ReceiverDispatcher$Args.run:868 
I/ActivityManager( 1377): START u0 {cmp=cn.com.autohome.travel/.module.recommend.StampDetailActivity (has extras)} from uid 10100 on display 0
V/WindowManager( 1377): addAppToken: AppWindowToken{17a62f2a token=Token{3fadd015 ActivityRecord{f3b05cc u0 cn.com.autohome.travel/.module.recommend.StampDetailActivity t1382}}} to stack=1 task=1382 at 2
E/ActivityThread(12072): Failed to find provider info for com.google.settings
W/InputManager( 1377): Input event injection from pid 14485 failed.
W/InputManager( 1377): Input event injection from pid 14485 failed.
V/WindowManager( 1377): Adding window Window{d2488c9 u0 cn.com.autohome.travel/cn.com.autohome.travel.module.recommend.StampDetailActivity} at 5 of 13 (after Window{30325e6e u0 cn.com.autohome.travel/cn.com.autohome.travel.module.recommend.TravelNoteDetailActivity})
V/WindowManager( 1377): Adding window Window{13531aef u0 cn.com.autohome.travel/cn.com.autohome.travel.module.recommend.StampDetailActivity} at 5 of 13 (before Window{d2488c9 u0 cn.com.autohome.travel/cn.com.autohome.travel.module.recommend.StampDetailActivity})
I/ActivityManager( 1377): START u0 {act=android.intent.action.MAIN cat=[android.intent.category.HOME] flg=0x10200000 cmp=com.miui.home/.launcher.Launcher} from uid 1000 on display 0
I/ActivityManager( 1377): START u0 {cmp=cn.com.autohome.travel/.module.recommend.CommentActivity (has extras)} from uid 10100 on display 0
V/WindowManager( 1377): addAppToken: AppWindowToken{309d78e7 token=Token{198366a6 ActivityRecord{2e7f8801 u0 cn.com.autohome.travel/.module.recommend.CommentActivity t1382}}} to stack=1 task=1382 at 3
V/WindowManager( 1377): Adding window Window{f5ba33d u0 cn.com.autohome.travel/cn.com.autohome.travel.module.recommend.CommentActivity} at 6 of 13 (after Window{13531aef u0 cn.com.autohome.travel/cn.com.autohome.travel.module.recommend.StampDetailActivity})
W/ContextImpl( 3233): Calling a method in the system process without a qualified user: android.app.ContextImpl.sendBroadcast:1340 android.content.ContextWrapper.sendBroadcast:377 com.android.systemui.taskmanager.TaskManagerView.sendVisibilityChangedBroadcast:649 com.android.systemui.taskmanager.TaskManagerView.show:597 com.android.systemui.taskmanager.TaskManagerView.show:478 
W/InputMethodManagerService( 1377): Window already focused, ignoring focus gain of: com.android.internal.view.IInputMethodClient$Stub$Proxy@33ef4732 attribute=null, token = android.os.BinderProxy@178d0c94
W/ContextImpl( 1377): Calling a method in the system process without a qualified user: android.app.ContextImpl.sendBroadcast:1354 com.android.internal.policy.impl.BaseMiuiPhoneWindowManager$15.run:1742 android.os.Handler.handleCallback:739 android.os.Handler.dispatchMessage:95 android.os.Looper.loop:135 
V/WindowManager( 1377): Adding window Window{3c055a2c u0 PopupWindow:3d73d5de} at 8 of 15 (after Window{24c6a47e u0 InputMethod})
W/ContextImpl( 3233): Calling a method in the system process without a qualified user: android.app.ContextImpl.sendBroadcast:1340 android.content.ContextWrapper.sendBroadcast:377 com.android.systemui.taskmanager.TaskManagerView.sendVisibilityChangedBroadcast:649 com.android.systemui.taskmanager.TaskManagerView.access$1800:87 com.android.systemui.taskmanager.TaskManagerView$11.run:584 
I/UsageStatsService( 1377): User[0] Flushing usage stats to disk
W/ProcessCpuTracker( 1377): Skipping unknown process pid 14902
W/BroadcastQueue( 1377): Skipping deliver [background] BroadcastRecord{35f97371 u-1 android.net.conn.CONNECTIVITY_CHANGE} to ReceiverList{36c8c556 14938 (unknown name)/2000/u-1 remote:c8138fb}: process crashing
I/ActivityManager( 1377): START u0 {act=android.intent.action.MAIN cat=[android.intent.category.LAUNCHER] flg=0x10200000 cmp=cn.com.autohome.travel/.module.launcher.SplashActivity} from uid 2000 on display 0
W/ContextImpl( 3233): Calling a method in the system process without a qualified user: android.app.ContextImpl.sendBroadcast:1340 android.content.ContextWrapper.sendBroadcast:377 com.android.systemui.taskmanager.TaskManagerView.sendVisibilityChangedBroadcast:649 com.android.systemui.taskmanager.TaskManagerView.show:597 com.android.systemui.taskmanager.TaskManagerView.show:478 
W/InputMethodManagerService( 1377): Window already focused, ignoring focus gain of: com.android.internal.view.IInputMethodClient$Stub$Proxy@362069d7 attribute=null, token = android.os.BinderProxy@178d0c94
W/ContextImpl( 3233): Calling a method in the system process without a qualified user: android.app.ContextImpl.sendBroadcast:1340 android.content.ContextWrapper.sendBroadcast:377 com.android.systemui.taskmanager.TaskManagerView.sendVisibilityChangedBroadcast:649 com.android.systemui.taskmanager.TaskManagerView.access$1800:87 com.android.systemui.taskmanager.TaskManagerView$11.run:584 
W/ContextImpl( 3233): Calling a method in the system process without a qualified user: android.app.ContextImpl.sendBroadcast:1340 android.content.ContextWrapper.sendBroadcast:377 com.android.systemui.taskmanager.TaskManagerView.sendVisibilityChangedBroadcast:649 com.android.systemui.taskmanager.TaskManagerView.show:597 com.android.systemui.taskmanager.TaskManagerView.show:478 
W/InputMethodManagerService( 1377): Window already focused, ignoring focus gain of: com.android.internal.view.IInputMethodClient$Stub$Proxy@1f56c2c4 attribute=null, token = android.os.BinderProxy@178d0c94
W/ContextImpl( 3233): Calling a method in the system process without a qualified user: android.app.ContextImpl.sendBroadcast:1340 android.content.ContextWrapper.sendBroadcast:377 com.android.systemui.taskmanager.TaskManagerView.sendVisibilityChangedBroadcast:649 com.android.systemui.taskmanager.TaskManagerView.access$1800:87 com.android.systemui.taskmanager.TaskManagerView$11.run:584 
W/ContextImpl( 3233): Calling a method in the system process without a qualified user: android.app.ContextImpl.sendBroadcast:1340 android.content.ContextWrapper.sendBroadcast:377 com.android.systemui.taskmanager.TaskManagerView.sendVisibilityChangedBroadcast:649 com.android.systemui.taskmanager.TaskManagerView.show:597 com.android.systemui.taskmanager.TaskManagerView.show:478 
W/InputMethodManagerService( 1377): Window already focused, ignoring focus gain of: com.android.internal.view.IInputMethodClient$Stub$Proxy@2ee0d5ad attribute=null, token = android.os.BinderProxy@178d0c94
W/ContextImpl( 3233): Calling a method in the system process without a qualified user: android.app.ContextImpl.sendBroadcast:1340 android.content.ContextWrapper.sendBroadcast:377 com.android.systemui.taskmanager.TaskManagerView.sendVisibilityChangedBroadcast:649 com.android.systemui.taskmanager.TaskManagerView.show:597 com.android.systemui.taskmanager.TaskManagerView.show:478 
W/InputMethodManagerService( 1377): Window already focused, ignoring focus gain of: com.android.internal.view.IInputMethodClient$Stub$Proxy@27a3e0e2 attribute=null, token = android.os.BinderProxy@178d0c94
W/ContextImpl( 3233): Calling a method in the system process without a qualified user: android.app.ContextImpl.sendBroadcast:1340 android.content.ContextWrapper.sendBroadcast:377 com.android.systemui.taskmanager.TaskManagerView.sendVisibilityChangedBroadcast:649 com.android.systemui.taskmanager.TaskManagerView.access$1800:87 com.android.systemui.taskmanager.TaskManagerView$11.run:584 
W/ContextImpl( 3233): Calling a method in the system process without a qualified user: android.app.ContextImpl.sendBroadcast:1340 android.content.ContextWrapper.sendBroadcast:377 com.android.systemui.taskmanager.TaskManagerView.sendVisibilityChangedBroadcast:649 com.android.systemui.taskmanager.TaskManagerView.show:597 com.android.systemui.taskmanager.TaskManagerView.show:478 
W/InputMethodManagerService( 1377): Window already focused, ignoring focus gain of: com.android.internal.view.IInputMethodClient$Stub$Proxy@2017cc73 attribute=null, token = android.os.BinderProxy@178d0c94
W/ContextImpl( 3233): Calling a method in the system process without a qualified user: android.app.ContextImpl.sendBroadcast:1340 android.content.ContextWrapper.sendBroadcast:377 com.android.systemui.taskmanager.TaskManagerView.sendVisibilityChangedBroadcast:649 com.android.systemui.taskmanager.TaskManagerView.show:597 com.android.systemui.taskmanager.TaskManagerView.show:478 
E/ActivityManager( 1377): Invalid thumbnail dimensions: 0x0
W/ContextImpl( 1377): Calling a method in the system process without a qualified user: android.app.ContextImpl.sendBroadcast:1354 com.android.internal.policy.impl.BaseMiuiPhoneWindowManager$15.run:1742 android.os.Handler.handleCallback:739 android.os.Handler.dispatchMessage:95 android.os.Looper.loop:135 
D/ActivityThread(12226): Loading provider miui.yellowpage.invocation: com.miui.yellowpage.providers.invocation.InvocationProxy
D/ConnectivityService( 1377): returning Blocked NetworkInfo for ifname=wlan0, uid=10593
I/ActivityManager( 1377): START u0 {act=android.intent.action.VIEW dat=content://com.android.contacts/contacts/lookup/3959r3-63D763D7B5BFC9BB98F4978D/3 pkg=com.android.contacts cmp=com.android.contacts/.activities.ContactDetailActivity (has extras)} from uid 10008 on display 0
W/ContextImpl( 1377): Calling a method in the system process without a qualified user: android.app.ContextImpl.sendBroadcast:1340 com.android.internal.policy.impl.BaseMiuiPhoneWindowManager$14.run:1732 android.os.Handler.handleCallback:739 android.os.Handler.dispatchMessage:95 android.os.Looper.loop:135 
I/ActivityManager( 1377): START u0 {act=android.intent.action.INSERT dat=content://com.android.contacts/contacts pkg=com.android.contacts cmp=com.android.contacts/.activities.ContactEditorActivity} from uid 10008 on display 0
I/ActivityManager( 1377): START u0 {act=com.miui.voip.action.ACTIVATE_VOIP_ROUTER pkg=com.miui.voip cmp=com.miui.voip/.engine.activate.ActivateRouterActivity (has extras)} from uid 10008 on display 0
I/ActivityManager( 1377): START u0 {act=android.intent.action.VIEW dat=content://com.android.contacts/contacts/lookup/lookup_group/0 pkg=com.android.contacts cmp=com.android.contacts/.activities.ContactsGroupActivity (has extras)} from uid 10008 on display 0
W/ContextImpl( 3233): Calling a method in the system process without a qualified user: android.app.ContextImpl.sendBroadcast:1340 android.content.ContextWrapper.sendBroadcast:377 com.android.systemui.taskmanager.TaskManagerView.sendVisibilityChangedBroadcast:649 com.android.systemui.taskmanager.TaskManagerView.access$1800:87 com.android.systemui.taskmanager.TaskManagerView$11.run:584 
W/ContextImpl( 3233): Calling a method in the system process without a qualified user: android.app.ContextImpl.sendBroadcast:1340 android.content.ContextWrapper.sendBroadcast:377 com.android.systemui.taskmanager.TaskManagerView.sendVisibilityChangedBroadcast:649 com.android.systemui.taskmanager.TaskManagerView.show:597 com.android.systemui.taskmanager.TaskManagerView.show:478 
W/InputMethodManagerService( 1377): Window already focused, ignoring focus gain of: com.android.internal.view.IInputMethodClient$Stub$Proxy@1635a6b6 attribute=null, token = android.os.BinderProxy@3c4ca317
I/ValidateNoPeople( 1377): skipping global notification
W/ContextImpl( 1377): Calling a method in the system process without a qualified user: android.app.ContextImpl.sendBroadcast:1354 com.android.internal.policy.impl.BaseMiuiPhoneWindowManager$15.run:1742 android.os.Handler.handleCallback:739 android.os.Handler.dispatchMessage:95 android.os.Looper.loop:135 
V/WindowManager( 1377): Adding window Window{874a689 u0 PopupWindow:d3a5033} at 8 of 15 (after Window{24c6a47e u0 InputMethod})
W/ContextImpl( 3233): Calling a method in the system process without a qualified user: android.app.ContextImpl.sendBroadcast:1340 android.content.ContextWrapper.sendBroadcast:377 com.android.systemui.taskmanager.TaskManagerView.sendVisibilityChangedBroadcast:649 com.android.systemui.taskmanager.TaskManagerView.access$1800:87 com.android.systemui.taskmanager.TaskManagerView$11.run:584 
W/ContextImpl( 3233): Calling a method in the system process without a qualified user: android.app.ContextImpl.sendBroadcast:1340 android.content.ContextWrapper.sendBroadcast:377 com.android.systemui.taskmanager.TaskManagerView.sendVisibilityChangedBroadcast:649 com.android.systemui.taskmanager.TaskManagerView.show:597 com.android.systemui.taskmanager.TaskManagerView.show:478 
W/InputMethodManagerService( 1377): Window already focused, ignoring focus gain of: com.android.internal.view.IInputMethodClient$Stub$Proxy@3b5ed68e attribute=null, token = android.os.BinderProxy@3c4ca317
I/ValidateNoPeople( 1377): skipping global notification
V/LocationPolicy( 1377): writePolicyLocked()
D/ConnectivityService( 1377): returning Blocked NetworkInfo for ifname=wlan0, uid=10325
I/ActivityManager( 1377): Start proc 15292:com.xiaomi.market:guard/u0a64 for service com.xiaomi.market/.service.SelfUpdateService
D/NetworkManagementService( 1377): hardware tether stats:NetworkStats: elapsedRealtime=3644048
D/NetworkManagementService( 1377): getNetworkStatsSummaryXt:NetworkStats: elapsedRealtime=3644049
D/NetworkManagementService( 1377):   [0] iface=wlan0 uid=-1 set=ALL tag=0x0 rxBytes=34193824 rxPackets=26558 txBytes=1447007 txPackets=16716 operations=0
D/NetworkManagementService( 1377):   [1] iface=usbnet0 uid=-1 set=ALL tag=0x0 rxBytes=0 rxPackets=0 txBytes=0 txPackets=0 operations=0
D/NetworkManagementService( 1377):   [2] iface=lo uid=-1 set=ALL tag=0x0 rxBytes=3772 rxPackets=68 txBytes=3772 txPackets=68 operations=0
D/NetworkManagementService( 1377): hardware tether stats:NetworkStats: elapsedRealtime=3644050
D/NetworkManagementService( 1377): getNetworkStatsSummaryDev:NetworkStats: elapsedRealtime=3644051
D/NetworkManagementService( 1377):   [0] iface=wlan0 uid=-1 set=ALL tag=0x0 rxBytes=34196206 rxPackets=26637 txBytes=1684700 txPackets=16785 operations=0
D/NetworkManagementService( 1377):   [1] iface=usbnet0 uid=-1 set=ALL tag=0x0 rxBytes=0 rxPackets=0 txBytes=0 txPackets=0 operations=0
D/NetworkManagementService( 1377):   [2] iface=lo uid=-1 set=ALL tag=0x0 rxBytes=3772 rxPackets=68 txBytes=3772 txPackets=68 operations=0
W/ContextImpl( 4670): Calling a method in the system process without a qualified user: android.app.ContextImpl.sendBroadcast:1340 android.content.ContextWrapper.sendBroadcast:377 com.miui.networkassistant.service.tm.TrafficManageService.broadCastDataUsageUpdated:-1 com.miui.networkassistant.service.tm.TrafficManageService$8.onReceive:-1 android.app.LoadedApk$ReceiverDispatcher$Args.run:868 
I/ActivityManager( 1377): Killing 12376:com.android.thememanager/9801 (adj 13): empty for 2130s
I/ActivityManager( 1377): Start proc 15319:sogou.mobile.explorer.hotwords/u0a83 for service com.sohu.inputmethod.sogou.xiaomi/sogou.mobile.explorer.hotwordsbase.entrance.HotwordsBaseEntranceService
W/ProcessCpuTracker( 1377): Skipping unknown process pid 15574
W/BroadcastQueue( 1377): Skipping deliver [background] BroadcastRecord{3e28a433 u-1 android.net.conn.CONNECTIVITY_CHANGE} to ReceiverList{bc7a3f0 15595 (unknown name)/2000/u-1 remote:3dba776d}: process crashing
I/ActivityManager( 1377): START u0 {act=android.intent.action.MAIN cat=[android.intent.category.LAUNCHER] flg=0x10200000 cmp=cn.com.autohome.travel/.module.launcher.SplashActivity} from uid 2000 on display 0
E/ActivityManager( 1377): Invalid thumbnail dimensions: 0x0
V/LocationPolicy( 1377): writePolicyLocked()
W/BroadcastQueueInjector( 1377): Unable to launch app cn.com.autohome.travel/10100 for broadcast Intent { act=android.net.conn.CONNECTIVITY_CHANGE flg=0x10 pkg=cn.com.autohome.travel (has extras) }: process is not permitted to autostart
I/ValidateNoPeople( 1377): skipping global notification
W/ContextImpl( 1377): Calling a method in the system process without a qualified user: android.app.ContextImpl.sendBroadcast:1354 com.android.internal.policy.impl.BaseMiuiPhoneWindowManager$15.run:1742 android.os.Handler.handleCallback:739 android.os.Handler.dispatchMessage:95 android.os.Looper.loop:135 
W/ActivityManager( 1377): Unable to start service Intent { act=service_action_LOOPER_VALUE pkg=com.qihoo.gameassist } U=0: not found
I/ActivityManager( 1377): START u0 {act=android.intent.action.MAIN cat=[android.intent.category.LAUNCHER] flg=0x10200000 cmp=cn.com.autohome.travel/.module.launcher.SplashActivity} from uid 2000 on display 0
W/ContextImpl( 3233): Calling a method in the system process without a qualified user: android.app.ContextImpl.sendBroadcast:1340 android.content.ContextWrapper.sendBroadcast:377 com.android.systemui.taskmanager.TaskManagerView.sendVisibilityChangedBroadcast:649 com.android.systemui.taskmanager.TaskManagerView.access$1800:87 com.android.systemui.taskmanager.TaskManagerView$11.run:584 
W/ContextImpl( 3233): Calling a method in the system process without a qualified user: android.app.ContextImpl.sendBroadcast:1340 android.content.ContextWrapper.sendBroadcast:377 com.android.systemui.taskmanager.TaskManagerView.sendVisibilityChangedBroadcast:649 com.android.systemui.taskmanager.TaskManagerView.show:597 com.android.systemui.taskmanager.TaskManagerView.show:478 
W/InputMethodManagerService( 1377): Window already focused, ignoring focus gain of: com.android.internal.view.IInputMethodClient$Stub$Proxy@2e94c14e attribute=null, token = android.os.BinderProxy@178d0c94
W/ContextImpl( 3233): Calling a method in the system process without a qualified user: android.app.ContextImpl.sendBroadcast:1340 android.content.ContextWrapper.sendBroadcast:377 com.android.systemui.taskmanager.TaskManagerView.sendVisibilityChangedBroadcast:649 com.android.systemui.taskmanager.TaskManagerView.show:597 com.android.systemui.taskmanager.TaskManagerView.show:478 
W/InputMethodManagerService( 1377): Window already focused, ignoring focus gain of: com.android.internal.view.IInputMethodClient$Stub$Proxy@1a844b7c attribute=null, token = android.os.BinderProxy@178d0c94
W/ContextImpl( 3233): Calling a method in the system process without a qualified user: android.app.ContextImpl.sendBroadcast:1340 android.content.ContextWrapper.sendBroadcast:377 com.android.systemui.taskmanager.TaskManagerView.sendVisibilityChangedBroadcast:649 com.android.systemui.taskmanager.TaskManagerView.access$1800:87 com.android.systemui.taskmanager.TaskManagerView$11.run:584 
W/ContextImpl( 3233): Calling a method in the system process without a qualified user: android.app.ContextImpl.sendBroadcast:1340 android.content.ContextWrapper.sendBroadcast:377 com.android.systemui.taskmanager.TaskManagerView.sendVisibilityChangedBroadcast:649 com.android.systemui.taskmanager.TaskManagerView.show:597 com.android.systemui.taskmanager.TaskManagerView.show:478 
W/InputMethodManagerService( 1377): Window already focused, ignoring focus gain of: com.android.internal.view.IInputMethodClient$Stub$Proxy@373c1c05 attribute=null, token = android.os.BinderProxy@178d0c94
W/ContextImpl( 1377): Calling a method in the system process without a qualified user: android.app.ContextImpl.sendBroadcast:1340 com.android.internal.policy.impl.BaseMiuiPhoneWindowManager$14.run:1732 android.os.Handler.handleCallback:739 android.os.Handler.dispatchMessage:95 android.os.Looper.loop:135 
D/WifiService( 1377): New client listening to asynchronous messages
I/ProcessStatsService( 1377): Prepared write state in 6ms
W/BroadcastQueue( 1377): Skipping deliver [background] BroadcastRecord{396c6bd u-1 android.net.conn.CONNECTIVITY_CHANGE} to ReceiverList{2aee64b2 15986 (unknown name)/2000/u-1 remote:1c681067}: process crashing
I/ActivityManager( 1377): START u0 {act=android.intent.action.MAIN cat=[android.intent.category.LAUNCHER] flg=0x10200000 cmp=cn.com.autohome.travel/.module.launcher.SplashActivity} from uid 2000 on display 0
I/ActivityManager( 1377): START u0 {cmp=cn.com.autohome.travel/.module.Login.LoginWithVerifiCodeActivity} from uid 10100 on display 0
V/WindowManager( 1377): addAppToken: AppWindowToken{3e6e11b9 token=Token{34da7780 ActivityRecord{3ddb4c03 u0 cn.com.autohome.travel/.module.Login.LoginWithVerifiCodeActivity t1382}}} to stack=1 task=1382 at 4
V/WindowManager( 1377): Adding window Window{ebca55f u0 cn.com.autohome.travel/cn.com.autohome.travel.module.Login.LoginWithVerifiCodeActivity} at 7 of 15 (after Window{f5ba33d u0 cn.com.autohome.travel/cn.com.autohome.travel.module.recommend.CommentActivity})
W/ViewRootImpl(12072): Dropping event due to no window focus: KeyEvent { action=ACTION_MULTIPLE, keyCode=KEYCODE_DPAD_UP, scanCode=0, metaState=0, flags=0x400, repeatCount=56, eventTime=3732293, downTime=3732293, deviceId=-1, source=0x101 }
W/ViewRootImpl(12072): Dropping event due to no window focus: KeyEvent { action=ACTION_DOWN, keyCode=KEYCODE_DPAD_UP, scanCode=0, metaState=0, flags=0x400, repeatCount=0, eventTime=3732294, downTime=3732294, deviceId=-1, source=0x101 }
W/ViewRootImpl(12072): Cancelling event due to no window focus: KeyEvent { action=ACTION_UP, keyCode=KEYCODE_DPAD_UP, scanCode=0, metaState=0, flags=0x420, repeatCount=0, eventTime=3732294, downTime=3732294, deviceId=-1, source=0x101 }
W/ViewRootImpl(12072): Cancelling event due to no window focus: KeyEvent { action=ACTION_UP, keyCode=KEYCODE_DPAD_UP, scanCode=0, metaState=0, flags=0x420, repeatCount=0, eventTime=3732294, downTime=3732294, deviceId=-1, source=0x101 }
W/ViewRootImpl(12072): Cancelling event due to no window focus: KeyEvent { action=ACTION_UP, keyCode=KEYCODE_DPAD_UP, scanCode=0, metaState=0, flags=0x420, repeatCount=0, eventTime=3732294, downTime=3732294, deviceId=-1, source=0x101 }
W/ViewRootImpl(12072): Dropping event due to no window focus: KeyEvent { action=ACTION_DOWN, keyCode=KEYCODE_DPAD_UP, scanCode=0, metaState=0, flags=0x400, repeatCount=0, eventTime=3732294, downTime=3732294, deviceId=-1, source=0x101 }
W/ViewRootImpl(12072): Cancelling event due to no window focus: KeyEvent { action=ACTION_UP, keyCode=KEYCODE_DPAD_UP, scanCode=0, metaState=0, flags=0x420, repeatCount=0, eventTime=3732294, downTime=3732294, deviceId=-1, source=0x101 }
W/ViewRootImpl(12072): Cancelling event due to no window focus: KeyEvent { action=ACTION_UP, keyCode=KEYCODE_DPAD_UP, scanCode=0, metaState=0, flags=0x420, repeatCount=0, eventTime=3732294, downTime=3732294, deviceId=-1, source=0x101 }
W/ViewRootImpl(12072): Cancelling event due to no window focus: KeyEvent { action=ACTION_UP, keyCode=KEYCODE_DPAD_UP, scanCode=0, metaState=0, flags=0x420, repeatCount=0, eventTime=3732294, downTime=3732294, deviceId=-1, source=0x101 }
W/ViewRootImpl(12072): Cancelling event due to no window focus: KeyEvent { action=ACTION_UP, keyCode=KEYCODE_DPAD_UP, scanCode=0, metaState=0, flags=0x420, repeatCount=0, eventTime=3732294, downTime=3732294, deviceId=-1, source=0x101 }
W/ViewRootImpl(12072): Cancelling event due to no window focus: KeyEvent { action=ACTION_UP, keyCode=KEYCODE_DPAD_UP, scanCode=0, metaState=0, flags=0x420, repeatCount=0, eventTime=3732294, downTime=3732294, deviceId=-1, source=0x101 }
W/ViewRootImpl(12072): Cancelling event due to no window focus: KeyEvent { action=ACTION_UP, keyCode=KEYCODE_DPAD_UP, scanCode=0, metaState=0, flags=0x420, repeatCount=0, eventTime=3732294, downTime=3732294, deviceId=-1, source=0x101 }
W/ViewRootImpl(12072): Cancelling event due to no window focus: KeyEvent { action=ACTION_UP, keyCode=KEYCODE_DPAD_UP, scanCode=0, metaState=0, flags=0x420, repeatCount=0, eventTime=3732294, downTime=3732294, deviceId=-1, source=0x101 }
W/ViewRootImpl(12072): Cancelling event due to no window focus: KeyEvent { action=ACTION_UP, keyCode=KEYCODE_DPAD_UP, scanCode=0, metaState=0, flags=0x420, repeatCount=0, eventTime=3732294, downTime=3732294, deviceId=-1, source=0x101 }
W/ViewRootImpl(12072): Cancelling event due to no window focus: KeyEvent { action=ACTION_UP, keyCode=KEYCODE_DPAD_UP, scanCode=0, metaState=0, flags=0x420, repeatCount=0, eventTime=3732294, downTime=3732294, deviceId=-1, source=0x101 }
W/ViewRootImpl(12072): Cancelling event due to no window focus: KeyEvent { action=ACTION_UP, keyCode=KEYCODE_DPAD_UP, scanCode=0, metaState=0, flags=0x420, repeatCount=0, eventTime=3732294, downTime=3732294, deviceId=-1, source=0x101 }
W/ViewRootImpl(12072): Cancelling event due to no window focus: KeyEvent { action=ACTION_UP, keyCode=KEYCODE_DPAD_UP, scanCode=0, metaState=0, flags=0x420, repeatCount=0, eventTime=3732294, downTime=3732294, deviceId=-1, source=0x101 }
W/ViewRootImpl(12072): Cancelling event due to no window focus: KeyEvent { action=ACTION_UP, keyCode=KEYCODE_DPAD_UP, scanCode=0, metaState=0, flags=0x420, repeatCount=0, eventTime=3732294, downTime=3732294, deviceId=-1, source=0x101 }
W/ViewRootImpl(12072): Cancelling event due to no window focus: KeyEvent { action=ACTION_UP, keyCode=KEYCODE_DPAD_UP, scanCode=0, metaState=0, flags=0x420, repeatCount=0, eventTime=3732294, downTime=3732294, deviceId=-1, source=0x101 }
W/ViewRootImpl(12072): Cancelling event due to no window focus: KeyEvent { action=ACTION_UP, keyCode=KEYCODE_DPAD_UP, scanCode=0, metaState=0, flags=0x420, repeatCount=0, eventTime=3732294, downTime=3732294, deviceId=-1, source=0x101 }
W/ViewRootImpl(12072): Cancelling event due to no window focus: KeyEvent { action=ACTION_UP, keyCode=KEYCODE_DPAD_UP, scanCode=0, metaState=0, flags=0x420, repeatCount=0, eventTime=3732294, downTime=3732294, deviceId=-1, source=0x101 }
I/NotificationService( 1377): cancelToast pkg=com.sohu.inputmethod.sogou.xiaomi callback=android.app.ITransientNotification$Stub$Proxy@72f8bac
W/NotificationService( 1377): Toast already cancelled. pkg=com.sohu.inputmethod.sogou.xiaomi callback=android.app.ITransientNotification$Stub$Proxy@72f8bac
W/ContextImpl( 1377): Calling a method in the system process without a qualified user: android.app.ContextImpl.sendBroadcast:1340 com.android.internal.policy.impl.BaseMiuiPhoneWindowManager$14.run:1732 android.os.Handler.handleCallback:739 android.os.Handler.dispatchMessage:95 android.os.Looper.loop:135 
I/ActivityManager( 1377): START u0 {cmp=cn.com.autohome.travel/.module.Login.LoginWithPasswdActivity} from uid 10100 on display 0
V/WindowManager( 1377): addAppToken: AppWindowToken{c65a444 token=Token{1b7fe157 ActivityRecord{33a56ad6 u0 cn.com.autohome.travel/.module.Login.LoginWithPasswdActivity t1382}}} to stack=1 task=1382 at 5
V/WindowManager( 1377): Adding window Window{9655e62 u0 cn.com.autohome.travel/cn.com.autohome.travel.module.Login.LoginWithPasswdActivity} at 8 of 17 (after Window{ebca55f u0 cn.com.autohome.travel/cn.com.autohome.travel.module.Login.LoginWithVerifiCodeActivity})
I/ValidateNoPeople( 1377): skipping global notification
W/ContextImpl( 1377): Calling a method in the system process without a qualified user: android.app.ContextImpl.sendBroadcast:1354 com.android.internal.policy.impl.BaseMiuiPhoneWindowManager$15.run:1742 android.os.Handler.handleCallback:739 android.os.Handler.dispatchMessage:95 android.os.Looper.loop:135 
V/WindowManager( 1377): Adding window Window{3b0337dc u0 PopupWindow:28ce92bd} at 10 of 17 (after Window{24c6a47e u0 InputMethod})
I/ValidateNoPeople( 1377): skipping global notification
E/NetlinkEvent(  439): NetlinkEvent::FindParam(): Parameter 'ALERT_NAME' not found
E/NetlinkEvent(  424): NetlinkEvent::FindParam(): Parameter 'ALERT_NAME' not found
E/NetlinkEvent(  439): NetlinkEvent::FindParam(): Parameter 'ALERT_NAME' not found
E/NetlinkEvent(  424): NetlinkEvent::FindParam(): Parameter 'ALERT_NAME' not found
I/ValidateNoPeople( 1377): skipping global notification
W/ContextImpl( 3233): Calling a method in the system process without a qualified user: android.app.ContextImpl.sendBroadcast:1340 android.content.ContextWrapper.sendBroadcast:377 com.android.systemui.taskmanager.TaskManagerView.sendVisibilityChangedBroadcast:649 com.android.systemui.taskmanager.TaskManagerView.show:597 com.android.systemui.taskmanager.TaskManagerView.show:478 
W/InputMethodManagerService( 1377): Window already focused, ignoring focus gain of: com.android.internal.view.IInputMethodClient$Stub$Proxy@2b8c00e5 attribute=null, token = android.os.BinderProxy@febd92d
I/NotificationService( 1377): cancelToast pkg=com.sohu.inputmethod.sogou.xiaomi callback=android.app.ITransientNotification$Stub$Proxy@90057ba
W/NotificationService( 1377): Toast already cancelled. pkg=com.sohu.inputmethod.sogou.xiaomi callback=android.app.ITransientNotification$Stub$Proxy@90057ba
I/ValidateNoPeople( 1377): skipping global notification
I/NotificationService( 1377): cancelToast pkg=com.sohu.inputmethod.sogou.xiaomi callback=android.app.ITransientNotification$Stub$Proxy@3bc366b
W/NotificationService( 1377): Toast already cancelled. pkg=com.sohu.inputmethod.sogou.xiaomi callback=android.app.ITransientNotification$Stub$Proxy@3bc366b
I/ValidateNoPeople( 1377): skipping global notification
I/ValidateNoPeople( 1377): skipping global notification
W/ContextImpl( 3233): Calling a method in the system process without a qualified user: android.app.ContextImpl.sendBroadcast:1340 android.content.ContextWrapper.sendBroadcast:377 com.android.systemui.taskmanager.TaskManagerView.sendVisibilityChangedBroadcast:649 com.android.systemui.taskmanager.TaskManagerView.show:597 com.android.systemui.taskmanager.TaskManagerView.show:478 
W/InputMethodManagerService( 1377): Window already focused, ignoring focus gain of: com.android.internal.view.IInputMethodClient$Stub$Proxy@3179f5c8 attribute=null, token = android.os.BinderProxy@febd92d
I/NotificationService( 1377): cancelToast pkg=com.sohu.inputmethod.sogou.xiaomi callback=android.app.ITransientNotification$Stub$Proxy@1a80c661
W/NotificationService( 1377): Toast already cancelled. pkg=com.sohu.inputmethod.sogou.xiaomi callback=android.app.ITransientNotification$Stub$Proxy@1a80c661
I/ValidateNoPeople( 1377): skipping global notification
I/NotificationService( 1377): cancelToast pkg=com.sohu.inputmethod.sogou.xiaomi callback=android.app.ITransientNotification$Stub$Proxy@154c3586
W/NotificationService( 1377): Toast already cancelled. pkg=com.sohu.inputmethod.sogou.xiaomi callback=android.app.ITransientNotification$Stub$Proxy@154c3586
I/ValidateNoPeople( 1377): skipping global notification
I/NotificationService( 1377): cancelToast pkg=com.sohu.inputmethod.sogou.xiaomi callback=android.app.ITransientNotification$Stub$Proxy@3565ce47
W/NotificationService( 1377): Toast already cancelled. pkg=com.sohu.inputmethod.sogou.xiaomi callback=android.app.ITransientNotification$Stub$Proxy@3565ce47
I/ValidateNoPeople( 1377): skipping global notification
I/ValidateNoPeople( 1377): skipping global notification
I/ValidateNoPeople( 1377): skipping global notification
I/NotificationService( 1377): cancelToast pkg=com.sohu.inputmethod.sogou.xiaomi callback=android.app.ITransientNotification$Stub$Proxy@131ca674
W/NotificationService( 1377): Toast already cancelled. pkg=com.sohu.inputmethod.sogou.xiaomi callback=android.app.ITransientNotification$Stub$Proxy@131ca674
I/ValidateNoPeople( 1377): skipping global notification
I/NotificationService( 1377): cancelToast pkg=com.sohu.inputmethod.sogou.xiaomi callback=android.app.ITransientNotification$Stub$Proxy@fa2679d
W/NotificationService( 1377): Toast already cancelled. pkg=com.sohu.inputmethod.sogou.xiaomi callback=android.app.ITransientNotification$Stub$Proxy@fa2679d
I/ValidateNoPeople( 1377): skipping global notification
I/NotificationService( 1377): cancelToast pkg=com.sohu.inputmethod.sogou.xiaomi callback=android.app.ITransientNotification$Stub$Proxy@24262412
W/NotificationService( 1377): Toast already cancelled. pkg=com.sohu.inputmethod.sogou.xiaomi callback=android.app.ITransientNotification$Stub$Proxy@24262412
I/ValidateNoPeople( 1377): skipping global notification
I/NotificationService( 1377): cancelToast pkg=com.sohu.inputmethod.sogou.xiaomi callback=android.app.ITransientNotification$Stub$Proxy@3b2707e3
W/NotificationService( 1377): Toast already cancelled. pkg=com.sohu.inputmethod.sogou.xiaomi callback=android.app.ITransientNotification$Stub$Proxy@3b2707e3
I/ValidateNoPeople( 1377): skipping global notification
I/ValidateNoPeople( 1377): skipping global notification
I/ValidateNoPeople( 1377): skipping global notification
W/ContextImpl( 3233): Calling a method in the system process without a qualified user: android.app.ContextImpl.sendBroadcast:1340 android.content.ContextWrapper.sendBroadcast:377 com.android.systemui.taskmanager.TaskManagerView.sendVisibilityChangedBroadcast:649 com.android.systemui.taskmanager.TaskManagerView.access$1800:87 com.android.systemui.taskmanager.TaskManagerView$11.run:584 
W/ContextImpl( 3233): Calling a method in the system process without a qualified user: android.app.ContextImpl.sendBroadcast:1340 android.content.ContextWrapper.sendBroadcast:377 com.android.systemui.taskmanager.TaskManagerView.sendVisibilityChangedBroadcast:649 com.android.systemui.taskmanager.TaskManagerView.show:597 com.android.systemui.taskmanager.TaskManagerView.show:478 
I/ValidateNoPeople( 1377): skipping global notification
W/InputMethodManagerService( 1377): Window already focused, ignoring focus gain of: com.android.internal.view.IInputMethodClient$Stub$Proxy@1097b5e0 attribute=null, token = android.os.BinderProxy@febd92d
I/ValidateNoPeople( 1377): skipping global notification
W/ContextImpl( 3233): Calling a method in the system process without a qualified user: android.app.ContextImpl.sendBroadcast:1340 android.content.ContextWrapper.sendBroadcast:377 com.android.systemui.taskmanager.TaskManagerView.sendVisibilityChangedBroadcast:649 com.android.systemui.taskmanager.TaskManagerView.access$1800:87 com.android.systemui.taskmanager.TaskManagerView$11.run:584 
W/ContextImpl( 3233): Calling a method in the system process without a qualified user: android.app.ContextImpl.sendBroadcast:1340 android.content.ContextWrapper.sendBroadcast:377 com.android.systemui.taskmanager.TaskManagerView.sendVisibilityChangedBroadcast:649 com.android.systemui.taskmanager.TaskManagerView.show:597 com.android.systemui.taskmanager.TaskManagerView.show:478 
W/InputMethodManagerService( 1377): Window already focused, ignoring focus gain of: com.android.internal.view.IInputMethodClient$Stub$Proxy@1542e099 attribute=null, token = android.os.BinderProxy@febd92d
I/AutoStartManagerService( 1377): MIUILOG- Reject service :Intent { act=android.content.SyncAdapter cmp=com.alibaba.android.rimet/.syncadapter.SyncService (has extras) } userId : 0 uid : 10158
W/BroadcastQueue( 1377): Skipping deliver [background] BroadcastRecord{2f745710 u-1 android.net.conn.CONNECTIVITY_CHANGE} to ReceiverList{d702209 16664 (unknown name)/2000/u-1 remote:373bb5c2}: process crashing
I/NotificationService( 1377): cancelToast pkg=com.sohu.inputmethod.sogou.xiaomi callback=android.app.ITransientNotification$Stub$Proxy@3f136c0e
W/NotificationService( 1377): Toast already cancelled. pkg=com.sohu.inputmethod.sogou.xiaomi callback=android.app.ITransientNotification$Stub$Proxy@3f136c0e
W/ContextImpl( 1377): Calling a method in the system process without a qualified user: android.app.ContextImpl.sendBroadcast:1354 com.android.internal.policy.impl.BaseMiuiPhoneWindowManager$15.run:1742 android.os.Handler.handleCallback:739 android.os.Handler.dispatchMessage:95 android.os.Looper.loop:135 
I/UsageStatsService( 1377): User[0] Flushing usage stats to disk
D/ConnectivityService( 1377): returning Blocked NetworkInfo for ifname=wlan0, uid=10325
E/NetlinkEvent(  439): NetlinkEvent::FindParam(): Parameter 'ALERT_NAME' not found
E/NetlinkEvent(  424): NetlinkEvent::FindParam(): Parameter 'ALERT_NAME' not found
E/NetlinkEvent(  424): NetlinkEvent::FindParam(): Parameter 'ALERT_NAME' not found
E/NetlinkEvent(  439): NetlinkEvent::FindParam(): Parameter 'ALERT_NAME' not found
E/NetlinkEvent(  439): NetlinkEvent::FindParam(): Parameter 'ALERT_NAME' not found
E/NetlinkEvent(  439): NetlinkEvent::FindParam(): Parameter 'ALERT_NAME' not found
E/NetlinkEvent(  439): NetlinkEvent::FindParam(): Parameter 'ALERT_NAME' not found
E/NetlinkEvent(  424): NetlinkEvent::FindParam(): Parameter 'ALERT_NAME' not found
E/NetlinkEvent(  424): NetlinkEvent::FindParam(): Parameter 'ALERT_NAME' not found
E/NetlinkEvent(  424): NetlinkEvent::FindParam(): Parameter 'ALERT_NAME' not found
E/NetlinkEvent(  439): NetlinkEvent::FindParam(): Parameter 'ALERT_NAME' not found
E/NetlinkEvent(  424): NetlinkEvent::FindParam(): Parameter 'ALERT_NAME' not found
E/NetlinkEvent(  439): NetlinkEvent::FindParam(): Parameter 'ALERT_NAME' not found
E/NetlinkEvent(  424): NetlinkEvent::FindParam(): Parameter 'ALERT_NAME' not found
E/NetlinkEvent(  439): NetlinkEvent::FindParam(): Parameter 'ALERT_NAME' not found
E/NetlinkEvent(  424): NetlinkEvent::FindParam(): Parameter 'ALERT_NAME' not found
E/NetlinkEvent(  424): NetlinkEvent::FindParam(): Parameter 'ALERT_NAME' not found
E/NetlinkEvent(  439): NetlinkEvent::FindParam(): Parameter 'ALERT_NAME' not found
E/NetlinkEvent(  439): NetlinkEvent::FindParam(): Parameter 'ALERT_NAME' not found
E/NetlinkEvent(  439): NetlinkEvent::FindParam(): Parameter 'ALERT_NAME' not found
E/NetlinkEvent(  424): NetlinkEvent::FindParam(): Parameter 'ALERT_NAME' not found
E/NetlinkEvent(  424): NetlinkEvent::FindParam(): Parameter 'ALERT_NAME' not found
E/NetlinkEvent(  439): NetlinkEvent::FindParam(): Parameter 'ALERT_NAME' not found
E/NetlinkEvent(  424): NetlinkEvent::FindParam(): Parameter 'ALERT_NAME' not found
W/BroadcastQueueInjector( 1377): Unable to launch app com.baidu.appsearch/10618 for broadcast Intent { act=android.intent.action.ACTION_POWER_DISCONNECTED flg=0x4000010 }: process is not permitted to autostart
W/BroadcastQueueInjector( 1377): Unable to launch app com.baidu.travel/10576 for broadcast Intent { act=android.intent.action.ACTION_POWER_DISCONNECTED flg=0x4000010 }: process is not permitted to autostart
W/BroadcastQueueInjector( 1377): Unable to launch app com.tencent.mtt/10325 for broadcast Intent { act=android.intent.action.ACTION_POWER_DISCONNECTED flg=0x4000010 }: process is not permitted to autostart
W/BroadcastQueueInjector( 1377): Unable to launch app com.alibaba.android.rimet/10158 for broadcast Intent { act=android.intent.action.ACTION_POWER_DISCONNECTED flg=0x4000010 }: process is not permitted to autostart
I/PowerUI ( 3233): showing low battery warning: level=4 [-2]
I/PowerUI ( 3233): updating low battery warning: level=4 [-2]
I/StorageNotification( 3233): UMS connection changed to false (media state mounted)
W/ContextImpl( 3214): Calling a method in the system process without a qualified user: android.app.ContextImpl.startService:1705 android.content.ContextWrapper.startService:516 android.content.ContextWrapper.startService:516 com.android.settings.AnalyticsReceiver.onReceive:24 android.app.ActivityThread.handleReceiver:2616 
E/NetlinkEvent(  439): NetlinkEvent::FindParam(): Parameter 'ALERT_NAME' not found
E/NetlinkEvent(  439): NetlinkEvent::FindParam(): Parameter 'ALERT_NAME' not found
E/NetlinkEvent(  424): NetlinkEvent::FindParam(): Parameter 'ALERT_NAME' not found
E/NetlinkEvent(  424): NetlinkEvent::FindParam(): Parameter 'ALERT_NAME' not found
E/NetlinkEvent(  439): NetlinkEvent::FindParam(): Parameter 'ALERT_NAME' not found
E/NetlinkEvent(  424): NetlinkEvent::FindParam(): Parameter 'ALERT_NAME' not found
E/NetlinkEvent(  439): NetlinkEvent::FindParam(): Parameter 'ALERT_NAME' not found
E/NetlinkEvent(  424): NetlinkEvent::FindParam(): Parameter 'ALERT_NAME' not found
E/NetlinkEvent(  439): NetlinkEvent::FindParam(): Parameter 'ALERT_NAME' not found
E/NetlinkEvent(  424): NetlinkEvent::FindParam(): Parameter 'ALERT_NAME' not found
E/NetlinkEvent(  439): NetlinkEvent::FindParam(): Parameter 'ALERT_NAME' not found
E/NetlinkEvent(  424): NetlinkEvent::FindParam(): Parameter 'ALERT_NAME' not found
I/EntropyMixer( 1377): Writing entropy...
W/BroadcastQueueInjector( 1377): Unable to launch app com.baidu.appsearch/10618 for broadcast Intent { act=android.intent.action.ACTION_POWER_CONNECTED flg=0x4000010 }: process is not permitted to autostart
W/BroadcastQueueInjector( 1377): Unable to launch app com.baidu.travel/10576 for broadcast Intent { act=android.intent.action.ACTION_POWER_CONNECTED flg=0x4000010 }: process is not permitted to autostart
W/BroadcastQueueInjector( 1377): Unable to launch app com.tencent.mtt/10325 for broadcast Intent { act=android.intent.action.ACTION_POWER_CONNECTED flg=0x4000010 }: process is not permitted to autostart
W/BroadcastQueueInjector( 1377): Unable to launch app com.alibaba.android.rimet/10158 for broadcast Intent { act=android.intent.action.ACTION_POWER_CONNECTED flg=0x4000010 }: process is not permitted to autostart
I/PowerUI ( 3233): closing low battery warning: level=4
W/InputMethodManagerService( 1377): Window already focused, ignoring focus gain of: com.android.internal.view.IInputMethodClient$Stub$Proxy@3c99b80f attribute=null, token = android.os.BinderProxy@febd92d
E/NetlinkEvent(  439): NetlinkEvent::FindParam(): Parameter 'ALERT_NAME' not found
E/NetlinkEvent(  424): NetlinkEvent::FindParam(): Parameter 'ALERT_NAME' not found
W/PowerUI ( 3233): unknown intent: Intent { act=android.intent.action.ACTION_POWER_CONNECTED flg=0x4000010 }
E/NetlinkEvent(  439): NetlinkEvent::FindParam(): Parameter 'ALERT_NAME' not found
E/NetlinkEvent(  424): NetlinkEvent::FindParam(): Parameter 'ALERT_NAME' not found
E/NetlinkEvent(  424): NetlinkEvent::FindParam(): Parameter 'ALERT_NAME' not found
E/NetlinkEvent(  439): NetlinkEvent::FindParam(): Parameter 'ALERT_NAME' not found
E/NetlinkEvent(  424): NetlinkEvent::FindParam(): Parameter 'ALERT_NAME' not found
E/NetlinkEvent(  439): NetlinkEvent::FindParam(): Parameter 'ALERT_NAME' not found
I/ValidateNoPeople( 1377): skipping global notification
E/NetlinkEvent(  439): NetlinkEvent::FindParam(): Parameter 'ALERT_NAME' not found
E/NetlinkEvent(  439): NetlinkEvent::FindParam(): Parameter 'ALERT_NAME' not found
E/NetlinkEvent(  439): NetlinkEvent::FindParam(): Parameter 'ALERT_NAME' not found
E/NetlinkEvent(  424): NetlinkEvent::FindParam(): Parameter 'ALERT_NAME' not found
E/NetlinkEvent(  424): NetlinkEvent::FindParam(): Parameter 'ALERT_NAME' not found
E/NetlinkEvent(  424): NetlinkEvent::FindParam(): Parameter 'ALERT_NAME' not found
I/ValidateNoPeople( 1377): skipping global notification
W/ContextImpl( 3214): Calling a method in the system process without a qualified user: android.app.ContextImpl.startService:1705 android.content.ContextWrapper.startService:516 android.content.ContextWrapper.startService:516 com.android.settings.AnalyticsReceiver.onReceive:24 android.app.ActivityThread.handleReceiver:2616 
I/StorageNotification( 3233): UMS connection changed to false (media state mounted)
E/NetlinkEvent(  439): NetlinkEvent::FindParam(): Parameter 'ALERT_NAME' not found
E/NetlinkEvent(  424): NetlinkEvent::FindParam(): Parameter 'ALERT_NAME' not found
W/ContextImpl( 3214): Calling a method in the system process without a qualified user: android.app.ContextImpl.startService:1705 android.content.ContextWrapper.startService:516 android.content.ContextWrapper.startService:516 com.android.settings.AnalyticsReceiver.onReceive:24 android.app.ActivityThread.handleReceiver:2616 
I/StorageNotification( 3233): UMS connection changed to false (media state mounted)
E/NetlinkEvent(  439): NetlinkEvent::FindParam(): Parameter 'ALERT_NAME' not found
E/NetlinkEvent(  424): NetlinkEvent::FindParam(): Parameter 'ALERT_NAME' not found
E/NetlinkEvent(  424): NetlinkEvent::FindParam(): Parameter 'ALERT_NAME' not found
E/NetlinkEvent(  439): NetlinkEvent::FindParam(): Parameter 'ALERT_NAME' not found
E/NetlinkEvent(  439): NetlinkEvent::FindParam(): Parameter 'ALERT_NAME' not found
E/NetlinkEvent(  424): NetlinkEvent::FindParam(): Parameter 'ALERT_NAME' not found
I/StorageNotification( 3233): UMS connection changed to false (media state mounted)
W/ContextImpl( 3214): Calling a method in the system process without a qualified user: android.app.ContextImpl.startService:1705 android.content.ContextWrapper.startService:516 android.content.ContextWrapper.startService:516 com.android.settings.AnalyticsReceiver.onReceive:24 android.app.ActivityThread.handleReceiver:2616 
W/ProcessCpuTracker( 1377): Skipping unknown process pid 17639
E/ActivityManager( 1377): Invalid thumbnail dimensions: 0x0
W/ViewRootImpl(12226): Dropping event due to no window focus: KeyEvent { action=ACTION_DOWN, keyCode=KEYCODE_BACK, scanCode=158, metaState=0, flags=0x48, repeatCount=0, eventTime=4579430, downTime=4579430, deviceId=12, source=0x101 }
I/ActivityManager( 1377): moveTaskToBack: TaskRecord{a9b7fc9 #1383 A=android.task.contacts U=0 sz=1}
E/ActivityManager( 1377): Invalid thumbnail dimensions: 0x0
W/ViewRootImpl( 4033): Dropping event due to no window focus: KeyEvent { action=ACTION_DOWN, keyCode=KEYCODE_BACK, scanCode=158, metaState=0, flags=0x48, repeatCount=0, eventTime=4579756, downTime=4579756, deviceId=12, source=0x101 }
W/InputMethodManagerService( 1377): Starting input on non-focused client com.android.internal.view.IInputMethodClient$Stub$Proxy@bd34f85 (uid=10008 pid=12226)
E/InputMethodManagerService( 1377): Ignoring hideInputMethod due to an invalid token. uid:10008 token:android.os.BinderProxy@3c4ca317
I/ActivityManager( 1377): Killing 12680:com.miui.cloudservice/u0a42 (adj 13): empty for 3432s
D/WifiService( 1377): Client connection lost with reason: 4
--------- beginning of main
D/wpa_supplicant( 3171): nl80211: Drv Event 34 (NL80211_CMD_NEW_SCAN_RESULTS) received for wlan0
D/wpa_supplicant( 3171): wlan0: nl80211: New scan results available
D/wpa_supplicant( 3171): nl80211: Scan included frequencies: 2412 2417 2422 2427 2432 2437 2442 2447 2452 2457 2462 2467 2472 5180 5200 5220 5240 5260 5280 5300 5320 5745 5765 5785 5805 5825
D/wpa_supplicant( 3171): wlan0: Event SCAN_RESULTS (3) received
D/wpa_supplicant( 3171): wlan0: Scan completed in 2.482186 seconds
D/wpa_supplicant( 3171): nl80211: Associated on 2412 MHz
D/wpa_supplicant( 3171): nl80211: Associated with 8c:be:be:4b:f8:f7
D/wpa_supplicant( 3171): nl80211: Received scan results (84 BSSes)
D/wpa_supplicant( 3171): nl80211: Scan results indicate BSS status with 8c:be:be:4b:f8:f7 as associated
D/wpa_supplicant( 3171): wlan0: BSS: Start scan result update 412
D/wpa_supplicant( 3171): wlan0: BSS: Add new id 1087 BSSID 58:b6:33:4d:ff:58 SSID 'bjpublic'
D/wpa_supplicant( 3171): CTRL_IFACE monitor sent successfully to /data/misc/wifi/sockets/wpa_ctrl_467-2\x00
D/wpa_supplicant( 3171): CTRL_IFACE monitor sent successfully to /data/misc/wifi/sockets/wpa_ctrl_1377-2\x00
D/wpa_supplicant( 3171): wlan0: BSS: Add new id 1088 BSSID ac:81:12:70:92:87 SSID 'PORSCHE918'
D/wpa_supplicant( 3171): CTRL_IFACE monitor sent successfully to /data/misc/wifi/sockets/wpa_ctrl_467-2\x00
D/wpa_supplicant( 3171): CTRL_IFACE monitor sent successfully to /data/misc/wifi/sockets/wpa_ctrl_1377-2\x00
D/wpa_supplicant( 3171): wlan0: BSS: Add new id 1089 BSSID f0:b4:29:01:f5:05 SSID 'zhimi-airpurifier-v3_miapf505'
D/wpa_supplicant( 3171): CTRL_IFACE monitor sent successfully to /data/misc/wifi/sockets/wpa_ctrl_467-2\x00
D/wpa_supplicant( 3171): CTRL_IFACE monitor sent successfully to /data/misc/wifi/sockets/wpa_ctrl_1377-2\x00
D/wpa_supplicant( 3171): wlan0: BSS: Add new id 1090 BSSID 58:b6:33:0d:ff:58 SSID 'xsj'
D/wpa_supplicant( 3171): CTRL_IFACE monitor sent successfully to /data/misc/wifi/sockets/wpa_ctrl_467-2\x00
D/wpa_supplicant( 3171): CTRL_IFACE monitor sent successfully to /data/misc/wifi/sockets/wpa_ctrl_1377-2\x00
D/wpa_supplicant( 3171): wlan0: BSS: Remove id 1049 BSSID 58:b6:33:ce:8c:3c SSID 'xxb' due to no match in scan
D/wpa_supplicant( 3171): CTRL_IFACE monitor sent successfully to /data/misc/wifi/sockets/wpa_ctrl_467-2\x00
D/wpa_supplicant( 3171): CTRL_IFACE monitor sent successfully to /data/misc/wifi/sockets/wpa_ctrl_1377-2\x00
D/wpa_supplicant( 3171): wlan0: BSS: Remove id 1050 BSSID 58:b6:33:8e:8c:3c SSID '' due to no match in scan
D/wpa_supplicant( 3171): CTRL_IFACE monitor sent successfully to /data/misc/wifi/sockets/wpa_ctrl_467-2\x00
D/wpa_supplicant( 3171): CTRL_IFACE monitor sent successfully to /data/misc/wifi/sockets/wpa_ctrl_1377-2\x00
D/wpa_supplicant( 3171): wlan0: BSS: Remove id 1069 BSSID 94:b4:0f:20:20:b1 SSID 'Tech.Autohome Inc.' due to no match in scan
D/wpa_supplicant( 3171): CTRL_IFACE monitor sent successfully to /data/misc/wifi/sockets/wpa_ctrl_467-2\x00
D/wpa_supplicant( 3171): CTRL_IFACE monitor sent successfully to /data/misc/wifi/sockets/wpa_ctrl_1377-2\x00
D/wpa_supplicant( 3171): wlan0: BSS: Remove id 1065 BSSID 94:b4:0f:20:20:b5 SSID 'Autohome Inc.-Staff' due to no match in scan
D/wpa_supplicant( 3171): CTRL_IFACE monitor sent successfully to /data/misc/wifi/sockets/wpa_ctrl_467-2\x00
D/wpa_supplicant( 3171): CTRL_IFACE monitor sent successfully to /data/misc/wifi/sockets/wpa_ctrl_1377-2\x00
D/wpa_supplicant( 3171): BSS: last_scan_res_used=84/128
D/wpa_supplicant( 3171): wlan0: Scan-only results received
D/wpa_supplicant( 3171): CTRL_IFACE monitor sent successfully to /data/misc/wifi/sockets/wpa_ctrl_467-2\x00
D/wpa_supplicant( 3171): CTRL_IFACE monitor sent successfully to /data/misc/wifi/sockets/wpa_ctrl_1377-2\x00
D/wpa_supplicant( 3171): wlan0: Radio work 'scan'@0x55b12b49d0 done in 2.503127 seconds
D/wpa_supplicant( 3171): wlan0: Control interface command 'BSS RANGE=0- MASK=0x23987'
