I/ServiceManager( 3944): Waiting for service goodix.fp...
I/WifiHAL ( 1377): Poll result = 1
I/WifiHAL ( 1377): Found some events!!!
D/WifiHAL ( 1377): no_seq_check received
I/WifiHAL ( 1377): event received NL80211_CMD_NEW_SCAN_RESULTS
I/WifiHAL ( 1377): event received NL80211_CMD_NEW_SCAN_RESULTS, vendor_id = 0x0
I/WifiHAL ( 1377): event ignored!!
D/wpa_supplicant( 3171): nl80211: Drv Event 34 (NL80211_CMD_NEW_SCAN_RESULTS) received for wlan0
D/wpa_supplicant( 3171): wlan0: nl80211: New scan results available
D/wpa_supplicant( 3171): nl80211: Scan included frequencies: 2412 2417 2422 2427 2432 2437 2442 2447 2452 2457 2462 2467 2472 5180 5200 5220 5240 5260 5280 5300 5320 5745 5765 5785 5805 5825
D/wpa_supplicant( 3171): wlan0: Event SCAN_RESULTS (3) received
D/wpa_supplicant( 3171): wlan0: Scan completed in 2.473571 seconds
D/wpa_supplicant( 3171): nl80211: Associated on 2412 MHz
D/wpa_supplicant( 3171): nl80211: Associated with 8c:be:be:4b:f8:f7
D/wpa_supplicant( 3171): nl80211: Received scan results (80 BSSes)
D/wpa_supplicant( 3171): nl80211: Scan results indicate BSS status with 8c:be:be:4b:f8:f7 as associated
D/wpa_supplicant( 3171): wlan0: BSS: Start scan result update 425
D/wpa_supplicant( 3171): wlan0: BSS: Add new id 1114 BSSID 58:b6:33:4d:ff:58 SSID 'bjpublic'
D/wpa_supplicant( 3171): CTRL_IFACE monitor sent successfully to /data/misc/wifi/sockets/wpa_ctrl_467-2\x00
D/wpa_supplicant( 3171): CTRL_IFACE monitor sent successfully to /data/misc/wifi/sockets/wpa_ctrl_1377-2\x00
D/wpa_supplicant( 3171): wlan0: BSS: Add new id 1115 BSSID 58:b6:33:cd:ff:58 SSID 'xxb'
D/wpa_supplicant( 3171): CTRL_IFACE monitor sent successfully to /data/misc/wifi/sockets/wpa_ctrl_467-2\x00
D/wpa_supplicant( 3171): CTRL_IFACE monitor sent successfully to /data/misc/wifi/sockets/wpa_ctrl_1377-2\x00
D/wpa_supplicant( 3171): wlan0: BSS: Add new id 1116 BSSID 58:b6:33:4e:8e:fc SSID 'bjpublic'
D/wpa_supplicant( 3171): CTRL_IFACE monitor sent successfully to /data/misc/wifi/sockets/wpa_ctrl_467-2\x00
D/wpa_supplicant( 3171): CTRL_IFACE monitor sent successfully to /data/misc/wifi/sockets/wpa_ctrl_1377-2\x00
D/wpa_supplicant( 3171): wlan0: BSS: Add new id 1117 BSSID 58:b6:33:0d:ff:58 SSID 'xsj'
D/wpa_supplicant( 3171): CTRL_IFACE monitor sent successfully to /data/misc/wifi/sockets/wpa_ctrl_467-2\x00
D/wpa_supplicant( 3171): CTRL_IFACE monitor sent successfully to /data/misc/wifi/sockets/wpa_ctrl_1377-2\x00
D/wpa_supplicant( 3171): wlan0: BSS: Remove id 1098 BSSID 58:b6:33:ce:8c:3c SSID 'xxb' due to no match in scan
D/wpa_supplicant( 3171): CTRL_IFACE monitor sent successfully to /data/misc/wifi/sockets/wpa_ctrl_467-2\x00
D/wpa_supplicant( 3171): CTRL_IFACE monitor sent successfully to /data/misc/wifi/sockets/wpa_ctrl_1377-2\x00
D/wpa_supplicant( 3171): wlan0: BSS: Remove id 1099 BSSID 58:b6:33:8e:8c:3c SSID '' due to no match in scan
D/wpa_supplicant( 3171): CTRL_IFACE monitor sent successfully to /data/misc/wifi/sockets/wpa_ctrl_467-2\x00
D/wpa_supplicant( 3171): CTRL_IFACE monitor sent successfully to /data/misc/wifi/sockets/wpa_ctrl_1377-2\x00
D/wpa_supplicant( 3171): wlan0: BSS: Remove id 1100 BSSID 58:b6:33:4e:8c:3c SSID 'bjpublic' due to no match in scan
D/wpa_supplicant( 3171): CTRL_IFACE monitor sent successfully to /data/misc/wifi/sockets/wpa_ctrl_467-2\x00
D/wpa_supplicant( 3171): CTRL_IFACE monitor sent successfully to /data/misc/wifi/sockets/wpa_ctrl_1377-2\x00
D/wpa_supplicant( 3171): BSS: last_scan_res_used=80/128
D/wpa_supplicant( 3171): wlan0: Scan-only results received
D/wpa_supplicant( 3171): CTRL_IFACE monitor sent successfully to /data/misc/wifi/sockets/wpa_ctrl_467-2\x00
D/wpa_supplicant( 3171): CTRL_IFACE monitor sent successfully to /data/misc/wifi/sockets/wpa_ctrl_1377-2\x00
D/wpa_supplicant( 3171): wlan0: Radio work 'scan'@0x55b1327e20 done in 2.510005 seconds
D/wpa_supplicant( 3171): wlan0: Control interface command 'BSS RANGE=0- MASK=0x23987'
D/wpa_supplicant( 3171): wlan0: Control interface command 'BSS RANGE=491- MASK=0x23987'
D/wpa_supplicant( 3171): wlan0: Control interface command 'BSS RANGE=1071- MASK=0x23987'
D/LBSSystemMonitorService( 1377): handleMessage what - 4
D/Wiper_jni( 1377): Send Network Location.
I/ServiceManager( 3944): Waiting for service goodix.fp...
D/DnsProxyBlocker(  439): add uid(10100)
I/MSM-irqbalance(  841): Decided to move IRQ57 from CPU2 to CPU3
I/SurfaceFlinger(  425): FPS: 1
D/FingerGoodix( 3944): go into while FingerPrint,getFingerPrintService()
D/wpa_supplicant( 3171): wlan0: Control interface command 'SIGNAL_POLL'
I/ServiceManager( 3944): Waiting for service goodix.fp...
I/ServiceManager(17717): Waiting for service AtCmdFwd...
I/ServiceManager( 3944): Waiting for service goodix.fp...
I/ServiceManager(17717): Waiting for service AtCmdFwd...
I/ServiceManager( 3944): Waiting for service goodix.fp...
I/subsystem_ramdump(17794): Usage:./system/bin/subsystem_ramdump [arg1] [arg2] [arg3]
I/subsystem_ramdump(17794): [arg1]: (1/2) Ramdump location: 1: eMMC: /data/ramdump or 2: SD card: /sdcard/ramdump
I/subsystem_ramdump(17794): [arg2]: (1/0) 1: Enable RPM log / 0: Disable RPM log
I/subsystem_ramdump(17794): [arg3]: (1/0) 1: Enable qdss ramdump / 0: Disable qdss ramdump
I/subsystem_ramdump(17794):  Using default ramdump location 1: eMMC: /data/ramdump
I/subsystem_ramdump(17794):  Using default 0: Disable RPM log
I/subsystem_ramdump(17794):  Using default 0: Disable qdss ramdump
E/subsystem_ramdump(17794): Unable to open /dev
E/subsystem_ramdump(17794): Failed to find pil ramdump
D/wpa_supplicant( 3171): wlan0: Control interface command 'SIGNAL_POLL'
I/ServiceManager(17717): Waiting for service AtCmdFwd...
I/ServiceManager( 3944): Waiting for service goodix.fp...
I/SurfaceFlinger(  425): FPS: 1
I/ServiceManager(17717): Waiting for service AtCmdFwd...
I/MSM-irqbalance(  841): Decided to move IRQ104 from CPU1 to CPU3
I/ServiceManager( 3944): Waiting for service goodix.fp...
I/ServiceManager(17717): Waiting for service AtCmdFwd...
D/FingerGoodix( 3944): go into while FingerPrint,getFingerPrintService()
I/ServiceManager( 3944): Waiting for service goodix.fp...
D/wpa_supplicant( 3171): wlan0: Control interface command 'SIGNAL_POLL'
E/WifiStateMachine( 1377): WifiStateMachine CMD_START_SCAN source -2 txSuccessRate=0.00 rxSuccessRate=0.00 targetRoamBSSID=any RSSI=-51
E/WifiStateMachine( 1377): WifiStateMachine starting scan for "mtest"-WPA_PSK with 2412
D/wpa_supplicant( 3171): wlan0: Control interface command 'SCAN TYPE=ONLY freq=2412'
D/wpa_supplicant( 3171): wlan0: Setting scan request: 0.000000 sec
D/wpa_supplicant( 3171): wlan0: Starting AP scan for wildcard SSID
D/wpa_supplicant( 3171): wlan0: Limit manual scan to specified channels
D/wpa_supplicant( 3171): wlan0: Add radio work 'scan'@0x55b1325d80
D/wpa_supplicant( 3171): wlan0: First radio work item in the queue - schedule start immediately
D/wpa_supplicant( 3171): wlan0: Starting radio work 'scan'@0x55b1325d80 after 0.000049 second wait
D/wpa_supplicant( 3171): wlan0: nl80211: scan request
D/wpa_supplicant( 3171): Scan requested (ret=0) - scan timeout 30 seconds
D/wpa_supplicant( 3171): nl80211: Drv Event 33 (NL80211_CMD_TRIGGER_SCAN) received for wlan0
D/wpa_supplicant( 3171): wlan0: nl80211: Scan trigger
D/wpa_supplicant( 3171): wlan0: Event SCAN_STARTED (49) received
D/wpa_supplicant( 3171): wlan0: Own scan request started a scan in 0.000164 seconds
D/wpa_supplicant( 3171): CTRL_IFACE monitor sent successfully to /data/misc/wifi/sockets/wpa_ctrl_467-2\x00
D/wpa_supplicant( 3171): CTRL_IFACE monitor sent successfully to /data/misc/wifi/sockets/wpa_ctrl_1377-2\x00
I/WifiHAL ( 1377): Poll result = 1
I/WifiHAL ( 1377): Found some events!!!
D/WifiHAL ( 1377): no_seq_check received
I/WifiHAL ( 1377): event received NL80211_CMD_TRIGGER_SCAN
I/WifiHAL ( 1377): event received NL80211_CMD_TRIGGER_SCAN, vendor_id = 0x0
I/WifiHAL ( 1377): event ignored!!
I/WifiHAL ( 1377): Poll result = 1
I/WifiHAL ( 1377): Found some events!!!
D/WifiHAL ( 1377): no_seq_check received
I/WifiHAL ( 1377): event received NL80211_CMD_NEW_SCAN_RESULTS
I/WifiHAL ( 1377): event received NL80211_CMD_NEW_SCAN_RESULTS, vendor_id = 0x0
I/WifiHAL ( 1377): event ignored!!
D/wpa_supplicant( 3171): nl80211: Drv Event 34 (NL80211_CMD_NEW_SCAN_RESULTS) received for wlan0
D/wpa_supplicant( 3171): wlan0: nl80211: New scan results available
D/wpa_supplicant( 3171): nl80211: Scan included frequencies: 2412
D/wpa_supplicant( 3171): wlan0: Event SCAN_RESULTS (3) received
D/wpa_supplicant( 3171): wlan0: Scan completed in 0.082772 seconds
D/wpa_supplicant( 3171): nl80211: Associated on 2412 MHz
D/wpa_supplicant( 3171): nl80211: Associated with 8c:be:be:4b:f8:f7
D/wpa_supplicant( 3171): nl80211: Received scan results (83 BSSes)
W/Atfwd_Sendcmd(17717): AtCmdFwd service not published, waiting... retryCnt : 4
D/wpa_supplicant( 3171): nl80211: Scan results indicate BSS status with 8c:be:be:4b:f8:f7 as associated
D/wpa_supplicant( 3171): wlan0: BSS: Start scan result update 426
D/wpa_supplicant( 3171): wlan0: BSS: Add new id 1118 BSSID 04:bd:88:4f:28:62 SSID 'Local.Autohome Inc.'
D/wpa_supplicant( 3171): CTRL_IFACE monitor sent successfully to /data/misc/wifi/sockets/wpa_ctrl_467-2\x00
D/wpa_supplicant( 3171): CTRL_IFACE monitor sent successfully to /data/misc/wifi/sockets/wpa_ctrl_1377-2\x00
D/wpa_supplicant( 3171): wlan0: BSS: Remove id 476 BSSID 04:bd:88:4f:28:61 SSID 'Tech.Autohome Inc.' due to no match in scan
D/wpa_supplicant( 3171): CTRL_IFACE monitor sent successfully to /data/misc/wifi/sockets/wpa_ctrl_467-2\x00
D/wpa_supplicant( 3171): CTRL_IFACE monitor sent successfully to /data/misc/wifi/sockets/wpa_ctrl_1377-2\x00
D/wpa_supplicant( 3171): BSS: last_scan_res_used=83/128
D/wpa_supplicant( 3171): wlan0: Scan-only results received
D/wpa_supplicant( 3171): CTRL_IFACE monitor sent successfully to /data/misc/wifi/sockets/wpa_ctrl_467-2\x00
D/wpa_supplicant( 3171): CTRL_IFACE monitor sent successfully to /data/misc/wifi/sockets/wpa_ctrl_1377-2\x00
D/wpa_supplicant( 3171): wlan0: Radio work 'scan'@0x55b1325d80 done in 0.102853 seconds
D/wpa_supplicant( 3171): wlan0: Control interface command 'BSS RANGE=0- MASK=0x23987'
D/wpa_supplicant( 3171): wlan0: Control interface command 'BSS RANGE=492- MASK=0x23987'
D/wpa_supplicant( 3171): wlan0: Control interface command 'BSS RANGE=1072- MASK=0x23987'
I/ServiceManager( 3944): Waiting for service goodix.fp...
I/SurfaceFlinger(  425): FPS: 1
I/subsystem_ramdump(17796): Usage:./system/bin/subsystem_ramdump [arg1] [arg2] [arg3]
I/subsystem_ramdump(17796): [arg1]: (1/2) Ramdump location: 1: eMMC: /data/ramdump or 2: SD card: /sdcard/ramdump
I/subsystem_ramdump(17796): [arg2]: (1/0) 1: Enable RPM log / 0: Disable RPM log
I/subsystem_ramdump(17796): [arg3]: (1/0) 1: Enable qdss ramdump / 0: Disable qdss ramdump
I/subsystem_ramdump(17796):  Using default ramdump location 1: eMMC: /data/ramdump
I/subsystem_ramdump(17796):  Using default 0: Disable RPM log
I/subsystem_ramdump(17796):  Using default 0: Disable qdss ramdump
E/subsystem_ramdump(17796): Unable to open /dev
E/subsystem_ramdump(17796): Failed to find pil ramdump
I/ServiceManager( 3944): Waiting for service goodix.fp...
I/ServiceManager( 3944): Waiting for service goodix.fp...
D/wpa_supplicant( 3171): wlan0: Control interface command 'SIGNAL_POLL'
D/SizeAdaptiveLayout( 3233): com.android.internal.widget.SizeAdaptiveLayout{1156fc69 V.E..... ......ID 0,0-986,189 #70800d9 com.android.systemui:id/adaptive}child view android.widget.FrameLayout{3b921987 V.E..... ......ID 0,0-986,188 #1020336 android:id/status_bar_latest_event_content} measured out of bounds at 188px clamped to 189px
D/SizeAdaptiveLayout( 3233): com.android.internal.widget.SizeAdaptiveLayout{28128957 V.E..... ......ID 0,0-986,189 #70800d9 com.android.systemui:id/adaptive}child view android.widget.FrameLayout{1fb7e8e5 V.E..... ......ID 0,0-986,188 #1020336 android:id/status_bar_latest_event_content} measured out of bounds at 188px clamped to 189px
I/SurfaceFlinger(  425): FPS: 1
I/MSM-irqbalance(  841): Decided to move IRQ203 from CPU2 to CPU3
I/ServiceManager( 3944): Waiting for service goodix.fp...
D/FingerGoodix( 3944): go into while FingerPrint,getFingerPrintService()
I/ServiceManager( 3944): Waiting for service goodix.fp...
I/SurfaceFlinger(  425): FPS: 1
D/wpa_supplicant( 3171): wlan0: Control interface command 'SIGNAL_POLL'
I/ServiceManager( 3944): Waiting for service goodix.fp...
I/subsystem_ramdump(17798): Usage:./system/bin/subsystem_ramdump [arg1] [arg2] [arg3]
I/subsystem_ramdump(17798): [arg1]: (1/2) Ramdump location: 1: eMMC: /data/ramdump or 2: SD card: /sdcard/ramdump
I/subsystem_ramdump(17798): [arg2]: (1/0) 1: Enable RPM log / 0: Disable RPM log
I/subsystem_ramdump(17798): [arg3]: (1/0) 1: Enable qdss ramdump / 0: Disable qdss ramdump
I/subsystem_ramdump(17798):  Using default ramdump location 1: eMMC: /data/ramdump
I/subsystem_ramdump(17798):  Using default 0: Disable RPM log
I/subsystem_ramdump(17798):  Using default 0: Disable qdss ramdump
E/subsystem_ramdump(17798): Unable to open /dev
E/subsystem_ramdump(17798): Failed to find pil ramdump
I/SurfaceFlinger(  425): FPS: 2
I/ServiceManager( 3944): Waiting for service goodix.fp...
I/MSM-irqbalance(  841): Decided to move IRQ177 from CPU0 to CPU3
I/ServiceManager( 3944): Waiting for service goodix.fp...
D/wpa_supplicant( 3171): wlan0: Control interface command 'SIGNAL_POLL'
I/ServiceManager( 3944): Waiting for service goodix.fp...
I/SurfaceFlinger(  425): FPS: 1
D/FingerGoodix( 3944): go into while FingerPrint,getFingerPrintService()
I/ServiceManager( 3944): Waiting for service goodix.fp...
I/subsystem_ramdump(17801): Usage:./system/bin/subsystem_ramdump [arg1] [arg2] [arg3]
I/subsystem_ramdump(17801): [arg1]: (1/2) Ramdump location: 1: eMMC: /data/ramdump or 2: SD card: /sdcard/ramdump
I/subsystem_ramdump(17801): [arg2]: (1/0) 1: Enable RPM log / 0: Disable RPM log
I/subsystem_ramdump(17801): [arg3]: (1/0) 1: Enable qdss ramdump / 0: Disable qdss ramdump
I/subsystem_ramdump(17801):  Using default ramdump location 1: eMMC: /data/ramdump
I/subsystem_ramdump(17801):  Using default 0: Disable RPM log
I/subsystem_ramdump(17801):  Using default 0: Disable qdss ramdump
E/subsystem_ramdump(17801): Unable to open /dev
E/subsystem_ramdump(17801): Failed to find pil ramdump
I/ServiceManager( 3944): Waiting for service goodix.fp...
D/wpa_supplicant( 3171): wlan0: Control interface command 'SIGNAL_POLL'
E/WifiStateMachine( 1377): WifiStateMachine CMD_START_SCAN source 10032 txSuccessRate=0.25 rxSuccessRate=0.25 targetRoamBSSID=any RSSI=-49
D/wpa_supplicant( 3171): wlan0: Control interface command 'SCAN TYPE=ONLY'
D/wpa_supplicant( 3171): wlan0: Setting scan request: 0.000000 sec
D/wpa_supplicant( 3171): wlan0: Starting AP scan for wildcard SSID
D/wpa_supplicant( 3171): wlan0: Add radio work 'scan'@0x55b1325d80
D/wpa_supplicant( 3171): wlan0: First radio work item in the queue - schedule start immediately
D/wpa_supplicant( 3171): wlan0: Starting radio work 'scan'@0x55b1325d80 after 0.000049 second wait
D/wpa_supplicant( 3171): wlan0: nl80211: scan request
I/ServiceManager( 3944): Waiting for service goodix.fp...
D/wpa_supplicant( 3171): Scan requested (ret=0) - scan timeout 30 seconds
D/wpa_supplicant( 3171): nl80211: Drv Event 33 (NL80211_CMD_TRIGGER_SCAN) received for wlan0
D/wpa_supplicant( 3171): wlan0: nl80211: Scan trigger
D/wpa_supplicant( 3171): wlan0: Event SCAN_STARTED (49) received
D/wpa_supplicant( 3171): wlan0: Own scan request started a scan in 0.000162 seconds
D/wpa_supplicant( 3171): CTRL_IFACE monitor sent successfully to /data/misc/wifi/sockets/wpa_ctrl_467-2\x00
D/wpa_supplicant( 3171): CTRL_IFACE monitor sent successfully to /data/misc/wifi/sockets/wpa_ctrl_1377-2\x00
I/WifiHAL ( 1377): Poll result = 1
I/WifiHAL ( 1377): Found some events!!!
D/WifiHAL ( 1377): no_seq_check received
I/WifiHAL ( 1377): event received NL80211_CMD_TRIGGER_SCAN
I/WifiHAL ( 1377): event received NL80211_CMD_TRIGGER_SCAN, vendor_id = 0x0
I/WifiHAL ( 1377): event ignored!!
I/MSM-irqbalance(  841): Decided to move IRQ200 from CPU1 to CPU3
I/SurfaceFlinger(  425): FPS: 1
I/ServiceManager( 3944): Waiting for service goodix.fp...
I/ServiceManager( 3944): Waiting for service goodix.fp...
D/wpa_supplicant( 3171): wlan0: Control interface command 'SIGNAL_POLL'
I/WifiHAL ( 1377): Poll result = 1
I/WifiHAL ( 1377): Found some events!!!
D/WifiHAL ( 1377): no_seq_check received
I/WifiHAL ( 1377): event received NL80211_CMD_NEW_SCAN_RESULTS
I/WifiHAL ( 1377): event received NL80211_CMD_NEW_SCAN_RESULTS, vendor_id = 0x0
I/WifiHAL ( 1377): event ignored!!
D/wpa_supplicant( 3171): nl80211: Drv Event 34 (NL80211_CMD_NEW_SCAN_RESULTS) received for wlan0
D/wpa_supplicant( 3171): wlan0: nl80211: New scan results available
D/wpa_supplicant( 3171): nl80211: Scan included frequencies: 2412 2417 2422 2427 2432 2437 2442 2447 2452 2457 2462 2467 2472 5180 5200 5220 5240 5260 5280 5300 5320 5745 5765 5785 5805 5825
D/wpa_supplicant( 3171): wlan0: Event SCAN_RESULTS (3) received
D/wpa_supplicant( 3171): wlan0: Scan completed in 2.359093 seconds
D/wpa_supplicant( 3171): nl80211: Associated on 2412 MHz
D/wpa_supplicant( 3171): nl80211: Associated with 8c:be:be:4b:f8:f7
D/wpa_supplicant( 3171): nl80211: Received scan results (80 BSSes)
D/wpa_supplicant( 3171): nl80211: Scan results indicate BSS status with 8c:be:be:4b:f8:f7 as associated
D/wpa_supplicant( 3171): wlan0: BSS: Start scan result update 427
D/wpa_supplicant( 3171): wlan0: BSS: Add new id 1119 BSSID 58:b6:33:ce:8c:3c SSID 'xxb'
D/wpa_supplicant( 3171): CTRL_IFACE monitor sent successfully to /data/misc/wifi/sockets/wpa_ctrl_467-2\x00
D/wpa_supplicant( 3171): CTRL_IFACE monitor sent successfully to /data/misc/wifi/sockets/wpa_ctrl_1377-2\x00
D/wpa_supplicant( 3171): wlan0: BSS: Add new id 1120 BSSID 04:bd:88:4b:d0:c1 SSID 'Local.Autohome Inc.'
D/wpa_supplicant( 3171): CTRL_IFACE monitor sent successfully to /data/misc/wifi/sockets/wpa_ctrl_467-2\x00
D/wpa_supplicant( 3171): CTRL_IFACE monitor sent successfully to /data/misc/wifi/sockets/wpa_ctrl_1377-2\x00
D/wpa_supplicant( 3171): wlan0: BSS: Add new id 1121 BSSID f0:b4:29:01:33:46 SSID 'zhimi-airpurifier-v3_miap3346'
D/wpa_supplicant( 3171): CTRL_IFACE monitor sent successfully to /data/misc/wifi/sockets/wpa_ctrl_467-2\x00
D/wpa_supplicant( 3171): CTRL_IFACE monitor sent successfully to /data/misc/wifi/sockets/wpa_ctrl_1377-2\x00
D/wpa_supplicant( 3171): wlan0: BSS: Add new id 1122 BSSID f0:b4:29:01:54:86 SSID 'zhimi-airpurifier-v3_miap5486'
D/wpa_supplicant( 3171): CTRL_IFACE monitor sent successfully to /data/misc/wifi/sockets/wpa_ctrl_467-2\x00
D/wpa_supplicant( 3171): CTRL_IFACE monitor sent successfully to /data/misc/wifi/sockets/wpa_ctrl_1377-2\x00
D/wpa_supplicant( 3171): wlan0: BSS: Add new id 1123 BSSID 04:bd:88:4b:d0:c0 SSID 'Autohome Inc.-Guest'
D/wpa_supplicant( 3171): CTRL_IFACE monitor sent successfully to /data/misc/wifi/sockets/wpa_ctrl_467-2\x00
D/wpa_supplicant( 3171): CTRL_IFACE monitor sent successfully to /data/misc/wifi/sockets/wpa_ctrl_1377-2\x00
D/wpa_supplicant( 3171): wlan0: BSS: Remove id 1007 BSSID 58:b6:33:8e:8c:38 SSID '' due to no match in scan
D/wpa_supplicant( 3171): CTRL_IFACE monitor sent successfully to /data/misc/wifi/sockets/wpa_ctrl_467-2\x00
D/wpa_supplicant( 3171): CTRL_IFACE monitor sent successfully to /data/misc/wifi/sockets/wpa_ctrl_1377-2\x00
D/wpa_supplicant( 3171): BSS: last_scan_res_used=80/128
D/wpa_supplicant( 3171): wlan0: Scan-only results received
D/wpa_supplicant( 3171): CTRL_IFACE monitor sent successfully to /data/misc/wifi/sockets/wpa_ctrl_467-2\x00
D/wpa_supplicant( 3171): CTRL_IFACE monitor sent successfully to /data/misc/wifi/sockets/wpa_ctrl_1377-2\x00
D/wpa_supplicant( 3171): wlan0: Radio work 'scan'@0x55b1325d80 done in 2.382553 seconds
D/wpa_supplicant( 3171): wlan0: Control interface command 'BSS RANGE=0- MASK=0x23987'
D/wpa_supplicant( 3171): wlan0: Control interface command 'BSS RANGE=492- MASK=0x23987'
D/wpa_supplicant( 3171): wlan0: Control interface command 'BSS RANGE=1074- MASK=0x23987'
D/LBSSystemMonitorService( 1377): handleMessage what - 4
D/Wiper_jni( 1377): Send Network Location.
D/FingerGoodix( 3944): go into while FingerPrint,getFingerPrintService()
I/ServiceManager( 3944): Waiting for service goodix.fp...
I/subsystem_ramdump(17803): Usage:./system/bin/subsystem_ramdump [arg1] [arg2] [arg3]
I/subsystem_ramdump(17803): [arg1]: (1/2) Ramdump location: 1: eMMC: /data/ramdump or 2: SD card: /sdcard/ramdump
I/subsystem_ramdump(17803): [arg2]: (1/0) 1: Enable RPM log / 0: Disable RPM log
I/subsystem_ramdump(17803): [arg3]: (1/0) 1: Enable qdss ramdump / 0: Disable qdss ramdump
I/subsystem_ramdump(17803):  Using default ramdump location 1: eMMC: /data/ramdump
I/subsystem_ramdump(17803):  Using default 0: Disable RPM log
I/subsystem_ramdump(17803):  Using default 0: Disable qdss ramdump
E/subsystem_ramdump(17803): Unable to open /dev
E/subsystem_ramdump(17803): Failed to find pil ramdump
I/ServiceManager( 3944): Waiting for service goodix.fp...
I/SurfaceFlinger(  425): FPS: 1
D/wpa_supplicant( 3171): wlan0: Control interface command 'SIGNAL_POLL'
I/MSM-irqbalance(  841): Decided to move IRQ321 from CPU2 to CPU3
I/ServiceManager( 3944): Waiting for service goodix.fp...
I/ServiceManager( 3944): Waiting for service goodix.fp...
E/WifiStateMachine( 1377): WifiStateMachine CMD_START_SCAN source -2 txSuccessRate=0.02 rxSuccessRate=0.02 targetRoamBSSID=any RSSI=-51
E/WifiStateMachine( 1377): WifiStateMachine starting scan for "mtest"-WPA_PSK with 2412
D/wpa_supplicant( 3171): wlan0: Control interface command 'SCAN TYPE=ONLY freq=2412'
D/wpa_supplicant( 3171): wlan0: Setting scan request: 0.000000 sec
D/wpa_supplicant( 3171): wlan0: Starting AP scan for wildcard SSID
D/wpa_supplicant( 3171): wlan0: Limit manual scan to specified channels
D/wpa_supplicant( 3171): wlan0: Add radio work 'scan'@0x55b1325d80
D/wpa_supplicant( 3171): wlan0: First radio work item in the queue - schedule start immediately
D/wpa_supplicant( 3171): wlan0: Starting radio work 'scan'@0x55b1325d80 after 0.000049 second wait
D/wpa_supplicant( 3171): wlan0: nl80211: scan request
D/wpa_supplicant( 3171): Scan requested (ret=0) - scan timeout 30 seconds
I/WifiHAL ( 1377): Poll result = 1
I/WifiHAL ( 1377): Found some events!!!
D/WifiHAL ( 1377): no_seq_check received
D/wpa_supplicant( 3171): nl80211: Drv Event 33 (NL80211_CMD_TRIGGER_SCAN) received for wlan0
I/WifiHAL ( 1377): event received NL80211_CMD_TRIGGER_SCAN
I/WifiHAL ( 1377): event received NL80211_CMD_TRIGGER_SCAN, vendor_id = 0x0
D/wpa_supplicant( 3171): wlan0: nl80211: Scan trigger
I/WifiHAL ( 1377): event ignored!!
D/wpa_supplicant( 3171): wlan0: Event SCAN_STARTED (49) received
D/wpa_supplicant( 3171): wlan0: Own scan request started a scan in 0.000148 seconds
D/wpa_supplicant( 3171): CTRL_IFACE monitor sent successfully to /data/misc/wifi/sockets/wpa_ctrl_467-2\x00
D/wpa_supplicant( 3171): CTRL_IFACE monitor sent successfully to /data/misc/wifi/sockets/wpa_ctrl_1377-2\x00
I/WifiHAL ( 1377): Poll result = 1
I/WifiHAL ( 1377): Found some events!!!
D/WifiHAL ( 1377): no_seq_check received
I/WifiHAL ( 1377): event received NL80211_CMD_NEW_SCAN_RESULTS
I/WifiHAL ( 1377): event received NL80211_CMD_NEW_SCAN_RESULTS, vendor_id = 0x0
I/WifiHAL ( 1377): event ignored!!
D/wpa_supplicant( 3171): nl80211: Drv Event 34 (NL80211_CMD_NEW_SCAN_RESULTS) received for wlan0
D/wpa_supplicant( 3171): wlan0: nl80211: New scan results available
D/wpa_supplicant( 3171): nl80211: Scan included frequencies: 2412
D/wpa_supplicant( 3171): wlan0: Event SCAN_RESULTS (3) received
D/wpa_supplicant( 3171): wlan0: Scan completed in 0.072121 seconds
D/wpa_supplicant( 3171): nl80211: Associated on 2412 MHz
D/wpa_supplicant( 3171): nl80211: Associated with 8c:be:be:4b:f8:f7
D/wpa_supplicant( 3171): nl80211: Received scan results (82 BSSes)
D/wpa_supplicant( 3171): nl80211: Scan results indicate BSS status with 8c:be:be:4b:f8:f7 as associated
D/wpa_supplicant( 3171): wlan0: BSS: Start scan result update 428
D/wpa_supplicant( 3171): wlan0: BSS: Add new id 1124 BSSID 04:bd:88:4f:28:61 SSID 'Tech.Autohome Inc.'
D/wpa_supplicant( 3171): CTRL_IFACE monitor sent successfully to /data/misc/wifi/sockets/wpa_ctrl_467-2\x00
D/wpa_supplicant( 3171): CTRL_IFACE monitor sent successfully to /data/misc/wifi/sockets/wpa_ctrl_1377-2\x00
D/wpa_supplicant( 3171): wlan0: BSS: Add new id 1125 BSSID 04:bd:88:37:68:41 SSID 'Tech.Autohome Inc.'
D/wpa_supplicant( 3171): CTRL_IFACE monitor sent successfully to /data/misc/wifi/sockets/wpa_ctrl_467-2\x00
D/wpa_supplicant( 3171): CTRL_IFACE monitor sent successfully to /data/misc/wifi/sockets/wpa_ctrl_1377-2\x00
I/ServiceManager(17717): Waiting for service AtCmdFwd...
D/wpa_supplicant( 3171): wlan0: BSS: Remove id 1062 BSSID 04:bd:88:4f:2a:60 SSID 'baojia.Autohome Inc.' due to no match in scan
D/wpa_supplicant( 3171): CTRL_IFACE monitor sent successfully to /data/misc/wifi/sockets/wpa_ctrl_467-2\x00
D/wpa_supplicant( 3171): CTRL_IFACE monitor sent successfully to /data/misc/wifi/sockets/wpa_ctrl_1377-2\x00
D/wpa_supplicant( 3171): wlan0: BSS: Remove id 1107 BSSID 04:bd:88:37:68:40 SSID 'Autohome Inc.-Guest' due to no match in scan
D/wpa_supplicant( 3171): CTRL_IFACE monitor sent successfully to /data/misc/wifi/sockets/wpa_ctrl_467-2\x00
D/wpa_supplicant( 3171): CTRL_IFACE monitor sent successfully to /data/misc/wifi/sockets/wpa_ctrl_1377-2\x00
D/wpa_supplicant( 3171): BSS: last_scan_res_used=82/128
D/wpa_supplicant( 3171): wlan0: Scan-only results received
D/wpa_supplicant( 3171): CTRL_IFACE monitor sent successfully to /data/misc/wifi/sockets/wpa_ctrl_467-2\x00
D/wpa_supplicant( 3171): CTRL_IFACE monitor sent successfully to /data/misc/wifi/sockets/wpa_ctrl_1377-2\x00
D/wpa_supplicant( 3171): wlan0: Radio work 'scan'@0x55b1325d80 done in 0.097325 seconds
D/wpa_supplicant( 3171): wlan0: Control interface command 'BSS RANGE=0- MASK=0x23987'
D/wpa_supplicant( 3171): wlan0: Control interface command 'BSS RANGE=492- MASK=0x23987'
D/wpa_supplicant( 3171): wlan0: Control interface command 'BSS RANGE=1083- MASK=0x23987'
I/ServiceManager( 3944): Waiting for service goodix.fp...
D/wpa_supplicant( 3171): wlan0: Control interface command 'SIGNAL_POLL'
I/ServiceManager(17717): Waiting for service AtCmdFwd...
D/FingerGoodix( 3944): go into while FingerPrint,getFingerPrintService()
I/SurfaceFlinger(  425): FPS: 1
I/subsystem_ramdump(17805): Usage:./system/bin/subsystem_ramdump [arg1] [arg2] [arg3]
I/subsystem_ramdump(17805): [arg1]: (1/2) Ramdump location: 1: eMMC: /data/ramdump or 2: SD card: /sdcard/ramdump
I/subsystem_ramdump(17805): [arg2]: (1/0) 1: Enable RPM log / 0: Disable RPM log
I/subsystem_ramdump(17805): [arg3]: (1/0) 1: Enable qdss ramdump / 0: Disable qdss ramdump
I/subsystem_ramdump(17805):  Using default ramdump location 1: eMMC: /data/ramdump
I/subsystem_ramdump(17805):  Using default 0: Disable RPM log
I/subsystem_ramdump(17805):  Using default 0: Disable qdss ramdump
E/subsystem_ramdump(17805): Unable to open /dev
E/subsystem_ramdump(17805): Failed to find pil ramdump
I/ServiceManager( 3944): Waiting for service goodix.fp...
I/ServiceManager(17717): Waiting for service AtCmdFwd...
I/ServiceManager( 3944): Waiting for service goodix.fp...
I/ServiceManager(17717): Waiting for service AtCmdFwd...
I/MSM-irqbalance(  841): Decided to move IRQ215 from CPU1 to CPU3
I/ServiceManager( 3944): Waiting for service goodix.fp...
I/ServiceManager(17717): Waiting for service AtCmdFwd...
D/wpa_supplicant( 3171): wlan0: Control interface command 'SIGNAL_POLL'
I/ServiceManager( 3944): Waiting for service goodix.fp...
W/Atfwd_Sendcmd(17717): AtCmdFwd service not published, waiting... retryCnt : 5
I/SurfaceFlinger(  425): FPS: 1
I/ServiceManager( 3944): Waiting for service goodix.fp...
I/subsystem_ramdump(17807): Usage:./system/bin/subsystem_ramdump [arg1] [arg2] [arg3]
I/subsystem_ramdump(17807): [arg1]: (1/2) Ramdump location: 1: eMMC: /data/ramdump or 2: SD card: /sdcard/ramdump
I/subsystem_ramdump(17807): [arg2]: (1/0) 1: Enable RPM log / 0: Disable RPM log
I/subsystem_ramdump(17807): [arg3]: (1/0) 1: Enable qdss ramdump / 0: Disable qdss ramdump
I/subsystem_ramdump(17807):  Using default ramdump location 1: eMMC: /data/ramdump
I/subsystem_ramdump(17807):  Using default 0: Disable RPM log
I/subsystem_ramdump(17807):  Using default 0: Disable qdss ramdump
E/subsystem_ramdump(17807): Unable to open /dev
E/subsystem_ramdump(17807): Failed to find pil ramdump
D/FingerGoodix( 3944): go into while FingerPrint,getFingerPrintService()
D/wpa_supplicant( 3171): wlan0: Control interface command 'SIGNAL_POLL'
I/ServiceManager( 3944): Waiting for service goodix.fp...
I/MSM-irqbalance(  841): Decided to move IRQ178 from CPU1 to CPU0
I/ServiceManager( 3944): Waiting for service goodix.fp...
I/ServiceManager( 3944): Waiting for service goodix.fp...
I/SurfaceFlinger(  425): FPS: 1
D/wpa_supplicant( 3171): wlan0: Control interface command 'SIGNAL_POLL'
I/ServiceManager( 3944): Waiting for service goodix.fp...
I/ServiceManager( 3944): Waiting for service goodix.fp...
I/subsystem_ramdump(17810): Usage:./system/bin/subsystem_ramdump [arg1] [arg2] [arg3]
I/subsystem_ramdump(17810): [arg1]: (1/2) Ramdump location: 1: eMMC: /data/ramdump or 2: SD card: /sdcard/ramdump
I/subsystem_ramdump(17810): [arg2]: (1/0) 1: Enable RPM log / 0: Disable RPM log
I/subsystem_ramdump(17810): [arg3]: (1/0) 1: Enable qdss ramdump / 0: Disable qdss ramdump
I/subsystem_ramdump(17810):  Using default ramdump location 1: eMMC: /data/ramdump
I/subsystem_ramdump(17810):  Using default 0: Disable RPM log
I/subsystem_ramdump(17810):  Using default 0: Disable qdss ramdump
E/subsystem_ramdump(17810): Unable to open /dev
E/subsystem_ramdump(17810): Failed to find pil ramdump
D/FingerGoodix( 3944): go into while FingerPrint,getFingerPrintService()
I/ServiceManager( 3944): Waiting for service goodix.fp...
I/MSM-irqbalance(  841): Decided to move IRQ65 from CPU1 to CPU0
D/wpa_supplicant( 3171): wlan0: Control interface command 'SIGNAL_POLL'
I/SurfaceFlinger(  425): FPS: 1
I/ServiceManager( 3944): Waiting for service goodix.fp...
I/ServiceManager( 3944): Waiting for service goodix.fp...
E/WifiStateMachine( 1377): WifiStateMachine CMD_START_SCAN source 10032 txSuccessRate=0.00 rxSuccessRate=0.00 targetRoamBSSID=any RSSI=-50
D/wpa_supplicant( 3171): wlan0: Control interface command 'SCAN TYPE=ONLY'
D/wpa_supplicant( 3171): wlan0: Setting scan request: 0.000000 sec
D/wpa_supplicant( 3171): wlan0: Starting AP scan for wildcard SSID
D/wpa_supplicant( 3171): wlan0: Add radio work 'scan'@0x55b1325d80
D/wpa_supplicant( 3171): wlan0: First radio work item in the queue - schedule start immediately
D/wpa_supplicant( 3171): wlan0: Starting radio work 'scan'@0x55b1325d80 after 0.000048 second wait
D/wpa_supplicant( 3171): wlan0: nl80211: scan request
D/wpa_supplicant( 3171): Scan requested (ret=0) - scan timeout 30 seconds
D/wpa_supplicant( 3171): nl80211: Drv Event 33 (NL80211_CMD_TRIGGER_SCAN) received for wlan0
D/wpa_supplicant( 3171): wlan0: nl80211: Scan trigger
D/wpa_supplicant( 3171): wlan0: Event SCAN_STARTED (49) received
D/wpa_supplicant( 3171): wlan0: Own scan request started a scan in 0.000164 seconds
D/wpa_supplicant( 3171): CTRL_IFACE monitor sent successfully to /data/misc/wifi/sockets/wpa_ctrl_467-2\x00
D/wpa_supplicant( 3171): CTRL_IFACE monitor sent successfully to /data/misc/wifi/sockets/wpa_ctrl_1377-2\x00
I/WifiHAL ( 1377): Poll result = 1
I/WifiHAL ( 1377): Found some events!!!
D/WifiHAL ( 1377): no_seq_check received
I/WifiHAL ( 1377): event received NL80211_CMD_TRIGGER_SCAN
I/WifiHAL ( 1377): event received NL80211_CMD_TRIGGER_SCAN, vendor_id = 0x0
I/WifiHAL ( 1377): event ignored!!
I/ServiceManager( 3944): Waiting for service goodix.fp...
D/wpa_supplicant( 3171): wlan0: Control interface command 'SIGNAL_POLL'
I/subsystem_ramdump(17811): Usage:./system/bin/subsystem_ramdump [arg1] [arg2] [arg3]
I/subsystem_ramdump(17811): [arg1]: (1/2) Ramdump location: 1: eMMC: /data/ramdump or 2: SD card: /sdcard/ramdump
I/subsystem_ramdump(17811): [arg2]: (1/0) 1: Enable RPM log / 0: Disable RPM log
I/subsystem_ramdump(17811): [arg3]: (1/0) 1: Enable qdss ramdump / 0: Disable qdss ramdump
I/subsystem_ramdump(17811):  Using default ramdump location 1: eMMC: /data/ramdump
I/subsystem_ramdump(17811):  Using default 0: Disable RPM log
I/subsystem_ramdump(17811):  Using default 0: Disable qdss ramdump
E/subsystem_ramdump(17811): Unable to open /dev
E/subsystem_ramdump(17811): Failed to find pil ramdump
I/ServiceManager( 3944): Waiting for service goodix.fp...
I/SurfaceFlinger(  425): FPS: 1
I/WifiHAL ( 1377): Poll result = 1
I/WifiHAL ( 1377): Found some events!!!
D/WifiHAL ( 1377): no_seq_check received
I/WifiHAL ( 1377): event received NL80211_CMD_NEW_SCAN_RESULTS
I/WifiHAL ( 1377): event received NL80211_CMD_NEW_SCAN_RESULTS, vendor_id = 0x0
I/WifiHAL ( 1377): event ignored!!
D/wpa_supplicant( 3171): nl80211: Drv Event 34 (NL80211_CMD_NEW_SCAN_RESULTS) received for wlan0
D/wpa_supplicant( 3171): wlan0: nl80211: New scan results available
D/wpa_supplicant( 3171): nl80211: Scan included frequencies: 2412 2417 2422 2427 2432 2437 2442 2447 2452 2457 2462 2467 2472 5180 5200 5220 5240 5260 5280 5300 5320 5745 5765 5785 5805 5825
D/wpa_supplicant( 3171): wlan0: Event SCAN_RESULTS (3) received
D/wpa_supplicant( 3171): wlan0: Scan completed in 2.460347 seconds
D/wpa_supplicant( 3171): nl80211: Associated on 2412 MHz
D/wpa_supplicant( 3171): nl80211: Associated with 8c:be:be:4b:f8:f7
D/wpa_supplicant( 3171): nl80211: Received scan results (81 BSSes)
D/wpa_supplicant( 3171): nl80211: Scan results indicate BSS status with 8c:be:be:4b:f8:f7 as associated
D/wpa_supplicant( 3171): wlan0: BSS: Start scan result update 429
D/wpa_supplicant( 3171): wlan0: BSS: Add new id 1126 BSSID 58:b6:33:ce:8e:fc SSID 'xxb'
D/wpa_supplicant( 3171): CTRL_IFACE monitor sent successfully to /data/misc/wifi/sockets/wpa_ctrl_467-2\x00
D/wpa_supplicant( 3171): CTRL_IFACE monitor sent successfully to /data/misc/wifi/sockets/wpa_ctrl_1377-2\x00
D/wpa_supplicant( 3171): wlan0: BSS: Add new id 1127 BSSID 38:1c:1a:2f:f5:10 SSID 'liugong'
D/wpa_supplicant( 3171): CTRL_IFACE monitor sent successfully to /data/misc/wifi/sockets/wpa_ctrl_467-2\x00
D/wpa_supplicant( 3171): CTRL_IFACE monitor sent successfully to /data/misc/wifi/sockets/wpa_ctrl_1377-2\x00
D/wpa_supplicant( 3171): wlan0: BSS: Add new id 1128 BSSID 58:b6:33:0e:8e:fc SSID 'xsj'
D/wpa_supplicant( 3171): CTRL_IFACE monitor sent successfully to /data/misc/wifi/sockets/wpa_ctrl_467-2\x00
D/wpa_supplicant( 3171): CTRL_IFACE monitor sent successfully to /data/misc/wifi/sockets/wpa_ctrl_1377-2\x00
D/wpa_supplicant( 3171): wlan0: BSS: Remove id 1108 BSSID 1c:78:39:06:53:2d SSID 'quanminWiFi' due to no match in scan
D/wpa_supplicant( 3171): CTRL_IFACE monitor sent successfully to /data/misc/wifi/sockets/wpa_ctrl_467-2\x00
D/wpa_supplicant( 3171): CTRL_IFACE monitor sent successfully to /data/misc/wifi/sockets/wpa_ctrl_1377-2\x00
D/wpa_supplicant( 3171): wlan0: BSS: Remove id 1101 BSSID 94:b4:0f:20:20:b1 SSID 'Tech.Autohome Inc.' due to no match in scan
D/wpa_supplicant( 3171): CTRL_IFACE monitor sent successfully to /data/misc/wifi/sockets/wpa_ctrl_467-2\x00
D/wpa_supplicant( 3171): CTRL_IFACE monitor sent successfully to /data/misc/wifi/sockets/wpa_ctrl_1377-2\x00
D/wpa_supplicant( 3171): wlan0: BSS: Remove id 1102 BSSID 94:b4:0f:20:20:b2 SSID 'Local.Autohome Inc.' due to no match in scan
D/wpa_supplicant( 3171): CTRL_IFACE monitor sent successfully to /data/misc/wifi/sockets/wpa_ctrl_467-2\x00
D/wpa_supplicant( 3171): CTRL_IFACE monitor sent successfully to /data/misc/wifi/sockets/wpa_ctrl_1377-2\x00
D/wpa_supplicant( 3171): wlan0: BSS: Remove id 1070 BSSID 94:b4:0f:20:20:b0 SSID 'Autohome Inc.-Guest' due to no match in scan
D/wpa_supplicant( 3171): CTRL_IFACE monitor sent successfully to /data/misc/wifi/sockets/wpa_ctrl_467-2\x00
D/wpa_supplicant( 3171): CTRL_IFACE monitor sent successfully to /data/misc/wifi/sockets/wpa_ctrl_1377-2\x00
D/wpa_supplicant( 3171): wlan0: BSS: Remove id 1109 BSSID f0:b4:29:01:92:b8 SSID 'zhimi-airpurifier-v3_miap92b8' due to no match in scan
D/wpa_supplicant( 3171): CTRL_IFACE monitor sent successfully to /data/misc/wifi/sockets/wpa_ctrl_467-2\x00
D/wpa_supplicant( 3171): CTRL_IFACE monitor sent successfully to /data/misc/wifi/sockets/wpa_ctrl_1377-2\x00
D/wpa_supplicant( 3171): BSS: last_scan_res_used=81/128
D/wpa_supplicant( 3171): wlan0: Scan-only results received
D/wpa_supplicant( 3171): CTRL_IFACE monitor sent successfully to /data/misc/wifi/sockets/wpa_ctrl_467-2\x00
D/wpa_supplicant( 3171): CTRL_IFACE monitor sent successfully to /data/misc/wifi/sockets/wpa_ctrl_1377-2\x00
D/wpa_supplicant( 3171): wlan0: Radio work 'scan'@0x55b1325d80 done in 2.481699 seconds
D/wpa_supplicant( 3171): wlan0: Control interface command 'BSS RANGE=0- MASK=0x23987'
D/wpa_supplicant( 3171): wlan0: Control interface command 'BSS RANGE=492- MASK=0x23987'
D/wpa_supplicant( 3171): wlan0: Control interface command 'BSS RANGE=1087- MASK=0x23987'
D/LBSSystemMonitorService( 1377): handleMessage what - 4
D/Wiper_jni( 1377): Send Network Location.
D/FingerGoodix( 3944): go into while FingerPrint,getFingerPrintService()
I/MSM-irqbalance(  841): Decided to move IRQ200 from CPU2 to CPU1
I/ServiceManager( 3944): Waiting for service goodix.fp...
D/wpa_supplicant( 3171): wlan0: Control interface command 'SIGNAL_POLL'
I/ServiceManager( 3944): Waiting for service goodix.fp...
E/WifiStateMachine( 1377): WifiStateMachine CMD_START_SCAN source -2 txSuccessRate=0.00 rxSuccessRate=0.00 targetRoamBSSID=any RSSI=-46
E/WifiStateMachine( 1377): WifiStateMachine starting scan for "mtest"-WPA_PSK with 2412
D/wpa_supplicant( 3171): wlan0: Control interface command 'SCAN TYPE=ONLY freq=2412'
D/wpa_supplicant( 3171): wlan0: Setting scan request: 0.000000 sec
D/wpa_supplicant( 3171): wlan0: Starting AP scan for wildcard SSID
D/wpa_supplicant( 3171): wlan0: Limit manual scan to specified channels
D/wpa_supplicant( 3171): wlan0: Add radio work 'scan'@0x55b1327e20
D/wpa_supplicant( 3171): wlan0: First radio work item in the queue - schedule start immediately
D/wpa_supplicant( 3171): wlan0: Starting radio work 'scan'@0x55b1327e20 after 0.000049 second wait
D/wpa_supplicant( 3171): wlan0: nl80211: scan request
D/wpa_supplicant( 3171): Scan requested (ret=0) - scan timeout 30 seconds
D/wpa_supplicant( 3171): nl80211: Drv Event 33 (NL80211_CMD_TRIGGER_SCAN) received for wlan0
D/wpa_supplicant( 3171): wlan0: nl80211: Scan trigger
D/wpa_supplicant( 3171): wlan0: Event SCAN_STARTED (49) received
D/wpa_supplicant( 3171): wlan0: Own scan request started a scan in 0.000160 seconds
D/wpa_supplicant( 3171): CTRL_IFACE monitor sent successfully to /data/misc/wifi/sockets/wpa_ctrl_467-2\x00
D/wpa_supplicant( 3171): CTRL_IFACE monitor sent successfully to /data/misc/wifi/sockets/wpa_ctrl_1377-2\x00
I/WifiHAL ( 1377): Poll result = 1
I/WifiHAL ( 1377): Found some events!!!
D/WifiHAL ( 1377): no_seq_check received
I/WifiHAL ( 1377): event received NL80211_CMD_TRIGGER_SCAN
I/WifiHAL ( 1377): event received NL80211_CMD_TRIGGER_SCAN, vendor_id = 0x0
I/WifiHAL ( 1377): event ignored!!
I/WifiHAL ( 1377): Poll result = 1
I/WifiHAL ( 1377): Found some events!!!
D/WifiHAL ( 1377): no_seq_check received
I/WifiHAL ( 1377): event received NL80211_CMD_NEW_SCAN_RESULTS
I/WifiHAL ( 1377): event received NL80211_CMD_NEW_SCAN_RESULTS, vendor_id = 0x0
I/WifiHAL ( 1377): event ignored!!
D/wpa_supplicant( 3171): nl80211: Drv Event 34 (NL80211_CMD_NEW_SCAN_RESULTS) received for wlan0
D/wpa_supplicant( 3171): wlan0: nl80211: New scan results available
D/wpa_supplicant( 3171): nl80211: Scan included frequencies: 2412
D/wpa_supplicant( 3171): wlan0: Event SCAN_RESULTS (3) received
D/wpa_supplicant( 3171): wlan0: Scan completed in 0.092696 seconds
D/wpa_supplicant( 3171): nl80211: Associated on 2412 MHz
D/wpa_supplicant( 3171): nl80211: Associated with 8c:be:be:4b:f8:f7
D/wpa_supplicant( 3171): nl80211: Received scan results (83 BSSes)
D/wpa_supplicant( 3171): nl80211: Scan results indicate BSS status with 8c:be:be:4b:f8:f7 as associated
D/wpa_supplicant( 3171): wlan0: BSS: Start scan result update 430
D/wpa_supplicant( 3171): wlan0: BSS: Add new id 1129 BSSID 04:bd:88:4f:2a:60 SSID 'baojia.Autohome Inc.'
D/wpa_supplicant( 3171): CTRL_IFACE monitor sent successfully to /data/misc/wifi/sockets/wpa_ctrl_467-2\x00
D/wpa_supplicant( 3171): CTRL_IFACE monitor sent successfully to /data/misc/wifi/sockets/wpa_ctrl_1377-2\x00
D/wpa_supplicant( 3171): BSS: last_scan_res_used=83/128
D/wpa_supplicant( 3171): wlan0: Scan-only results received
D/wpa_supplicant( 3171): CTRL_IFACE monitor sent successfully to /data/misc/wifi/sockets/wpa_ctrl_467-2\x00
D/wpa_supplicant( 3171): CTRL_IFACE monitor sent successfully to /data/misc/wifi/sockets/wpa_ctrl_1377-2\x00
D/wpa_supplicant( 3171): wlan0: Radio work 'scan'@0x55b1327e20 done in 0.113780 seconds
D/wpa_supplicant( 3171): wlan0: Control interface command 'BSS RANGE=0- MASK=0x23987'
D/wpa_supplicant( 3171): wlan0: Control interface command 'BSS RANGE=492- MASK=0x23987'
D/wpa_supplicant( 3171): wlan0: Control interface command 'BSS RANGE=1087- MASK=0x23987'
I/ServiceManager( 3944): Waiting for service goodix.fp...
I/ServiceManager( 3944): Waiting for service goodix.fp...
I/SurfaceFlinger(  425): FPS: 1
I/subsystem_ramdump(17814): Usage:./system/bin/subsystem_ramdump [arg1] [arg2] [arg3]
I/subsystem_ramdump(17814): [arg1]: (1/2) Ramdump location: 1: eMMC: /data/ramdump or 2: SD card: /sdcard/ramdump
I/subsystem_ramdump(17814): [arg2]: (1/0) 1: Enable RPM log / 0: Disable RPM log
I/subsystem_ramdump(17814): [arg3]: (1/0) 1: Enable qdss ramdump / 0: Disable qdss ramdump
I/subsystem_ramdump(17814):  Using default ramdump location 1: eMMC: /data/ramdump
I/subsystem_ramdump(17814):  Using default 0: Disable RPM log
I/subsystem_ramdump(17814):  Using default 0: Disable qdss ramdump
E/subsystem_ramdump(17814): Unable to open /dev
E/subsystem_ramdump(17814): Failed to find pil ramdump
D/wpa_supplicant( 3171): wlan0: Control interface command 'SIGNAL_POLL'
I/ServiceManager( 3944): Waiting for service goodix.fp...
I/MSM-irqbalance(  841): Decided to move IRQ170 from CPU2 to CPU1
D/FingerGoodix( 3944): go into while FingerPrint,getFingerPrintService()
I/ServiceManager( 3944): Waiting for service goodix.fp...
I/ServiceManager( 3944): Waiting for service goodix.fp...
D/wpa_supplicant( 3171): wlan0: Control interface command 'SIGNAL_POLL'
I/SurfaceFlinger(  425): FPS: 1
I/ServiceManager( 3944): Waiting for service goodix.fp...
I/subsystem_ramdump(17816): Usage:./system/bin/subsystem_ramdump [arg1] [arg2] [arg3]
I/subsystem_ramdump(17816): [arg1]: (1/2) Ramdump location: 1: eMMC: /data/ramdump or 2: SD card: /sdcard/ramdump
I/subsystem_ramdump(17816): [arg2]: (1/0) 1: Enable RPM log / 0: Disable RPM log
I/subsystem_ramdump(17816): [arg3]: (1/0) 1: Enable qdss ramdump / 0: Disable qdss ramdump
I/subsystem_ramdump(17816):  Using default ramdump location 1: eMMC: /data/ramdump
I/subsystem_ramdump(17816):  Using default 0: Disable RPM log
I/subsystem_ramdump(17816):  Using default 0: Disable qdss ramdump
E/subsystem_ramdump(17816): Unable to open /dev
E/subsystem_ramdump(17816): Failed to find pil ramdump
I/ServiceManager( 3944): Waiting for service goodix.fp...
I/ServiceManager( 3944): Waiting for service goodix.fp...
I/MSM-irqbalance(  841): Decided to move IRQ130 from CPU3 to CPU1
D/wpa_supplicant( 3171): wlan0: Control interface command 'SIGNAL_POLL'
D/FingerGoodix( 3944): go into while FingerPrint,getFingerPrintService()
D/Ulp_jni ( 1377): Location CB invoked
I/ServiceManager( 3944): Waiting for service goodix.fp...
I/SurfaceFlinger(  425): FPS: 1
I/Atfwd_Sendcmd(17717): AtCmdFwd service not ready - Exhausted retry attempts - :6
I/Atfwd_Daemon(17717): result : -1 	 ,Init step :2 	 ,qmiErrorCode: 0
I/ServiceManager( 3944): Waiting for service goodix.fp...
D/wpa_supplicant( 3171): wlan0: Control interface command 'SIGNAL_POLL'
I/ServiceManager( 3944): Waiting for service goodix.fp...
I/subsystem_ramdump(17819): Usage:./system/bin/subsystem_ramdump [arg1] [arg2] [arg3]
I/subsystem_ramdump(17819): [arg1]: (1/2) Ramdump location: 1: eMMC: /data/ramdump or 2: SD card: /sdcard/ramdump
I/subsystem_ramdump(17819): [arg2]: (1/0) 1: Enable RPM log / 0: Disable RPM log
I/subsystem_ramdump(17819): [arg3]: (1/0) 1: Enable qdss ramdump / 0: Disable qdss ramdump
I/subsystem_ramdump(17819):  Using default ramdump location 1: eMMC: /data/ramdump
I/subsystem_ramdump(17819):  Using default 0: Disable RPM log
I/subsystem_ramdump(17819):  Using default 0: Disable qdss ramdump
E/subsystem_ramdump(17819): Unable to open /dev
E/subsystem_ramdump(17819): Failed to find pil ramdump
I/ServiceManager( 3944): Waiting for service goodix.fp...
I/MSM-irqbalance(  841): Decided to move IRQ104 from CPU3 to CPU1
I/ServiceManager( 3944): Waiting for service goodix.fp...
I/SurfaceFlinger(  425): FPS: 1
D/FingerGoodix( 3944): go into while FingerPrint,getFingerPrintService()
D/wpa_supplicant( 3171): wlan0: Control interface command 'SIGNAL_POLL'
I/ServiceManager( 3944): Waiting for service goodix.fp...
I/ServiceManager( 3944): Waiting for service goodix.fp...
I/subsystem_ramdump(17821): Usage:./system/bin/subsystem_ramdump [arg1] [arg2] [arg3]
I/subsystem_ramdump(17821): [arg1]: (1/2) Ramdump location: 1: eMMC: /data/ramdump or 2: SD card: /sdcard/ramdump
I/subsystem_ramdump(17821): [arg2]: (1/0) 1: Enable RPM log / 0: Disable RPM log
I/subsystem_ramdump(17821): [arg3]: (1/0) 1: Enable qdss ramdump / 0: Disable qdss ramdump
I/subsystem_ramdump(17821):  Using default ramdump location 1: eMMC: /data/ramdump
I/subsystem_ramdump(17821):  Using default 0: Disable RPM log
I/subsystem_ramdump(17821):  Using default 0: Disable qdss ramdump
E/subsystem_ramdump(17821): Unable to open /dev
E/subsystem_ramdump(17821): Failed to find pil ramdump
I/ServiceManager( 3944): Waiting for service goodix.fp...
D/wpa_supplicant( 3171): wlan0: Control interface command 'SIGNAL_POLL'
I/SurfaceFlinger(  425): FPS: 1
I/ServiceManager( 3944): Waiting for service goodix.fp...
E/WifiStateMachine( 1377): WifiStateMachine CMD_START_SCAN source 10032 txSuccessRate=0.00 rxSuccessRate=0.00 targetRoamBSSID=any RSSI=-46
D/wpa_supplicant( 3171): wlan0: Control interface command 'SCAN TYPE=ONLY'
D/wpa_supplicant( 3171): wlan0: Setting scan request: 0.000000 sec
D/wpa_supplicant( 3171): wlan0: Starting AP scan for wildcard SSID
D/wpa_supplicant( 3171): wlan0: Add radio work 'scan'@0x55b1325d80
D/wpa_supplicant( 3171): wlan0: First radio work item in the queue - schedule start immediately
D/wpa_supplicant( 3171): wlan0: Starting radio work 'scan'@0x55b1325d80 after 0.000049 second wait
D/wpa_supplicant( 3171): wlan0: nl80211: scan request
D/wpa_supplicant( 3171): Scan requested (ret=0) - scan timeout 30 seconds
D/wpa_supplicant( 3171): nl80211: Drv Event 33 (NL80211_CMD_TRIGGER_SCAN) received for wlan0
D/wpa_supplicant( 3171): wlan0: nl80211: Scan trigger
D/wpa_supplicant( 3171): wlan0: Event SCAN_STARTED (49) received
D/wpa_supplicant( 3171): wlan0: Own scan request started a scan in 0.000165 seconds
D/wpa_supplicant( 3171): CTRL_IFACE monitor sent successfully to /data/misc/wifi/sockets/wpa_ctrl_467-2\x00
D/wpa_supplicant( 3171): CTRL_IFACE monitor sent successfully to /data/misc/wifi/sockets/wpa_ctrl_1377-2\x00
I/WifiHAL ( 1377): Poll result = 1
I/WifiHAL ( 1377): Found some events!!!
D/WifiHAL ( 1377): no_seq_check received
I/WifiHAL ( 1377): event received NL80211_CMD_TRIGGER_SCAN
I/WifiHAL ( 1377): event received NL80211_CMD_TRIGGER_SCAN, vendor_id = 0x0
I/WifiHAL ( 1377): event ignored!!
I/MSM-irqbalance(  841): Decided to move IRQ177 from CPU3 to CPU1
I/ServiceManager( 3944): Waiting for service goodix.fp...
D/FingerGoodix( 3944): go into while FingerPrint,getFingerPrintService()
E/WifiStateMachine( 1377): WifiStateMachine CMD_START_SCAN source -2 txSuccessRate=0.00 rxSuccessRate=0.00 targetRoamBSSID=any RSSI=-46
E/WifiStateMachine( 1377): WifiStateMachine starting scan for "mtest"-WPA_PSK with 2412
D/wpa_supplicant( 3171): wlan0: Control interface command 'SCAN TYPE=ONLY freq=2412'
D/wpa_supplicant( 3171): Ongoing scan action - reject new request
I/ServiceManager(17717): Waiting for service AtCmdFwd...
I/WifiHAL ( 1377): Poll result = 1
I/WifiHAL ( 1377): Found some events!!!
D/WifiHAL ( 1377): no_seq_check received
I/WifiHAL ( 1377): event received NL80211_CMD_NEW_SCAN_RESULTS
I/WifiHAL ( 1377): event received NL80211_CMD_NEW_SCAN_RESULTS, vendor_id = 0x0
I/WifiHAL ( 1377): event ignored!!
D/wpa_supplicant( 3171): nl80211: Drv Event 34 (NL80211_CMD_NEW_SCAN_RESULTS) received for wlan0
D/wpa_supplicant( 3171): wlan0: nl80211: New scan results available
D/wpa_supplicant( 3171): nl80211: Scan included frequencies: 2412 2417 2422 2427 2432 2437 2442 2447 2452 2457 2462 2467 2472 5180 5200 5220 5240 5260 5280 5300 5320 5745 5765 5785 5805 5825
D/wpa_supplicant( 3171): wlan0: Event SCAN_RESULTS (3) received
D/wpa_supplicant( 3171): wlan0: Scan completed in 2.342515 seconds
D/wpa_supplicant( 3171): nl80211: Associated on 2412 MHz
D/wpa_supplicant( 3171): nl80211: Associated with 8c:be:be:4b:f8:f7
D/wpa_supplicant( 3171): nl80211: Received scan results (73 BSSes)
